========================================
JOB:       12002542
TASK:      11
ALGORITHM: fedavgm
PARTITION: alpha01
SEED:      42
GPU:       0
========================================
Device: cuda
GPU: NVIDIA A100-SXM4-80GB
Round 0 | test_loss=3.2142 test_acc=0.1000
Round 1 | selected=[96, 71, 8, 60, 41, 94, 68, 9, 19, 82]
Round 1 | train_loss=1.2547 train_acc=0.5820 test_loss=2.6721 test_acc=0.1094
Round 2 | selected=[75, 39, 34, 62, 81, 17, 40, 46, 54, 88]
Round 2 | train_loss=1.7570 train_acc=0.5790 test_loss=3.0545 test_acc=0.1307
Round 3 | selected=[66, 71, 25, 44, 34, 15, 58, 89, 95, 6]
Round 3 | train_loss=1.8581 train_acc=0.5792 test_loss=4.9631 test_acc=0.1371
Round 4 | selected=[93, 40, 70, 32, 63, 68, 35, 90, 14, 86]
Round 4 | train_loss=2.0245 train_acc=0.5946 test_loss=7.6250 test_acc=0.1485
Round 5 | selected=[70, 81, 20, 62, 89, 98, 41, 15, 52, 30]
Round 5 | train_loss=2.6457 train_acc=0.4802 test_loss=21.8031 test_acc=0.1250
Round 6 | selected=[63, 26, 0, 19, 22, 13, 59, 79, 99, 78]
Round 6 | train_loss=1.5935 train_acc=0.6234 test_loss=35.7639 test_acc=0.1000
Round 7 | selected=[23, 65, 52, 3, 42, 13, 47, 46, 10, 64]
Round 7 | train_loss=2.2312 train_acc=0.4704 test_loss=27.3432 test_acc=0.1137
Round 8 | selected=[33, 56, 28, 96, 27, 73, 50, 42, 21, 2]
Round 8 | train_loss=2.2503 train_acc=0.4400 test_loss=20.3328 test_acc=0.1500
Round 9 | selected=[76, 40, 66, 48, 83, 27, 53, 98, 62, 11]
Round 9 | train_loss=2.6438 train_acc=0.4230 test_loss=21.3664 test_acc=0.1000
Round 10 | selected=[15, 88, 49, 93, 8, 67, 65, 68, 43, 70]
Round 10 | train_loss=2.3238 train_acc=0.3858 test_loss=7.5808 test_acc=0.0756
Round 11 | selected=[33, 62, 8, 11, 57, 56, 91, 96, 98, 34]
Round 11 | train_loss=2.2535 train_acc=0.3842 test_loss=4.2538 test_acc=0.1168
Round 12 | selected=[70, 26, 66, 95, 7, 9, 42, 74, 24, 44]
Round 12 | train_loss=2.3650 train_acc=0.3810 test_loss=3.6639 test_acc=0.1530
Round 13 | selected=[47, 70, 65, 43, 99, 49, 1, 16, 72, 80]
Round 13 | train_loss=2.3311 train_acc=0.2388 test_loss=4.6353 test_acc=0.1083
Round 14 | selected=[37, 64, 3, 16, 31, 14, 18, 46, 67, 72]
Round 14 | train_loss=2.1259 train_acc=0.3080 test_loss=3.6122 test_acc=0.1114
Round 15 | selected=[55, 14, 2, 48, 56, 31, 41, 40, 93, 28]
Round 15 | train_loss=2.2091 train_acc=0.3368 test_loss=4.3932 test_acc=0.1241
Round 16 | selected=[53, 44, 54, 32, 25, 85, 14, 50, 93, 77]
Round 16 | train_loss=2.6361 train_acc=0.1272 test_loss=2.5790 test_acc=0.1075
Round 17 | selected=[99, 29, 49, 12, 52, 64, 65, 11, 10, 28]
Round 17 | train_loss=2.0453 train_acc=0.2568 test_loss=2.4314 test_acc=0.0993
Round 18 | selected=[21, 83, 30, 22, 13, 89, 97, 53, 3, 36]
Round 18 | train_loss=1.9071 train_acc=0.3068 test_loss=2.5296 test_acc=0.1099
Round 19 | selected=[52, 47, 4, 89, 94, 56, 17, 16, 24, 84]
Round 19 | train_loss=2.2178 train_acc=0.1924 test_loss=2.7886 test_acc=0.1142
Round 20 | selected=[49, 45, 20, 2, 76, 81, 33, 83, 10, 30]
Round 20 | train_loss=2.2535 train_acc=0.2400 test_loss=4.2890 test_acc=0.1589
Round 21 | selected=[98, 15, 22, 0, 11, 6, 3, 88, 86, 81]
Round 21 | train_loss=2.3194 train_acc=0.1160 test_loss=2.6991 test_acc=0.1484
Round 22 | selected=[48, 92, 30, 72, 47, 93, 42, 14, 91, 28]
Round 22 | train_loss=2.3834 train_acc=0.1286 test_loss=2.4943 test_acc=0.1064
Round 23 | selected=[86, 65, 85, 46, 19, 72, 55, 80, 40, 26]
Round 23 | train_loss=2.2465 train_acc=0.2898 test_loss=2.4513 test_acc=0.1012
Round 24 | selected=[91, 65, 7, 84, 49, 12, 47, 36, 28, 31]
Round 24 | train_loss=2.3045 train_acc=0.2382 test_loss=2.4236 test_acc=0.1000
Round 25 | selected=[13, 78, 9, 41, 0, 68, 72, 96, 95, 58]
Round 25 | train_loss=2.1510 train_acc=0.2298 test_loss=2.3275 test_acc=0.1005
Round 26 | selected=[71, 77, 46, 80, 24, 78, 27, 10, 62, 1]
Round 26 | train_loss=2.2466 train_acc=0.1732 test_loss=2.3195 test_acc=0.1036
Round 27 | selected=[26, 63, 86, 35, 40, 96, 37, 95, 88, 11]
Round 27 | train_loss=2.0937 train_acc=0.2900 test_loss=2.3604 test_acc=0.1120
Round 28 | selected=[35, 45, 88, 82, 6, 74, 57, 19, 9, 14]
Round 28 | train_loss=2.0897 train_acc=0.2826 test_loss=2.3880 test_acc=0.1115
Round 29 | selected=[2, 70, 93, 43, 11, 53, 14, 52, 5, 26]
Round 29 | train_loss=2.0631 train_acc=0.3142 test_loss=2.3351 test_acc=0.1245
Round 30 | selected=[92, 29, 98, 53, 70, 77, 84, 76, 47, 35]
Round 30 | train_loss=1.9960 train_acc=0.2654 test_loss=2.3100 test_acc=0.1578
Round 31 | selected=[4, 38, 89, 35, 0, 26, 88, 10, 51, 86]
Round 31 | train_loss=1.9241 train_acc=0.3644 test_loss=2.3360 test_acc=0.1225
Round 32 | selected=[22, 73, 56, 83, 93, 76, 98, 62, 30, 77]
Round 32 | train_loss=1.8244 train_acc=0.4420 test_loss=2.3593 test_acc=0.1168
Round 33 | selected=[24, 66, 36, 74, 77, 26, 62, 43, 78, 87]
Round 33 | train_loss=1.5655 train_acc=0.4636 test_loss=2.4557 test_acc=0.1149
Round 34 | selected=[69, 33, 23, 46, 36, 41, 31, 67, 17, 34]
Round 34 | train_loss=2.0160 train_acc=0.3402 test_loss=2.3121 test_acc=0.1410
Round 35 | selected=[19, 54, 46, 53, 79, 49, 89, 41, 62, 78]
Round 35 | train_loss=1.5522 train_acc=0.5218 test_loss=2.5387 test_acc=0.1163
Round 36 | selected=[12, 46, 80, 99, 59, 9, 86, 63, 91, 62]
Round 36 | train_loss=1.7219 train_acc=0.4058 test_loss=2.5475 test_acc=0.1316
Round 37 | selected=[55, 96, 73, 92, 77, 94, 42, 75, 37, 15]
Round 37 | train_loss=1.8831 train_acc=0.3908 test_loss=2.4060 test_acc=0.1400
Round 38 | selected=[72, 54, 15, 45, 11, 52, 0, 96, 51, 66]
Round 38 | train_loss=2.0159 train_acc=0.3874 test_loss=2.5444 test_acc=0.1289
Round 39 | selected=[76, 8, 93, 73, 64, 72, 68, 11, 47, 41]
Round 39 | train_loss=1.8776 train_acc=0.3972 test_loss=2.7859 test_acc=0.1494
Round 40 | selected=[51, 34, 15, 96, 30, 25, 74, 97, 69, 58]
Round 40 | train_loss=2.1831 train_acc=0.3330 test_loss=2.9456 test_acc=0.1485
Round 41 | selected=[87, 88, 46, 50, 34, 37, 74, 16, 13, 59]
Round 41 | train_loss=2.2570 train_acc=0.2214 test_loss=2.8338 test_acc=0.1496
Round 42 | selected=[3, 67, 57, 80, 59, 94, 45, 11, 54, 77]
Round 42 | train_loss=2.0569 train_acc=0.2588 test_loss=2.7384 test_acc=0.1471
Round 43 | selected=[88, 76, 1, 11, 40, 48, 71, 28, 53, 93]
Round 43 | train_loss=2.0979 train_acc=0.3066 test_loss=2.5436 test_acc=0.1411
Round 44 | selected=[2, 13, 63, 68, 92, 96, 61, 9, 97, 8]
Round 44 | train_loss=2.4180 train_acc=0.1252 test_loss=2.3662 test_acc=0.1341
Round 45 | selected=[99, 1, 0, 85, 3, 63, 27, 88, 73, 18]
Round 45 | train_loss=2.3417 train_acc=0.1602 test_loss=2.3908 test_acc=0.1477
Round 46 | selected=[22, 76, 98, 92, 5, 77, 62, 84, 11, 89]
Round 46 | train_loss=2.1147 train_acc=0.2560 test_loss=2.4177 test_acc=0.1361
Round 47 | selected=[70, 52, 50, 60, 15, 83, 46, 63, 8, 44]
Round 47 | train_loss=2.1912 train_acc=0.1804 test_loss=2.4697 test_acc=0.1441
Round 48 | selected=[21, 47, 59, 89, 0, 68, 56, 6, 5, 4]
Round 48 | train_loss=2.0960 train_acc=0.3110 test_loss=2.3076 test_acc=0.1438
Round 49 | selected=[34, 55, 75, 57, 62, 43, 24, 86, 90, 51]
Round 49 | train_loss=2.3496 train_acc=0.1948 test_loss=2.2512 test_acc=0.1572
Round 50 | selected=[23, 45, 60, 15, 69, 14, 63, 41, 50, 89]
Round 50 | train_loss=2.1483 train_acc=0.3098 test_loss=2.2663 test_acc=0.1489
Round 51 | selected=[96, 62, 8, 74, 57, 58, 41, 38, 40, 28]
Round 51 | train_loss=2.1195 train_acc=0.3188 test_loss=2.2516 test_acc=0.1539
Round 52 | selected=[9, 3, 27, 45, 38, 21, 44, 56, 35, 14]
Round 52 | train_loss=2.1847 train_acc=0.2810 test_loss=2.2604 test_acc=0.1447
Round 53 | selected=[61, 72, 31, 22, 52, 51, 41, 96, 18, 36]
Round 53 | train_loss=2.1879 train_acc=0.2024 test_loss=2.2907 test_acc=0.1609
Round 54 | selected=[67, 23, 48, 25, 38, 30, 50, 82, 45, 75]
Round 54 | train_loss=2.1342 train_acc=0.3156 test_loss=2.2724 test_acc=0.1897
Round 55 | selected=[6, 52, 30, 25, 70, 46, 16, 31, 7, 74]
Round 55 | train_loss=2.3150 train_acc=0.1204 test_loss=2.2691 test_acc=0.1923
Round 56 | selected=[94, 48, 13, 49, 62, 22, 55, 35, 11, 7]
Round 56 | train_loss=2.0081 train_acc=0.3248 test_loss=2.3459 test_acc=0.1621
Round 57 | selected=[68, 65, 20, 60, 52, 86, 74, 1, 35, 31]
Round 57 | train_loss=2.1505 train_acc=0.2690 test_loss=2.4168 test_acc=0.1304
Round 58 | selected=[44, 13, 84, 18, 49, 94, 62, 50, 78, 75]
Round 58 | train_loss=2.1757 train_acc=0.1518 test_loss=2.3270 test_acc=0.1310
Round 59 | selected=[91, 83, 4, 23, 62, 87, 17, 99, 28, 13]
Round 59 | train_loss=2.2277 train_acc=0.1218 test_loss=2.2435 test_acc=0.1588
Round 60 | selected=[81, 64, 22, 24, 79, 7, 80, 40, 54, 61]
Round 60 | train_loss=2.2671 train_acc=0.1278 test_loss=2.2169 test_acc=0.1737
Round 61 | selected=[46, 75, 68, 80, 86, 31, 51, 85, 94, 79]
Round 61 | train_loss=2.1216 train_acc=0.2546 test_loss=2.2178 test_acc=0.1673
Round 62 | selected=[79, 10, 50, 2, 30, 53, 46, 39, 49, 99]
Round 62 | train_loss=2.1929 train_acc=0.1524 test_loss=2.2568 test_acc=0.1751
Round 63 | selected=[14, 65, 59, 56, 30, 40, 2, 87, 23, 43]
Round 63 | train_loss=2.0908 train_acc=0.2742 test_loss=2.3568 test_acc=0.1731
Round 64 | selected=[73, 94, 89, 82, 98, 96, 45, 51, 57, 63]
Round 64 | train_loss=2.1499 train_acc=0.1940 test_loss=2.2722 test_acc=0.1729
Round 65 | selected=[46, 64, 93, 53, 41, 61, 75, 96, 98, 67]
Round 65 | train_loss=1.9939 train_acc=0.3252 test_loss=2.2160 test_acc=0.1795
Round 66 | selected=[75, 98, 31, 3, 0, 48, 11, 27, 94, 87]
Round 66 | train_loss=2.0459 train_acc=0.3734 test_loss=2.1873 test_acc=0.1812
Round 67 | selected=[25, 52, 51, 7, 90, 76, 82, 44, 59, 20]
Round 67 | train_loss=2.1438 train_acc=0.1574 test_loss=2.2270 test_acc=0.1902
Round 68 | selected=[39, 0, 73, 66, 72, 70, 83, 61, 93, 98]
Round 68 | train_loss=2.2486 train_acc=0.2040 test_loss=2.2945 test_acc=0.1470
Round 69 | selected=[40, 48, 88, 99, 65, 0, 2, 24, 75, 51]
Round 69 | train_loss=2.0966 train_acc=0.3222 test_loss=2.2915 test_acc=0.1288
Round 70 | selected=[68, 39, 11, 31, 84, 71, 57, 43, 28, 79]
Round 70 | train_loss=2.1389 train_acc=0.2316 test_loss=2.2754 test_acc=0.1202
Round 71 | selected=[29, 99, 39, 75, 61, 76, 50, 40, 66, 95]
Round 71 | train_loss=2.1130 train_acc=0.2090 test_loss=2.1963 test_acc=0.1783
Round 72 | selected=[21, 86, 10, 33, 48, 5, 36, 13, 54, 46]
Round 72 | train_loss=2.0349 train_acc=0.2440 test_loss=2.1875 test_acc=0.2009
Round 73 | selected=[75, 32, 87, 86, 95, 81, 58, 94, 42, 40]
Round 73 | train_loss=1.9103 train_acc=0.3614 test_loss=2.2051 test_acc=0.1868
Round 74 | selected=[28, 21, 58, 50, 61, 81, 94, 84, 29, 72]
Round 74 | train_loss=2.0802 train_acc=0.3708 test_loss=2.2089 test_acc=0.1798
Round 75 | selected=[80, 31, 77, 0, 5, 53, 57, 78, 26, 24]
Round 75 | train_loss=2.0513 train_acc=0.3318 test_loss=2.2311 test_acc=0.1695
Round 76 | selected=[31, 74, 94, 17, 55, 16, 83, 45, 25, 61]
Round 76 | train_loss=2.1448 train_acc=0.2874 test_loss=2.3136 test_acc=0.1672
Round 77 | selected=[24, 70, 5, 28, 87, 3, 90, 4, 12, 9]
Round 77 | train_loss=2.1098 train_acc=0.2384 test_loss=2.2901 test_acc=0.1476
Round 78 | selected=[5, 74, 4, 36, 78, 87, 59, 44, 69, 10]
Round 78 | train_loss=2.0805 train_acc=0.2504 test_loss=2.2361 test_acc=0.1656
Round 79 | selected=[48, 15, 27, 10, 0, 96, 49, 81, 38, 26]
Round 79 | train_loss=2.1497 train_acc=0.1864 test_loss=2.2512 test_acc=0.1568
Round 80 | selected=[94, 56, 67, 23, 84, 87, 21, 33, 46, 29]
Round 80 | train_loss=1.9186 train_acc=0.3080 test_loss=2.2758 test_acc=0.1651
Round 81 | selected=[17, 30, 14, 4, 2, 57, 65, 13, 91, 78]
Round 81 | train_loss=2.1781 train_acc=0.1870 test_loss=2.2490 test_acc=0.1600
Round 82 | selected=[95, 43, 54, 49, 84, 67, 8, 57, 22, 56]
Round 82 | train_loss=2.0737 train_acc=0.2084 test_loss=2.2683 test_acc=0.1425
Round 83 | selected=[54, 78, 23, 44, 88, 94, 27, 90, 95, 60]
Round 83 | train_loss=2.1254 train_acc=0.2450 test_loss=2.3000 test_acc=0.1350
Round 84 | selected=[20, 27, 40, 31, 10, 55, 49, 82, 62, 72]
Round 84 | train_loss=2.2306 train_acc=0.1568 test_loss=2.2850 test_acc=0.1368
Round 85 | selected=[31, 12, 93, 78, 80, 28, 59, 89, 70, 66]
Round 85 | train_loss=2.0006 train_acc=0.3116 test_loss=2.2542 test_acc=0.1763
Round 86 | selected=[90, 73, 1, 11, 0, 15, 47, 94, 25, 55]
Round 86 | train_loss=1.9975 train_acc=0.4210 test_loss=2.1853 test_acc=0.1699
Round 87 | selected=[59, 4, 58, 37, 69, 26, 17, 44, 15, 49]
Round 87 | train_loss=2.0125 train_acc=0.2538 test_loss=2.1472 test_acc=0.1835
Round 88 | selected=[54, 14, 60, 24, 21, 98, 18, 79, 83, 80]
Round 88 | train_loss=2.0805 train_acc=0.2046 test_loss=2.1151 test_acc=0.1968
Round 89 | selected=[14, 69, 1, 89, 40, 93, 92, 66, 50, 24]
Round 89 | train_loss=1.9528 train_acc=0.3196 test_loss=2.1024 test_acc=0.1948
Round 90 | selected=[35, 36, 80, 15, 64, 45, 95, 26, 14, 60]
Round 90 | train_loss=1.8719 train_acc=0.3842 test_loss=2.1199 test_acc=0.1867
Round 91 | selected=[81, 51, 43, 61, 40, 68, 37, 84, 62, 31]
Round 91 | train_loss=1.8379 train_acc=0.3506 test_loss=2.1522 test_acc=0.1809
Round 92 | selected=[82, 49, 0, 77, 71, 9, 98, 95, 65, 84]
Round 92 | train_loss=2.0360 train_acc=0.1844 test_loss=2.2068 test_acc=0.1703
Round 93 | selected=[34, 66, 59, 60, 31, 73, 86, 83, 99, 37]
Round 93 | train_loss=2.0336 train_acc=0.2376 test_loss=2.3500 test_acc=0.1879
Round 94 | selected=[33, 35, 75, 31, 38, 12, 42, 34, 18, 6]
Round 94 | train_loss=1.7928 train_acc=0.4212 test_loss=2.3355 test_acc=0.1836
Round 95 | selected=[33, 55, 84, 47, 43, 18, 27, 70, 9, 20]
Round 95 | train_loss=2.0969 train_acc=0.2538 test_loss=2.2537 test_acc=0.1791
Round 96 | selected=[66, 91, 63, 8, 23, 88, 4, 49, 44, 0]
Round 96 | train_loss=2.0683 train_acc=0.3064 test_loss=2.1956 test_acc=0.2099
Round 97 | selected=[7, 92, 70, 94, 34, 98, 9, 93, 82, 58]
Round 97 | train_loss=2.0594 train_acc=0.2920 test_loss=2.1423 test_acc=0.2199
Round 98 | selected=[45, 25, 50, 51, 8, 37, 57, 16, 76, 68]
Round 98 | train_loss=1.8492 train_acc=0.3668 test_loss=2.1288 test_acc=0.2186
Round 99 | selected=[72, 75, 20, 92, 10, 34, 77, 38, 4, 2]
Round 99 | train_loss=1.7202 train_acc=0.4246 test_loss=2.1563 test_acc=0.2136
Round 100 | selected=[16, 40, 17, 58, 18, 44, 24, 62, 6, 78]
Round 100 | train_loss=1.7226 train_acc=0.4322 test_loss=2.2491 test_acc=0.1565
Round 101 | selected=[31, 3, 23, 28, 66, 91, 95, 94, 15, 48]
Round 101 | train_loss=2.2039 train_acc=0.2274 test_loss=2.2698 test_acc=0.1406
Round 102 | selected=[35, 49, 36, 41, 98, 12, 34, 77, 48, 18]
Round 102 | train_loss=1.9528 train_acc=0.2840 test_loss=2.2934 test_acc=0.1123
Round 103 | selected=[2, 36, 19, 23, 98, 91, 83, 11, 15, 87]
Round 103 | train_loss=1.9406 train_acc=0.3316 test_loss=2.2569 test_acc=0.1206
Round 104 | selected=[17, 48, 37, 73, 78, 79, 13, 60, 80, 93]
Round 104 | train_loss=1.8454 train_acc=0.2178 test_loss=2.1628 test_acc=0.1626
Round 105 | selected=[84, 62, 59, 73, 5, 74, 96, 79, 31, 63]
Round 105 | train_loss=1.8108 train_acc=0.3250 test_loss=2.1366 test_acc=0.1762
Round 106 | selected=[94, 6, 0, 38, 92, 45, 84, 79, 26, 50]
Round 106 | train_loss=1.8166 train_acc=0.3678 test_loss=2.0906 test_acc=0.1935
Round 107 | selected=[64, 44, 59, 38, 29, 68, 96, 65, 94, 58]
Round 107 | train_loss=1.9466 train_acc=0.3416 test_loss=2.0995 test_acc=0.1969
Round 108 | selected=[90, 3, 61, 88, 94, 43, 54, 74, 78, 28]
Round 108 | train_loss=1.8646 train_acc=0.3266 test_loss=2.0999 test_acc=0.1995
Round 109 | selected=[66, 32, 88, 56, 70, 39, 34, 69, 38, 87]
Round 109 | train_loss=1.7757 train_acc=0.3932 test_loss=2.1091 test_acc=0.1965
Round 110 | selected=[37, 38, 42, 12, 25, 65, 82, 44, 31, 58]
Round 110 | train_loss=1.9442 train_acc=0.2516 test_loss=2.0778 test_acc=0.2067
Round 111 | selected=[15, 74, 98, 18, 84, 95, 80, 30, 91, 24]
Round 111 | train_loss=1.8461 train_acc=0.3502 test_loss=2.0754 test_acc=0.2337
Round 112 | selected=[62, 53, 25, 91, 71, 85, 86, 54, 19, 94]
Round 112 | train_loss=1.6575 train_acc=0.4592 test_loss=2.1241 test_acc=0.2212
Round 113 | selected=[66, 5, 49, 29, 53, 67, 42, 2, 91, 38]
Round 113 | train_loss=1.7699 train_acc=0.4498 test_loss=2.1951 test_acc=0.2052
Round 114 | selected=[85, 44, 94, 30, 48, 77, 82, 79, 69, 52]
Round 114 | train_loss=1.9207 train_acc=0.2734 test_loss=2.2833 test_acc=0.2092
Round 115 | selected=[28, 96, 74, 87, 76, 23, 91, 71, 1, 77]
Round 115 | train_loss=2.1818 train_acc=0.1952 test_loss=2.2330 test_acc=0.1981
Round 116 | selected=[55, 65, 97, 26, 34, 28, 43, 39, 23, 21]
Round 116 | train_loss=1.7589 train_acc=0.5054 test_loss=2.1811 test_acc=0.2108
Round 117 | selected=[13, 12, 22, 75, 41, 11, 67, 59, 78, 73]
Round 117 | train_loss=1.7212 train_acc=0.3834 test_loss=2.1721 test_acc=0.1904
Round 118 | selected=[88, 6, 38, 82, 57, 62, 93, 95, 27, 36]
Round 118 | train_loss=1.7374 train_acc=0.3802 test_loss=2.2353 test_acc=0.1708
Round 119 | selected=[10, 16, 97, 41, 78, 15, 50, 55, 54, 66]
Round 119 | train_loss=1.8526 train_acc=0.3700 test_loss=2.3358 test_acc=0.1893
Round 120 | selected=[11, 65, 94, 90, 70, 96, 2, 32, 48, 9]
Round 120 | train_loss=1.8453 train_acc=0.3434 test_loss=2.3572 test_acc=0.1630
Round 121 | selected=[92, 41, 80, 69, 87, 64, 79, 32, 30, 74]
Round 121 | train_loss=1.8791 train_acc=0.3782 test_loss=2.2576 test_acc=0.1684
Round 122 | selected=[83, 15, 9, 30, 24, 31, 53, 81, 13, 87]
Round 122 | train_loss=2.0438 train_acc=0.2418 test_loss=2.2465 test_acc=0.1861
Round 123 | selected=[3, 80, 62, 9, 32, 33, 72, 16, 71, 77]
Round 123 | train_loss=2.0581 train_acc=0.2732 test_loss=2.1892 test_acc=0.1790
Round 124 | selected=[52, 8, 74, 25, 71, 32, 39, 37, 3, 57]
Round 124 | train_loss=1.8916 train_acc=0.3242 test_loss=2.1508 test_acc=0.1835
Round 125 | selected=[8, 58, 93, 72, 61, 37, 11, 75, 20, 19]
Round 125 | train_loss=1.7383 train_acc=0.3924 test_loss=2.1492 test_acc=0.1813
Round 126 | selected=[62, 92, 78, 90, 12, 17, 43, 89, 18, 38]
Round 126 | train_loss=1.7467 train_acc=0.3568 test_loss=2.1815 test_acc=0.1947
Round 127 | selected=[99, 60, 0, 70, 43, 73, 23, 88, 55, 27]
Round 127 | train_loss=1.8815 train_acc=0.3108 test_loss=2.1889 test_acc=0.1907
Round 128 | selected=[27, 25, 54, 40, 10, 45, 34, 24, 58, 75]
Round 128 | train_loss=1.9408 train_acc=0.3022 test_loss=2.1654 test_acc=0.1916
Round 129 | selected=[41, 35, 0, 64, 53, 6, 81, 60, 28, 14]
Round 129 | train_loss=2.0347 train_acc=0.2094 test_loss=2.1791 test_acc=0.2067
Round 130 | selected=[46, 90, 81, 34, 80, 8, 78, 5, 45, 43]
Round 130 | train_loss=1.7309 train_acc=0.3694 test_loss=2.1325 test_acc=0.2250
Round 131 | selected=[40, 94, 19, 81, 7, 13, 38, 9, 17, 50]
Round 131 | train_loss=2.1472 train_acc=0.1456 test_loss=2.1038 test_acc=0.2331
Round 132 | selected=[87, 24, 31, 57, 98, 78, 40, 32, 19, 3]
Round 132 | train_loss=2.1148 train_acc=0.3082 test_loss=2.0662 test_acc=0.2213
Round 133 | selected=[72, 91, 97, 10, 18, 52, 37, 80, 68, 11]
Round 133 | train_loss=1.6484 train_acc=0.4446 test_loss=2.0795 test_acc=0.2053
Round 134 | selected=[78, 86, 16, 7, 96, 88, 53, 93, 32, 76]
Round 134 | train_loss=2.1200 train_acc=0.2284 test_loss=2.1437 test_acc=0.1593
Round 135 | selected=[30, 97, 21, 43, 53, 12, 62, 72, 10, 18]
Round 135 | train_loss=1.6366 train_acc=0.3992 test_loss=2.1433 test_acc=0.1784
Round 136 | selected=[38, 76, 39, 88, 73, 71, 90, 77, 58, 35]
Round 136 | train_loss=1.8422 train_acc=0.3116 test_loss=2.1697 test_acc=0.2110
Round 137 | selected=[34, 37, 31, 9, 52, 6, 33, 92, 51, 30]
Round 137 | train_loss=1.7203 train_acc=0.4650 test_loss=2.2431 test_acc=0.1353
Round 138 | selected=[69, 97, 70, 24, 50, 91, 80, 18, 51, 95]
Round 138 | train_loss=1.6983 train_acc=0.3582 test_loss=2.2453 test_acc=0.1449
Round 139 | selected=[84, 92, 98, 59, 54, 85, 3, 9, 0, 68]
Round 139 | train_loss=1.8630 train_acc=0.2918 test_loss=2.1669 test_acc=0.1839
Round 140 | selected=[76, 0, 91, 18, 45, 42, 54, 43, 88, 32]
Round 140 | train_loss=1.4309 train_acc=0.5250 test_loss=2.2856 test_acc=0.1729
Round 141 | selected=[39, 7, 20, 46, 13, 51, 71, 23, 96, 94]
Round 141 | train_loss=1.8996 train_acc=0.3062 test_loss=2.1076 test_acc=0.1973
Round 142 | selected=[36, 48, 34, 10, 23, 9, 55, 77, 46, 63]
Round 142 | train_loss=1.7664 train_acc=0.3230 test_loss=2.1145 test_acc=0.2038
Round 143 | selected=[74, 6, 10, 21, 81, 80, 69, 11, 30, 27]
Round 143 | train_loss=1.9221 train_acc=0.2512 test_loss=2.0635 test_acc=0.2153
Round 144 | selected=[15, 61, 53, 13, 63, 77, 36, 58, 10, 62]
Round 144 | train_loss=1.6912 train_acc=0.4026 test_loss=2.0492 test_acc=0.2154
Round 145 | selected=[94, 19, 9, 40, 52, 17, 49, 32, 92, 45]
Round 145 | train_loss=1.8403 train_acc=0.3126 test_loss=2.0227 test_acc=0.2183
Round 146 | selected=[58, 81, 40, 79, 41, 20, 3, 35, 33, 12]
Round 146 | train_loss=1.8548 train_acc=0.3380 test_loss=2.1261 test_acc=0.2069
Round 147 | selected=[91, 75, 4, 84, 36, 30, 49, 48, 27, 83]
Round 147 | train_loss=1.7979 train_acc=0.2570 test_loss=2.1118 test_acc=0.2049
Round 148 | selected=[38, 53, 67, 98, 81, 44, 85, 77, 6, 48]
Round 148 | train_loss=1.9107 train_acc=0.2148 test_loss=2.1266 test_acc=0.1829
Round 149 | selected=[8, 99, 18, 12, 69, 92, 83, 64, 53, 88]
Round 149 | train_loss=1.6881 train_acc=0.3994 test_loss=2.1199 test_acc=0.1749
Round 150 | selected=[96, 92, 72, 27, 51, 50, 43, 36, 87, 21]
Round 150 | train_loss=1.6695 train_acc=0.3800 test_loss=2.0108 test_acc=0.2306
Round 151 | selected=[10, 8, 76, 44, 7, 17, 68, 55, 71, 36]
Round 151 | train_loss=1.7675 train_acc=0.3810 test_loss=2.0367 test_acc=0.2141
Round 152 | selected=[20, 50, 90, 36, 65, 92, 76, 26, 18, 87]
Round 152 | train_loss=1.6744 train_acc=0.4232 test_loss=2.1775 test_acc=0.1874
Round 153 | selected=[13, 65, 62, 92, 53, 25, 87, 34, 17, 52]
Round 153 | train_loss=1.6863 train_acc=0.2858 test_loss=2.1752 test_acc=0.2166
Round 154 | selected=[43, 45, 11, 21, 86, 8, 32, 10, 39, 62]
Round 154 | train_loss=1.3558 train_acc=0.4938 test_loss=2.1046 test_acc=0.2256
Round 155 | selected=[17, 79, 56, 61, 64, 16, 29, 22, 15, 42]
Round 155 | train_loss=1.7950 train_acc=0.3132 test_loss=2.0847 test_acc=0.2250
Round 156 | selected=[96, 43, 3, 54, 94, 46, 91, 49, 9, 27]
Round 156 | train_loss=1.9059 train_acc=0.3794 test_loss=2.1011 test_acc=0.2098
Round 157 | selected=[4, 61, 99, 98, 22, 54, 59, 21, 68, 66]
Round 157 | train_loss=1.6339 train_acc=0.4136 test_loss=2.1373 test_acc=0.2334
Round 158 | selected=[74, 66, 70, 94, 44, 19, 60, 86, 41, 63]
Round 158 | train_loss=1.7555 train_acc=0.2980 test_loss=2.1360 test_acc=0.2270
Round 159 | selected=[56, 50, 40, 65, 88, 36, 79, 34, 61, 84]
Round 159 | train_loss=1.7143 train_acc=0.3750 test_loss=2.2005 test_acc=0.2273
Round 160 | selected=[35, 73, 93, 72, 59, 88, 22, 11, 10, 18]
Round 160 | train_loss=1.7394 train_acc=0.3788 test_loss=2.4987 test_acc=0.1906
Round 161 | selected=[99, 84, 35, 49, 74, 17, 30, 70, 26, 16]
Round 161 | train_loss=1.9343 train_acc=0.2912 test_loss=2.3862 test_acc=0.2025
Round 162 | selected=[81, 53, 14, 67, 28, 12, 22, 69, 35, 24]
Round 162 | train_loss=1.5976 train_acc=0.5072 test_loss=2.1106 test_acc=0.2492
Round 163 | selected=[23, 18, 32, 77, 41, 17, 35, 99, 26, 40]
Round 163 | train_loss=1.6780 train_acc=0.5184 test_loss=2.1500 test_acc=0.2274
Round 164 | selected=[25, 1, 68, 42, 28, 12, 86, 16, 29, 34]
Round 164 | train_loss=1.7238 train_acc=0.3644 test_loss=2.1425 test_acc=0.2280
Round 165 | selected=[60, 59, 57, 81, 45, 2, 95, 94, 88, 43]
Round 165 | train_loss=1.6064 train_acc=0.4026 test_loss=2.1518 test_acc=0.2260
Round 166 | selected=[44, 53, 46, 56, 93, 1, 97, 39, 76, 47]
Round 166 | train_loss=1.9418 train_acc=0.2622 test_loss=2.1541 test_acc=0.1976
Round 167 | selected=[11, 6, 87, 71, 15, 63, 31, 83, 93, 78]
Round 167 | train_loss=1.6439 train_acc=0.4348 test_loss=2.1248 test_acc=0.1698
Round 168 | selected=[16, 91, 28, 57, 74, 51, 19, 21, 20, 31]
Round 168 | train_loss=1.8689 train_acc=0.3366 test_loss=2.0345 test_acc=0.1766
Round 169 | selected=[99, 16, 61, 91, 94, 77, 21, 68, 17, 25]
Round 169 | train_loss=1.8385 train_acc=0.2798 test_loss=2.0372 test_acc=0.1845
Round 170 | selected=[25, 52, 0, 31, 69, 96, 94, 42, 41, 89]
Round 170 | train_loss=1.6645 train_acc=0.4184 test_loss=2.0488 test_acc=0.1828
Round 171 | selected=[87, 3, 76, 35, 95, 54, 0, 97, 19, 62]
Round 171 | train_loss=1.6034 train_acc=0.3896 test_loss=2.0240 test_acc=0.2057
Round 172 | selected=[35, 31, 16, 56, 69, 18, 22, 19, 14, 94]
Round 172 | train_loss=1.8184 train_acc=0.3296 test_loss=2.0462 test_acc=0.1903
Round 173 | selected=[15, 61, 38, 90, 97, 7, 95, 12, 23, 24]
Round 173 | train_loss=1.7001 train_acc=0.4288 test_loss=2.1723 test_acc=0.2092
Round 174 | selected=[97, 17, 18, 22, 37, 15, 78, 28, 44, 21]
Round 174 | train_loss=1.6796 train_acc=0.4540 test_loss=2.1858 test_acc=0.2185
Round 175 | selected=[22, 48, 12, 39, 38, 84, 25, 2, 88, 90]
Round 175 | train_loss=1.5410 train_acc=0.4762 test_loss=2.2379 test_acc=0.2035
Round 176 | selected=[83, 36, 24, 14, 7, 58, 82, 71, 87, 19]
Round 176 | train_loss=1.9720 train_acc=0.2828 test_loss=2.2126 test_acc=0.1925
Round 177 | selected=[74, 91, 11, 10, 56, 69, 15, 48, 12, 72]
Round 177 | train_loss=1.6290 train_acc=0.5148 test_loss=2.1574 test_acc=0.1911
Round 178 | selected=[74, 30, 69, 14, 96, 23, 58, 27, 11, 40]
Round 178 | train_loss=1.6755 train_acc=0.4106 test_loss=2.3455 test_acc=0.1516
Round 179 | selected=[23, 25, 28, 87, 73, 52, 70, 74, 84, 66]
Round 179 | train_loss=1.9465 train_acc=0.2128 test_loss=2.1629 test_acc=0.1812
Round 180 | selected=[46, 34, 64, 61, 36, 91, 33, 83, 14, 7]
Round 180 | train_loss=1.9121 train_acc=0.2470 test_loss=2.0750 test_acc=0.2293
Round 181 | selected=[47, 77, 57, 94, 35, 86, 30, 72, 46, 55]
Round 181 | train_loss=1.8729 train_acc=0.3708 test_loss=2.0763 test_acc=0.2202
Round 182 | selected=[87, 31, 88, 69, 55, 2, 42, 75, 60, 20]
Round 182 | train_loss=1.4164 train_acc=0.5116 test_loss=2.2157 test_acc=0.1754
Round 183 | selected=[38, 88, 76, 53, 34, 82, 25, 36, 73, 4]
Round 183 | train_loss=1.8691 train_acc=0.2586 test_loss=2.2385 test_acc=0.1651
Round 184 | selected=[22, 23, 39, 72, 37, 2, 48, 76, 75, 34]
Round 184 | train_loss=1.5215 train_acc=0.4448 test_loss=2.2054 test_acc=0.2093
Round 185 | selected=[43, 5, 42, 88, 30, 61, 11, 9, 19, 1]
Round 185 | train_loss=1.6378 train_acc=0.3700 test_loss=2.1597 test_acc=0.2313
Round 186 | selected=[29, 87, 63, 79, 32, 81, 16, 88, 15, 83]
Round 186 | train_loss=2.0278 train_acc=0.2410 test_loss=2.1874 test_acc=0.1958
Round 187 | selected=[77, 2, 50, 8, 56, 6, 71, 12, 79, 7]
Round 187 | train_loss=1.7022 train_acc=0.3808 test_loss=2.2347 test_acc=0.1404
Round 188 | selected=[32, 38, 45, 16, 66, 64, 98, 41, 42, 6]
Round 188 | train_loss=1.5854 train_acc=0.4528 test_loss=2.2133 test_acc=0.1367
Round 189 | selected=[7, 62, 61, 82, 64, 87, 30, 85, 76, 88]
Round 189 | train_loss=1.6298 train_acc=0.3920 test_loss=2.2152 test_acc=0.1678
Round 190 | selected=[32, 23, 97, 52, 61, 26, 44, 27, 90, 53]
Round 190 | train_loss=1.8429 train_acc=0.3320 test_loss=2.1744 test_acc=0.1864
Round 191 | selected=[40, 62, 50, 42, 4, 71, 6, 43, 56, 8]
Round 191 | train_loss=1.2498 train_acc=0.5908 test_loss=2.3089 test_acc=0.1777
Round 192 | selected=[75, 3, 42, 92, 72, 50, 49, 52, 8, 45]
Round 192 | train_loss=1.6355 train_acc=0.3834 test_loss=2.1315 test_acc=0.1963
Round 193 | selected=[90, 64, 67, 11, 47, 49, 92, 50, 38, 6]
Round 193 | train_loss=1.7768 train_acc=0.2642 test_loss=1.9440 test_acc=0.2119
Round 194 | selected=[0, 36, 13, 20, 39, 16, 42, 56, 9, 63]
Round 194 | train_loss=1.6741 train_acc=0.3750 test_loss=1.9265 test_acc=0.2303
Round 195 | selected=[39, 38, 31, 18, 86, 9, 60, 89, 64, 15]
Round 195 | train_loss=1.8838 train_acc=0.2670 test_loss=1.9595 test_acc=0.2273
Round 196 | selected=[45, 34, 96, 79, 22, 14, 80, 72, 46, 70]
Round 196 | train_loss=1.7199 train_acc=0.3302 test_loss=1.9275 test_acc=0.2410
Round 197 | selected=[10, 39, 70, 0, 61, 32, 84, 93, 91, 49]
Round 197 | train_loss=1.8423 train_acc=0.2456 test_loss=1.9880 test_acc=0.2244
Round 198 | selected=[88, 22, 87, 57, 79, 42, 93, 96, 40, 91]
Round 198 | train_loss=1.6832 train_acc=0.3208 test_loss=2.0290 test_acc=0.2338
Round 199 | selected=[38, 52, 78, 33, 64, 32, 41, 93, 58, 71]
Round 199 | train_loss=1.7259 train_acc=0.3934 test_loss=2.0646 test_acc=0.2402
Round 200 | selected=[95, 31, 52, 20, 92, 11, 2, 16, 70, 9]
Round 200 | train_loss=1.7645 train_acc=0.3444 test_loss=2.1374 test_acc=0.2307
Round 201 | selected=[51, 9, 15, 53, 84, 60, 2, 81, 94, 74]
Round 201 | train_loss=1.6366 train_acc=0.4454 test_loss=2.2053 test_acc=0.2248
Round 202 | selected=[87, 33, 16, 1, 81, 51, 57, 68, 54, 11]
Round 202 | train_loss=1.9580 train_acc=0.2748 test_loss=2.1815 test_acc=0.2150
Round 203 | selected=[46, 35, 76, 53, 91, 89, 87, 28, 81, 97]
Round 203 | train_loss=1.8433 train_acc=0.3078 test_loss=2.1750 test_acc=0.2581
Round 204 | selected=[97, 40, 51, 52, 61, 59, 1, 23, 29, 76]
Round 204 | train_loss=1.8445 train_acc=0.2782 test_loss=2.1917 test_acc=0.2428
Round 205 | selected=[16, 55, 41, 44, 82, 3, 21, 98, 22, 63]
Round 205 | train_loss=1.9081 train_acc=0.2574 test_loss=2.1777 test_acc=0.2084
Round 206 | selected=[1, 87, 84, 28, 98, 49, 48, 99, 92, 97]
Round 206 | train_loss=1.6372 train_acc=0.4940 test_loss=2.1813 test_acc=0.1849
Round 207 | selected=[60, 41, 71, 6, 47, 79, 7, 5, 58, 91]
Round 207 | train_loss=1.9412 train_acc=0.2116 test_loss=2.0767 test_acc=0.2241
Round 208 | selected=[53, 49, 30, 96, 44, 78, 66, 69, 16, 92]
Round 208 | train_loss=1.8836 train_acc=0.3586 test_loss=2.0411 test_acc=0.2111
Round 209 | selected=[93, 66, 85, 55, 21, 49, 70, 42, 88, 9]
Round 209 | train_loss=1.7442 train_acc=0.3648 test_loss=2.0282 test_acc=0.1997
Round 210 | selected=[53, 8, 65, 45, 11, 23, 14, 61, 95, 84]
Round 210 | train_loss=1.6762 train_acc=0.4318 test_loss=2.0124 test_acc=0.1950
Round 211 | selected=[13, 72, 2, 69, 32, 48, 52, 68, 82, 26]
Round 211 | train_loss=1.7919 train_acc=0.3014 test_loss=1.9841 test_acc=0.2284
Round 212 | selected=[27, 46, 18, 26, 82, 15, 64, 10, 32, 13]
Round 212 | train_loss=1.6834 train_acc=0.4458 test_loss=2.0252 test_acc=0.2357
Round 213 | selected=[67, 3, 26, 38, 62, 41, 25, 50, 61, 49]
Round 213 | train_loss=1.5131 train_acc=0.5274 test_loss=1.9578 test_acc=0.2623
Round 214 | selected=[78, 84, 0, 42, 93, 22, 98, 37, 30, 73]
Round 214 | train_loss=1.3801 train_acc=0.5526 test_loss=1.9395 test_acc=0.2802
Round 215 | selected=[77, 94, 68, 9, 92, 80, 32, 38, 75, 2]
Round 215 | train_loss=1.3703 train_acc=0.5206 test_loss=1.9356 test_acc=0.2686
Round 216 | selected=[35, 4, 44, 92, 57, 86, 95, 24, 93, 70]
Round 216 | train_loss=1.5707 train_acc=0.4234 test_loss=1.8923 test_acc=0.2605
Round 217 | selected=[14, 31, 79, 97, 0, 41, 47, 7, 48, 9]
Round 217 | train_loss=1.6622 train_acc=0.4030 test_loss=1.9189 test_acc=0.2215
Round 218 | selected=[24, 73, 4, 46, 8, 72, 41, 0, 92, 52]
Round 218 | train_loss=1.5327 train_acc=0.4344 test_loss=1.9274 test_acc=0.2368
Round 219 | selected=[82, 11, 26, 14, 83, 39, 38, 41, 32, 53]
Round 219 | train_loss=1.5028 train_acc=0.5218 test_loss=2.0040 test_acc=0.2182
Round 220 | selected=[67, 35, 66, 44, 51, 17, 49, 37, 64, 18]
Round 220 | train_loss=1.6118 train_acc=0.3928 test_loss=2.0269 test_acc=0.2165
Round 221 | selected=[20, 33, 25, 90, 9, 4, 59, 54, 80, 5]
Round 221 | train_loss=1.5122 train_acc=0.4814 test_loss=1.9264 test_acc=0.2755
Round 222 | selected=[22, 21, 92, 88, 32, 12, 69, 28, 62, 78]
Round 222 | train_loss=1.1635 train_acc=0.6334 test_loss=1.8957 test_acc=0.2907
Round 223 | selected=[10, 51, 17, 78, 14, 61, 75, 44, 47, 48]
Round 223 | train_loss=1.5878 train_acc=0.4336 test_loss=1.9885 test_acc=0.2742
Round 224 | selected=[79, 9, 34, 99, 26, 3, 22, 31, 27, 69]
Round 224 | train_loss=1.5481 train_acc=0.4740 test_loss=2.0310 test_acc=0.2402
Round 225 | selected=[8, 19, 74, 28, 56, 21, 99, 29, 59, 2]
Round 225 | train_loss=1.5772 train_acc=0.4502 test_loss=2.0297 test_acc=0.2229
Round 226 | selected=[71, 80, 12, 68, 70, 6, 45, 43, 86, 16]
Round 226 | train_loss=1.4483 train_acc=0.4650 test_loss=2.0119 test_acc=0.2317
Round 227 | selected=[91, 84, 13, 41, 72, 3, 64, 8, 99, 26]
Round 227 | train_loss=1.4142 train_acc=0.5806 test_loss=1.9475 test_acc=0.2406
Round 228 | selected=[69, 4, 39, 64, 8, 46, 81, 92, 44, 25]
Round 228 | train_loss=1.4683 train_acc=0.5292 test_loss=1.8959 test_acc=0.2599
Round 229 | selected=[41, 49, 82, 96, 31, 78, 40, 5, 85, 71]
Round 229 | train_loss=1.5977 train_acc=0.4164 test_loss=1.8610 test_acc=0.2798
Round 230 | selected=[45, 50, 38, 24, 51, 92, 96, 0, 78, 65]
Round 230 | train_loss=1.4063 train_acc=0.4894 test_loss=1.9963 test_acc=0.2457
Round 231 | selected=[28, 56, 50, 16, 30, 25, 76, 21, 15, 92]
Round 231 | train_loss=1.4898 train_acc=0.5116 test_loss=2.0793 test_acc=0.2397
Round 232 | selected=[6, 99, 28, 25, 16, 48, 75, 54, 1, 49]
Round 232 | train_loss=1.5597 train_acc=0.4586 test_loss=2.1098 test_acc=0.2393
Round 233 | selected=[55, 46, 15, 29, 11, 31, 47, 68, 23, 43]
Round 233 | train_loss=1.4611 train_acc=0.4908 test_loss=2.3267 test_acc=0.2164
Round 234 | selected=[8, 43, 95, 70, 92, 11, 57, 85, 86, 65]
Round 234 | train_loss=1.2049 train_acc=0.5906 test_loss=2.4348 test_acc=0.2190
Round 235 | selected=[84, 6, 46, 51, 17, 69, 81, 60, 28, 24]
Round 235 | train_loss=1.5395 train_acc=0.4866 test_loss=2.3141 test_acc=0.2294
Round 236 | selected=[38, 8, 71, 73, 47, 85, 84, 88, 13, 83]
Round 236 | train_loss=1.4079 train_acc=0.5640 test_loss=2.1472 test_acc=0.2515
Round 237 | selected=[42, 26, 63, 18, 68, 33, 19, 50, 37, 23]
Round 237 | train_loss=1.3734 train_acc=0.5820 test_loss=1.9437 test_acc=0.2896
Round 238 | selected=[25, 55, 29, 1, 27, 70, 35, 93, 51, 12]
Round 238 | train_loss=1.3885 train_acc=0.5526 test_loss=1.9189 test_acc=0.2593
Round 239 | selected=[8, 90, 74, 1, 2, 12, 43, 49, 96, 55]
Round 239 | train_loss=1.2209 train_acc=0.6164 test_loss=2.0029 test_acc=0.2541
Round 240 | selected=[81, 95, 56, 41, 86, 85, 51, 71, 4, 57]
Round 240 | train_loss=1.8030 train_acc=0.3850 test_loss=1.9780 test_acc=0.2522
Round 241 | selected=[38, 1, 32, 30, 97, 85, 20, 17, 44, 68]
Round 241 | train_loss=1.4818 train_acc=0.4808 test_loss=1.9645 test_acc=0.2749
Round 242 | selected=[17, 56, 60, 30, 15, 67, 21, 26, 59, 90]
Round 242 | train_loss=1.6114 train_acc=0.3972 test_loss=1.9573 test_acc=0.2642
Round 243 | selected=[48, 46, 67, 72, 20, 29, 91, 86, 89, 23]
Round 243 | train_loss=1.3615 train_acc=0.5570 test_loss=2.0467 test_acc=0.2597
Round 244 | selected=[38, 94, 93, 54, 79, 98, 0, 83, 7, 58]
Round 244 | train_loss=1.5193 train_acc=0.4882 test_loss=2.1292 test_acc=0.2313
Round 245 | selected=[86, 3, 2, 92, 80, 40, 45, 57, 75, 6]
Round 245 | train_loss=1.6384 train_acc=0.4102 test_loss=2.0757 test_acc=0.2365
Round 246 | selected=[39, 15, 47, 56, 18, 31, 79, 12, 53, 37]
Round 246 | train_loss=1.3881 train_acc=0.5200 test_loss=2.0088 test_acc=0.2702
Round 247 | selected=[69, 34, 62, 99, 53, 75, 51, 16, 31, 6]
Round 247 | train_loss=1.3636 train_acc=0.5680 test_loss=2.0779 test_acc=0.2105
Round 248 | selected=[77, 8, 78, 87, 28, 54, 7, 65, 2, 5]
Round 248 | train_loss=1.6718 train_acc=0.4436 test_loss=2.1528 test_acc=0.1857
Round 249 | selected=[38, 14, 44, 94, 84, 56, 47, 2, 80, 83]
Round 249 | train_loss=1.4640 train_acc=0.4974 test_loss=2.1569 test_acc=0.2000
Round 250 | selected=[35, 62, 34, 5, 51, 70, 26, 24, 77, 39]
Round 250 | train_loss=1.5221 train_acc=0.4634 test_loss=2.0733 test_acc=0.2575
Round 251 | selected=[55, 81, 20, 57, 44, 74, 13, 3, 97, 69]
Round 251 | train_loss=1.6059 train_acc=0.4354 test_loss=1.9963 test_acc=0.2528
Round 252 | selected=[96, 10, 16, 27, 25, 74, 70, 93, 32, 4]
Round 252 | train_loss=1.9856 train_acc=0.3290 test_loss=1.9636 test_acc=0.2538
Round 253 | selected=[24, 27, 38, 18, 12, 54, 97, 49, 92, 93]
Round 253 | train_loss=1.4680 train_acc=0.4742 test_loss=2.0128 test_acc=0.2414
Round 254 | selected=[74, 81, 35, 53, 50, 29, 87, 73, 23, 19]
Round 254 | train_loss=1.3979 train_acc=0.5178 test_loss=2.1988 test_acc=0.2265
Round 255 | selected=[85, 52, 45, 10, 96, 33, 23, 37, 17, 49]
Round 255 | train_loss=1.6381 train_acc=0.4538 test_loss=2.1643 test_acc=0.2381
Round 256 | selected=[6, 5, 9, 14, 69, 85, 77, 89, 10, 70]
Round 256 | train_loss=1.7894 train_acc=0.2760 test_loss=2.0653 test_acc=0.2438
Round 257 | selected=[5, 80, 43, 58, 18, 87, 93, 30, 66, 53]
Round 257 | train_loss=1.6310 train_acc=0.3934 test_loss=2.0177 test_acc=0.2412
Round 258 | selected=[5, 56, 0, 18, 46, 82, 32, 64, 51, 14]
Round 258 | train_loss=1.7012 train_acc=0.3524 test_loss=1.9552 test_acc=0.2649
Round 259 | selected=[93, 17, 27, 60, 66, 61, 53, 77, 75, 56]
Round 259 | train_loss=1.7275 train_acc=0.2868 test_loss=1.9003 test_acc=0.2853
Round 260 | selected=[51, 38, 79, 1, 8, 31, 63, 57, 21, 17]
Round 260 | train_loss=1.7620 train_acc=0.2978 test_loss=1.8754 test_acc=0.2863
Round 261 | selected=[36, 69, 50, 3, 26, 77, 41, 35, 66, 81]
Round 261 | train_loss=1.7481 train_acc=0.3450 test_loss=1.8785 test_acc=0.2930
Round 262 | selected=[46, 85, 35, 3, 10, 22, 90, 92, 97, 33]
Round 262 | train_loss=1.4452 train_acc=0.5218 test_loss=1.9000 test_acc=0.2910
Round 263 | selected=[18, 55, 84, 17, 83, 95, 90, 38, 4, 92]
Round 263 | train_loss=1.4016 train_acc=0.5682 test_loss=1.9618 test_acc=0.2725
Round 264 | selected=[49, 3, 62, 18, 75, 74, 60, 46, 66, 94]
Round 264 | train_loss=1.3089 train_acc=0.5920 test_loss=2.0666 test_acc=0.2752
Round 265 | selected=[60, 11, 86, 41, 83, 66, 48, 44, 5, 72]
Round 265 | train_loss=1.5617 train_acc=0.5670 test_loss=2.0918 test_acc=0.2516
Round 266 | selected=[80, 84, 94, 20, 55, 39, 51, 33, 15, 93]
Round 266 | train_loss=1.4504 train_acc=0.4816 test_loss=2.1372 test_acc=0.2106
Round 267 | selected=[88, 63, 83, 77, 97, 61, 4, 24, 52, 60]
Round 267 | train_loss=1.6871 train_acc=0.4048 test_loss=2.1622 test_acc=0.1995
Round 268 | selected=[49, 50, 31, 30, 71, 13, 77, 35, 0, 1]
Round 268 | train_loss=1.8675 train_acc=0.2710 test_loss=2.0662 test_acc=0.2064
Round 269 | selected=[99, 16, 28, 89, 30, 90, 54, 4, 58, 41]
Round 269 | train_loss=1.6893 train_acc=0.3962 test_loss=1.9371 test_acc=0.2802
Round 270 | selected=[81, 85, 22, 2, 91, 24, 63, 3, 95, 44]
Round 270 | train_loss=1.4262 train_acc=0.5504 test_loss=1.8825 test_acc=0.3174
Round 271 | selected=[68, 7, 44, 36, 64, 96, 99, 9, 29, 3]
Round 271 | train_loss=1.5258 train_acc=0.4704 test_loss=1.8446 test_acc=0.2947
Round 272 | selected=[66, 12, 83, 91, 14, 76, 57, 49, 24, 13]
Round 272 | train_loss=1.5590 train_acc=0.4438 test_loss=1.8393 test_acc=0.3062
Round 273 | selected=[45, 55, 0, 16, 82, 98, 95, 19, 41, 32]
Round 273 | train_loss=1.3172 train_acc=0.5250 test_loss=1.8533 test_acc=0.2986
Round 274 | selected=[8, 11, 75, 40, 86, 27, 68, 36, 47, 93]
Round 274 | train_loss=1.4167 train_acc=0.5294 test_loss=1.8361 test_acc=0.2888
Round 275 | selected=[23, 79, 44, 2, 9, 69, 45, 64, 13, 60]
Round 275 | train_loss=1.4616 train_acc=0.5066 test_loss=1.8673 test_acc=0.2926
Round 276 | selected=[44, 25, 71, 8, 28, 37, 29, 47, 12, 19]
Round 276 | train_loss=1.2519 train_acc=0.6342 test_loss=1.9096 test_acc=0.2781
Round 277 | selected=[14, 95, 41, 70, 21, 85, 54, 31, 56, 87]
Round 277 | train_loss=1.4226 train_acc=0.4910 test_loss=1.8586 test_acc=0.3028
Round 278 | selected=[51, 42, 82, 45, 50, 24, 18, 76, 67, 59]
Round 278 | train_loss=1.2405 train_acc=0.5650 test_loss=1.8027 test_acc=0.3134
Round 279 | selected=[69, 27, 92, 98, 88, 75, 82, 28, 25, 54]
Round 279 | train_loss=1.3911 train_acc=0.5436 test_loss=1.8331 test_acc=0.3063
Round 280 | selected=[44, 37, 77, 90, 72, 6, 39, 22, 16, 91]
Round 280 | train_loss=1.3305 train_acc=0.5468 test_loss=1.8878 test_acc=0.2639
Round 281 | selected=[49, 86, 77, 64, 28, 18, 54, 37, 24, 95]
Round 281 | train_loss=1.2610 train_acc=0.5872 test_loss=1.9136 test_acc=0.2544
Round 282 | selected=[38, 27, 30, 48, 53, 46, 42, 94, 57, 95]
Round 282 | train_loss=1.4289 train_acc=0.4360 test_loss=1.8965 test_acc=0.2908
Round 283 | selected=[55, 6, 75, 15, 31, 8, 81, 58, 60, 26]
Round 283 | train_loss=1.3745 train_acc=0.5042 test_loss=1.8781 test_acc=0.3321
Round 284 | selected=[47, 37, 5, 15, 86, 23, 44, 36, 90, 99]
Round 284 | train_loss=1.4932 train_acc=0.5202 test_loss=1.9207 test_acc=0.3257
Round 285 | selected=[36, 66, 81, 65, 87, 85, 2, 80, 38, 52]
Round 285 | train_loss=1.5576 train_acc=0.4476 test_loss=2.0374 test_acc=0.2651
Round 286 | selected=[30, 24, 52, 94, 61, 76, 20, 32, 7, 15]
Round 286 | train_loss=1.5289 train_acc=0.4882 test_loss=2.0686 test_acc=0.2570
Round 287 | selected=[40, 98, 97, 91, 47, 50, 80, 53, 1, 37]
Round 287 | train_loss=1.4794 train_acc=0.4656 test_loss=2.0897 test_acc=0.2871
Round 288 | selected=[88, 86, 15, 0, 49, 70, 71, 37, 28, 12]
Round 288 | train_loss=1.3468 train_acc=0.5472 test_loss=2.0776 test_acc=0.2963
Round 289 | selected=[5, 72, 67, 97, 99, 9, 16, 24, 56, 49]
Round 289 | train_loss=1.5001 train_acc=0.4824 test_loss=1.9557 test_acc=0.3237
Round 290 | selected=[48, 94, 16, 17, 3, 97, 72, 73, 71, 19]
Round 290 | train_loss=1.4060 train_acc=0.4894 test_loss=2.0964 test_acc=0.3171
Round 291 | selected=[73, 56, 52, 84, 36, 81, 66, 50, 67, 48]
Round 291 | train_loss=1.3973 train_acc=0.5406 test_loss=2.2514 test_acc=0.2538
Round 292 | selected=[8, 65, 6, 47, 5, 42, 83, 54, 87, 81]
Round 292 | train_loss=1.5600 train_acc=0.4854 test_loss=2.1680 test_acc=0.2410
Round 293 | selected=[56, 50, 10, 25, 53, 62, 19, 33, 69, 95]
Round 293 | train_loss=1.2082 train_acc=0.6248 test_loss=2.2288 test_acc=0.2144
Round 294 | selected=[53, 20, 28, 31, 66, 22, 69, 71, 65, 57]
Round 294 | train_loss=1.4609 train_acc=0.4840 test_loss=2.2802 test_acc=0.1856
Round 295 | selected=[79, 61, 90, 20, 7, 75, 35, 84, 51, 55]
Round 295 | train_loss=1.3059 train_acc=0.5464 test_loss=2.1323 test_acc=0.1937
Round 296 | selected=[55, 32, 57, 11, 26, 5, 23, 41, 99, 62]
Round 296 | train_loss=1.2310 train_acc=0.5762 test_loss=1.9492 test_acc=0.2673
Round 297 | selected=[28, 63, 51, 46, 42, 18, 3, 38, 2, 54]
Round 297 | train_loss=1.3405 train_acc=0.5830 test_loss=1.8544 test_acc=0.3135
Round 298 | selected=[91, 82, 61, 95, 73, 99, 93, 56, 5, 90]
Round 298 | train_loss=1.3747 train_acc=0.5570 test_loss=1.8594 test_acc=0.3199
Round 299 | selected=[19, 34, 78, 50, 73, 67, 41, 43, 79, 64]
Round 299 | train_loss=1.4475 train_acc=0.4766 test_loss=1.8360 test_acc=0.3088
Round 300 | selected=[20, 23, 40, 51, 37, 71, 41, 35, 74, 72]
Round 300 | train_loss=1.3041 train_acc=0.5746 test_loss=1.7659 test_acc=0.3338
Round 301 | selected=[34, 31, 39, 56, 75, 78, 29, 40, 53, 25]
Round 301 | train_loss=1.4036 train_acc=0.4806 test_loss=1.7606 test_acc=0.3416
Round 302 | selected=[99, 90, 10, 30, 64, 38, 20, 41, 51, 49]
Round 302 | train_loss=1.3633 train_acc=0.5410 test_loss=1.8430 test_acc=0.2863
Round 303 | selected=[69, 58, 84, 43, 1, 20, 42, 97, 3, 24]
Round 303 | train_loss=1.1179 train_acc=0.6222 test_loss=1.8731 test_acc=0.3229
Round 304 | selected=[99, 30, 18, 48, 9, 49, 0, 54, 15, 11]
Round 304 | train_loss=1.3184 train_acc=0.5198 test_loss=1.9222 test_acc=0.3057
Round 305 | selected=[11, 56, 65, 9, 36, 96, 61, 18, 14, 85]
Round 305 | train_loss=1.4179 train_acc=0.5104 test_loss=1.9350 test_acc=0.3015
Round 306 | selected=[39, 30, 18, 11, 37, 57, 92, 42, 52, 79]
Round 306 | train_loss=1.1779 train_acc=0.6002 test_loss=1.9256 test_acc=0.2924
Round 307 | selected=[59, 86, 14, 69, 37, 53, 98, 5, 94, 54]
Round 307 | train_loss=1.1795 train_acc=0.6132 test_loss=1.9520 test_acc=0.2998
Round 308 | selected=[79, 98, 26, 68, 82, 3, 55, 23, 76, 22]
Round 308 | train_loss=1.1958 train_acc=0.5882 test_loss=1.9935 test_acc=0.2789
Round 309 | selected=[23, 50, 38, 33, 59, 45, 55, 68, 62, 35]
Round 309 | train_loss=0.9225 train_acc=0.7098 test_loss=2.1296 test_acc=0.2582
Round 310 | selected=[29, 66, 1, 23, 87, 8, 42, 67, 64, 15]
Round 310 | train_loss=1.2245 train_acc=0.5980 test_loss=2.2130 test_acc=0.2297
Round 311 | selected=[51, 30, 11, 2, 93, 64, 76, 67, 38, 87]
Round 311 | train_loss=1.3342 train_acc=0.5830 test_loss=2.1594 test_acc=0.2301
Round 312 | selected=[64, 24, 31, 47, 97, 50, 14, 1, 18, 68]
Round 312 | train_loss=1.6567 train_acc=0.5008 test_loss=1.9611 test_acc=0.2496
Round 313 | selected=[32, 27, 10, 30, 81, 15, 51, 86, 23, 57]
Round 313 | train_loss=1.3737 train_acc=0.5418 test_loss=1.8141 test_acc=0.2931
Round 314 | selected=[70, 84, 47, 63, 77, 37, 86, 21, 18, 66]
Round 314 | train_loss=1.3527 train_acc=0.5464 test_loss=1.7399 test_acc=0.3517
Round 315 | selected=[5, 65, 17, 48, 23, 6, 70, 95, 55, 54]
Round 315 | train_loss=1.2141 train_acc=0.5770 test_loss=1.8089 test_acc=0.3123
Round 316 | selected=[45, 13, 84, 53, 81, 28, 4, 64, 80, 51]
Round 316 | train_loss=1.2244 train_acc=0.5374 test_loss=1.8583 test_acc=0.3000
Round 317 | selected=[58, 75, 38, 22, 70, 6, 65, 26, 42, 8]
Round 317 | train_loss=0.9916 train_acc=0.6602 test_loss=1.9004 test_acc=0.3243
Round 318 | selected=[27, 42, 50, 85, 98, 44, 66, 80, 70, 76]
Round 318 | train_loss=1.1302 train_acc=0.6290 test_loss=1.9908 test_acc=0.3406
Round 319 | selected=[10, 54, 68, 41, 14, 31, 30, 16, 55, 44]
Round 319 | train_loss=1.5398 train_acc=0.4678 test_loss=1.9136 test_acc=0.2904
Round 320 | selected=[35, 5, 12, 36, 34, 71, 97, 24, 22, 14]
Round 320 | train_loss=1.2330 train_acc=0.5554 test_loss=1.8488 test_acc=0.3260
Round 321 | selected=[81, 73, 63, 74, 43, 97, 86, 34, 38, 21]
Round 321 | train_loss=1.3033 train_acc=0.5446 test_loss=1.8483 test_acc=0.3255
Round 322 | selected=[19, 79, 82, 9, 22, 60, 77, 45, 2, 62]
Round 322 | train_loss=1.1334 train_acc=0.5974 test_loss=1.8204 test_acc=0.3364
Round 323 | selected=[24, 13, 23, 76, 21, 42, 16, 45, 88, 56]
Round 323 | train_loss=1.3101 train_acc=0.5570 test_loss=1.8151 test_acc=0.3372
Round 324 | selected=[41, 1, 53, 6, 29, 50, 80, 93, 66, 97]
Round 324 | train_loss=1.2849 train_acc=0.5382 test_loss=1.9013 test_acc=0.3174
Round 325 | selected=[22, 71, 7, 24, 56, 65, 21, 96, 11, 25]
Round 325 | train_loss=1.2625 train_acc=0.5626 test_loss=1.9586 test_acc=0.3303
Round 326 | selected=[68, 37, 17, 84, 87, 50, 41, 16, 75, 90]
Round 326 | train_loss=1.3148 train_acc=0.5312 test_loss=1.8285 test_acc=0.3396
Round 327 | selected=[15, 91, 57, 19, 24, 35, 93, 16, 21, 29]
Round 327 | train_loss=1.1964 train_acc=0.5978 test_loss=1.7617 test_acc=0.3513
Round 328 | selected=[90, 68, 27, 65, 30, 29, 17, 2, 41, 60]
Round 328 | train_loss=1.3356 train_acc=0.5598 test_loss=1.8419 test_acc=0.3406
Round 329 | selected=[25, 14, 63, 13, 26, 77, 64, 96, 70, 16]
Round 329 | train_loss=1.4650 train_acc=0.4824 test_loss=1.9269 test_acc=0.3145
Round 330 | selected=[93, 25, 99, 59, 66, 17, 23, 71, 50, 12]
Round 330 | train_loss=1.1797 train_acc=0.6078 test_loss=1.9936 test_acc=0.3061
Round 331 | selected=[6, 5, 79, 37, 76, 3, 70, 94, 53, 46]
Round 331 | train_loss=1.5465 train_acc=0.4574 test_loss=1.8978 test_acc=0.3239
Round 332 | selected=[6, 14, 59, 69, 96, 84, 29, 75, 3, 37]
Round 332 | train_loss=1.0992 train_acc=0.6318 test_loss=1.8233 test_acc=0.3677
Round 333 | selected=[17, 77, 6, 31, 91, 36, 5, 82, 44, 4]
Round 333 | train_loss=1.3667 train_acc=0.5482 test_loss=1.8611 test_acc=0.3660
Round 334 | selected=[18, 7, 54, 9, 6, 22, 55, 94, 97, 65]
Round 334 | train_loss=1.0625 train_acc=0.6880 test_loss=2.2448 test_acc=0.2333
Round 335 | selected=[44, 90, 84, 3, 32, 36, 63, 73, 50, 12]
Round 335 | train_loss=1.2211 train_acc=0.5974 test_loss=2.3602 test_acc=0.1975
Round 336 | selected=[16, 2, 7, 44, 95, 92, 5, 14, 75, 71]
Round 336 | train_loss=1.5527 train_acc=0.4496 test_loss=2.0479 test_acc=0.2360
Round 337 | selected=[73, 25, 55, 45, 38, 65, 50, 20, 22, 62]
Round 337 | train_loss=0.9831 train_acc=0.6556 test_loss=1.8356 test_acc=0.3184
Round 338 | selected=[41, 69, 90, 50, 61, 97, 74, 8, 85, 83]
Round 338 | train_loss=1.1583 train_acc=0.6158 test_loss=1.8206 test_acc=0.3034
Round 339 | selected=[99, 56, 84, 65, 64, 14, 15, 92, 74, 90]
Round 339 | train_loss=1.2986 train_acc=0.5282 test_loss=2.0518 test_acc=0.2881
Round 340 | selected=[67, 24, 72, 75, 18, 49, 3, 27, 78, 13]
Round 340 | train_loss=1.3006 train_acc=0.5520 test_loss=2.1332 test_acc=0.2842
Round 341 | selected=[9, 22, 12, 16, 49, 50, 35, 10, 40, 15]
Round 341 | train_loss=1.6782 train_acc=0.4286 test_loss=1.9059 test_acc=0.3242
Round 342 | selected=[29, 68, 98, 88, 13, 89, 83, 53, 77, 60]
Round 342 | train_loss=1.5265 train_acc=0.4096 test_loss=1.8786 test_acc=0.2669
Round 343 | selected=[43, 26, 48, 91, 99, 93, 53, 11, 27, 40]
Round 343 | train_loss=1.2870 train_acc=0.5180 test_loss=1.8318 test_acc=0.2920
Round 344 | selected=[0, 15, 1, 67, 98, 17, 51, 3, 29, 7]
Round 344 | train_loss=1.6078 train_acc=0.4020 test_loss=1.7823 test_acc=0.3094
Round 345 | selected=[30, 92, 87, 31, 17, 13, 58, 89, 64, 96]
Round 345 | train_loss=1.4698 train_acc=0.4880 test_loss=1.7744 test_acc=0.3292
Round 346 | selected=[89, 60, 46, 99, 9, 64, 13, 3, 48, 30]
Round 346 | train_loss=1.3288 train_acc=0.5502 test_loss=1.8630 test_acc=0.3279
Round 347 | selected=[61, 44, 72, 12, 3, 38, 8, 94, 41, 34]
Round 347 | train_loss=1.2294 train_acc=0.5984 test_loss=1.9382 test_acc=0.3101
Round 348 | selected=[47, 93, 88, 13, 68, 12, 2, 46, 45, 81]
Round 348 | train_loss=1.3038 train_acc=0.5310 test_loss=1.8942 test_acc=0.3346
Round 349 | selected=[57, 19, 83, 5, 31, 7, 2, 44, 93, 11]
Round 349 | train_loss=1.2319 train_acc=0.5964 test_loss=1.9038 test_acc=0.3043
Round 350 | selected=[8, 68, 17, 77, 32, 9, 95, 81, 30, 5]
Round 350 | train_loss=1.3380 train_acc=0.5184 test_loss=1.9053 test_acc=0.2923
Round 351 | selected=[96, 86, 49, 81, 22, 8, 77, 38, 57, 18]
Round 351 | train_loss=1.3458 train_acc=0.5428 test_loss=1.9287 test_acc=0.2801
Round 352 | selected=[85, 79, 31, 33, 28, 49, 90, 32, 17, 54]
Round 352 | train_loss=1.5070 train_acc=0.4040 test_loss=1.8554 test_acc=0.3080
Round 353 | selected=[46, 41, 78, 76, 13, 87, 63, 57, 77, 93]
Round 353 | train_loss=1.4686 train_acc=0.4970 test_loss=1.8759 test_acc=0.3067
Round 354 | selected=[46, 28, 33, 91, 29, 47, 56, 54, 18, 96]
Round 354 | train_loss=1.4691 train_acc=0.5268 test_loss=1.7982 test_acc=0.3084
Round 355 | selected=[56, 32, 31, 68, 65, 78, 64, 11, 54, 29]
Round 355 | train_loss=1.3081 train_acc=0.5460 test_loss=1.7229 test_acc=0.3447
Round 356 | selected=[41, 59, 98, 1, 77, 69, 15, 34, 48, 65]
Round 356 | train_loss=1.4300 train_acc=0.4992 test_loss=1.7165 test_acc=0.3483
Round 357 | selected=[67, 61, 19, 54, 84, 43, 52, 49, 95, 99]
Round 357 | train_loss=1.0483 train_acc=0.6604 test_loss=1.7991 test_acc=0.3400
Round 358 | selected=[22, 91, 61, 23, 90, 2, 84, 85, 71, 63]
Round 358 | train_loss=1.1071 train_acc=0.6256 test_loss=1.8885 test_acc=0.2910
Round 359 | selected=[49, 4, 48, 80, 86, 87, 76, 40, 81, 47]
Round 359 | train_loss=1.3791 train_acc=0.5012 test_loss=1.8220 test_acc=0.3167
Round 360 | selected=[61, 91, 51, 5, 29, 46, 59, 48, 50, 12]
Round 360 | train_loss=1.2638 train_acc=0.5562 test_loss=1.7933 test_acc=0.3231
Round 361 | selected=[79, 10, 15, 46, 34, 39, 25, 63, 94, 32]
Round 361 | train_loss=1.2225 train_acc=0.6132 test_loss=1.8598 test_acc=0.2982
Round 362 | selected=[43, 99, 16, 86, 52, 24, 95, 94, 66, 74]
Round 362 | train_loss=1.3297 train_acc=0.5230 test_loss=1.8848 test_acc=0.3031
Round 363 | selected=[87, 18, 72, 4, 24, 54, 29, 36, 3, 91]
Round 363 | train_loss=1.2313 train_acc=0.5732 test_loss=1.9484 test_acc=0.3097
Round 364 | selected=[76, 78, 99, 3, 0, 54, 65, 62, 86, 29]
Round 364 | train_loss=1.2372 train_acc=0.5492 test_loss=1.7926 test_acc=0.3479
Round 365 | selected=[34, 24, 1, 45, 0, 2, 77, 43, 7, 74]
Round 365 | train_loss=1.1996 train_acc=0.5872 test_loss=1.8303 test_acc=0.3485
Round 366 | selected=[27, 98, 42, 44, 79, 49, 28, 74, 91, 78]
Round 366 | train_loss=0.9942 train_acc=0.6814 test_loss=1.9677 test_acc=0.3239
Round 367 | selected=[83, 27, 16, 70, 54, 96, 87, 33, 43, 39]
Round 367 | train_loss=1.4153 train_acc=0.5316 test_loss=1.8322 test_acc=0.3473
Round 368 | selected=[59, 69, 19, 99, 28, 97, 74, 48, 58, 61]
Round 368 | train_loss=1.2428 train_acc=0.5666 test_loss=1.8374 test_acc=0.3249
Round 369 | selected=[65, 40, 69, 32, 89, 83, 21, 71, 37, 41]
Round 369 | train_loss=1.2240 train_acc=0.5640 test_loss=1.8193 test_acc=0.3105
Round 370 | selected=[66, 46, 76, 40, 68, 45, 51, 27, 58, 99]
Round 370 | train_loss=1.3999 train_acc=0.4862 test_loss=1.7874 test_acc=0.3187
Round 371 | selected=[53, 57, 69, 85, 81, 76, 6, 98, 80, 16]
Round 371 | train_loss=1.3255 train_acc=0.5268 test_loss=1.7798 test_acc=0.3155
Round 372 | selected=[63, 40, 82, 91, 89, 37, 14, 46, 96, 10]
Round 372 | train_loss=1.3953 train_acc=0.5392 test_loss=1.8339 test_acc=0.2892
Round 373 | selected=[64, 57, 74, 21, 58, 94, 69, 80, 15, 27]
Round 373 | train_loss=1.4067 train_acc=0.4906 test_loss=1.7544 test_acc=0.3339
Round 374 | selected=[16, 44, 20, 98, 95, 40, 61, 46, 30, 12]
Round 374 | train_loss=1.0774 train_acc=0.6612 test_loss=1.8050 test_acc=0.3035
Round 375 | selected=[3, 13, 47, 26, 53, 91, 48, 27, 92, 76]
Round 375 | train_loss=1.4224 train_acc=0.4606 test_loss=1.7002 test_acc=0.3614
Round 376 | selected=[85, 1, 17, 27, 82, 77, 81, 78, 30, 92]
Round 376 | train_loss=1.4355 train_acc=0.4986 test_loss=1.6957 test_acc=0.3717
Round 377 | selected=[41, 28, 13, 99, 58, 21, 37, 30, 82, 26]
Round 377 | train_loss=1.2978 train_acc=0.5594 test_loss=1.7891 test_acc=0.3441
Round 378 | selected=[72, 37, 97, 88, 79, 68, 38, 99, 57, 55]
Round 378 | train_loss=1.0089 train_acc=0.6658 test_loss=1.8307 test_acc=0.3383
Round 379 | selected=[75, 21, 47, 5, 44, 30, 25, 99, 4, 8]
Round 379 | train_loss=1.0400 train_acc=0.6936 test_loss=1.7790 test_acc=0.3351
Round 380 | selected=[94, 12, 92, 77, 0, 21, 43, 24, 47, 26]
Round 380 | train_loss=0.9723 train_acc=0.6990 test_loss=1.7153 test_acc=0.3594
Round 381 | selected=[60, 99, 49, 87, 32, 90, 37, 30, 1, 59]
Round 381 | train_loss=1.0400 train_acc=0.6622 test_loss=1.7756 test_acc=0.3476
Round 382 | selected=[87, 14, 82, 57, 46, 40, 69, 26, 23, 43]
Round 382 | train_loss=1.1544 train_acc=0.6240 test_loss=1.8277 test_acc=0.3335
Round 383 | selected=[17, 58, 76, 50, 41, 10, 13, 18, 92, 71]
Round 383 | train_loss=1.2317 train_acc=0.5608 test_loss=1.9022 test_acc=0.2998
Round 384 | selected=[80, 49, 11, 68, 65, 2, 26, 73, 60, 46]
Round 384 | train_loss=1.3636 train_acc=0.5236 test_loss=1.8714 test_acc=0.2982
Round 385 | selected=[80, 90, 72, 20, 24, 30, 40, 91, 22, 28]
Round 385 | train_loss=1.2338 train_acc=0.5648 test_loss=1.7517 test_acc=0.3447
Round 386 | selected=[20, 37, 50, 5, 89, 62, 47, 21, 81, 98]
Round 386 | train_loss=1.0543 train_acc=0.6372 test_loss=1.6695 test_acc=0.3902
Round 387 | selected=[11, 61, 85, 10, 35, 55, 83, 30, 90, 97]
Round 387 | train_loss=0.9778 train_acc=0.7070 test_loss=1.8438 test_acc=0.3167
Round 388 | selected=[0, 6, 5, 26, 29, 53, 84, 28, 73, 85]
Round 388 | train_loss=1.2443 train_acc=0.5698 test_loss=1.9058 test_acc=0.3005
Round 389 | selected=[89, 32, 67, 33, 3, 37, 54, 57, 59, 34]
Round 389 | train_loss=1.2671 train_acc=0.5174 test_loss=1.8576 test_acc=0.3143
Round 390 | selected=[46, 74, 3, 2, 4, 55, 27, 26, 38, 42]
Round 390 | train_loss=1.2352 train_acc=0.5340 test_loss=1.8074 test_acc=0.3183
Round 391 | selected=[7, 87, 31, 61, 22, 79, 64, 14, 73, 43]
Round 391 | train_loss=1.1899 train_acc=0.5856 test_loss=1.6915 test_acc=0.3547
Round 392 | selected=[98, 92, 77, 58, 79, 96, 35, 39, 82, 69]
Round 392 | train_loss=1.1467 train_acc=0.6208 test_loss=1.7191 test_acc=0.3319
Round 393 | selected=[65, 72, 93, 92, 24, 70, 55, 81, 58, 75]
Round 393 | train_loss=0.9295 train_acc=0.7024 test_loss=1.6251 test_acc=0.3858
Round 394 | selected=[24, 21, 71, 52, 15, 83, 92, 68, 95, 46]
Round 394 | train_loss=1.0513 train_acc=0.6732 test_loss=1.7065 test_acc=0.3454
Round 395 | selected=[87, 8, 19, 85, 73, 68, 46, 10, 1, 24]
Round 395 | train_loss=1.2002 train_acc=0.5830 test_loss=1.7615 test_acc=0.3361
Round 396 | selected=[28, 44, 33, 59, 35, 25, 14, 47, 41, 69]
Round 396 | train_loss=1.1312 train_acc=0.6330 test_loss=1.7463 test_acc=0.3606
Round 397 | selected=[5, 36, 41, 51, 82, 77, 76, 8, 23, 29]
Round 397 | train_loss=1.2637 train_acc=0.5516 test_loss=1.7308 test_acc=0.3717
Round 398 | selected=[63, 76, 36, 62, 49, 77, 48, 87, 45, 34]
Round 398 | train_loss=1.1008 train_acc=0.6234 test_loss=1.6887 test_acc=0.3653
Round 399 | selected=[51, 34, 87, 26, 92, 21, 44, 39, 68, 76]
Round 399 | train_loss=1.0746 train_acc=0.6262 test_loss=1.7550 test_acc=0.3319
Round 400 | selected=[9, 30, 20, 63, 11, 55, 0, 79, 2, 14]
Round 400 | train_loss=1.1938 train_acc=0.5694 test_loss=1.7642 test_acc=0.3423
Round 401 | selected=[27, 2, 29, 25, 17, 49, 7, 19, 1, 11]
Round 401 | train_loss=1.3881 train_acc=0.5386 test_loss=1.6073 test_acc=0.3935
Round 402 | selected=[84, 21, 71, 86, 72, 6, 54, 79, 52, 13]
Round 402 | train_loss=1.1391 train_acc=0.5862 test_loss=1.6228 test_acc=0.3913
Round 403 | selected=[52, 39, 55, 72, 3, 77, 93, 58, 10, 60]
Round 403 | train_loss=1.1110 train_acc=0.6210 test_loss=1.7608 test_acc=0.3209
Round 404 | selected=[58, 60, 56, 40, 57, 76, 85, 98, 92, 45]
Round 404 | train_loss=1.2458 train_acc=0.5338 test_loss=1.7680 test_acc=0.3122
Round 405 | selected=[62, 26, 33, 73, 40, 50, 83, 99, 65, 69]
Round 405 | train_loss=0.9797 train_acc=0.6662 test_loss=1.7538 test_acc=0.3267
Round 406 | selected=[50, 21, 26, 64, 47, 41, 27, 93, 49, 6]
Round 406 | train_loss=1.1573 train_acc=0.6040 test_loss=1.8170 test_acc=0.3037
Round 407 | selected=[7, 66, 46, 2, 41, 40, 62, 13, 1, 80]
Round 407 | train_loss=1.2818 train_acc=0.5382 test_loss=1.6925 test_acc=0.3784
Round 408 | selected=[58, 45, 36, 15, 84, 13, 64, 51, 0, 23]
Round 408 | train_loss=1.0120 train_acc=0.6800 test_loss=1.7495 test_acc=0.3591
Round 409 | selected=[41, 18, 79, 0, 14, 71, 13, 89, 35, 1]
Round 409 | train_loss=1.3899 train_acc=0.5240 test_loss=1.6860 test_acc=0.3678
Round 410 | selected=[3, 51, 80, 91, 25, 90, 8, 79, 41, 53]
Round 410 | train_loss=1.0334 train_acc=0.6338 test_loss=1.6960 test_acc=0.3609
Round 411 | selected=[69, 84, 54, 86, 29, 19, 13, 38, 57, 3]
Round 411 | train_loss=1.2887 train_acc=0.5362 test_loss=1.6485 test_acc=0.3980
Round 412 | selected=[69, 44, 85, 9, 51, 62, 34, 77, 46, 54]
Round 412 | train_loss=1.0490 train_acc=0.6440 test_loss=1.7651 test_acc=0.3787
Round 413 | selected=[16, 66, 89, 50, 38, 49, 36, 98, 28, 53]
Round 413 | train_loss=1.2347 train_acc=0.5898 test_loss=1.8812 test_acc=0.3282
Round 414 | selected=[52, 9, 82, 19, 23, 29, 53, 73, 83, 6]
Round 414 | train_loss=1.0732 train_acc=0.6442 test_loss=2.0223 test_acc=0.2747
Round 415 | selected=[25, 3, 28, 46, 33, 56, 63, 43, 64, 6]
Round 415 | train_loss=1.3446 train_acc=0.5176 test_loss=1.8272 test_acc=0.2895
Round 416 | selected=[16, 56, 78, 85, 74, 29, 20, 98, 31, 17]
Round 416 | train_loss=1.2627 train_acc=0.5570 test_loss=1.7280 test_acc=0.3448
Round 417 | selected=[69, 67, 58, 10, 98, 4, 57, 6, 19, 86]
Round 417 | train_loss=1.3182 train_acc=0.5092 test_loss=1.6180 test_acc=0.3765
Round 418 | selected=[93, 8, 33, 42, 11, 64, 32, 91, 89, 26]
Round 418 | train_loss=0.9602 train_acc=0.6692 test_loss=1.6520 test_acc=0.3712
Round 419 | selected=[7, 56, 13, 49, 92, 68, 61, 18, 52, 20]
Round 419 | train_loss=1.1924 train_acc=0.6174 test_loss=1.7289 test_acc=0.3462
Round 420 | selected=[55, 20, 0, 36, 22, 41, 21, 54, 4, 7]
Round 420 | train_loss=1.1038 train_acc=0.6014 test_loss=1.7437 test_acc=0.3432
Round 421 | selected=[39, 81, 90, 68, 23, 31, 0, 7, 80, 50]
Round 421 | train_loss=1.1642 train_acc=0.5756 test_loss=1.7375 test_acc=0.3643
Round 422 | selected=[23, 33, 40, 82, 25, 66, 16, 59, 30, 90]
Round 422 | train_loss=1.4411 train_acc=0.4904 test_loss=1.7839 test_acc=0.3630
Round 423 | selected=[22, 91, 4, 54, 56, 18, 24, 26, 16, 94]
Round 423 | train_loss=1.2044 train_acc=0.5870 test_loss=1.7556 test_acc=0.3544
Round 424 | selected=[7, 40, 84, 21, 67, 94, 29, 31, 18, 42]
Round 424 | train_loss=0.9718 train_acc=0.6722 test_loss=1.8124 test_acc=0.3321
Round 425 | selected=[85, 76, 49, 64, 44, 34, 54, 17, 37, 60]
Round 425 | train_loss=1.3593 train_acc=0.5194 test_loss=1.7285 test_acc=0.3374
Round 426 | selected=[78, 77, 3, 69, 74, 35, 85, 50, 42, 48]
Round 426 | train_loss=0.9656 train_acc=0.6664 test_loss=1.7832 test_acc=0.3571
Round 427 | selected=[68, 31, 92, 66, 17, 42, 93, 34, 7, 24]
Round 427 | train_loss=1.1264 train_acc=0.6140 test_loss=1.8600 test_acc=0.3448
Round 428 | selected=[88, 37, 40, 26, 74, 95, 11, 28, 77, 47]
Round 428 | train_loss=1.0865 train_acc=0.6536 test_loss=1.8694 test_acc=0.3497
Round 429 | selected=[85, 25, 65, 17, 59, 76, 68, 39, 87, 77]
Round 429 | train_loss=1.0208 train_acc=0.6724 test_loss=1.9479 test_acc=0.3496
Round 430 | selected=[5, 15, 44, 40, 37, 54, 91, 60, 16, 93]
Round 430 | train_loss=1.2482 train_acc=0.5700 test_loss=2.0239 test_acc=0.3269
Round 431 | selected=[14, 27, 66, 84, 17, 50, 7, 59, 80, 2]
Round 431 | train_loss=1.2490 train_acc=0.5888 test_loss=1.9263 test_acc=0.3294
Round 432 | selected=[14, 19, 18, 60, 32, 67, 56, 30, 20, 51]
Round 432 | train_loss=1.1786 train_acc=0.5840 test_loss=1.8026 test_acc=0.3549
Round 433 | selected=[28, 83, 4, 68, 58, 8, 71, 62, 99, 91]
Round 433 | train_loss=1.1131 train_acc=0.6392 test_loss=1.7129 test_acc=0.3803
Round 434 | selected=[45, 57, 31, 34, 71, 83, 85, 96, 25, 29]
Round 434 | train_loss=1.0465 train_acc=0.6706 test_loss=1.7541 test_acc=0.3537
Round 435 | selected=[39, 36, 35, 79, 47, 93, 3, 58, 50, 14]
Round 435 | train_loss=1.1761 train_acc=0.5926 test_loss=1.6455 test_acc=0.3764
Round 436 | selected=[47, 12, 38, 7, 93, 48, 13, 33, 1, 49]
Round 436 | train_loss=1.1042 train_acc=0.6230 test_loss=1.7923 test_acc=0.3502
Round 437 | selected=[3, 48, 45, 25, 4, 99, 36, 5, 41, 72]
Round 437 | train_loss=0.9976 train_acc=0.6382 test_loss=1.8630 test_acc=0.3389
Round 438 | selected=[44, 68, 56, 5, 30, 40, 45, 0, 48, 41]
Round 438 | train_loss=1.1215 train_acc=0.6314 test_loss=1.7110 test_acc=0.3712
Round 439 | selected=[3, 80, 25, 30, 38, 15, 48, 24, 58, 62]
Round 439 | train_loss=1.0647 train_acc=0.6566 test_loss=1.6928 test_acc=0.3624
Round 440 | selected=[87, 18, 96, 65, 69, 12, 78, 94, 28, 24]
Round 440 | train_loss=1.0957 train_acc=0.6202 test_loss=1.7175 test_acc=0.3480
Round 441 | selected=[71, 66, 11, 83, 33, 48, 16, 67, 47, 91]
Round 441 | train_loss=1.3156 train_acc=0.5488 test_loss=1.6478 test_acc=0.3797
Round 442 | selected=[21, 59, 90, 38, 95, 44, 53, 68, 82, 7]
Round 442 | train_loss=1.2244 train_acc=0.5192 test_loss=1.6120 test_acc=0.3885
Round 443 | selected=[19, 98, 6, 63, 61, 9, 77, 10, 82, 81]
Round 443 | train_loss=1.3735 train_acc=0.4920 test_loss=1.5308 test_acc=0.4298
Round 444 | selected=[71, 6, 44, 18, 34, 26, 40, 66, 22, 68]
Round 444 | train_loss=0.9793 train_acc=0.6914 test_loss=1.6188 test_acc=0.3588
Round 445 | selected=[17, 95, 1, 23, 33, 64, 73, 29, 89, 44]
Round 445 | train_loss=1.1375 train_acc=0.6328 test_loss=1.8234 test_acc=0.3084
Round 446 | selected=[46, 3, 88, 71, 51, 16, 24, 94, 38, 67]
Round 446 | train_loss=1.1950 train_acc=0.5686 test_loss=1.8765 test_acc=0.2885
Round 447 | selected=[97, 42, 73, 82, 62, 61, 76, 50, 59, 79]
Round 447 | train_loss=0.8015 train_acc=0.7394 test_loss=1.9966 test_acc=0.2890
Round 448 | selected=[26, 18, 1, 57, 77, 96, 91, 33, 99, 28]
Round 448 | train_loss=1.3341 train_acc=0.5232 test_loss=1.8671 test_acc=0.3406
Round 449 | selected=[76, 89, 52, 91, 47, 57, 2, 43, 95, 27]
Round 449 | train_loss=1.0567 train_acc=0.6556 test_loss=1.8260 test_acc=0.3968
Round 450 | selected=[29, 39, 76, 53, 2, 74, 46, 93, 77, 50]
Round 450 | train_loss=1.0127 train_acc=0.6514 test_loss=1.9249 test_acc=0.3590
Round 451 | selected=[3, 86, 82, 89, 38, 58, 47, 28, 79, 70]
Round 451 | train_loss=1.3473 train_acc=0.5396 test_loss=1.9519 test_acc=0.3546
Round 452 | selected=[84, 90, 14, 86, 95, 56, 98, 81, 85, 20]
Round 452 | train_loss=1.3497 train_acc=0.5142 test_loss=1.9040 test_acc=0.3378
Round 453 | selected=[42, 19, 53, 47, 57, 74, 37, 98, 16, 38]
Round 453 | train_loss=0.8968 train_acc=0.7006 test_loss=1.7918 test_acc=0.3744
Round 454 | selected=[66, 1, 53, 17, 11, 19, 34, 37, 31, 77]
Round 454 | train_loss=1.1063 train_acc=0.6098 test_loss=1.7446 test_acc=0.3787
Round 455 | selected=[80, 78, 75, 59, 42, 0, 26, 43, 91, 71]
Round 455 | train_loss=0.7995 train_acc=0.7522 test_loss=1.8540 test_acc=0.3863
Round 456 | selected=[98, 5, 1, 56, 19, 85, 62, 53, 76, 31]
Round 456 | train_loss=1.0044 train_acc=0.6644 test_loss=1.7942 test_acc=0.4059
Round 457 | selected=[6, 81, 25, 80, 2, 97, 44, 65, 29, 1]
Round 457 | train_loss=1.0815 train_acc=0.6504 test_loss=1.6875 test_acc=0.3909
Round 458 | selected=[94, 11, 62, 70, 52, 7, 51, 99, 22, 33]
Round 458 | train_loss=0.9572 train_acc=0.7024 test_loss=1.7171 test_acc=0.3622
Round 459 | selected=[90, 6, 61, 4, 47, 87, 64, 55, 69, 23]
Round 459 | train_loss=1.0889 train_acc=0.6524 test_loss=1.6460 test_acc=0.3928
Round 460 | selected=[59, 94, 62, 22, 50, 97, 85, 73, 87, 69]
Round 460 | train_loss=0.7742 train_acc=0.7642 test_loss=1.6785 test_acc=0.4095
Round 461 | selected=[93, 8, 16, 59, 3, 38, 49, 11, 26, 81]
Round 461 | train_loss=1.0335 train_acc=0.6410 test_loss=1.6325 test_acc=0.3896
Round 462 | selected=[21, 28, 10, 2, 48, 88, 72, 97, 30, 46]
Round 462 | train_loss=1.1322 train_acc=0.6040 test_loss=1.6543 test_acc=0.3735
Round 463 | selected=[72, 97, 50, 53, 65, 25, 24, 11, 18, 13]
Round 463 | train_loss=0.9164 train_acc=0.7350 test_loss=1.7608 test_acc=0.3392
Round 464 | selected=[75, 14, 77, 74, 59, 49, 1, 63, 96, 72]
Round 464 | train_loss=1.1567 train_acc=0.6044 test_loss=1.6456 test_acc=0.3800
Round 465 | selected=[33, 74, 62, 46, 15, 5, 98, 35, 80, 70]
Round 465 | train_loss=1.0549 train_acc=0.6232 test_loss=1.5364 test_acc=0.4222
Round 466 | selected=[51, 1, 27, 48, 97, 63, 17, 26, 0, 29]
Round 466 | train_loss=1.1933 train_acc=0.5998 test_loss=1.5361 test_acc=0.4127
Round 467 | selected=[22, 2, 12, 90, 93, 27, 13, 51, 30, 79]
Round 467 | train_loss=1.0116 train_acc=0.6534 test_loss=1.5902 test_acc=0.4190
Round 468 | selected=[4, 27, 96, 75, 21, 33, 28, 44, 35, 29]
Round 468 | train_loss=0.9506 train_acc=0.7018 test_loss=1.5135 test_acc=0.4371
Round 469 | selected=[45, 62, 71, 35, 93, 84, 1, 27, 12, 53]
Round 469 | train_loss=0.7421 train_acc=0.7604 test_loss=1.5514 test_acc=0.4179
Round 470 | selected=[4, 30, 73, 69, 81, 62, 13, 63, 29, 55]
Round 470 | train_loss=0.9982 train_acc=0.6610 test_loss=1.5967 test_acc=0.4110
Round 471 | selected=[55, 96, 34, 63, 15, 23, 13, 97, 88, 78]
Round 471 | train_loss=1.0362 train_acc=0.6712 test_loss=1.5782 test_acc=0.4165
Round 472 | selected=[10, 45, 60, 86, 82, 63, 23, 34, 50, 42]
Round 472 | train_loss=0.9747 train_acc=0.6858 test_loss=1.5081 test_acc=0.4363
Round 473 | selected=[17, 79, 57, 36, 75, 74, 26, 28, 31, 10]
Round 473 | train_loss=0.9621 train_acc=0.6396 test_loss=1.5535 test_acc=0.4209
Round 474 | selected=[95, 33, 25, 0, 2, 21, 1, 46, 9, 48]
Round 474 | train_loss=1.0318 train_acc=0.6524 test_loss=1.5618 test_acc=0.4179
Round 475 | selected=[40, 38, 42, 18, 85, 43, 0, 71, 77, 12]
Round 475 | train_loss=0.7580 train_acc=0.7730 test_loss=1.5093 test_acc=0.4291
Round 476 | selected=[86, 10, 42, 79, 55, 89, 63, 29, 21, 11]
Round 476 | train_loss=0.8176 train_acc=0.7380 test_loss=1.5025 test_acc=0.4364
Round 477 | selected=[87, 54, 79, 39, 86, 70, 71, 4, 2, 72]
Round 477 | train_loss=0.9589 train_acc=0.6768 test_loss=1.5748 test_acc=0.4148
Round 478 | selected=[8, 11, 60, 56, 48, 28, 45, 2, 80, 96]
Round 478 | train_loss=0.8290 train_acc=0.7240 test_loss=1.6317 test_acc=0.3917
Round 479 | selected=[64, 38, 47, 14, 93, 17, 27, 2, 51, 34]
Round 479 | train_loss=1.0151 train_acc=0.6730 test_loss=1.6665 test_acc=0.3823
Round 480 | selected=[24, 63, 45, 6, 43, 0, 22, 65, 15, 33]
Round 480 | train_loss=0.8219 train_acc=0.7370 test_loss=1.5738 test_acc=0.4142
Round 481 | selected=[0, 22, 84, 92, 58, 91, 9, 79, 16, 26]
Round 481 | train_loss=0.9030 train_acc=0.6882 test_loss=1.4634 test_acc=0.4441
Round 482 | selected=[43, 8, 15, 52, 79, 83, 28, 46, 68, 36]
Round 482 | train_loss=0.7889 train_acc=0.7626 test_loss=1.5123 test_acc=0.4378
Round 483 | selected=[93, 73, 83, 6, 63, 53, 75, 62, 98, 91]
Round 483 | train_loss=0.7587 train_acc=0.7544 test_loss=1.4787 test_acc=0.4505
Round 484 | selected=[72, 3, 48, 95, 22, 83, 58, 16, 80, 82]
Round 484 | train_loss=0.8257 train_acc=0.7454 test_loss=1.5106 test_acc=0.4458
Round 485 | selected=[83, 63, 90, 98, 30, 32, 43, 1, 59, 37]
Round 485 | train_loss=0.8670 train_acc=0.7248 test_loss=1.6969 test_acc=0.3923
Round 486 | selected=[92, 19, 42, 30, 9, 66, 14, 93, 7, 83]
Round 486 | train_loss=1.1829 train_acc=0.6260 test_loss=1.6331 test_acc=0.3880
Round 487 | selected=[64, 61, 50, 51, 43, 41, 27, 93, 49, 21]
Round 487 | train_loss=0.9920 train_acc=0.6394 test_loss=1.5466 test_acc=0.4094
Round 488 | selected=[27, 77, 15, 35, 25, 80, 44, 30, 17, 18]
Round 488 | train_loss=0.9880 train_acc=0.6814 test_loss=1.5257 test_acc=0.4212
Round 489 | selected=[95, 96, 16, 20, 21, 6, 64, 54, 77, 31]
Round 489 | train_loss=0.9701 train_acc=0.6756 test_loss=1.7111 test_acc=0.3771
Round 490 | selected=[85, 99, 63, 72, 83, 90, 18, 30, 20, 45]
Round 490 | train_loss=0.8584 train_acc=0.7336 test_loss=1.6517 test_acc=0.3870
Round 491 | selected=[80, 10, 82, 72, 95, 15, 56, 44, 96, 37]
Round 491 | train_loss=0.9154 train_acc=0.6920 test_loss=1.5378 test_acc=0.4117
Round 492 | selected=[90, 86, 69, 52, 77, 38, 60, 9, 33, 37]
Round 492 | train_loss=0.9861 train_acc=0.6542 test_loss=1.4949 test_acc=0.4459
Round 493 | selected=[13, 94, 63, 60, 3, 69, 39, 10, 7, 12]
Round 493 | train_loss=0.8982 train_acc=0.6968 test_loss=1.6031 test_acc=0.4003
Round 494 | selected=[33, 97, 71, 42, 31, 92, 67, 2, 27, 44]
Round 494 | train_loss=0.9027 train_acc=0.6926 test_loss=1.5895 test_acc=0.3991
Round 495 | selected=[72, 40, 78, 37, 16, 47, 64, 97, 36, 39]
Round 495 | train_loss=0.9485 train_acc=0.6688 test_loss=1.5322 test_acc=0.4168
Round 496 | selected=[50, 28, 79, 8, 95, 34, 31, 80, 24, 12]
Round 496 | train_loss=0.7545 train_acc=0.7578 test_loss=1.4756 test_acc=0.4449
Round 497 | selected=[98, 34, 6, 56, 18, 40, 84, 23, 54, 41]
Round 497 | train_loss=0.8315 train_acc=0.7564 test_loss=1.5376 test_acc=0.4404
Round 498 | selected=[58, 75, 6, 68, 74, 90, 49, 71, 24, 33]
Round 498 | train_loss=0.8152 train_acc=0.7430 test_loss=1.4868 test_acc=0.4357
Round 499 | selected=[60, 22, 32, 74, 37, 11, 36, 84, 85, 89]
Round 499 | train_loss=0.6919 train_acc=0.7406 test_loss=1.5318 test_acc=0.4218
Round 500 | selected=[27, 22, 20, 35, 1, 54, 7, 42, 74, 19]
Round 500 | train_loss=0.8043 train_acc=0.7342 test_loss=1.6539 test_acc=0.4241
Saved: track1/results/cifar10/final_seed42/fedavgm_alpha01_seed42.csv
COMPLETED: fedavgm alpha01 seed=42
