========================================
JOB:       12004233
TASK:      17
ALGORITHM: fedavg
PARTITION: alpha1
SEED:      44
GPU:       0
========================================
Device: cuda
GPU: Tesla V100-PCIE-32GB
Round 0 | test_loss=3.0410 test_acc=0.1229
Round 1 | selected=[38, 24, 76, 63, 8, 52, 11, 60, 94, 16]
Round 1 | train_loss=2.0449 train_acc=0.2872 test_loss=2.3890 test_acc=0.1428
Round 2 | selected=[38, 88, 40, 98, 58, 91, 39, 56, 35, 96]
Round 2 | train_loss=2.1360 train_acc=0.2624 test_loss=2.1971 test_acc=0.1635
Round 3 | selected=[63, 8, 77, 16, 70, 81, 90, 68, 18, 54]
Round 3 | train_loss=1.9211 train_acc=0.3256 test_loss=2.3062 test_acc=0.2136
Round 4 | selected=[62, 58, 33, 61, 76, 14, 29, 71, 39, 27]
Round 4 | train_loss=2.1468 train_acc=0.2632 test_loss=2.1175 test_acc=0.2215
Round 5 | selected=[10, 71, 32, 79, 27, 87, 48, 53, 59, 76]
Round 5 | train_loss=1.9581 train_acc=0.3018 test_loss=1.9632 test_acc=0.2734
Round 6 | selected=[96, 43, 42, 70, 26, 67, 35, 12, 51, 55]
Round 6 | train_loss=1.7929 train_acc=0.3764 test_loss=2.1131 test_acc=0.2042
Round 7 | selected=[41, 62, 97, 46, 72, 24, 32, 30, 19, 21]
Round 7 | train_loss=1.7766 train_acc=0.3856 test_loss=2.3463 test_acc=0.2289
Round 8 | selected=[14, 39, 84, 69, 58, 11, 79, 44, 99, 86]
Round 8 | train_loss=1.8638 train_acc=0.3464 test_loss=1.9019 test_acc=0.2666
Round 9 | selected=[65, 67, 19, 15, 83, 72, 91, 25, 0, 3]
Round 9 | train_loss=1.7290 train_acc=0.4112 test_loss=2.0390 test_acc=0.2562
Round 10 | selected=[41, 79, 99, 18, 46, 7, 20, 74, 73, 33]
Round 10 | train_loss=1.7745 train_acc=0.3828 test_loss=1.9915 test_acc=0.2676
Round 11 | selected=[26, 48, 65, 63, 77, 20, 12, 81, 83, 30]
Round 11 | train_loss=1.7241 train_acc=0.4116 test_loss=1.8863 test_acc=0.3182
Round 12 | selected=[17, 12, 30, 9, 67, 97, 87, 35, 65, 14]
Round 12 | train_loss=1.7467 train_acc=0.4000 test_loss=1.8506 test_acc=0.3002
Round 13 | selected=[38, 49, 87, 82, 5, 97, 31, 93, 80, 58]
Round 13 | train_loss=1.5621 train_acc=0.4570 test_loss=1.7869 test_acc=0.3374
Round 14 | selected=[76, 65, 90, 20, 87, 52, 7, 28, 4, 81]
Round 14 | train_loss=1.6848 train_acc=0.3964 test_loss=1.7638 test_acc=0.3171
Round 15 | selected=[67, 29, 12, 96, 70, 48, 17, 83, 93, 62]
Round 15 | train_loss=1.5941 train_acc=0.4436 test_loss=1.8775 test_acc=0.2734
Round 16 | selected=[31, 16, 28, 87, 57, 21, 71, 24, 37, 83]
Round 16 | train_loss=1.4248 train_acc=0.5324 test_loss=2.8701 test_acc=0.2395
Round 17 | selected=[11, 21, 65, 34, 43, 10, 99, 71, 40, 14]
Round 17 | train_loss=1.8383 train_acc=0.4098 test_loss=2.6389 test_acc=0.2776
Round 18 | selected=[49, 17, 56, 0, 16, 99, 80, 6, 44, 40]
Round 18 | train_loss=1.8692 train_acc=0.4276 test_loss=2.1999 test_acc=0.2827
Round 19 | selected=[70, 38, 57, 98, 74, 14, 71, 81, 28, 97]
Round 19 | train_loss=1.7302 train_acc=0.4220 test_loss=2.0191 test_acc=0.2871
Round 20 | selected=[1, 16, 49, 67, 22, 27, 88, 76, 21, 15]
Round 20 | train_loss=1.6219 train_acc=0.4668 test_loss=1.9368 test_acc=0.3631
Round 21 | selected=[83, 43, 56, 50, 16, 18, 32, 15, 74, 62]
Round 21 | train_loss=1.6431 train_acc=0.4514 test_loss=1.9551 test_acc=0.2736
Round 22 | selected=[24, 34, 96, 18, 44, 92, 8, 32, 95, 90]
Round 22 | train_loss=1.5649 train_acc=0.4322 test_loss=1.7446 test_acc=0.3460
Round 23 | selected=[64, 65, 0, 57, 52, 97, 73, 19, 58, 4]
Round 23 | train_loss=1.5160 train_acc=0.4714 test_loss=2.0262 test_acc=0.2763
Round 24 | selected=[19, 94, 23, 25, 64, 77, 8, 81, 41, 10]
Round 24 | train_loss=1.7007 train_acc=0.4008 test_loss=1.6595 test_acc=0.3713
Round 25 | selected=[70, 34, 47, 84, 12, 40, 32, 64, 18, 83]
Round 25 | train_loss=1.5400 train_acc=0.4514 test_loss=1.7804 test_acc=0.3598
Round 26 | selected=[43, 79, 40, 96, 47, 24, 64, 11, 48, 42]
Round 26 | train_loss=1.5587 train_acc=0.4522 test_loss=1.8296 test_acc=0.3191
Round 27 | selected=[67, 41, 12, 54, 98, 21, 83, 13, 30, 1]
Round 27 | train_loss=1.5383 train_acc=0.4662 test_loss=1.6286 test_acc=0.4014
Round 28 | selected=[92, 72, 96, 76, 33, 15, 30, 46, 74, 23]
Round 28 | train_loss=1.5611 train_acc=0.4824 test_loss=1.7329 test_acc=0.3627
Round 29 | selected=[82, 77, 28, 32, 37, 26, 55, 67, 71, 44]
Round 29 | train_loss=1.4791 train_acc=0.5002 test_loss=1.9220 test_acc=0.3034
Round 30 | selected=[31, 96, 80, 66, 34, 26, 33, 3, 52, 11]
Round 30 | train_loss=1.5866 train_acc=0.4676 test_loss=1.8362 test_acc=0.3442
Round 31 | selected=[58, 10, 95, 55, 69, 25, 1, 13, 77, 65]
Round 31 | train_loss=1.5817 train_acc=0.4560 test_loss=1.6432 test_acc=0.3910
Round 32 | selected=[53, 30, 66, 76, 6, 85, 81, 48, 54, 5]
Round 32 | train_loss=1.5518 train_acc=0.4658 test_loss=1.7499 test_acc=0.3463
Round 33 | selected=[91, 75, 14, 11, 33, 80, 8, 47, 82, 37]
Round 33 | train_loss=1.4358 train_acc=0.4936 test_loss=1.9109 test_acc=0.3080
Round 34 | selected=[54, 94, 5, 99, 64, 91, 80, 62, 36, 52]
Round 34 | train_loss=1.5409 train_acc=0.4812 test_loss=2.0137 test_acc=0.3621
Round 35 | selected=[5, 20, 50, 98, 84, 74, 51, 91, 44, 78]
Round 35 | train_loss=1.5246 train_acc=0.4776 test_loss=1.7282 test_acc=0.3443
Round 36 | selected=[78, 31, 53, 12, 21, 49, 76, 46, 80, 2]
Round 36 | train_loss=1.3250 train_acc=0.5376 test_loss=2.0498 test_acc=0.3165
Round 37 | selected=[61, 19, 23, 45, 12, 65, 27, 39, 85, 24]
Round 37 | train_loss=1.6759 train_acc=0.4416 test_loss=1.6727 test_acc=0.3945
Round 38 | selected=[24, 92, 93, 64, 44, 89, 42, 35, 45, 20]
Round 38 | train_loss=1.4846 train_acc=0.4990 test_loss=1.5831 test_acc=0.3976
Round 39 | selected=[95, 2, 21, 56, 41, 52, 31, 55, 23, 57]
Round 39 | train_loss=1.2905 train_acc=0.5464 test_loss=2.1818 test_acc=0.2633
Round 40 | selected=[80, 69, 90, 46, 78, 67, 38, 55, 10, 49]
Round 40 | train_loss=1.5748 train_acc=0.4708 test_loss=2.2152 test_acc=0.3743
Round 41 | selected=[70, 76, 56, 97, 71, 44, 64, 94, 4, 36]
Round 41 | train_loss=1.6284 train_acc=0.4900 test_loss=1.8877 test_acc=0.3667
Round 42 | selected=[94, 14, 80, 79, 17, 23, 33, 2, 44, 88]
Round 42 | train_loss=1.5004 train_acc=0.4678 test_loss=1.6725 test_acc=0.4182
Round 43 | selected=[66, 91, 58, 96, 1, 49, 38, 16, 89, 39]
Round 43 | train_loss=1.4385 train_acc=0.4956 test_loss=1.6025 test_acc=0.4357
Round 44 | selected=[91, 90, 7, 26, 99, 12, 54, 48, 0, 36]
Round 44 | train_loss=1.4396 train_acc=0.5042 test_loss=1.6078 test_acc=0.4100
Round 45 | selected=[47, 6, 4, 38, 14, 62, 40, 63, 41, 99]
Round 45 | train_loss=1.4227 train_acc=0.5052 test_loss=1.6514 test_acc=0.3971
Round 46 | selected=[2, 52, 60, 29, 57, 71, 33, 39, 75, 95]
Round 46 | train_loss=1.5394 train_acc=0.4714 test_loss=1.8180 test_acc=0.3676
Round 47 | selected=[92, 35, 28, 54, 74, 46, 49, 13, 62, 4]
Round 47 | train_loss=1.5379 train_acc=0.4940 test_loss=1.8150 test_acc=0.3941
Round 48 | selected=[97, 40, 62, 82, 13, 85, 78, 32, 63, 43]
Round 48 | train_loss=1.3992 train_acc=0.5120 test_loss=2.0207 test_acc=0.3554
Round 49 | selected=[5, 6, 35, 70, 67, 94, 82, 33, 45, 91]
Round 49 | train_loss=1.6177 train_acc=0.4842 test_loss=1.7605 test_acc=0.4349
Round 50 | selected=[58, 48, 26, 18, 85, 14, 75, 81, 29, 47]
Round 50 | train_loss=1.5413 train_acc=0.4732 test_loss=1.5180 test_acc=0.4362
Round 51 | selected=[5, 11, 20, 81, 75, 4, 32, 86, 17, 7]
Round 51 | train_loss=1.4420 train_acc=0.5068 test_loss=1.5267 test_acc=0.4570
Round 52 | selected=[41, 98, 97, 1, 93, 3, 33, 87, 88, 31]
Round 52 | train_loss=1.4533 train_acc=0.4956 test_loss=1.6346 test_acc=0.3666
Round 53 | selected=[66, 26, 17, 68, 79, 88, 27, 25, 89, 12]
Round 53 | train_loss=1.4187 train_acc=0.4986 test_loss=1.4822 test_acc=0.4684
Round 54 | selected=[13, 22, 89, 3, 91, 63, 61, 14, 90, 95]
Round 54 | train_loss=1.2942 train_acc=0.5552 test_loss=1.4568 test_acc=0.4670
Round 55 | selected=[18, 90, 57, 2, 98, 61, 67, 51, 60, 76]
Round 55 | train_loss=1.4302 train_acc=0.5062 test_loss=1.6275 test_acc=0.3966
Round 56 | selected=[20, 50, 90, 10, 18, 73, 52, 26, 41, 76]
Round 56 | train_loss=1.4370 train_acc=0.4908 test_loss=1.4026 test_acc=0.4944
Round 57 | selected=[44, 6, 91, 4, 15, 23, 76, 36, 73, 50]
Round 57 | train_loss=1.2933 train_acc=0.5682 test_loss=1.4741 test_acc=0.4586
Round 58 | selected=[76, 70, 99, 41, 38, 17, 77, 34, 21, 59]
Round 58 | train_loss=1.3810 train_acc=0.5282 test_loss=1.4008 test_acc=0.4862
Round 59 | selected=[31, 41, 12, 17, 67, 42, 84, 82, 16, 69]
Round 59 | train_loss=1.2622 train_acc=0.5616 test_loss=1.4579 test_acc=0.4655
Round 60 | selected=[6, 43, 10, 86, 28, 11, 19, 79, 39, 60]
Round 60 | train_loss=1.3499 train_acc=0.5262 test_loss=1.4218 test_acc=0.4573
Round 61 | selected=[46, 2, 96, 11, 65, 66, 23, 24, 78, 19]
Round 61 | train_loss=1.2952 train_acc=0.5490 test_loss=1.5318 test_acc=0.4428
Round 62 | selected=[88, 68, 83, 23, 30, 86, 70, 0, 97, 75]
Round 62 | train_loss=1.3505 train_acc=0.5348 test_loss=1.4562 test_acc=0.4501
Round 63 | selected=[16, 27, 68, 1, 40, 96, 88, 34, 77, 53]
Round 63 | train_loss=1.3746 train_acc=0.5326 test_loss=1.3933 test_acc=0.4884
Round 64 | selected=[9, 76, 78, 87, 2, 79, 65, 37, 60, 64]
Round 64 | train_loss=1.3425 train_acc=0.5328 test_loss=2.1077 test_acc=0.3389
Round 65 | selected=[79, 96, 86, 98, 9, 75, 58, 87, 51, 17]
Round 65 | train_loss=1.6147 train_acc=0.4852 test_loss=1.6403 test_acc=0.4454
Round 66 | selected=[3, 41, 39, 35, 38, 13, 11, 31, 81, 1]
Round 66 | train_loss=1.3739 train_acc=0.5226 test_loss=1.8261 test_acc=0.3594
Round 67 | selected=[45, 75, 3, 47, 57, 56, 88, 79, 8, 22]
Round 67 | train_loss=1.3628 train_acc=0.5458 test_loss=1.6072 test_acc=0.4224
Round 68 | selected=[65, 16, 0, 7, 40, 77, 81, 41, 60, 83]
Round 68 | train_loss=1.4371 train_acc=0.5234 test_loss=1.6614 test_acc=0.4186
Round 69 | selected=[18, 68, 89, 15, 88, 93, 49, 92, 67, 38]
Round 69 | train_loss=1.4670 train_acc=0.5030 test_loss=1.5659 test_acc=0.4416
Round 70 | selected=[1, 99, 7, 54, 51, 92, 67, 95, 88, 50]
Round 70 | train_loss=1.3766 train_acc=0.5278 test_loss=1.3779 test_acc=0.4782
Round 71 | selected=[45, 20, 79, 28, 66, 94, 35, 11, 93, 33]
Round 71 | train_loss=1.3398 train_acc=0.5196 test_loss=1.5686 test_acc=0.4544
Round 72 | selected=[64, 43, 83, 81, 5, 71, 95, 58, 11, 74]
Round 72 | train_loss=1.2910 train_acc=0.5574 test_loss=1.6681 test_acc=0.4266
Round 73 | selected=[50, 32, 0, 81, 8, 64, 66, 60, 70, 45]
Round 73 | train_loss=1.4670 train_acc=0.4998 test_loss=1.4401 test_acc=0.4737
Round 74 | selected=[92, 58, 39, 11, 3, 84, 97, 85, 20, 65]
Round 74 | train_loss=1.2998 train_acc=0.5472 test_loss=1.3994 test_acc=0.4740
Round 75 | selected=[92, 29, 28, 26, 10, 65, 85, 84, 43, 42]
Round 75 | train_loss=1.3330 train_acc=0.5442 test_loss=1.4057 test_acc=0.4743
Round 76 | selected=[93, 19, 91, 29, 14, 4, 88, 32, 0, 11]
Round 76 | train_loss=1.3549 train_acc=0.5180 test_loss=1.6041 test_acc=0.4467
Round 77 | selected=[58, 76, 51, 88, 10, 37, 94, 99, 69, 89]
Round 77 | train_loss=1.2952 train_acc=0.5650 test_loss=1.7712 test_acc=0.4147
Round 78 | selected=[6, 3, 33, 78, 32, 97, 83, 86, 80, 62]
Round 78 | train_loss=1.4194 train_acc=0.5218 test_loss=1.6731 test_acc=0.4329
Round 79 | selected=[88, 71, 8, 85, 82, 50, 51, 44, 14, 56]
Round 79 | train_loss=1.3978 train_acc=0.5360 test_loss=1.5019 test_acc=0.4645
Round 80 | selected=[2, 7, 13, 46, 71, 19, 24, 77, 86, 79]
Round 80 | train_loss=1.3005 train_acc=0.5528 test_loss=1.5037 test_acc=0.4727
Round 81 | selected=[25, 90, 13, 32, 59, 66, 54, 81, 67, 16]
Round 81 | train_loss=1.3254 train_acc=0.5338 test_loss=1.4745 test_acc=0.4802
Round 82 | selected=[85, 20, 54, 73, 50, 70, 71, 51, 99, 74]
Round 82 | train_loss=1.2509 train_acc=0.5728 test_loss=1.3731 test_acc=0.4902
Round 83 | selected=[42, 20, 17, 11, 98, 10, 46, 84, 38, 53]
Round 83 | train_loss=1.2895 train_acc=0.5490 test_loss=1.4520 test_acc=0.4685
Round 84 | selected=[72, 1, 52, 21, 9, 5, 69, 45, 74, 58]
Round 84 | train_loss=1.3104 train_acc=0.5592 test_loss=1.4541 test_acc=0.4742
Round 85 | selected=[74, 13, 75, 78, 80, 24, 8, 30, 97, 20]
Round 85 | train_loss=1.2645 train_acc=0.5658 test_loss=1.6907 test_acc=0.4411
Round 86 | selected=[48, 45, 38, 10, 71, 84, 82, 53, 42, 7]
Round 86 | train_loss=1.2809 train_acc=0.5590 test_loss=1.3078 test_acc=0.5180
Round 87 | selected=[98, 54, 40, 95, 59, 88, 92, 93, 28, 97]
Round 87 | train_loss=1.2356 train_acc=0.5732 test_loss=1.4302 test_acc=0.4723
Round 88 | selected=[16, 44, 9, 82, 81, 18, 85, 94, 64, 88]
Round 88 | train_loss=1.1791 train_acc=0.5952 test_loss=1.3576 test_acc=0.5172
Round 89 | selected=[18, 61, 27, 67, 48, 57, 95, 49, 76, 30]
Round 89 | train_loss=1.2561 train_acc=0.5818 test_loss=1.5354 test_acc=0.4629
Round 90 | selected=[90, 31, 36, 67, 7, 93, 1, 77, 11, 15]
Round 90 | train_loss=1.3234 train_acc=0.5672 test_loss=1.4161 test_acc=0.4913
Round 91 | selected=[50, 15, 33, 91, 99, 98, 2, 67, 49, 43]
Round 91 | train_loss=1.2801 train_acc=0.5612 test_loss=1.6299 test_acc=0.4890
Round 92 | selected=[47, 23, 16, 25, 85, 13, 15, 12, 55, 97]
Round 92 | train_loss=1.4001 train_acc=0.5494 test_loss=1.3657 test_acc=0.5135
Round 93 | selected=[10, 5, 36, 2, 76, 89, 40, 12, 58, 47]
Round 93 | train_loss=1.2889 train_acc=0.5650 test_loss=1.4500 test_acc=0.4881
Round 94 | selected=[56, 51, 89, 78, 22, 87, 67, 62, 11, 91]
Round 94 | train_loss=1.0883 train_acc=0.6242 test_loss=1.3778 test_acc=0.5005
Round 95 | selected=[36, 56, 50, 92, 13, 42, 93, 8, 20, 45]
Round 95 | train_loss=1.2758 train_acc=0.5710 test_loss=1.6281 test_acc=0.4708
Round 96 | selected=[42, 2, 44, 21, 74, 82, 34, 83, 49, 31]
Round 96 | train_loss=1.2182 train_acc=0.5906 test_loss=2.1968 test_acc=0.3328
Round 97 | selected=[20, 33, 86, 30, 23, 31, 71, 2, 50, 69]
Round 97 | train_loss=1.3269 train_acc=0.5574 test_loss=1.6228 test_acc=0.4784
Round 98 | selected=[75, 45, 13, 32, 12, 54, 16, 80, 83, 86]
Round 98 | train_loss=1.1997 train_acc=0.5950 test_loss=1.4433 test_acc=0.5056
Round 99 | selected=[31, 83, 63, 91, 90, 35, 69, 82, 16, 49]
Round 99 | train_loss=1.1657 train_acc=0.6090 test_loss=1.3487 test_acc=0.5023
Round 100 | selected=[45, 35, 10, 6, 64, 72, 34, 37, 75, 7]
Round 100 | train_loss=1.1981 train_acc=0.5946 test_loss=1.4004 test_acc=0.5103
Round 101 | selected=[1, 11, 21, 12, 36, 50, 53, 52, 9, 37]
Round 101 | train_loss=1.1553 train_acc=0.6032 test_loss=1.3904 test_acc=0.5052
Round 102 | selected=[78, 94, 38, 97, 29, 51, 73, 52, 76, 1]
Round 102 | train_loss=1.1986 train_acc=0.5844 test_loss=1.1876 test_acc=0.5557
Round 103 | selected=[48, 85, 24, 15, 40, 35, 70, 43, 90, 26]
Round 103 | train_loss=1.1206 train_acc=0.6114 test_loss=1.3148 test_acc=0.5210
Round 104 | selected=[37, 29, 21, 85, 7, 4, 79, 76, 47, 23]
Round 104 | train_loss=1.2169 train_acc=0.5834 test_loss=1.5670 test_acc=0.4456
Round 105 | selected=[42, 23, 78, 32, 19, 3, 21, 57, 24, 98]
Round 105 | train_loss=1.1875 train_acc=0.5940 test_loss=1.2412 test_acc=0.5563
Round 106 | selected=[25, 82, 31, 36, 65, 7, 41, 66, 75, 58]
Round 106 | train_loss=1.1253 train_acc=0.6088 test_loss=1.1789 test_acc=0.5605
Round 107 | selected=[37, 63, 64, 13, 73, 79, 33, 56, 10, 99]
Round 107 | train_loss=1.1487 train_acc=0.6018 test_loss=1.3437 test_acc=0.4999
Round 108 | selected=[66, 64, 2, 75, 29, 4, 16, 99, 77, 0]
Round 108 | train_loss=1.3295 train_acc=0.5598 test_loss=1.2985 test_acc=0.5321
Round 109 | selected=[43, 74, 18, 13, 17, 91, 71, 82, 85, 35]
Round 109 | train_loss=1.1293 train_acc=0.6186 test_loss=1.4107 test_acc=0.5112
Round 110 | selected=[49, 89, 46, 3, 79, 82, 16, 90, 57, 58]
Round 110 | train_loss=1.1678 train_acc=0.5976 test_loss=1.4350 test_acc=0.4945
Round 111 | selected=[12, 41, 68, 0, 93, 29, 81, 54, 44, 57]
Round 111 | train_loss=1.2403 train_acc=0.5712 test_loss=1.2404 test_acc=0.5568
Round 112 | selected=[16, 86, 51, 25, 57, 48, 34, 36, 63, 76]
Round 112 | train_loss=1.0577 train_acc=0.6374 test_loss=1.2224 test_acc=0.5574
Round 113 | selected=[70, 34, 33, 48, 27, 16, 50, 44, 24, 75]
Round 113 | train_loss=1.1270 train_acc=0.6046 test_loss=1.4382 test_acc=0.4913
Round 114 | selected=[26, 31, 15, 13, 51, 96, 86, 39, 90, 19]
Round 114 | train_loss=1.1634 train_acc=0.6016 test_loss=1.4764 test_acc=0.4900
Round 115 | selected=[71, 72, 74, 12, 84, 99, 76, 68, 59, 36]
Round 115 | train_loss=1.2243 train_acc=0.5926 test_loss=1.4410 test_acc=0.5100
Round 116 | selected=[6, 35, 55, 52, 97, 78, 5, 76, 53, 56]
Round 116 | train_loss=1.1778 train_acc=0.5958 test_loss=1.5556 test_acc=0.4576
Round 117 | selected=[33, 96, 7, 4, 53, 81, 67, 24, 88, 64]
Round 117 | train_loss=1.3279 train_acc=0.5518 test_loss=1.9017 test_acc=0.4193
Round 118 | selected=[24, 17, 90, 76, 39, 34, 35, 2, 66, 12]
Round 118 | train_loss=1.4078 train_acc=0.5368 test_loss=1.7133 test_acc=0.4502
Round 119 | selected=[64, 97, 94, 24, 45, 22, 48, 25, 81, 57]
Round 119 | train_loss=1.1201 train_acc=0.6292 test_loss=1.2671 test_acc=0.5661
Round 120 | selected=[28, 38, 41, 36, 30, 79, 5, 61, 50, 20]
Round 120 | train_loss=1.2055 train_acc=0.5802 test_loss=1.2661 test_acc=0.5551
Round 121 | selected=[34, 62, 94, 41, 27, 64, 96, 72, 45, 18]
Round 121 | train_loss=1.1660 train_acc=0.6130 test_loss=1.3672 test_acc=0.5084
Round 122 | selected=[76, 61, 9, 70, 37, 74, 85, 89, 64, 94]
Round 122 | train_loss=1.0791 train_acc=0.6286 test_loss=1.2780 test_acc=0.5483
Round 123 | selected=[28, 25, 19, 75, 43, 44, 87, 20, 38, 53]
Round 123 | train_loss=1.2616 train_acc=0.5770 test_loss=1.1849 test_acc=0.5722
Round 124 | selected=[99, 88, 92, 27, 57, 41, 61, 5, 11, 0]
Round 124 | train_loss=1.1526 train_acc=0.5974 test_loss=1.3631 test_acc=0.5190
Round 125 | selected=[20, 74, 28, 12, 55, 44, 81, 15, 50, 40]
Round 125 | train_loss=1.2222 train_acc=0.5842 test_loss=1.3840 test_acc=0.5213
Round 126 | selected=[71, 60, 16, 46, 39, 69, 48, 52, 23, 78]
Round 126 | train_loss=1.2859 train_acc=0.5786 test_loss=1.5536 test_acc=0.4666
Round 127 | selected=[61, 57, 4, 87, 66, 58, 82, 28, 26, 52]
Round 127 | train_loss=1.1531 train_acc=0.6132 test_loss=1.4815 test_acc=0.5147
Round 128 | selected=[68, 7, 43, 81, 46, 88, 94, 48, 47, 31]
Round 128 | train_loss=1.1107 train_acc=0.6118 test_loss=1.6268 test_acc=0.4425
Round 129 | selected=[68, 3, 51, 92, 84, 88, 79, 56, 85, 75]
Round 129 | train_loss=1.2295 train_acc=0.5808 test_loss=1.4207 test_acc=0.5321
Round 130 | selected=[38, 15, 69, 9, 21, 82, 43, 18, 92, 87]
Round 130 | train_loss=1.1334 train_acc=0.6238 test_loss=1.4848 test_acc=0.4918
Round 131 | selected=[3, 43, 73, 91, 81, 80, 55, 40, 14, 58]
Round 131 | train_loss=1.1316 train_acc=0.6088 test_loss=1.3110 test_acc=0.5438
Round 132 | selected=[93, 63, 46, 12, 78, 82, 52, 26, 86, 70]
Round 132 | train_loss=1.0539 train_acc=0.6322 test_loss=1.2237 test_acc=0.5505
Round 133 | selected=[51, 1, 92, 77, 82, 49, 75, 97, 36, 56]
Round 133 | train_loss=1.1076 train_acc=0.6132 test_loss=1.2462 test_acc=0.5527
Round 134 | selected=[80, 73, 62, 87, 45, 83, 89, 75, 46, 17]
Round 134 | train_loss=1.0329 train_acc=0.6518 test_loss=1.1444 test_acc=0.5878
Round 135 | selected=[8, 60, 45, 32, 28, 74, 93, 84, 29, 49]
Round 135 | train_loss=1.1687 train_acc=0.5974 test_loss=1.1299 test_acc=0.5913
Round 136 | selected=[69, 97, 91, 1, 40, 67, 98, 13, 56, 36]
Round 136 | train_loss=1.0534 train_acc=0.6368 test_loss=1.2375 test_acc=0.5640
Round 137 | selected=[54, 78, 37, 13, 5, 57, 2, 44, 48, 28]
Round 137 | train_loss=0.9563 train_acc=0.6738 test_loss=1.7045 test_acc=0.4250
Round 138 | selected=[26, 13, 33, 8, 77, 31, 28, 70, 47, 57]
Round 138 | train_loss=1.0746 train_acc=0.6404 test_loss=1.1271 test_acc=0.5942
Round 139 | selected=[74, 93, 85, 18, 84, 21, 68, 62, 72, 7]
Round 139 | train_loss=1.0025 train_acc=0.6588 test_loss=1.1941 test_acc=0.5714
Round 140 | selected=[63, 1, 77, 51, 48, 30, 67, 55, 36, 13]
Round 140 | train_loss=1.0875 train_acc=0.6136 test_loss=1.4517 test_acc=0.5130
Round 141 | selected=[48, 91, 29, 60, 4, 9, 22, 27, 45, 21]
Round 141 | train_loss=1.1796 train_acc=0.6212 test_loss=1.4606 test_acc=0.4897
Round 142 | selected=[22, 18, 17, 0, 42, 24, 13, 91, 35, 88]
Round 142 | train_loss=1.1003 train_acc=0.6350 test_loss=1.3633 test_acc=0.5499
Round 143 | selected=[5, 48, 37, 43, 54, 88, 30, 61, 34, 79]
Round 143 | train_loss=1.0367 train_acc=0.6440 test_loss=1.3152 test_acc=0.5345
Round 144 | selected=[2, 85, 26, 42, 67, 68, 93, 76, 58, 74]
Round 144 | train_loss=1.0723 train_acc=0.6280 test_loss=1.2572 test_acc=0.5631
Round 145 | selected=[52, 31, 1, 92, 23, 96, 40, 0, 16, 9]
Round 145 | train_loss=1.2069 train_acc=0.6042 test_loss=1.5378 test_acc=0.4955
Round 146 | selected=[34, 88, 98, 86, 89, 59, 60, 81, 28, 9]
Round 146 | train_loss=1.1705 train_acc=0.5982 test_loss=1.6023 test_acc=0.4857
Round 147 | selected=[59, 37, 57, 27, 82, 44, 83, 51, 92, 99]
Round 147 | train_loss=1.0472 train_acc=0.6496 test_loss=2.0891 test_acc=0.4194
Round 148 | selected=[73, 1, 71, 81, 14, 65, 8, 89, 67, 80]
Round 148 | train_loss=1.2041 train_acc=0.6128 test_loss=1.9515 test_acc=0.4783
Round 149 | selected=[87, 89, 42, 75, 8, 47, 19, 48, 50, 34]
Round 149 | train_loss=1.1687 train_acc=0.5920 test_loss=1.4444 test_acc=0.5237
Round 150 | selected=[92, 9, 4, 32, 53, 80, 22, 68, 2, 31]
Round 150 | train_loss=1.0170 train_acc=0.6582 test_loss=1.2787 test_acc=0.5498
Round 151 | selected=[79, 95, 42, 6, 1, 17, 76, 83, 73, 3]
Round 151 | train_loss=1.0270 train_acc=0.6404 test_loss=1.4175 test_acc=0.5358
Round 152 | selected=[93, 44, 6, 0, 10, 82, 81, 86, 48, 89]
Round 152 | train_loss=1.0209 train_acc=0.6378 test_loss=1.0787 test_acc=0.6093
Round 153 | selected=[32, 72, 9, 43, 55, 67, 78, 4, 6, 66]
Round 153 | train_loss=1.0192 train_acc=0.6526 test_loss=1.2127 test_acc=0.5664
Round 154 | selected=[31, 20, 52, 36, 15, 99, 72, 26, 40, 63]
Round 154 | train_loss=1.0082 train_acc=0.6570 test_loss=1.0994 test_acc=0.6081
Round 155 | selected=[78, 96, 56, 75, 63, 93, 38, 45, 89, 55]
Round 155 | train_loss=1.0349 train_acc=0.6392 test_loss=1.1861 test_acc=0.5769
Round 156 | selected=[64, 4, 87, 76, 91, 15, 95, 13, 83, 26]
Round 156 | train_loss=0.9259 train_acc=0.6974 test_loss=1.1694 test_acc=0.5810
Round 157 | selected=[0, 94, 14, 44, 90, 39, 93, 9, 96, 28]
Round 157 | train_loss=1.1259 train_acc=0.6122 test_loss=1.1989 test_acc=0.5829
Round 158 | selected=[35, 68, 67, 0, 54, 29, 85, 38, 47, 62]
Round 158 | train_loss=1.0568 train_acc=0.6402 test_loss=0.9859 test_acc=0.6467
Round 159 | selected=[87, 9, 16, 11, 92, 98, 24, 59, 46, 5]
Round 159 | train_loss=1.0215 train_acc=0.6604 test_loss=1.5031 test_acc=0.5091
Round 160 | selected=[16, 73, 81, 92, 30, 45, 27, 55, 80, 67]
Round 160 | train_loss=0.9781 train_acc=0.6616 test_loss=1.0118 test_acc=0.6429
Round 161 | selected=[77, 1, 56, 94, 89, 2, 20, 63, 72, 10]
Round 161 | train_loss=0.9904 train_acc=0.6548 test_loss=1.0704 test_acc=0.6120
Round 162 | selected=[8, 60, 47, 67, 14, 15, 43, 6, 85, 73]
Round 162 | train_loss=1.0609 train_acc=0.6410 test_loss=1.0569 test_acc=0.6217
Round 163 | selected=[13, 25, 29, 69, 22, 95, 50, 91, 38, 58]
Round 163 | train_loss=0.9463 train_acc=0.6694 test_loss=1.0740 test_acc=0.6244
Round 164 | selected=[63, 27, 66, 11, 8, 33, 28, 51, 97, 46]
Round 164 | train_loss=1.0204 train_acc=0.6490 test_loss=1.2373 test_acc=0.5621
Round 165 | selected=[68, 28, 63, 42, 10, 36, 34, 17, 25, 82]
Round 165 | train_loss=0.9955 train_acc=0.6570 test_loss=1.2424 test_acc=0.5779
Round 166 | selected=[22, 85, 98, 52, 86, 9, 88, 33, 80, 83]
Round 166 | train_loss=1.0274 train_acc=0.6340 test_loss=1.3385 test_acc=0.5444
Round 167 | selected=[27, 14, 36, 1, 31, 93, 56, 13, 35, 12]
Round 167 | train_loss=1.0849 train_acc=0.6400 test_loss=1.3670 test_acc=0.5571
Round 168 | selected=[22, 70, 43, 62, 93, 20, 1, 74, 92, 4]
Round 168 | train_loss=1.0686 train_acc=0.6376 test_loss=1.4229 test_acc=0.5283
Round 169 | selected=[77, 37, 53, 68, 18, 0, 74, 71, 40, 91]
Round 169 | train_loss=1.0293 train_acc=0.6500 test_loss=1.2827 test_acc=0.5598
Round 170 | selected=[90, 83, 81, 84, 56, 64, 42, 15, 99, 97]
Round 170 | train_loss=1.0625 train_acc=0.6402 test_loss=1.5904 test_acc=0.4853
Round 171 | selected=[11, 16, 40, 42, 64, 45, 33, 52, 4, 56]
Round 171 | train_loss=1.0790 train_acc=0.6380 test_loss=1.1849 test_acc=0.5832
Round 172 | selected=[56, 48, 57, 69, 58, 18, 21, 79, 59, 81]
Round 172 | train_loss=1.0319 train_acc=0.6464 test_loss=1.3124 test_acc=0.5398
Round 173 | selected=[38, 78, 27, 77, 11, 34, 92, 6, 63, 44]
Round 173 | train_loss=1.0309 train_acc=0.6424 test_loss=1.2446 test_acc=0.5749
Round 174 | selected=[14, 51, 84, 53, 69, 43, 13, 17, 16, 58]
Round 174 | train_loss=1.0295 train_acc=0.6498 test_loss=1.0915 test_acc=0.6087
Round 175 | selected=[75, 1, 58, 97, 62, 9, 19, 14, 71, 99]
Round 175 | train_loss=1.0107 train_acc=0.6518 test_loss=1.1026 test_acc=0.5974
Round 176 | selected=[25, 8, 30, 37, 35, 72, 67, 53, 83, 2]
Round 176 | train_loss=0.9483 train_acc=0.6792 test_loss=1.2761 test_acc=0.5571
Round 177 | selected=[9, 87, 86, 78, 33, 39, 10, 59, 58, 48]
Round 177 | train_loss=1.0396 train_acc=0.6408 test_loss=1.3054 test_acc=0.5547
Round 178 | selected=[40, 86, 7, 66, 69, 49, 13, 28, 75, 39]
Round 178 | train_loss=1.0439 train_acc=0.6340 test_loss=1.0474 test_acc=0.6218
Round 179 | selected=[8, 1, 83, 97, 43, 90, 21, 93, 62, 69]
Round 179 | train_loss=0.9969 train_acc=0.6638 test_loss=1.2403 test_acc=0.5742
Round 180 | selected=[31, 61, 2, 26, 28, 67, 44, 22, 24, 98]
Round 180 | train_loss=0.8834 train_acc=0.7004 test_loss=1.3851 test_acc=0.5385
Round 181 | selected=[54, 43, 64, 94, 18, 90, 39, 66, 78, 12]
Round 181 | train_loss=1.1277 train_acc=0.6190 test_loss=1.1472 test_acc=0.6098
Round 182 | selected=[89, 29, 33, 0, 84, 64, 60, 25, 79, 96]
Round 182 | train_loss=1.0487 train_acc=0.6318 test_loss=0.9766 test_acc=0.6522
Round 183 | selected=[44, 47, 24, 89, 68, 57, 80, 76, 28, 82]
Round 183 | train_loss=0.8717 train_acc=0.7036 test_loss=1.0737 test_acc=0.6321
Round 184 | selected=[33, 67, 90, 36, 56, 81, 34, 10, 97, 49]
Round 184 | train_loss=1.0511 train_acc=0.6292 test_loss=1.3049 test_acc=0.5452
Round 185 | selected=[48, 42, 79, 56, 0, 43, 76, 78, 7, 38]
Round 185 | train_loss=0.9966 train_acc=0.6414 test_loss=1.1552 test_acc=0.6032
Round 186 | selected=[79, 82, 47, 46, 59, 96, 85, 0, 50, 31]
Round 186 | train_loss=0.9785 train_acc=0.6544 test_loss=1.0183 test_acc=0.6322
Round 187 | selected=[98, 69, 25, 4, 57, 41, 47, 13, 16, 31]
Round 187 | train_loss=0.9720 train_acc=0.6744 test_loss=1.0986 test_acc=0.6234
Round 188 | selected=[0, 9, 55, 4, 32, 5, 22, 79, 46, 18]
Round 188 | train_loss=0.9780 train_acc=0.6610 test_loss=1.0991 test_acc=0.6077
Round 189 | selected=[44, 11, 7, 29, 65, 0, 99, 55, 93, 86]
Round 189 | train_loss=1.0256 train_acc=0.6468 test_loss=1.0661 test_acc=0.6120
Round 190 | selected=[41, 25, 89, 74, 31, 21, 34, 6, 27, 20]
Round 190 | train_loss=0.9554 train_acc=0.6706 test_loss=1.5123 test_acc=0.4995
Round 191 | selected=[5, 4, 95, 69, 91, 42, 77, 56, 29, 13]
Round 191 | train_loss=1.0271 train_acc=0.6554 test_loss=1.7367 test_acc=0.5586
Round 192 | selected=[77, 20, 65, 82, 52, 29, 60, 88, 74, 36]
Round 192 | train_loss=1.1327 train_acc=0.6178 test_loss=1.4336 test_acc=0.5161
Round 193 | selected=[37, 72, 48, 32, 79, 78, 82, 42, 28, 52]
Round 193 | train_loss=0.9489 train_acc=0.6762 test_loss=1.4620 test_acc=0.5334
Round 194 | selected=[87, 22, 15, 79, 38, 54, 56, 50, 20, 14]
Round 194 | train_loss=0.9521 train_acc=0.6730 test_loss=1.1297 test_acc=0.6084
Round 195 | selected=[19, 88, 26, 22, 10, 55, 25, 45, 89, 8]
Round 195 | train_loss=0.8780 train_acc=0.6968 test_loss=1.0191 test_acc=0.6317
Round 196 | selected=[4, 39, 95, 45, 27, 94, 10, 15, 12, 58]
Round 196 | train_loss=0.9517 train_acc=0.6724 test_loss=1.2035 test_acc=0.5824
Round 197 | selected=[13, 78, 76, 95, 20, 94, 70, 62, 90, 34]
Round 197 | train_loss=0.9345 train_acc=0.6758 test_loss=1.3682 test_acc=0.5465
Round 198 | selected=[79, 56, 26, 35, 22, 57, 20, 0, 11, 5]
Round 198 | train_loss=0.8633 train_acc=0.6994 test_loss=1.2969 test_acc=0.5569
Round 199 | selected=[65, 68, 20, 67, 93, 91, 21, 11, 33, 38]
Round 199 | train_loss=0.9604 train_acc=0.6646 test_loss=1.2306 test_acc=0.5822
Round 200 | selected=[64, 90, 8, 33, 75, 32, 66, 37, 31, 17]
Round 200 | train_loss=0.9676 train_acc=0.6656 test_loss=1.7862 test_acc=0.4583
Round 201 | selected=[77, 9, 70, 84, 8, 3, 32, 56, 27, 88]
Round 201 | train_loss=1.1009 train_acc=0.6278 test_loss=1.4850 test_acc=0.5600
Round 202 | selected=[72, 50, 81, 11, 75, 64, 80, 55, 10, 9]
Round 202 | train_loss=0.9356 train_acc=0.6768 test_loss=1.0791 test_acc=0.6162
Round 203 | selected=[62, 75, 2, 59, 43, 39, 11, 85, 98, 72]
Round 203 | train_loss=0.9216 train_acc=0.6826 test_loss=1.0727 test_acc=0.6200
Round 204 | selected=[12, 63, 70, 98, 17, 72, 27, 96, 21, 47]
Round 204 | train_loss=0.9120 train_acc=0.6828 test_loss=1.0260 test_acc=0.6291
Round 205 | selected=[36, 19, 77, 68, 14, 69, 53, 94, 76, 32]
Round 205 | train_loss=0.9871 train_acc=0.6540 test_loss=0.9694 test_acc=0.6580
Round 206 | selected=[46, 12, 29, 33, 79, 78, 67, 49, 61, 53]
Round 206 | train_loss=1.0175 train_acc=0.6418 test_loss=0.9843 test_acc=0.6439
Round 207 | selected=[85, 99, 2, 29, 54, 67, 31, 78, 52, 44]
Round 207 | train_loss=0.9180 train_acc=0.6856 test_loss=1.0003 test_acc=0.6415
Round 208 | selected=[85, 89, 73, 55, 66, 97, 27, 3, 75, 32]
Round 208 | train_loss=1.0111 train_acc=0.6466 test_loss=0.9865 test_acc=0.6555
Round 209 | selected=[65, 16, 41, 78, 73, 48, 3, 66, 90, 33]
Round 209 | train_loss=0.9910 train_acc=0.6560 test_loss=0.9321 test_acc=0.6642
Round 210 | selected=[95, 31, 82, 25, 67, 93, 73, 16, 22, 40]
Round 210 | train_loss=0.8167 train_acc=0.7228 test_loss=1.0772 test_acc=0.6335
Round 211 | selected=[44, 34, 32, 13, 37, 61, 25, 53, 21, 78]
Round 211 | train_loss=0.8797 train_acc=0.7012 test_loss=0.9762 test_acc=0.6482
Round 212 | selected=[48, 57, 11, 53, 14, 40, 62, 31, 83, 98]
Round 212 | train_loss=0.8499 train_acc=0.7072 test_loss=1.0476 test_acc=0.6376
Round 213 | selected=[74, 64, 18, 85, 44, 70, 7, 29, 56, 26]
Round 213 | train_loss=0.9247 train_acc=0.6830 test_loss=1.0807 test_acc=0.6279
Round 214 | selected=[69, 37, 68, 65, 38, 89, 86, 15, 61, 1]
Round 214 | train_loss=0.8583 train_acc=0.7150 test_loss=1.1603 test_acc=0.6015
Round 215 | selected=[76, 61, 41, 43, 55, 46, 62, 99, 14, 19]
Round 215 | train_loss=0.9854 train_acc=0.6590 test_loss=1.0510 test_acc=0.6392
Round 216 | selected=[36, 99, 80, 59, 93, 37, 33, 91, 90, 0]
Round 216 | train_loss=0.9086 train_acc=0.6934 test_loss=1.1148 test_acc=0.6169
Round 217 | selected=[35, 27, 97, 39, 66, 69, 43, 64, 70, 54]
Round 217 | train_loss=0.9549 train_acc=0.6762 test_loss=1.0761 test_acc=0.6331
Round 218 | selected=[65, 11, 90, 26, 94, 71, 10, 68, 16, 88]
Round 218 | train_loss=0.8768 train_acc=0.7018 test_loss=0.9866 test_acc=0.6483
Round 219 | selected=[85, 31, 30, 65, 86, 4, 90, 50, 82, 91]
Round 219 | train_loss=0.8759 train_acc=0.6984 test_loss=1.1868 test_acc=0.6007
Round 220 | selected=[4, 43, 56, 30, 51, 76, 95, 97, 86, 48]
Round 220 | train_loss=0.8505 train_acc=0.7068 test_loss=0.9500 test_acc=0.6616
Round 221 | selected=[5, 27, 8, 28, 41, 88, 24, 38, 21, 10]
Round 221 | train_loss=0.8756 train_acc=0.7010 test_loss=0.9906 test_acc=0.6521
Round 222 | selected=[15, 0, 49, 2, 72, 63, 5, 97, 94, 12]
Round 222 | train_loss=0.8762 train_acc=0.6974 test_loss=1.0875 test_acc=0.6342
Round 223 | selected=[37, 65, 7, 96, 13, 79, 36, 53, 38, 19]
Round 223 | train_loss=0.9370 train_acc=0.6822 test_loss=1.1940 test_acc=0.6046
Round 224 | selected=[18, 96, 26, 33, 54, 84, 76, 36, 95, 34]
Round 224 | train_loss=0.8860 train_acc=0.6940 test_loss=1.0154 test_acc=0.6427
Round 225 | selected=[54, 0, 59, 50, 13, 49, 65, 33, 5, 44]
Round 225 | train_loss=0.8761 train_acc=0.7014 test_loss=0.9321 test_acc=0.6715
Round 226 | selected=[18, 58, 96, 24, 20, 68, 19, 94, 54, 83]
Round 226 | train_loss=0.8647 train_acc=0.7074 test_loss=1.0157 test_acc=0.6439
Round 227 | selected=[93, 77, 5, 55, 10, 86, 98, 57, 54, 84]
Round 227 | train_loss=0.9288 train_acc=0.6856 test_loss=1.4373 test_acc=0.5481
Round 228 | selected=[1, 13, 45, 81, 23, 59, 6, 22, 71, 66]
Round 228 | train_loss=0.9003 train_acc=0.6896 test_loss=1.1709 test_acc=0.6069
Round 229 | selected=[8, 28, 38, 54, 36, 44, 75, 17, 91, 1]
Round 229 | train_loss=0.8759 train_acc=0.7064 test_loss=1.6386 test_acc=0.5270
Round 230 | selected=[18, 22, 92, 57, 86, 93, 17, 34, 78, 74]
Round 230 | train_loss=0.8226 train_acc=0.7220 test_loss=1.6013 test_acc=0.5418
Round 231 | selected=[14, 93, 63, 52, 98, 49, 15, 67, 51, 80]
Round 231 | train_loss=1.0785 train_acc=0.6462 test_loss=1.9649 test_acc=0.5221
Round 232 | selected=[73, 16, 43, 44, 66, 7, 99, 80, 10, 78]
Round 232 | train_loss=0.9955 train_acc=0.6746 test_loss=1.0033 test_acc=0.6463
Round 233 | selected=[1, 99, 18, 98, 15, 59, 97, 32, 82, 6]
Round 233 | train_loss=0.8586 train_acc=0.7090 test_loss=0.9995 test_acc=0.6447
Round 234 | selected=[13, 28, 43, 69, 45, 63, 57, 90, 32, 71]
Round 234 | train_loss=0.8694 train_acc=0.7032 test_loss=1.1144 test_acc=0.6245
Round 235 | selected=[3, 48, 54, 24, 74, 76, 65, 97, 77, 85]
Round 235 | train_loss=0.8677 train_acc=0.6942 test_loss=1.0398 test_acc=0.6428
Round 236 | selected=[73, 90, 61, 99, 16, 79, 6, 43, 98, 84]
Round 236 | train_loss=0.9207 train_acc=0.6874 test_loss=1.0074 test_acc=0.6438
Round 237 | selected=[98, 22, 3, 71, 23, 50, 67, 40, 66, 45]
Round 237 | train_loss=0.9026 train_acc=0.6916 test_loss=0.9950 test_acc=0.6527
Round 238 | selected=[27, 61, 46, 93, 48, 14, 62, 15, 33, 82]
Round 238 | train_loss=0.9376 train_acc=0.6776 test_loss=1.2583 test_acc=0.5926
Round 239 | selected=[34, 93, 9, 99, 2, 38, 6, 62, 74, 54]
Round 239 | train_loss=0.8563 train_acc=0.7052 test_loss=0.9204 test_acc=0.6799
Round 240 | selected=[77, 85, 7, 21, 84, 8, 79, 96, 5, 64]
Round 240 | train_loss=0.8337 train_acc=0.7182 test_loss=0.8476 test_acc=0.6999
Round 241 | selected=[46, 96, 53, 27, 16, 37, 84, 3, 89, 73]
Round 241 | train_loss=0.8192 train_acc=0.7202 test_loss=0.9999 test_acc=0.6508
Round 242 | selected=[32, 55, 44, 43, 26, 72, 81, 91, 25, 95]
Round 242 | train_loss=0.8292 train_acc=0.7186 test_loss=1.2401 test_acc=0.5902
Round 243 | selected=[84, 80, 6, 71, 29, 49, 36, 98, 75, 65]
Round 243 | train_loss=0.9764 train_acc=0.6610 test_loss=1.2741 test_acc=0.5875
Round 244 | selected=[74, 25, 27, 87, 50, 85, 21, 29, 18, 51]
Round 244 | train_loss=0.9069 train_acc=0.6858 test_loss=1.0857 test_acc=0.6438
Round 245 | selected=[69, 63, 56, 23, 14, 26, 37, 0, 59, 85]
Round 245 | train_loss=0.8816 train_acc=0.6928 test_loss=1.0877 test_acc=0.6117
Round 246 | selected=[45, 48, 55, 47, 3, 66, 90, 94, 98, 63]
Round 246 | train_loss=0.9173 train_acc=0.6860 test_loss=1.2091 test_acc=0.5912
Round 247 | selected=[26, 4, 25, 45, 32, 16, 75, 40, 10, 76]
Round 247 | train_loss=0.8402 train_acc=0.7032 test_loss=1.1701 test_acc=0.6166
Round 248 | selected=[86, 13, 60, 95, 99, 62, 0, 30, 48, 93]
Round 248 | train_loss=0.8689 train_acc=0.7054 test_loss=1.5783 test_acc=0.5564
Round 249 | selected=[82, 56, 19, 7, 35, 92, 8, 62, 23, 31]
Round 249 | train_loss=0.9394 train_acc=0.6794 test_loss=1.5131 test_acc=0.5588
Round 250 | selected=[75, 41, 91, 78, 34, 7, 51, 79, 6, 38]
Round 250 | train_loss=0.9174 train_acc=0.6834 test_loss=1.1429 test_acc=0.6122
Round 251 | selected=[84, 4, 27, 99, 3, 69, 18, 70, 19, 44]
Round 251 | train_loss=0.8703 train_acc=0.7006 test_loss=1.1603 test_acc=0.6110
Round 252 | selected=[22, 9, 12, 27, 46, 35, 14, 78, 34, 90]
Round 252 | train_loss=0.8582 train_acc=0.7066 test_loss=1.1183 test_acc=0.6266
Round 253 | selected=[13, 25, 53, 3, 16, 70, 34, 98, 8, 17]
Round 253 | train_loss=0.8445 train_acc=0.7096 test_loss=1.0732 test_acc=0.6348
Round 254 | selected=[90, 61, 39, 79, 22, 6, 51, 87, 98, 15]
Round 254 | train_loss=0.8994 train_acc=0.6960 test_loss=1.0446 test_acc=0.6404
Round 255 | selected=[67, 47, 18, 12, 63, 46, 51, 56, 9, 69]
Round 255 | train_loss=0.9132 train_acc=0.6924 test_loss=0.9202 test_acc=0.6747
Round 256 | selected=[52, 74, 75, 98, 46, 26, 69, 6, 68, 49]
Round 256 | train_loss=0.8780 train_acc=0.6906 test_loss=0.9171 test_acc=0.6819
Round 257 | selected=[51, 66, 9, 84, 96, 32, 57, 17, 11, 95]
Round 257 | train_loss=0.8285 train_acc=0.7070 test_loss=0.8140 test_acc=0.7111
Round 258 | selected=[84, 1, 95, 8, 57, 51, 62, 35, 55, 81]
Round 258 | train_loss=0.7906 train_acc=0.7274 test_loss=0.9657 test_acc=0.6617
Round 259 | selected=[15, 47, 91, 93, 41, 49, 46, 87, 59, 14]
Round 259 | train_loss=0.8519 train_acc=0.7016 test_loss=0.9409 test_acc=0.6633
Round 260 | selected=[21, 70, 7, 34, 29, 14, 19, 98, 30, 68]
Round 260 | train_loss=0.8706 train_acc=0.6942 test_loss=0.8502 test_acc=0.6995
Round 261 | selected=[14, 53, 2, 92, 71, 64, 8, 56, 61, 76]
Round 261 | train_loss=0.8106 train_acc=0.7260 test_loss=0.7979 test_acc=0.7136
Round 262 | selected=[18, 99, 62, 45, 10, 0, 30, 81, 65, 27]
Round 262 | train_loss=0.8369 train_acc=0.7102 test_loss=0.8591 test_acc=0.6993
Round 263 | selected=[99, 84, 57, 83, 76, 24, 31, 85, 60, 44]
Round 263 | train_loss=0.7777 train_acc=0.7372 test_loss=0.9010 test_acc=0.6773
Round 264 | selected=[23, 24, 57, 82, 12, 4, 47, 85, 2, 3]
Round 264 | train_loss=0.8253 train_acc=0.7194 test_loss=0.7774 test_acc=0.7207
Round 265 | selected=[42, 3, 18, 76, 12, 51, 93, 63, 53, 70]
Round 265 | train_loss=0.7865 train_acc=0.7220 test_loss=0.8768 test_acc=0.6964
Round 266 | selected=[54, 31, 34, 88, 37, 44, 59, 26, 1, 42]
Round 266 | train_loss=0.6839 train_acc=0.7682 test_loss=1.0374 test_acc=0.6271
Round 267 | selected=[33, 93, 30, 20, 70, 60, 59, 98, 44, 22]
Round 267 | train_loss=0.8408 train_acc=0.7166 test_loss=1.0341 test_acc=0.6506
Round 268 | selected=[5, 66, 60, 92, 57, 16, 74, 56, 18, 24]
Round 268 | train_loss=0.7938 train_acc=0.7372 test_loss=0.8884 test_acc=0.6901
Round 269 | selected=[29, 67, 22, 79, 57, 16, 49, 5, 66, 34]
Round 269 | train_loss=0.7686 train_acc=0.7366 test_loss=0.9178 test_acc=0.6798
Round 270 | selected=[4, 92, 67, 47, 37, 64, 77, 56, 24, 80]
Round 270 | train_loss=0.7841 train_acc=0.7424 test_loss=0.9201 test_acc=0.6763
Round 271 | selected=[89, 42, 70, 98, 28, 51, 29, 77, 73, 75]
Round 271 | train_loss=0.8302 train_acc=0.7158 test_loss=0.8242 test_acc=0.7060
Round 272 | selected=[90, 47, 71, 58, 34, 29, 10, 49, 46, 94]
Round 272 | train_loss=0.8007 train_acc=0.7150 test_loss=0.8509 test_acc=0.7035
Round 273 | selected=[88, 9, 15, 5, 98, 90, 55, 79, 13, 31]
Round 273 | train_loss=0.7517 train_acc=0.7498 test_loss=1.0981 test_acc=0.6326
Round 274 | selected=[10, 29, 8, 40, 34, 30, 5, 19, 55, 56]
Round 274 | train_loss=0.8218 train_acc=0.7172 test_loss=0.8778 test_acc=0.7011
Round 275 | selected=[15, 32, 6, 49, 74, 29, 71, 69, 14, 81]
Round 275 | train_loss=0.8069 train_acc=0.7208 test_loss=0.8918 test_acc=0.6888
Round 276 | selected=[91, 5, 57, 10, 27, 42, 6, 86, 26, 51]
Round 276 | train_loss=0.7364 train_acc=0.7584 test_loss=1.1628 test_acc=0.6284
Round 277 | selected=[38, 2, 37, 95, 45, 94, 88, 31, 25, 82]
Round 277 | train_loss=0.7817 train_acc=0.7368 test_loss=1.0266 test_acc=0.6556
Round 278 | selected=[5, 56, 52, 46, 64, 67, 87, 1, 90, 6]
Round 278 | train_loss=0.8285 train_acc=0.7126 test_loss=1.0936 test_acc=0.6444
Round 279 | selected=[58, 27, 30, 78, 93, 72, 4, 15, 28, 14]
Round 279 | train_loss=0.7453 train_acc=0.7518 test_loss=0.8886 test_acc=0.6905
Round 280 | selected=[87, 16, 41, 8, 44, 34, 74, 27, 84, 20]
Round 280 | train_loss=0.8171 train_acc=0.7154 test_loss=0.9137 test_acc=0.6926
Round 281 | selected=[83, 21, 77, 85, 1, 98, 72, 44, 2, 88]
Round 281 | train_loss=0.8023 train_acc=0.7280 test_loss=0.8365 test_acc=0.6958
Round 282 | selected=[5, 33, 64, 79, 0, 48, 62, 68, 99, 47]
Round 282 | train_loss=0.8353 train_acc=0.7116 test_loss=0.9424 test_acc=0.6707
Round 283 | selected=[90, 58, 4, 82, 80, 93, 70, 38, 8, 29]
Round 283 | train_loss=0.7903 train_acc=0.7308 test_loss=1.0626 test_acc=0.6491
Round 284 | selected=[21, 97, 72, 99, 11, 19, 93, 31, 24, 94]
Round 284 | train_loss=0.7961 train_acc=0.7388 test_loss=1.4468 test_acc=0.6328
Round 285 | selected=[85, 84, 63, 6, 68, 69, 45, 8, 55, 81]
Round 285 | train_loss=0.9379 train_acc=0.6918 test_loss=1.3784 test_acc=0.5744
Round 286 | selected=[86, 65, 19, 92, 67, 32, 35, 91, 20, 14]
Round 286 | train_loss=0.8897 train_acc=0.6894 test_loss=0.9311 test_acc=0.6880
Round 287 | selected=[37, 81, 84, 87, 63, 34, 19, 9, 91, 73]
Round 287 | train_loss=0.7978 train_acc=0.7250 test_loss=0.8650 test_acc=0.7047
Round 288 | selected=[70, 14, 62, 56, 69, 10, 22, 34, 84, 21]
Round 288 | train_loss=0.7390 train_acc=0.7408 test_loss=0.8160 test_acc=0.7062
Round 289 | selected=[23, 39, 18, 75, 11, 48, 33, 34, 58, 7]
Round 289 | train_loss=0.8062 train_acc=0.7174 test_loss=0.8460 test_acc=0.7042
Round 290 | selected=[87, 59, 79, 60, 92, 48, 39, 64, 38, 85]
Round 290 | train_loss=0.7739 train_acc=0.7294 test_loss=0.7857 test_acc=0.7174
Round 291 | selected=[42, 31, 27, 35, 1, 26, 50, 78, 72, 92]
Round 291 | train_loss=0.6963 train_acc=0.7674 test_loss=1.0050 test_acc=0.6632
Round 292 | selected=[33, 60, 76, 28, 53, 97, 27, 88, 26, 38]
Round 292 | train_loss=0.8122 train_acc=0.7184 test_loss=0.8798 test_acc=0.7004
Round 293 | selected=[30, 28, 89, 61, 95, 29, 5, 16, 1, 8]
Round 293 | train_loss=0.7446 train_acc=0.7490 test_loss=1.0037 test_acc=0.6676
Round 294 | selected=[88, 86, 34, 75, 69, 73, 59, 4, 57, 65]
Round 294 | train_loss=0.8130 train_acc=0.7354 test_loss=0.9724 test_acc=0.6709
Round 295 | selected=[10, 95, 40, 43, 6, 17, 9, 30, 1, 47]
Round 295 | train_loss=0.7839 train_acc=0.7258 test_loss=1.0910 test_acc=0.6413
Round 296 | selected=[15, 78, 11, 88, 18, 51, 53, 99, 75, 82]
Round 296 | train_loss=0.8086 train_acc=0.7262 test_loss=0.8694 test_acc=0.6873
Round 297 | selected=[8, 76, 91, 9, 59, 2, 17, 73, 43, 47]
Round 297 | train_loss=0.8523 train_acc=0.7090 test_loss=0.9390 test_acc=0.6906
Round 298 | selected=[22, 38, 50, 98, 71, 47, 36, 94, 5, 55]
Round 298 | train_loss=0.7575 train_acc=0.7382 test_loss=0.8325 test_acc=0.7098
Round 299 | selected=[84, 36, 47, 95, 3, 76, 38, 43, 37, 88]
Round 299 | train_loss=0.7487 train_acc=0.7370 test_loss=0.7664 test_acc=0.7303
Round 300 | selected=[6, 8, 48, 93, 64, 4, 91, 99, 43, 53]
Round 300 | train_loss=0.7320 train_acc=0.7484 test_loss=0.8760 test_acc=0.6922
Round 301 | selected=[19, 42, 87, 57, 66, 58, 67, 18, 95, 84]
Round 301 | train_loss=0.7684 train_acc=0.7320 test_loss=1.0209 test_acc=0.6617
Round 302 | selected=[15, 86, 34, 66, 82, 59, 13, 83, 65, 35]
Round 302 | train_loss=0.8138 train_acc=0.7304 test_loss=1.0415 test_acc=0.6460
Round 303 | selected=[15, 39, 68, 7, 83, 42, 33, 45, 94, 0]
Round 303 | train_loss=0.7747 train_acc=0.7236 test_loss=0.8404 test_acc=0.7092
Round 304 | selected=[3, 45, 68, 86, 18, 7, 28, 63, 36, 42]
Round 304 | train_loss=0.6957 train_acc=0.7590 test_loss=0.7663 test_acc=0.7339
Round 305 | selected=[38, 13, 95, 71, 94, 54, 81, 12, 11, 29]
Round 305 | train_loss=0.7065 train_acc=0.7584 test_loss=0.7109 test_acc=0.7494
Round 306 | selected=[32, 12, 26, 1, 68, 0, 39, 84, 51, 58]
Round 306 | train_loss=0.7299 train_acc=0.7536 test_loss=0.7452 test_acc=0.7318
Round 307 | selected=[54, 97, 68, 26, 84, 8, 30, 56, 42, 53]
Round 307 | train_loss=0.6713 train_acc=0.7756 test_loss=0.8815 test_acc=0.6921
Round 308 | selected=[74, 34, 38, 96, 73, 15, 90, 45, 39, 94]
Round 308 | train_loss=0.7818 train_acc=0.7298 test_loss=1.0192 test_acc=0.6646
Round 309 | selected=[64, 65, 12, 14, 27, 53, 5, 10, 89, 88]
Round 309 | train_loss=0.7813 train_acc=0.7262 test_loss=1.0429 test_acc=0.6589
Round 310 | selected=[77, 92, 46, 49, 76, 48, 95, 13, 27, 50]
Round 310 | train_loss=0.7479 train_acc=0.7508 test_loss=0.7915 test_acc=0.7253
Round 311 | selected=[77, 69, 64, 35, 50, 5, 46, 10, 18, 27]
Round 311 | train_loss=0.7309 train_acc=0.7576 test_loss=0.7492 test_acc=0.7368
Round 312 | selected=[94, 43, 0, 33, 78, 72, 47, 89, 41, 73]
Round 312 | train_loss=0.7155 train_acc=0.7474 test_loss=0.7163 test_acc=0.7458
Round 313 | selected=[89, 66, 68, 39, 60, 46, 19, 42, 11, 36]
Round 313 | train_loss=0.7434 train_acc=0.7438 test_loss=0.7850 test_acc=0.7306
Round 314 | selected=[26, 14, 18, 23, 28, 45, 24, 19, 31, 87]
Round 314 | train_loss=0.7033 train_acc=0.7682 test_loss=0.8937 test_acc=0.6946
Round 315 | selected=[73, 34, 70, 50, 5, 46, 35, 92, 23, 2]
Round 315 | train_loss=0.7884 train_acc=0.7320 test_loss=0.8585 test_acc=0.7079
Round 316 | selected=[65, 72, 83, 13, 25, 68, 20, 62, 57, 76]
Round 316 | train_loss=0.7483 train_acc=0.7512 test_loss=1.2611 test_acc=0.6332
Round 317 | selected=[13, 71, 19, 70, 61, 77, 89, 75, 25, 54]
Round 317 | train_loss=0.7594 train_acc=0.7488 test_loss=0.7510 test_acc=0.7358
Round 318 | selected=[50, 33, 30, 85, 59, 41, 76, 99, 87, 29]
Round 318 | train_loss=0.7422 train_acc=0.7470 test_loss=0.7434 test_acc=0.7433
Round 319 | selected=[45, 43, 82, 41, 68, 93, 14, 62, 54, 77]
Round 319 | train_loss=0.7389 train_acc=0.7488 test_loss=0.7750 test_acc=0.7297
Round 320 | selected=[44, 33, 53, 26, 11, 15, 35, 37, 45, 96]
Round 320 | train_loss=0.6958 train_acc=0.7664 test_loss=1.0312 test_acc=0.6666
Round 321 | selected=[24, 79, 19, 10, 51, 92, 61, 0, 18, 34]
Round 321 | train_loss=0.7712 train_acc=0.7430 test_loss=1.2111 test_acc=0.6538
Round 322 | selected=[59, 14, 35, 92, 86, 91, 4, 48, 69, 20]
Round 322 | train_loss=0.7537 train_acc=0.7510 test_loss=1.0796 test_acc=0.6689
Round 323 | selected=[73, 8, 97, 57, 67, 2, 48, 34, 89, 18]
Round 323 | train_loss=0.6679 train_acc=0.7750 test_loss=0.8284 test_acc=0.7114
Round 324 | selected=[95, 67, 93, 52, 82, 70, 87, 83, 57, 53]
Round 324 | train_loss=0.7116 train_acc=0.7562 test_loss=0.7917 test_acc=0.7321
Round 325 | selected=[36, 97, 37, 31, 28, 51, 8, 15, 16, 66]
Round 325 | train_loss=0.6809 train_acc=0.7748 test_loss=0.9570 test_acc=0.6704
Round 326 | selected=[10, 17, 35, 66, 50, 90, 86, 63, 36, 87]
Round 326 | train_loss=0.8310 train_acc=0.7022 test_loss=0.9857 test_acc=0.6806
Round 327 | selected=[84, 20, 82, 53, 68, 3, 31, 97, 61, 90]
Round 327 | train_loss=0.7915 train_acc=0.7332 test_loss=0.9325 test_acc=0.6781
Round 328 | selected=[9, 63, 78, 28, 69, 35, 73, 57, 44, 15]
Round 328 | train_loss=0.7884 train_acc=0.7390 test_loss=1.0275 test_acc=0.6605
Round 329 | selected=[32, 72, 88, 12, 64, 15, 46, 86, 45, 10]
Round 329 | train_loss=0.8353 train_acc=0.7180 test_loss=1.1439 test_acc=0.6335
Round 330 | selected=[88, 68, 58, 38, 77, 80, 31, 12, 92, 72]
Round 330 | train_loss=0.7442 train_acc=0.7502 test_loss=0.7480 test_acc=0.7401
Round 331 | selected=[32, 57, 46, 5, 30, 84, 1, 27, 99, 49]
Round 331 | train_loss=0.6937 train_acc=0.7612 test_loss=0.8537 test_acc=0.7061
Round 332 | selected=[47, 29, 69, 98, 45, 31, 13, 5, 73, 55]
Round 332 | train_loss=0.7154 train_acc=0.7616 test_loss=0.7641 test_acc=0.7390
Round 333 | selected=[41, 88, 27, 1, 49, 64, 57, 97, 26, 75]
Round 333 | train_loss=0.6936 train_acc=0.7622 test_loss=0.7758 test_acc=0.7351
Round 334 | selected=[46, 68, 56, 71, 49, 76, 93, 43, 4, 53]
Round 334 | train_loss=0.7346 train_acc=0.7496 test_loss=0.9137 test_acc=0.6864
Round 335 | selected=[18, 9, 62, 26, 63, 56, 65, 85, 37, 98]
Round 335 | train_loss=0.6826 train_acc=0.7646 test_loss=1.2812 test_acc=0.6030
Round 336 | selected=[29, 44, 88, 33, 65, 81, 34, 86, 57, 99]
Round 336 | train_loss=0.7913 train_acc=0.7262 test_loss=1.0461 test_acc=0.6625
Round 337 | selected=[33, 77, 68, 37, 39, 70, 29, 66, 41, 23]
Round 337 | train_loss=0.8009 train_acc=0.7224 test_loss=0.9520 test_acc=0.6736
Round 338 | selected=[5, 13, 3, 32, 71, 41, 74, 94, 45, 82]
Round 338 | train_loss=0.8106 train_acc=0.7146 test_loss=1.2272 test_acc=0.6244
Round 339 | selected=[52, 48, 16, 6, 43, 19, 56, 46, 75, 20]
Round 339 | train_loss=0.8608 train_acc=0.7192 test_loss=0.9939 test_acc=0.6737
Round 340 | selected=[12, 14, 92, 86, 31, 63, 36, 65, 81, 24]
Round 340 | train_loss=0.7107 train_acc=0.7530 test_loss=0.8476 test_acc=0.7136
Round 341 | selected=[67, 64, 8, 33, 51, 41, 68, 43, 1, 82]
Round 341 | train_loss=0.7504 train_acc=0.7522 test_loss=0.9781 test_acc=0.6688
Round 342 | selected=[52, 79, 34, 65, 60, 73, 83, 87, 94, 35]
Round 342 | train_loss=0.7916 train_acc=0.7320 test_loss=1.0020 test_acc=0.6673
Round 343 | selected=[84, 91, 87, 33, 67, 11, 48, 4, 54, 97]
Round 343 | train_loss=0.7542 train_acc=0.7422 test_loss=0.8409 test_acc=0.7170
Round 344 | selected=[67, 15, 84, 29, 54, 50, 34, 63, 43, 7]
Round 344 | train_loss=0.7018 train_acc=0.7614 test_loss=0.7233 test_acc=0.7485
Round 345 | selected=[3, 4, 46, 79, 83, 13, 48, 91, 5, 52]
Round 345 | train_loss=0.6663 train_acc=0.7784 test_loss=0.7920 test_acc=0.7302
Round 346 | selected=[60, 49, 71, 83, 17, 59, 62, 79, 85, 48]
Round 346 | train_loss=0.7129 train_acc=0.7540 test_loss=0.7145 test_acc=0.7437
Round 347 | selected=[75, 44, 68, 72, 1, 52, 42, 41, 18, 74]
Round 347 | train_loss=0.7015 train_acc=0.7572 test_loss=0.7560 test_acc=0.7362
Round 348 | selected=[13, 59, 43, 30, 1, 22, 53, 70, 28, 24]
Round 348 | train_loss=0.6221 train_acc=0.7918 test_loss=0.7102 test_acc=0.7536
Round 349 | selected=[27, 66, 26, 44, 22, 64, 23, 38, 63, 98]
Round 349 | train_loss=0.6465 train_acc=0.7802 test_loss=0.6936 test_acc=0.7567
Round 350 | selected=[65, 66, 61, 78, 37, 69, 47, 55, 27, 88]
Round 350 | train_loss=0.6812 train_acc=0.7666 test_loss=0.7689 test_acc=0.7323
Round 351 | selected=[8, 42, 70, 7, 91, 45, 3, 89, 6, 30]
Round 351 | train_loss=0.6645 train_acc=0.7768 test_loss=0.8958 test_acc=0.6989
Round 352 | selected=[41, 11, 20, 4, 95, 30, 3, 42, 81, 91]
Round 352 | train_loss=0.6849 train_acc=0.7678 test_loss=0.7287 test_acc=0.7476
Round 353 | selected=[23, 96, 82, 34, 43, 10, 48, 17, 49, 80]
Round 353 | train_loss=0.6704 train_acc=0.7664 test_loss=0.7622 test_acc=0.7375
Round 354 | selected=[69, 4, 64, 47, 79, 65, 9, 90, 46, 62]
Round 354 | train_loss=0.6979 train_acc=0.7600 test_loss=0.7957 test_acc=0.7265
Round 355 | selected=[85, 32, 23, 35, 17, 77, 6, 34, 87, 59]
Round 355 | train_loss=0.7229 train_acc=0.7478 test_loss=0.9466 test_acc=0.6870
Round 356 | selected=[43, 65, 71, 57, 12, 86, 90, 62, 2, 15]
Round 356 | train_loss=0.7134 train_acc=0.7564 test_loss=0.9385 test_acc=0.6857
Round 357 | selected=[53, 83, 64, 93, 4, 2, 15, 35, 72, 51]
Round 357 | train_loss=0.7640 train_acc=0.7480 test_loss=0.9975 test_acc=0.6814
Round 358 | selected=[17, 46, 60, 25, 88, 52, 85, 97, 16, 98]
Round 358 | train_loss=0.7837 train_acc=0.7356 test_loss=1.0783 test_acc=0.6784
Round 359 | selected=[7, 47, 96, 95, 78, 48, 90, 14, 23, 87]
Round 359 | train_loss=0.7110 train_acc=0.7496 test_loss=0.8497 test_acc=0.7151
Round 360 | selected=[74, 24, 2, 43, 70, 86, 57, 3, 61, 93]
Round 360 | train_loss=0.6998 train_acc=0.7616 test_loss=0.7872 test_acc=0.7304
Round 361 | selected=[36, 92, 37, 64, 31, 19, 52, 98, 54, 50]
Round 361 | train_loss=0.7206 train_acc=0.7656 test_loss=0.8327 test_acc=0.7228
Round 362 | selected=[32, 80, 69, 46, 42, 61, 81, 12, 96, 59]
Round 362 | train_loss=0.7107 train_acc=0.7562 test_loss=0.7297 test_acc=0.7493
Round 363 | selected=[45, 38, 7, 19, 58, 20, 51, 16, 44, 89]
Round 363 | train_loss=0.6901 train_acc=0.7652 test_loss=0.9521 test_acc=0.6879
Round 364 | selected=[68, 13, 39, 96, 35, 70, 89, 75, 76, 83]
Round 364 | train_loss=0.7385 train_acc=0.7482 test_loss=0.7461 test_acc=0.7387
Round 365 | selected=[71, 66, 72, 19, 89, 4, 54, 59, 3, 20]
Round 365 | train_loss=0.6795 train_acc=0.7720 test_loss=0.7597 test_acc=0.7349
Round 366 | selected=[17, 16, 61, 18, 59, 9, 6, 77, 78, 29]
Round 366 | train_loss=0.6950 train_acc=0.7678 test_loss=0.7728 test_acc=0.7409
Round 367 | selected=[64, 63, 66, 80, 42, 7, 62, 15, 37, 32]
Round 367 | train_loss=0.6612 train_acc=0.7692 test_loss=0.9209 test_acc=0.7021
Round 368 | selected=[55, 99, 16, 41, 39, 26, 50, 63, 94, 5]
Round 368 | train_loss=0.6519 train_acc=0.7804 test_loss=0.8377 test_acc=0.7168
Round 369 | selected=[55, 85, 87, 99, 13, 26, 74, 5, 93, 48]
Round 369 | train_loss=0.5955 train_acc=0.7980 test_loss=0.8024 test_acc=0.7279
Round 370 | selected=[25, 17, 70, 73, 83, 42, 82, 97, 41, 66]
Round 370 | train_loss=0.6901 train_acc=0.7650 test_loss=0.7851 test_acc=0.7222
Round 371 | selected=[41, 57, 33, 83, 79, 53, 1, 3, 40, 18]
Round 371 | train_loss=0.6697 train_acc=0.7676 test_loss=0.8019 test_acc=0.7290
Round 372 | selected=[94, 57, 39, 5, 1, 58, 18, 0, 95, 98]
Round 372 | train_loss=0.6266 train_acc=0.7868 test_loss=0.7566 test_acc=0.7456
Round 373 | selected=[24, 42, 16, 27, 87, 85, 50, 35, 36, 34]
Round 373 | train_loss=0.6694 train_acc=0.7740 test_loss=0.7782 test_acc=0.7329
Round 374 | selected=[57, 22, 59, 64, 88, 14, 8, 82, 16, 68]
Round 374 | train_loss=0.5878 train_acc=0.8064 test_loss=0.8169 test_acc=0.7228
Round 375 | selected=[59, 46, 45, 9, 56, 79, 97, 51, 81, 50]
Round 375 | train_loss=0.7457 train_acc=0.7444 test_loss=0.7932 test_acc=0.7259
Round 376 | selected=[55, 72, 88, 11, 81, 27, 22, 35, 76, 18]
Round 376 | train_loss=0.6623 train_acc=0.7714 test_loss=0.8938 test_acc=0.7023
Round 377 | selected=[15, 4, 78, 12, 1, 81, 67, 68, 22, 23]
Round 377 | train_loss=0.6660 train_acc=0.7676 test_loss=0.8253 test_acc=0.7194
Round 378 | selected=[79, 44, 87, 6, 93, 84, 50, 16, 64, 61]
Round 378 | train_loss=0.6474 train_acc=0.7814 test_loss=0.6602 test_acc=0.7694
Round 379 | selected=[57, 33, 47, 74, 50, 1, 89, 75, 85, 0]
Round 379 | train_loss=0.7088 train_acc=0.7584 test_loss=0.6601 test_acc=0.7744
Round 380 | selected=[93, 84, 58, 17, 71, 2, 87, 73, 46, 67]
Round 380 | train_loss=0.6679 train_acc=0.7742 test_loss=0.7472 test_acc=0.7419
Round 381 | selected=[86, 10, 52, 95, 25, 31, 75, 24, 8, 51]
Round 381 | train_loss=0.6522 train_acc=0.7704 test_loss=0.7033 test_acc=0.7604
Round 382 | selected=[35, 8, 11, 78, 45, 46, 53, 88, 77, 89]
Round 382 | train_loss=0.6292 train_acc=0.7796 test_loss=0.7106 test_acc=0.7567
Round 383 | selected=[80, 58, 31, 43, 35, 30, 92, 26, 60, 4]
Round 383 | train_loss=0.6518 train_acc=0.7792 test_loss=0.6895 test_acc=0.7620
Round 384 | selected=[48, 47, 67, 89, 77, 41, 99, 0, 51, 52]
Round 384 | train_loss=0.7024 train_acc=0.7598 test_loss=0.6843 test_acc=0.7642
Round 385 | selected=[34, 75, 10, 44, 89, 33, 15, 16, 45, 71]
Round 385 | train_loss=0.6554 train_acc=0.7756 test_loss=0.7681 test_acc=0.7319
Round 386 | selected=[32, 58, 49, 88, 11, 64, 22, 73, 43, 57]
Round 386 | train_loss=0.6716 train_acc=0.7690 test_loss=1.0298 test_acc=0.6668
Round 387 | selected=[88, 63, 29, 67, 0, 46, 37, 68, 51, 71]
Round 387 | train_loss=0.6935 train_acc=0.7672 test_loss=0.9162 test_acc=0.6886
Round 388 | selected=[66, 51, 90, 42, 38, 45, 22, 58, 73, 37]
Round 388 | train_loss=0.6568 train_acc=0.7728 test_loss=0.9762 test_acc=0.6813
Round 389 | selected=[46, 91, 59, 15, 39, 94, 83, 33, 63, 60]
Round 389 | train_loss=0.6946 train_acc=0.7674 test_loss=0.9567 test_acc=0.6779
Round 390 | selected=[34, 70, 93, 66, 42, 65, 6, 28, 3, 13]
Round 390 | train_loss=0.6393 train_acc=0.7776 test_loss=0.7137 test_acc=0.7547
Round 391 | selected=[52, 42, 68, 88, 58, 19, 44, 65, 7, 11]
Round 391 | train_loss=0.6498 train_acc=0.7774 test_loss=0.6569 test_acc=0.7711
Round 392 | selected=[76, 68, 52, 70, 44, 63, 15, 47, 57, 23]
Round 392 | train_loss=0.6076 train_acc=0.7992 test_loss=0.7343 test_acc=0.7497
Round 393 | selected=[48, 81, 11, 54, 29, 21, 22, 78, 56, 26]
Round 393 | train_loss=0.6132 train_acc=0.7860 test_loss=0.9847 test_acc=0.6855
Round 394 | selected=[42, 63, 92, 58, 39, 77, 48, 6, 32, 72]
Round 394 | train_loss=0.6848 train_acc=0.7680 test_loss=0.8777 test_acc=0.7090
Round 395 | selected=[23, 65, 97, 98, 12, 5, 14, 39, 91, 20]
Round 395 | train_loss=0.6505 train_acc=0.7796 test_loss=0.6600 test_acc=0.7704
Round 396 | selected=[18, 93, 83, 50, 61, 78, 86, 75, 23, 56]
Round 396 | train_loss=0.6136 train_acc=0.7892 test_loss=0.7266 test_acc=0.7564
Round 397 | selected=[50, 57, 61, 97, 49, 68, 55, 65, 48, 28]
Round 397 | train_loss=0.5677 train_acc=0.8086 test_loss=0.7875 test_acc=0.7350
Round 398 | selected=[14, 18, 78, 51, 8, 33, 68, 6, 35, 22]
Round 398 | train_loss=0.5749 train_acc=0.8004 test_loss=0.9048 test_acc=0.7008
Round 399 | selected=[67, 33, 68, 29, 25, 78, 26, 58, 6, 31]
Round 399 | train_loss=0.5941 train_acc=0.7966 test_loss=0.7606 test_acc=0.7399
Round 400 | selected=[17, 35, 98, 39, 89, 68, 67, 95, 34, 26]
Round 400 | train_loss=0.5652 train_acc=0.8084 test_loss=0.6777 test_acc=0.7671
Round 401 | selected=[68, 0, 85, 24, 26, 51, 74, 98, 89, 61]
Round 401 | train_loss=0.5899 train_acc=0.8002 test_loss=0.6337 test_acc=0.7789
Round 402 | selected=[40, 66, 41, 47, 23, 77, 80, 89, 95, 11]
Round 402 | train_loss=0.6434 train_acc=0.7816 test_loss=0.7312 test_acc=0.7552
Round 403 | selected=[70, 90, 28, 35, 96, 88, 47, 72, 24, 0]
Round 403 | train_loss=0.6639 train_acc=0.7680 test_loss=0.8176 test_acc=0.7244
Round 404 | selected=[40, 15, 3, 82, 97, 16, 37, 70, 63, 6]
Round 404 | train_loss=0.6024 train_acc=0.8018 test_loss=0.7519 test_acc=0.7484
Round 405 | selected=[18, 69, 43, 94, 97, 93, 4, 48, 60, 28]
Round 405 | train_loss=0.6579 train_acc=0.7752 test_loss=0.8150 test_acc=0.7248
Round 406 | selected=[33, 64, 93, 80, 11, 89, 92, 10, 85, 65]
Round 406 | train_loss=0.6409 train_acc=0.7870 test_loss=0.7681 test_acc=0.7451
Round 407 | selected=[44, 67, 1, 17, 19, 28, 69, 49, 42, 45]
Round 407 | train_loss=0.6454 train_acc=0.7764 test_loss=0.6699 test_acc=0.7669
Round 408 | selected=[35, 44, 21, 86, 91, 74, 42, 79, 9, 11]
Round 408 | train_loss=0.6430 train_acc=0.7790 test_loss=0.7217 test_acc=0.7500
Round 409 | selected=[42, 14, 96, 17, 80, 79, 65, 16, 8, 34]
Round 409 | train_loss=0.6457 train_acc=0.7826 test_loss=0.8226 test_acc=0.7297
Round 410 | selected=[50, 48, 3, 53, 88, 96, 91, 8, 80, 82]
Round 410 | train_loss=0.6678 train_acc=0.7742 test_loss=0.7090 test_acc=0.7585
Round 411 | selected=[33, 19, 99, 3, 61, 46, 43, 48, 84, 50]
Round 411 | train_loss=0.7179 train_acc=0.7528 test_loss=0.6142 test_acc=0.7924
Round 412 | selected=[36, 80, 91, 26, 53, 28, 78, 92, 8, 93]
Round 412 | train_loss=0.5699 train_acc=0.8112 test_loss=0.6403 test_acc=0.7761
Round 413 | selected=[35, 88, 70, 19, 71, 7, 83, 79, 50, 85]
Round 413 | train_loss=0.6220 train_acc=0.7850 test_loss=0.7615 test_acc=0.7413
Round 414 | selected=[47, 67, 28, 63, 19, 90, 69, 35, 10, 16]
Round 414 | train_loss=0.6515 train_acc=0.7732 test_loss=0.7468 test_acc=0.7468
Round 415 | selected=[47, 19, 85, 86, 94, 83, 24, 63, 65, 57]
Round 415 | train_loss=0.6076 train_acc=0.7966 test_loss=0.7565 test_acc=0.7449
Round 416 | selected=[15, 3, 0, 19, 78, 73, 38, 51, 35, 43]
Round 416 | train_loss=0.6440 train_acc=0.7772 test_loss=0.6668 test_acc=0.7691
Round 417 | selected=[13, 24, 14, 15, 78, 61, 97, 3, 90, 48]
Round 417 | train_loss=0.6030 train_acc=0.7956 test_loss=0.6945 test_acc=0.7634
Round 418 | selected=[46, 16, 6, 83, 79, 28, 23, 20, 24, 66]
Round 418 | train_loss=0.6251 train_acc=0.7902 test_loss=0.6606 test_acc=0.7730
Round 419 | selected=[48, 76, 47, 21, 67, 80, 13, 0, 9, 35]
Round 419 | train_loss=0.6401 train_acc=0.7778 test_loss=0.7098 test_acc=0.7532
Round 420 | selected=[65, 71, 28, 55, 68, 30, 32, 60, 31, 2]
Round 420 | train_loss=0.6454 train_acc=0.7874 test_loss=0.6566 test_acc=0.7713
Round 421 | selected=[30, 22, 50, 17, 29, 76, 91, 16, 1, 31]
Round 421 | train_loss=0.5792 train_acc=0.8032 test_loss=0.6989 test_acc=0.7637
Round 422 | selected=[49, 60, 0, 29, 96, 16, 48, 47, 4, 79]
Round 422 | train_loss=0.6891 train_acc=0.7602 test_loss=0.7496 test_acc=0.7388
Round 423 | selected=[81, 65, 94, 22, 74, 62, 27, 90, 71, 72]
Round 423 | train_loss=0.6243 train_acc=0.7890 test_loss=0.8558 test_acc=0.7138
Round 424 | selected=[69, 70, 82, 45, 75, 21, 11, 64, 44, 79]
Round 424 | train_loss=0.6833 train_acc=0.7696 test_loss=0.9147 test_acc=0.6985
Round 425 | selected=[3, 67, 78, 0, 46, 99, 61, 73, 34, 83]
Round 425 | train_loss=0.6308 train_acc=0.7932 test_loss=0.7145 test_acc=0.7548
Round 426 | selected=[53, 63, 98, 39, 96, 79, 61, 58, 36, 91]
Round 426 | train_loss=0.6285 train_acc=0.7802 test_loss=0.6111 test_acc=0.7851
Round 427 | selected=[69, 99, 48, 80, 13, 62, 93, 43, 19, 16]
Round 427 | train_loss=0.6219 train_acc=0.7946 test_loss=0.6548 test_acc=0.7742
Round 428 | selected=[18, 28, 43, 54, 58, 92, 45, 32, 4, 29]
Round 428 | train_loss=0.6204 train_acc=0.7850 test_loss=0.7223 test_acc=0.7547
Round 429 | selected=[64, 6, 28, 31, 80, 33, 21, 83, 89, 25]
Round 429 | train_loss=0.5868 train_acc=0.8044 test_loss=0.7642 test_acc=0.7439
Round 430 | selected=[34, 17, 70, 50, 10, 89, 94, 37, 23, 22]
Round 430 | train_loss=0.5478 train_acc=0.8162 test_loss=0.7313 test_acc=0.7533
Round 431 | selected=[19, 30, 54, 20, 68, 3, 82, 73, 96, 90]
Round 431 | train_loss=0.6393 train_acc=0.7804 test_loss=0.8925 test_acc=0.7099
Round 432 | selected=[45, 29, 26, 16, 80, 56, 49, 89, 53, 34]
Round 432 | train_loss=0.6363 train_acc=0.7886 test_loss=0.9107 test_acc=0.7041
Round 433 | selected=[43, 49, 22, 74, 47, 54, 77, 56, 23, 80]
Round 433 | train_loss=0.6197 train_acc=0.7810 test_loss=0.6902 test_acc=0.7675
Round 434 | selected=[65, 23, 87, 33, 86, 91, 59, 21, 58, 31]
Round 434 | train_loss=0.5945 train_acc=0.8000 test_loss=0.6641 test_acc=0.7692
Round 435 | selected=[90, 10, 23, 47, 26, 99, 61, 96, 28, 48]
Round 435 | train_loss=0.6143 train_acc=0.7916 test_loss=0.7849 test_acc=0.7313
Round 436 | selected=[30, 22, 98, 18, 55, 90, 93, 65, 31, 71]
Round 436 | train_loss=0.5929 train_acc=0.7966 test_loss=0.7940 test_acc=0.7361
Round 437 | selected=[52, 41, 99, 59, 37, 92, 43, 38, 14, 70]
Round 437 | train_loss=0.6545 train_acc=0.7806 test_loss=0.7160 test_acc=0.7518
Round 438 | selected=[67, 30, 25, 60, 35, 6, 79, 31, 32, 81]
Round 438 | train_loss=0.6261 train_acc=0.7808 test_loss=0.6666 test_acc=0.7720
Round 439 | selected=[74, 80, 38, 13, 69, 90, 89, 60, 65, 7]
Round 439 | train_loss=0.6255 train_acc=0.7872 test_loss=0.7130 test_acc=0.7535
Round 440 | selected=[80, 43, 79, 67, 0, 78, 10, 87, 83, 74]
Round 440 | train_loss=0.5972 train_acc=0.7910 test_loss=0.7582 test_acc=0.7432
Round 441 | selected=[90, 53, 68, 49, 51, 8, 29, 46, 45, 96]
Round 441 | train_loss=0.6217 train_acc=0.7846 test_loss=0.9667 test_acc=0.6869
Round 442 | selected=[83, 9, 86, 78, 72, 20, 33, 55, 74, 66]
Round 442 | train_loss=0.6428 train_acc=0.7832 test_loss=1.5140 test_acc=0.6742
Round 443 | selected=[79, 29, 39, 26, 77, 99, 9, 61, 33, 46]
Round 443 | train_loss=0.7135 train_acc=0.7630 test_loss=0.8067 test_acc=0.7382
Round 444 | selected=[90, 95, 16, 40, 94, 93, 7, 69, 10, 78]
Round 444 | train_loss=0.6378 train_acc=0.7886 test_loss=0.7928 test_acc=0.7373
Round 445 | selected=[49, 53, 39, 84, 32, 33, 91, 46, 77, 42]
Round 445 | train_loss=0.6774 train_acc=0.7678 test_loss=0.7072 test_acc=0.7617
Round 446 | selected=[10, 27, 15, 69, 93, 35, 80, 78, 57, 19]
Round 446 | train_loss=0.6079 train_acc=0.7954 test_loss=0.7941 test_acc=0.7331
Round 447 | selected=[83, 42, 29, 31, 84, 94, 71, 92, 13, 44]
Round 447 | train_loss=0.6057 train_acc=0.7964 test_loss=0.6747 test_acc=0.7692
Round 448 | selected=[41, 27, 52, 81, 32, 66, 51, 34, 5, 17]
Round 448 | train_loss=0.6220 train_acc=0.7814 test_loss=0.6512 test_acc=0.7790
Round 449 | selected=[67, 91, 72, 57, 13, 34, 8, 33, 94, 74]
Round 449 | train_loss=0.5775 train_acc=0.8116 test_loss=0.6678 test_acc=0.7727
Round 450 | selected=[71, 6, 5, 64, 32, 60, 74, 37, 96, 0]
Round 450 | train_loss=0.6546 train_acc=0.7814 test_loss=0.6303 test_acc=0.7835
Round 451 | selected=[34, 97, 45, 54, 67, 61, 85, 80, 5, 82]
Round 451 | train_loss=0.5991 train_acc=0.8064 test_loss=0.8158 test_acc=0.7310
Round 452 | selected=[21, 76, 78, 81, 33, 25, 79, 18, 56, 58]
Round 452 | train_loss=0.6811 train_acc=0.7682 test_loss=0.7701 test_acc=0.7345
Round 453 | selected=[70, 61, 50, 55, 41, 73, 91, 90, 86, 77]
Round 453 | train_loss=0.7051 train_acc=0.7682 test_loss=0.7618 test_acc=0.7455
Round 454 | selected=[98, 83, 13, 29, 84, 80, 75, 88, 33, 26]
Round 454 | train_loss=0.6489 train_acc=0.7792 test_loss=0.6297 test_acc=0.7753
Round 455 | selected=[5, 85, 67, 70, 68, 46, 97, 9, 55, 13]
Round 455 | train_loss=0.5802 train_acc=0.8006 test_loss=0.7531 test_acc=0.7476
Round 456 | selected=[17, 14, 22, 26, 50, 67, 84, 64, 82, 38]
Round 456 | train_loss=0.5445 train_acc=0.8172 test_loss=0.7366 test_acc=0.7521
Round 457 | selected=[83, 39, 25, 79, 51, 92, 73, 76, 44, 61]
Round 457 | train_loss=0.6169 train_acc=0.7944 test_loss=0.7359 test_acc=0.7573
Round 458 | selected=[96, 95, 74, 50, 90, 73, 63, 48, 53, 17]
Round 458 | train_loss=0.5861 train_acc=0.8016 test_loss=0.6094 test_acc=0.7885
Round 459 | selected=[77, 45, 44, 26, 19, 5, 73, 27, 70, 23]
Round 459 | train_loss=0.5851 train_acc=0.8070 test_loss=0.7288 test_acc=0.7527
Round 460 | selected=[58, 95, 64, 55, 38, 8, 52, 96, 90, 26]
Round 460 | train_loss=0.5978 train_acc=0.7916 test_loss=0.8796 test_acc=0.7197
Round 461 | selected=[29, 0, 82, 80, 41, 66, 15, 88, 11, 75]
Round 461 | train_loss=0.6328 train_acc=0.7828 test_loss=0.8503 test_acc=0.7250
Round 462 | selected=[14, 27, 52, 70, 71, 1, 91, 68, 41, 55]
Round 462 | train_loss=0.6220 train_acc=0.7878 test_loss=0.7659 test_acc=0.7479
Round 463 | selected=[55, 97, 96, 65, 89, 20, 56, 32, 88, 7]
Round 463 | train_loss=0.6005 train_acc=0.7854 test_loss=0.6199 test_acc=0.7788
Round 464 | selected=[55, 57, 98, 47, 14, 44, 62, 43, 72, 46]
Round 464 | train_loss=0.5872 train_acc=0.8032 test_loss=0.8085 test_acc=0.7327
Round 465 | selected=[73, 59, 64, 23, 88, 1, 29, 57, 71, 58]
Round 465 | train_loss=0.6641 train_acc=0.7760 test_loss=0.7399 test_acc=0.7428
Round 466 | selected=[17, 7, 74, 85, 44, 20, 24, 47, 80, 68]
Round 466 | train_loss=0.5547 train_acc=0.8114 test_loss=0.6201 test_acc=0.7898
Round 467 | selected=[26, 94, 63, 78, 5, 29, 92, 27, 76, 39]
Round 467 | train_loss=0.5392 train_acc=0.8222 test_loss=0.6039 test_acc=0.7950
Round 468 | selected=[52, 54, 33, 37, 69, 56, 23, 12, 89, 90]
Round 468 | train_loss=0.5998 train_acc=0.8034 test_loss=0.6221 test_acc=0.7857
Round 469 | selected=[6, 51, 31, 37, 43, 82, 46, 16, 99, 67]
Round 469 | train_loss=0.5477 train_acc=0.8184 test_loss=0.6881 test_acc=0.7666
Round 470 | selected=[77, 61, 78, 64, 63, 67, 40, 68, 53, 76]
Round 470 | train_loss=0.5956 train_acc=0.7982 test_loss=0.7620 test_acc=0.7514
Round 471 | selected=[65, 87, 48, 90, 12, 27, 73, 77, 52, 37]
Round 471 | train_loss=0.5935 train_acc=0.7980 test_loss=0.8706 test_acc=0.7089
Round 472 | selected=[67, 21, 90, 78, 82, 37, 63, 93, 76, 81]
Round 472 | train_loss=0.6216 train_acc=0.7830 test_loss=0.8385 test_acc=0.7203
Round 473 | selected=[55, 64, 41, 77, 25, 23, 70, 49, 61, 1]
Round 473 | train_loss=0.6100 train_acc=0.7858 test_loss=0.6294 test_acc=0.7833
Round 474 | selected=[27, 51, 2, 90, 24, 54, 50, 45, 69, 63]
Round 474 | train_loss=0.5795 train_acc=0.8008 test_loss=0.6514 test_acc=0.7749
Round 475 | selected=[8, 37, 48, 38, 24, 57, 26, 40, 91, 12]
Round 475 | train_loss=0.5188 train_acc=0.8212 test_loss=0.7619 test_acc=0.7465
Round 476 | selected=[20, 4, 37, 81, 12, 71, 67, 29, 66, 82]
Round 476 | train_loss=0.6626 train_acc=0.7782 test_loss=0.7989 test_acc=0.7213
Round 477 | selected=[81, 89, 20, 17, 11, 12, 41, 15, 70, 40]
Round 477 | train_loss=0.5650 train_acc=0.8040 test_loss=0.6610 test_acc=0.7765
Round 478 | selected=[33, 41, 51, 94, 43, 74, 22, 0, 21, 15]
Round 478 | train_loss=0.5725 train_acc=0.7974 test_loss=0.6646 test_acc=0.7709
Round 479 | selected=[90, 97, 1, 46, 79, 84, 3, 42, 33, 86]
Round 479 | train_loss=0.5900 train_acc=0.7928 test_loss=0.9184 test_acc=0.7125
Round 480 | selected=[75, 12, 87, 85, 26, 69, 44, 43, 99, 31]
Round 480 | train_loss=0.5685 train_acc=0.8080 test_loss=0.6558 test_acc=0.7756
Round 481 | selected=[49, 90, 1, 33, 67, 45, 82, 97, 76, 29]
Round 481 | train_loss=0.5864 train_acc=0.7966 test_loss=0.6067 test_acc=0.7910
Round 482 | selected=[36, 72, 35, 42, 59, 71, 62, 43, 29, 48]
Round 482 | train_loss=0.5727 train_acc=0.8054 test_loss=0.6455 test_acc=0.7755
Round 483 | selected=[99, 22, 35, 19, 78, 79, 34, 46, 3, 33]
Round 483 | train_loss=0.5600 train_acc=0.8106 test_loss=0.6526 test_acc=0.7786
Round 484 | selected=[61, 74, 30, 64, 71, 27, 38, 45, 76, 18]
Round 484 | train_loss=0.5629 train_acc=0.8128 test_loss=1.0029 test_acc=0.6944
Round 485 | selected=[77, 25, 84, 83, 44, 26, 3, 81, 47, 53]
Round 485 | train_loss=0.5749 train_acc=0.8048 test_loss=0.6570 test_acc=0.7715
Round 486 | selected=[26, 82, 53, 85, 57, 56, 17, 68, 78, 22]
Round 486 | train_loss=0.4521 train_acc=0.8494 test_loss=0.6539 test_acc=0.7699
Round 487 | selected=[71, 54, 16, 76, 19, 92, 84, 33, 20, 12]
Round 487 | train_loss=0.6407 train_acc=0.7862 test_loss=0.7070 test_acc=0.7616
Round 488 | selected=[92, 38, 8, 2, 1, 47, 74, 50, 29, 41]
Round 488 | train_loss=0.6632 train_acc=0.7732 test_loss=0.6860 test_acc=0.7581
Round 489 | selected=[99, 83, 21, 29, 11, 28, 97, 56, 91, 85]
Round 489 | train_loss=0.5860 train_acc=0.8010 test_loss=0.5819 test_acc=0.7986
Round 490 | selected=[75, 36, 30, 79, 59, 28, 41, 39, 80, 8]
Round 490 | train_loss=0.5737 train_acc=0.8010 test_loss=0.7037 test_acc=0.7623
Round 491 | selected=[84, 13, 91, 28, 5, 62, 64, 20, 29, 89]
Round 491 | train_loss=0.5390 train_acc=0.8204 test_loss=0.7027 test_acc=0.7618
Round 492 | selected=[56, 51, 91, 64, 67, 18, 69, 31, 65, 80]
Round 492 | train_loss=0.5375 train_acc=0.8230 test_loss=0.7077 test_acc=0.7574
Round 493 | selected=[72, 56, 62, 79, 97, 19, 92, 57, 96, 43]
Round 493 | train_loss=0.5871 train_acc=0.8048 test_loss=0.7776 test_acc=0.7399
Round 494 | selected=[75, 20, 23, 79, 69, 49, 76, 52, 53, 39]
Round 494 | train_loss=0.6433 train_acc=0.7884 test_loss=0.9046 test_acc=0.7321
Round 495 | selected=[16, 34, 76, 1, 25, 61, 46, 98, 44, 31]
Round 495 | train_loss=0.5721 train_acc=0.8110 test_loss=1.0103 test_acc=0.7013
Round 496 | selected=[33, 2, 99, 61, 30, 93, 21, 22, 36, 20]
Round 496 | train_loss=0.6035 train_acc=0.7930 test_loss=0.7324 test_acc=0.7475
Round 497 | selected=[59, 80, 95, 32, 35, 54, 58, 17, 18, 30]
Round 497 | train_loss=0.5604 train_acc=0.8082 test_loss=0.7744 test_acc=0.7469
Round 498 | selected=[90, 10, 37, 76, 45, 62, 89, 20, 85, 70]
Round 498 | train_loss=0.6293 train_acc=0.7964 test_loss=0.7765 test_acc=0.7323
Round 499 | selected=[39, 87, 86, 15, 18, 10, 57, 75, 74, 95]
Round 499 | train_loss=0.6389 train_acc=0.7810 test_loss=0.7716 test_acc=0.7555
Round 500 | selected=[53, 83, 34, 22, 85, 50, 9, 98, 67, 90]
Round 500 | train_loss=0.5432 train_acc=0.8140 test_loss=0.5700 test_acc=0.8025
Saved: track1/results/cifar10/final_seed44/fedavg_alpha1_seed44.csv
COMPLETED: fedavg alpha1 seed=44
