========================================
JOB:       12009446
TASK:      53
ALGORITHM: fedprox
PARTITION: alpha1
SEED:      46
GPU:       0
========================================
Device: cuda
GPU: Tesla V100-PCIE-32GB
Round 0 | test_loss=3.1277 test_acc=0.0954
Round 1 | selected=[20, 26, 83, 93, 7, 60, 52, 24, 45, 13]
Round 1 | train_loss=2.1414 train_acc=0.2384 test_loss=2.3464 test_acc=0.1358
Round 2 | selected=[5, 81, 53, 62, 47, 68, 49, 77, 66, 75]
Round 2 | train_loss=2.1019 train_acc=0.2758 test_loss=2.3831 test_acc=0.1529
Round 3 | selected=[30, 93, 0, 98, 81, 24, 18, 94, 80, 23]
Round 3 | train_loss=2.0741 train_acc=0.3212 test_loss=2.4224 test_acc=0.1992
Round 4 | selected=[68, 96, 87, 66, 5, 62, 61, 57, 80, 99]
Round 4 | train_loss=2.1134 train_acc=0.3258 test_loss=2.5611 test_acc=0.2240
Round 5 | selected=[43, 63, 24, 13, 36, 72, 18, 51, 46, 15]
Round 5 | train_loss=2.0262 train_acc=0.3540 test_loss=2.4648 test_acc=0.1990
Round 6 | selected=[93, 15, 46, 55, 45, 4, 23, 83, 27, 40]
Round 6 | train_loss=1.9428 train_acc=0.3462 test_loss=1.9498 test_acc=0.2446
Round 7 | selected=[18, 23, 22, 31, 88, 68, 42, 38, 92, 98]
Round 7 | train_loss=1.6912 train_acc=0.3876 test_loss=2.1025 test_acc=0.2687
Round 8 | selected=[85, 34, 62, 61, 35, 72, 26, 71, 28, 9]
Round 8 | train_loss=1.8354 train_acc=0.3634 test_loss=2.3344 test_acc=0.2342
Round 9 | selected=[59, 12, 51, 64, 11, 73, 8, 38, 31, 63]
Round 9 | train_loss=1.7163 train_acc=0.3990 test_loss=2.3127 test_acc=0.2190
Round 10 | selected=[65, 57, 19, 80, 71, 67, 32, 59, 47, 58]
Round 10 | train_loss=1.8367 train_acc=0.3846 test_loss=1.9831 test_acc=0.2724
Round 11 | selected=[1, 49, 56, 28, 42, 16, 35, 11, 40, 61]
Round 11 | train_loss=1.7493 train_acc=0.3688 test_loss=1.9507 test_acc=0.2687
Round 12 | selected=[71, 22, 31, 34, 4, 78, 38, 11, 55, 82]
Round 12 | train_loss=1.7147 train_acc=0.4004 test_loss=2.3232 test_acc=0.2571
Round 13 | selected=[12, 80, 53, 65, 90, 75, 5, 16, 10, 43]
Round 13 | train_loss=1.6964 train_acc=0.4416 test_loss=1.9937 test_acc=0.2728
Round 14 | selected=[32, 76, 31, 47, 99, 18, 53, 8, 65, 51]
Round 14 | train_loss=1.6945 train_acc=0.4114 test_loss=1.8907 test_acc=0.2849
Round 15 | selected=[71, 40, 96, 38, 82, 7, 28, 24, 55, 13]
Round 15 | train_loss=1.6764 train_acc=0.3984 test_loss=1.9772 test_acc=0.2609
Round 16 | selected=[53, 33, 17, 23, 30, 28, 65, 13, 92, 19]
Round 16 | train_loss=1.6636 train_acc=0.4016 test_loss=1.9839 test_acc=0.2814
Round 17 | selected=[77, 54, 38, 21, 13, 2, 72, 51, 28, 66]
Round 17 | train_loss=1.7554 train_acc=0.4004 test_loss=1.9099 test_acc=0.3246
Round 18 | selected=[20, 65, 44, 11, 51, 22, 72, 37, 35, 96]
Round 18 | train_loss=1.6631 train_acc=0.4056 test_loss=1.8696 test_acc=0.3175
Round 19 | selected=[10, 94, 29, 60, 99, 16, 92, 35, 54, 96]
Round 19 | train_loss=1.5266 train_acc=0.4518 test_loss=1.9208 test_acc=0.3090
Round 20 | selected=[47, 20, 53, 40, 37, 75, 48, 27, 94, 4]
Round 20 | train_loss=1.6926 train_acc=0.4036 test_loss=1.8195 test_acc=0.3064
Round 21 | selected=[87, 63, 53, 36, 77, 37, 11, 24, 70, 28]
Round 21 | train_loss=1.6168 train_acc=0.4264 test_loss=1.6380 test_acc=0.3814
Round 22 | selected=[19, 94, 3, 74, 10, 66, 12, 15, 34, 96]
Round 22 | train_loss=1.5446 train_acc=0.4438 test_loss=1.7722 test_acc=0.3308
Round 23 | selected=[21, 65, 82, 31, 87, 4, 24, 43, 1, 37]
Round 23 | train_loss=1.5893 train_acc=0.4338 test_loss=1.8555 test_acc=0.3304
Round 24 | selected=[80, 26, 7, 40, 51, 3, 38, 69, 81, 6]
Round 24 | train_loss=1.6387 train_acc=0.4384 test_loss=1.7818 test_acc=0.3387
Round 25 | selected=[67, 33, 68, 23, 69, 46, 84, 74, 17, 39]
Round 25 | train_loss=1.6384 train_acc=0.4332 test_loss=1.8374 test_acc=0.3061
Round 26 | selected=[35, 73, 94, 20, 13, 11, 29, 70, 87, 55]
Round 26 | train_loss=1.5312 train_acc=0.4704 test_loss=2.0361 test_acc=0.3479
Round 27 | selected=[36, 34, 32, 97, 17, 73, 92, 31, 65, 22]
Round 27 | train_loss=1.6421 train_acc=0.4312 test_loss=1.9518 test_acc=0.3161
Round 28 | selected=[55, 47, 35, 83, 29, 69, 49, 84, 52, 80]
Round 28 | train_loss=1.6020 train_acc=0.4458 test_loss=2.1530 test_acc=0.3351
Round 29 | selected=[64, 84, 49, 55, 35, 88, 37, 68, 51, 77]
Round 29 | train_loss=1.5945 train_acc=0.4534 test_loss=1.7360 test_acc=0.3672
Round 30 | selected=[44, 58, 83, 37, 38, 24, 16, 86, 19, 97]
Round 30 | train_loss=1.4595 train_acc=0.4852 test_loss=1.6336 test_acc=0.3742
Round 31 | selected=[91, 12, 26, 97, 28, 19, 27, 29, 50, 37]
Round 31 | train_loss=1.5334 train_acc=0.4518 test_loss=1.8868 test_acc=0.3248
Round 32 | selected=[18, 48, 87, 47, 37, 8, 99, 29, 42, 27]
Round 32 | train_loss=1.4548 train_acc=0.4980 test_loss=1.6433 test_acc=0.3720
Round 33 | selected=[91, 10, 70, 33, 85, 48, 46, 36, 44, 68]
Round 33 | train_loss=1.5139 train_acc=0.4622 test_loss=1.8720 test_acc=0.3651
Round 34 | selected=[15, 77, 58, 63, 47, 18, 34, 98, 25, 97]
Round 34 | train_loss=1.6221 train_acc=0.4588 test_loss=1.6305 test_acc=0.3806
Round 35 | selected=[95, 82, 19, 77, 83, 25, 30, 0, 87, 69]
Round 35 | train_loss=1.6433 train_acc=0.4262 test_loss=1.7465 test_acc=0.3571
Round 36 | selected=[57, 41, 2, 99, 9, 38, 87, 39, 80, 48]
Round 36 | train_loss=1.4878 train_acc=0.4904 test_loss=1.7776 test_acc=0.3760
Round 37 | selected=[6, 47, 4, 5, 82, 33, 91, 38, 59, 98]
Round 37 | train_loss=1.5022 train_acc=0.4726 test_loss=1.6623 test_acc=0.3968
Round 38 | selected=[8, 30, 11, 0, 86, 68, 93, 67, 60, 40]
Round 38 | train_loss=1.5002 train_acc=0.4752 test_loss=1.6911 test_acc=0.3502
Round 39 | selected=[5, 84, 28, 83, 34, 74, 2, 3, 53, 50]
Round 39 | train_loss=1.5145 train_acc=0.4672 test_loss=1.6327 test_acc=0.3915
Round 40 | selected=[10, 22, 74, 23, 38, 30, 0, 93, 44, 57]
Round 40 | train_loss=1.4765 train_acc=0.4818 test_loss=1.6775 test_acc=0.3887
Round 41 | selected=[67, 8, 13, 28, 34, 37, 77, 14, 49, 47]
Round 41 | train_loss=1.4991 train_acc=0.4808 test_loss=1.7188 test_acc=0.3576
Round 42 | selected=[86, 57, 24, 4, 23, 55, 94, 59, 50, 21]
Round 42 | train_loss=1.5274 train_acc=0.4608 test_loss=1.9465 test_acc=0.3653
Round 43 | selected=[17, 72, 35, 18, 5, 86, 95, 23, 77, 25]
Round 43 | train_loss=1.5261 train_acc=0.4748 test_loss=1.7742 test_acc=0.3845
Round 44 | selected=[54, 13, 62, 81, 94, 17, 47, 22, 50, 21]
Round 44 | train_loss=1.5508 train_acc=0.4648 test_loss=1.5725 test_acc=0.4154
Round 45 | selected=[4, 35, 52, 85, 71, 51, 61, 3, 72, 91]
Round 45 | train_loss=1.4582 train_acc=0.4846 test_loss=1.6607 test_acc=0.4176
Round 46 | selected=[32, 47, 83, 65, 75, 56, 4, 51, 52, 79]
Round 46 | train_loss=1.5377 train_acc=0.4678 test_loss=1.5960 test_acc=0.3880
Round 47 | selected=[50, 13, 94, 72, 14, 31, 27, 97, 9, 59]
Round 47 | train_loss=1.3983 train_acc=0.5022 test_loss=1.5461 test_acc=0.4150
Round 48 | selected=[59, 80, 54, 0, 68, 39, 88, 72, 42, 5]
Round 48 | train_loss=1.4145 train_acc=0.4978 test_loss=1.6428 test_acc=0.4153
Round 49 | selected=[45, 33, 23, 97, 88, 1, 0, 58, 21, 74]
Round 49 | train_loss=1.5138 train_acc=0.4838 test_loss=1.6792 test_acc=0.3905
Round 50 | selected=[73, 88, 96, 64, 4, 0, 17, 86, 14, 95]
Round 50 | train_loss=1.4872 train_acc=0.4880 test_loss=1.6457 test_acc=0.4207
Round 51 | selected=[2, 25, 22, 72, 33, 66, 11, 56, 59, 4]
Round 51 | train_loss=1.4676 train_acc=0.4852 test_loss=1.9581 test_acc=0.3534
Round 52 | selected=[25, 55, 52, 51, 65, 15, 77, 67, 10, 49]
Round 52 | train_loss=1.5308 train_acc=0.4746 test_loss=1.8168 test_acc=0.3780
Round 53 | selected=[45, 17, 75, 29, 88, 55, 6, 34, 7, 22]
Round 53 | train_loss=1.4813 train_acc=0.4858 test_loss=1.7528 test_acc=0.4087
Round 54 | selected=[90, 89, 22, 45, 85, 2, 64, 27, 99, 34]
Round 54 | train_loss=1.3846 train_acc=0.5180 test_loss=1.4202 test_acc=0.4716
Round 55 | selected=[41, 82, 22, 88, 56, 8, 72, 93, 24, 5]
Round 55 | train_loss=1.3313 train_acc=0.5394 test_loss=1.5890 test_acc=0.4069
Round 56 | selected=[23, 38, 99, 11, 58, 0, 75, 34, 94, 74]
Round 56 | train_loss=1.4647 train_acc=0.4856 test_loss=1.5421 test_acc=0.4364
Round 57 | selected=[15, 97, 73, 19, 40, 83, 85, 58, 89, 45]
Round 57 | train_loss=1.4042 train_acc=0.5060 test_loss=1.4467 test_acc=0.4498
Round 58 | selected=[78, 55, 41, 22, 89, 88, 93, 85, 86, 98]
Round 58 | train_loss=1.3356 train_acc=0.5498 test_loss=1.9031 test_acc=0.3545
Round 59 | selected=[85, 47, 15, 62, 50, 82, 38, 90, 52, 33]
Round 59 | train_loss=1.4443 train_acc=0.5042 test_loss=1.4990 test_acc=0.4515
Round 60 | selected=[46, 25, 40, 86, 31, 50, 84, 13, 19, 72]
Round 60 | train_loss=1.3531 train_acc=0.5276 test_loss=1.7898 test_acc=0.4246
Round 61 | selected=[3, 8, 54, 52, 77, 81, 60, 93, 25, 79]
Round 61 | train_loss=1.3671 train_acc=0.5260 test_loss=1.5216 test_acc=0.4223
Round 62 | selected=[77, 76, 7, 30, 74, 47, 93, 33, 42, 98]
Round 62 | train_loss=1.4470 train_acc=0.5088 test_loss=1.5176 test_acc=0.4365
Round 63 | selected=[17, 52, 91, 21, 85, 47, 44, 87, 42, 10]
Round 63 | train_loss=1.3604 train_acc=0.5140 test_loss=1.5210 test_acc=0.4595
Round 64 | selected=[1, 79, 93, 32, 29, 10, 47, 78, 58, 19]
Round 64 | train_loss=1.3468 train_acc=0.5398 test_loss=1.7229 test_acc=0.4504
Round 65 | selected=[55, 10, 46, 74, 54, 15, 81, 66, 12, 93]
Round 65 | train_loss=1.4238 train_acc=0.5158 test_loss=1.5661 test_acc=0.4406
Round 66 | selected=[56, 11, 93, 73, 94, 26, 22, 52, 36, 29]
Round 66 | train_loss=1.3359 train_acc=0.5344 test_loss=1.8291 test_acc=0.3774
Round 67 | selected=[82, 22, 31, 16, 28, 33, 56, 41, 76, 11]
Round 67 | train_loss=1.3736 train_acc=0.5316 test_loss=1.8722 test_acc=0.3962
Round 68 | selected=[81, 97, 82, 70, 39, 55, 89, 85, 36, 83]
Round 68 | train_loss=1.4888 train_acc=0.4942 test_loss=1.8555 test_acc=0.4257
Round 69 | selected=[80, 73, 18, 98, 55, 49, 43, 61, 8, 82]
Round 69 | train_loss=1.3090 train_acc=0.5606 test_loss=1.5533 test_acc=0.4278
Round 70 | selected=[17, 6, 47, 63, 96, 3, 81, 41, 21, 46]
Round 70 | train_loss=1.3882 train_acc=0.5114 test_loss=1.4913 test_acc=0.4458
Round 71 | selected=[85, 20, 24, 98, 21, 64, 11, 58, 68, 62]
Round 71 | train_loss=1.3877 train_acc=0.5074 test_loss=1.3698 test_acc=0.4926
Round 72 | selected=[5, 16, 63, 59, 66, 92, 17, 31, 74, 64]
Round 72 | train_loss=1.2747 train_acc=0.5616 test_loss=1.4043 test_acc=0.4922
Round 73 | selected=[14, 92, 71, 69, 4, 54, 23, 62, 43, 7]
Round 73 | train_loss=1.3668 train_acc=0.5428 test_loss=1.5202 test_acc=0.4509
Round 74 | selected=[72, 6, 11, 52, 57, 59, 55, 28, 94, 82]
Round 74 | train_loss=1.4568 train_acc=0.4960 test_loss=1.8532 test_acc=0.3774
Round 75 | selected=[81, 43, 26, 4, 87, 50, 59, 40, 47, 95]
Round 75 | train_loss=1.4737 train_acc=0.5060 test_loss=1.9404 test_acc=0.3865
Round 76 | selected=[17, 59, 12, 15, 38, 40, 57, 21, 47, 49]
Round 76 | train_loss=1.4216 train_acc=0.5174 test_loss=1.7336 test_acc=0.4224
Round 77 | selected=[8, 57, 39, 27, 96, 6, 59, 44, 66, 86]
Round 77 | train_loss=1.3258 train_acc=0.5552 test_loss=1.5089 test_acc=0.4716
Round 78 | selected=[73, 79, 56, 35, 47, 30, 52, 15, 97, 66]
Round 78 | train_loss=1.2597 train_acc=0.5712 test_loss=1.3169 test_acc=0.5048
Round 79 | selected=[8, 44, 75, 17, 20, 80, 60, 53, 16, 95]
Round 79 | train_loss=1.1879 train_acc=0.6036 test_loss=1.6153 test_acc=0.4270
Round 80 | selected=[4, 88, 83, 15, 45, 78, 92, 58, 46, 52]
Round 80 | train_loss=1.4170 train_acc=0.5142 test_loss=1.6143 test_acc=0.4389
Round 81 | selected=[80, 91, 48, 38, 41, 49, 0, 71, 4, 1]
Round 81 | train_loss=1.3818 train_acc=0.5316 test_loss=1.6116 test_acc=0.4560
Round 82 | selected=[52, 98, 54, 45, 61, 36, 76, 27, 22, 25]
Round 82 | train_loss=1.4508 train_acc=0.5140 test_loss=1.6498 test_acc=0.4219
Round 83 | selected=[96, 15, 80, 66, 98, 0, 44, 70, 38, 10]
Round 83 | train_loss=1.2898 train_acc=0.5606 test_loss=1.8062 test_acc=0.4181
Round 84 | selected=[69, 9, 45, 35, 99, 84, 58, 73, 18, 3]
Round 84 | train_loss=1.2625 train_acc=0.5664 test_loss=1.3729 test_acc=0.4888
Round 85 | selected=[81, 71, 9, 53, 89, 98, 26, 91, 43, 68]
Round 85 | train_loss=1.2706 train_acc=0.5602 test_loss=1.4552 test_acc=0.4922
Round 86 | selected=[39, 82, 72, 29, 95, 53, 75, 79, 90, 32]
Round 86 | train_loss=1.2992 train_acc=0.5730 test_loss=1.5666 test_acc=0.4689
Round 87 | selected=[38, 81, 50, 19, 66, 9, 82, 61, 15, 72]
Round 87 | train_loss=1.3317 train_acc=0.5268 test_loss=1.4569 test_acc=0.4736
Round 88 | selected=[27, 5, 39, 61, 50, 67, 49, 31, 34, 79]
Round 88 | train_loss=1.3474 train_acc=0.5300 test_loss=1.6578 test_acc=0.4450
Round 89 | selected=[48, 42, 13, 22, 57, 15, 55, 56, 19, 36]
Round 89 | train_loss=1.3853 train_acc=0.5282 test_loss=1.6166 test_acc=0.4460
Round 90 | selected=[78, 81, 32, 27, 85, 58, 40, 11, 7, 39]
Round 90 | train_loss=1.4087 train_acc=0.5132 test_loss=1.7256 test_acc=0.4452
Round 91 | selected=[2, 24, 36, 13, 37, 98, 96, 67, 38, 83]
Round 91 | train_loss=1.3284 train_acc=0.5302 test_loss=1.4488 test_acc=0.4756
Round 92 | selected=[57, 54, 69, 47, 15, 32, 68, 59, 20, 90]
Round 92 | train_loss=1.2140 train_acc=0.5792 test_loss=1.3047 test_acc=0.5285
Round 93 | selected=[66, 19, 91, 63, 65, 60, 90, 18, 24, 68]
Round 93 | train_loss=1.2126 train_acc=0.5740 test_loss=1.3214 test_acc=0.5036
Round 94 | selected=[68, 51, 73, 29, 36, 48, 20, 86, 94, 87]
Round 94 | train_loss=1.3059 train_acc=0.5434 test_loss=1.5973 test_acc=0.4790
Round 95 | selected=[36, 74, 82, 80, 10, 28, 88, 17, 66, 13]
Round 95 | train_loss=1.3307 train_acc=0.5596 test_loss=1.5563 test_acc=0.4818
Round 96 | selected=[76, 36, 88, 15, 60, 12, 20, 78, 13, 9]
Round 96 | train_loss=1.2618 train_acc=0.5736 test_loss=1.3110 test_acc=0.5277
Round 97 | selected=[10, 34, 48, 70, 52, 79, 5, 56, 60, 50]
Round 97 | train_loss=1.2842 train_acc=0.5428 test_loss=1.2019 test_acc=0.5637
Round 98 | selected=[95, 69, 18, 64, 54, 31, 85, 15, 88, 48]
Round 98 | train_loss=1.2149 train_acc=0.5826 test_loss=1.3978 test_acc=0.5124
Round 99 | selected=[6, 4, 93, 38, 91, 64, 19, 12, 35, 5]
Round 99 | train_loss=1.2109 train_acc=0.5788 test_loss=1.3517 test_acc=0.5115
Round 100 | selected=[34, 52, 32, 95, 18, 79, 0, 81, 8, 92]
Round 100 | train_loss=1.2705 train_acc=0.5594 test_loss=1.2972 test_acc=0.5248
Round 101 | selected=[42, 20, 63, 46, 75, 93, 12, 37, 55, 61]
Round 101 | train_loss=1.2626 train_acc=0.5640 test_loss=1.4776 test_acc=0.5014
Round 102 | selected=[75, 15, 6, 90, 74, 24, 27, 78, 68, 79]
Round 102 | train_loss=1.2645 train_acc=0.5716 test_loss=1.3958 test_acc=0.5002
Round 103 | selected=[5, 29, 63, 18, 9, 87, 20, 62, 82, 49]
Round 103 | train_loss=1.2785 train_acc=0.5580 test_loss=1.3564 test_acc=0.5047
Round 104 | selected=[91, 66, 37, 23, 40, 27, 15, 65, 88, 78]
Round 104 | train_loss=1.2646 train_acc=0.5638 test_loss=1.4462 test_acc=0.5013
Round 105 | selected=[31, 91, 32, 14, 77, 35, 46, 17, 2, 86]
Round 105 | train_loss=1.2284 train_acc=0.5712 test_loss=1.4454 test_acc=0.5111
Round 106 | selected=[43, 62, 10, 45, 4, 38, 8, 49, 52, 84]
Round 106 | train_loss=1.2311 train_acc=0.5786 test_loss=1.2693 test_acc=0.5362
Round 107 | selected=[34, 19, 64, 70, 43, 29, 41, 4, 1, 37]
Round 107 | train_loss=1.1570 train_acc=0.5984 test_loss=1.3564 test_acc=0.5052
Round 108 | selected=[8, 22, 62, 30, 38, 64, 80, 56, 19, 29]
Round 108 | train_loss=1.1459 train_acc=0.6088 test_loss=1.3577 test_acc=0.5114
Round 109 | selected=[15, 16, 98, 34, 91, 38, 8, 43, 47, 35]
Round 109 | train_loss=1.0510 train_acc=0.6502 test_loss=1.3335 test_acc=0.5173
Round 110 | selected=[27, 16, 95, 72, 96, 63, 5, 24, 85, 3]
Round 110 | train_loss=1.1975 train_acc=0.5938 test_loss=1.2888 test_acc=0.5427
Round 111 | selected=[29, 42, 75, 4, 76, 83, 93, 72, 47, 73]
Round 111 | train_loss=1.1764 train_acc=0.5912 test_loss=1.2576 test_acc=0.5464
Round 112 | selected=[60, 39, 13, 43, 98, 49, 0, 79, 23, 66]
Round 112 | train_loss=1.1493 train_acc=0.6058 test_loss=1.2353 test_acc=0.5478
Round 113 | selected=[50, 68, 73, 44, 4, 14, 38, 32, 63, 77]
Round 113 | train_loss=1.1702 train_acc=0.5926 test_loss=1.3518 test_acc=0.5053
Round 114 | selected=[31, 69, 59, 15, 30, 37, 4, 78, 97, 34]
Round 114 | train_loss=1.2973 train_acc=0.5540 test_loss=1.4572 test_acc=0.5009
Round 115 | selected=[28, 20, 98, 85, 23, 22, 16, 60, 41, 36]
Round 115 | train_loss=1.1411 train_acc=0.6088 test_loss=1.2316 test_acc=0.5584
Round 116 | selected=[4, 35, 40, 44, 50, 41, 91, 11, 7, 88]
Round 116 | train_loss=1.1882 train_acc=0.5894 test_loss=1.1810 test_acc=0.5635
Round 117 | selected=[27, 50, 15, 67, 51, 77, 32, 66, 21, 48]
Round 117 | train_loss=1.1541 train_acc=0.5926 test_loss=1.2736 test_acc=0.5335
Round 118 | selected=[84, 34, 53, 82, 94, 61, 31, 14, 3, 51]
Round 118 | train_loss=1.1842 train_acc=0.5948 test_loss=1.3728 test_acc=0.5144
Round 119 | selected=[92, 28, 70, 45, 60, 30, 89, 27, 68, 56]
Round 119 | train_loss=1.2062 train_acc=0.5844 test_loss=1.1539 test_acc=0.5772
Round 120 | selected=[62, 69, 95, 53, 41, 5, 27, 8, 43, 13]
Round 120 | train_loss=1.1212 train_acc=0.6232 test_loss=1.3103 test_acc=0.5307
Round 121 | selected=[71, 77, 89, 7, 38, 56, 96, 15, 19, 43]
Round 121 | train_loss=1.0828 train_acc=0.6246 test_loss=1.2767 test_acc=0.5449
Round 122 | selected=[64, 37, 53, 94, 98, 21, 2, 24, 84, 4]
Round 122 | train_loss=1.1818 train_acc=0.5876 test_loss=1.4130 test_acc=0.5025
Round 123 | selected=[86, 25, 31, 15, 62, 95, 45, 91, 57, 14]
Round 123 | train_loss=1.1297 train_acc=0.6174 test_loss=1.3739 test_acc=0.5445
Round 124 | selected=[14, 47, 16, 5, 94, 8, 76, 71, 32, 81]
Round 124 | train_loss=1.0904 train_acc=0.6366 test_loss=1.6119 test_acc=0.4702
Round 125 | selected=[15, 43, 97, 55, 32, 99, 31, 92, 18, 78]
Round 125 | train_loss=1.1284 train_acc=0.6206 test_loss=1.4185 test_acc=0.5066
Round 126 | selected=[6, 64, 13, 31, 9, 23, 94, 37, 79, 74]
Round 126 | train_loss=1.2167 train_acc=0.5832 test_loss=1.6455 test_acc=0.4710
Round 127 | selected=[47, 4, 9, 44, 50, 96, 43, 63, 68, 6]
Round 127 | train_loss=1.2149 train_acc=0.5868 test_loss=1.5808 test_acc=0.4866
Round 128 | selected=[89, 80, 29, 51, 1, 14, 33, 57, 3, 6]
Round 128 | train_loss=1.2164 train_acc=0.6008 test_loss=1.4908 test_acc=0.4875
Round 129 | selected=[44, 18, 53, 66, 5, 99, 71, 30, 55, 63]
Round 129 | train_loss=1.1590 train_acc=0.6068 test_loss=1.5233 test_acc=0.4802
Round 130 | selected=[22, 62, 81, 37, 31, 77, 73, 3, 33, 46]
Round 130 | train_loss=1.2748 train_acc=0.5718 test_loss=1.7347 test_acc=0.4397
Round 131 | selected=[68, 35, 90, 12, 77, 3, 85, 0, 31, 33]
Round 131 | train_loss=1.2510 train_acc=0.5880 test_loss=1.4339 test_acc=0.5217
Round 132 | selected=[52, 62, 20, 40, 11, 7, 76, 93, 4, 78]
Round 132 | train_loss=1.2808 train_acc=0.5668 test_loss=1.6546 test_acc=0.4548
Round 133 | selected=[97, 12, 52, 74, 59, 24, 95, 51, 8, 9]
Round 133 | train_loss=1.1603 train_acc=0.5986 test_loss=1.4132 test_acc=0.5385
Round 134 | selected=[71, 92, 40, 49, 84, 82, 88, 28, 33, 22]
Round 134 | train_loss=1.1135 train_acc=0.6162 test_loss=1.2769 test_acc=0.5481
Round 135 | selected=[69, 8, 52, 23, 7, 18, 3, 9, 19, 60]
Round 135 | train_loss=1.0550 train_acc=0.6332 test_loss=1.3135 test_acc=0.5409
Round 136 | selected=[45, 19, 90, 58, 65, 18, 16, 21, 39, 69]
Round 136 | train_loss=1.0753 train_acc=0.6392 test_loss=1.1859 test_acc=0.5813
Round 137 | selected=[22, 66, 1, 85, 96, 9, 81, 78, 73, 91]
Round 137 | train_loss=1.0687 train_acc=0.6334 test_loss=1.3168 test_acc=0.5460
Round 138 | selected=[25, 2, 19, 62, 93, 31, 46, 6, 10, 63]
Round 138 | train_loss=1.1400 train_acc=0.6108 test_loss=1.3442 test_acc=0.5316
Round 139 | selected=[57, 15, 60, 54, 90, 45, 64, 97, 3, 85]
Round 139 | train_loss=1.0914 train_acc=0.6316 test_loss=1.6535 test_acc=0.4941
Round 140 | selected=[88, 68, 82, 2, 54, 57, 96, 33, 22, 89]
Round 140 | train_loss=1.0607 train_acc=0.6206 test_loss=1.3605 test_acc=0.5362
Round 141 | selected=[54, 10, 46, 37, 42, 38, 1, 80, 36, 45]
Round 141 | train_loss=1.0813 train_acc=0.6240 test_loss=1.1978 test_acc=0.5785
Round 142 | selected=[52, 31, 86, 11, 79, 83, 16, 6, 3, 20]
Round 142 | train_loss=1.0322 train_acc=0.6454 test_loss=1.2219 test_acc=0.5719
Round 143 | selected=[58, 46, 84, 39, 45, 93, 67, 36, 40, 16]
Round 143 | train_loss=1.0598 train_acc=0.6392 test_loss=1.2041 test_acc=0.5620
Round 144 | selected=[81, 11, 24, 76, 50, 7, 42, 49, 88, 26]
Round 144 | train_loss=1.1771 train_acc=0.5830 test_loss=1.1315 test_acc=0.5811
Round 145 | selected=[12, 79, 26, 41, 23, 95, 63, 58, 94, 20]
Round 145 | train_loss=1.1075 train_acc=0.6174 test_loss=1.2327 test_acc=0.5564
Round 146 | selected=[60, 24, 40, 83, 94, 64, 71, 95, 84, 5]
Round 146 | train_loss=1.1459 train_acc=0.6026 test_loss=1.2779 test_acc=0.5628
Round 147 | selected=[39, 51, 68, 53, 34, 42, 64, 44, 15, 67]
Round 147 | train_loss=1.0880 train_acc=0.6286 test_loss=1.2984 test_acc=0.5364
Round 148 | selected=[92, 85, 18, 97, 45, 65, 93, 63, 2, 36]
Round 148 | train_loss=1.0652 train_acc=0.6364 test_loss=1.1811 test_acc=0.5708
Round 149 | selected=[14, 25, 77, 59, 20, 42, 43, 55, 48, 86]
Round 149 | train_loss=1.1359 train_acc=0.6142 test_loss=1.2324 test_acc=0.5620
Round 150 | selected=[37, 21, 26, 74, 13, 19, 51, 96, 46, 73]
Round 150 | train_loss=1.0741 train_acc=0.6228 test_loss=1.1369 test_acc=0.5983
Round 151 | selected=[40, 2, 47, 60, 78, 76, 56, 71, 21, 53]
Round 151 | train_loss=1.0569 train_acc=0.6484 test_loss=1.1881 test_acc=0.5683
Round 152 | selected=[95, 45, 93, 78, 10, 83, 85, 33, 68, 55]
Round 152 | train_loss=1.1222 train_acc=0.6122 test_loss=1.2057 test_acc=0.5850
Round 153 | selected=[50, 92, 80, 68, 54, 75, 55, 20, 1, 16]
Round 153 | train_loss=1.0455 train_acc=0.6466 test_loss=1.3486 test_acc=0.5479
Round 154 | selected=[12, 64, 99, 17, 11, 4, 9, 82, 60, 8]
Round 154 | train_loss=1.1208 train_acc=0.6206 test_loss=1.1399 test_acc=0.5868
Round 155 | selected=[11, 75, 99, 24, 17, 95, 8, 34, 56, 90]
Round 155 | train_loss=1.0221 train_acc=0.6462 test_loss=1.0669 test_acc=0.6135
Round 156 | selected=[92, 29, 95, 44, 5, 39, 70, 38, 62, 76]
Round 156 | train_loss=1.0108 train_acc=0.6628 test_loss=1.2778 test_acc=0.5509
Round 157 | selected=[93, 29, 99, 27, 73, 89, 33, 51, 34, 42]
Round 157 | train_loss=1.0738 train_acc=0.6256 test_loss=1.2561 test_acc=0.5560
Round 158 | selected=[9, 29, 75, 78, 87, 52, 1, 36, 48, 37]
Round 158 | train_loss=1.0469 train_acc=0.6358 test_loss=1.1398 test_acc=0.5948
Round 159 | selected=[2, 77, 75, 60, 19, 11, 89, 20, 1, 91]
Round 159 | train_loss=1.0783 train_acc=0.6290 test_loss=1.2013 test_acc=0.5625
Round 160 | selected=[78, 3, 40, 74, 24, 90, 51, 22, 65, 38]
Round 160 | train_loss=1.0893 train_acc=0.6242 test_loss=1.2354 test_acc=0.5729
Round 161 | selected=[17, 23, 29, 44, 32, 97, 82, 4, 13, 55]
Round 161 | train_loss=1.0713 train_acc=0.6342 test_loss=1.2412 test_acc=0.5678
Round 162 | selected=[4, 83, 67, 55, 17, 93, 48, 18, 94, 86]
Round 162 | train_loss=1.0978 train_acc=0.6228 test_loss=1.1815 test_acc=0.5863
Round 163 | selected=[13, 86, 29, 48, 70, 94, 1, 54, 95, 69]
Round 163 | train_loss=1.0357 train_acc=0.6510 test_loss=1.0441 test_acc=0.6218
Round 164 | selected=[80, 3, 9, 10, 81, 37, 57, 97, 58, 24]
Round 164 | train_loss=1.0549 train_acc=0.6302 test_loss=1.1766 test_acc=0.5825
Round 165 | selected=[56, 90, 24, 74, 19, 45, 21, 97, 96, 95]
Round 165 | train_loss=1.0611 train_acc=0.6312 test_loss=1.0629 test_acc=0.6203
Round 166 | selected=[9, 71, 15, 75, 32, 18, 61, 63, 53, 80]
Round 166 | train_loss=0.9611 train_acc=0.6766 test_loss=1.2393 test_acc=0.5707
Round 167 | selected=[95, 97, 52, 12, 96, 77, 80, 74, 78, 98]
Round 167 | train_loss=1.0932 train_acc=0.6336 test_loss=1.5509 test_acc=0.4941
Round 168 | selected=[86, 55, 74, 26, 73, 62, 95, 88, 56, 83]
Round 168 | train_loss=1.0719 train_acc=0.6336 test_loss=1.2787 test_acc=0.5714
Round 169 | selected=[71, 42, 12, 36, 74, 11, 80, 78, 77, 9]
Round 169 | train_loss=1.1509 train_acc=0.6202 test_loss=1.1963 test_acc=0.5838
Round 170 | selected=[16, 65, 91, 57, 20, 60, 25, 4, 94, 58]
Round 170 | train_loss=1.0260 train_acc=0.6462 test_loss=1.1480 test_acc=0.5816
Round 171 | selected=[71, 8, 24, 37, 72, 62, 16, 19, 83, 84]
Round 171 | train_loss=1.0084 train_acc=0.6622 test_loss=1.2645 test_acc=0.5889
Round 172 | selected=[57, 23, 92, 98, 26, 36, 48, 14, 88, 50]
Round 172 | train_loss=1.0482 train_acc=0.6486 test_loss=1.4734 test_acc=0.5157
Round 173 | selected=[56, 51, 45, 0, 59, 55, 68, 33, 61, 80]
Round 173 | train_loss=1.0819 train_acc=0.6338 test_loss=1.3491 test_acc=0.5626
Round 174 | selected=[21, 87, 82, 58, 5, 4, 42, 97, 28, 31]
Round 174 | train_loss=1.0786 train_acc=0.6346 test_loss=1.1663 test_acc=0.5863
Round 175 | selected=[59, 15, 86, 23, 73, 88, 34, 83, 98, 43]
Round 175 | train_loss=0.9746 train_acc=0.6630 test_loss=1.0883 test_acc=0.6139
Round 176 | selected=[2, 59, 98, 12, 75, 63, 21, 86, 89, 19]
Round 176 | train_loss=1.0226 train_acc=0.6486 test_loss=1.2737 test_acc=0.5536
Round 177 | selected=[0, 69, 39, 84, 64, 2, 62, 45, 52, 77]
Round 177 | train_loss=1.0580 train_acc=0.6314 test_loss=1.5823 test_acc=0.5304
Round 178 | selected=[25, 89, 78, 42, 61, 59, 55, 88, 74, 3]
Round 178 | train_loss=1.0900 train_acc=0.6362 test_loss=1.4913 test_acc=0.5146
Round 179 | selected=[11, 28, 63, 57, 83, 70, 93, 50, 74, 18]
Round 179 | train_loss=1.0699 train_acc=0.6296 test_loss=1.1702 test_acc=0.5980
Round 180 | selected=[89, 53, 19, 81, 28, 93, 7, 55, 67, 60]
Round 180 | train_loss=1.0455 train_acc=0.6448 test_loss=1.0626 test_acc=0.6198
Round 181 | selected=[5, 63, 12, 76, 34, 9, 52, 8, 82, 58]
Round 181 | train_loss=1.0140 train_acc=0.6510 test_loss=1.1482 test_acc=0.5974
Round 182 | selected=[3, 5, 21, 29, 44, 62, 95, 17, 31, 93]
Round 182 | train_loss=0.9542 train_acc=0.6764 test_loss=1.2342 test_acc=0.5742
Round 183 | selected=[52, 37, 53, 35, 39, 96, 26, 24, 42, 95]
Round 183 | train_loss=0.9671 train_acc=0.6590 test_loss=1.0485 test_acc=0.6233
Round 184 | selected=[50, 43, 99, 20, 72, 45, 59, 40, 36, 74]
Round 184 | train_loss=0.9959 train_acc=0.6544 test_loss=0.9533 test_acc=0.6574
Round 185 | selected=[58, 98, 50, 82, 81, 7, 49, 1, 96, 48]
Round 185 | train_loss=1.0324 train_acc=0.6298 test_loss=1.1252 test_acc=0.5904
Round 186 | selected=[23, 84, 45, 76, 92, 10, 6, 68, 51, 20]
Round 186 | train_loss=1.0197 train_acc=0.6496 test_loss=1.4204 test_acc=0.5528
Round 187 | selected=[84, 33, 15, 79, 4, 21, 64, 14, 7, 98]
Round 187 | train_loss=1.0041 train_acc=0.6568 test_loss=1.2715 test_acc=0.5464
Round 188 | selected=[57, 47, 0, 85, 7, 54, 40, 66, 43, 36]
Round 188 | train_loss=1.0095 train_acc=0.6520 test_loss=1.0772 test_acc=0.6159
Round 189 | selected=[90, 91, 60, 37, 9, 1, 22, 15, 55, 33]
Round 189 | train_loss=0.9254 train_acc=0.6806 test_loss=1.1574 test_acc=0.5952
Round 190 | selected=[70, 54, 1, 87, 49, 59, 36, 20, 5, 12]
Round 190 | train_loss=0.9971 train_acc=0.6510 test_loss=1.1140 test_acc=0.6125
Round 191 | selected=[98, 7, 79, 0, 15, 13, 99, 32, 43, 12]
Round 191 | train_loss=0.9859 train_acc=0.6652 test_loss=1.1750 test_acc=0.5776
Round 192 | selected=[12, 16, 58, 74, 80, 63, 28, 89, 54, 75]
Round 192 | train_loss=0.9923 train_acc=0.6598 test_loss=1.1029 test_acc=0.6031
Round 193 | selected=[83, 59, 72, 27, 14, 61, 70, 2, 21, 54]
Round 193 | train_loss=0.9975 train_acc=0.6528 test_loss=0.9667 test_acc=0.6605
Round 194 | selected=[50, 69, 52, 76, 10, 15, 35, 94, 32, 82]
Round 194 | train_loss=1.0221 train_acc=0.6506 test_loss=0.9492 test_acc=0.6620
Round 195 | selected=[59, 18, 76, 83, 0, 69, 14, 55, 40, 5]
Round 195 | train_loss=0.9299 train_acc=0.6736 test_loss=1.0658 test_acc=0.6238
Round 196 | selected=[17, 14, 50, 2, 3, 56, 28, 88, 39, 54]
Round 196 | train_loss=0.9844 train_acc=0.6636 test_loss=1.1090 test_acc=0.6198
Round 197 | selected=[70, 97, 32, 90, 2, 35, 23, 94, 4, 68]
Round 197 | train_loss=0.9083 train_acc=0.6874 test_loss=1.0020 test_acc=0.6459
Round 198 | selected=[81, 80, 0, 17, 87, 25, 11, 69, 30, 16]
Round 198 | train_loss=1.0869 train_acc=0.6328 test_loss=1.1344 test_acc=0.5960
Round 199 | selected=[30, 98, 72, 60, 5, 21, 56, 64, 34, 24]
Round 199 | train_loss=1.0241 train_acc=0.6486 test_loss=1.1396 test_acc=0.6184
Round 200 | selected=[3, 57, 79, 20, 84, 21, 71, 76, 59, 60]
Round 200 | train_loss=0.8740 train_acc=0.6992 test_loss=1.2129 test_acc=0.5766
Round 201 | selected=[10, 61, 75, 47, 13, 46, 53, 52, 39, 34]
Round 201 | train_loss=1.0039 train_acc=0.6568 test_loss=1.1408 test_acc=0.5972
Round 202 | selected=[27, 2, 66, 63, 5, 97, 34, 51, 22, 60]
Round 202 | train_loss=0.9121 train_acc=0.6886 test_loss=1.1526 test_acc=0.6096
Round 203 | selected=[96, 74, 75, 25, 4, 98, 33, 70, 89, 95]
Round 203 | train_loss=0.9893 train_acc=0.6640 test_loss=1.1656 test_acc=0.5938
Round 204 | selected=[76, 40, 77, 14, 0, 34, 24, 91, 95, 56]
Round 204 | train_loss=1.0268 train_acc=0.6414 test_loss=1.0858 test_acc=0.6286
Round 205 | selected=[54, 74, 20, 71, 17, 27, 61, 83, 53, 23]
Round 205 | train_loss=0.9690 train_acc=0.6644 test_loss=0.9531 test_acc=0.6617
Round 206 | selected=[60, 74, 34, 53, 3, 35, 4, 6, 19, 91]
Round 206 | train_loss=0.8839 train_acc=0.6902 test_loss=0.9256 test_acc=0.6661
Round 207 | selected=[42, 89, 22, 55, 94, 2, 88, 98, 80, 45]
Round 207 | train_loss=0.9232 train_acc=0.6866 test_loss=1.0102 test_acc=0.6421
Round 208 | selected=[11, 26, 42, 33, 9, 17, 13, 97, 30, 22]
Round 208 | train_loss=0.9585 train_acc=0.6744 test_loss=1.0578 test_acc=0.6306
Round 209 | selected=[67, 23, 20, 18, 37, 58, 25, 52, 98, 3]
Round 209 | train_loss=0.9590 train_acc=0.6670 test_loss=1.0976 test_acc=0.6140
Round 210 | selected=[44, 6, 58, 57, 24, 32, 3, 67, 20, 91]
Round 210 | train_loss=0.9713 train_acc=0.6650 test_loss=0.9303 test_acc=0.6684
Round 211 | selected=[49, 76, 69, 70, 39, 8, 63, 71, 38, 9]
Round 211 | train_loss=0.8746 train_acc=0.7002 test_loss=1.0044 test_acc=0.6452
Round 212 | selected=[43, 48, 99, 93, 2, 67, 86, 18, 64, 39]
Round 212 | train_loss=0.8882 train_acc=0.6952 test_loss=0.9892 test_acc=0.6470
Round 213 | selected=[3, 49, 26, 15, 90, 25, 67, 99, 73, 63]
Round 213 | train_loss=0.8811 train_acc=0.6956 test_loss=0.9841 test_acc=0.6555
Round 214 | selected=[62, 22, 26, 67, 69, 96, 53, 77, 54, 49]
Round 214 | train_loss=0.9504 train_acc=0.6738 test_loss=1.0023 test_acc=0.6447
Round 215 | selected=[87, 42, 41, 25, 47, 93, 56, 68, 22, 72]
Round 215 | train_loss=0.9330 train_acc=0.6854 test_loss=1.0894 test_acc=0.6291
Round 216 | selected=[85, 35, 9, 62, 6, 75, 47, 18, 59, 58]
Round 216 | train_loss=0.9313 train_acc=0.6752 test_loss=1.5179 test_acc=0.5527
Round 217 | selected=[30, 15, 77, 93, 91, 98, 1, 60, 99, 17]
Round 217 | train_loss=0.9124 train_acc=0.6870 test_loss=1.1028 test_acc=0.6181
Round 218 | selected=[80, 51, 15, 25, 22, 23, 86, 49, 4, 72]
Round 218 | train_loss=0.9014 train_acc=0.6910 test_loss=1.2325 test_acc=0.5797
Round 219 | selected=[72, 30, 26, 62, 68, 27, 54, 56, 12, 38]
Round 219 | train_loss=0.9155 train_acc=0.6876 test_loss=0.9600 test_acc=0.6539
Round 220 | selected=[85, 12, 1, 74, 46, 92, 8, 49, 72, 64]
Round 220 | train_loss=0.8955 train_acc=0.6918 test_loss=1.2027 test_acc=0.5969
Round 221 | selected=[79, 21, 7, 2, 99, 34, 35, 80, 5, 69]
Round 221 | train_loss=0.9337 train_acc=0.6798 test_loss=1.1741 test_acc=0.5940
Round 222 | selected=[63, 55, 80, 93, 88, 51, 15, 68, 76, 32]
Round 222 | train_loss=0.9042 train_acc=0.6922 test_loss=0.9910 test_acc=0.6505
Round 223 | selected=[69, 22, 38, 44, 51, 57, 9, 99, 35, 79]
Round 223 | train_loss=0.8823 train_acc=0.6966 test_loss=1.0698 test_acc=0.6302
Round 224 | selected=[13, 54, 77, 75, 98, 81, 4, 65, 53, 45]
Round 224 | train_loss=0.9591 train_acc=0.6698 test_loss=1.1759 test_acc=0.5975
Round 225 | selected=[73, 41, 50, 83, 64, 54, 39, 7, 98, 34]
Round 225 | train_loss=0.9246 train_acc=0.6694 test_loss=1.1492 test_acc=0.6208
Round 226 | selected=[85, 45, 66, 87, 39, 60, 37, 50, 30, 54]
Round 226 | train_loss=0.9209 train_acc=0.6898 test_loss=0.9265 test_acc=0.6734
Round 227 | selected=[86, 1, 96, 4, 71, 99, 59, 44, 39, 76]
Round 227 | train_loss=0.8337 train_acc=0.7132 test_loss=1.1426 test_acc=0.6191
Round 228 | selected=[58, 29, 34, 31, 56, 3, 52, 7, 92, 14]
Round 228 | train_loss=1.0256 train_acc=0.6576 test_loss=1.0320 test_acc=0.6387
Round 229 | selected=[45, 47, 35, 42, 83, 5, 60, 21, 82, 38]
Round 229 | train_loss=0.9087 train_acc=0.6848 test_loss=1.2094 test_acc=0.6124
Round 230 | selected=[18, 79, 88, 65, 7, 83, 87, 35, 51, 98]
Round 230 | train_loss=0.9325 train_acc=0.6832 test_loss=1.0835 test_acc=0.6281
Round 231 | selected=[15, 9, 45, 35, 48, 97, 23, 62, 90, 68]
Round 231 | train_loss=0.9123 train_acc=0.6944 test_loss=1.1110 test_acc=0.6246
Round 232 | selected=[9, 68, 3, 33, 62, 35, 74, 1, 30, 7]
Round 232 | train_loss=0.8872 train_acc=0.6934 test_loss=0.9990 test_acc=0.6450
Round 233 | selected=[85, 32, 82, 39, 21, 72, 0, 84, 25, 49]
Round 233 | train_loss=0.9503 train_acc=0.6686 test_loss=1.0404 test_acc=0.6359
Round 234 | selected=[78, 42, 24, 38, 35, 51, 74, 75, 29, 57]
Round 234 | train_loss=0.9312 train_acc=0.6828 test_loss=1.2632 test_acc=0.5893
Round 235 | selected=[89, 4, 84, 66, 15, 45, 14, 0, 62, 2]
Round 235 | train_loss=0.9567 train_acc=0.6776 test_loss=1.1369 test_acc=0.6103
Round 236 | selected=[60, 31, 16, 81, 25, 90, 38, 21, 8, 91]
Round 236 | train_loss=0.8434 train_acc=0.7152 test_loss=1.1063 test_acc=0.6169
Round 237 | selected=[41, 21, 25, 56, 60, 82, 93, 70, 30, 33]
Round 237 | train_loss=0.9534 train_acc=0.6768 test_loss=0.9821 test_acc=0.6428
Round 238 | selected=[4, 38, 88, 89, 24, 33, 46, 45, 85, 77]
Round 238 | train_loss=0.9146 train_acc=0.6878 test_loss=1.0495 test_acc=0.6414
Round 239 | selected=[48, 79, 76, 5, 68, 95, 31, 1, 86, 73]
Round 239 | train_loss=0.9047 train_acc=0.6990 test_loss=0.9588 test_acc=0.6585
Round 240 | selected=[99, 49, 97, 65, 6, 71, 16, 5, 85, 47]
Round 240 | train_loss=0.8323 train_acc=0.7104 test_loss=1.1948 test_acc=0.6014
Round 241 | selected=[75, 20, 22, 64, 87, 25, 16, 76, 78, 81]
Round 241 | train_loss=0.8855 train_acc=0.7054 test_loss=0.9286 test_acc=0.6687
Round 242 | selected=[78, 1, 19, 37, 33, 75, 23, 60, 8, 87]
Round 242 | train_loss=0.8174 train_acc=0.7164 test_loss=1.1562 test_acc=0.6136
Round 243 | selected=[23, 85, 36, 35, 47, 84, 39, 58, 31, 95]
Round 243 | train_loss=0.8559 train_acc=0.7114 test_loss=1.4643 test_acc=0.5892
Round 244 | selected=[36, 23, 21, 44, 2, 22, 35, 76, 9, 49]
Round 244 | train_loss=0.8687 train_acc=0.7044 test_loss=1.1685 test_acc=0.6103
Round 245 | selected=[93, 47, 23, 83, 65, 53, 49, 50, 13, 95]
Round 245 | train_loss=0.8312 train_acc=0.7118 test_loss=0.9118 test_acc=0.6706
Round 246 | selected=[73, 6, 77, 95, 89, 32, 50, 52, 53, 64]
Round 246 | train_loss=0.8479 train_acc=0.7074 test_loss=0.8275 test_acc=0.7066
Round 247 | selected=[58, 36, 75, 66, 47, 62, 25, 83, 38, 1]
Round 247 | train_loss=0.8598 train_acc=0.7050 test_loss=0.9846 test_acc=0.6554
Round 248 | selected=[45, 57, 87, 53, 79, 10, 40, 56, 90, 18]
Round 248 | train_loss=0.8492 train_acc=0.7136 test_loss=1.0243 test_acc=0.6500
Round 249 | selected=[18, 63, 54, 32, 48, 42, 14, 7, 52, 76]
Round 249 | train_loss=0.9562 train_acc=0.6716 test_loss=0.9951 test_acc=0.6470
Round 250 | selected=[12, 64, 3, 91, 21, 52, 48, 9, 1, 22]
Round 250 | train_loss=0.8570 train_acc=0.7120 test_loss=1.1582 test_acc=0.6169
Round 251 | selected=[58, 8, 53, 54, 63, 25, 38, 57, 30, 90]
Round 251 | train_loss=0.8419 train_acc=0.7190 test_loss=0.9542 test_acc=0.6638
Round 252 | selected=[43, 4, 63, 55, 95, 5, 64, 86, 40, 30]
Round 252 | train_loss=0.8468 train_acc=0.7030 test_loss=0.9481 test_acc=0.6652
Round 253 | selected=[0, 41, 29, 19, 81, 58, 63, 64, 31, 3]
Round 253 | train_loss=0.9392 train_acc=0.6738 test_loss=1.0601 test_acc=0.6187
Round 254 | selected=[40, 42, 9, 48, 34, 46, 86, 71, 22, 60]
Round 254 | train_loss=0.8994 train_acc=0.6916 test_loss=0.9401 test_acc=0.6620
Round 255 | selected=[35, 12, 19, 99, 75, 6, 93, 91, 34, 71]
Round 255 | train_loss=0.8540 train_acc=0.7038 test_loss=0.9331 test_acc=0.6702
Round 256 | selected=[17, 92, 78, 49, 60, 45, 94, 76, 51, 20]
Round 256 | train_loss=0.8832 train_acc=0.6964 test_loss=0.9667 test_acc=0.6647
Round 257 | selected=[38, 11, 72, 73, 19, 23, 94, 75, 30, 55]
Round 257 | train_loss=0.8304 train_acc=0.7046 test_loss=0.8382 test_acc=0.6960
Round 258 | selected=[29, 25, 70, 18, 94, 67, 84, 66, 0, 77]
Round 258 | train_loss=0.8392 train_acc=0.7134 test_loss=0.8790 test_acc=0.6852
Round 259 | selected=[52, 19, 67, 94, 12, 57, 66, 99, 26, 41]
Round 259 | train_loss=0.8747 train_acc=0.6950 test_loss=1.2192 test_acc=0.5826
Round 260 | selected=[91, 35, 45, 56, 81, 83, 93, 60, 12, 65]
Round 260 | train_loss=0.8962 train_acc=0.6930 test_loss=1.0539 test_acc=0.6493
Round 261 | selected=[54, 18, 81, 50, 56, 43, 92, 32, 7, 15]
Round 261 | train_loss=0.8162 train_acc=0.7210 test_loss=0.8461 test_acc=0.6946
Round 262 | selected=[82, 21, 86, 12, 89, 14, 37, 38, 56, 7]
Round 262 | train_loss=0.8253 train_acc=0.7114 test_loss=0.9403 test_acc=0.6802
Round 263 | selected=[54, 91, 63, 39, 94, 16, 2, 52, 17, 21]
Round 263 | train_loss=0.8475 train_acc=0.7116 test_loss=0.9894 test_acc=0.6545
Round 264 | selected=[84, 47, 79, 39, 43, 25, 16, 85, 75, 5]
Round 264 | train_loss=0.7726 train_acc=0.7392 test_loss=1.1790 test_acc=0.6113
Round 265 | selected=[36, 72, 30, 68, 29, 7, 42, 10, 87, 23]
Round 265 | train_loss=0.9295 train_acc=0.6854 test_loss=1.1484 test_acc=0.6190
Round 266 | selected=[75, 76, 14, 48, 59, 28, 60, 23, 42, 66]
Round 266 | train_loss=0.9513 train_acc=0.6838 test_loss=1.0247 test_acc=0.6622
Round 267 | selected=[70, 10, 17, 3, 41, 11, 55, 38, 76, 44]
Round 267 | train_loss=0.8994 train_acc=0.6908 test_loss=0.8072 test_acc=0.7168
Round 268 | selected=[97, 49, 23, 34, 48, 59, 46, 96, 80, 70]
Round 268 | train_loss=0.8354 train_acc=0.7162 test_loss=0.8884 test_acc=0.6840
Round 269 | selected=[33, 79, 18, 68, 54, 87, 4, 56, 46, 44]
Round 269 | train_loss=0.8137 train_acc=0.7270 test_loss=0.9404 test_acc=0.6765
Round 270 | selected=[44, 51, 80, 99, 39, 66, 52, 68, 8, 89]
Round 270 | train_loss=0.7823 train_acc=0.7362 test_loss=0.8798 test_acc=0.6917
Round 271 | selected=[90, 77, 24, 13, 84, 11, 63, 2, 38, 65]
Round 271 | train_loss=0.8079 train_acc=0.7288 test_loss=0.8106 test_acc=0.7095
Round 272 | selected=[48, 83, 1, 59, 8, 65, 88, 31, 37, 61]
Round 272 | train_loss=0.8305 train_acc=0.7148 test_loss=1.0121 test_acc=0.6434
Round 273 | selected=[33, 47, 86, 28, 43, 88, 90, 46, 42, 97]
Round 273 | train_loss=0.7899 train_acc=0.7354 test_loss=0.9383 test_acc=0.6830
Round 274 | selected=[41, 46, 88, 66, 43, 23, 39, 62, 14, 13]
Round 274 | train_loss=0.7956 train_acc=0.7268 test_loss=0.9030 test_acc=0.6678
Round 275 | selected=[61, 49, 76, 43, 34, 75, 19, 77, 13, 96]
Round 275 | train_loss=0.8901 train_acc=0.6946 test_loss=1.0105 test_acc=0.6458
Round 276 | selected=[63, 14, 97, 54, 11, 13, 95, 53, 80, 50]
Round 276 | train_loss=0.8820 train_acc=0.6972 test_loss=1.1029 test_acc=0.6253
Round 277 | selected=[36, 0, 55, 23, 21, 84, 37, 43, 79, 51]
Round 277 | train_loss=0.8453 train_acc=0.7120 test_loss=0.8785 test_acc=0.6915
Round 278 | selected=[88, 16, 12, 33, 22, 77, 38, 87, 92, 24]
Round 278 | train_loss=0.7560 train_acc=0.7486 test_loss=0.8807 test_acc=0.6930
Round 279 | selected=[50, 1, 88, 64, 27, 11, 59, 91, 32, 78]
Round 279 | train_loss=0.8659 train_acc=0.7068 test_loss=0.9493 test_acc=0.6623
Round 280 | selected=[49, 54, 95, 5, 79, 4, 90, 22, 41, 46]
Round 280 | train_loss=0.8259 train_acc=0.7170 test_loss=1.0309 test_acc=0.6577
Round 281 | selected=[30, 44, 36, 49, 52, 58, 41, 65, 93, 75]
Round 281 | train_loss=0.9096 train_acc=0.6834 test_loss=1.1746 test_acc=0.5982
Round 282 | selected=[22, 85, 29, 18, 19, 7, 40, 70, 88, 83]
Round 282 | train_loss=0.9386 train_acc=0.6816 test_loss=1.2498 test_acc=0.6188
Round 283 | selected=[84, 8, 42, 58, 65, 97, 26, 74, 5, 95]
Round 283 | train_loss=0.8757 train_acc=0.7058 test_loss=0.9092 test_acc=0.6824
Round 284 | selected=[93, 42, 37, 78, 6, 35, 86, 70, 13, 83]
Round 284 | train_loss=0.8300 train_acc=0.7134 test_loss=0.8811 test_acc=0.7034
Round 285 | selected=[21, 98, 36, 86, 47, 90, 69, 48, 97, 75]
Round 285 | train_loss=0.7938 train_acc=0.7290 test_loss=0.7905 test_acc=0.7193
Round 286 | selected=[86, 3, 51, 72, 66, 17, 48, 56, 43, 9]
Round 286 | train_loss=0.7747 train_acc=0.7300 test_loss=0.8971 test_acc=0.6854
Round 287 | selected=[77, 47, 18, 84, 2, 34, 15, 0, 63, 91]
Round 287 | train_loss=0.8367 train_acc=0.7164 test_loss=0.9668 test_acc=0.6663
Round 288 | selected=[70, 7, 18, 56, 15, 51, 42, 0, 28, 2]
Round 288 | train_loss=0.7736 train_acc=0.7266 test_loss=0.8064 test_acc=0.7203
Round 289 | selected=[0, 20, 50, 48, 42, 15, 26, 64, 30, 46]
Round 289 | train_loss=0.8117 train_acc=0.7142 test_loss=0.8460 test_acc=0.6985
Round 290 | selected=[58, 43, 87, 13, 83, 56, 66, 78, 39, 25]
Round 290 | train_loss=0.7827 train_acc=0.7358 test_loss=0.8956 test_acc=0.6847
Round 291 | selected=[97, 98, 38, 37, 11, 1, 23, 71, 50, 66]
Round 291 | train_loss=0.8032 train_acc=0.7288 test_loss=0.9107 test_acc=0.6840
Round 292 | selected=[80, 50, 82, 7, 95, 75, 3, 56, 72, 66]
Round 292 | train_loss=0.7858 train_acc=0.7370 test_loss=0.7867 test_acc=0.7201
Round 293 | selected=[95, 7, 20, 34, 4, 62, 84, 91, 73, 98]
Round 293 | train_loss=0.7607 train_acc=0.7378 test_loss=0.8558 test_acc=0.7021
Round 294 | selected=[69, 12, 11, 48, 39, 90, 21, 53, 4, 94]
Round 294 | train_loss=0.8688 train_acc=0.7070 test_loss=1.0398 test_acc=0.6607
Round 295 | selected=[47, 84, 55, 14, 77, 50, 69, 29, 66, 24]
Round 295 | train_loss=0.7969 train_acc=0.7330 test_loss=1.1583 test_acc=0.6306
Round 296 | selected=[8, 64, 63, 88, 95, 47, 14, 98, 86, 76]
Round 296 | train_loss=0.7922 train_acc=0.7368 test_loss=1.0415 test_acc=0.6513
Round 297 | selected=[94, 42, 5, 52, 69, 16, 93, 50, 78, 44]
Round 297 | train_loss=0.9574 train_acc=0.6868 test_loss=1.0238 test_acc=0.6486
Round 298 | selected=[81, 3, 93, 73, 43, 91, 53, 21, 19, 18]
Round 298 | train_loss=0.8501 train_acc=0.7174 test_loss=1.1135 test_acc=0.6184
Round 299 | selected=[77, 32, 91, 48, 59, 29, 14, 22, 46, 65]
Round 299 | train_loss=0.7977 train_acc=0.7320 test_loss=0.9365 test_acc=0.6720
Round 300 | selected=[98, 5, 90, 73, 35, 13, 34, 82, 30, 0]
Round 300 | train_loss=0.7908 train_acc=0.7296 test_loss=0.8342 test_acc=0.7101
Round 301 | selected=[93, 98, 83, 65, 91, 13, 20, 60, 11, 62]
Round 301 | train_loss=0.8208 train_acc=0.7190 test_loss=0.7774 test_acc=0.7288
Round 302 | selected=[7, 78, 60, 95, 98, 21, 71, 79, 69, 11]
Round 302 | train_loss=0.7474 train_acc=0.7490 test_loss=0.8020 test_acc=0.7155
Round 303 | selected=[45, 38, 77, 21, 1, 9, 76, 47, 60, 80]
Round 303 | train_loss=0.7008 train_acc=0.7626 test_loss=0.7534 test_acc=0.7325
Round 304 | selected=[77, 70, 6, 89, 20, 42, 47, 75, 43, 96]
Round 304 | train_loss=0.7022 train_acc=0.7592 test_loss=0.7838 test_acc=0.7261
Round 305 | selected=[29, 35, 80, 62, 28, 94, 83, 69, 8, 25]
Round 305 | train_loss=0.8090 train_acc=0.7272 test_loss=0.8773 test_acc=0.6980
Round 306 | selected=[6, 44, 41, 43, 88, 85, 1, 39, 30, 47]
Round 306 | train_loss=0.7540 train_acc=0.7456 test_loss=1.0313 test_acc=0.6530
Round 307 | selected=[48, 39, 6, 83, 14, 84, 3, 44, 70, 58]
Round 307 | train_loss=0.8514 train_acc=0.7168 test_loss=1.0490 test_acc=0.6471
Round 308 | selected=[7, 71, 22, 27, 64, 42, 1, 44, 81, 9]
Round 308 | train_loss=0.7759 train_acc=0.7288 test_loss=0.8062 test_acc=0.7190
Round 309 | selected=[57, 74, 5, 3, 97, 71, 43, 63, 23, 96]
Round 309 | train_loss=0.6803 train_acc=0.7712 test_loss=0.7567 test_acc=0.7364
Round 310 | selected=[2, 62, 79, 16, 44, 42, 12, 78, 58, 99]
Round 310 | train_loss=0.7723 train_acc=0.7418 test_loss=0.9200 test_acc=0.6815
Round 311 | selected=[22, 46, 57, 81, 15, 51, 30, 88, 17, 56]
Round 311 | train_loss=0.8142 train_acc=0.7202 test_loss=0.8986 test_acc=0.6894
Round 312 | selected=[70, 46, 11, 62, 56, 73, 13, 40, 59, 94]
Round 312 | train_loss=0.9255 train_acc=0.6934 test_loss=1.0573 test_acc=0.6551
Round 313 | selected=[71, 90, 56, 25, 50, 73, 43, 51, 61, 11]
Round 313 | train_loss=0.7322 train_acc=0.7472 test_loss=0.8291 test_acc=0.7123
Round 314 | selected=[50, 13, 46, 30, 6, 91, 38, 18, 36, 9]
Round 314 | train_loss=0.7837 train_acc=0.7332 test_loss=0.8444 test_acc=0.6953
Round 315 | selected=[61, 51, 54, 99, 69, 58, 31, 20, 70, 83]
Round 315 | train_loss=0.8068 train_acc=0.7276 test_loss=0.8174 test_acc=0.7170
Round 316 | selected=[84, 88, 34, 18, 13, 68, 23, 92, 73, 31]
Round 316 | train_loss=0.7238 train_acc=0.7508 test_loss=0.7868 test_acc=0.7245
Round 317 | selected=[36, 71, 44, 74, 31, 14, 88, 17, 10, 78]
Round 317 | train_loss=0.7728 train_acc=0.7376 test_loss=0.8037 test_acc=0.7160
Round 318 | selected=[34, 66, 9, 76, 94, 59, 87, 80, 33, 26]
Round 318 | train_loss=0.7731 train_acc=0.7366 test_loss=0.7295 test_acc=0.7447
Round 319 | selected=[93, 46, 87, 25, 14, 83, 65, 10, 49, 98]
Round 319 | train_loss=0.7341 train_acc=0.7516 test_loss=0.7992 test_acc=0.7171
Round 320 | selected=[90, 75, 10, 24, 15, 53, 49, 58, 28, 1]
Round 320 | train_loss=0.7641 train_acc=0.7390 test_loss=0.8240 test_acc=0.7209
Round 321 | selected=[94, 27, 28, 3, 16, 2, 17, 68, 96, 24]
Round 321 | train_loss=0.7544 train_acc=0.7454 test_loss=0.7412 test_acc=0.7377
Round 322 | selected=[5, 23, 97, 7, 65, 63, 33, 53, 70, 42]
Round 322 | train_loss=0.7162 train_acc=0.7576 test_loss=0.8584 test_acc=0.7126
Round 323 | selected=[24, 87, 54, 18, 30, 2, 34, 59, 72, 12]
Round 323 | train_loss=0.8193 train_acc=0.7200 test_loss=0.9204 test_acc=0.6853
Round 324 | selected=[31, 20, 15, 95, 51, 24, 11, 97, 45, 59]
Round 324 | train_loss=0.7729 train_acc=0.7424 test_loss=0.9460 test_acc=0.6873
Round 325 | selected=[30, 93, 94, 31, 97, 81, 99, 48, 32, 45]
Round 325 | train_loss=0.8507 train_acc=0.7164 test_loss=0.7854 test_acc=0.7256
Round 326 | selected=[35, 31, 2, 85, 33, 78, 96, 70, 71, 37]
Round 326 | train_loss=0.7252 train_acc=0.7550 test_loss=0.7526 test_acc=0.7402
Round 327 | selected=[20, 75, 16, 83, 4, 67, 1, 55, 88, 7]
Round 327 | train_loss=0.6699 train_acc=0.7702 test_loss=0.7979 test_acc=0.7195
Round 328 | selected=[46, 9, 25, 1, 74, 8, 56, 59, 0, 10]
Round 328 | train_loss=0.7375 train_acc=0.7622 test_loss=0.9786 test_acc=0.6739
Round 329 | selected=[86, 51, 65, 17, 85, 95, 88, 22, 12, 23]
Round 329 | train_loss=0.7865 train_acc=0.7340 test_loss=1.1077 test_acc=0.6418
Round 330 | selected=[51, 24, 81, 80, 1, 74, 26, 54, 57, 18]
Round 330 | train_loss=0.7691 train_acc=0.7382 test_loss=0.7376 test_acc=0.7416
Round 331 | selected=[69, 75, 92, 82, 73, 80, 14, 50, 10, 2]
Round 331 | train_loss=0.7143 train_acc=0.7504 test_loss=0.7631 test_acc=0.7337
Round 332 | selected=[1, 8, 83, 97, 66, 92, 69, 78, 81, 6]
Round 332 | train_loss=0.7723 train_acc=0.7452 test_loss=1.0868 test_acc=0.6511
Round 333 | selected=[85, 94, 51, 2, 33, 89, 49, 32, 52, 78]
Round 333 | train_loss=0.7994 train_acc=0.7298 test_loss=1.2882 test_acc=0.6133
Round 334 | selected=[58, 0, 47, 95, 28, 94, 11, 18, 39, 62]
Round 334 | train_loss=0.8009 train_acc=0.7264 test_loss=0.8731 test_acc=0.7051
Round 335 | selected=[86, 16, 7, 19, 29, 76, 57, 18, 83, 41]
Round 335 | train_loss=0.6766 train_acc=0.7690 test_loss=0.7667 test_acc=0.7305
Round 336 | selected=[14, 87, 91, 38, 51, 6, 64, 0, 53, 58]
Round 336 | train_loss=0.7138 train_acc=0.7576 test_loss=0.7868 test_acc=0.7280
Round 337 | selected=[51, 34, 43, 66, 0, 99, 73, 74, 38, 83]
Round 337 | train_loss=0.7355 train_acc=0.7402 test_loss=0.8510 test_acc=0.6967
Round 338 | selected=[66, 53, 20, 91, 36, 59, 9, 55, 28, 64]
Round 338 | train_loss=0.7236 train_acc=0.7514 test_loss=0.8097 test_acc=0.7191
Round 339 | selected=[56, 55, 24, 48, 87, 20, 51, 18, 41, 69]
Round 339 | train_loss=0.7424 train_acc=0.7442 test_loss=0.7894 test_acc=0.7230
Round 340 | selected=[1, 68, 80, 17, 28, 69, 88, 54, 90, 15]
Round 340 | train_loss=0.7383 train_acc=0.7492 test_loss=0.8860 test_acc=0.7014
Round 341 | selected=[74, 46, 14, 39, 38, 56, 18, 44, 0, 6]
Round 341 | train_loss=0.7429 train_acc=0.7482 test_loss=1.3730 test_acc=0.6451
Round 342 | selected=[19, 36, 85, 47, 32, 99, 65, 93, 72, 2]
Round 342 | train_loss=0.8551 train_acc=0.7174 test_loss=1.6332 test_acc=0.6316
Round 343 | selected=[87, 83, 91, 90, 70, 55, 89, 32, 23, 7]
Round 343 | train_loss=0.8059 train_acc=0.7296 test_loss=1.5269 test_acc=0.5811
Round 344 | selected=[15, 4, 80, 16, 22, 91, 81, 36, 32, 24]
Round 344 | train_loss=0.7620 train_acc=0.7516 test_loss=1.1978 test_acc=0.6433
Round 345 | selected=[17, 24, 36, 58, 84, 10, 83, 18, 52, 28]
Round 345 | train_loss=0.8077 train_acc=0.7276 test_loss=0.9731 test_acc=0.6803
Round 346 | selected=[31, 54, 17, 29, 4, 44, 63, 93, 71, 23]
Round 346 | train_loss=0.7393 train_acc=0.7626 test_loss=0.9443 test_acc=0.6891
Round 347 | selected=[11, 34, 27, 94, 55, 87, 60, 10, 32, 52]
Round 347 | train_loss=0.8609 train_acc=0.7104 test_loss=0.9735 test_acc=0.6661
Round 348 | selected=[86, 4, 26, 69, 33, 40, 53, 44, 28, 99]
Round 348 | train_loss=0.7716 train_acc=0.7426 test_loss=0.8479 test_acc=0.7143
Round 349 | selected=[52, 50, 2, 0, 46, 44, 77, 16, 25, 13]
Round 349 | train_loss=0.7170 train_acc=0.7616 test_loss=0.8237 test_acc=0.7153
Round 350 | selected=[47, 66, 30, 70, 15, 85, 96, 13, 34, 77]
Round 350 | train_loss=0.7507 train_acc=0.7456 test_loss=1.0269 test_acc=0.6626
Round 351 | selected=[1, 51, 81, 97, 23, 27, 29, 30, 71, 77]
Round 351 | train_loss=0.7423 train_acc=0.7496 test_loss=0.7695 test_acc=0.7319
Round 352 | selected=[52, 8, 3, 68, 77, 94, 46, 49, 81, 7]
Round 352 | train_loss=0.7616 train_acc=0.7448 test_loss=0.7772 test_acc=0.7251
Round 353 | selected=[29, 33, 15, 72, 68, 75, 27, 28, 55, 45]
Round 353 | train_loss=0.7491 train_acc=0.7410 test_loss=0.8833 test_acc=0.6921
Round 354 | selected=[75, 27, 15, 70, 7, 9, 52, 11, 49, 81]
Round 354 | train_loss=0.7949 train_acc=0.7250 test_loss=0.7727 test_acc=0.7306
Round 355 | selected=[64, 16, 99, 76, 15, 79, 65, 20, 12, 0]
Round 355 | train_loss=0.7024 train_acc=0.7664 test_loss=0.8613 test_acc=0.7081
Round 356 | selected=[57, 94, 82, 91, 58, 77, 78, 99, 51, 88]
Round 356 | train_loss=0.7476 train_acc=0.7490 test_loss=0.8568 test_acc=0.7053
Round 357 | selected=[38, 77, 39, 31, 11, 3, 90, 84, 17, 0]
Round 357 | train_loss=0.6876 train_acc=0.7682 test_loss=0.8499 test_acc=0.7222
Round 358 | selected=[69, 91, 75, 26, 17, 85, 80, 61, 14, 34]
Round 358 | train_loss=0.7412 train_acc=0.7472 test_loss=0.7510 test_acc=0.7337
Round 359 | selected=[4, 34, 85, 38, 25, 73, 44, 65, 22, 74]
Round 359 | train_loss=0.6796 train_acc=0.7674 test_loss=0.7117 test_acc=0.7478
Round 360 | selected=[10, 25, 2, 27, 38, 45, 18, 57, 86, 36]
Round 360 | train_loss=0.7032 train_acc=0.7610 test_loss=0.7899 test_acc=0.7231
Round 361 | selected=[1, 99, 97, 39, 12, 41, 11, 21, 83, 86]
Round 361 | train_loss=0.7071 train_acc=0.7636 test_loss=0.7154 test_acc=0.7524
Round 362 | selected=[17, 15, 30, 13, 9, 85, 71, 49, 55, 78]
Round 362 | train_loss=0.7320 train_acc=0.7488 test_loss=0.7880 test_acc=0.7251
Round 363 | selected=[57, 62, 16, 78, 39, 7, 2, 76, 67, 4]
Round 363 | train_loss=0.6543 train_acc=0.7788 test_loss=0.7223 test_acc=0.7501
Round 364 | selected=[13, 43, 3, 50, 4, 27, 60, 32, 46, 90]
Round 364 | train_loss=0.6531 train_acc=0.7788 test_loss=0.7718 test_acc=0.7344
Round 365 | selected=[13, 65, 18, 9, 45, 98, 91, 44, 51, 64]
Round 365 | train_loss=0.6958 train_acc=0.7662 test_loss=0.7521 test_acc=0.7356
Round 366 | selected=[14, 81, 21, 69, 26, 62, 25, 29, 68, 63]
Round 366 | train_loss=0.7181 train_acc=0.7554 test_loss=0.7439 test_acc=0.7398
Round 367 | selected=[46, 11, 67, 44, 17, 79, 84, 31, 66, 12]
Round 367 | train_loss=0.7187 train_acc=0.7562 test_loss=0.8044 test_acc=0.7238
Round 368 | selected=[58, 72, 78, 24, 88, 77, 64, 65, 14, 15]
Round 368 | train_loss=0.7489 train_acc=0.7496 test_loss=1.0877 test_acc=0.6571
Round 369 | selected=[78, 9, 91, 30, 79, 84, 5, 48, 92, 98]
Round 369 | train_loss=0.7246 train_acc=0.7538 test_loss=1.0459 test_acc=0.6664
Round 370 | selected=[85, 50, 25, 24, 46, 6, 55, 96, 15, 62]
Round 370 | train_loss=0.7721 train_acc=0.7350 test_loss=0.7899 test_acc=0.7233
Round 371 | selected=[94, 65, 79, 96, 85, 9, 91, 21, 2, 53]
Round 371 | train_loss=0.6900 train_acc=0.7558 test_loss=0.7577 test_acc=0.7438
Round 372 | selected=[18, 65, 68, 16, 6, 53, 75, 24, 60, 54]
Round 372 | train_loss=0.6386 train_acc=0.7794 test_loss=0.7923 test_acc=0.7324
Round 373 | selected=[90, 32, 77, 89, 85, 19, 12, 10, 75, 13]
Round 373 | train_loss=0.6799 train_acc=0.7688 test_loss=0.8133 test_acc=0.7244
Round 374 | selected=[20, 17, 76, 10, 44, 48, 46, 38, 96, 19]
Round 374 | train_loss=0.7531 train_acc=0.7396 test_loss=0.9536 test_acc=0.6737
Round 375 | selected=[56, 84, 70, 49, 74, 90, 80, 54, 23, 68]
Round 375 | train_loss=0.7076 train_acc=0.7624 test_loss=0.7647 test_acc=0.7344
Round 376 | selected=[52, 72, 19, 82, 65, 68, 64, 84, 58, 35]
Round 376 | train_loss=0.7251 train_acc=0.7512 test_loss=0.7639 test_acc=0.7322
Round 377 | selected=[33, 82, 67, 92, 4, 30, 68, 37, 96, 17]
Round 377 | train_loss=0.6964 train_acc=0.7582 test_loss=0.7098 test_acc=0.7537
Round 378 | selected=[47, 77, 30, 84, 76, 63, 19, 73, 26, 9]
Round 378 | train_loss=0.6431 train_acc=0.7806 test_loss=0.6748 test_acc=0.7651
Round 379 | selected=[70, 92, 88, 99, 94, 81, 98, 74, 93, 79]
Round 379 | train_loss=0.7012 train_acc=0.7642 test_loss=0.7793 test_acc=0.7326
Round 380 | selected=[79, 54, 74, 28, 53, 10, 75, 34, 73, 20]
Round 380 | train_loss=0.6818 train_acc=0.7612 test_loss=0.7364 test_acc=0.7449
Round 381 | selected=[42, 70, 62, 81, 8, 68, 48, 82, 72, 92]
Round 381 | train_loss=0.6496 train_acc=0.7766 test_loss=0.7423 test_acc=0.7407
Round 382 | selected=[79, 43, 59, 46, 18, 36, 78, 17, 64, 57]
Round 382 | train_loss=0.6572 train_acc=0.7758 test_loss=0.8681 test_acc=0.7136
Round 383 | selected=[74, 11, 68, 5, 22, 79, 83, 29, 63, 86]
Round 383 | train_loss=0.6736 train_acc=0.7714 test_loss=0.7980 test_acc=0.7245
Round 384 | selected=[55, 96, 75, 41, 14, 21, 46, 22, 56, 37]
Round 384 | train_loss=0.7366 train_acc=0.7502 test_loss=0.8040 test_acc=0.7146
Round 385 | selected=[92, 37, 51, 74, 52, 26, 47, 86, 63, 27]
Round 385 | train_loss=0.7706 train_acc=0.7342 test_loss=0.8717 test_acc=0.7064
Round 386 | selected=[0, 1, 58, 23, 40, 67, 66, 90, 19, 38]
Round 386 | train_loss=0.7781 train_acc=0.7378 test_loss=0.9105 test_acc=0.6748
Round 387 | selected=[31, 70, 62, 64, 12, 27, 83, 63, 55, 49]
Round 387 | train_loss=0.7471 train_acc=0.7378 test_loss=0.8208 test_acc=0.7252
Round 388 | selected=[57, 91, 58, 26, 67, 77, 15, 54, 0, 16]
Round 388 | train_loss=0.7025 train_acc=0.7644 test_loss=1.0095 test_acc=0.6792
Round 389 | selected=[44, 48, 57, 98, 76, 71, 59, 7, 65, 34]
Round 389 | train_loss=0.7391 train_acc=0.7546 test_loss=0.9257 test_acc=0.6901
Round 390 | selected=[61, 12, 42, 88, 53, 17, 58, 77, 34, 26]
Round 390 | train_loss=0.6793 train_acc=0.7684 test_loss=0.6748 test_acc=0.7628
Round 391 | selected=[95, 86, 87, 42, 13, 90, 66, 19, 88, 58]
Round 391 | train_loss=0.6320 train_acc=0.7868 test_loss=0.7204 test_acc=0.7480
Round 392 | selected=[55, 70, 22, 8, 25, 47, 98, 27, 13, 12]
Round 392 | train_loss=0.6245 train_acc=0.7922 test_loss=0.7361 test_acc=0.7492
Round 393 | selected=[75, 84, 48, 0, 19, 57, 16, 78, 27, 45]
Round 393 | train_loss=0.6584 train_acc=0.7766 test_loss=0.7303 test_acc=0.7393
Round 394 | selected=[96, 40, 71, 3, 41, 80, 0, 10, 32, 67]
Round 394 | train_loss=0.6670 train_acc=0.7742 test_loss=0.7246 test_acc=0.7478
Round 395 | selected=[58, 21, 17, 54, 89, 96, 64, 92, 35, 7]
Round 395 | train_loss=0.6358 train_acc=0.7884 test_loss=0.7632 test_acc=0.7319
Round 396 | selected=[84, 94, 4, 38, 69, 85, 81, 35, 52, 83]
Round 396 | train_loss=0.6854 train_acc=0.7622 test_loss=0.7060 test_acc=0.7586
Round 397 | selected=[39, 74, 40, 55, 56, 54, 45, 41, 3, 24]
Round 397 | train_loss=0.6701 train_acc=0.7708 test_loss=0.7079 test_acc=0.7560
Round 398 | selected=[38, 67, 5, 11, 0, 16, 49, 90, 15, 92]
Round 398 | train_loss=0.6318 train_acc=0.7888 test_loss=0.8116 test_acc=0.7202
Round 399 | selected=[74, 62, 26, 49, 15, 11, 8, 10, 0, 20]
Round 399 | train_loss=0.7231 train_acc=0.7632 test_loss=0.6351 test_acc=0.7798
Round 400 | selected=[88, 55, 91, 92, 74, 87, 67, 97, 44, 93]
Round 400 | train_loss=0.6262 train_acc=0.7866 test_loss=0.7501 test_acc=0.7411
Round 401 | selected=[66, 51, 90, 69, 8, 32, 9, 93, 34, 94]
Round 401 | train_loss=0.6851 train_acc=0.7692 test_loss=0.9474 test_acc=0.6958
Round 402 | selected=[49, 90, 97, 22, 25, 50, 16, 15, 12, 84]
Round 402 | train_loss=0.6209 train_acc=0.7888 test_loss=0.8207 test_acc=0.7233
Round 403 | selected=[42, 62, 15, 77, 83, 48, 2, 79, 27, 8]
Round 403 | train_loss=0.6565 train_acc=0.7794 test_loss=0.9486 test_acc=0.6896
Round 404 | selected=[12, 15, 32, 7, 89, 13, 4, 98, 11, 86]
Round 404 | train_loss=0.6670 train_acc=0.7698 test_loss=0.8449 test_acc=0.7133
Round 405 | selected=[1, 53, 89, 50, 20, 57, 68, 23, 96, 41]
Round 405 | train_loss=0.6686 train_acc=0.7760 test_loss=0.8818 test_acc=0.7051
Round 406 | selected=[82, 95, 18, 19, 28, 94, 92, 62, 17, 64]
Round 406 | train_loss=0.7095 train_acc=0.7622 test_loss=0.6475 test_acc=0.7720
Round 407 | selected=[86, 97, 47, 42, 70, 15, 68, 12, 13, 48]
Round 407 | train_loss=0.6244 train_acc=0.7896 test_loss=0.6645 test_acc=0.7697
Round 408 | selected=[24, 81, 82, 48, 35, 79, 50, 52, 14, 85]
Round 408 | train_loss=0.6753 train_acc=0.7698 test_loss=0.7758 test_acc=0.7294
Round 409 | selected=[35, 22, 45, 20, 42, 67, 59, 66, 9, 63]
Round 409 | train_loss=0.6609 train_acc=0.7726 test_loss=0.9965 test_acc=0.6830
Round 410 | selected=[10, 57, 36, 6, 81, 2, 23, 35, 11, 76]
Round 410 | train_loss=0.6771 train_acc=0.7656 test_loss=0.8190 test_acc=0.7252
Round 411 | selected=[96, 86, 30, 58, 71, 23, 48, 7, 79, 57]
Round 411 | train_loss=0.6242 train_acc=0.7890 test_loss=0.6799 test_acc=0.7671
Round 412 | selected=[11, 25, 20, 27, 49, 63, 72, 71, 93, 95]
Round 412 | train_loss=0.6323 train_acc=0.7810 test_loss=0.7056 test_acc=0.7589
Round 413 | selected=[5, 58, 1, 82, 39, 70, 18, 11, 34, 62]
Round 413 | train_loss=0.6339 train_acc=0.7786 test_loss=0.7399 test_acc=0.7400
Round 414 | selected=[34, 35, 56, 7, 24, 67, 88, 71, 50, 16]
Round 414 | train_loss=0.6101 train_acc=0.7944 test_loss=0.7298 test_acc=0.7470
Round 415 | selected=[76, 69, 59, 0, 81, 64, 56, 60, 63, 9]
Round 415 | train_loss=0.7276 train_acc=0.7572 test_loss=0.7293 test_acc=0.7441
Round 416 | selected=[73, 98, 44, 24, 95, 70, 71, 96, 76, 36]
Round 416 | train_loss=0.6712 train_acc=0.7736 test_loss=0.9179 test_acc=0.7018
Round 417 | selected=[7, 38, 36, 75, 81, 49, 31, 1, 35, 90]
Round 417 | train_loss=0.6476 train_acc=0.7798 test_loss=0.7421 test_acc=0.7454
Round 418 | selected=[9, 74, 43, 21, 88, 5, 91, 46, 42, 58]
Round 418 | train_loss=0.6404 train_acc=0.7812 test_loss=0.6494 test_acc=0.7768
Round 419 | selected=[6, 43, 11, 12, 41, 47, 21, 48, 99, 18]
Round 419 | train_loss=0.6473 train_acc=0.7764 test_loss=0.6227 test_acc=0.7836
Round 420 | selected=[13, 35, 81, 31, 3, 10, 15, 80, 17, 87]
Round 420 | train_loss=0.6420 train_acc=0.7824 test_loss=0.6196 test_acc=0.7817
Round 421 | selected=[83, 29, 35, 82, 98, 97, 76, 77, 40, 17]
Round 421 | train_loss=0.6138 train_acc=0.7924 test_loss=0.6258 test_acc=0.7835
Round 422 | selected=[37, 34, 75, 16, 12, 98, 64, 92, 56, 11]
Round 422 | train_loss=0.6374 train_acc=0.7832 test_loss=0.7572 test_acc=0.7395
Round 423 | selected=[44, 73, 32, 27, 20, 19, 82, 63, 65, 95]
Round 423 | train_loss=0.6977 train_acc=0.7646 test_loss=0.9868 test_acc=0.6824
Round 424 | selected=[11, 55, 33, 62, 83, 32, 17, 38, 61, 86]
Round 424 | train_loss=0.6957 train_acc=0.7550 test_loss=0.7307 test_acc=0.7464
Round 425 | selected=[87, 66, 31, 76, 22, 36, 17, 7, 64, 99]
Round 425 | train_loss=0.6133 train_acc=0.7942 test_loss=0.6657 test_acc=0.7687
Round 426 | selected=[45, 31, 73, 94, 28, 49, 71, 34, 97, 26]
Round 426 | train_loss=0.6555 train_acc=0.7794 test_loss=0.6499 test_acc=0.7730
Round 427 | selected=[85, 17, 20, 49, 35, 76, 65, 93, 7, 2]
Round 427 | train_loss=0.6456 train_acc=0.7798 test_loss=0.7604 test_acc=0.7438
Round 428 | selected=[61, 79, 58, 26, 51, 16, 8, 35, 64, 19]
Round 428 | train_loss=0.5565 train_acc=0.8156 test_loss=0.6787 test_acc=0.7690
Round 429 | selected=[73, 72, 9, 1, 51, 67, 24, 95, 44, 85]
Round 429 | train_loss=0.7043 train_acc=0.7650 test_loss=0.7568 test_acc=0.7429
Round 430 | selected=[16, 18, 39, 7, 53, 56, 13, 67, 49, 59]
Round 430 | train_loss=0.6226 train_acc=0.7848 test_loss=0.7135 test_acc=0.7562
Round 431 | selected=[37, 85, 62, 7, 73, 53, 39, 74, 71, 93]
Round 431 | train_loss=0.6283 train_acc=0.7840 test_loss=0.7236 test_acc=0.7525
Round 432 | selected=[39, 1, 15, 46, 49, 94, 24, 51, 19, 10]
Round 432 | train_loss=0.7255 train_acc=0.7598 test_loss=1.0246 test_acc=0.7007
Round 433 | selected=[25, 97, 77, 80, 82, 90, 88, 37, 78, 27]
Round 433 | train_loss=0.6963 train_acc=0.7696 test_loss=0.8425 test_acc=0.7230
Round 434 | selected=[66, 76, 47, 42, 46, 25, 96, 19, 61, 72]
Round 434 | train_loss=0.6407 train_acc=0.7768 test_loss=0.7583 test_acc=0.7366
Round 435 | selected=[19, 28, 0, 96, 71, 1, 99, 2, 43, 81]
Round 435 | train_loss=0.6220 train_acc=0.7848 test_loss=0.6662 test_acc=0.7670
Round 436 | selected=[1, 16, 9, 90, 68, 94, 12, 19, 40, 54]
Round 436 | train_loss=0.6060 train_acc=0.7902 test_loss=0.6696 test_acc=0.7725
Round 437 | selected=[27, 89, 97, 86, 12, 15, 55, 50, 99, 47]
Round 437 | train_loss=0.6055 train_acc=0.7950 test_loss=0.7425 test_acc=0.7489
Round 438 | selected=[46, 52, 88, 24, 5, 90, 42, 4, 83, 1]
Round 438 | train_loss=0.5887 train_acc=0.7988 test_loss=0.7143 test_acc=0.7583
Round 439 | selected=[58, 51, 54, 15, 96, 67, 11, 13, 25, 18]
Round 439 | train_loss=0.6569 train_acc=0.7698 test_loss=0.8562 test_acc=0.7035
Round 440 | selected=[88, 98, 4, 34, 96, 41, 86, 5, 62, 59]
Round 440 | train_loss=0.6610 train_acc=0.7810 test_loss=0.7156 test_acc=0.7531
Round 441 | selected=[18, 68, 15, 26, 47, 53, 74, 38, 51, 28]
Round 441 | train_loss=0.6233 train_acc=0.7890 test_loss=0.8160 test_acc=0.7325
Round 442 | selected=[40, 97, 21, 85, 11, 3, 28, 18, 0, 49]
Round 442 | train_loss=0.6611 train_acc=0.7696 test_loss=0.7247 test_acc=0.7441
Round 443 | selected=[17, 83, 28, 54, 19, 24, 23, 97, 38, 11]
Round 443 | train_loss=0.6513 train_acc=0.7758 test_loss=0.6858 test_acc=0.7616
Round 444 | selected=[33, 29, 52, 30, 69, 81, 97, 16, 28, 3]
Round 444 | train_loss=0.6287 train_acc=0.7850 test_loss=0.6959 test_acc=0.7613
Round 445 | selected=[62, 16, 94, 91, 52, 44, 71, 34, 99, 1]
Round 445 | train_loss=0.6412 train_acc=0.7874 test_loss=0.6535 test_acc=0.7762
Round 446 | selected=[27, 46, 45, 22, 41, 44, 74, 73, 47, 64]
Round 446 | train_loss=0.5912 train_acc=0.8010 test_loss=0.6378 test_acc=0.7818
Round 447 | selected=[18, 86, 55, 76, 4, 87, 77, 78, 79, 22]
Round 447 | train_loss=0.6012 train_acc=0.8022 test_loss=0.7049 test_acc=0.7531
Round 448 | selected=[8, 22, 75, 24, 5, 58, 92, 66, 73, 43]
Round 448 | train_loss=0.5359 train_acc=0.8216 test_loss=0.7048 test_acc=0.7587
Round 449 | selected=[5, 84, 33, 77, 20, 73, 98, 31, 97, 51]
Round 449 | train_loss=0.5624 train_acc=0.8108 test_loss=0.8198 test_acc=0.7236
Round 450 | selected=[14, 51, 76, 93, 32, 85, 42, 5, 90, 0]
Round 450 | train_loss=0.6323 train_acc=0.7904 test_loss=0.7376 test_acc=0.7452
Round 451 | selected=[50, 40, 28, 24, 48, 3, 47, 94, 44, 73]
Round 451 | train_loss=0.6648 train_acc=0.7726 test_loss=0.7865 test_acc=0.7291
Round 452 | selected=[36, 8, 29, 72, 33, 65, 60, 56, 74, 71]
Round 452 | train_loss=0.6351 train_acc=0.7882 test_loss=0.8816 test_acc=0.7097
Round 453 | selected=[72, 81, 0, 91, 33, 73, 79, 59, 48, 40]
Round 453 | train_loss=0.7318 train_acc=0.7492 test_loss=0.9159 test_acc=0.6989
Round 454 | selected=[26, 91, 25, 8, 81, 52, 64, 98, 36, 58]
Round 454 | train_loss=0.7050 train_acc=0.7622 test_loss=0.9268 test_acc=0.6970
Round 455 | selected=[95, 3, 16, 65, 29, 48, 82, 50, 10, 96]
Round 455 | train_loss=0.6184 train_acc=0.7924 test_loss=0.6230 test_acc=0.7851
Round 456 | selected=[20, 94, 16, 70, 43, 10, 30, 92, 72, 0]
Round 456 | train_loss=0.5685 train_acc=0.8110 test_loss=0.7462 test_acc=0.7459
Round 457 | selected=[77, 55, 53, 85, 54, 71, 29, 76, 10, 93]
Round 457 | train_loss=0.6158 train_acc=0.7968 test_loss=0.7209 test_acc=0.7566
Round 458 | selected=[13, 50, 84, 46, 35, 0, 53, 39, 44, 48]
Round 458 | train_loss=0.5740 train_acc=0.8008 test_loss=0.6809 test_acc=0.7653
Round 459 | selected=[74, 78, 56, 7, 20, 75, 26, 1, 86, 43]
Round 459 | train_loss=0.6122 train_acc=0.8002 test_loss=0.7231 test_acc=0.7528
Round 460 | selected=[39, 30, 75, 40, 76, 85, 17, 94, 67, 4]
Round 460 | train_loss=0.6887 train_acc=0.7596 test_loss=0.8978 test_acc=0.7089
Round 461 | selected=[18, 24, 5, 36, 94, 57, 92, 35, 6, 17]
Round 461 | train_loss=0.6374 train_acc=0.7902 test_loss=0.6973 test_acc=0.7623
Round 462 | selected=[72, 81, 35, 77, 92, 20, 27, 41, 59, 12]
Round 462 | train_loss=0.6130 train_acc=0.7970 test_loss=0.6768 test_acc=0.7685
Round 463 | selected=[6, 56, 93, 82, 69, 40, 70, 30, 4, 75]
Round 463 | train_loss=0.5983 train_acc=0.7950 test_loss=0.7129 test_acc=0.7513
Round 464 | selected=[66, 73, 37, 39, 8, 77, 68, 79, 18, 83]
Round 464 | train_loss=0.5617 train_acc=0.8062 test_loss=0.6645 test_acc=0.7702
Round 465 | selected=[82, 78, 52, 17, 81, 46, 39, 91, 12, 66]
Round 465 | train_loss=0.6576 train_acc=0.7708 test_loss=0.8101 test_acc=0.7245
Round 466 | selected=[34, 42, 27, 56, 52, 59, 98, 29, 18, 79]
Round 466 | train_loss=0.6058 train_acc=0.8008 test_loss=0.6586 test_acc=0.7755
Round 467 | selected=[38, 9, 59, 32, 16, 93, 98, 58, 65, 44]
Round 467 | train_loss=0.5716 train_acc=0.8118 test_loss=0.6285 test_acc=0.7849
Round 468 | selected=[84, 61, 98, 21, 66, 33, 48, 97, 15, 64]
Round 468 | train_loss=0.5555 train_acc=0.8142 test_loss=0.6288 test_acc=0.7814
Round 469 | selected=[84, 2, 76, 63, 58, 47, 10, 60, 98, 43]
Round 469 | train_loss=0.5421 train_acc=0.8152 test_loss=0.6612 test_acc=0.7737
Round 470 | selected=[34, 50, 99, 66, 8, 31, 2, 9, 21, 96]
Round 470 | train_loss=0.5646 train_acc=0.8084 test_loss=0.6329 test_acc=0.7784
Round 471 | selected=[21, 30, 74, 27, 79, 55, 95, 83, 63, 81]
Round 471 | train_loss=0.6154 train_acc=0.7890 test_loss=0.6138 test_acc=0.7854
Round 472 | selected=[35, 59, 94, 89, 63, 21, 53, 79, 49, 30]
Round 472 | train_loss=0.5977 train_acc=0.8022 test_loss=0.7065 test_acc=0.7600
Round 473 | selected=[6, 93, 36, 81, 74, 31, 84, 14, 37, 46]
Round 473 | train_loss=0.6336 train_acc=0.7784 test_loss=0.6562 test_acc=0.7741
Round 474 | selected=[16, 50, 52, 94, 96, 14, 75, 35, 76, 12]
Round 474 | train_loss=0.6284 train_acc=0.7856 test_loss=0.6720 test_acc=0.7727
Round 475 | selected=[87, 24, 93, 91, 10, 96, 3, 0, 52, 32]
Round 475 | train_loss=0.6188 train_acc=0.7888 test_loss=0.6455 test_acc=0.7790
Round 476 | selected=[0, 43, 81, 58, 52, 16, 99, 61, 74, 23]
Round 476 | train_loss=0.6140 train_acc=0.7874 test_loss=0.7486 test_acc=0.7475
Round 477 | selected=[89, 34, 31, 29, 95, 93, 23, 54, 92, 98]
Round 477 | train_loss=0.6163 train_acc=0.7972 test_loss=0.7448 test_acc=0.7512
Round 478 | selected=[60, 74, 50, 19, 88, 34, 90, 5, 73, 53]
Round 478 | train_loss=0.5784 train_acc=0.8034 test_loss=0.6811 test_acc=0.7627
Round 479 | selected=[23, 70, 60, 28, 7, 54, 94, 33, 79, 56]
Round 479 | train_loss=0.5911 train_acc=0.7932 test_loss=0.6714 test_acc=0.7678
Round 480 | selected=[61, 16, 71, 97, 48, 0, 64, 56, 22, 31]
Round 480 | train_loss=0.5189 train_acc=0.8254 test_loss=0.6995 test_acc=0.7698
Round 481 | selected=[66, 3, 27, 6, 67, 86, 98, 49, 68, 84]
Round 481 | train_loss=0.6300 train_acc=0.7882 test_loss=0.7107 test_acc=0.7579
Round 482 | selected=[85, 6, 20, 49, 0, 93, 38, 98, 77, 90]
Round 482 | train_loss=0.5704 train_acc=0.8046 test_loss=0.8104 test_acc=0.7314
Round 483 | selected=[57, 19, 28, 84, 31, 79, 63, 42, 72, 35]
Round 483 | train_loss=0.5958 train_acc=0.7952 test_loss=0.7337 test_acc=0.7454
Round 484 | selected=[80, 94, 79, 87, 97, 81, 91, 72, 69, 42]
Round 484 | train_loss=0.6030 train_acc=0.7936 test_loss=0.7244 test_acc=0.7513
Round 485 | selected=[22, 81, 95, 32, 38, 0, 57, 62, 17, 6]
Round 485 | train_loss=0.6313 train_acc=0.7812 test_loss=0.8296 test_acc=0.7217
Round 486 | selected=[56, 18, 4, 62, 45, 74, 92, 96, 34, 30]
Round 486 | train_loss=0.6418 train_acc=0.7820 test_loss=0.7965 test_acc=0.7342
Round 487 | selected=[81, 91, 90, 60, 33, 14, 61, 84, 49, 9]
Round 487 | train_loss=0.5917 train_acc=0.7988 test_loss=0.6401 test_acc=0.7808
Round 488 | selected=[39, 28, 65, 87, 66, 33, 88, 23, 41, 11]
Round 488 | train_loss=0.5930 train_acc=0.8008 test_loss=0.6821 test_acc=0.7627
Round 489 | selected=[65, 78, 33, 93, 19, 21, 4, 74, 7, 56]
Round 489 | train_loss=0.6191 train_acc=0.7862 test_loss=0.7546 test_acc=0.7440
Round 490 | selected=[33, 29, 98, 75, 19, 87, 34, 22, 58, 90]
Round 490 | train_loss=0.5520 train_acc=0.8142 test_loss=0.7610 test_acc=0.7441
Round 491 | selected=[97, 15, 37, 90, 16, 79, 7, 50, 80, 47]
Round 491 | train_loss=0.5509 train_acc=0.8186 test_loss=0.7574 test_acc=0.7509
Round 492 | selected=[49, 14, 92, 94, 9, 85, 87, 1, 97, 91]
Round 492 | train_loss=0.6091 train_acc=0.7908 test_loss=0.6597 test_acc=0.7711
Round 493 | selected=[36, 18, 3, 31, 40, 51, 70, 0, 14, 15]
Round 493 | train_loss=0.5685 train_acc=0.8028 test_loss=0.6835 test_acc=0.7696
Round 494 | selected=[47, 65, 71, 99, 14, 20, 24, 92, 73, 67]
Round 494 | train_loss=0.5686 train_acc=0.8080 test_loss=0.5816 test_acc=0.8034
Round 495 | selected=[40, 29, 84, 51, 4, 74, 11, 71, 72, 28]
Round 495 | train_loss=0.5729 train_acc=0.8002 test_loss=0.7121 test_acc=0.7549
Round 496 | selected=[35, 51, 82, 61, 78, 73, 38, 56, 30, 67]
Round 496 | train_loss=0.5818 train_acc=0.8038 test_loss=0.6045 test_acc=0.7926
Round 497 | selected=[0, 76, 84, 62, 87, 9, 12, 26, 46, 51]
Round 497 | train_loss=0.5568 train_acc=0.8114 test_loss=0.6060 test_acc=0.7932
Round 498 | selected=[53, 52, 6, 38, 84, 12, 89, 82, 55, 16]
Round 498 | train_loss=0.5283 train_acc=0.8198 test_loss=0.6214 test_acc=0.7890
Round 499 | selected=[70, 6, 25, 3, 54, 18, 91, 50, 55, 20]
Round 499 | train_loss=0.5491 train_acc=0.8178 test_loss=0.6120 test_acc=0.7832
Round 500 | selected=[45, 48, 51, 86, 12, 72, 76, 68, 18, 44]
Round 500 | train_loss=0.5593 train_acc=0.8130 test_loss=0.8334 test_acc=0.7303
Saved: track1/results/cifar10/final_seed46/fedprox_alpha1_seed46.csv
COMPLETED: fedprox alpha1 seed=46
