========================================
JOB:       12007914
TASK:      41
ALGORITHM: fedavgm
PARTITION: alpha1
SEED:      45
GPU:       0
========================================
Device: cuda
GPU: Tesla V100-PCIE-32GB
Round 0 | test_loss=2.8279 test_acc=0.0938
Round 1 | selected=[84, 96, 49, 52, 68, 55, 73, 51, 79, 50]
Round 1 | train_loss=2.0200 train_acc=0.2824 test_loss=2.2793 test_acc=0.1451
Round 2 | selected=[61, 70, 47, 11, 92, 52, 58, 77, 79, 57]
Round 2 | train_loss=2.0533 train_acc=0.2582 test_loss=2.2125 test_acc=0.1643
Round 3 | selected=[68, 28, 99, 76, 4, 11, 39, 98, 40, 5]
Round 3 | train_loss=1.9422 train_acc=0.3208 test_loss=2.0691 test_acc=0.2065
Round 4 | selected=[26, 11, 9, 16, 70, 81, 96, 73, 29, 19]
Round 4 | train_loss=1.8292 train_acc=0.3532 test_loss=2.1674 test_acc=0.1966
Round 5 | selected=[11, 19, 35, 99, 1, 3, 45, 97, 31, 91]
Round 5 | train_loss=1.8981 train_acc=0.3194 test_loss=2.0593 test_acc=0.2486
Round 6 | selected=[65, 92, 81, 94, 48, 86, 77, 43, 30, 68]
Round 6 | train_loss=1.6880 train_acc=0.4108 test_loss=2.6270 test_acc=0.2252
Round 7 | selected=[35, 74, 98, 56, 37, 62, 89, 49, 80, 13]
Round 7 | train_loss=1.8875 train_acc=0.3720 test_loss=2.1184 test_acc=0.2656
Round 8 | selected=[29, 13, 46, 2, 67, 30, 38, 4, 60, 73]
Round 8 | train_loss=1.6313 train_acc=0.4154 test_loss=2.0533 test_acc=0.2730
Round 9 | selected=[69, 44, 76, 74, 34, 79, 22, 60, 16, 15]
Round 9 | train_loss=1.6722 train_acc=0.4230 test_loss=2.1219 test_acc=0.2878
Round 10 | selected=[8, 64, 44, 23, 48, 9, 69, 1, 29, 86]
Round 10 | train_loss=1.6165 train_acc=0.4690 test_loss=2.5804 test_acc=0.2800
Round 11 | selected=[73, 27, 86, 10, 22, 92, 9, 36, 43, 21]
Round 11 | train_loss=1.7930 train_acc=0.4350 test_loss=3.0525 test_acc=0.2796
Round 12 | selected=[19, 10, 46, 11, 4, 42, 16, 99, 96, 21]
Round 12 | train_loss=1.7423 train_acc=0.4226 test_loss=3.2640 test_acc=0.2606
Round 13 | selected=[31, 94, 27, 21, 48, 46, 69, 72, 24, 19]
Round 13 | train_loss=1.9281 train_acc=0.3972 test_loss=2.1277 test_acc=0.3182
Round 14 | selected=[25, 64, 96, 46, 42, 85, 98, 20, 65, 89]
Round 14 | train_loss=1.7338 train_acc=0.4476 test_loss=2.5739 test_acc=0.3244
Round 15 | selected=[94, 59, 89, 13, 76, 48, 39, 55, 44, 60]
Round 15 | train_loss=1.8606 train_acc=0.4176 test_loss=2.4686 test_acc=0.3409
Round 16 | selected=[44, 33, 28, 69, 36, 32, 46, 3, 35, 5]
Round 16 | train_loss=1.7548 train_acc=0.4272 test_loss=3.8087 test_acc=0.2610
Round 17 | selected=[56, 86, 33, 90, 8, 44, 94, 74, 83, 93]
Round 17 | train_loss=1.6800 train_acc=0.4194 test_loss=3.4830 test_acc=0.2263
Round 18 | selected=[37, 96, 61, 80, 73, 86, 52, 2, 81, 38]
Round 18 | train_loss=1.8205 train_acc=0.4068 test_loss=5.4245 test_acc=0.2578
Round 19 | selected=[66, 82, 91, 49, 25, 42, 15, 74, 75, 13]
Round 19 | train_loss=1.5995 train_acc=0.4830 test_loss=2.8203 test_acc=0.2983
Round 20 | selected=[99, 42, 96, 30, 8, 88, 93, 46, 90, 82]
Round 20 | train_loss=1.8987 train_acc=0.4322 test_loss=2.2245 test_acc=0.3519
Round 21 | selected=[91, 8, 48, 72, 47, 73, 24, 60, 98, 50]
Round 21 | train_loss=1.5296 train_acc=0.5002 test_loss=6.6793 test_acc=0.2177
Round 22 | selected=[77, 27, 23, 18, 4, 45, 66, 71, 72, 51]
Round 22 | train_loss=1.7058 train_acc=0.4404 test_loss=2.1449 test_acc=0.3746
Round 23 | selected=[5, 69, 78, 15, 35, 44, 28, 19, 61, 59]
Round 23 | train_loss=1.5904 train_acc=0.4672 test_loss=2.2741 test_acc=0.2841
Round 24 | selected=[85, 67, 48, 41, 94, 11, 53, 22, 20, 52]
Round 24 | train_loss=1.5961 train_acc=0.4566 test_loss=2.0592 test_acc=0.3377
Round 25 | selected=[46, 96, 40, 57, 45, 30, 99, 94, 9, 5]
Round 25 | train_loss=1.5939 train_acc=0.4618 test_loss=1.8253 test_acc=0.3624
Round 26 | selected=[60, 99, 84, 0, 28, 13, 19, 55, 9, 96]
Round 26 | train_loss=1.5017 train_acc=0.4860 test_loss=2.2175 test_acc=0.3594
Round 27 | selected=[85, 18, 27, 88, 21, 73, 6, 62, 2, 82]
Round 27 | train_loss=1.6249 train_acc=0.4694 test_loss=1.9002 test_acc=0.3452
Round 28 | selected=[59, 40, 9, 65, 22, 53, 44, 72, 79, 45]
Round 28 | train_loss=1.4784 train_acc=0.5006 test_loss=1.7834 test_acc=0.3767
Round 29 | selected=[15, 11, 81, 91, 12, 35, 43, 26, 44, 94]
Round 29 | train_loss=1.5786 train_acc=0.4540 test_loss=1.8548 test_acc=0.3338
Round 30 | selected=[61, 1, 5, 70, 21, 6, 92, 75, 45, 40]
Round 30 | train_loss=1.5123 train_acc=0.4784 test_loss=1.6988 test_acc=0.3764
Round 31 | selected=[3, 14, 15, 90, 86, 96, 47, 45, 63, 10]
Round 31 | train_loss=1.4169 train_acc=0.5108 test_loss=1.7387 test_acc=0.3874
Round 32 | selected=[33, 35, 79, 59, 54, 96, 60, 67, 61, 39]
Round 32 | train_loss=1.3983 train_acc=0.5118 test_loss=1.9852 test_acc=0.3885
Round 33 | selected=[72, 49, 39, 77, 98, 10, 59, 17, 29, 9]
Round 33 | train_loss=1.5139 train_acc=0.5004 test_loss=2.0437 test_acc=0.3706
Round 34 | selected=[15, 59, 57, 88, 60, 13, 70, 47, 76, 26]
Round 34 | train_loss=1.5247 train_acc=0.4708 test_loss=1.9830 test_acc=0.3667
Round 35 | selected=[76, 4, 23, 69, 56, 13, 43, 54, 99, 88]
Round 35 | train_loss=1.5612 train_acc=0.4802 test_loss=2.1923 test_acc=0.2747
Round 36 | selected=[3, 50, 71, 29, 88, 11, 13, 2, 7, 47]
Round 36 | train_loss=1.5436 train_acc=0.4654 test_loss=2.3045 test_acc=0.3252
Round 37 | selected=[47, 27, 28, 8, 2, 88, 30, 16, 45, 60]
Round 37 | train_loss=1.5453 train_acc=0.4562 test_loss=2.1023 test_acc=0.3781
Round 38 | selected=[50, 29, 85, 86, 64, 10, 7, 16, 49, 48]
Round 38 | train_loss=1.3157 train_acc=0.5502 test_loss=2.0538 test_acc=0.3866
Round 39 | selected=[3, 88, 98, 97, 23, 40, 74, 61, 79, 59]
Round 39 | train_loss=1.4107 train_acc=0.5156 test_loss=1.5046 test_acc=0.4365
Round 40 | selected=[29, 47, 55, 25, 13, 65, 91, 10, 8, 89]
Round 40 | train_loss=1.2448 train_acc=0.5596 test_loss=1.5683 test_acc=0.3945
Round 41 | selected=[51, 18, 44, 36, 79, 62, 64, 43, 11, 96]
Round 41 | train_loss=1.4996 train_acc=0.4800 test_loss=1.5176 test_acc=0.4390
Round 42 | selected=[41, 24, 80, 14, 5, 27, 42, 90, 73, 47]
Round 42 | train_loss=1.3571 train_acc=0.5154 test_loss=1.7700 test_acc=0.4317
Round 43 | selected=[23, 81, 54, 52, 62, 9, 6, 38, 79, 2]
Round 43 | train_loss=1.3598 train_acc=0.5208 test_loss=1.5737 test_acc=0.4441
Round 44 | selected=[47, 85, 84, 78, 86, 3, 36, 7, 5, 81]
Round 44 | train_loss=1.3744 train_acc=0.5144 test_loss=1.6918 test_acc=0.4178
Round 45 | selected=[11, 75, 46, 15, 87, 21, 51, 99, 61, 90]
Round 45 | train_loss=1.4932 train_acc=0.4664 test_loss=1.4604 test_acc=0.4677
Round 46 | selected=[69, 76, 10, 45, 22, 62, 23, 65, 12, 3]
Round 46 | train_loss=1.3476 train_acc=0.5248 test_loss=1.5761 test_acc=0.4180
Round 47 | selected=[67, 90, 35, 54, 81, 44, 49, 39, 59, 23]
Round 47 | train_loss=1.3583 train_acc=0.5200 test_loss=1.6160 test_acc=0.4152
Round 48 | selected=[21, 14, 50, 90, 26, 19, 13, 68, 34, 48]
Round 48 | train_loss=1.2896 train_acc=0.5510 test_loss=1.5431 test_acc=0.4562
Round 49 | selected=[54, 25, 65, 52, 28, 81, 63, 5, 74, 91]
Round 49 | train_loss=1.3345 train_acc=0.5554 test_loss=1.7744 test_acc=0.4178
Round 50 | selected=[71, 16, 75, 59, 89, 46, 84, 44, 60, 37]
Round 50 | train_loss=1.4280 train_acc=0.5154 test_loss=1.6159 test_acc=0.4358
Round 51 | selected=[68, 88, 39, 89, 20, 76, 95, 70, 81, 26]
Round 51 | train_loss=1.2868 train_acc=0.5406 test_loss=1.6627 test_acc=0.4156
Round 52 | selected=[2, 9, 53, 58, 82, 81, 77, 74, 40, 95]
Round 52 | train_loss=1.4332 train_acc=0.5060 test_loss=1.4918 test_acc=0.4814
Round 53 | selected=[91, 64, 55, 94, 70, 61, 93, 71, 56, 63]
Round 53 | train_loss=1.3386 train_acc=0.5338 test_loss=1.6609 test_acc=0.4050
Round 54 | selected=[59, 24, 95, 36, 63, 16, 76, 94, 42, 51]
Round 54 | train_loss=1.3982 train_acc=0.4970 test_loss=1.5868 test_acc=0.4327
Round 55 | selected=[2, 85, 78, 67, 42, 69, 86, 31, 90, 57]
Round 55 | train_loss=1.4207 train_acc=0.5024 test_loss=1.3087 test_acc=0.5186
Round 56 | selected=[86, 69, 52, 75, 71, 66, 57, 37, 12, 77]
Round 56 | train_loss=1.2584 train_acc=0.5472 test_loss=1.4788 test_acc=0.4485
Round 57 | selected=[60, 27, 8, 63, 19, 52, 90, 30, 29, 57]
Round 57 | train_loss=1.2824 train_acc=0.5462 test_loss=1.4747 test_acc=0.4440
Round 58 | selected=[44, 8, 64, 25, 74, 77, 42, 81, 43, 55]
Round 58 | train_loss=1.3786 train_acc=0.5084 test_loss=1.2781 test_acc=0.5261
Round 59 | selected=[44, 0, 23, 91, 9, 5, 37, 62, 12, 24]
Round 59 | train_loss=1.2182 train_acc=0.5844 test_loss=1.4408 test_acc=0.5145
Round 60 | selected=[27, 89, 95, 51, 21, 17, 94, 46, 24, 14]
Round 60 | train_loss=1.3478 train_acc=0.5304 test_loss=1.5403 test_acc=0.4869
Round 61 | selected=[3, 17, 86, 96, 49, 24, 78, 79, 92, 14]
Round 61 | train_loss=1.2198 train_acc=0.5864 test_loss=1.4236 test_acc=0.4749
Round 62 | selected=[43, 95, 8, 94, 90, 22, 28, 12, 1, 11]
Round 62 | train_loss=1.2613 train_acc=0.5394 test_loss=1.2969 test_acc=0.5174
Round 63 | selected=[87, 26, 19, 31, 37, 54, 55, 93, 67, 65]
Round 63 | train_loss=1.2136 train_acc=0.5748 test_loss=1.4655 test_acc=0.4774
Round 64 | selected=[37, 76, 80, 61, 9, 65, 84, 69, 95, 72]
Round 64 | train_loss=1.2164 train_acc=0.5720 test_loss=1.6216 test_acc=0.4466
Round 65 | selected=[32, 78, 54, 85, 58, 86, 57, 60, 76, 56]
Round 65 | train_loss=1.2913 train_acc=0.5514 test_loss=1.2959 test_acc=0.5256
Round 66 | selected=[45, 26, 67, 90, 8, 3, 37, 15, 29, 18]
Round 66 | train_loss=1.1720 train_acc=0.5824 test_loss=1.2474 test_acc=0.5636
Round 67 | selected=[18, 35, 94, 9, 30, 39, 48, 97, 19, 96]
Round 67 | train_loss=1.1575 train_acc=0.5972 test_loss=1.3305 test_acc=0.5205
Round 68 | selected=[86, 41, 45, 81, 62, 43, 3, 9, 91, 63]
Round 68 | train_loss=1.1517 train_acc=0.5954 test_loss=1.2223 test_acc=0.5521
Round 69 | selected=[47, 88, 22, 84, 75, 80, 46, 37, 34, 2]
Round 69 | train_loss=1.1302 train_acc=0.6034 test_loss=1.2765 test_acc=0.5350
Round 70 | selected=[81, 48, 10, 38, 56, 21, 69, 85, 53, 5]
Round 70 | train_loss=1.0901 train_acc=0.6264 test_loss=1.3626 test_acc=0.5115
Round 71 | selected=[63, 19, 5, 92, 36, 43, 94, 99, 45, 18]
Round 71 | train_loss=1.1985 train_acc=0.5688 test_loss=1.1794 test_acc=0.5680
Round 72 | selected=[51, 3, 83, 10, 39, 15, 87, 6, 12, 62]
Round 72 | train_loss=1.1222 train_acc=0.6056 test_loss=1.3112 test_acc=0.5339
Round 73 | selected=[3, 70, 15, 1, 83, 5, 94, 77, 24, 75]
Round 73 | train_loss=1.1796 train_acc=0.5878 test_loss=1.5409 test_acc=0.4615
Round 74 | selected=[71, 75, 73, 62, 48, 56, 80, 29, 51, 37]
Round 74 | train_loss=1.2147 train_acc=0.5782 test_loss=1.2459 test_acc=0.5589
Round 75 | selected=[99, 7, 11, 35, 74, 59, 23, 19, 68, 13]
Round 75 | train_loss=1.1131 train_acc=0.6262 test_loss=1.2623 test_acc=0.5388
Round 76 | selected=[85, 57, 37, 71, 18, 9, 47, 58, 66, 2]
Round 76 | train_loss=1.1292 train_acc=0.6072 test_loss=1.4243 test_acc=0.5286
Round 77 | selected=[68, 92, 73, 45, 46, 72, 34, 25, 4, 0]
Round 77 | train_loss=1.1357 train_acc=0.6094 test_loss=1.5279 test_acc=0.5359
Round 78 | selected=[50, 61, 77, 51, 7, 26, 34, 58, 62, 33]
Round 78 | train_loss=1.2343 train_acc=0.6076 test_loss=1.4792 test_acc=0.5308
Round 79 | selected=[40, 68, 80, 67, 84, 74, 25, 93, 19, 14]
Round 79 | train_loss=1.2078 train_acc=0.6074 test_loss=1.3680 test_acc=0.5192
Round 80 | selected=[88, 51, 95, 64, 11, 83, 44, 99, 78, 89]
Round 80 | train_loss=1.2288 train_acc=0.5776 test_loss=1.3308 test_acc=0.5343
Round 81 | selected=[98, 73, 9, 96, 21, 33, 44, 89, 50, 61]
Round 81 | train_loss=1.1300 train_acc=0.6012 test_loss=1.3278 test_acc=0.5128
Round 82 | selected=[58, 51, 48, 54, 80, 38, 20, 83, 6, 14]
Round 82 | train_loss=1.1704 train_acc=0.5860 test_loss=1.1957 test_acc=0.5624
Round 83 | selected=[99, 66, 71, 70, 40, 12, 33, 50, 67, 1]
Round 83 | train_loss=1.0660 train_acc=0.6288 test_loss=1.2295 test_acc=0.5694
Round 84 | selected=[25, 75, 86, 41, 95, 65, 31, 66, 60, 15]
Round 84 | train_loss=1.0693 train_acc=0.6270 test_loss=1.3484 test_acc=0.5333
Round 85 | selected=[26, 73, 10, 18, 86, 79, 39, 97, 0, 76]
Round 85 | train_loss=1.1207 train_acc=0.6106 test_loss=1.1744 test_acc=0.5757
Round 86 | selected=[40, 7, 15, 29, 13, 89, 85, 46, 10, 84]
Round 86 | train_loss=1.0409 train_acc=0.6426 test_loss=1.1938 test_acc=0.5703
Round 87 | selected=[0, 43, 52, 5, 42, 14, 88, 63, 77, 74]
Round 87 | train_loss=1.0836 train_acc=0.6150 test_loss=1.2974 test_acc=0.5417
Round 88 | selected=[45, 9, 95, 94, 75, 33, 12, 25, 36, 24]
Round 88 | train_loss=1.0277 train_acc=0.6456 test_loss=1.3760 test_acc=0.5510
Round 89 | selected=[21, 56, 47, 38, 83, 81, 19, 95, 64, 70]
Round 89 | train_loss=1.0727 train_acc=0.6300 test_loss=1.2307 test_acc=0.5779
Round 90 | selected=[39, 29, 23, 41, 7, 84, 42, 34, 67, 22]
Round 90 | train_loss=1.1008 train_acc=0.6120 test_loss=1.5040 test_acc=0.5064
Round 91 | selected=[56, 60, 6, 0, 17, 95, 23, 48, 29, 87]
Round 91 | train_loss=1.0555 train_acc=0.6336 test_loss=1.3810 test_acc=0.5352
Round 92 | selected=[56, 66, 36, 89, 41, 74, 61, 9, 34, 8]
Round 92 | train_loss=1.0351 train_acc=0.6480 test_loss=1.1790 test_acc=0.5606
Round 93 | selected=[60, 88, 58, 61, 14, 5, 66, 49, 83, 1]
Round 93 | train_loss=1.0733 train_acc=0.6112 test_loss=1.3405 test_acc=0.5776
Round 94 | selected=[59, 44, 52, 11, 32, 4, 81, 91, 6, 3]
Round 94 | train_loss=1.0959 train_acc=0.6210 test_loss=1.2375 test_acc=0.5549
Round 95 | selected=[19, 48, 34, 50, 8, 70, 63, 88, 46, 51]
Round 95 | train_loss=0.9968 train_acc=0.6374 test_loss=1.1830 test_acc=0.5830
Round 96 | selected=[63, 29, 43, 11, 81, 61, 70, 94, 3, 55]
Round 96 | train_loss=1.1254 train_acc=0.6028 test_loss=1.2279 test_acc=0.5588
Round 97 | selected=[39, 40, 22, 32, 12, 34, 67, 3, 35, 50]
Round 97 | train_loss=1.0220 train_acc=0.6406 test_loss=1.0493 test_acc=0.6188
Round 98 | selected=[58, 74, 98, 93, 22, 21, 28, 43, 94, 26]
Round 98 | train_loss=0.9836 train_acc=0.6562 test_loss=1.2066 test_acc=0.5709
Round 99 | selected=[95, 9, 57, 78, 38, 54, 55, 43, 72, 40]
Round 99 | train_loss=0.9962 train_acc=0.6430 test_loss=1.0623 test_acc=0.6191
Round 100 | selected=[66, 84, 7, 3, 17, 72, 23, 11, 91, 57]
Round 100 | train_loss=1.0110 train_acc=0.6286 test_loss=1.1317 test_acc=0.6062
Round 101 | selected=[14, 28, 15, 86, 89, 81, 40, 19, 35, 1]
Round 101 | train_loss=1.0701 train_acc=0.6400 test_loss=1.2815 test_acc=0.5700
Round 102 | selected=[7, 3, 46, 8, 74, 65, 17, 70, 10, 88]
Round 102 | train_loss=1.0033 train_acc=0.6464 test_loss=1.1469 test_acc=0.5860
Round 103 | selected=[11, 33, 62, 32, 95, 9, 12, 77, 35, 28]
Round 103 | train_loss=1.0224 train_acc=0.6366 test_loss=1.1001 test_acc=0.5944
Round 104 | selected=[43, 37, 72, 22, 0, 98, 79, 78, 51, 20]
Round 104 | train_loss=0.9503 train_acc=0.6642 test_loss=1.3178 test_acc=0.5286
Round 105 | selected=[22, 88, 68, 39, 90, 46, 44, 45, 78, 29]
Round 105 | train_loss=0.9538 train_acc=0.6726 test_loss=1.1815 test_acc=0.5785
Round 106 | selected=[38, 39, 34, 99, 78, 42, 37, 2, 10, 45]
Round 106 | train_loss=0.9618 train_acc=0.6614 test_loss=1.0550 test_acc=0.6241
Round 107 | selected=[28, 54, 61, 86, 3, 48, 97, 82, 35, 24]
Round 107 | train_loss=1.1028 train_acc=0.6362 test_loss=1.1341 test_acc=0.5986
Round 108 | selected=[84, 8, 19, 14, 93, 73, 79, 27, 70, 22]
Round 108 | train_loss=1.1415 train_acc=0.5930 test_loss=1.1391 test_acc=0.5942
Round 109 | selected=[53, 66, 15, 37, 76, 57, 80, 40, 13, 83]
Round 109 | train_loss=0.9833 train_acc=0.6598 test_loss=1.3504 test_acc=0.5046
Round 110 | selected=[50, 44, 37, 11, 64, 48, 12, 69, 31, 75]
Round 110 | train_loss=1.0535 train_acc=0.6238 test_loss=1.2849 test_acc=0.5348
Round 111 | selected=[8, 16, 20, 51, 12, 99, 75, 71, 94, 11]
Round 111 | train_loss=1.0445 train_acc=0.6244 test_loss=1.0668 test_acc=0.6136
Round 112 | selected=[38, 98, 73, 46, 9, 93, 90, 97, 8, 25]
Round 112 | train_loss=0.9554 train_acc=0.6702 test_loss=1.2833 test_acc=0.5686
Round 113 | selected=[38, 99, 89, 63, 90, 9, 69, 67, 40, 56]
Round 113 | train_loss=0.9626 train_acc=0.6642 test_loss=1.3466 test_acc=0.5850
Round 114 | selected=[36, 91, 82, 59, 87, 61, 75, 85, 3, 83]
Round 114 | train_loss=1.1072 train_acc=0.6326 test_loss=1.2355 test_acc=0.5892
Round 115 | selected=[52, 71, 12, 3, 5, 27, 90, 87, 15, 55]
Round 115 | train_loss=1.0963 train_acc=0.6150 test_loss=1.0794 test_acc=0.6221
Round 116 | selected=[83, 74, 2, 68, 5, 40, 73, 69, 92, 78]
Round 116 | train_loss=0.9974 train_acc=0.6588 test_loss=1.2395 test_acc=0.5580
Round 117 | selected=[29, 36, 35, 63, 92, 71, 51, 84, 7, 25]
Round 117 | train_loss=1.0490 train_acc=0.6222 test_loss=1.2332 test_acc=0.5490
Round 118 | selected=[2, 95, 88, 35, 43, 7, 38, 79, 48, 74]
Round 118 | train_loss=0.9668 train_acc=0.6604 test_loss=1.0535 test_acc=0.6175
Round 119 | selected=[67, 37, 65, 53, 79, 34, 94, 15, 13, 62]
Round 119 | train_loss=1.0087 train_acc=0.6564 test_loss=0.9558 test_acc=0.6608
Round 120 | selected=[1, 35, 6, 65, 51, 7, 31, 94, 77, 71]
Round 120 | train_loss=0.9453 train_acc=0.6722 test_loss=1.0873 test_acc=0.6326
Round 121 | selected=[90, 76, 30, 20, 69, 92, 67, 72, 58, 35]
Round 121 | train_loss=0.9987 train_acc=0.6548 test_loss=1.0271 test_acc=0.6412
Round 122 | selected=[49, 66, 29, 55, 18, 54, 57, 77, 14, 27]
Round 122 | train_loss=0.9602 train_acc=0.6680 test_loss=1.0155 test_acc=0.6419
Round 123 | selected=[9, 36, 44, 73, 23, 64, 58, 4, 95, 87]
Round 123 | train_loss=0.8851 train_acc=0.6954 test_loss=1.0468 test_acc=0.6227
Round 124 | selected=[13, 0, 76, 96, 59, 36, 72, 68, 4, 20]
Round 124 | train_loss=0.9262 train_acc=0.6814 test_loss=0.9826 test_acc=0.6506
Round 125 | selected=[48, 37, 94, 90, 25, 92, 95, 79, 59, 46]
Round 125 | train_loss=0.8903 train_acc=0.6878 test_loss=0.9848 test_acc=0.6462
Round 126 | selected=[77, 88, 94, 4, 9, 24, 80, 32, 75, 39]
Round 126 | train_loss=0.8593 train_acc=0.7014 test_loss=1.0888 test_acc=0.6337
Round 127 | selected=[76, 91, 89, 54, 79, 92, 15, 94, 68, 85]
Round 127 | train_loss=0.9132 train_acc=0.6898 test_loss=0.9762 test_acc=0.6666
Round 128 | selected=[62, 49, 80, 96, 68, 12, 95, 71, 2, 47]
Round 128 | train_loss=0.8759 train_acc=0.6898 test_loss=1.0538 test_acc=0.6377
Round 129 | selected=[69, 99, 82, 43, 34, 3, 73, 4, 77, 96]
Round 129 | train_loss=0.8520 train_acc=0.7164 test_loss=1.2702 test_acc=0.5879
Round 130 | selected=[1, 38, 37, 7, 78, 21, 42, 54, 18, 99]
Round 130 | train_loss=0.9001 train_acc=0.6866 test_loss=1.0112 test_acc=0.6476
Round 131 | selected=[11, 71, 57, 27, 98, 19, 89, 30, 44, 50]
Round 131 | train_loss=0.9625 train_acc=0.6690 test_loss=1.0481 test_acc=0.6320
Round 132 | selected=[25, 57, 74, 87, 17, 99, 61, 68, 0, 12]
Round 132 | train_loss=0.8186 train_acc=0.7156 test_loss=1.0832 test_acc=0.6269
Round 133 | selected=[18, 39, 13, 63, 29, 41, 45, 17, 20, 3]
Round 133 | train_loss=0.9032 train_acc=0.6872 test_loss=0.9999 test_acc=0.6530
Round 134 | selected=[93, 62, 95, 33, 77, 1, 67, 73, 35, 43]
Round 134 | train_loss=0.8919 train_acc=0.6890 test_loss=1.0434 test_acc=0.6432
Round 135 | selected=[57, 38, 58, 16, 23, 7, 70, 76, 5, 4]
Round 135 | train_loss=0.8496 train_acc=0.7084 test_loss=0.9440 test_acc=0.6623
Round 136 | selected=[20, 8, 56, 19, 18, 47, 61, 66, 84, 62]
Round 136 | train_loss=0.8913 train_acc=0.6862 test_loss=0.9295 test_acc=0.6676
Round 137 | selected=[45, 3, 78, 20, 36, 51, 98, 89, 41, 29]
Round 137 | train_loss=0.8697 train_acc=0.6964 test_loss=0.9194 test_acc=0.6751
Round 138 | selected=[37, 71, 8, 7, 28, 96, 38, 22, 94, 60]
Round 138 | train_loss=0.7513 train_acc=0.7420 test_loss=0.9422 test_acc=0.6679
Round 139 | selected=[42, 47, 54, 72, 48, 60, 12, 79, 87, 86]
Round 139 | train_loss=0.8400 train_acc=0.7080 test_loss=0.9053 test_acc=0.6787
Round 140 | selected=[75, 11, 90, 15, 6, 58, 63, 8, 25, 84]
Round 140 | train_loss=0.8668 train_acc=0.6876 test_loss=0.9933 test_acc=0.6584
Round 141 | selected=[62, 37, 94, 51, 95, 0, 82, 29, 74, 83]
Round 141 | train_loss=0.7892 train_acc=0.7298 test_loss=1.0949 test_acc=0.6107
Round 142 | selected=[47, 95, 64, 30, 55, 32, 24, 71, 73, 90]
Round 142 | train_loss=0.8125 train_acc=0.7258 test_loss=0.8636 test_acc=0.6875
Round 143 | selected=[37, 12, 10, 30, 20, 38, 66, 34, 0, 50]
Round 143 | train_loss=0.7605 train_acc=0.7364 test_loss=0.9173 test_acc=0.6862
Round 144 | selected=[17, 26, 43, 32, 49, 95, 66, 2, 5, 83]
Round 144 | train_loss=0.8486 train_acc=0.7106 test_loss=0.8542 test_acc=0.6985
Round 145 | selected=[3, 94, 98, 88, 50, 54, 40, 38, 80, 49]
Round 145 | train_loss=0.7495 train_acc=0.7414 test_loss=0.9503 test_acc=0.6637
Round 146 | selected=[75, 36, 71, 76, 48, 3, 57, 14, 27, 74]
Round 146 | train_loss=0.8315 train_acc=0.7042 test_loss=0.9244 test_acc=0.6796
Round 147 | selected=[31, 9, 45, 81, 14, 95, 62, 5, 69, 34]
Round 147 | train_loss=0.8126 train_acc=0.7252 test_loss=0.8621 test_acc=0.6982
Round 148 | selected=[50, 74, 99, 1, 20, 70, 58, 59, 83, 80]
Round 148 | train_loss=0.7125 train_acc=0.7572 test_loss=1.0934 test_acc=0.6263
Round 149 | selected=[46, 79, 54, 41, 43, 83, 40, 50, 1, 18]
Round 149 | train_loss=0.8403 train_acc=0.7014 test_loss=0.9664 test_acc=0.6712
Round 150 | selected=[70, 53, 4, 36, 68, 28, 16, 47, 17, 38]
Round 150 | train_loss=0.7105 train_acc=0.7594 test_loss=1.2558 test_acc=0.6106
Round 151 | selected=[24, 79, 58, 50, 38, 45, 59, 9, 27, 7]
Round 151 | train_loss=0.6791 train_acc=0.7676 test_loss=1.0632 test_acc=0.6614
Round 152 | selected=[95, 74, 41, 81, 55, 22, 62, 25, 17, 34]
Round 152 | train_loss=0.7493 train_acc=0.7380 test_loss=1.0699 test_acc=0.6577
Round 153 | selected=[28, 98, 99, 27, 65, 71, 17, 95, 6, 46]
Round 153 | train_loss=0.7299 train_acc=0.7516 test_loss=0.8591 test_acc=0.7123
Round 154 | selected=[13, 56, 26, 83, 48, 65, 12, 14, 32, 41]
Round 154 | train_loss=0.7012 train_acc=0.7624 test_loss=0.9472 test_acc=0.6501
Round 155 | selected=[5, 74, 68, 19, 71, 80, 69, 11, 96, 90]
Round 155 | train_loss=0.7809 train_acc=0.7170 test_loss=0.8382 test_acc=0.6924
Round 156 | selected=[58, 94, 30, 45, 14, 50, 66, 84, 85, 57]
Round 156 | train_loss=0.7276 train_acc=0.7412 test_loss=0.7469 test_acc=0.7377
Round 157 | selected=[78, 23, 56, 99, 68, 17, 58, 76, 7, 74]
Round 157 | train_loss=0.7038 train_acc=0.7530 test_loss=0.8846 test_acc=0.7029
Round 158 | selected=[0, 12, 93, 19, 41, 28, 86, 31, 96, 54]
Round 158 | train_loss=0.7643 train_acc=0.7384 test_loss=0.9293 test_acc=0.6960
Round 159 | selected=[85, 14, 35, 56, 59, 94, 9, 43, 72, 89]
Round 159 | train_loss=0.7243 train_acc=0.7508 test_loss=0.9181 test_acc=0.6849
Round 160 | selected=[13, 59, 24, 85, 19, 32, 3, 79, 25, 68]
Round 160 | train_loss=0.7303 train_acc=0.7424 test_loss=1.0244 test_acc=0.6530
Round 161 | selected=[6, 97, 95, 9, 96, 5, 81, 65, 42, 43]
Round 161 | train_loss=0.7323 train_acc=0.7448 test_loss=0.9317 test_acc=0.6777
Round 162 | selected=[18, 6, 24, 95, 26, 58, 19, 46, 44, 41]
Round 162 | train_loss=0.7382 train_acc=0.7332 test_loss=0.8591 test_acc=0.6924
Round 163 | selected=[84, 5, 85, 80, 3, 21, 92, 75, 76, 98]
Round 163 | train_loss=0.7880 train_acc=0.7178 test_loss=0.9892 test_acc=0.6754
Round 164 | selected=[26, 17, 54, 89, 51, 44, 23, 73, 82, 24]
Round 164 | train_loss=0.6686 train_acc=0.7804 test_loss=0.9511 test_acc=0.6843
Round 165 | selected=[33, 12, 19, 10, 1, 27, 96, 17, 25, 97]
Round 165 | train_loss=0.7125 train_acc=0.7590 test_loss=1.0380 test_acc=0.6668
Round 166 | selected=[68, 62, 0, 59, 86, 63, 94, 33, 67, 10]
Round 166 | train_loss=0.7391 train_acc=0.7476 test_loss=1.0113 test_acc=0.6477
Round 167 | selected=[61, 64, 89, 30, 19, 44, 2, 97, 15, 37]
Round 167 | train_loss=0.7072 train_acc=0.7490 test_loss=0.8920 test_acc=0.6909
Round 168 | selected=[11, 52, 21, 99, 83, 30, 62, 61, 10, 74]
Round 168 | train_loss=0.7518 train_acc=0.7412 test_loss=0.9888 test_acc=0.6690
Round 169 | selected=[74, 1, 75, 34, 21, 9, 6, 85, 65, 13]
Round 169 | train_loss=0.7220 train_acc=0.7514 test_loss=0.9626 test_acc=0.6839
Round 170 | selected=[35, 86, 45, 12, 49, 13, 10, 43, 32, 88]
Round 170 | train_loss=0.6868 train_acc=0.7646 test_loss=0.8824 test_acc=0.7059
Round 171 | selected=[89, 42, 46, 19, 77, 59, 44, 17, 71, 6]
Round 171 | train_loss=0.6616 train_acc=0.7692 test_loss=0.8561 test_acc=0.7050
Round 172 | selected=[35, 65, 4, 72, 29, 46, 44, 56, 61, 87]
Round 172 | train_loss=0.6955 train_acc=0.7588 test_loss=0.8005 test_acc=0.7182
Round 173 | selected=[67, 56, 34, 48, 77, 44, 16, 1, 83, 19]
Round 173 | train_loss=0.6434 train_acc=0.7682 test_loss=0.8233 test_acc=0.7138
Round 174 | selected=[41, 30, 8, 94, 74, 96, 90, 79, 61, 15]
Round 174 | train_loss=0.6685 train_acc=0.7636 test_loss=0.8507 test_acc=0.7020
Round 175 | selected=[90, 45, 16, 55, 47, 69, 9, 80, 76, 62]
Round 175 | train_loss=0.7255 train_acc=0.7416 test_loss=0.8624 test_acc=0.7051
Round 176 | selected=[68, 7, 87, 9, 48, 37, 90, 12, 67, 32]
Round 176 | train_loss=0.6358 train_acc=0.7816 test_loss=0.8728 test_acc=0.7189
Round 177 | selected=[99, 89, 94, 88, 25, 84, 97, 2, 15, 74]
Round 177 | train_loss=0.6702 train_acc=0.7668 test_loss=0.9142 test_acc=0.6999
Round 178 | selected=[93, 26, 75, 83, 25, 50, 65, 1, 96, 22]
Round 178 | train_loss=0.6616 train_acc=0.7746 test_loss=0.7467 test_acc=0.7485
Round 179 | selected=[24, 18, 13, 21, 55, 11, 73, 30, 10, 16]
Round 179 | train_loss=0.6872 train_acc=0.7630 test_loss=0.8143 test_acc=0.7170
Round 180 | selected=[88, 6, 34, 3, 1, 58, 21, 42, 47, 81]
Round 180 | train_loss=0.6471 train_acc=0.7788 test_loss=1.0283 test_acc=0.6521
Round 181 | selected=[51, 56, 29, 6, 20, 64, 75, 30, 16, 94]
Round 181 | train_loss=0.6652 train_acc=0.7664 test_loss=0.7780 test_acc=0.7290
Round 182 | selected=[1, 25, 75, 80, 95, 72, 43, 11, 24, 99]
Round 182 | train_loss=0.6350 train_acc=0.7778 test_loss=0.6624 test_acc=0.7682
Round 183 | selected=[63, 11, 60, 61, 95, 8, 32, 94, 55, 24]
Round 183 | train_loss=0.6160 train_acc=0.7902 test_loss=0.9500 test_acc=0.6934
Round 184 | selected=[39, 8, 43, 50, 12, 22, 23, 52, 75, 25]
Round 184 | train_loss=0.6058 train_acc=0.7836 test_loss=0.8494 test_acc=0.7167
Round 185 | selected=[71, 46, 83, 90, 55, 24, 8, 30, 87, 63]
Round 185 | train_loss=0.6074 train_acc=0.7896 test_loss=0.7126 test_acc=0.7581
Round 186 | selected=[67, 66, 36, 50, 78, 90, 99, 44, 33, 37]
Round 186 | train_loss=0.5723 train_acc=0.8034 test_loss=0.7921 test_acc=0.7395
Round 187 | selected=[53, 45, 0, 89, 5, 68, 18, 92, 54, 74]
Round 187 | train_loss=0.6049 train_acc=0.7908 test_loss=0.7560 test_acc=0.7423
Round 188 | selected=[7, 80, 22, 17, 66, 79, 87, 63, 33, 64]
Round 188 | train_loss=0.5422 train_acc=0.8174 test_loss=0.8139 test_acc=0.7217
Round 189 | selected=[39, 59, 66, 51, 90, 86, 31, 81, 26, 6]
Round 189 | train_loss=0.6555 train_acc=0.7782 test_loss=0.7030 test_acc=0.7594
Round 190 | selected=[97, 30, 67, 35, 51, 96, 80, 81, 44, 71]
Round 190 | train_loss=0.5714 train_acc=0.8052 test_loss=0.7982 test_acc=0.7249
Round 191 | selected=[49, 54, 28, 75, 89, 61, 77, 43, 0, 53]
Round 191 | train_loss=0.6198 train_acc=0.7788 test_loss=0.6701 test_acc=0.7621
Round 192 | selected=[48, 60, 6, 66, 29, 63, 77, 55, 2, 82]
Round 192 | train_loss=0.5484 train_acc=0.8180 test_loss=0.6610 test_acc=0.7708
Round 193 | selected=[56, 48, 24, 58, 97, 75, 60, 31, 68, 63]
Round 193 | train_loss=0.5623 train_acc=0.8160 test_loss=0.6248 test_acc=0.7882
Round 194 | selected=[67, 61, 34, 64, 91, 3, 99, 80, 32, 26]
Round 194 | train_loss=0.5099 train_acc=0.8302 test_loss=0.6684 test_acc=0.7747
Round 195 | selected=[36, 3, 1, 7, 60, 11, 19, 23, 9, 57]
Round 195 | train_loss=0.6386 train_acc=0.7826 test_loss=0.6321 test_acc=0.7780
Round 196 | selected=[63, 0, 41, 36, 78, 85, 19, 49, 13, 55]
Round 196 | train_loss=0.5631 train_acc=0.8038 test_loss=0.9674 test_acc=0.6808
Round 197 | selected=[39, 25, 22, 27, 14, 99, 73, 93, 96, 88]
Round 197 | train_loss=0.6104 train_acc=0.7926 test_loss=0.6700 test_acc=0.7632
Round 198 | selected=[42, 89, 50, 4, 56, 86, 2, 19, 67, 10]
Round 198 | train_loss=0.5484 train_acc=0.8130 test_loss=0.9481 test_acc=0.6973
Round 199 | selected=[72, 81, 34, 35, 50, 49, 55, 67, 69, 28]
Round 199 | train_loss=0.5774 train_acc=0.8070 test_loss=0.8772 test_acc=0.7175
Round 200 | selected=[65, 93, 92, 19, 98, 27, 43, 59, 56, 62]
Round 200 | train_loss=0.6168 train_acc=0.7864 test_loss=0.8586 test_acc=0.7209
Round 201 | selected=[48, 14, 1, 11, 26, 68, 8, 52, 32, 66]
Round 201 | train_loss=0.5634 train_acc=0.8048 test_loss=0.8571 test_acc=0.7220
Round 202 | selected=[22, 4, 74, 1, 76, 12, 68, 81, 5, 98]
Round 202 | train_loss=0.6046 train_acc=0.7968 test_loss=0.7773 test_acc=0.7447
Round 203 | selected=[9, 18, 69, 47, 74, 0, 88, 71, 75, 34]
Round 203 | train_loss=0.5533 train_acc=0.8058 test_loss=0.9005 test_acc=0.7067
Round 204 | selected=[45, 67, 86, 7, 8, 65, 36, 9, 46, 11]
Round 204 | train_loss=0.5778 train_acc=0.8048 test_loss=0.6878 test_acc=0.7639
Round 205 | selected=[53, 57, 76, 29, 13, 84, 98, 10, 38, 18]
Round 205 | train_loss=0.6244 train_acc=0.7800 test_loss=0.8379 test_acc=0.7241
Round 206 | selected=[59, 89, 44, 39, 58, 94, 2, 26, 81, 87]
Round 206 | train_loss=0.5762 train_acc=0.8056 test_loss=0.7718 test_acc=0.7469
Round 207 | selected=[72, 57, 60, 22, 47, 69, 21, 61, 46, 35]
Round 207 | train_loss=0.5639 train_acc=0.8140 test_loss=0.6080 test_acc=0.7898
Round 208 | selected=[86, 88, 12, 90, 15, 13, 10, 5, 54, 29]
Round 208 | train_loss=0.5402 train_acc=0.8192 test_loss=0.7868 test_acc=0.7311
Round 209 | selected=[42, 19, 53, 43, 77, 70, 7, 94, 87, 15]
Round 209 | train_loss=0.5571 train_acc=0.8078 test_loss=0.6893 test_acc=0.7694
Round 210 | selected=[30, 7, 46, 85, 87, 40, 63, 12, 15, 16]
Round 210 | train_loss=0.5515 train_acc=0.8136 test_loss=0.7201 test_acc=0.7552
Round 211 | selected=[3, 5, 70, 7, 60, 24, 51, 4, 35, 21]
Round 211 | train_loss=0.5441 train_acc=0.8068 test_loss=0.6943 test_acc=0.7625
Round 212 | selected=[0, 36, 46, 44, 88, 11, 83, 15, 77, 50]
Round 212 | train_loss=0.5166 train_acc=0.8262 test_loss=0.6336 test_acc=0.7813
Round 213 | selected=[42, 58, 19, 39, 49, 53, 83, 23, 25, 7]
Round 213 | train_loss=0.5294 train_acc=0.8178 test_loss=0.6056 test_acc=0.7909
Round 214 | selected=[36, 55, 29, 12, 88, 44, 63, 57, 69, 50]
Round 214 | train_loss=0.5070 train_acc=0.8284 test_loss=0.6701 test_acc=0.7736
Round 215 | selected=[63, 89, 71, 37, 59, 88, 69, 93, 95, 72]
Round 215 | train_loss=0.4752 train_acc=0.8398 test_loss=0.6068 test_acc=0.7947
Round 216 | selected=[28, 18, 95, 50, 14, 17, 24, 92, 73, 49]
Round 216 | train_loss=0.5024 train_acc=0.8284 test_loss=0.6343 test_acc=0.7900
Round 217 | selected=[69, 46, 18, 26, 39, 6, 70, 22, 83, 11]
Round 217 | train_loss=0.5378 train_acc=0.8138 test_loss=0.6441 test_acc=0.7838
Round 218 | selected=[59, 16, 4, 83, 18, 63, 36, 11, 1, 85]
Round 218 | train_loss=0.5218 train_acc=0.8114 test_loss=0.5670 test_acc=0.8062
Round 219 | selected=[3, 63, 98, 99, 81, 93, 74, 25, 47, 28]
Round 219 | train_loss=0.4805 train_acc=0.8384 test_loss=0.6752 test_acc=0.7657
Round 220 | selected=[92, 14, 37, 19, 8, 36, 9, 65, 58, 10]
Round 220 | train_loss=0.4697 train_acc=0.8380 test_loss=0.7730 test_acc=0.7514
Round 221 | selected=[54, 60, 8, 71, 75, 43, 19, 81, 64, 58]
Round 221 | train_loss=0.4988 train_acc=0.8250 test_loss=0.6357 test_acc=0.7840
Round 222 | selected=[11, 84, 10, 39, 0, 36, 58, 92, 77, 66]
Round 222 | train_loss=0.5003 train_acc=0.8278 test_loss=0.7011 test_acc=0.7556
Round 223 | selected=[51, 75, 84, 87, 77, 31, 54, 38, 15, 29]
Round 223 | train_loss=0.4751 train_acc=0.8422 test_loss=0.8388 test_acc=0.7240
Round 224 | selected=[42, 54, 89, 3, 32, 49, 12, 61, 82, 68]
Round 224 | train_loss=0.5352 train_acc=0.8202 test_loss=0.7928 test_acc=0.7521
Round 225 | selected=[26, 79, 18, 19, 38, 89, 53, 86, 29, 51]
Round 225 | train_loss=0.4733 train_acc=0.8366 test_loss=0.8765 test_acc=0.7220
Round 226 | selected=[51, 18, 99, 33, 28, 72, 34, 27, 26, 75]
Round 226 | train_loss=0.4710 train_acc=0.8400 test_loss=0.7308 test_acc=0.7625
Round 227 | selected=[24, 37, 5, 23, 38, 6, 78, 80, 66, 0]
Round 227 | train_loss=0.4888 train_acc=0.8376 test_loss=0.7632 test_acc=0.7393
Round 228 | selected=[72, 37, 51, 6, 63, 90, 49, 22, 56, 92]
Round 228 | train_loss=0.4478 train_acc=0.8498 test_loss=0.7763 test_acc=0.7372
Round 229 | selected=[27, 34, 70, 12, 99, 76, 48, 98, 26, 42]
Round 229 | train_loss=0.5669 train_acc=0.8006 test_loss=0.6486 test_acc=0.7764
Round 230 | selected=[22, 92, 19, 6, 28, 78, 98, 43, 83, 74]
Round 230 | train_loss=0.4670 train_acc=0.8336 test_loss=0.6696 test_acc=0.7690
Round 231 | selected=[71, 16, 18, 51, 63, 39, 86, 15, 25, 45]
Round 231 | train_loss=0.4839 train_acc=0.8322 test_loss=0.6169 test_acc=0.7940
Round 232 | selected=[56, 66, 7, 43, 6, 84, 24, 60, 0, 15]
Round 232 | train_loss=0.4839 train_acc=0.8306 test_loss=0.7182 test_acc=0.7677
Round 233 | selected=[51, 58, 46, 86, 28, 47, 32, 92, 64, 56]
Round 233 | train_loss=0.4533 train_acc=0.8408 test_loss=0.6481 test_acc=0.7859
Round 234 | selected=[34, 87, 21, 85, 8, 32, 43, 73, 55, 74]
Round 234 | train_loss=0.4506 train_acc=0.8446 test_loss=0.7063 test_acc=0.7656
Round 235 | selected=[63, 38, 29, 96, 51, 94, 16, 25, 30, 36]
Round 235 | train_loss=0.4546 train_acc=0.8442 test_loss=0.7342 test_acc=0.7559
Round 236 | selected=[29, 97, 82, 88, 15, 98, 0, 95, 67, 41]
Round 236 | train_loss=0.4618 train_acc=0.8418 test_loss=0.7748 test_acc=0.7349
Round 237 | selected=[2, 43, 91, 7, 80, 51, 82, 78, 92, 76]
Round 237 | train_loss=0.4819 train_acc=0.8296 test_loss=0.8284 test_acc=0.7287
Round 238 | selected=[31, 43, 0, 6, 21, 47, 57, 88, 83, 25]
Round 238 | train_loss=0.5252 train_acc=0.8130 test_loss=0.6260 test_acc=0.7925
Round 239 | selected=[82, 33, 25, 68, 10, 87, 62, 56, 81, 23]
Round 239 | train_loss=0.4065 train_acc=0.8678 test_loss=0.8048 test_acc=0.7316
Round 240 | selected=[51, 69, 73, 10, 67, 24, 50, 41, 43, 58]
Round 240 | train_loss=0.4997 train_acc=0.8214 test_loss=0.6952 test_acc=0.7695
Round 241 | selected=[4, 49, 89, 19, 29, 9, 45, 22, 0, 18]
Round 241 | train_loss=0.4770 train_acc=0.8330 test_loss=0.6365 test_acc=0.7836
Round 242 | selected=[88, 17, 67, 51, 56, 49, 59, 14, 10, 45]
Round 242 | train_loss=0.4349 train_acc=0.8522 test_loss=0.7707 test_acc=0.7405
Round 243 | selected=[75, 16, 36, 70, 17, 5, 53, 14, 47, 66]
Round 243 | train_loss=0.5108 train_acc=0.8250 test_loss=0.7367 test_acc=0.7434
Round 244 | selected=[8, 40, 45, 53, 32, 55, 25, 12, 87, 91]
Round 244 | train_loss=0.4905 train_acc=0.8264 test_loss=0.6345 test_acc=0.7751
Round 245 | selected=[56, 87, 80, 82, 68, 75, 2, 53, 64, 6]
Round 245 | train_loss=0.4034 train_acc=0.8638 test_loss=0.7378 test_acc=0.7509
Round 246 | selected=[55, 95, 57, 32, 33, 35, 96, 0, 5, 50]
Round 246 | train_loss=0.5748 train_acc=0.8042 test_loss=0.7222 test_acc=0.7478
Round 247 | selected=[89, 42, 97, 18, 61, 10, 12, 80, 77, 4]
Round 247 | train_loss=0.5425 train_acc=0.8048 test_loss=0.6727 test_acc=0.7700
Round 248 | selected=[31, 76, 62, 86, 32, 20, 71, 72, 5, 21]
Round 248 | train_loss=0.5402 train_acc=0.8176 test_loss=0.7352 test_acc=0.7461
Round 249 | selected=[27, 75, 3, 19, 92, 94, 41, 7, 24, 32]
Round 249 | train_loss=0.4956 train_acc=0.8220 test_loss=0.6196 test_acc=0.7819
Round 250 | selected=[87, 36, 46, 53, 56, 34, 17, 33, 25, 49]
Round 250 | train_loss=0.4178 train_acc=0.8598 test_loss=0.8105 test_acc=0.7408
Round 251 | selected=[5, 53, 59, 49, 78, 71, 4, 70, 66, 76]
Round 251 | train_loss=0.5303 train_acc=0.8174 test_loss=0.6315 test_acc=0.7798
Round 252 | selected=[77, 33, 1, 71, 67, 70, 22, 75, 27, 48]
Round 252 | train_loss=0.4256 train_acc=0.8506 test_loss=0.7004 test_acc=0.7619
Round 253 | selected=[32, 63, 85, 55, 47, 93, 15, 46, 2, 13]
Round 253 | train_loss=0.4795 train_acc=0.8362 test_loss=0.6575 test_acc=0.7771
Round 254 | selected=[35, 38, 68, 58, 91, 59, 82, 69, 75, 81]
Round 254 | train_loss=0.4106 train_acc=0.8564 test_loss=0.5950 test_acc=0.7980
Round 255 | selected=[37, 30, 71, 7, 40, 60, 64, 74, 72, 79]
Round 255 | train_loss=0.4067 train_acc=0.8638 test_loss=0.6622 test_acc=0.7834
Round 256 | selected=[91, 66, 73, 33, 84, 22, 99, 32, 75, 1]
Round 256 | train_loss=0.4279 train_acc=0.8542 test_loss=0.6446 test_acc=0.7887
Round 257 | selected=[23, 36, 53, 18, 33, 70, 9, 80, 96, 20]
Round 257 | train_loss=0.4161 train_acc=0.8584 test_loss=0.7301 test_acc=0.7592
Round 258 | selected=[33, 47, 48, 59, 76, 8, 17, 45, 81, 23]
Round 258 | train_loss=0.4212 train_acc=0.8552 test_loss=0.6207 test_acc=0.7918
Round 259 | selected=[95, 97, 84, 45, 26, 53, 65, 92, 5, 60]
Round 259 | train_loss=0.4294 train_acc=0.8568 test_loss=0.6491 test_acc=0.7785
Round 260 | selected=[46, 69, 36, 77, 30, 71, 72, 81, 43, 27]
Round 260 | train_loss=0.4670 train_acc=0.8348 test_loss=0.6256 test_acc=0.7853
Round 261 | selected=[0, 18, 32, 17, 80, 3, 23, 58, 73, 19]
Round 261 | train_loss=0.4439 train_acc=0.8434 test_loss=0.5324 test_acc=0.8157
Round 262 | selected=[80, 30, 37, 28, 68, 96, 18, 57, 97, 27]
Round 262 | train_loss=0.4203 train_acc=0.8570 test_loss=0.6886 test_acc=0.7615
Round 263 | selected=[3, 46, 10, 17, 24, 66, 75, 36, 62, 14]
Round 263 | train_loss=0.4501 train_acc=0.8386 test_loss=0.6182 test_acc=0.7820
Round 264 | selected=[11, 56, 23, 12, 73, 55, 41, 75, 92, 64]
Round 264 | train_loss=0.3899 train_acc=0.8654 test_loss=0.5959 test_acc=0.7977
Round 265 | selected=[19, 93, 29, 59, 50, 24, 96, 75, 16, 23]
Round 265 | train_loss=0.3981 train_acc=0.8582 test_loss=0.5519 test_acc=0.8118
Round 266 | selected=[66, 62, 0, 92, 56, 22, 67, 91, 88, 34]
Round 266 | train_loss=0.4016 train_acc=0.8670 test_loss=0.6163 test_acc=0.7915
Round 267 | selected=[40, 31, 96, 76, 72, 0, 54, 69, 52, 29]
Round 267 | train_loss=0.4286 train_acc=0.8584 test_loss=0.5946 test_acc=0.7992
Round 268 | selected=[25, 58, 64, 4, 97, 83, 17, 78, 50, 77]
Round 268 | train_loss=0.4059 train_acc=0.8632 test_loss=0.5287 test_acc=0.8172
Round 269 | selected=[20, 30, 81, 11, 76, 77, 49, 88, 75, 23]
Round 269 | train_loss=0.3946 train_acc=0.8642 test_loss=0.6322 test_acc=0.7901
Round 270 | selected=[81, 92, 39, 1, 62, 28, 19, 91, 80, 69]
Round 270 | train_loss=0.4193 train_acc=0.8556 test_loss=0.6012 test_acc=0.7967
Round 271 | selected=[61, 17, 39, 59, 67, 57, 81, 66, 29, 28]
Round 271 | train_loss=0.4004 train_acc=0.8592 test_loss=0.8210 test_acc=0.7451
Round 272 | selected=[63, 42, 80, 78, 36, 83, 17, 84, 43, 93]
Round 272 | train_loss=0.4367 train_acc=0.8496 test_loss=0.6226 test_acc=0.7964
Round 273 | selected=[16, 69, 98, 24, 35, 13, 56, 10, 55, 65]
Round 273 | train_loss=0.4195 train_acc=0.8534 test_loss=0.6455 test_acc=0.7787
Round 274 | selected=[35, 86, 50, 82, 5, 47, 63, 91, 11, 19]
Round 274 | train_loss=0.3799 train_acc=0.8664 test_loss=0.6284 test_acc=0.7890
Round 275 | selected=[2, 12, 33, 17, 1, 62, 47, 6, 58, 91]
Round 275 | train_loss=0.3547 train_acc=0.8784 test_loss=0.5924 test_acc=0.8019
Round 276 | selected=[86, 31, 87, 77, 78, 83, 14, 91, 62, 38]
Round 276 | train_loss=0.3669 train_acc=0.8732 test_loss=0.5620 test_acc=0.8056
Round 277 | selected=[6, 13, 27, 15, 78, 16, 89, 21, 69, 68]
Round 277 | train_loss=0.4161 train_acc=0.8554 test_loss=0.5110 test_acc=0.8250
Round 278 | selected=[30, 68, 21, 98, 81, 52, 61, 78, 95, 48]
Round 278 | train_loss=0.4116 train_acc=0.8594 test_loss=0.5662 test_acc=0.8036
Round 279 | selected=[67, 93, 74, 79, 3, 89, 17, 33, 85, 70]
Round 279 | train_loss=0.3766 train_acc=0.8694 test_loss=0.6019 test_acc=0.7980
Round 280 | selected=[82, 22, 0, 83, 76, 52, 53, 27, 69, 65]
Round 280 | train_loss=0.3637 train_acc=0.8714 test_loss=0.6238 test_acc=0.7967
Round 281 | selected=[42, 73, 78, 93, 48, 84, 26, 19, 17, 7]
Round 281 | train_loss=0.4303 train_acc=0.8554 test_loss=0.5658 test_acc=0.8107
Round 282 | selected=[16, 0, 87, 31, 62, 74, 50, 48, 10, 54]
Round 282 | train_loss=0.3729 train_acc=0.8750 test_loss=0.6885 test_acc=0.7594
Round 283 | selected=[31, 89, 64, 51, 1, 68, 61, 23, 91, 2]
Round 283 | train_loss=0.3945 train_acc=0.8620 test_loss=0.6254 test_acc=0.7865
Round 284 | selected=[29, 54, 23, 66, 36, 20, 24, 63, 47, 95]
Round 284 | train_loss=0.3644 train_acc=0.8774 test_loss=0.6051 test_acc=0.8000
Round 285 | selected=[19, 33, 55, 93, 21, 39, 59, 4, 84, 29]
Round 285 | train_loss=0.4207 train_acc=0.8544 test_loss=0.6054 test_acc=0.7958
Round 286 | selected=[27, 98, 60, 85, 11, 62, 44, 65, 22, 36]
Round 286 | train_loss=0.3999 train_acc=0.8610 test_loss=0.5938 test_acc=0.7937
Round 287 | selected=[1, 90, 38, 54, 53, 4, 42, 60, 6, 30]
Round 287 | train_loss=0.4632 train_acc=0.8342 test_loss=0.5406 test_acc=0.8193
Round 288 | selected=[97, 71, 60, 27, 90, 22, 58, 0, 3, 11]
Round 288 | train_loss=0.3813 train_acc=0.8702 test_loss=0.7117 test_acc=0.7735
Round 289 | selected=[1, 14, 13, 85, 0, 64, 95, 61, 19, 84]
Round 289 | train_loss=0.4511 train_acc=0.8392 test_loss=0.5318 test_acc=0.8147
Round 290 | selected=[84, 79, 54, 32, 2, 86, 67, 56, 19, 39]
Round 290 | train_loss=0.3843 train_acc=0.8666 test_loss=0.5809 test_acc=0.8053
Round 291 | selected=[72, 98, 30, 21, 75, 54, 77, 79, 32, 45]
Round 291 | train_loss=0.3710 train_acc=0.8786 test_loss=0.7827 test_acc=0.7450
Round 292 | selected=[9, 88, 5, 27, 42, 69, 70, 10, 31, 7]
Round 292 | train_loss=0.4473 train_acc=0.8434 test_loss=0.5822 test_acc=0.7951
Round 293 | selected=[61, 97, 34, 23, 62, 20, 42, 41, 72, 51]
Round 293 | train_loss=0.3897 train_acc=0.8694 test_loss=0.6833 test_acc=0.7789
Round 294 | selected=[25, 34, 3, 1, 19, 97, 84, 65, 90, 58]
Round 294 | train_loss=0.3498 train_acc=0.8780 test_loss=0.6420 test_acc=0.7876
Round 295 | selected=[97, 83, 12, 47, 82, 49, 58, 34, 37, 94]
Round 295 | train_loss=0.3466 train_acc=0.8802 test_loss=0.6170 test_acc=0.7931
Round 296 | selected=[79, 20, 3, 49, 4, 82, 75, 83, 57, 64]
Round 296 | train_loss=0.3833 train_acc=0.8626 test_loss=0.5765 test_acc=0.8021
Round 297 | selected=[26, 85, 13, 95, 36, 96, 12, 70, 91, 24]
Round 297 | train_loss=0.4032 train_acc=0.8514 test_loss=0.5652 test_acc=0.8168
Round 298 | selected=[25, 99, 43, 49, 78, 12, 51, 18, 75, 8]
Round 298 | train_loss=0.3951 train_acc=0.8612 test_loss=0.8359 test_acc=0.7512
Round 299 | selected=[97, 28, 49, 67, 30, 54, 16, 21, 33, 76]
Round 299 | train_loss=0.3916 train_acc=0.8646 test_loss=0.6122 test_acc=0.7936
Round 300 | selected=[13, 65, 5, 92, 95, 60, 26, 39, 78, 66]
Round 300 | train_loss=0.3806 train_acc=0.8628 test_loss=0.4766 test_acc=0.8414
Round 301 | selected=[9, 7, 93, 98, 56, 68, 45, 54, 61, 55]
Round 301 | train_loss=0.3566 train_acc=0.8776 test_loss=0.5620 test_acc=0.8050
Round 302 | selected=[70, 15, 24, 86, 52, 20, 89, 39, 26, 29]
Round 302 | train_loss=0.3653 train_acc=0.8734 test_loss=0.6619 test_acc=0.7855
Round 303 | selected=[88, 70, 93, 14, 40, 54, 38, 11, 83, 68]
Round 303 | train_loss=0.3845 train_acc=0.8730 test_loss=0.5531 test_acc=0.8149
Round 304 | selected=[32, 7, 18, 89, 71, 28, 47, 27, 8, 11]
Round 304 | train_loss=0.3957 train_acc=0.8602 test_loss=0.5588 test_acc=0.8067
Round 305 | selected=[45, 20, 3, 79, 63, 59, 56, 57, 16, 51]
Round 305 | train_loss=0.3607 train_acc=0.8784 test_loss=0.6888 test_acc=0.7654
Round 306 | selected=[64, 86, 36, 51, 71, 58, 67, 68, 83, 11]
Round 306 | train_loss=0.3765 train_acc=0.8698 test_loss=0.5158 test_acc=0.8296
Round 307 | selected=[15, 75, 99, 73, 85, 98, 49, 83, 93, 23]
Round 307 | train_loss=0.3452 train_acc=0.8786 test_loss=0.5497 test_acc=0.8227
Round 308 | selected=[69, 28, 30, 84, 15, 86, 87, 7, 36, 59]
Round 308 | train_loss=0.3566 train_acc=0.8796 test_loss=0.5451 test_acc=0.8151
Round 309 | selected=[16, 19, 85, 9, 34, 64, 66, 25, 35, 86]
Round 309 | train_loss=0.3622 train_acc=0.8730 test_loss=0.4863 test_acc=0.8291
Round 310 | selected=[93, 20, 90, 69, 28, 18, 52, 15, 19, 3]
Round 310 | train_loss=0.3228 train_acc=0.8870 test_loss=0.5271 test_acc=0.8202
Round 311 | selected=[34, 77, 19, 88, 85, 9, 45, 5, 20, 39]
Round 311 | train_loss=0.2911 train_acc=0.9030 test_loss=0.5576 test_acc=0.8166
Round 312 | selected=[5, 14, 60, 30, 49, 71, 87, 35, 39, 80]
Round 312 | train_loss=0.3560 train_acc=0.8772 test_loss=0.4728 test_acc=0.8433
Round 313 | selected=[63, 69, 41, 25, 81, 3, 68, 49, 34, 89]
Round 313 | train_loss=0.2897 train_acc=0.9004 test_loss=0.5017 test_acc=0.8327
Round 314 | selected=[82, 39, 65, 22, 38, 51, 36, 50, 10, 75]
Round 314 | train_loss=0.2619 train_acc=0.9152 test_loss=0.5062 test_acc=0.8319
Round 315 | selected=[63, 38, 85, 47, 55, 86, 4, 44, 76, 36]
Round 315 | train_loss=0.3445 train_acc=0.8842 test_loss=0.5143 test_acc=0.8255
Round 316 | selected=[67, 32, 53, 11, 61, 28, 62, 44, 98, 43]
Round 316 | train_loss=0.3520 train_acc=0.8742 test_loss=0.6539 test_acc=0.7854
Round 317 | selected=[54, 42, 31, 56, 37, 38, 4, 26, 55, 47]
Round 317 | train_loss=0.3200 train_acc=0.8930 test_loss=0.4977 test_acc=0.8308
Round 318 | selected=[77, 24, 38, 71, 6, 43, 79, 12, 84, 69]
Round 318 | train_loss=0.2943 train_acc=0.9028 test_loss=0.4923 test_acc=0.8382
Round 319 | selected=[22, 47, 46, 87, 35, 90, 2, 33, 53, 99]
Round 319 | train_loss=0.3248 train_acc=0.8898 test_loss=0.5327 test_acc=0.8258
Round 320 | selected=[94, 86, 38, 85, 83, 29, 68, 97, 92, 55]
Round 320 | train_loss=0.3065 train_acc=0.8948 test_loss=0.5071 test_acc=0.8317
Round 321 | selected=[33, 52, 40, 54, 43, 85, 97, 59, 83, 71]
Round 321 | train_loss=0.2945 train_acc=0.9050 test_loss=0.5415 test_acc=0.8208
Round 322 | selected=[39, 18, 9, 77, 71, 38, 99, 74, 25, 52]
Round 322 | train_loss=0.3011 train_acc=0.8964 test_loss=0.4883 test_acc=0.8393
Round 323 | selected=[85, 22, 13, 49, 88, 7, 98, 16, 56, 24]
Round 323 | train_loss=0.2951 train_acc=0.8964 test_loss=0.4776 test_acc=0.8433
Round 324 | selected=[43, 83, 24, 21, 97, 76, 30, 84, 75, 82]
Round 324 | train_loss=0.3300 train_acc=0.8842 test_loss=0.5084 test_acc=0.8241
Round 325 | selected=[69, 34, 42, 37, 92, 81, 17, 60, 88, 16]
Round 325 | train_loss=0.3186 train_acc=0.8876 test_loss=0.5637 test_acc=0.8088
Round 326 | selected=[27, 7, 8, 71, 40, 1, 86, 12, 4, 44]
Round 326 | train_loss=0.3272 train_acc=0.8836 test_loss=0.6048 test_acc=0.8081
Round 327 | selected=[85, 99, 68, 3, 9, 72, 57, 36, 82, 47]
Round 327 | train_loss=0.2648 train_acc=0.9084 test_loss=0.5551 test_acc=0.8228
Round 328 | selected=[87, 32, 37, 52, 27, 54, 45, 80, 57, 73]
Round 328 | train_loss=0.3040 train_acc=0.8954 test_loss=0.5128 test_acc=0.8315
Round 329 | selected=[73, 13, 77, 46, 64, 91, 33, 36, 62, 15]
Round 329 | train_loss=0.2742 train_acc=0.9078 test_loss=0.5533 test_acc=0.8220
Round 330 | selected=[3, 79, 26, 43, 96, 6, 54, 45, 85, 59]
Round 330 | train_loss=0.3043 train_acc=0.8948 test_loss=0.4840 test_acc=0.8353
Round 331 | selected=[0, 29, 41, 44, 7, 51, 23, 84, 33, 43]
Round 331 | train_loss=0.2933 train_acc=0.8950 test_loss=0.4652 test_acc=0.8444
Round 332 | selected=[7, 27, 68, 57, 83, 43, 42, 25, 3, 17]
Round 332 | train_loss=0.2842 train_acc=0.8990 test_loss=0.6403 test_acc=0.7977
Round 333 | selected=[73, 8, 34, 79, 81, 70, 94, 5, 74, 98]
Round 333 | train_loss=0.3319 train_acc=0.8848 test_loss=0.4693 test_acc=0.8381
Round 334 | selected=[16, 75, 82, 12, 48, 57, 97, 34, 24, 36]
Round 334 | train_loss=0.2574 train_acc=0.9072 test_loss=0.4703 test_acc=0.8398
Round 335 | selected=[61, 68, 64, 45, 47, 90, 74, 31, 93, 16]
Round 335 | train_loss=0.2833 train_acc=0.9030 test_loss=0.4999 test_acc=0.8329
Round 336 | selected=[43, 53, 1, 92, 73, 15, 94, 87, 52, 41]
Round 336 | train_loss=0.3116 train_acc=0.8938 test_loss=0.5248 test_acc=0.8269
Round 337 | selected=[34, 58, 25, 90, 72, 1, 88, 28, 52, 96]
Round 337 | train_loss=0.2823 train_acc=0.9024 test_loss=0.5251 test_acc=0.8265
Round 338 | selected=[67, 52, 69, 46, 25, 55, 29, 68, 56, 64]
Round 338 | train_loss=0.2542 train_acc=0.9188 test_loss=0.5028 test_acc=0.8366
Round 339 | selected=[82, 52, 80, 63, 25, 12, 21, 73, 6, 33]
Round 339 | train_loss=0.2502 train_acc=0.9146 test_loss=0.5353 test_acc=0.8259
Round 340 | selected=[6, 82, 4, 28, 13, 10, 23, 5, 63, 55]
Round 340 | train_loss=0.2811 train_acc=0.9060 test_loss=0.6152 test_acc=0.7979
Round 341 | selected=[98, 40, 29, 90, 12, 94, 66, 88, 34, 42]
Round 341 | train_loss=0.3173 train_acc=0.8858 test_loss=0.4996 test_acc=0.8297
Round 342 | selected=[26, 41, 31, 47, 13, 78, 86, 33, 82, 10]
Round 342 | train_loss=0.2533 train_acc=0.9140 test_loss=0.4388 test_acc=0.8520
Round 343 | selected=[3, 73, 48, 97, 53, 0, 6, 34, 87, 44]
Round 343 | train_loss=0.2712 train_acc=0.9058 test_loss=0.4790 test_acc=0.8397
Round 344 | selected=[61, 26, 12, 8, 23, 84, 73, 4, 79, 77]
Round 344 | train_loss=0.2717 train_acc=0.9054 test_loss=0.4574 test_acc=0.8462
Round 345 | selected=[22, 13, 98, 18, 34, 76, 24, 52, 0, 78]
Round 345 | train_loss=0.3031 train_acc=0.8928 test_loss=0.4313 test_acc=0.8520
Round 346 | selected=[15, 91, 94, 56, 43, 58, 63, 69, 93, 47]
Round 346 | train_loss=0.2537 train_acc=0.9130 test_loss=0.4212 test_acc=0.8569
Round 347 | selected=[92, 49, 52, 29, 54, 0, 51, 42, 64, 82]
Round 347 | train_loss=0.2343 train_acc=0.9186 test_loss=0.4537 test_acc=0.8483
Round 348 | selected=[74, 28, 96, 92, 39, 64, 88, 80, 22, 25]
Round 348 | train_loss=0.2455 train_acc=0.9170 test_loss=0.4664 test_acc=0.8482
Round 349 | selected=[60, 54, 20, 21, 67, 98, 39, 52, 90, 59]
Round 349 | train_loss=0.2631 train_acc=0.9098 test_loss=0.4133 test_acc=0.8661
Round 350 | selected=[3, 53, 84, 93, 81, 50, 19, 1, 10, 89]
Round 350 | train_loss=0.2899 train_acc=0.8994 test_loss=0.5722 test_acc=0.8134
Round 351 | selected=[96, 5, 88, 48, 9, 60, 12, 65, 83, 22]
Round 351 | train_loss=0.2570 train_acc=0.9100 test_loss=0.5233 test_acc=0.8245
Round 352 | selected=[85, 43, 42, 29, 38, 46, 86, 12, 62, 51]
Round 352 | train_loss=0.2687 train_acc=0.9058 test_loss=0.5135 test_acc=0.8396
Round 353 | selected=[88, 58, 25, 67, 31, 28, 97, 15, 53, 8]
Round 353 | train_loss=0.2345 train_acc=0.9182 test_loss=0.6089 test_acc=0.8185
Round 354 | selected=[16, 14, 4, 49, 89, 11, 83, 42, 80, 95]
Round 354 | train_loss=0.2684 train_acc=0.9060 test_loss=0.4377 test_acc=0.8554
Round 355 | selected=[18, 58, 73, 34, 54, 2, 23, 69, 95, 61]
Round 355 | train_loss=0.2502 train_acc=0.9106 test_loss=0.4498 test_acc=0.8516
Round 356 | selected=[98, 64, 16, 20, 66, 76, 32, 91, 96, 9]
Round 356 | train_loss=0.2524 train_acc=0.9106 test_loss=0.5111 test_acc=0.8342
Round 357 | selected=[67, 29, 4, 11, 85, 87, 3, 30, 39, 45]
Round 357 | train_loss=0.2726 train_acc=0.9050 test_loss=0.4631 test_acc=0.8490
Round 358 | selected=[85, 75, 33, 64, 55, 50, 47, 26, 4, 67]
Round 358 | train_loss=0.2130 train_acc=0.9310 test_loss=0.4448 test_acc=0.8561
Round 359 | selected=[48, 62, 58, 3, 57, 95, 45, 26, 94, 29]
Round 359 | train_loss=0.2673 train_acc=0.9084 test_loss=0.5225 test_acc=0.8282
Round 360 | selected=[68, 86, 88, 57, 67, 30, 45, 41, 47, 95]
Round 360 | train_loss=0.2305 train_acc=0.9210 test_loss=0.4800 test_acc=0.8438
Round 361 | selected=[3, 20, 87, 48, 80, 71, 97, 8, 98, 18]
Round 361 | train_loss=0.2479 train_acc=0.9104 test_loss=0.4282 test_acc=0.8586
Round 362 | selected=[74, 49, 41, 88, 4, 19, 98, 46, 6, 90]
Round 362 | train_loss=0.2396 train_acc=0.9162 test_loss=0.5193 test_acc=0.8332
Round 363 | selected=[57, 35, 8, 59, 94, 49, 83, 23, 95, 85]
Round 363 | train_loss=0.2900 train_acc=0.8978 test_loss=0.4485 test_acc=0.8513
Round 364 | selected=[43, 77, 30, 89, 32, 61, 10, 82, 56, 54]
Round 364 | train_loss=0.2220 train_acc=0.9238 test_loss=0.5124 test_acc=0.8347
Round 365 | selected=[40, 55, 48, 89, 88, 49, 24, 28, 83, 75]
Round 365 | train_loss=0.2365 train_acc=0.9182 test_loss=0.4314 test_acc=0.8552
Round 366 | selected=[96, 72, 92, 13, 17, 15, 26, 41, 65, 78]
Round 366 | train_loss=0.2605 train_acc=0.9134 test_loss=0.6400 test_acc=0.8028
Round 367 | selected=[43, 47, 20, 3, 31, 81, 45, 68, 17, 82]
Round 367 | train_loss=0.2101 train_acc=0.9278 test_loss=0.6520 test_acc=0.7944
Round 368 | selected=[22, 19, 87, 79, 94, 91, 69, 17, 48, 49]
Round 368 | train_loss=0.2395 train_acc=0.9204 test_loss=0.4231 test_acc=0.8580
Round 369 | selected=[62, 7, 25, 85, 66, 38, 18, 50, 56, 37]
Round 369 | train_loss=0.2303 train_acc=0.9256 test_loss=0.4695 test_acc=0.8424
Round 370 | selected=[39, 24, 42, 3, 10, 75, 59, 49, 55, 46]
Round 370 | train_loss=0.2517 train_acc=0.9178 test_loss=0.4614 test_acc=0.8465
Round 371 | selected=[91, 8, 74, 84, 76, 82, 35, 42, 86, 59]
Round 371 | train_loss=0.2510 train_acc=0.9120 test_loss=0.4420 test_acc=0.8506
Round 372 | selected=[9, 79, 77, 68, 21, 63, 5, 53, 36, 86]
Round 372 | train_loss=0.2421 train_acc=0.9160 test_loss=0.5036 test_acc=0.8330
Round 373 | selected=[52, 33, 72, 14, 81, 77, 3, 61, 46, 76]
Round 373 | train_loss=0.2683 train_acc=0.9066 test_loss=0.4982 test_acc=0.8365
Round 374 | selected=[18, 57, 98, 58, 43, 87, 97, 64, 10, 22]
Round 374 | train_loss=0.2468 train_acc=0.9132 test_loss=0.5359 test_acc=0.8274
Round 375 | selected=[52, 94, 14, 5, 23, 38, 46, 16, 1, 17]
Round 375 | train_loss=0.2566 train_acc=0.9076 test_loss=0.5639 test_acc=0.8251
Round 376 | selected=[3, 76, 12, 15, 39, 7, 95, 54, 17, 88]
Round 376 | train_loss=0.2763 train_acc=0.9044 test_loss=0.4584 test_acc=0.8505
Round 377 | selected=[22, 46, 90, 2, 76, 36, 48, 23, 4, 42]
Round 377 | train_loss=0.2617 train_acc=0.9100 test_loss=0.6086 test_acc=0.8028
Round 378 | selected=[87, 45, 21, 19, 36, 4, 3, 1, 65, 86]
Round 378 | train_loss=0.2332 train_acc=0.9192 test_loss=0.6248 test_acc=0.7972
Round 379 | selected=[38, 83, 44, 5, 54, 85, 43, 86, 60, 68]
Round 379 | train_loss=0.2246 train_acc=0.9240 test_loss=0.4509 test_acc=0.8492
Round 380 | selected=[92, 42, 35, 15, 21, 37, 72, 4, 54, 51]
Round 380 | train_loss=0.2608 train_acc=0.9116 test_loss=0.4663 test_acc=0.8527
Round 381 | selected=[44, 82, 22, 37, 83, 55, 41, 20, 69, 56]
Round 381 | train_loss=0.2014 train_acc=0.9304 test_loss=0.6052 test_acc=0.8140
Round 382 | selected=[17, 69, 96, 11, 2, 86, 6, 77, 97, 56]
Round 382 | train_loss=0.2750 train_acc=0.9068 test_loss=0.4786 test_acc=0.8443
Round 383 | selected=[82, 27, 14, 71, 21, 94, 91, 45, 1, 77]
Round 383 | train_loss=0.2027 train_acc=0.9286 test_loss=0.4566 test_acc=0.8492
Round 384 | selected=[4, 6, 87, 81, 27, 51, 84, 7, 50, 82]
Round 384 | train_loss=0.2396 train_acc=0.9192 test_loss=0.5257 test_acc=0.8294
Round 385 | selected=[42, 51, 38, 98, 72, 3, 57, 0, 48, 13]
Round 385 | train_loss=0.2486 train_acc=0.9168 test_loss=0.5487 test_acc=0.8284
Round 386 | selected=[44, 3, 90, 56, 95, 66, 51, 54, 38, 60]
Round 386 | train_loss=0.2221 train_acc=0.9260 test_loss=0.4660 test_acc=0.8504
Round 387 | selected=[32, 61, 24, 5, 72, 51, 40, 73, 93, 18]
Round 387 | train_loss=0.2595 train_acc=0.9110 test_loss=0.5350 test_acc=0.8242
Round 388 | selected=[25, 47, 98, 42, 31, 81, 84, 57, 24, 62]
Round 388 | train_loss=0.2525 train_acc=0.9132 test_loss=0.6774 test_acc=0.7918
Round 389 | selected=[28, 16, 86, 62, 51, 35, 9, 37, 44, 57]
Round 389 | train_loss=0.2693 train_acc=0.9012 test_loss=0.5646 test_acc=0.8222
Round 390 | selected=[36, 37, 98, 66, 85, 38, 74, 52, 92, 87]
Round 390 | train_loss=0.2194 train_acc=0.9256 test_loss=0.7146 test_acc=0.7966
Round 391 | selected=[3, 77, 64, 49, 19, 55, 18, 68, 12, 35]
Round 391 | train_loss=0.2485 train_acc=0.9162 test_loss=0.5168 test_acc=0.8373
Round 392 | selected=[39, 51, 60, 72, 61, 38, 23, 4, 55, 88]
Round 392 | train_loss=0.2175 train_acc=0.9224 test_loss=0.4379 test_acc=0.8576
Round 393 | selected=[8, 77, 28, 38, 56, 79, 22, 48, 69, 53]
Round 393 | train_loss=0.2197 train_acc=0.9224 test_loss=0.5041 test_acc=0.8425
Round 394 | selected=[71, 20, 10, 26, 30, 84, 9, 14, 50, 47]
Round 394 | train_loss=0.2563 train_acc=0.9140 test_loss=0.4415 test_acc=0.8607
Round 395 | selected=[35, 56, 30, 19, 36, 83, 25, 28, 16, 13]
Round 395 | train_loss=0.2445 train_acc=0.9128 test_loss=0.4558 test_acc=0.8564
Round 396 | selected=[71, 79, 49, 61, 73, 59, 60, 83, 10, 81]
Round 396 | train_loss=0.2565 train_acc=0.9128 test_loss=0.4470 test_acc=0.8536
Round 397 | selected=[30, 94, 28, 68, 57, 74, 34, 81, 86, 33]
Round 397 | train_loss=0.2402 train_acc=0.9214 test_loss=0.5434 test_acc=0.8242
Round 398 | selected=[25, 45, 51, 62, 91, 55, 12, 46, 53, 63]
Round 398 | train_loss=0.2576 train_acc=0.9096 test_loss=0.6009 test_acc=0.8157
Round 399 | selected=[48, 60, 78, 39, 75, 72, 70, 59, 19, 27]
Round 399 | train_loss=0.2821 train_acc=0.9018 test_loss=0.6502 test_acc=0.8010
Round 400 | selected=[58, 16, 89, 40, 44, 53, 79, 93, 47, 69]
Round 400 | train_loss=0.2344 train_acc=0.9176 test_loss=0.5777 test_acc=0.8195
Round 401 | selected=[30, 61, 62, 45, 76, 60, 12, 78, 55, 71]
Round 401 | train_loss=0.2750 train_acc=0.9010 test_loss=0.5331 test_acc=0.8350
Round 402 | selected=[60, 0, 12, 33, 15, 49, 13, 48, 52, 58]
Round 402 | train_loss=0.2120 train_acc=0.9250 test_loss=0.6630 test_acc=0.8003
Round 403 | selected=[57, 52, 21, 55, 96, 33, 29, 71, 84, 48]
Round 403 | train_loss=0.2510 train_acc=0.9100 test_loss=0.6447 test_acc=0.8061
Round 404 | selected=[68, 83, 92, 91, 8, 13, 10, 25, 66, 53]
Round 404 | train_loss=0.2296 train_acc=0.9204 test_loss=0.5026 test_acc=0.8440
Round 405 | selected=[46, 36, 82, 76, 1, 51, 63, 65, 54, 70]
Round 405 | train_loss=0.2444 train_acc=0.9170 test_loss=0.5732 test_acc=0.8288
Round 406 | selected=[76, 86, 8, 30, 3, 91, 93, 16, 55, 57]
Round 406 | train_loss=0.2397 train_acc=0.9172 test_loss=0.4619 test_acc=0.8521
Round 407 | selected=[7, 3, 81, 70, 98, 24, 44, 8, 39, 16]
Round 407 | train_loss=0.2391 train_acc=0.9170 test_loss=0.4914 test_acc=0.8409
Round 408 | selected=[79, 44, 97, 35, 77, 6, 46, 29, 38, 82]
Round 408 | train_loss=0.2386 train_acc=0.9174 test_loss=0.4734 test_acc=0.8435
Round 409 | selected=[54, 0, 51, 65, 41, 34, 84, 70, 3, 36]
Round 409 | train_loss=0.2223 train_acc=0.9236 test_loss=0.5199 test_acc=0.8310
Round 410 | selected=[43, 11, 38, 47, 69, 30, 22, 88, 19, 24]
Round 410 | train_loss=0.2230 train_acc=0.9252 test_loss=0.4883 test_acc=0.8473
Round 411 | selected=[62, 98, 10, 76, 14, 25, 49, 7, 89, 17]
Round 411 | train_loss=0.2512 train_acc=0.9142 test_loss=0.4270 test_acc=0.8586
Round 412 | selected=[34, 19, 37, 70, 98, 64, 69, 5, 94, 3]
Round 412 | train_loss=0.2209 train_acc=0.9242 test_loss=0.4557 test_acc=0.8477
Round 413 | selected=[51, 28, 42, 21, 29, 30, 38, 96, 34, 97]
Round 413 | train_loss=0.1933 train_acc=0.9344 test_loss=0.4757 test_acc=0.8445
Round 414 | selected=[98, 67, 83, 59, 41, 45, 39, 70, 21, 25]
Round 414 | train_loss=0.2064 train_acc=0.9312 test_loss=0.4711 test_acc=0.8463
Round 415 | selected=[7, 15, 43, 85, 41, 50, 67, 21, 90, 5]
Round 415 | train_loss=0.2143 train_acc=0.9246 test_loss=0.5010 test_acc=0.8458
Round 416 | selected=[73, 77, 81, 41, 99, 10, 54, 89, 20, 85]
Round 416 | train_loss=0.2127 train_acc=0.9334 test_loss=0.5161 test_acc=0.8460
Round 417 | selected=[24, 60, 96, 79, 36, 56, 38, 74, 19, 35]
Round 417 | train_loss=0.1878 train_acc=0.9348 test_loss=0.4604 test_acc=0.8560
Round 418 | selected=[48, 82, 66, 74, 15, 51, 24, 98, 76, 33]
Round 418 | train_loss=0.1680 train_acc=0.9404 test_loss=0.4683 test_acc=0.8494
Round 419 | selected=[19, 88, 66, 76, 48, 37, 57, 0, 14, 62]
Round 419 | train_loss=0.2158 train_acc=0.9224 test_loss=0.4773 test_acc=0.8454
Round 420 | selected=[88, 77, 68, 0, 32, 9, 20, 90, 79, 8]
Round 420 | train_loss=0.2459 train_acc=0.9110 test_loss=0.5465 test_acc=0.8330
Round 421 | selected=[22, 71, 9, 65, 64, 7, 2, 73, 21, 40]
Round 421 | train_loss=0.2035 train_acc=0.9320 test_loss=0.7468 test_acc=0.7904
Round 422 | selected=[60, 73, 61, 4, 21, 48, 95, 51, 56, 55]
Round 422 | train_loss=0.2436 train_acc=0.9160 test_loss=0.6063 test_acc=0.8141
Round 423 | selected=[37, 74, 73, 36, 52, 33, 60, 31, 21, 43]
Round 423 | train_loss=0.1729 train_acc=0.9370 test_loss=0.6365 test_acc=0.8096
Round 424 | selected=[78, 56, 34, 12, 60, 65, 10, 39, 11, 57]
Round 424 | train_loss=0.2200 train_acc=0.9244 test_loss=0.4785 test_acc=0.8433
Round 425 | selected=[21, 93, 77, 97, 89, 4, 16, 56, 87, 63]
Round 425 | train_loss=0.2055 train_acc=0.9236 test_loss=0.4583 test_acc=0.8504
Round 426 | selected=[78, 64, 7, 94, 68, 10, 36, 39, 89, 23]
Round 426 | train_loss=0.2109 train_acc=0.9290 test_loss=0.6640 test_acc=0.8138
Round 427 | selected=[90, 27, 55, 44, 95, 51, 20, 50, 62, 69]
Round 427 | train_loss=0.2376 train_acc=0.9164 test_loss=0.5576 test_acc=0.8376
Round 428 | selected=[2, 98, 7, 73, 72, 14, 48, 56, 21, 92]
Round 428 | train_loss=0.1943 train_acc=0.9330 test_loss=0.5424 test_acc=0.8402
Round 429 | selected=[4, 34, 14, 68, 54, 17, 27, 57, 63, 16]
Round 429 | train_loss=0.2184 train_acc=0.9246 test_loss=0.5459 test_acc=0.8326
Round 430 | selected=[90, 85, 99, 60, 4, 5, 72, 57, 92, 20]
Round 430 | train_loss=0.2404 train_acc=0.9152 test_loss=0.5488 test_acc=0.8375
Round 431 | selected=[90, 29, 95, 23, 31, 97, 7, 16, 86, 34]
Round 431 | train_loss=0.1986 train_acc=0.9320 test_loss=0.7643 test_acc=0.7835
Round 432 | selected=[58, 95, 63, 60, 75, 37, 18, 45, 93, 42]
Round 432 | train_loss=0.2288 train_acc=0.9172 test_loss=0.6046 test_acc=0.8218
Round 433 | selected=[41, 10, 52, 79, 45, 94, 16, 20, 81, 80]
Round 433 | train_loss=0.2129 train_acc=0.9270 test_loss=0.4831 test_acc=0.8501
Round 434 | selected=[23, 86, 49, 93, 15, 71, 77, 5, 79, 70]
Round 434 | train_loss=0.1993 train_acc=0.9308 test_loss=0.5146 test_acc=0.8412
Round 435 | selected=[21, 34, 75, 43, 98, 99, 44, 35, 23, 64]
Round 435 | train_loss=0.1976 train_acc=0.9312 test_loss=0.4404 test_acc=0.8585
Round 436 | selected=[21, 89, 58, 75, 2, 46, 52, 40, 87, 10]
Round 436 | train_loss=0.1978 train_acc=0.9320 test_loss=0.4280 test_acc=0.8632
Round 437 | selected=[22, 59, 10, 94, 97, 87, 16, 33, 34, 57]
Round 437 | train_loss=0.1794 train_acc=0.9402 test_loss=0.4201 test_acc=0.8658
Round 438 | selected=[84, 50, 77, 39, 37, 4, 96, 53, 66, 6]
Round 438 | train_loss=0.2159 train_acc=0.9282 test_loss=0.4267 test_acc=0.8626
Round 439 | selected=[24, 81, 21, 69, 14, 52, 98, 78, 6, 86]
Round 439 | train_loss=0.1972 train_acc=0.9336 test_loss=0.4188 test_acc=0.8626
Round 440 | selected=[48, 10, 69, 43, 85, 59, 98, 19, 58, 64]
Round 440 | train_loss=0.1607 train_acc=0.9454 test_loss=0.4089 test_acc=0.8643
Round 441 | selected=[52, 78, 19, 11, 97, 91, 47, 63, 23, 72]
Round 441 | train_loss=0.1881 train_acc=0.9356 test_loss=0.3816 test_acc=0.8746
Round 442 | selected=[82, 10, 16, 61, 74, 37, 11, 99, 79, 65]
Round 442 | train_loss=0.1462 train_acc=0.9512 test_loss=0.4552 test_acc=0.8560
Round 443 | selected=[60, 97, 54, 99, 72, 78, 71, 40, 15, 52]
Round 443 | train_loss=0.1980 train_acc=0.9318 test_loss=0.4590 test_acc=0.8543
Round 444 | selected=[23, 24, 27, 34, 14, 95, 91, 63, 8, 60]
Round 444 | train_loss=0.1717 train_acc=0.9390 test_loss=0.4162 test_acc=0.8606
Round 445 | selected=[13, 29, 62, 97, 66, 45, 85, 38, 60, 52]
Round 445 | train_loss=0.1696 train_acc=0.9376 test_loss=0.4971 test_acc=0.8405
Round 446 | selected=[33, 44, 7, 84, 79, 35, 96, 48, 56, 83]
Round 446 | train_loss=0.1788 train_acc=0.9340 test_loss=0.4571 test_acc=0.8516
Round 447 | selected=[78, 25, 62, 11, 96, 50, 54, 31, 99, 86]
Round 447 | train_loss=0.2058 train_acc=0.9292 test_loss=0.4128 test_acc=0.8679
Round 448 | selected=[77, 5, 35, 11, 93, 38, 6, 36, 70, 75]
Round 448 | train_loss=0.2001 train_acc=0.9252 test_loss=0.4552 test_acc=0.8622
Round 449 | selected=[44, 41, 53, 99, 40, 70, 6, 11, 51, 47]
Round 449 | train_loss=0.1949 train_acc=0.9346 test_loss=0.4385 test_acc=0.8647
Round 450 | selected=[91, 34, 46, 68, 97, 37, 20, 81, 2, 40]
Round 450 | train_loss=0.1637 train_acc=0.9434 test_loss=0.4340 test_acc=0.8627
Round 451 | selected=[30, 62, 47, 57, 82, 68, 24, 77, 36, 31]
Round 451 | train_loss=0.1397 train_acc=0.9540 test_loss=0.4718 test_acc=0.8475
Round 452 | selected=[14, 88, 98, 74, 20, 16, 58, 77, 99, 62]
Round 452 | train_loss=0.1593 train_acc=0.9432 test_loss=0.4182 test_acc=0.8660
Round 453 | selected=[99, 50, 9, 2, 91, 73, 29, 68, 86, 62]
Round 453 | train_loss=0.1646 train_acc=0.9430 test_loss=0.3845 test_acc=0.8734
Round 454 | selected=[32, 36, 15, 28, 24, 80, 62, 71, 0, 43]
Round 454 | train_loss=0.1935 train_acc=0.9344 test_loss=0.4322 test_acc=0.8642
Round 455 | selected=[97, 14, 93, 26, 44, 60, 78, 91, 65, 83]
Round 455 | train_loss=0.1503 train_acc=0.9510 test_loss=0.4991 test_acc=0.8473
Round 456 | selected=[28, 52, 69, 85, 15, 41, 75, 48, 54, 73]
Round 456 | train_loss=0.1668 train_acc=0.9402 test_loss=0.3998 test_acc=0.8733
Round 457 | selected=[35, 89, 40, 61, 68, 90, 73, 51, 55, 4]
Round 457 | train_loss=0.1594 train_acc=0.9442 test_loss=0.4134 test_acc=0.8704
Round 458 | selected=[18, 0, 98, 28, 26, 93, 68, 95, 37, 29]
Round 458 | train_loss=0.1628 train_acc=0.9436 test_loss=0.4768 test_acc=0.8524
Round 459 | selected=[34, 69, 22, 91, 48, 66, 70, 94, 47, 99]
Round 459 | train_loss=0.1573 train_acc=0.9446 test_loss=0.3964 test_acc=0.8753
Round 460 | selected=[37, 13, 35, 34, 60, 90, 28, 50, 73, 40]
Round 460 | train_loss=0.1495 train_acc=0.9506 test_loss=0.3878 test_acc=0.8764
Round 461 | selected=[69, 27, 26, 89, 64, 93, 54, 67, 44, 57]
Round 461 | train_loss=0.1615 train_acc=0.9446 test_loss=0.3783 test_acc=0.8790
Round 462 | selected=[26, 83, 30, 5, 43, 44, 91, 8, 93, 6]
Round 462 | train_loss=0.1615 train_acc=0.9424 test_loss=0.3980 test_acc=0.8708
Round 463 | selected=[63, 2, 29, 62, 74, 69, 37, 91, 78, 14]
Round 463 | train_loss=0.1519 train_acc=0.9476 test_loss=0.3905 test_acc=0.8730
Round 464 | selected=[21, 59, 82, 78, 68, 99, 15, 47, 71, 93]
Round 464 | train_loss=0.1298 train_acc=0.9552 test_loss=0.3993 test_acc=0.8737
Round 465 | selected=[61, 99, 89, 95, 81, 71, 64, 42, 14, 35]
Round 465 | train_loss=0.1593 train_acc=0.9468 test_loss=0.4213 test_acc=0.8717
Round 466 | selected=[74, 69, 55, 29, 84, 19, 12, 73, 64, 94]
Round 466 | train_loss=0.1793 train_acc=0.9358 test_loss=0.3787 test_acc=0.8788
Round 467 | selected=[49, 23, 48, 90, 19, 29, 92, 63, 66, 6]
Round 467 | train_loss=0.1617 train_acc=0.9454 test_loss=0.4593 test_acc=0.8568
Round 468 | selected=[9, 49, 61, 94, 30, 79, 75, 36, 5, 4]
Round 468 | train_loss=0.1881 train_acc=0.9324 test_loss=0.3884 test_acc=0.8766
Round 469 | selected=[38, 21, 72, 77, 16, 18, 62, 46, 53, 78]
Round 469 | train_loss=0.1712 train_acc=0.9396 test_loss=0.4138 test_acc=0.8703
Round 470 | selected=[68, 51, 56, 72, 34, 27, 7, 65, 57, 73]
Round 470 | train_loss=0.1306 train_acc=0.9534 test_loss=0.5073 test_acc=0.8517
Round 471 | selected=[10, 43, 96, 4, 90, 36, 70, 48, 9, 87]
Round 471 | train_loss=0.1586 train_acc=0.9438 test_loss=0.5097 test_acc=0.8528
Round 472 | selected=[49, 92, 66, 45, 98, 85, 8, 5, 37, 27]
Round 472 | train_loss=0.1692 train_acc=0.9400 test_loss=0.4339 test_acc=0.8699
Round 473 | selected=[14, 26, 1, 60, 72, 16, 93, 24, 75, 40]
Round 473 | train_loss=0.1531 train_acc=0.9492 test_loss=0.5080 test_acc=0.8468
Round 474 | selected=[24, 81, 71, 51, 96, 40, 65, 68, 4, 19]
Round 474 | train_loss=0.1446 train_acc=0.9496 test_loss=0.4283 test_acc=0.8688
Round 475 | selected=[26, 80, 85, 71, 9, 68, 81, 54, 10, 34]
Round 475 | train_loss=0.1296 train_acc=0.9552 test_loss=0.4339 test_acc=0.8720
Round 476 | selected=[24, 8, 31, 71, 23, 79, 65, 21, 86, 38]
Round 476 | train_loss=0.1399 train_acc=0.9522 test_loss=0.4912 test_acc=0.8595
Round 477 | selected=[82, 97, 61, 42, 90, 7, 53, 44, 88, 17]
Round 477 | train_loss=0.1907 train_acc=0.9318 test_loss=0.3801 test_acc=0.8830
Round 478 | selected=[84, 73, 66, 47, 44, 75, 83, 55, 80, 11]
Round 478 | train_loss=0.1699 train_acc=0.9406 test_loss=0.4782 test_acc=0.8500
Round 479 | selected=[93, 40, 1, 66, 61, 99, 54, 2, 16, 96]
Round 479 | train_loss=0.1655 train_acc=0.9412 test_loss=0.5735 test_acc=0.8278
Round 480 | selected=[86, 94, 82, 23, 24, 71, 66, 36, 77, 16]
Round 480 | train_loss=0.1475 train_acc=0.9498 test_loss=0.3833 test_acc=0.8797
Round 481 | selected=[9, 7, 28, 65, 63, 32, 16, 87, 99, 15]
Round 481 | train_loss=0.1544 train_acc=0.9466 test_loss=0.5146 test_acc=0.8548
Round 482 | selected=[52, 75, 59, 72, 25, 39, 12, 64, 26, 78]
Round 482 | train_loss=0.1753 train_acc=0.9368 test_loss=0.5397 test_acc=0.8483
Round 483 | selected=[41, 19, 54, 29, 82, 4, 7, 9, 27, 50]
Round 483 | train_loss=0.1379 train_acc=0.9530 test_loss=0.4641 test_acc=0.8631
Round 484 | selected=[45, 55, 75, 58, 64, 3, 22, 53, 4, 97]
Round 484 | train_loss=0.1504 train_acc=0.9462 test_loss=0.4194 test_acc=0.8677
Round 485 | selected=[77, 57, 42, 0, 89, 58, 92, 5, 49, 11]
Round 485 | train_loss=0.1785 train_acc=0.9388 test_loss=0.4163 test_acc=0.8665
Round 486 | selected=[92, 18, 20, 58, 66, 59, 84, 62, 9, 64]
Round 486 | train_loss=0.1698 train_acc=0.9386 test_loss=0.4135 test_acc=0.8713
Round 487 | selected=[22, 8, 25, 80, 19, 96, 81, 69, 60, 68]
Round 487 | train_loss=0.1427 train_acc=0.9476 test_loss=0.4186 test_acc=0.8747
Round 488 | selected=[83, 74, 17, 10, 23, 36, 99, 87, 60, 81]
Round 488 | train_loss=0.1330 train_acc=0.9544 test_loss=0.4334 test_acc=0.8717
Round 489 | selected=[85, 64, 97, 13, 99, 40, 78, 35, 0, 10]
Round 489 | train_loss=0.1745 train_acc=0.9362 test_loss=0.4357 test_acc=0.8700
Round 490 | selected=[25, 22, 31, 56, 85, 74, 72, 7, 36, 63]
Round 490 | train_loss=0.1470 train_acc=0.9524 test_loss=0.4101 test_acc=0.8762
Round 491 | selected=[53, 32, 56, 99, 12, 98, 75, 89, 67, 72]
Round 491 | train_loss=0.1472 train_acc=0.9508 test_loss=0.4970 test_acc=0.8502
Round 492 | selected=[53, 80, 65, 64, 44, 6, 10, 41, 86, 77]
Round 492 | train_loss=0.1397 train_acc=0.9488 test_loss=0.4095 test_acc=0.8712
Round 493 | selected=[88, 97, 8, 19, 47, 18, 99, 73, 1, 85]
Round 493 | train_loss=0.1428 train_acc=0.9494 test_loss=0.3860 test_acc=0.8827
Round 494 | selected=[19, 42, 78, 33, 41, 50, 56, 72, 89, 98]
Round 494 | train_loss=0.1305 train_acc=0.9562 test_loss=0.4251 test_acc=0.8718
Round 495 | selected=[62, 39, 87, 74, 36, 91, 7, 37, 49, 10]
Round 495 | train_loss=0.1269 train_acc=0.9582 test_loss=0.4150 test_acc=0.8745
Round 496 | selected=[83, 22, 41, 7, 51, 8, 82, 45, 80, 36]
Round 496 | train_loss=0.1134 train_acc=0.9632 test_loss=0.3869 test_acc=0.8789
Round 497 | selected=[28, 23, 98, 24, 29, 46, 82, 40, 10, 77]
Round 497 | train_loss=0.1045 train_acc=0.9648 test_loss=0.3896 test_acc=0.8779
Round 498 | selected=[14, 6, 59, 49, 40, 97, 22, 86, 15, 99]
Round 498 | train_loss=0.1415 train_acc=0.9534 test_loss=0.3847 test_acc=0.8774
Round 499 | selected=[3, 94, 16, 47, 19, 20, 55, 51, 60, 89]
Round 499 | train_loss=0.1287 train_acc=0.9546 test_loss=0.4053 test_acc=0.8744
Round 500 | selected=[87, 19, 15, 59, 0, 7, 24, 38, 48, 8]
Round 500 | train_loss=0.1261 train_acc=0.9602 test_loss=0.4054 test_acc=0.8731
Saved: track1/results/cifar10/final_seed45/fedavgm_alpha1_seed45.csv
COMPLETED: fedavgm alpha1 seed=45
