========================================
JOB:       12003943
TASK:      4
ALGORITHM: fedprox
PARTITION: iid
SEED:      43
GPU:       0
========================================
Device: cpu
Round 0 | test_loss=2.8590 test_acc=0.1084
Round 1 | selected=[45, 82, 4, 54, 60, 98, 1, 26, 37, 58]
Round 1 | train_loss=2.3500 train_acc=0.1110 test_loss=2.2698 test_acc=0.1455
Round 2 | selected=[98, 18, 76, 36, 27, 13, 88, 41, 89, 84]
Round 2 | train_loss=2.2552 train_acc=0.1530 test_loss=2.1885 test_acc=0.1969
Round 3 | selected=[49, 78, 43, 90, 96, 45, 58, 36, 69, 94]
Round 3 | train_loss=2.1774 train_acc=0.1898 test_loss=2.1008 test_acc=0.2146
Round 4 | selected=[67, 79, 53, 5, 31, 11, 59, 99, 9, 28]
Round 4 | train_loss=2.0942 train_acc=0.2260 test_loss=2.0050 test_acc=0.2660
Round 5 | selected=[52, 9, 39, 27, 68, 31, 25, 58, 3, 95]
Round 5 | train_loss=2.0575 train_acc=0.2326 test_loss=1.9589 test_acc=0.2588
Round 6 | selected=[26, 64, 42, 36, 16, 77, 7, 22, 20, 31]
Round 6 | train_loss=1.9968 train_acc=0.2432 test_loss=1.9227 test_acc=0.2612
Round 7 | selected=[12, 64, 62, 75, 73, 84, 79, 40, 32, 52]
Round 7 | train_loss=1.9470 train_acc=0.2714 test_loss=1.9168 test_acc=0.2654
Round 8 | selected=[48, 84, 78, 81, 73, 93, 51, 12, 16, 66]
Round 8 | train_loss=1.9109 train_acc=0.2776 test_loss=1.8565 test_acc=0.2880
Round 9 | selected=[59, 44, 87, 73, 64, 76, 16, 97, 39, 99]
Round 9 | train_loss=1.8689 train_acc=0.3004 test_loss=1.8066 test_acc=0.3100
Round 10 | selected=[66, 45, 67, 21, 94, 50, 49, 73, 97, 28]
Round 10 | train_loss=1.8316 train_acc=0.3042 test_loss=1.7551 test_acc=0.3426
Round 11 | selected=[71, 91, 81, 50, 27, 52, 61, 25, 63, 75]
Round 11 | train_loss=1.8037 train_acc=0.3216 test_loss=1.7286 test_acc=0.3551
Round 12 | selected=[78, 91, 66, 74, 93, 33, 92, 18, 68, 20]
Round 12 | train_loss=1.7943 train_acc=0.3232 test_loss=1.7633 test_acc=0.3373
Round 13 | selected=[84, 70, 72, 43, 26, 95, 74, 53, 98, 13]
Round 13 | train_loss=1.7690 train_acc=0.3286 test_loss=1.6872 test_acc=0.3677
Round 14 | selected=[62, 88, 39, 53, 68, 8, 45, 26, 50, 17]
Round 14 | train_loss=1.7228 train_acc=0.3414 test_loss=1.7438 test_acc=0.3536
Round 15 | selected=[81, 84, 25, 29, 3, 45, 13, 0, 44, 9]
Round 15 | train_loss=1.7382 train_acc=0.3476 test_loss=1.6282 test_acc=0.3836
Round 16 | selected=[45, 82, 93, 92, 91, 3, 83, 59, 66, 11]
Round 16 | train_loss=1.7270 train_acc=0.3430 test_loss=1.6331 test_acc=0.3960
Round 17 | selected=[15, 4, 66, 46, 8, 75, 62, 35, 57, 53]
Round 17 | train_loss=1.7090 train_acc=0.3564 test_loss=1.6018 test_acc=0.3972
Round 18 | selected=[70, 85, 99, 21, 88, 16, 37, 23, 91, 0]
Round 18 | train_loss=1.6740 train_acc=0.3716 test_loss=1.5509 test_acc=0.4188
Round 19 | selected=[36, 15, 31, 92, 98, 73, 83, 7, 11, 20]
Round 19 | train_loss=1.6816 train_acc=0.3716 test_loss=1.5611 test_acc=0.4148
Round 20 | selected=[39, 89, 40, 95, 37, 0, 15, 60, 59, 74]
Round 20 | train_loss=1.6193 train_acc=0.3904 test_loss=1.5366 test_acc=0.4297
Round 21 | selected=[35, 57, 89, 86, 46, 36, 54, 30, 84, 77]
Round 21 | train_loss=1.6637 train_acc=0.3726 test_loss=1.5311 test_acc=0.4304
Round 22 | selected=[76, 10, 70, 46, 58, 89, 67, 66, 32, 0]
Round 22 | train_loss=1.6224 train_acc=0.3946 test_loss=1.5449 test_acc=0.4252
Round 23 | selected=[14, 0, 41, 64, 71, 15, 68, 98, 46, 6]
Round 23 | train_loss=1.6013 train_acc=0.3976 test_loss=1.5885 test_acc=0.4233
Round 24 | selected=[43, 83, 13, 65, 78, 79, 35, 15, 47, 3]
Round 24 | train_loss=1.5948 train_acc=0.3950 test_loss=1.5671 test_acc=0.4225
Round 25 | selected=[22, 9, 27, 36, 31, 89, 71, 86, 11, 29]
Round 25 | train_loss=1.6218 train_acc=0.4014 test_loss=1.5301 test_acc=0.4344
Round 26 | selected=[55, 61, 4, 90, 51, 94, 45, 0, 31, 96]
Round 26 | train_loss=1.5938 train_acc=0.4044 test_loss=1.5612 test_acc=0.4297
Round 27 | selected=[60, 6, 30, 69, 19, 1, 52, 34, 7, 5]
Round 27 | train_loss=1.5970 train_acc=0.3998 test_loss=1.4919 test_acc=0.4496
Round 28 | selected=[37, 27, 52, 59, 18, 21, 57, 61, 99, 41]
Round 28 | train_loss=1.5507 train_acc=0.4224 test_loss=1.5144 test_acc=0.4394
Round 29 | selected=[29, 67, 19, 12, 59, 89, 94, 39, 76, 98]
Round 29 | train_loss=1.5374 train_acc=0.4212 test_loss=1.4412 test_acc=0.4621
Round 30 | selected=[61, 99, 64, 39, 12, 29, 85, 37, 28, 14]
Round 30 | train_loss=1.5447 train_acc=0.4324 test_loss=1.4554 test_acc=0.4630
Round 31 | selected=[59, 92, 69, 23, 11, 93, 88, 57, 30, 8]
Round 31 | train_loss=1.5229 train_acc=0.4360 test_loss=1.4582 test_acc=0.4654
Round 32 | selected=[27, 33, 32, 41, 88, 49, 39, 44, 71, 67]
Round 32 | train_loss=1.5359 train_acc=0.4300 test_loss=1.4960 test_acc=0.4535
Round 33 | selected=[83, 58, 19, 10, 51, 40, 75, 59, 70, 17]
Round 33 | train_loss=1.5051 train_acc=0.4392 test_loss=1.4478 test_acc=0.4647
Round 34 | selected=[53, 62, 57, 4, 60, 76, 98, 31, 90, 23]
Round 34 | train_loss=1.5236 train_acc=0.4368 test_loss=1.4038 test_acc=0.4820
Round 35 | selected=[40, 41, 53, 13, 35, 90, 85, 73, 68, 15]
Round 35 | train_loss=1.4901 train_acc=0.4460 test_loss=1.3809 test_acc=0.4914
Round 36 | selected=[18, 9, 0, 24, 23, 20, 39, 94, 29, 41]
Round 36 | train_loss=1.4922 train_acc=0.4420 test_loss=1.4572 test_acc=0.4611
Round 37 | selected=[0, 56, 76, 25, 77, 24, 43, 8, 35, 78]
Round 37 | train_loss=1.4816 train_acc=0.4540 test_loss=1.4427 test_acc=0.4766
Round 38 | selected=[53, 77, 74, 63, 22, 80, 28, 67, 24, 41]
Round 38 | train_loss=1.4963 train_acc=0.4414 test_loss=1.4082 test_acc=0.4791
Round 39 | selected=[18, 83, 80, 4, 69, 89, 92, 61, 21, 73]
Round 39 | train_loss=1.4680 train_acc=0.4554 test_loss=1.3506 test_acc=0.5041
Round 40 | selected=[60, 71, 66, 28, 27, 54, 99, 6, 55, 74]
Round 40 | train_loss=1.4907 train_acc=0.4426 test_loss=1.3734 test_acc=0.4922
Round 41 | selected=[75, 13, 68, 32, 20, 2, 10, 79, 41, 89]
Round 41 | train_loss=1.4315 train_acc=0.4732 test_loss=1.3906 test_acc=0.4906
Round 42 | selected=[21, 6, 71, 85, 94, 56, 29, 95, 27, 87]
Round 42 | train_loss=1.4633 train_acc=0.4614 test_loss=1.3587 test_acc=0.4966
Round 43 | selected=[71, 34, 79, 90, 87, 39, 89, 18, 81, 96]
Round 43 | train_loss=1.4480 train_acc=0.4680 test_loss=1.4017 test_acc=0.4860
Round 44 | selected=[39, 94, 2, 85, 60, 12, 89, 36, 44, 98]
Round 44 | train_loss=1.4357 train_acc=0.4668 test_loss=1.3578 test_acc=0.5016
Round 45 | selected=[11, 68, 5, 85, 51, 12, 83, 32, 73, 29]
Round 45 | train_loss=1.4407 train_acc=0.4682 test_loss=1.3279 test_acc=0.5109
Round 46 | selected=[63, 47, 4, 13, 49, 41, 19, 99, 91, 79]
Round 46 | train_loss=1.4125 train_acc=0.4770 test_loss=1.3437 test_acc=0.5030
Round 47 | selected=[30, 90, 52, 15, 32, 41, 66, 49, 64, 25]
Round 47 | train_loss=1.4275 train_acc=0.4776 test_loss=1.4346 test_acc=0.4821
Round 48 | selected=[24, 88, 14, 52, 68, 8, 46, 9, 10, 6]
Round 48 | train_loss=1.4034 train_acc=0.4898 test_loss=1.3148 test_acc=0.5135
Round 49 | selected=[66, 60, 59, 76, 0, 92, 43, 42, 30, 29]
Round 49 | train_loss=1.3807 train_acc=0.4944 test_loss=1.3623 test_acc=0.5102
Round 50 | selected=[91, 16, 57, 32, 42, 70, 5, 80, 29, 68]
Round 50 | train_loss=1.3790 train_acc=0.4914 test_loss=1.3035 test_acc=0.5210
Round 51 | selected=[30, 25, 6, 51, 79, 11, 40, 2, 85, 31]
Round 51 | train_loss=1.3906 train_acc=0.4870 test_loss=1.3456 test_acc=0.5040
Round 52 | selected=[44, 49, 52, 17, 63, 20, 28, 16, 78, 30]
Round 52 | train_loss=1.3986 train_acc=0.4836 test_loss=1.3098 test_acc=0.5151
Round 53 | selected=[55, 76, 18, 47, 52, 43, 77, 61, 83, 10]
Round 53 | train_loss=1.3879 train_acc=0.4932 test_loss=1.3040 test_acc=0.5186
Round 54 | selected=[52, 43, 62, 20, 53, 14, 66, 40, 81, 79]
Round 54 | train_loss=1.3559 train_acc=0.5088 test_loss=1.2629 test_acc=0.5402
Round 55 | selected=[88, 63, 61, 33, 34, 76, 99, 66, 30, 23]
Round 55 | train_loss=1.3921 train_acc=0.4916 test_loss=1.2958 test_acc=0.5186
Round 56 | selected=[39, 29, 26, 67, 71, 17, 66, 96, 55, 94]
Round 56 | train_loss=1.3662 train_acc=0.4906 test_loss=1.2766 test_acc=0.5344
Round 57 | selected=[32, 97, 12, 98, 18, 24, 26, 83, 16, 48]
Round 57 | train_loss=1.3689 train_acc=0.5032 test_loss=1.2431 test_acc=0.5479
Round 58 | selected=[50, 22, 98, 81, 8, 75, 70, 74, 93, 25]
Round 58 | train_loss=1.3601 train_acc=0.5128 test_loss=1.2549 test_acc=0.5437
Round 59 | selected=[61, 29, 66, 92, 80, 90, 18, 28, 54, 98]
Round 59 | train_loss=1.3632 train_acc=0.4926 test_loss=1.2568 test_acc=0.5432
Round 60 | selected=[51, 27, 15, 76, 94, 43, 29, 49, 61, 65]
Round 60 | train_loss=1.3429 train_acc=0.5128 test_loss=1.2749 test_acc=0.5374
Round 61 | selected=[58, 89, 25, 93, 86, 77, 27, 22, 62, 11]
Round 61 | train_loss=1.3954 train_acc=0.4910 test_loss=1.2461 test_acc=0.5417
Round 62 | selected=[81, 66, 51, 45, 40, 13, 53, 44, 27, 73]
Round 62 | train_loss=1.3261 train_acc=0.5214 test_loss=1.2094 test_acc=0.5613
Round 63 | selected=[8, 31, 92, 57, 35, 66, 58, 14, 48, 55]
Round 63 | train_loss=1.3131 train_acc=0.5212 test_loss=1.2277 test_acc=0.5579
Round 64 | selected=[63, 15, 61, 92, 37, 72, 20, 95, 47, 58]
Round 64 | train_loss=1.3520 train_acc=0.5114 test_loss=1.2104 test_acc=0.5636
Round 65 | selected=[72, 39, 84, 35, 46, 12, 75, 30, 41, 23]
Round 65 | train_loss=1.3276 train_acc=0.5138 test_loss=1.2368 test_acc=0.5458
Round 66 | selected=[68, 80, 29, 76, 69, 92, 31, 26, 77, 96]
Round 66 | train_loss=1.2986 train_acc=0.5272 test_loss=1.2677 test_acc=0.5383
Round 67 | selected=[56, 15, 69, 64, 47, 88, 13, 81, 65, 98]
Round 67 | train_loss=1.2833 train_acc=0.5334 test_loss=1.2308 test_acc=0.5540
Round 68 | selected=[95, 72, 30, 88, 79, 85, 73, 39, 28, 38]
Round 68 | train_loss=1.3135 train_acc=0.5184 test_loss=1.1941 test_acc=0.5648
Round 69 | selected=[46, 50, 61, 41, 37, 75, 30, 18, 4, 33]
Round 69 | train_loss=1.3318 train_acc=0.5184 test_loss=1.2049 test_acc=0.5662
Round 70 | selected=[69, 23, 60, 48, 39, 30, 87, 92, 24, 5]
Round 70 | train_loss=1.2750 train_acc=0.5308 test_loss=1.2328 test_acc=0.5600
Round 71 | selected=[15, 69, 52, 5, 83, 29, 1, 37, 57, 9]
Round 71 | train_loss=1.2918 train_acc=0.5366 test_loss=1.2124 test_acc=0.5645
Round 72 | selected=[81, 66, 40, 61, 67, 57, 41, 25, 99, 80]
Round 72 | train_loss=1.2791 train_acc=0.5274 test_loss=1.1921 test_acc=0.5668
Round 73 | selected=[12, 49, 64, 56, 70, 98, 71, 22, 36, 89]
Round 73 | train_loss=1.2744 train_acc=0.5432 test_loss=1.1365 test_acc=0.5888
Round 74 | selected=[12, 63, 31, 60, 98, 15, 59, 62, 61, 76]
Round 74 | train_loss=1.2531 train_acc=0.5460 test_loss=1.1648 test_acc=0.5742
Round 75 | selected=[93, 96, 84, 47, 59, 25, 24, 6, 29, 64]
Round 75 | train_loss=1.2381 train_acc=0.5512 test_loss=1.1973 test_acc=0.5641
Round 76 | selected=[0, 34, 54, 30, 51, 91, 88, 3, 94, 41]
Round 76 | train_loss=1.2692 train_acc=0.5328 test_loss=1.1683 test_acc=0.5732
Round 77 | selected=[29, 25, 97, 34, 83, 3, 47, 11, 2, 80]
Round 77 | train_loss=1.2803 train_acc=0.5342 test_loss=1.1645 test_acc=0.5797
Round 78 | selected=[78, 89, 75, 5, 81, 59, 97, 93, 85, 62]
Round 78 | train_loss=1.2414 train_acc=0.5522 test_loss=1.1296 test_acc=0.5926
Round 79 | selected=[45, 32, 35, 26, 46, 64, 96, 6, 30, 69]
Round 79 | train_loss=1.2177 train_acc=0.5544 test_loss=1.1346 test_acc=0.5930
Round 80 | selected=[56, 36, 21, 47, 41, 59, 81, 33, 91, 27]
Round 80 | train_loss=1.2492 train_acc=0.5510 test_loss=1.1335 test_acc=0.5947
Round 81 | selected=[53, 76, 15, 34, 78, 63, 89, 41, 37, 80]
Round 81 | train_loss=1.2713 train_acc=0.5460 test_loss=1.1357 test_acc=0.5885
Round 82 | selected=[5, 97, 18, 48, 24, 73, 69, 68, 33, 28]
Round 82 | train_loss=1.2510 train_acc=0.5366 test_loss=1.1935 test_acc=0.5712
Round 83 | selected=[22, 21, 32, 26, 64, 46, 76, 85, 33, 91]
Round 83 | train_loss=1.2121 train_acc=0.5606 test_loss=1.1249 test_acc=0.5953
Round 84 | selected=[35, 45, 84, 49, 93, 11, 20, 97, 87, 86]
Round 84 | train_loss=1.2402 train_acc=0.5526 test_loss=1.1583 test_acc=0.5814
Round 85 | selected=[60, 30, 22, 29, 73, 13, 34, 41, 8, 71]
Round 85 | train_loss=1.2183 train_acc=0.5522 test_loss=1.1015 test_acc=0.5993
Round 86 | selected=[56, 58, 86, 79, 49, 52, 51, 40, 87, 72]
Round 86 | train_loss=1.2070 train_acc=0.5628 test_loss=1.1276 test_acc=0.5941
Round 87 | selected=[62, 28, 18, 72, 43, 2, 46, 97, 90, 63]
Round 87 | train_loss=1.2220 train_acc=0.5654 test_loss=1.1259 test_acc=0.5914
Round 88 | selected=[89, 84, 71, 66, 22, 45, 51, 79, 18, 92]
Round 88 | train_loss=1.2083 train_acc=0.5636 test_loss=1.2106 test_acc=0.5647
Round 89 | selected=[97, 84, 67, 2, 12, 14, 93, 96, 38, 4]
Round 89 | train_loss=1.1988 train_acc=0.5740 test_loss=1.1207 test_acc=0.5951
Round 90 | selected=[25, 71, 59, 98, 65, 48, 13, 82, 68, 12]
Round 90 | train_loss=1.2065 train_acc=0.5706 test_loss=1.1783 test_acc=0.5750
Round 91 | selected=[15, 67, 29, 79, 0, 10, 21, 55, 24, 76]
Round 91 | train_loss=1.1988 train_acc=0.5648 test_loss=1.0948 test_acc=0.6076
Round 92 | selected=[2, 28, 29, 86, 73, 43, 88, 92, 56, 18]
Round 92 | train_loss=1.1777 train_acc=0.5774 test_loss=1.1149 test_acc=0.6003
Round 93 | selected=[78, 21, 62, 45, 39, 84, 89, 94, 81, 30]
Round 93 | train_loss=1.1760 train_acc=0.5718 test_loss=1.1129 test_acc=0.6033
Round 94 | selected=[95, 55, 71, 77, 59, 73, 22, 4, 75, 38]
Round 94 | train_loss=1.2016 train_acc=0.5662 test_loss=1.1222 test_acc=0.5980
Round 95 | selected=[87, 12, 2, 22, 27, 15, 80, 3, 84, 99]
Round 95 | train_loss=1.1782 train_acc=0.5716 test_loss=1.1099 test_acc=0.5996
Round 96 | selected=[90, 97, 67, 86, 56, 18, 55, 57, 82, 2]
Round 96 | train_loss=1.1780 train_acc=0.5712 test_loss=1.1259 test_acc=0.5983
Round 97 | selected=[0, 71, 1, 8, 24, 10, 50, 47, 3, 60]
Round 97 | train_loss=1.1654 train_acc=0.5788 test_loss=1.1073 test_acc=0.6111
Round 98 | selected=[34, 98, 39, 11, 43, 62, 81, 49, 13, 1]
Round 98 | train_loss=1.1686 train_acc=0.5790 test_loss=1.0999 test_acc=0.6089
Round 99 | selected=[51, 37, 48, 55, 70, 81, 67, 29, 9, 52]
Round 99 | train_loss=1.1480 train_acc=0.5938 test_loss=1.0813 test_acc=0.6023
Round 100 | selected=[77, 49, 65, 39, 10, 31, 73, 52, 34, 71]
Round 100 | train_loss=1.1527 train_acc=0.5792 test_loss=1.1113 test_acc=0.5997
Round 101 | selected=[40, 37, 72, 92, 67, 33, 46, 60, 74, 85]
Round 101 | train_loss=1.1634 train_acc=0.5824 test_loss=1.0575 test_acc=0.6240
Round 102 | selected=[57, 1, 99, 3, 61, 85, 5, 91, 37, 38]
Round 102 | train_loss=1.1720 train_acc=0.5810 test_loss=1.0413 test_acc=0.6294
Round 103 | selected=[28, 79, 4, 10, 63, 62, 86, 13, 67, 61]
Round 103 | train_loss=1.1519 train_acc=0.5760 test_loss=1.0346 test_acc=0.6265
Round 104 | selected=[59, 56, 26, 33, 9, 41, 86, 76, 67, 45]
Round 104 | train_loss=1.1473 train_acc=0.5844 test_loss=1.0415 test_acc=0.6227
Round 105 | selected=[52, 63, 32, 41, 16, 5, 20, 23, 97, 72]
Round 105 | train_loss=1.1505 train_acc=0.5834 test_loss=1.0611 test_acc=0.6203
Round 106 | selected=[49, 10, 37, 20, 12, 81, 41, 47, 72, 16]
Round 106 | train_loss=1.1162 train_acc=0.6038 test_loss=1.0326 test_acc=0.6324
Round 107 | selected=[16, 71, 17, 25, 32, 98, 14, 85, 47, 41]
Round 107 | train_loss=1.1411 train_acc=0.5802 test_loss=1.0633 test_acc=0.6146
Round 108 | selected=[87, 4, 41, 79, 63, 76, 52, 20, 80, 59]
Round 108 | train_loss=1.0953 train_acc=0.5972 test_loss=1.0580 test_acc=0.6204
Round 109 | selected=[49, 83, 22, 58, 84, 28, 53, 81, 99, 35]
Round 109 | train_loss=1.1530 train_acc=0.5880 test_loss=1.0261 test_acc=0.6299
Round 110 | selected=[60, 90, 88, 43, 73, 50, 57, 53, 24, 66]
Round 110 | train_loss=1.1358 train_acc=0.5922 test_loss=1.0556 test_acc=0.6229
Round 111 | selected=[32, 36, 78, 37, 3, 15, 16, 48, 79, 27]
Round 111 | train_loss=1.1284 train_acc=0.6002 test_loss=1.0289 test_acc=0.6299
Round 112 | selected=[56, 59, 63, 86, 68, 58, 54, 93, 43, 3]
Round 112 | train_loss=1.1321 train_acc=0.5942 test_loss=1.0266 test_acc=0.6329
Round 113 | selected=[29, 33, 24, 13, 26, 44, 56, 37, 11, 15]
Round 113 | train_loss=1.1254 train_acc=0.5964 test_loss=1.0853 test_acc=0.6120
Round 114 | selected=[42, 21, 43, 7, 2, 74, 83, 24, 54, 99]
Round 114 | train_loss=1.0900 train_acc=0.6132 test_loss=0.9948 test_acc=0.6391
Round 115 | selected=[24, 3, 25, 57, 68, 66, 39, 86, 65, 53]
Round 115 | train_loss=1.0756 train_acc=0.6082 test_loss=0.9802 test_acc=0.6499
Round 116 | selected=[3, 68, 2, 73, 98, 38, 76, 67, 85, 28]
Round 116 | train_loss=1.1025 train_acc=0.6038 test_loss=0.9988 test_acc=0.6458
Round 117 | selected=[23, 74, 78, 98, 27, 31, 33, 36, 91, 10]
Round 117 | train_loss=1.1089 train_acc=0.5992 test_loss=1.0379 test_acc=0.6276
Round 118 | selected=[56, 20, 79, 5, 84, 59, 39, 83, 31, 97]
Round 118 | train_loss=1.0709 train_acc=0.6144 test_loss=0.9962 test_acc=0.6381
Round 119 | selected=[87, 66, 96, 44, 3, 90, 13, 45, 4, 21]
Round 119 | train_loss=1.0789 train_acc=0.6084 test_loss=1.0150 test_acc=0.6325
Round 120 | selected=[3, 12, 73, 70, 41, 63, 51, 65, 75, 15]
Round 120 | train_loss=1.0781 train_acc=0.6134 test_loss=1.0034 test_acc=0.6376
Round 121 | selected=[82, 3, 53, 5, 95, 94, 49, 92, 1, 64]
Round 121 | train_loss=1.0616 train_acc=0.6134 test_loss=0.9965 test_acc=0.6467
Round 122 | selected=[57, 13, 89, 4, 28, 56, 72, 21, 86, 43]
Round 122 | train_loss=1.0541 train_acc=0.6210 test_loss=0.9975 test_acc=0.6466
Round 123 | selected=[55, 7, 62, 67, 65, 6, 38, 96, 84, 73]
Round 123 | train_loss=1.0754 train_acc=0.6172 test_loss=1.0033 test_acc=0.6325
Round 124 | selected=[52, 75, 68, 13, 61, 86, 9, 67, 22, 3]
Round 124 | train_loss=1.0606 train_acc=0.6252 test_loss=0.9566 test_acc=0.6536
Round 125 | selected=[40, 15, 99, 37, 73, 90, 60, 58, 35, 79]
Round 125 | train_loss=1.0918 train_acc=0.6070 test_loss=1.0131 test_acc=0.6401
Round 126 | selected=[74, 3, 0, 32, 77, 96, 5, 7, 71, 39]
Round 126 | train_loss=1.0486 train_acc=0.6194 test_loss=1.0262 test_acc=0.6379
Round 127 | selected=[29, 12, 93, 45, 91, 13, 74, 34, 58, 83]
Round 127 | train_loss=1.0722 train_acc=0.6090 test_loss=0.9800 test_acc=0.6495
Round 128 | selected=[48, 99, 82, 39, 85, 84, 93, 97, 69, 70]
Round 128 | train_loss=1.0464 train_acc=0.6256 test_loss=0.9678 test_acc=0.6546
Round 129 | selected=[35, 5, 16, 38, 77, 23, 20, 44, 88, 78]
Round 129 | train_loss=1.0419 train_acc=0.6284 test_loss=0.9615 test_acc=0.6537
Round 130 | selected=[79, 52, 24, 30, 72, 14, 62, 6, 94, 48]
Round 130 | train_loss=1.0287 train_acc=0.6326 test_loss=0.9930 test_acc=0.6442
Round 131 | selected=[36, 75, 59, 9, 32, 16, 86, 21, 2, 52]
Round 131 | train_loss=1.0386 train_acc=0.6272 test_loss=0.9421 test_acc=0.6576
Round 132 | selected=[81, 18, 35, 13, 53, 89, 57, 39, 38, 96]
Round 132 | train_loss=1.0355 train_acc=0.6224 test_loss=0.9454 test_acc=0.6654
Round 133 | selected=[21, 30, 63, 56, 72, 12, 5, 16, 87, 64]
Round 133 | train_loss=1.0095 train_acc=0.6412 test_loss=0.9293 test_acc=0.6715
Round 134 | selected=[95, 57, 78, 62, 97, 40, 70, 1, 67, 17]
Round 134 | train_loss=1.0272 train_acc=0.6302 test_loss=0.9501 test_acc=0.6603
Round 135 | selected=[62, 79, 71, 60, 11, 65, 94, 28, 80, 97]
Round 135 | train_loss=1.0221 train_acc=0.6342 test_loss=0.9533 test_acc=0.6636
Round 136 | selected=[18, 95, 11, 39, 6, 97, 54, 42, 38, 89]
Round 136 | train_loss=1.0322 train_acc=0.6322 test_loss=0.9428 test_acc=0.6617
Round 137 | selected=[54, 32, 31, 65, 98, 61, 15, 8, 91, 2]
Round 137 | train_loss=0.9959 train_acc=0.6494 test_loss=0.9540 test_acc=0.6549
Round 138 | selected=[36, 47, 11, 79, 45, 35, 18, 2, 71, 22]
Round 138 | train_loss=1.0321 train_acc=0.6302 test_loss=0.9579 test_acc=0.6595
Round 139 | selected=[75, 0, 82, 87, 90, 5, 15, 54, 80, 65]
Round 139 | train_loss=1.0334 train_acc=0.6304 test_loss=0.9506 test_acc=0.6618
Round 140 | selected=[10, 47, 80, 78, 30, 24, 82, 54, 93, 32]
Round 140 | train_loss=1.0136 train_acc=0.6298 test_loss=0.9432 test_acc=0.6642
Round 141 | selected=[77, 42, 38, 49, 23, 30, 95, 1, 44, 90]
Round 141 | train_loss=1.0138 train_acc=0.6400 test_loss=0.9628 test_acc=0.6552
Round 142 | selected=[50, 26, 55, 10, 40, 49, 90, 6, 76, 23]
Round 142 | train_loss=1.0030 train_acc=0.6408 test_loss=0.9152 test_acc=0.6744
Round 143 | selected=[4, 70, 50, 56, 15, 20, 8, 62, 96, 51]
Round 143 | train_loss=1.0022 train_acc=0.6366 test_loss=0.9084 test_acc=0.6749
Round 144 | selected=[41, 45, 6, 25, 58, 99, 39, 54, 27, 95]
Round 144 | train_loss=1.0062 train_acc=0.6338 test_loss=0.9183 test_acc=0.6753
Round 145 | selected=[58, 59, 19, 81, 97, 84, 64, 74, 34, 1]
Round 145 | train_loss=0.9984 train_acc=0.6480 test_loss=0.9448 test_acc=0.6719
Round 146 | selected=[16, 4, 20, 18, 83, 50, 43, 14, 81, 13]
Round 146 | train_loss=0.9869 train_acc=0.6492 test_loss=1.0216 test_acc=0.6374
Round 147 | selected=[76, 78, 53, 64, 62, 41, 58, 15, 33, 83]
Round 147 | train_loss=0.9918 train_acc=0.6466 test_loss=0.8974 test_acc=0.6791
Round 148 | selected=[12, 44, 20, 75, 3, 62, 66, 24, 25, 22]
Round 148 | train_loss=0.9998 train_acc=0.6406 test_loss=0.9012 test_acc=0.6785
Round 149 | selected=[36, 32, 61, 86, 11, 99, 70, 30, 5, 76]
Round 149 | train_loss=0.9823 train_acc=0.6496 test_loss=0.9738 test_acc=0.6622
Round 150 | selected=[97, 75, 20, 67, 18, 9, 17, 74, 62, 78]
Round 150 | train_loss=0.9802 train_acc=0.6560 test_loss=0.9146 test_acc=0.6751
Round 151 | selected=[84, 21, 11, 3, 4, 65, 87, 91, 17, 86]
Round 151 | train_loss=0.9712 train_acc=0.6612 test_loss=0.9077 test_acc=0.6770
Round 152 | selected=[60, 47, 95, 35, 62, 82, 70, 42, 6, 16]
Round 152 | train_loss=0.9774 train_acc=0.6488 test_loss=0.9245 test_acc=0.6689
Round 153 | selected=[32, 81, 8, 58, 85, 47, 12, 18, 24, 3]
Round 153 | train_loss=0.9507 train_acc=0.6612 test_loss=0.9143 test_acc=0.6728
Round 154 | selected=[90, 37, 57, 3, 58, 39, 31, 15, 74, 78]
Round 154 | train_loss=0.9892 train_acc=0.6480 test_loss=0.9345 test_acc=0.6687
Round 155 | selected=[18, 36, 21, 38, 90, 86, 62, 3, 33, 49]
Round 155 | train_loss=0.9822 train_acc=0.6416 test_loss=0.8854 test_acc=0.6824
Round 156 | selected=[89, 24, 84, 44, 4, 99, 91, 20, 88, 40]
Round 156 | train_loss=0.9492 train_acc=0.6640 test_loss=0.9251 test_acc=0.6688
Round 157 | selected=[45, 4, 2, 96, 31, 97, 80, 56, 7, 79]
Round 157 | train_loss=0.9613 train_acc=0.6568 test_loss=0.9262 test_acc=0.6696
Round 158 | selected=[86, 7, 66, 54, 72, 78, 6, 99, 25, 55]
Round 158 | train_loss=1.0112 train_acc=0.6406 test_loss=0.9410 test_acc=0.6678
Round 159 | selected=[82, 38, 99, 92, 44, 79, 34, 98, 86, 6]
Round 159 | train_loss=0.9893 train_acc=0.6414 test_loss=0.9314 test_acc=0.6708
Round 160 | selected=[50, 47, 33, 32, 72, 13, 67, 68, 86, 15]
Round 160 | train_loss=0.9538 train_acc=0.6612 test_loss=0.9020 test_acc=0.6819
Round 161 | selected=[74, 44, 57, 10, 60, 12, 92, 29, 34, 27]
Round 161 | train_loss=0.9549 train_acc=0.6598 test_loss=0.8748 test_acc=0.6927
Round 162 | selected=[30, 41, 94, 21, 88, 43, 14, 73, 46, 67]
Round 162 | train_loss=0.9714 train_acc=0.6484 test_loss=0.8759 test_acc=0.6901
Round 163 | selected=[71, 10, 1, 55, 57, 22, 23, 6, 20, 59]
Round 163 | train_loss=0.9498 train_acc=0.6612 test_loss=0.8645 test_acc=0.6943
Round 164 | selected=[41, 38, 13, 94, 81, 46, 49, 32, 97, 11]
Round 164 | train_loss=0.9247 train_acc=0.6688 test_loss=0.8727 test_acc=0.6888
Round 165 | selected=[8, 26, 15, 18, 46, 13, 44, 56, 20, 33]
Round 165 | train_loss=0.9419 train_acc=0.6660 test_loss=0.8979 test_acc=0.6817
Round 166 | selected=[14, 36, 34, 16, 12, 28, 73, 30, 56, 31]
Round 166 | train_loss=0.9728 train_acc=0.6498 test_loss=0.8678 test_acc=0.6846
Round 167 | selected=[99, 4, 21, 1, 53, 94, 72, 84, 39, 26]
Round 167 | train_loss=0.9450 train_acc=0.6644 test_loss=0.8772 test_acc=0.6902
Round 168 | selected=[49, 80, 87, 71, 22, 69, 5, 95, 55, 99]
Round 168 | train_loss=0.9145 train_acc=0.6716 test_loss=0.9082 test_acc=0.6793
Round 169 | selected=[78, 63, 77, 93, 82, 56, 1, 66, 53, 39]
Round 169 | train_loss=0.9783 train_acc=0.6450 test_loss=0.8970 test_acc=0.6811
Round 170 | selected=[77, 94, 62, 14, 9, 27, 90, 26, 81, 69]
Round 170 | train_loss=0.9431 train_acc=0.6640 test_loss=0.8391 test_acc=0.7027
Round 171 | selected=[70, 73, 42, 31, 95, 63, 17, 94, 79, 9]
Round 171 | train_loss=0.9381 train_acc=0.6674 test_loss=0.8786 test_acc=0.6859
Round 172 | selected=[99, 94, 34, 92, 91, 32, 9, 74, 72, 96]
Round 172 | train_loss=0.8974 train_acc=0.6800 test_loss=0.8593 test_acc=0.6982
Round 173 | selected=[63, 12, 65, 22, 71, 70, 54, 55, 21, 66]
Round 173 | train_loss=0.9355 train_acc=0.6600 test_loss=0.9319 test_acc=0.6703
Round 174 | selected=[53, 34, 58, 6, 59, 78, 83, 7, 89, 96]
Round 174 | train_loss=0.9561 train_acc=0.6638 test_loss=0.8517 test_acc=0.7008
Round 175 | selected=[0, 17, 22, 23, 61, 54, 39, 99, 79, 26]
Round 175 | train_loss=0.9512 train_acc=0.6594 test_loss=0.8816 test_acc=0.6871
Round 176 | selected=[36, 91, 30, 51, 90, 66, 16, 76, 47, 44]
Round 176 | train_loss=0.9258 train_acc=0.6736 test_loss=0.8792 test_acc=0.6895
Round 177 | selected=[66, 68, 14, 83, 19, 1, 90, 16, 45, 27]
Round 177 | train_loss=0.9278 train_acc=0.6684 test_loss=0.8835 test_acc=0.6934
Round 178 | selected=[54, 59, 40, 48, 62, 88, 93, 91, 82, 99]
Round 178 | train_loss=0.9024 train_acc=0.6846 test_loss=0.8533 test_acc=0.6997
Round 179 | selected=[84, 71, 19, 16, 66, 94, 99, 62, 80, 47]
Round 179 | train_loss=0.8842 train_acc=0.6812 test_loss=0.8693 test_acc=0.6923
Round 180 | selected=[97, 62, 90, 7, 83, 57, 50, 72, 8, 28]
Round 180 | train_loss=0.8993 train_acc=0.6768 test_loss=0.8787 test_acc=0.6948
Round 181 | selected=[8, 19, 0, 73, 91, 30, 98, 26, 57, 58]
Round 181 | train_loss=0.9145 train_acc=0.6794 test_loss=0.8299 test_acc=0.7071
Round 182 | selected=[78, 74, 4, 60, 94, 92, 81, 54, 40, 33]
Round 182 | train_loss=0.9177 train_acc=0.6776 test_loss=0.8334 test_acc=0.7082
Round 183 | selected=[85, 79, 5, 33, 49, 47, 7, 57, 22, 26]
Round 183 | train_loss=0.9165 train_acc=0.6678 test_loss=0.8566 test_acc=0.7008
Round 184 | selected=[27, 82, 37, 32, 89, 59, 76, 56, 15, 77]
Round 184 | train_loss=0.8888 train_acc=0.6804 test_loss=0.8286 test_acc=0.7043
Round 185 | selected=[31, 56, 90, 23, 14, 64, 75, 35, 53, 42]
Round 185 | train_loss=0.8948 train_acc=0.6772 test_loss=0.8367 test_acc=0.7059
Round 186 | selected=[62, 40, 78, 77, 47, 96, 9, 60, 61, 39]
Round 186 | train_loss=0.8695 train_acc=0.6888 test_loss=0.8692 test_acc=0.6995
Round 187 | selected=[23, 11, 97, 57, 72, 1, 63, 35, 46, 7]
Round 187 | train_loss=0.9267 train_acc=0.6618 test_loss=0.8202 test_acc=0.7125
Round 188 | selected=[75, 10, 64, 52, 27, 91, 81, 21, 62, 20]
Round 188 | train_loss=0.8709 train_acc=0.6956 test_loss=0.8084 test_acc=0.7122
Round 189 | selected=[19, 34, 33, 32, 72, 82, 2, 80, 83, 17]
Round 189 | train_loss=0.8997 train_acc=0.6738 test_loss=0.8310 test_acc=0.7049
Round 190 | selected=[37, 35, 3, 33, 96, 60, 30, 65, 81, 1]
Round 190 | train_loss=0.8997 train_acc=0.6790 test_loss=0.8363 test_acc=0.7019
Round 191 | selected=[33, 52, 91, 66, 18, 5, 1, 38, 79, 13]
Round 191 | train_loss=0.8994 train_acc=0.6862 test_loss=0.8135 test_acc=0.7083
Round 192 | selected=[23, 81, 26, 55, 63, 37, 59, 86, 93, 64]
Round 192 | train_loss=0.8893 train_acc=0.6856 test_loss=0.8202 test_acc=0.7146
Round 193 | selected=[26, 9, 1, 94, 29, 84, 63, 54, 46, 65]
Round 193 | train_loss=0.8955 train_acc=0.6870 test_loss=0.8021 test_acc=0.7178
Round 194 | selected=[34, 97, 52, 94, 31, 28, 72, 70, 11, 65]
Round 194 | train_loss=0.8645 train_acc=0.6874 test_loss=0.8689 test_acc=0.6992
Round 195 | selected=[3, 21, 23, 31, 93, 77, 78, 35, 16, 36]
Round 195 | train_loss=0.9013 train_acc=0.6752 test_loss=0.8267 test_acc=0.7081
Round 196 | selected=[76, 40, 52, 57, 9, 38, 53, 82, 74, 6]
Round 196 | train_loss=0.8872 train_acc=0.6850 test_loss=0.8162 test_acc=0.7157
Round 197 | selected=[6, 43, 48, 44, 19, 91, 29, 50, 2, 85]
Round 197 | train_loss=0.8272 train_acc=0.7084 test_loss=0.8044 test_acc=0.7129
Round 198 | selected=[64, 4, 70, 57, 49, 99, 92, 12, 74, 98]
Round 198 | train_loss=0.8438 train_acc=0.6980 test_loss=0.8272 test_acc=0.7082
Round 199 | selected=[76, 23, 39, 99, 40, 86, 65, 22, 50, 2]
Round 199 | train_loss=0.8531 train_acc=0.6986 test_loss=0.7914 test_acc=0.7165
Round 200 | selected=[16, 42, 72, 36, 65, 80, 61, 64, 49, 91]
Round 200 | train_loss=0.8270 train_acc=0.7028 test_loss=0.7907 test_acc=0.7186
Round 201 | selected=[62, 56, 48, 21, 23, 94, 78, 33, 71, 50]
Round 201 | train_loss=0.8574 train_acc=0.6996 test_loss=0.7743 test_acc=0.7272
Round 202 | selected=[40, 20, 17, 25, 38, 48, 63, 29, 30, 61]
Round 202 | train_loss=0.8681 train_acc=0.6922 test_loss=0.7918 test_acc=0.7251
Round 203 | selected=[51, 72, 77, 0, 40, 53, 14, 8, 55, 43]
Round 203 | train_loss=0.8235 train_acc=0.7120 test_loss=0.8264 test_acc=0.7142
Round 204 | selected=[77, 90, 5, 39, 31, 87, 67, 89, 93, 69]
Round 204 | train_loss=0.8541 train_acc=0.7000 test_loss=0.7884 test_acc=0.7207
Round 205 | selected=[5, 28, 60, 6, 2, 92, 46, 41, 48, 55]
Round 205 | train_loss=0.8480 train_acc=0.6992 test_loss=0.7933 test_acc=0.7202
Round 206 | selected=[45, 9, 15, 19, 41, 76, 66, 61, 42, 49]
Round 206 | train_loss=0.8452 train_acc=0.7056 test_loss=0.7866 test_acc=0.7226
Round 207 | selected=[50, 18, 78, 97, 24, 29, 34, 6, 56, 71]
Round 207 | train_loss=0.8464 train_acc=0.6958 test_loss=0.7741 test_acc=0.7259
Round 208 | selected=[19, 2, 64, 13, 59, 41, 16, 22, 57, 63]
Round 208 | train_loss=0.8319 train_acc=0.7038 test_loss=0.7983 test_acc=0.7217
Round 209 | selected=[86, 73, 71, 81, 21, 4, 64, 41, 24, 0]
Round 209 | train_loss=0.8548 train_acc=0.6970 test_loss=0.7630 test_acc=0.7341
Round 210 | selected=[22, 58, 0, 9, 32, 62, 93, 72, 40, 98]
Round 210 | train_loss=0.8428 train_acc=0.7054 test_loss=0.8045 test_acc=0.7208
Round 211 | selected=[57, 84, 82, 31, 16, 10, 6, 23, 79, 51]
Round 211 | train_loss=0.8547 train_acc=0.6894 test_loss=0.7613 test_acc=0.7348
Round 212 | selected=[6, 15, 98, 81, 67, 85, 66, 90, 74, 62]
Round 212 | train_loss=0.8248 train_acc=0.7078 test_loss=0.7645 test_acc=0.7331
Round 213 | selected=[55, 58, 18, 36, 83, 16, 85, 27, 63, 17]
Round 213 | train_loss=0.8746 train_acc=0.6908 test_loss=0.7688 test_acc=0.7317
Round 214 | selected=[94, 59, 71, 97, 63, 61, 22, 81, 46, 70]
Round 214 | train_loss=0.8108 train_acc=0.7126 test_loss=0.7533 test_acc=0.7367
Round 215 | selected=[61, 16, 47, 25, 78, 39, 52, 74, 91, 76]
Round 215 | train_loss=0.8153 train_acc=0.7174 test_loss=0.7613 test_acc=0.7297
Round 216 | selected=[28, 88, 74, 93, 38, 78, 76, 60, 6, 58]
Round 216 | train_loss=0.8303 train_acc=0.7038 test_loss=0.7821 test_acc=0.7287
Round 217 | selected=[64, 6, 17, 94, 77, 88, 39, 45, 80, 65]
Round 217 | train_loss=0.8106 train_acc=0.7170 test_loss=0.7555 test_acc=0.7317
Round 218 | selected=[65, 20, 57, 82, 92, 97, 76, 83, 19, 5]
Round 218 | train_loss=0.8139 train_acc=0.7120 test_loss=0.8619 test_acc=0.7000
Round 219 | selected=[99, 13, 43, 0, 33, 34, 81, 47, 78, 83]
Round 219 | train_loss=0.8180 train_acc=0.7114 test_loss=0.7752 test_acc=0.7317
Round 220 | selected=[40, 83, 60, 23, 11, 0, 26, 39, 15, 13]
Round 220 | train_loss=0.8374 train_acc=0.7028 test_loss=0.8160 test_acc=0.7122
Round 221 | selected=[22, 49, 12, 27, 19, 77, 99, 50, 61, 79]
Round 221 | train_loss=0.8028 train_acc=0.7194 test_loss=0.7857 test_acc=0.7223
Round 222 | selected=[99, 14, 39, 46, 41, 18, 55, 0, 68, 29]
Round 222 | train_loss=0.7935 train_acc=0.7270 test_loss=0.7489 test_acc=0.7390
Round 223 | selected=[3, 91, 1, 31, 70, 63, 88, 79, 84, 97]
Round 223 | train_loss=0.8218 train_acc=0.7050 test_loss=0.7634 test_acc=0.7296
Round 224 | selected=[54, 59, 88, 26, 60, 94, 98, 81, 5, 33]
Round 224 | train_loss=0.8118 train_acc=0.7130 test_loss=0.7330 test_acc=0.7445
Round 225 | selected=[20, 54, 15, 80, 76, 51, 43, 41, 56, 7]
Round 225 | train_loss=0.7999 train_acc=0.7226 test_loss=0.7633 test_acc=0.7309
Round 226 | selected=[72, 12, 39, 65, 81, 44, 83, 93, 37, 94]
Round 226 | train_loss=0.8058 train_acc=0.7138 test_loss=0.7544 test_acc=0.7411
Round 227 | selected=[75, 10, 40, 31, 0, 83, 54, 14, 37, 15]
Round 227 | train_loss=0.8179 train_acc=0.7086 test_loss=0.7628 test_acc=0.7377
Round 228 | selected=[81, 30, 83, 1, 62, 16, 92, 47, 93, 57]
Round 228 | train_loss=0.8037 train_acc=0.7204 test_loss=0.7524 test_acc=0.7433
Round 229 | selected=[28, 17, 36, 63, 49, 86, 57, 23, 34, 24]
Round 229 | train_loss=0.8296 train_acc=0.7064 test_loss=0.7702 test_acc=0.7327
Round 230 | selected=[84, 7, 13, 54, 61, 82, 0, 71, 42, 20]
Round 230 | train_loss=0.8077 train_acc=0.7102 test_loss=0.7819 test_acc=0.7275
Round 231 | selected=[5, 83, 24, 94, 2, 10, 12, 47, 18, 66]
Round 231 | train_loss=0.7825 train_acc=0.7238 test_loss=0.7581 test_acc=0.7300
Round 232 | selected=[90, 31, 26, 49, 71, 16, 52, 13, 88, 6]
Round 232 | train_loss=0.7766 train_acc=0.7250 test_loss=0.7594 test_acc=0.7383
Round 233 | selected=[50, 91, 28, 97, 49, 40, 7, 37, 73, 62]
Round 233 | train_loss=0.7910 train_acc=0.7202 test_loss=0.7425 test_acc=0.7379
Round 234 | selected=[76, 63, 98, 54, 39, 61, 79, 66, 2, 70]
Round 234 | train_loss=0.7936 train_acc=0.7196 test_loss=0.7587 test_acc=0.7349
Round 235 | selected=[81, 58, 6, 19, 34, 13, 69, 35, 28, 55]
Round 235 | train_loss=0.7891 train_acc=0.7212 test_loss=0.7483 test_acc=0.7411
Round 236 | selected=[89, 0, 40, 81, 23, 76, 71, 79, 27, 61]
Round 236 | train_loss=0.7794 train_acc=0.7248 test_loss=0.7817 test_acc=0.7337
Round 237 | selected=[98, 56, 59, 22, 55, 48, 82, 99, 16, 37]
Round 237 | train_loss=0.7714 train_acc=0.7264 test_loss=0.7323 test_acc=0.7393
Round 238 | selected=[4, 36, 53, 5, 43, 38, 62, 3, 25, 98]
Round 238 | train_loss=0.7946 train_acc=0.7252 test_loss=0.7557 test_acc=0.7389
Round 239 | selected=[40, 6, 11, 30, 74, 32, 61, 5, 93, 31]
Round 239 | train_loss=0.7665 train_acc=0.7282 test_loss=0.7621 test_acc=0.7378
Round 240 | selected=[92, 54, 74, 28, 7, 14, 8, 47, 78, 87]
Round 240 | train_loss=0.7922 train_acc=0.7176 test_loss=0.7493 test_acc=0.7454
Round 241 | selected=[1, 10, 6, 11, 86, 82, 59, 50, 42, 41]
Round 241 | train_loss=0.8051 train_acc=0.7148 test_loss=0.7256 test_acc=0.7462
Round 242 | selected=[30, 12, 68, 52, 89, 81, 6, 79, 2, 26]
Round 242 | train_loss=0.7650 train_acc=0.7298 test_loss=0.7115 test_acc=0.7505
Round 243 | selected=[52, 25, 30, 78, 91, 51, 74, 48, 38, 41]
Round 243 | train_loss=0.7846 train_acc=0.7166 test_loss=0.7019 test_acc=0.7508
Round 244 | selected=[92, 94, 46, 18, 87, 68, 90, 39, 50, 34]
Round 244 | train_loss=0.7772 train_acc=0.7274 test_loss=0.7258 test_acc=0.7462
Round 245 | selected=[32, 97, 99, 45, 85, 73, 52, 71, 75, 59]
Round 245 | train_loss=0.7836 train_acc=0.7326 test_loss=0.7047 test_acc=0.7517
Round 246 | selected=[68, 40, 88, 28, 31, 2, 97, 11, 76, 96]
Round 246 | train_loss=0.7581 train_acc=0.7318 test_loss=0.7376 test_acc=0.7457
Round 247 | selected=[33, 67, 64, 44, 14, 0, 10, 16, 2, 12]
Round 247 | train_loss=0.7533 train_acc=0.7314 test_loss=0.7137 test_acc=0.7491
Round 248 | selected=[55, 9, 28, 20, 78, 59, 6, 80, 77, 4]
Round 248 | train_loss=0.7451 train_acc=0.7390 test_loss=0.7364 test_acc=0.7476
Round 249 | selected=[88, 44, 19, 53, 80, 51, 36, 33, 59, 12]
Round 249 | train_loss=0.7413 train_acc=0.7336 test_loss=0.7201 test_acc=0.7493
Round 250 | selected=[50, 71, 97, 77, 19, 94, 7, 34, 37, 98]
Round 250 | train_loss=0.7620 train_acc=0.7320 test_loss=0.7101 test_acc=0.7525
Round 251 | selected=[7, 72, 46, 24, 9, 82, 3, 22, 26, 21]
Round 251 | train_loss=0.7687 train_acc=0.7324 test_loss=0.7356 test_acc=0.7476
Round 252 | selected=[19, 38, 51, 28, 43, 37, 34, 77, 84, 88]
Round 252 | train_loss=0.7756 train_acc=0.7304 test_loss=0.7165 test_acc=0.7521
Round 253 | selected=[15, 20, 36, 17, 38, 60, 83, 84, 54, 9]
Round 253 | train_loss=0.7722 train_acc=0.7250 test_loss=0.7084 test_acc=0.7528
Round 254 | selected=[47, 81, 1, 36, 32, 18, 40, 59, 94, 89]
Round 254 | train_loss=0.7449 train_acc=0.7420 test_loss=0.7817 test_acc=0.7359
Round 255 | selected=[57, 12, 26, 7, 44, 18, 82, 39, 38, 52]
Round 255 | train_loss=0.7582 train_acc=0.7312 test_loss=0.7365 test_acc=0.7442
Round 256 | selected=[51, 18, 64, 15, 37, 60, 61, 13, 0, 39]
Round 256 | train_loss=0.7311 train_acc=0.7322 test_loss=0.7231 test_acc=0.7512
Round 257 | selected=[13, 60, 6, 27, 31, 36, 12, 83, 81, 52]
Round 257 | train_loss=0.7265 train_acc=0.7418 test_loss=0.7580 test_acc=0.7403
Round 258 | selected=[28, 23, 80, 42, 29, 26, 33, 0, 61, 64]
Round 258 | train_loss=0.7638 train_acc=0.7412 test_loss=0.7595 test_acc=0.7458
Round 259 | selected=[33, 79, 83, 18, 51, 73, 39, 95, 65, 17]
Round 259 | train_loss=0.7534 train_acc=0.7342 test_loss=0.7098 test_acc=0.7521
Round 260 | selected=[41, 95, 84, 0, 63, 59, 47, 54, 29, 83]
Round 260 | train_loss=0.7421 train_acc=0.7412 test_loss=0.7368 test_acc=0.7524
Round 261 | selected=[89, 35, 94, 8, 95, 4, 27, 58, 79, 85]
Round 261 | train_loss=0.7471 train_acc=0.7324 test_loss=0.7549 test_acc=0.7428
Round 262 | selected=[65, 58, 28, 44, 24, 61, 36, 98, 31, 34]
Round 262 | train_loss=0.7453 train_acc=0.7382 test_loss=0.6923 test_acc=0.7616
Round 263 | selected=[27, 31, 88, 50, 52, 47, 38, 90, 77, 17]
Round 263 | train_loss=0.7411 train_acc=0.7390 test_loss=0.7096 test_acc=0.7538
Round 264 | selected=[63, 21, 3, 54, 47, 73, 67, 70, 7, 18]
Round 264 | train_loss=0.7700 train_acc=0.7292 test_loss=0.7085 test_acc=0.7565
Round 265 | selected=[13, 35, 20, 62, 75, 42, 19, 6, 8, 3]
Round 265 | train_loss=0.7054 train_acc=0.7542 test_loss=0.7289 test_acc=0.7475
Round 266 | selected=[51, 92, 85, 77, 46, 73, 70, 65, 68, 35]
Round 266 | train_loss=0.7298 train_acc=0.7428 test_loss=0.6770 test_acc=0.7631
Round 267 | selected=[48, 40, 0, 92, 52, 20, 1, 12, 21, 51]
Round 267 | train_loss=0.7070 train_acc=0.7578 test_loss=0.7208 test_acc=0.7551
Round 268 | selected=[56, 73, 44, 50, 87, 3, 24, 22, 70, 7]
Round 268 | train_loss=0.7211 train_acc=0.7468 test_loss=0.6963 test_acc=0.7563
Round 269 | selected=[46, 82, 1, 72, 2, 14, 0, 85, 42, 33]
Round 269 | train_loss=0.7335 train_acc=0.7454 test_loss=0.6996 test_acc=0.7587
Round 270 | selected=[35, 1, 99, 17, 8, 21, 30, 69, 2, 94]
Round 270 | train_loss=0.7178 train_acc=0.7474 test_loss=0.6860 test_acc=0.7633
Round 271 | selected=[19, 51, 9, 43, 7, 93, 89, 6, 70, 86]
Round 271 | train_loss=0.7337 train_acc=0.7412 test_loss=0.6957 test_acc=0.7560
Round 272 | selected=[73, 75, 32, 2, 60, 85, 66, 3, 46, 59]
Round 272 | train_loss=0.7350 train_acc=0.7354 test_loss=0.7101 test_acc=0.7587
Round 273 | selected=[16, 62, 59, 9, 84, 42, 47, 23, 56, 80]
Round 273 | train_loss=0.7223 train_acc=0.7500 test_loss=0.6942 test_acc=0.7595
Round 274 | selected=[69, 52, 44, 41, 32, 91, 9, 62, 73, 31]
Round 274 | train_loss=0.7138 train_acc=0.7466 test_loss=0.7370 test_acc=0.7526
Round 275 | selected=[33, 62, 86, 46, 88, 90, 40, 13, 69, 44]
Round 275 | train_loss=0.6825 train_acc=0.7598 test_loss=0.7097 test_acc=0.7559
Round 276 | selected=[72, 54, 14, 46, 35, 65, 69, 47, 12, 45]
Round 276 | train_loss=0.6910 train_acc=0.7490 test_loss=0.6697 test_acc=0.7678
Round 277 | selected=[14, 76, 59, 32, 30, 12, 71, 8, 49, 45]
Round 277 | train_loss=0.6673 train_acc=0.7598 test_loss=0.6743 test_acc=0.7649
Round 278 | selected=[35, 81, 52, 8, 99, 67, 56, 32, 94, 3]
Round 278 | train_loss=0.6839 train_acc=0.7534 test_loss=0.7129 test_acc=0.7620
Round 279 | selected=[0, 96, 5, 84, 24, 87, 4, 32, 85, 52]
Round 279 | train_loss=0.6939 train_acc=0.7614 test_loss=0.6757 test_acc=0.7650
Round 280 | selected=[19, 23, 96, 73, 71, 6, 54, 33, 63, 55]
Round 280 | train_loss=0.7315 train_acc=0.7402 test_loss=0.6766 test_acc=0.7672
Round 281 | selected=[98, 22, 19, 95, 55, 15, 45, 84, 87, 3]
Round 281 | train_loss=0.7049 train_acc=0.7550 test_loss=0.7491 test_acc=0.7532
Round 282 | selected=[14, 35, 65, 40, 20, 97, 22, 9, 54, 23]
Round 282 | train_loss=0.7026 train_acc=0.7478 test_loss=0.6864 test_acc=0.7655
Round 283 | selected=[99, 93, 22, 76, 8, 41, 4, 68, 17, 53]
Round 283 | train_loss=0.7115 train_acc=0.7550 test_loss=0.7567 test_acc=0.7515
Round 284 | selected=[16, 27, 33, 44, 50, 80, 9, 2, 37, 85]
Round 284 | train_loss=0.7187 train_acc=0.7474 test_loss=0.6987 test_acc=0.7628
Round 285 | selected=[78, 68, 37, 65, 38, 55, 26, 69, 4, 5]
Round 285 | train_loss=0.6969 train_acc=0.7586 test_loss=0.7322 test_acc=0.7575
Round 286 | selected=[67, 82, 31, 57, 77, 63, 3, 19, 88, 52]
Round 286 | train_loss=0.6906 train_acc=0.7578 test_loss=0.6883 test_acc=0.7668
Round 287 | selected=[85, 53, 10, 91, 43, 18, 52, 78, 5, 1]
Round 287 | train_loss=0.7056 train_acc=0.7542 test_loss=0.6943 test_acc=0.7668
Round 288 | selected=[41, 20, 28, 42, 25, 58, 84, 98, 62, 95]
Round 288 | train_loss=0.7398 train_acc=0.7408 test_loss=0.6688 test_acc=0.7685
Round 289 | selected=[69, 3, 22, 33, 19, 71, 96, 81, 18, 25]
Round 289 | train_loss=0.6992 train_acc=0.7598 test_loss=0.6718 test_acc=0.7723
Round 290 | selected=[41, 4, 24, 67, 16, 53, 22, 97, 34, 64]
Round 290 | train_loss=0.6960 train_acc=0.7566 test_loss=0.6427 test_acc=0.7823
Round 291 | selected=[70, 3, 60, 47, 19, 76, 49, 11, 16, 68]
Round 291 | train_loss=0.6911 train_acc=0.7528 test_loss=0.6569 test_acc=0.7771
Round 292 | selected=[67, 38, 34, 57, 6, 10, 58, 93, 37, 23]
Round 292 | train_loss=0.7376 train_acc=0.7358 test_loss=0.6532 test_acc=0.7746
Round 293 | selected=[64, 44, 21, 12, 90, 11, 98, 33, 43, 19]
Round 293 | train_loss=0.6421 train_acc=0.7774 test_loss=0.6640 test_acc=0.7737
Round 294 | selected=[79, 4, 30, 27, 81, 54, 74, 35, 70, 2]
Round 294 | train_loss=0.6742 train_acc=0.7616 test_loss=0.6666 test_acc=0.7715
Round 295 | selected=[51, 49, 8, 56, 68, 25, 91, 72, 17, 15]
Round 295 | train_loss=0.6582 train_acc=0.7762 test_loss=0.6630 test_acc=0.7782
Round 296 | selected=[57, 76, 33, 72, 30, 8, 96, 38, 19, 21]
Round 296 | train_loss=0.6737 train_acc=0.7618 test_loss=0.6501 test_acc=0.7737
Round 297 | selected=[25, 60, 63, 75, 42, 52, 98, 56, 2, 28]
Round 297 | train_loss=0.6830 train_acc=0.7582 test_loss=0.6899 test_acc=0.7661
Round 298 | selected=[20, 41, 87, 32, 27, 11, 82, 43, 78, 91]
Round 298 | train_loss=0.6826 train_acc=0.7638 test_loss=0.7185 test_acc=0.7605
Round 299 | selected=[93, 89, 79, 33, 90, 2, 8, 56, 95, 4]
Round 299 | train_loss=0.6753 train_acc=0.7568 test_loss=0.6909 test_acc=0.7642
Round 300 | selected=[18, 54, 5, 4, 28, 35, 3, 78, 52, 10]
Round 300 | train_loss=0.6863 train_acc=0.7586 test_loss=0.6754 test_acc=0.7735
Round 301 | selected=[57, 8, 13, 5, 68, 95, 77, 79, 63, 48]
Round 301 | train_loss=0.6532 train_acc=0.7648 test_loss=0.6754 test_acc=0.7723
Round 302 | selected=[32, 84, 30, 86, 90, 60, 35, 64, 11, 53]
Round 302 | train_loss=0.6789 train_acc=0.7610 test_loss=0.6962 test_acc=0.7675
Round 303 | selected=[88, 43, 9, 28, 61, 48, 76, 21, 93, 59]
Round 303 | train_loss=0.6630 train_acc=0.7668 test_loss=0.6758 test_acc=0.7702
Round 304 | selected=[99, 51, 95, 89, 34, 10, 83, 42, 52, 62]
Round 304 | train_loss=0.6787 train_acc=0.7590 test_loss=0.6713 test_acc=0.7700
Round 305 | selected=[58, 12, 79, 28, 53, 81, 38, 14, 27, 46]
Round 305 | train_loss=0.6848 train_acc=0.7618 test_loss=0.6752 test_acc=0.7711
Round 306 | selected=[31, 95, 87, 82, 20, 12, 72, 18, 1, 62]
Round 306 | train_loss=0.6684 train_acc=0.7678 test_loss=0.6485 test_acc=0.7746
Round 307 | selected=[10, 31, 28, 13, 60, 35, 36, 52, 72, 84]
Round 307 | train_loss=0.6818 train_acc=0.7564 test_loss=0.6645 test_acc=0.7757
Round 308 | selected=[19, 9, 52, 28, 35, 4, 21, 2, 57, 98]
Round 308 | train_loss=0.6208 train_acc=0.7848 test_loss=0.6170 test_acc=0.7861
Round 309 | selected=[67, 6, 27, 51, 74, 58, 40, 38, 71, 98]
Round 309 | train_loss=0.6871 train_acc=0.7558 test_loss=0.6565 test_acc=0.7747
Round 310 | selected=[83, 11, 66, 73, 23, 12, 34, 1, 65, 63]
Round 310 | train_loss=0.6766 train_acc=0.7616 test_loss=0.6559 test_acc=0.7792
Round 311 | selected=[5, 43, 81, 92, 82, 89, 93, 56, 16, 28]
Round 311 | train_loss=0.6693 train_acc=0.7660 test_loss=0.6309 test_acc=0.7854
Round 312 | selected=[53, 73, 61, 62, 91, 83, 45, 89, 1, 50]
Round 312 | train_loss=0.6841 train_acc=0.7616 test_loss=0.6403 test_acc=0.7820
Round 313 | selected=[17, 3, 77, 14, 99, 96, 21, 20, 42, 79]
Round 313 | train_loss=0.6508 train_acc=0.7724 test_loss=0.6667 test_acc=0.7750
Round 314 | selected=[47, 58, 81, 46, 24, 49, 60, 82, 80, 53]
Round 314 | train_loss=0.6422 train_acc=0.7682 test_loss=0.6504 test_acc=0.7796
Round 315 | selected=[99, 29, 20, 39, 60, 58, 18, 44, 32, 95]
Round 315 | train_loss=0.6538 train_acc=0.7732 test_loss=0.6685 test_acc=0.7753
Round 316 | selected=[42, 77, 38, 74, 99, 34, 78, 86, 52, 46]
Round 316 | train_loss=0.6492 train_acc=0.7738 test_loss=0.6551 test_acc=0.7753
Round 317 | selected=[0, 47, 94, 5, 29, 50, 40, 99, 11, 31]
Round 317 | train_loss=0.6340 train_acc=0.7770 test_loss=0.6509 test_acc=0.7796
Round 318 | selected=[51, 84, 92, 16, 17, 19, 31, 34, 39, 99]
Round 318 | train_loss=0.6422 train_acc=0.7782 test_loss=0.6369 test_acc=0.7859
Round 319 | selected=[55, 58, 37, 65, 9, 52, 88, 94, 93, 72]
Round 319 | train_loss=0.6662 train_acc=0.7716 test_loss=0.6531 test_acc=0.7757
Round 320 | selected=[25, 28, 5, 81, 2, 76, 54, 30, 91, 75]
Round 320 | train_loss=0.6475 train_acc=0.7742 test_loss=0.7131 test_acc=0.7578
Round 321 | selected=[59, 53, 29, 97, 15, 41, 8, 52, 9, 10]
Round 321 | train_loss=0.6610 train_acc=0.7694 test_loss=0.7174 test_acc=0.7609
Round 322 | selected=[64, 27, 71, 18, 47, 35, 33, 74, 13, 43]
Round 322 | train_loss=0.6238 train_acc=0.7890 test_loss=0.6479 test_acc=0.7788
Round 323 | selected=[87, 9, 65, 74, 79, 95, 68, 57, 23, 97]
Round 323 | train_loss=0.6427 train_acc=0.7720 test_loss=0.6446 test_acc=0.7795
Round 324 | selected=[70, 79, 67, 45, 40, 54, 75, 36, 24, 51]
Round 324 | train_loss=0.6540 train_acc=0.7678 test_loss=0.6204 test_acc=0.7877
Round 325 | selected=[61, 55, 1, 25, 50, 8, 98, 86, 33, 70]
Round 325 | train_loss=0.6543 train_acc=0.7718 test_loss=0.6508 test_acc=0.7796
Round 326 | selected=[16, 41, 52, 36, 70, 17, 46, 53, 15, 11]
Round 326 | train_loss=0.6553 train_acc=0.7724 test_loss=0.6415 test_acc=0.7808
Round 327 | selected=[18, 8, 66, 72, 4, 89, 6, 22, 24, 79]
Round 327 | train_loss=0.6324 train_acc=0.7752 test_loss=0.6861 test_acc=0.7734
Round 328 | selected=[29, 97, 11, 94, 7, 78, 20, 98, 4, 56]
Round 328 | train_loss=0.6353 train_acc=0.7800 test_loss=0.6143 test_acc=0.7903
Round 329 | selected=[5, 51, 84, 77, 81, 48, 38, 4, 93, 22]
Round 329 | train_loss=0.6407 train_acc=0.7706 test_loss=0.6432 test_acc=0.7829
Round 330 | selected=[25, 59, 48, 13, 38, 44, 95, 15, 50, 76]
Round 330 | train_loss=0.6226 train_acc=0.7846 test_loss=0.6487 test_acc=0.7797
Round 331 | selected=[73, 30, 33, 26, 69, 32, 62, 57, 11, 27]
Round 331 | train_loss=0.6453 train_acc=0.7708 test_loss=0.6200 test_acc=0.7882
Round 332 | selected=[33, 69, 48, 80, 19, 75, 14, 17, 35, 13]
Round 332 | train_loss=0.5977 train_acc=0.7866 test_loss=0.6272 test_acc=0.7894
Round 333 | selected=[52, 33, 71, 76, 63, 57, 85, 96, 58, 88]
Round 333 | train_loss=0.6469 train_acc=0.7738 test_loss=0.6408 test_acc=0.7855
Round 334 | selected=[30, 82, 24, 50, 10, 71, 11, 85, 21, 36]
Round 334 | train_loss=0.6441 train_acc=0.7728 test_loss=0.6247 test_acc=0.7898
Round 335 | selected=[38, 58, 44, 18, 32, 88, 75, 78, 22, 42]
Round 335 | train_loss=0.6459 train_acc=0.7756 test_loss=0.6191 test_acc=0.7959
Round 336 | selected=[67, 45, 87, 37, 74, 95, 30, 76, 34, 27]
Round 336 | train_loss=0.6197 train_acc=0.7786 test_loss=0.6592 test_acc=0.7764
Round 337 | selected=[66, 13, 43, 42, 37, 2, 97, 35, 79, 38]
Round 337 | train_loss=0.6102 train_acc=0.7826 test_loss=0.6074 test_acc=0.7932
Round 338 | selected=[36, 58, 25, 46, 22, 73, 76, 26, 0, 79]
Round 338 | train_loss=0.6446 train_acc=0.7702 test_loss=0.6235 test_acc=0.7881
Round 339 | selected=[88, 72, 10, 23, 22, 8, 52, 0, 93, 5]
Round 339 | train_loss=0.6361 train_acc=0.7800 test_loss=0.6123 test_acc=0.7914
Round 340 | selected=[16, 2, 65, 33, 43, 31, 61, 75, 95, 7]
Round 340 | train_loss=0.6337 train_acc=0.7802 test_loss=0.6071 test_acc=0.7974
Round 341 | selected=[22, 53, 1, 49, 64, 83, 93, 46, 5, 45]
Round 341 | train_loss=0.6130 train_acc=0.7800 test_loss=0.6182 test_acc=0.7900
Round 342 | selected=[6, 26, 29, 10, 86, 82, 50, 95, 56, 21]
Round 342 | train_loss=0.6409 train_acc=0.7776 test_loss=0.6529 test_acc=0.7860
Round 343 | selected=[31, 10, 28, 40, 93, 79, 88, 0, 69, 72]
Round 343 | train_loss=0.6233 train_acc=0.7792 test_loss=0.6193 test_acc=0.7913
Round 344 | selected=[29, 0, 96, 5, 15, 89, 6, 11, 62, 34]
Round 344 | train_loss=0.6302 train_acc=0.7788 test_loss=0.6087 test_acc=0.7898
Round 345 | selected=[7, 82, 42, 57, 92, 60, 33, 66, 99, 76]
Round 345 | train_loss=0.6153 train_acc=0.7832 test_loss=0.6056 test_acc=0.7949
Round 346 | selected=[4, 0, 35, 44, 49, 36, 72, 92, 31, 17]
Round 346 | train_loss=0.6232 train_acc=0.7778 test_loss=0.6055 test_acc=0.7956
Round 347 | selected=[34, 52, 90, 33, 25, 95, 78, 43, 83, 35]
Round 347 | train_loss=0.6046 train_acc=0.7830 test_loss=0.6129 test_acc=0.7928
Round 348 | selected=[69, 0, 84, 83, 38, 1, 11, 14, 77, 19]
Round 348 | train_loss=0.6278 train_acc=0.7746 test_loss=0.6246 test_acc=0.7909
Round 349 | selected=[69, 63, 98, 65, 43, 99, 71, 96, 19, 5]
Round 349 | train_loss=0.5914 train_acc=0.7920 test_loss=0.6033 test_acc=0.7994
Round 350 | selected=[33, 84, 54, 79, 8, 56, 12, 95, 59, 49]
Round 350 | train_loss=0.5976 train_acc=0.7878 test_loss=0.6320 test_acc=0.7882
Round 351 | selected=[82, 48, 7, 99, 89, 71, 40, 83, 5, 67]
Round 351 | train_loss=0.6112 train_acc=0.7878 test_loss=0.6789 test_acc=0.7774
Round 352 | selected=[73, 99, 4, 45, 26, 95, 70, 34, 78, 82]
Round 352 | train_loss=0.6273 train_acc=0.7802 test_loss=0.6105 test_acc=0.7927
Round 353 | selected=[55, 90, 51, 72, 0, 44, 28, 19, 85, 49]
Round 353 | train_loss=0.6062 train_acc=0.7870 test_loss=0.6060 test_acc=0.7968
Round 354 | selected=[90, 15, 82, 98, 80, 51, 42, 71, 10, 58]
Round 354 | train_loss=0.5986 train_acc=0.7934 test_loss=0.5932 test_acc=0.7994
Round 355 | selected=[53, 88, 1, 75, 70, 91, 87, 35, 51, 68]
Round 355 | train_loss=0.6146 train_acc=0.7870 test_loss=0.6005 test_acc=0.7962
Round 356 | selected=[80, 43, 32, 94, 27, 61, 69, 17, 71, 36]
Round 356 | train_loss=0.6056 train_acc=0.7830 test_loss=0.5971 test_acc=0.7989
Round 357 | selected=[61, 19, 30, 31, 38, 99, 3, 64, 36, 7]
Round 357 | train_loss=0.6001 train_acc=0.7862 test_loss=0.6002 test_acc=0.7980
Round 358 | selected=[33, 92, 3, 23, 19, 22, 83, 62, 38, 70]
Round 358 | train_loss=0.5770 train_acc=0.7978 test_loss=0.5964 test_acc=0.7979
Round 359 | selected=[84, 33, 94, 19, 31, 57, 43, 73, 35, 32]
Round 359 | train_loss=0.5978 train_acc=0.7840 test_loss=0.6055 test_acc=0.7968
Round 360 | selected=[44, 87, 52, 29, 58, 57, 60, 40, 72, 82]
Round 360 | train_loss=0.6161 train_acc=0.7896 test_loss=0.5917 test_acc=0.8017
Round 361 | selected=[22, 95, 67, 89, 4, 75, 31, 8, 53, 1]
Round 361 | train_loss=0.5910 train_acc=0.7966 test_loss=0.6106 test_acc=0.7943
Round 362 | selected=[85, 31, 1, 26, 88, 53, 37, 57, 95, 9]
Round 362 | train_loss=0.6055 train_acc=0.7902 test_loss=0.5935 test_acc=0.7990
Round 363 | selected=[90, 80, 88, 6, 37, 33, 60, 84, 64, 32]
Round 363 | train_loss=0.5763 train_acc=0.7960 test_loss=0.5975 test_acc=0.7999
Round 364 | selected=[89, 51, 39, 85, 69, 68, 18, 57, 49, 71]
Round 364 | train_loss=0.5751 train_acc=0.7898 test_loss=0.6105 test_acc=0.7981
Round 365 | selected=[89, 54, 97, 58, 49, 83, 29, 0, 74, 7]
Round 365 | train_loss=0.6073 train_acc=0.7904 test_loss=0.5966 test_acc=0.8023
Round 366 | selected=[27, 13, 20, 96, 58, 21, 51, 70, 8, 34]
Round 366 | train_loss=0.6024 train_acc=0.7870 test_loss=0.5932 test_acc=0.7982
Round 367 | selected=[63, 0, 10, 54, 85, 3, 94, 83, 28, 73]
Round 367 | train_loss=0.6077 train_acc=0.7932 test_loss=0.5862 test_acc=0.8016
Round 368 | selected=[38, 26, 28, 4, 80, 33, 87, 81, 34, 25]
Round 368 | train_loss=0.5908 train_acc=0.7912 test_loss=0.5945 test_acc=0.8020
Round 369 | selected=[86, 5, 0, 18, 41, 47, 49, 80, 10, 68]
Round 369 | train_loss=0.5808 train_acc=0.7922 test_loss=0.5828 test_acc=0.8013
Round 370 | selected=[47, 82, 1, 0, 83, 66, 52, 62, 68, 94]
Round 370 | train_loss=0.5776 train_acc=0.8008 test_loss=0.6123 test_acc=0.7980
Round 371 | selected=[39, 14, 71, 13, 75, 2, 34, 26, 37, 21]
Round 371 | train_loss=0.5962 train_acc=0.7922 test_loss=0.6203 test_acc=0.7917
Round 372 | selected=[28, 90, 25, 83, 36, 32, 74, 87, 14, 30]
Round 372 | train_loss=0.5935 train_acc=0.7908 test_loss=0.5995 test_acc=0.8004
Round 373 | selected=[53, 26, 24, 0, 28, 66, 58, 9, 22, 74]
Round 373 | train_loss=0.5982 train_acc=0.7932 test_loss=0.5943 test_acc=0.7992
Round 374 | selected=[73, 56, 29, 51, 65, 62, 9, 16, 97, 48]
Round 374 | train_loss=0.5778 train_acc=0.8000 test_loss=0.5753 test_acc=0.8063
Round 375 | selected=[53, 66, 63, 32, 48, 95, 70, 81, 5, 2]
Round 375 | train_loss=0.5634 train_acc=0.8058 test_loss=0.5958 test_acc=0.7997
Round 376 | selected=[51, 27, 69, 85, 38, 74, 26, 90, 24, 16]
Round 376 | train_loss=0.5949 train_acc=0.7896 test_loss=0.6081 test_acc=0.7968
Round 377 | selected=[10, 83, 60, 57, 89, 91, 42, 46, 82, 53]
Round 377 | train_loss=0.5735 train_acc=0.7974 test_loss=0.5992 test_acc=0.7979
Round 378 | selected=[0, 79, 2, 39, 88, 28, 63, 81, 1, 56]
Round 378 | train_loss=0.5663 train_acc=0.8008 test_loss=0.5937 test_acc=0.8023
Round 379 | selected=[19, 27, 16, 88, 7, 42, 65, 36, 97, 28]
Round 379 | train_loss=0.5579 train_acc=0.8108 test_loss=0.5924 test_acc=0.8039
Round 380 | selected=[40, 23, 7, 11, 53, 0, 60, 78, 95, 1]
Round 380 | train_loss=0.5828 train_acc=0.8002 test_loss=0.6219 test_acc=0.7888
Round 381 | selected=[97, 32, 19, 11, 34, 87, 49, 48, 83, 60]
Round 381 | train_loss=0.5691 train_acc=0.8014 test_loss=0.5969 test_acc=0.8005
Round 382 | selected=[63, 56, 31, 73, 42, 75, 14, 33, 76, 57]
Round 382 | train_loss=0.5611 train_acc=0.7982 test_loss=0.5818 test_acc=0.8032
Round 383 | selected=[22, 94, 51, 6, 1, 14, 90, 8, 0, 23]
Round 383 | train_loss=0.5611 train_acc=0.8036 test_loss=0.5861 test_acc=0.8056
Round 384 | selected=[92, 74, 51, 65, 67, 76, 59, 25, 72, 97]
Round 384 | train_loss=0.5691 train_acc=0.8054 test_loss=0.5919 test_acc=0.7976
Round 385 | selected=[94, 99, 12, 70, 59, 26, 31, 40, 84, 11]
Round 385 | train_loss=0.5714 train_acc=0.8012 test_loss=0.5782 test_acc=0.8097
Round 386 | selected=[37, 54, 88, 20, 94, 61, 43, 80, 4, 29]
Round 386 | train_loss=0.5691 train_acc=0.7986 test_loss=0.5715 test_acc=0.8081
Round 387 | selected=[66, 16, 80, 70, 1, 36, 90, 56, 65, 9]
Round 387 | train_loss=0.5986 train_acc=0.7960 test_loss=0.5756 test_acc=0.8058
Round 388 | selected=[24, 63, 91, 99, 53, 43, 62, 47, 55, 70]
Round 388 | train_loss=0.5478 train_acc=0.8124 test_loss=0.5673 test_acc=0.8079
Round 389 | selected=[65, 21, 41, 35, 20, 40, 22, 78, 15, 32]
Round 389 | train_loss=0.5758 train_acc=0.7922 test_loss=0.6078 test_acc=0.8031
Round 390 | selected=[72, 45, 76, 80, 93, 54, 20, 49, 86, 64]
Round 390 | train_loss=0.5714 train_acc=0.7976 test_loss=0.6069 test_acc=0.7972
Round 391 | selected=[49, 29, 34, 35, 63, 18, 3, 44, 96, 24]
Round 391 | train_loss=0.5730 train_acc=0.7970 test_loss=0.5666 test_acc=0.8090
Round 392 | selected=[12, 31, 21, 78, 84, 40, 33, 91, 19, 14]
Round 392 | train_loss=0.5460 train_acc=0.8198 test_loss=0.6033 test_acc=0.8003
Round 393 | selected=[82, 87, 56, 39, 27, 64, 84, 78, 1, 98]
Round 393 | train_loss=0.5614 train_acc=0.8032 test_loss=0.5892 test_acc=0.8057
Round 394 | selected=[67, 40, 92, 19, 77, 72, 81, 0, 34, 15]
Round 394 | train_loss=0.5816 train_acc=0.7988 test_loss=0.5933 test_acc=0.7991
Round 395 | selected=[62, 65, 34, 49, 47, 97, 66, 12, 45, 26]
Round 395 | train_loss=0.5578 train_acc=0.8066 test_loss=0.5819 test_acc=0.8067
Round 396 | selected=[66, 74, 94, 5, 93, 60, 2, 75, 22, 85]
Round 396 | train_loss=0.5777 train_acc=0.7928 test_loss=0.6694 test_acc=0.7795
Round 397 | selected=[13, 37, 42, 93, 58, 54, 9, 50, 75, 35]
Round 397 | train_loss=0.5928 train_acc=0.7930 test_loss=0.5598 test_acc=0.8138
Round 398 | selected=[42, 70, 13, 45, 43, 32, 17, 22, 87, 50]
Round 398 | train_loss=0.5590 train_acc=0.8024 test_loss=0.5647 test_acc=0.8121
Round 399 | selected=[88, 56, 36, 70, 41, 44, 39, 46, 93, 37]
Round 399 | train_loss=0.5930 train_acc=0.7944 test_loss=0.5821 test_acc=0.8044
Round 400 | selected=[14, 99, 3, 21, 87, 38, 86, 93, 94, 67]
Round 400 | train_loss=0.5857 train_acc=0.7960 test_loss=0.5746 test_acc=0.8084
Round 401 | selected=[1, 76, 41, 84, 67, 55, 70, 56, 37, 31]
Round 401 | train_loss=0.5570 train_acc=0.8038 test_loss=0.5595 test_acc=0.8118
Round 402 | selected=[88, 97, 80, 43, 56, 12, 0, 54, 93, 72]
Round 402 | train_loss=0.5380 train_acc=0.8088 test_loss=0.5817 test_acc=0.8055
Round 403 | selected=[22, 53, 57, 86, 56, 68, 21, 47, 74, 73]
Round 403 | train_loss=0.5589 train_acc=0.8096 test_loss=0.5602 test_acc=0.8159
Round 404 | selected=[94, 54, 73, 95, 3, 36, 4, 64, 45, 29]
Round 404 | train_loss=0.5458 train_acc=0.8086 test_loss=0.5572 test_acc=0.8132
Round 405 | selected=[58, 21, 63, 16, 73, 93, 30, 70, 34, 54]
Round 405 | train_loss=0.5829 train_acc=0.7956 test_loss=0.6203 test_acc=0.7977
Round 406 | selected=[55, 81, 49, 89, 16, 50, 27, 76, 99, 79]
Round 406 | train_loss=0.5437 train_acc=0.8112 test_loss=0.5691 test_acc=0.8098
Round 407 | selected=[18, 99, 11, 35, 91, 70, 7, 23, 46, 65]
Round 407 | train_loss=0.5593 train_acc=0.8054 test_loss=0.5641 test_acc=0.8120
Round 408 | selected=[55, 23, 60, 78, 67, 48, 56, 59, 45, 8]
Round 408 | train_loss=0.5244 train_acc=0.8188 test_loss=0.5726 test_acc=0.8110
Round 409 | selected=[51, 34, 37, 11, 22, 88, 86, 77, 56, 79]
Round 409 | train_loss=0.5394 train_acc=0.8124 test_loss=0.5838 test_acc=0.8062
Round 410 | selected=[59, 47, 34, 27, 45, 11, 51, 14, 42, 46]
Round 410 | train_loss=0.5130 train_acc=0.8222 test_loss=0.5678 test_acc=0.8111
Round 411 | selected=[20, 97, 55, 64, 75, 63, 15, 95, 35, 13]
Round 411 | train_loss=0.5352 train_acc=0.8140 test_loss=0.5658 test_acc=0.8163
Round 412 | selected=[0, 12, 32, 63, 14, 50, 94, 21, 54, 52]
Round 412 | train_loss=0.5498 train_acc=0.8048 test_loss=0.5650 test_acc=0.8138
Round 413 | selected=[52, 85, 22, 3, 14, 19, 49, 47, 98, 1]
Round 413 | train_loss=0.5206 train_acc=0.8154 test_loss=0.5814 test_acc=0.8094
Round 414 | selected=[53, 83, 96, 50, 57, 93, 87, 44, 95, 85]
Round 414 | train_loss=0.5566 train_acc=0.8078 test_loss=0.5695 test_acc=0.8113
Round 415 | selected=[55, 24, 30, 66, 43, 39, 44, 33, 90, 8]
Round 415 | train_loss=0.5387 train_acc=0.8132 test_loss=0.5810 test_acc=0.8120
Round 416 | selected=[84, 92, 44, 13, 91, 28, 74, 58, 96, 72]
Round 416 | train_loss=0.5666 train_acc=0.7994 test_loss=0.5480 test_acc=0.8184
Round 417 | selected=[11, 67, 2, 85, 28, 87, 82, 5, 59, 68]
Round 417 | train_loss=0.5455 train_acc=0.8068 test_loss=0.5385 test_acc=0.8211
Round 418 | selected=[85, 39, 80, 93, 96, 82, 41, 60, 81, 25]
Round 418 | train_loss=0.5539 train_acc=0.8090 test_loss=0.5806 test_acc=0.8067
Round 419 | selected=[18, 8, 87, 33, 55, 95, 64, 74, 62, 31]
Round 419 | train_loss=0.5278 train_acc=0.8178 test_loss=0.5466 test_acc=0.8169
Round 420 | selected=[97, 74, 13, 77, 54, 18, 72, 86, 67, 63]
Round 420 | train_loss=0.5507 train_acc=0.8094 test_loss=0.5646 test_acc=0.8161
Round 421 | selected=[77, 16, 23, 27, 98, 37, 33, 88, 67, 40]
Round 421 | train_loss=0.5627 train_acc=0.8078 test_loss=0.5720 test_acc=0.8110
Round 422 | selected=[25, 88, 81, 31, 72, 96, 26, 69, 94, 36]
Round 422 | train_loss=0.5484 train_acc=0.8116 test_loss=0.5454 test_acc=0.8163
Round 423 | selected=[75, 89, 24, 37, 5, 67, 48, 21, 59, 99]
Round 423 | train_loss=0.5228 train_acc=0.8158 test_loss=0.5665 test_acc=0.8105
Round 424 | selected=[80, 52, 4, 99, 67, 96, 60, 20, 93, 32]
Round 424 | train_loss=0.5144 train_acc=0.8204 test_loss=0.6138 test_acc=0.7960
Round 425 | selected=[48, 2, 25, 0, 77, 76, 58, 73, 24, 35]
Round 425 | train_loss=0.5418 train_acc=0.8074 test_loss=0.6080 test_acc=0.8049
Round 426 | selected=[15, 63, 75, 85, 80, 47, 93, 69, 54, 68]
Round 426 | train_loss=0.5445 train_acc=0.8114 test_loss=0.5758 test_acc=0.8116
Round 427 | selected=[14, 27, 90, 69, 13, 53, 19, 76, 93, 39]
Round 427 | train_loss=0.5077 train_acc=0.8202 test_loss=0.5383 test_acc=0.8204
Round 428 | selected=[96, 63, 38, 81, 43, 83, 99, 18, 53, 37]
Round 428 | train_loss=0.5277 train_acc=0.8130 test_loss=0.5438 test_acc=0.8173
Round 429 | selected=[29, 18, 25, 69, 89, 73, 31, 16, 5, 54]
Round 429 | train_loss=0.5302 train_acc=0.8158 test_loss=0.5604 test_acc=0.8148
Round 430 | selected=[29, 60, 98, 53, 28, 69, 54, 38, 96, 67]
Round 430 | train_loss=0.5303 train_acc=0.8138 test_loss=0.5344 test_acc=0.8194
Round 431 | selected=[40, 64, 45, 59, 56, 6, 55, 62, 7, 91]
Round 431 | train_loss=0.4971 train_acc=0.8220 test_loss=0.5641 test_acc=0.8113
Round 432 | selected=[75, 14, 87, 72, 3, 38, 24, 49, 76, 16]
Round 432 | train_loss=0.5274 train_acc=0.8134 test_loss=0.5740 test_acc=0.8137
Round 433 | selected=[62, 0, 71, 32, 10, 13, 84, 20, 99, 26]
Round 433 | train_loss=0.5313 train_acc=0.8204 test_loss=0.5539 test_acc=0.8188
Round 434 | selected=[28, 61, 82, 92, 72, 18, 15, 47, 87, 11]
Round 434 | train_loss=0.5289 train_acc=0.8158 test_loss=0.5624 test_acc=0.8129
Round 435 | selected=[82, 0, 77, 4, 65, 13, 99, 11, 30, 43]
Round 435 | train_loss=0.4967 train_acc=0.8276 test_loss=0.5616 test_acc=0.8156
Round 436 | selected=[67, 10, 73, 65, 20, 47, 24, 90, 92, 91]
Round 436 | train_loss=0.5195 train_acc=0.8186 test_loss=0.5392 test_acc=0.8204
Round 437 | selected=[49, 23, 34, 82, 80, 2, 67, 93, 42, 14]
Round 437 | train_loss=0.5384 train_acc=0.8114 test_loss=0.5611 test_acc=0.8095
Round 438 | selected=[6, 60, 46, 3, 89, 1, 91, 47, 88, 72]
Round 438 | train_loss=0.5139 train_acc=0.8184 test_loss=0.5686 test_acc=0.8110
Round 439 | selected=[51, 79, 59, 7, 4, 72, 10, 71, 16, 1]
Round 439 | train_loss=0.5068 train_acc=0.8202 test_loss=0.5335 test_acc=0.8227
Round 440 | selected=[43, 59, 74, 90, 53, 26, 38, 86, 48, 2]
Round 440 | train_loss=0.5110 train_acc=0.8230 test_loss=0.5608 test_acc=0.8180
Round 441 | selected=[78, 79, 24, 1, 87, 61, 33, 85, 54, 96]
Round 441 | train_loss=0.5327 train_acc=0.8124 test_loss=0.5581 test_acc=0.8149
Round 442 | selected=[50, 29, 11, 71, 20, 9, 85, 67, 2, 42]
Round 442 | train_loss=0.5116 train_acc=0.8246 test_loss=0.5552 test_acc=0.8174
Round 443 | selected=[97, 7, 81, 6, 39, 34, 76, 65, 84, 17]
Round 443 | train_loss=0.5132 train_acc=0.8220 test_loss=0.5360 test_acc=0.8196
Round 444 | selected=[23, 68, 64, 41, 17, 51, 34, 78, 12, 57]
Round 444 | train_loss=0.5288 train_acc=0.8188 test_loss=0.5677 test_acc=0.8143
Round 445 | selected=[18, 10, 28, 70, 45, 4, 60, 49, 58, 8]
Round 445 | train_loss=0.5292 train_acc=0.8136 test_loss=0.5720 test_acc=0.8113
Round 446 | selected=[47, 51, 45, 62, 53, 80, 22, 0, 83, 96]
Round 446 | train_loss=0.5085 train_acc=0.8206 test_loss=0.5567 test_acc=0.8143
Round 447 | selected=[60, 45, 43, 88, 29, 46, 67, 25, 74, 51]
Round 447 | train_loss=0.5091 train_acc=0.8214 test_loss=0.5581 test_acc=0.8172
Round 448 | selected=[86, 26, 20, 74, 45, 82, 94, 33, 81, 58]
Round 448 | train_loss=0.5244 train_acc=0.8224 test_loss=0.5344 test_acc=0.8232
Round 449 | selected=[86, 78, 90, 22, 24, 39, 5, 77, 4, 71]
Round 449 | train_loss=0.5080 train_acc=0.8228 test_loss=0.5628 test_acc=0.8145
Round 450 | selected=[84, 1, 17, 43, 94, 12, 76, 46, 80, 66]
Round 450 | train_loss=0.5184 train_acc=0.8192 test_loss=0.5569 test_acc=0.8157
Round 451 | selected=[60, 69, 13, 97, 79, 39, 4, 19, 94, 46]
Round 451 | train_loss=0.4811 train_acc=0.8340 test_loss=0.5698 test_acc=0.8112
Round 452 | selected=[77, 45, 56, 97, 1, 59, 14, 89, 21, 85]
Round 452 | train_loss=0.4937 train_acc=0.8260 test_loss=0.5526 test_acc=0.8166
Round 453 | selected=[90, 48, 83, 53, 95, 14, 67, 60, 29, 69]
Round 453 | train_loss=0.5030 train_acc=0.8254 test_loss=0.5466 test_acc=0.8166
Round 454 | selected=[89, 93, 2, 74, 64, 62, 13, 15, 68, 1]
Round 454 | train_loss=0.5133 train_acc=0.8244 test_loss=0.5427 test_acc=0.8231
Round 455 | selected=[61, 85, 10, 66, 62, 43, 98, 37, 91, 30]
Round 455 | train_loss=0.5335 train_acc=0.8110 test_loss=0.5395 test_acc=0.8202
Round 456 | selected=[45, 87, 41, 25, 34, 18, 33, 11, 39, 83]
Round 456 | train_loss=0.5250 train_acc=0.8168 test_loss=0.5608 test_acc=0.8143
Round 457 | selected=[86, 23, 31, 68, 55, 17, 15, 97, 43, 4]
Round 457 | train_loss=0.5176 train_acc=0.8166 test_loss=0.6326 test_acc=0.7976
Round 458 | selected=[67, 90, 85, 55, 16, 37, 75, 66, 92, 53]
Round 458 | train_loss=0.5239 train_acc=0.8206 test_loss=0.5354 test_acc=0.8241
Round 459 | selected=[49, 26, 79, 37, 92, 63, 55, 90, 99, 22]
Round 459 | train_loss=0.5103 train_acc=0.8244 test_loss=0.5573 test_acc=0.8187
Round 460 | selected=[70, 97, 61, 88, 4, 64, 86, 22, 31, 29]
Round 460 | train_loss=0.4963 train_acc=0.8278 test_loss=0.5337 test_acc=0.8212
Round 461 | selected=[70, 40, 21, 10, 3, 68, 37, 83, 1, 98]
Round 461 | train_loss=0.5049 train_acc=0.8304 test_loss=0.5387 test_acc=0.8214
Round 462 | selected=[15, 96, 85, 22, 99, 84, 51, 55, 1, 28]
Round 462 | train_loss=0.4975 train_acc=0.8264 test_loss=0.5497 test_acc=0.8192
Round 463 | selected=[53, 45, 91, 54, 6, 24, 7, 16, 67, 97]
Round 463 | train_loss=0.4746 train_acc=0.8352 test_loss=0.5607 test_acc=0.8133
Round 464 | selected=[35, 71, 4, 89, 80, 52, 44, 36, 42, 11]
Round 464 | train_loss=0.5228 train_acc=0.8152 test_loss=0.5970 test_acc=0.8059
Round 465 | selected=[86, 1, 57, 68, 31, 74, 88, 20, 21, 91]
Round 465 | train_loss=0.4977 train_acc=0.8242 test_loss=0.5725 test_acc=0.8094
Round 466 | selected=[76, 52, 42, 1, 80, 10, 88, 58, 95, 8]
Round 466 | train_loss=0.4922 train_acc=0.8372 test_loss=0.5346 test_acc=0.8236
Round 467 | selected=[17, 25, 53, 69, 83, 98, 3, 7, 21, 87]
Round 467 | train_loss=0.5113 train_acc=0.8184 test_loss=0.5401 test_acc=0.8235
Round 468 | selected=[30, 99, 10, 33, 74, 59, 14, 25, 32, 86]
Round 468 | train_loss=0.4759 train_acc=0.8324 test_loss=0.5712 test_acc=0.8150
Round 469 | selected=[70, 75, 76, 19, 21, 90, 66, 14, 82, 33]
Round 469 | train_loss=0.4871 train_acc=0.8334 test_loss=0.5548 test_acc=0.8193
Round 470 | selected=[78, 83, 38, 49, 53, 81, 37, 76, 31, 4]
Round 470 | train_loss=0.4737 train_acc=0.8346 test_loss=0.5854 test_acc=0.8139
Round 471 | selected=[26, 61, 25, 15, 39, 66, 71, 72, 1, 40]
Round 471 | train_loss=0.5193 train_acc=0.8226 test_loss=0.5849 test_acc=0.8129
Round 472 | selected=[29, 8, 95, 0, 51, 62, 73, 68, 61, 24]
Round 472 | train_loss=0.5057 train_acc=0.8252 test_loss=0.5553 test_acc=0.8152
Round 473 | selected=[95, 28, 49, 83, 11, 31, 1, 65, 63, 74]
Round 473 | train_loss=0.4799 train_acc=0.8290 test_loss=0.5124 test_acc=0.8306
Round 474 | selected=[48, 42, 71, 63, 36, 57, 13, 35, 92, 60]
Round 474 | train_loss=0.5219 train_acc=0.8162 test_loss=0.5498 test_acc=0.8186
Round 475 | selected=[56, 25, 10, 83, 37, 92, 66, 33, 81, 73]
Round 475 | train_loss=0.4972 train_acc=0.8270 test_loss=0.5259 test_acc=0.8229
Round 476 | selected=[1, 30, 64, 48, 82, 69, 60, 3, 78, 73]
Round 476 | train_loss=0.4934 train_acc=0.8324 test_loss=0.5603 test_acc=0.8145
Round 477 | selected=[91, 93, 20, 17, 87, 23, 0, 3, 53, 67]
Round 477 | train_loss=0.5006 train_acc=0.8304 test_loss=0.5671 test_acc=0.8126
Round 478 | selected=[31, 74, 30, 23, 58, 78, 20, 5, 56, 6]
Round 478 | train_loss=0.4856 train_acc=0.8308 test_loss=0.5474 test_acc=0.8225
Round 479 | selected=[99, 21, 45, 30, 93, 85, 58, 97, 56, 13]
Round 479 | train_loss=0.4834 train_acc=0.8334 test_loss=0.5519 test_acc=0.8209
Round 480 | selected=[62, 29, 37, 54, 51, 93, 33, 59, 4, 16]
Round 480 | train_loss=0.4748 train_acc=0.8402 test_loss=0.5237 test_acc=0.8291
Round 481 | selected=[63, 58, 57, 77, 98, 21, 18, 1, 24, 5]
Round 481 | train_loss=0.5142 train_acc=0.8190 test_loss=0.5773 test_acc=0.8097
Round 482 | selected=[51, 31, 14, 17, 13, 45, 70, 89, 63, 48]
Round 482 | train_loss=0.4655 train_acc=0.8328 test_loss=0.5291 test_acc=0.8225
Round 483 | selected=[73, 39, 8, 94, 58, 98, 10, 29, 31, 95]
Round 483 | train_loss=0.5062 train_acc=0.8226 test_loss=0.5525 test_acc=0.8207
Round 484 | selected=[96, 98, 50, 32, 25, 12, 59, 69, 87, 15]
Round 484 | train_loss=0.4829 train_acc=0.8354 test_loss=0.5659 test_acc=0.8133
Round 485 | selected=[56, 25, 32, 19, 10, 77, 80, 88, 94, 2]
Round 485 | train_loss=0.4634 train_acc=0.8414 test_loss=0.5304 test_acc=0.8260
Round 486 | selected=[65, 46, 32, 58, 95, 92, 23, 52, 18, 75]
Round 486 | train_loss=0.5098 train_acc=0.8244 test_loss=0.5480 test_acc=0.8230
Round 487 | selected=[45, 85, 58, 0, 93, 42, 8, 13, 52, 88]
Round 487 | train_loss=0.4783 train_acc=0.8368 test_loss=0.5440 test_acc=0.8198
Round 488 | selected=[19, 7, 9, 50, 56, 93, 53, 31, 22, 8]
Round 488 | train_loss=0.4716 train_acc=0.8392 test_loss=0.5237 test_acc=0.8275
Round 489 | selected=[95, 10, 58, 52, 94, 88, 68, 87, 50, 59]
Round 489 | train_loss=0.4651 train_acc=0.8428 test_loss=0.5548 test_acc=0.8180
Round 490 | selected=[1, 53, 82, 11, 36, 5, 95, 24, 42, 56]
Round 490 | train_loss=0.4700 train_acc=0.8354 test_loss=0.5356 test_acc=0.8249
Round 491 | selected=[91, 41, 85, 48, 45, 46, 6, 99, 1, 92]
Round 491 | train_loss=0.4716 train_acc=0.8414 test_loss=0.5228 test_acc=0.8261
Round 492 | selected=[88, 56, 24, 98, 58, 26, 70, 13, 9, 99]
Round 492 | train_loss=0.4616 train_acc=0.8394 test_loss=0.5550 test_acc=0.8185
Round 493 | selected=[39, 62, 79, 46, 91, 78, 7, 19, 51, 18]
Round 493 | train_loss=0.4986 train_acc=0.8270 test_loss=0.5390 test_acc=0.8227
Round 494 | selected=[12, 31, 21, 40, 68, 17, 97, 50, 26, 80]
Round 494 | train_loss=0.4848 train_acc=0.8322 test_loss=0.5272 test_acc=0.8249
Round 495 | selected=[14, 84, 21, 22, 19, 43, 54, 29, 59, 94]
Round 495 | train_loss=0.4596 train_acc=0.8434 test_loss=0.5292 test_acc=0.8227
Round 496 | selected=[10, 42, 74, 1, 3, 80, 13, 61, 77, 16]
Round 496 | train_loss=0.4661 train_acc=0.8400 test_loss=0.5188 test_acc=0.8299
Round 497 | selected=[31, 17, 59, 7, 29, 85, 37, 87, 22, 64]
Round 497 | train_loss=0.4535 train_acc=0.8384 test_loss=0.5149 test_acc=0.8307
Round 498 | selected=[70, 87, 92, 69, 10, 34, 7, 68, 6, 67]
Round 498 | train_loss=0.4612 train_acc=0.8398 test_loss=0.5059 test_acc=0.8323
Round 499 | selected=[73, 71, 28, 27, 36, 64, 24, 55, 86, 7]
Round 499 | train_loss=0.4875 train_acc=0.8330 test_loss=0.5245 test_acc=0.8275
Round 500 | selected=[52, 95, 60, 97, 91, 69, 44, 93, 76, 3]
Round 500 | train_loss=0.4665 train_acc=0.8378 test_loss=0.5243 test_acc=0.8286
Saved: track1/results/cifar10/final_seed43/fedprox_iid_seed43.csv
COMPLETED: fedprox iid seed=43
