========================================
JOB:       12010293
TASK:      60
ALGORITHM: fedadam
PARTITION: iid
SEED:      46
GPU:       0
========================================
Device: cuda
GPU: Tesla V100-PCIE-32GB
Round 0 | test_loss=3.1277 test_acc=0.0954
Round 1 | selected=[20, 26, 83, 93, 7, 60, 52, 24, 45, 13]
Round 1 | train_loss=2.3536 train_acc=0.1190 test_loss=8.1956 test_acc=0.1036
Round 2 | selected=[5, 81, 53, 62, 47, 68, 49, 77, 66, 75]
Round 2 | train_loss=2.2595 train_acc=0.1970 test_loss=2.1258 test_acc=0.2155
Round 3 | selected=[30, 93, 0, 98, 81, 24, 18, 94, 80, 23]
Round 3 | train_loss=2.0333 train_acc=0.2584 test_loss=2.9221 test_acc=0.2256
Round 4 | selected=[68, 96, 87, 66, 5, 62, 61, 57, 80, 99]
Round 4 | train_loss=1.9147 train_acc=0.2912 test_loss=4.1215 test_acc=0.2010
Round 5 | selected=[43, 63, 24, 13, 36, 72, 18, 51, 46, 15]
Round 5 | train_loss=1.8475 train_acc=0.3170 test_loss=2.2737 test_acc=0.3077
Round 6 | selected=[93, 15, 46, 55, 45, 4, 23, 83, 27, 40]
Round 6 | train_loss=1.7903 train_acc=0.3304 test_loss=1.8360 test_acc=0.3509
Round 7 | selected=[18, 23, 22, 31, 88, 68, 42, 38, 92, 98]
Round 7 | train_loss=1.7722 train_acc=0.3486 test_loss=1.6655 test_acc=0.3936
Round 8 | selected=[85, 34, 62, 61, 35, 72, 26, 71, 28, 9]
Round 8 | train_loss=1.7222 train_acc=0.3640 test_loss=1.6535 test_acc=0.3885
Round 9 | selected=[59, 12, 51, 64, 11, 73, 8, 38, 31, 63]
Round 9 | train_loss=1.6535 train_acc=0.3884 test_loss=1.6234 test_acc=0.4087
Round 10 | selected=[65, 57, 19, 80, 71, 67, 32, 59, 47, 58]
Round 10 | train_loss=1.6223 train_acc=0.3984 test_loss=1.6613 test_acc=0.4111
Round 11 | selected=[1, 49, 56, 28, 42, 16, 35, 11, 40, 61]
Round 11 | train_loss=1.5895 train_acc=0.4102 test_loss=1.7422 test_acc=0.4021
Round 12 | selected=[71, 22, 31, 34, 4, 78, 38, 11, 55, 82]
Round 12 | train_loss=1.5606 train_acc=0.4228 test_loss=1.5997 test_acc=0.4192
Round 13 | selected=[12, 80, 53, 65, 90, 75, 5, 16, 10, 43]
Round 13 | train_loss=1.5413 train_acc=0.4292 test_loss=1.5530 test_acc=0.4366
Round 14 | selected=[32, 76, 31, 47, 99, 18, 53, 8, 65, 51]
Round 14 | train_loss=1.5194 train_acc=0.4406 test_loss=1.5022 test_acc=0.4496
Round 15 | selected=[71, 40, 96, 38, 82, 7, 28, 24, 55, 13]
Round 15 | train_loss=1.4800 train_acc=0.4606 test_loss=1.4332 test_acc=0.4789
Round 16 | selected=[53, 33, 17, 23, 30, 28, 65, 13, 92, 19]
Round 16 | train_loss=1.4583 train_acc=0.4706 test_loss=1.3926 test_acc=0.4902
Round 17 | selected=[77, 54, 38, 21, 13, 2, 72, 51, 28, 66]
Round 17 | train_loss=1.4436 train_acc=0.4750 test_loss=1.4286 test_acc=0.4793
Round 18 | selected=[20, 65, 44, 11, 51, 22, 72, 37, 35, 96]
Round 18 | train_loss=1.4404 train_acc=0.4714 test_loss=1.4447 test_acc=0.4722
Round 19 | selected=[10, 94, 29, 60, 99, 16, 92, 35, 54, 96]
Round 19 | train_loss=1.4124 train_acc=0.4876 test_loss=1.3680 test_acc=0.4990
Round 20 | selected=[47, 20, 53, 40, 37, 75, 48, 27, 94, 4]
Round 20 | train_loss=1.3722 train_acc=0.4924 test_loss=1.2962 test_acc=0.5270
Round 21 | selected=[87, 63, 53, 36, 77, 37, 11, 24, 70, 28]
Round 21 | train_loss=1.3318 train_acc=0.5086 test_loss=1.3432 test_acc=0.5085
Round 22 | selected=[19, 94, 3, 74, 10, 66, 12, 15, 34, 96]
Round 22 | train_loss=1.3340 train_acc=0.5108 test_loss=1.3468 test_acc=0.5119
Round 23 | selected=[21, 65, 82, 31, 87, 4, 24, 43, 1, 37]
Round 23 | train_loss=1.3339 train_acc=0.5164 test_loss=1.3249 test_acc=0.5261
Round 24 | selected=[80, 26, 7, 40, 51, 3, 38, 69, 81, 6]
Round 24 | train_loss=1.2987 train_acc=0.5292 test_loss=1.3489 test_acc=0.5177
Round 25 | selected=[67, 33, 68, 23, 69, 46, 84, 74, 17, 39]
Round 25 | train_loss=1.3266 train_acc=0.5250 test_loss=1.3894 test_acc=0.5062
Round 26 | selected=[35, 73, 94, 20, 13, 11, 29, 70, 87, 55]
Round 26 | train_loss=1.2494 train_acc=0.5512 test_loss=1.3215 test_acc=0.5300
Round 27 | selected=[36, 34, 32, 97, 17, 73, 92, 31, 65, 22]
Round 27 | train_loss=1.2482 train_acc=0.5558 test_loss=1.2269 test_acc=0.5594
Round 28 | selected=[55, 47, 35, 83, 29, 69, 49, 84, 52, 80]
Round 28 | train_loss=1.2107 train_acc=0.5562 test_loss=1.2114 test_acc=0.5705
Round 29 | selected=[64, 84, 49, 55, 35, 88, 37, 68, 51, 77]
Round 29 | train_loss=1.2197 train_acc=0.5584 test_loss=1.2028 test_acc=0.5710
Round 30 | selected=[44, 58, 83, 37, 38, 24, 16, 86, 19, 97]
Round 30 | train_loss=1.1872 train_acc=0.5676 test_loss=1.1655 test_acc=0.5803
Round 31 | selected=[91, 12, 26, 97, 28, 19, 27, 29, 50, 37]
Round 31 | train_loss=1.1770 train_acc=0.5770 test_loss=1.1565 test_acc=0.5841
Round 32 | selected=[18, 48, 87, 47, 37, 8, 99, 29, 42, 27]
Round 32 | train_loss=1.1598 train_acc=0.5782 test_loss=1.1295 test_acc=0.5897
Round 33 | selected=[91, 10, 70, 33, 85, 48, 46, 36, 44, 68]
Round 33 | train_loss=1.1649 train_acc=0.5798 test_loss=1.1780 test_acc=0.5740
Round 34 | selected=[15, 77, 58, 63, 47, 18, 34, 98, 25, 97]
Round 34 | train_loss=1.1586 train_acc=0.5834 test_loss=1.2204 test_acc=0.5652
Round 35 | selected=[95, 82, 19, 77, 83, 25, 30, 0, 87, 69]
Round 35 | train_loss=1.1061 train_acc=0.5958 test_loss=1.2293 test_acc=0.5685
Round 36 | selected=[57, 41, 2, 99, 9, 38, 87, 39, 80, 48]
Round 36 | train_loss=1.1068 train_acc=0.6008 test_loss=1.1268 test_acc=0.6005
Round 37 | selected=[6, 47, 4, 5, 82, 33, 91, 38, 59, 98]
Round 37 | train_loss=1.1084 train_acc=0.6012 test_loss=1.0624 test_acc=0.6238
Round 38 | selected=[8, 30, 11, 0, 86, 68, 93, 67, 60, 40]
Round 38 | train_loss=1.1041 train_acc=0.6002 test_loss=1.0456 test_acc=0.6298
Round 39 | selected=[5, 84, 28, 83, 34, 74, 2, 3, 53, 50]
Round 39 | train_loss=1.0573 train_acc=0.6284 test_loss=1.0274 test_acc=0.6380
Round 40 | selected=[10, 22, 74, 23, 38, 30, 0, 93, 44, 57]
Round 40 | train_loss=1.0554 train_acc=0.6222 test_loss=1.0128 test_acc=0.6366
Round 41 | selected=[67, 8, 13, 28, 34, 37, 77, 14, 49, 47]
Round 41 | train_loss=1.0503 train_acc=0.6256 test_loss=1.0387 test_acc=0.6320
Round 42 | selected=[86, 57, 24, 4, 23, 55, 94, 59, 50, 21]
Round 42 | train_loss=1.0239 train_acc=0.6280 test_loss=1.0101 test_acc=0.6441
Round 43 | selected=[17, 72, 35, 18, 5, 86, 95, 23, 77, 25]
Round 43 | train_loss=1.0371 train_acc=0.6242 test_loss=1.0369 test_acc=0.6360
Round 44 | selected=[54, 13, 62, 81, 94, 17, 47, 22, 50, 21]
Round 44 | train_loss=1.0074 train_acc=0.6466 test_loss=1.0670 test_acc=0.6333
Round 45 | selected=[4, 35, 52, 85, 71, 51, 61, 3, 72, 91]
Round 45 | train_loss=0.9993 train_acc=0.6420 test_loss=0.9749 test_acc=0.6575
Round 46 | selected=[32, 47, 83, 65, 75, 56, 4, 51, 52, 79]
Round 46 | train_loss=1.0017 train_acc=0.6420 test_loss=0.9781 test_acc=0.6567
Round 47 | selected=[50, 13, 94, 72, 14, 31, 27, 97, 9, 59]
Round 47 | train_loss=0.9760 train_acc=0.6540 test_loss=0.9874 test_acc=0.6571
Round 48 | selected=[59, 80, 54, 0, 68, 39, 88, 72, 42, 5]
Round 48 | train_loss=0.9777 train_acc=0.6534 test_loss=1.0445 test_acc=0.6437
Round 49 | selected=[45, 33, 23, 97, 88, 1, 0, 58, 21, 74]
Round 49 | train_loss=0.9782 train_acc=0.6512 test_loss=1.0243 test_acc=0.6420
Round 50 | selected=[73, 88, 96, 64, 4, 0, 17, 86, 14, 95]
Round 50 | train_loss=0.9468 train_acc=0.6610 test_loss=0.9969 test_acc=0.6457
Round 51 | selected=[2, 25, 22, 72, 33, 66, 11, 56, 59, 4]
Round 51 | train_loss=0.9498 train_acc=0.6610 test_loss=0.9962 test_acc=0.6493
Round 52 | selected=[25, 55, 52, 51, 65, 15, 77, 67, 10, 49]
Round 52 | train_loss=0.9312 train_acc=0.6740 test_loss=0.9783 test_acc=0.6590
Round 53 | selected=[45, 17, 75, 29, 88, 55, 6, 34, 7, 22]
Round 53 | train_loss=0.9424 train_acc=0.6628 test_loss=0.9388 test_acc=0.6744
Round 54 | selected=[90, 89, 22, 45, 85, 2, 64, 27, 99, 34]
Round 54 | train_loss=0.9259 train_acc=0.6708 test_loss=0.9064 test_acc=0.6801
Round 55 | selected=[41, 82, 22, 88, 56, 8, 72, 93, 24, 5]
Round 55 | train_loss=0.8879 train_acc=0.6880 test_loss=0.9055 test_acc=0.6855
Round 56 | selected=[23, 38, 99, 11, 58, 0, 75, 34, 94, 74]
Round 56 | train_loss=0.8927 train_acc=0.6880 test_loss=0.8768 test_acc=0.6945
Round 57 | selected=[15, 97, 73, 19, 40, 83, 85, 58, 89, 45]
Round 57 | train_loss=0.8501 train_acc=0.6988 test_loss=0.9117 test_acc=0.6857
Round 58 | selected=[78, 55, 41, 22, 89, 88, 93, 85, 86, 98]
Round 58 | train_loss=0.8622 train_acc=0.6930 test_loss=0.8866 test_acc=0.6908
Round 59 | selected=[85, 47, 15, 62, 50, 82, 38, 90, 52, 33]
Round 59 | train_loss=0.8786 train_acc=0.6900 test_loss=0.8994 test_acc=0.6926
Round 60 | selected=[46, 25, 40, 86, 31, 50, 84, 13, 19, 72]
Round 60 | train_loss=0.8533 train_acc=0.6966 test_loss=0.9437 test_acc=0.6874
Round 61 | selected=[3, 8, 54, 52, 77, 81, 60, 93, 25, 79]
Round 61 | train_loss=0.8575 train_acc=0.7014 test_loss=0.8744 test_acc=0.6956
Round 62 | selected=[77, 76, 7, 30, 74, 47, 93, 33, 42, 98]
Round 62 | train_loss=0.8711 train_acc=0.6908 test_loss=0.8755 test_acc=0.6946
Round 63 | selected=[17, 52, 91, 21, 85, 47, 44, 87, 42, 10]
Round 63 | train_loss=0.8300 train_acc=0.7042 test_loss=0.8401 test_acc=0.7060
Round 64 | selected=[1, 79, 93, 32, 29, 10, 47, 78, 58, 19]
Round 64 | train_loss=0.8092 train_acc=0.7168 test_loss=0.8543 test_acc=0.7045
Round 65 | selected=[55, 10, 46, 74, 54, 15, 81, 66, 12, 93]
Round 65 | train_loss=0.8040 train_acc=0.7170 test_loss=0.8306 test_acc=0.7144
Round 66 | selected=[56, 11, 93, 73, 94, 26, 22, 52, 36, 29]
Round 66 | train_loss=0.7966 train_acc=0.7196 test_loss=0.8342 test_acc=0.7190
Round 67 | selected=[82, 22, 31, 16, 28, 33, 56, 41, 76, 11]
Round 67 | train_loss=0.8123 train_acc=0.7108 test_loss=0.8229 test_acc=0.7178
Round 68 | selected=[81, 97, 82, 70, 39, 55, 89, 85, 36, 83]
Round 68 | train_loss=0.7658 train_acc=0.7260 test_loss=0.8012 test_acc=0.7269
Round 69 | selected=[80, 73, 18, 98, 55, 49, 43, 61, 8, 82]
Round 69 | train_loss=0.7650 train_acc=0.7264 test_loss=0.7923 test_acc=0.7240
Round 70 | selected=[17, 6, 47, 63, 96, 3, 81, 41, 21, 46]
Round 70 | train_loss=0.7594 train_acc=0.7318 test_loss=0.7703 test_acc=0.7335
Round 71 | selected=[85, 20, 24, 98, 21, 64, 11, 58, 68, 62]
Round 71 | train_loss=0.7577 train_acc=0.7364 test_loss=0.7566 test_acc=0.7400
Round 72 | selected=[5, 16, 63, 59, 66, 92, 17, 31, 74, 64]
Round 72 | train_loss=0.7571 train_acc=0.7322 test_loss=0.7815 test_acc=0.7313
Round 73 | selected=[14, 92, 71, 69, 4, 54, 23, 62, 43, 7]
Round 73 | train_loss=0.7543 train_acc=0.7340 test_loss=0.8580 test_acc=0.7090
Round 74 | selected=[72, 6, 11, 52, 57, 59, 55, 28, 94, 82]
Round 74 | train_loss=0.7335 train_acc=0.7416 test_loss=0.7940 test_acc=0.7298
Round 75 | selected=[81, 43, 26, 4, 87, 50, 59, 40, 47, 95]
Round 75 | train_loss=0.6969 train_acc=0.7590 test_loss=0.7270 test_acc=0.7477
Round 76 | selected=[17, 59, 12, 15, 38, 40, 57, 21, 47, 49]
Round 76 | train_loss=0.7141 train_acc=0.7504 test_loss=0.7565 test_acc=0.7444
Round 77 | selected=[8, 57, 39, 27, 96, 6, 59, 44, 66, 86]
Round 77 | train_loss=0.7180 train_acc=0.7484 test_loss=0.7336 test_acc=0.7463
Round 78 | selected=[73, 79, 56, 35, 47, 30, 52, 15, 97, 66]
Round 78 | train_loss=0.7066 train_acc=0.7586 test_loss=0.7449 test_acc=0.7462
Round 79 | selected=[8, 44, 75, 17, 20, 80, 60, 53, 16, 95]
Round 79 | train_loss=0.6970 train_acc=0.7576 test_loss=0.7199 test_acc=0.7515
Round 80 | selected=[4, 88, 83, 15, 45, 78, 92, 58, 46, 52]
Round 80 | train_loss=0.6896 train_acc=0.7578 test_loss=0.7759 test_acc=0.7324
Round 81 | selected=[80, 91, 48, 38, 41, 49, 0, 71, 4, 1]
Round 81 | train_loss=0.7007 train_acc=0.7500 test_loss=0.7305 test_acc=0.7506
Round 82 | selected=[52, 98, 54, 45, 61, 36, 76, 27, 22, 25]
Round 82 | train_loss=0.6805 train_acc=0.7650 test_loss=0.6766 test_acc=0.7655
Round 83 | selected=[96, 15, 80, 66, 98, 0, 44, 70, 38, 10]
Round 83 | train_loss=0.6631 train_acc=0.7682 test_loss=0.7361 test_acc=0.7500
Round 84 | selected=[69, 9, 45, 35, 99, 84, 58, 73, 18, 3]
Round 84 | train_loss=0.6820 train_acc=0.7560 test_loss=0.8089 test_acc=0.7340
Round 85 | selected=[81, 71, 9, 53, 89, 98, 26, 91, 43, 68]
Round 85 | train_loss=0.6574 train_acc=0.7712 test_loss=0.7769 test_acc=0.7435
Round 86 | selected=[39, 82, 72, 29, 95, 53, 75, 79, 90, 32]
Round 86 | train_loss=0.6836 train_acc=0.7608 test_loss=0.7050 test_acc=0.7611
Round 87 | selected=[38, 81, 50, 19, 66, 9, 82, 61, 15, 72]
Round 87 | train_loss=0.6385 train_acc=0.7746 test_loss=0.7048 test_acc=0.7651
Round 88 | selected=[27, 5, 39, 61, 50, 67, 49, 31, 34, 79]
Round 88 | train_loss=0.6410 train_acc=0.7736 test_loss=0.6987 test_acc=0.7666
Round 89 | selected=[48, 42, 13, 22, 57, 15, 55, 56, 19, 36]
Round 89 | train_loss=0.6057 train_acc=0.7850 test_loss=0.7039 test_acc=0.7651
Round 90 | selected=[78, 81, 32, 27, 85, 58, 40, 11, 7, 39]
Round 90 | train_loss=0.6099 train_acc=0.7842 test_loss=0.7121 test_acc=0.7603
Round 91 | selected=[2, 24, 36, 13, 37, 98, 96, 67, 38, 83]
Round 91 | train_loss=0.6183 train_acc=0.7772 test_loss=0.7004 test_acc=0.7644
Round 92 | selected=[57, 54, 69, 47, 15, 32, 68, 59, 20, 90]
Round 92 | train_loss=0.6127 train_acc=0.7842 test_loss=0.7035 test_acc=0.7644
Round 93 | selected=[66, 19, 91, 63, 65, 60, 90, 18, 24, 68]
Round 93 | train_loss=0.6398 train_acc=0.7742 test_loss=0.8633 test_acc=0.7245
Round 94 | selected=[68, 51, 73, 29, 36, 48, 20, 86, 94, 87]
Round 94 | train_loss=0.6076 train_acc=0.7874 test_loss=0.8025 test_acc=0.7394
Round 95 | selected=[36, 74, 82, 80, 10, 28, 88, 17, 66, 13]
Round 95 | train_loss=0.6006 train_acc=0.7870 test_loss=0.7184 test_acc=0.7599
Round 96 | selected=[76, 36, 88, 15, 60, 12, 20, 78, 13, 9]
Round 96 | train_loss=0.6009 train_acc=0.7918 test_loss=0.7537 test_acc=0.7519
Round 97 | selected=[10, 34, 48, 70, 52, 79, 5, 56, 60, 50]
Round 97 | train_loss=0.6160 train_acc=0.7826 test_loss=0.6630 test_acc=0.7768
Round 98 | selected=[95, 69, 18, 64, 54, 31, 85, 15, 88, 48]
Round 98 | train_loss=0.5863 train_acc=0.7954 test_loss=0.6520 test_acc=0.7777
Round 99 | selected=[6, 4, 93, 38, 91, 64, 19, 12, 35, 5]
Round 99 | train_loss=0.5930 train_acc=0.7920 test_loss=0.6712 test_acc=0.7715
Round 100 | selected=[34, 52, 32, 95, 18, 79, 0, 81, 8, 92]
Round 100 | train_loss=0.5892 train_acc=0.7910 test_loss=0.6947 test_acc=0.7661
Round 101 | selected=[42, 20, 63, 46, 75, 93, 12, 37, 55, 61]
Round 101 | train_loss=0.5975 train_acc=0.7860 test_loss=0.6536 test_acc=0.7785
Round 102 | selected=[75, 15, 6, 90, 74, 24, 27, 78, 68, 79]
Round 102 | train_loss=0.5681 train_acc=0.8036 test_loss=0.6933 test_acc=0.7707
Round 103 | selected=[5, 29, 63, 18, 9, 87, 20, 62, 82, 49]
Round 103 | train_loss=0.5795 train_acc=0.7940 test_loss=0.6654 test_acc=0.7796
Round 104 | selected=[91, 66, 37, 23, 40, 27, 15, 65, 88, 78]
Round 104 | train_loss=0.5706 train_acc=0.7990 test_loss=0.6354 test_acc=0.7853
Round 105 | selected=[31, 91, 32, 14, 77, 35, 46, 17, 2, 86]
Round 105 | train_loss=0.5940 train_acc=0.7898 test_loss=0.6681 test_acc=0.7763
Round 106 | selected=[43, 62, 10, 45, 4, 38, 8, 49, 52, 84]
Round 106 | train_loss=0.5814 train_acc=0.7958 test_loss=0.6141 test_acc=0.7877
Round 107 | selected=[34, 19, 64, 70, 43, 29, 41, 4, 1, 37]
Round 107 | train_loss=0.5503 train_acc=0.8088 test_loss=0.6588 test_acc=0.7812
Round 108 | selected=[8, 22, 62, 30, 38, 64, 80, 56, 19, 29]
Round 108 | train_loss=0.5464 train_acc=0.8102 test_loss=0.6968 test_acc=0.7672
Round 109 | selected=[15, 16, 98, 34, 91, 38, 8, 43, 47, 35]
Round 109 | train_loss=0.5200 train_acc=0.8176 test_loss=0.6527 test_acc=0.7793
Round 110 | selected=[27, 16, 95, 72, 96, 63, 5, 24, 85, 3]
Round 110 | train_loss=0.5349 train_acc=0.8140 test_loss=0.6174 test_acc=0.7913
Round 111 | selected=[29, 42, 75, 4, 76, 83, 93, 72, 47, 73]
Round 111 | train_loss=0.5701 train_acc=0.8002 test_loss=0.6127 test_acc=0.7949
Round 112 | selected=[60, 39, 13, 43, 98, 49, 0, 79, 23, 66]
Round 112 | train_loss=0.5367 train_acc=0.8146 test_loss=0.6220 test_acc=0.7942
Round 113 | selected=[50, 68, 73, 44, 4, 14, 38, 32, 63, 77]
Round 113 | train_loss=0.5246 train_acc=0.8204 test_loss=0.6400 test_acc=0.7876
Round 114 | selected=[31, 69, 59, 15, 30, 37, 4, 78, 97, 34]
Round 114 | train_loss=0.5157 train_acc=0.8234 test_loss=0.6437 test_acc=0.7857
Round 115 | selected=[28, 20, 98, 85, 23, 22, 16, 60, 41, 36]
Round 115 | train_loss=0.5120 train_acc=0.8258 test_loss=0.6073 test_acc=0.7993
Round 116 | selected=[4, 35, 40, 44, 50, 41, 91, 11, 7, 88]
Round 116 | train_loss=0.5161 train_acc=0.8188 test_loss=0.5989 test_acc=0.8032
Round 117 | selected=[27, 50, 15, 67, 51, 77, 32, 66, 21, 48]
Round 117 | train_loss=0.5151 train_acc=0.8186 test_loss=0.6564 test_acc=0.7868
Round 118 | selected=[84, 34, 53, 82, 94, 61, 31, 14, 3, 51]
Round 118 | train_loss=0.5243 train_acc=0.8134 test_loss=0.6200 test_acc=0.7949
Round 119 | selected=[92, 28, 70, 45, 60, 30, 89, 27, 68, 56]
Round 119 | train_loss=0.5164 train_acc=0.8196 test_loss=0.6240 test_acc=0.7945
Round 120 | selected=[62, 69, 95, 53, 41, 5, 27, 8, 43, 13]
Round 120 | train_loss=0.4679 train_acc=0.8372 test_loss=0.5756 test_acc=0.8082
Round 121 | selected=[71, 77, 89, 7, 38, 56, 96, 15, 19, 43]
Round 121 | train_loss=0.4938 train_acc=0.8284 test_loss=0.5484 test_acc=0.8167
Round 122 | selected=[64, 37, 53, 94, 98, 21, 2, 24, 84, 4]
Round 122 | train_loss=0.4898 train_acc=0.8246 test_loss=0.5962 test_acc=0.7998
Round 123 | selected=[86, 25, 31, 15, 62, 95, 45, 91, 57, 14]
Round 123 | train_loss=0.5136 train_acc=0.8254 test_loss=0.5920 test_acc=0.8025
Round 124 | selected=[14, 47, 16, 5, 94, 8, 76, 71, 32, 81]
Round 124 | train_loss=0.4531 train_acc=0.8402 test_loss=0.5661 test_acc=0.8113
Round 125 | selected=[15, 43, 97, 55, 32, 99, 31, 92, 18, 78]
Round 125 | train_loss=0.4744 train_acc=0.8350 test_loss=0.6567 test_acc=0.7878
Round 126 | selected=[6, 64, 13, 31, 9, 23, 94, 37, 79, 74]
Round 126 | train_loss=0.4935 train_acc=0.8278 test_loss=0.5837 test_acc=0.8074
Round 127 | selected=[47, 4, 9, 44, 50, 96, 43, 63, 68, 6]
Round 127 | train_loss=0.4741 train_acc=0.8386 test_loss=0.6128 test_acc=0.8024
Round 128 | selected=[89, 80, 29, 51, 1, 14, 33, 57, 3, 6]
Round 128 | train_loss=0.4959 train_acc=0.8306 test_loss=0.6714 test_acc=0.7871
Round 129 | selected=[44, 18, 53, 66, 5, 99, 71, 30, 55, 63]
Round 129 | train_loss=0.4784 train_acc=0.8326 test_loss=0.5832 test_acc=0.8110
Round 130 | selected=[22, 62, 81, 37, 31, 77, 73, 3, 33, 46]
Round 130 | train_loss=0.4595 train_acc=0.8412 test_loss=0.5980 test_acc=0.8029
Round 131 | selected=[68, 35, 90, 12, 77, 3, 85, 0, 31, 33]
Round 131 | train_loss=0.4736 train_acc=0.8360 test_loss=0.6467 test_acc=0.7876
Round 132 | selected=[52, 62, 20, 40, 11, 7, 76, 93, 4, 78]
Round 132 | train_loss=0.4607 train_acc=0.8424 test_loss=0.5612 test_acc=0.8137
Round 133 | selected=[97, 12, 52, 74, 59, 24, 95, 51, 8, 9]
Round 133 | train_loss=0.4845 train_acc=0.8338 test_loss=0.5269 test_acc=0.8221
Round 134 | selected=[71, 92, 40, 49, 84, 82, 88, 28, 33, 22]
Round 134 | train_loss=0.4599 train_acc=0.8408 test_loss=0.5826 test_acc=0.8113
Round 135 | selected=[69, 8, 52, 23, 7, 18, 3, 9, 19, 60]
Round 135 | train_loss=0.4344 train_acc=0.8464 test_loss=0.5692 test_acc=0.8114
Round 136 | selected=[45, 19, 90, 58, 65, 18, 16, 21, 39, 69]
Round 136 | train_loss=0.4596 train_acc=0.8364 test_loss=0.5442 test_acc=0.8172
Round 137 | selected=[22, 66, 1, 85, 96, 9, 81, 78, 73, 91]
Round 137 | train_loss=0.4418 train_acc=0.8504 test_loss=0.5962 test_acc=0.8042
Round 138 | selected=[25, 2, 19, 62, 93, 31, 46, 6, 10, 63]
Round 138 | train_loss=0.4605 train_acc=0.8418 test_loss=0.5790 test_acc=0.8155
Round 139 | selected=[57, 15, 60, 54, 90, 45, 64, 97, 3, 85]
Round 139 | train_loss=0.4240 train_acc=0.8568 test_loss=0.5689 test_acc=0.8150
Round 140 | selected=[88, 68, 82, 2, 54, 57, 96, 33, 22, 89]
Round 140 | train_loss=0.4517 train_acc=0.8426 test_loss=0.5590 test_acc=0.8154
Round 141 | selected=[54, 10, 46, 37, 42, 38, 1, 80, 36, 45]
Round 141 | train_loss=0.4293 train_acc=0.8526 test_loss=0.5484 test_acc=0.8192
Round 142 | selected=[52, 31, 86, 11, 79, 83, 16, 6, 3, 20]
Round 142 | train_loss=0.4259 train_acc=0.8488 test_loss=0.5581 test_acc=0.8118
Round 143 | selected=[58, 46, 84, 39, 45, 93, 67, 36, 40, 16]
Round 143 | train_loss=0.4466 train_acc=0.8476 test_loss=0.5410 test_acc=0.8186
Round 144 | selected=[81, 11, 24, 76, 50, 7, 42, 49, 88, 26]
Round 144 | train_loss=0.4468 train_acc=0.8402 test_loss=0.5574 test_acc=0.8199
Round 145 | selected=[12, 79, 26, 41, 23, 95, 63, 58, 94, 20]
Round 145 | train_loss=0.4394 train_acc=0.8516 test_loss=0.5437 test_acc=0.8223
Round 146 | selected=[60, 24, 40, 83, 94, 64, 71, 95, 84, 5]
Round 146 | train_loss=0.4092 train_acc=0.8550 test_loss=0.5318 test_acc=0.8239
Round 147 | selected=[39, 51, 68, 53, 34, 42, 64, 44, 15, 67]
Round 147 | train_loss=0.4123 train_acc=0.8604 test_loss=0.5425 test_acc=0.8202
Round 148 | selected=[92, 85, 18, 97, 45, 65, 93, 63, 2, 36]
Round 148 | train_loss=0.4132 train_acc=0.8586 test_loss=0.5409 test_acc=0.8193
Round 149 | selected=[14, 25, 77, 59, 20, 42, 43, 55, 48, 86]
Round 149 | train_loss=0.4396 train_acc=0.8436 test_loss=0.5918 test_acc=0.8089
Round 150 | selected=[37, 21, 26, 74, 13, 19, 51, 96, 46, 73]
Round 150 | train_loss=0.4103 train_acc=0.8558 test_loss=0.5505 test_acc=0.8246
Round 151 | selected=[40, 2, 47, 60, 78, 76, 56, 71, 21, 53]
Round 151 | train_loss=0.4094 train_acc=0.8566 test_loss=0.5334 test_acc=0.8248
Round 152 | selected=[95, 45, 93, 78, 10, 83, 85, 33, 68, 55]
Round 152 | train_loss=0.3885 train_acc=0.8628 test_loss=0.5595 test_acc=0.8150
Round 153 | selected=[50, 92, 80, 68, 54, 75, 55, 20, 1, 16]
Round 153 | train_loss=0.4110 train_acc=0.8584 test_loss=0.6038 test_acc=0.8049
Round 154 | selected=[12, 64, 99, 17, 11, 4, 9, 82, 60, 8]
Round 154 | train_loss=0.4118 train_acc=0.8546 test_loss=0.5696 test_acc=0.8134
Round 155 | selected=[11, 75, 99, 24, 17, 95, 8, 34, 56, 90]
Round 155 | train_loss=0.4118 train_acc=0.8566 test_loss=0.5530 test_acc=0.8204
Round 156 | selected=[92, 29, 95, 44, 5, 39, 70, 38, 62, 76]
Round 156 | train_loss=0.4155 train_acc=0.8550 test_loss=0.6168 test_acc=0.8101
Round 157 | selected=[93, 29, 99, 27, 73, 89, 33, 51, 34, 42]
Round 157 | train_loss=0.3919 train_acc=0.8586 test_loss=0.6092 test_acc=0.8117
Round 158 | selected=[9, 29, 75, 78, 87, 52, 1, 36, 48, 37]
Round 158 | train_loss=0.4239 train_acc=0.8572 test_loss=0.5528 test_acc=0.8280
Round 159 | selected=[2, 77, 75, 60, 19, 11, 89, 20, 1, 91]
Round 159 | train_loss=0.3759 train_acc=0.8696 test_loss=0.5809 test_acc=0.8134
Round 160 | selected=[78, 3, 40, 74, 24, 90, 51, 22, 65, 38]
Round 160 | train_loss=0.3836 train_acc=0.8684 test_loss=0.5855 test_acc=0.8094
Round 161 | selected=[17, 23, 29, 44, 32, 97, 82, 4, 13, 55]
Round 161 | train_loss=0.3939 train_acc=0.8634 test_loss=0.5055 test_acc=0.8317
Round 162 | selected=[4, 83, 67, 55, 17, 93, 48, 18, 94, 86]
Round 162 | train_loss=0.3870 train_acc=0.8612 test_loss=0.5473 test_acc=0.8227
Round 163 | selected=[13, 86, 29, 48, 70, 94, 1, 54, 95, 69]
Round 163 | train_loss=0.3736 train_acc=0.8726 test_loss=0.5890 test_acc=0.8139
Round 164 | selected=[80, 3, 9, 10, 81, 37, 57, 97, 58, 24]
Round 164 | train_loss=0.3679 train_acc=0.8730 test_loss=0.5267 test_acc=0.8279
Round 165 | selected=[56, 90, 24, 74, 19, 45, 21, 97, 96, 95]
Round 165 | train_loss=0.3803 train_acc=0.8662 test_loss=0.5155 test_acc=0.8329
Round 166 | selected=[9, 71, 15, 75, 32, 18, 61, 63, 53, 80]
Round 166 | train_loss=0.3770 train_acc=0.8662 test_loss=0.5892 test_acc=0.8126
Round 167 | selected=[95, 97, 52, 12, 96, 77, 80, 74, 78, 98]
Round 167 | train_loss=0.3829 train_acc=0.8676 test_loss=0.5510 test_acc=0.8207
Round 168 | selected=[86, 55, 74, 26, 73, 62, 95, 88, 56, 83]
Round 168 | train_loss=0.3921 train_acc=0.8664 test_loss=0.5054 test_acc=0.8314
Round 169 | selected=[71, 42, 12, 36, 74, 11, 80, 78, 77, 9]
Round 169 | train_loss=0.3652 train_acc=0.8738 test_loss=0.5163 test_acc=0.8289
Round 170 | selected=[16, 65, 91, 57, 20, 60, 25, 4, 94, 58]
Round 170 | train_loss=0.3852 train_acc=0.8672 test_loss=0.4830 test_acc=0.8387
Round 171 | selected=[71, 8, 24, 37, 72, 62, 16, 19, 83, 84]
Round 171 | train_loss=0.3802 train_acc=0.8702 test_loss=0.5369 test_acc=0.8242
Round 172 | selected=[57, 23, 92, 98, 26, 36, 48, 14, 88, 50]
Round 172 | train_loss=0.3658 train_acc=0.8712 test_loss=0.5294 test_acc=0.8265
Round 173 | selected=[56, 51, 45, 0, 59, 55, 68, 33, 61, 80]
Round 173 | train_loss=0.3691 train_acc=0.8726 test_loss=0.4887 test_acc=0.8373
Round 174 | selected=[21, 87, 82, 58, 5, 4, 42, 97, 28, 31]
Round 174 | train_loss=0.3843 train_acc=0.8686 test_loss=0.4962 test_acc=0.8371
Round 175 | selected=[59, 15, 86, 23, 73, 88, 34, 83, 98, 43]
Round 175 | train_loss=0.3602 train_acc=0.8814 test_loss=0.5360 test_acc=0.8249
Round 176 | selected=[2, 59, 98, 12, 75, 63, 21, 86, 89, 19]
Round 176 | train_loss=0.3635 train_acc=0.8722 test_loss=0.5576 test_acc=0.8186
Round 177 | selected=[0, 69, 39, 84, 64, 2, 62, 45, 52, 77]
Round 177 | train_loss=0.3809 train_acc=0.8650 test_loss=0.5406 test_acc=0.8271
Round 178 | selected=[25, 89, 78, 42, 61, 59, 55, 88, 74, 3]
Round 178 | train_loss=0.3460 train_acc=0.8770 test_loss=0.4908 test_acc=0.8378
Round 179 | selected=[11, 28, 63, 57, 83, 70, 93, 50, 74, 18]
Round 179 | train_loss=0.3475 train_acc=0.8808 test_loss=0.4798 test_acc=0.8453
Round 180 | selected=[89, 53, 19, 81, 28, 93, 7, 55, 67, 60]
Round 180 | train_loss=0.3301 train_acc=0.8874 test_loss=0.4775 test_acc=0.8452
Round 181 | selected=[5, 63, 12, 76, 34, 9, 52, 8, 82, 58]
Round 181 | train_loss=0.3314 train_acc=0.8890 test_loss=0.4728 test_acc=0.8458
Round 182 | selected=[3, 5, 21, 29, 44, 62, 95, 17, 31, 93]
Round 182 | train_loss=0.3208 train_acc=0.8886 test_loss=0.5131 test_acc=0.8359
Round 183 | selected=[52, 37, 53, 35, 39, 96, 26, 24, 42, 95]
Round 183 | train_loss=0.3366 train_acc=0.8838 test_loss=0.5335 test_acc=0.8283
Round 184 | selected=[50, 43, 99, 20, 72, 45, 59, 40, 36, 74]
Round 184 | train_loss=0.3450 train_acc=0.8782 test_loss=0.5018 test_acc=0.8362
Round 185 | selected=[58, 98, 50, 82, 81, 7, 49, 1, 96, 48]
Round 185 | train_loss=0.3500 train_acc=0.8760 test_loss=0.5117 test_acc=0.8346
Round 186 | selected=[23, 84, 45, 76, 92, 10, 6, 68, 51, 20]
Round 186 | train_loss=0.3352 train_acc=0.8824 test_loss=0.5054 test_acc=0.8367
Round 187 | selected=[84, 33, 15, 79, 4, 21, 64, 14, 7, 98]
Round 187 | train_loss=0.3291 train_acc=0.8812 test_loss=0.4895 test_acc=0.8423
Round 188 | selected=[57, 47, 0, 85, 7, 54, 40, 66, 43, 36]
Round 188 | train_loss=0.3645 train_acc=0.8746 test_loss=0.5115 test_acc=0.8378
Round 189 | selected=[90, 91, 60, 37, 9, 1, 22, 15, 55, 33]
Round 189 | train_loss=0.3274 train_acc=0.8822 test_loss=0.5380 test_acc=0.8313
Round 190 | selected=[70, 54, 1, 87, 49, 59, 36, 20, 5, 12]
Round 190 | train_loss=0.3501 train_acc=0.8798 test_loss=0.5357 test_acc=0.8310
Round 191 | selected=[98, 7, 79, 0, 15, 13, 99, 32, 43, 12]
Round 191 | train_loss=0.3187 train_acc=0.8872 test_loss=0.4804 test_acc=0.8442
Round 192 | selected=[12, 16, 58, 74, 80, 63, 28, 89, 54, 75]
Round 192 | train_loss=0.3261 train_acc=0.8850 test_loss=0.4749 test_acc=0.8495
Round 193 | selected=[83, 59, 72, 27, 14, 61, 70, 2, 21, 54]
Round 193 | train_loss=0.3568 train_acc=0.8764 test_loss=0.4892 test_acc=0.8483
Round 194 | selected=[50, 69, 52, 76, 10, 15, 35, 94, 32, 82]
Round 194 | train_loss=0.3261 train_acc=0.8864 test_loss=0.5237 test_acc=0.8392
Round 195 | selected=[59, 18, 76, 83, 0, 69, 14, 55, 40, 5]
Round 195 | train_loss=0.3223 train_acc=0.8900 test_loss=0.5153 test_acc=0.8393
Round 196 | selected=[17, 14, 50, 2, 3, 56, 28, 88, 39, 54]
Round 196 | train_loss=0.3212 train_acc=0.8864 test_loss=0.5619 test_acc=0.8253
Round 197 | selected=[70, 97, 32, 90, 2, 35, 23, 94, 4, 68]
Round 197 | train_loss=0.3311 train_acc=0.8830 test_loss=0.5577 test_acc=0.8243
Round 198 | selected=[81, 80, 0, 17, 87, 25, 11, 69, 30, 16]
Round 198 | train_loss=0.3461 train_acc=0.8806 test_loss=0.4851 test_acc=0.8379
Round 199 | selected=[30, 98, 72, 60, 5, 21, 56, 64, 34, 24]
Round 199 | train_loss=0.3185 train_acc=0.8862 test_loss=0.4960 test_acc=0.8398
Round 200 | selected=[3, 57, 79, 20, 84, 21, 71, 76, 59, 60]
Round 200 | train_loss=0.3053 train_acc=0.8952 test_loss=0.4973 test_acc=0.8429
Round 201 | selected=[10, 61, 75, 47, 13, 46, 53, 52, 39, 34]
Round 201 | train_loss=0.3215 train_acc=0.8910 test_loss=0.4564 test_acc=0.8538
Round 202 | selected=[27, 2, 66, 63, 5, 97, 34, 51, 22, 60]
Round 202 | train_loss=0.2981 train_acc=0.8988 test_loss=0.4894 test_acc=0.8423
Round 203 | selected=[96, 74, 75, 25, 4, 98, 33, 70, 89, 95]
Round 203 | train_loss=0.3061 train_acc=0.8952 test_loss=0.4526 test_acc=0.8548
Round 204 | selected=[76, 40, 77, 14, 0, 34, 24, 91, 95, 56]
Round 204 | train_loss=0.2990 train_acc=0.8916 test_loss=0.4893 test_acc=0.8387
Round 205 | selected=[54, 74, 20, 71, 17, 27, 61, 83, 53, 23]
Round 205 | train_loss=0.2804 train_acc=0.8994 test_loss=0.4782 test_acc=0.8427
Round 206 | selected=[60, 74, 34, 53, 3, 35, 4, 6, 19, 91]
Round 206 | train_loss=0.2956 train_acc=0.8974 test_loss=0.4568 test_acc=0.8510
Round 207 | selected=[42, 89, 22, 55, 94, 2, 88, 98, 80, 45]
Round 207 | train_loss=0.2881 train_acc=0.8970 test_loss=0.4860 test_acc=0.8466
Round 208 | selected=[11, 26, 42, 33, 9, 17, 13, 97, 30, 22]
Round 208 | train_loss=0.3142 train_acc=0.8918 test_loss=0.4821 test_acc=0.8509
Round 209 | selected=[67, 23, 20, 18, 37, 58, 25, 52, 98, 3]
Round 209 | train_loss=0.3037 train_acc=0.8942 test_loss=0.4838 test_acc=0.8462
Round 210 | selected=[44, 6, 58, 57, 24, 32, 3, 67, 20, 91]
Round 210 | train_loss=0.3192 train_acc=0.8894 test_loss=0.4773 test_acc=0.8466
Round 211 | selected=[49, 76, 69, 70, 39, 8, 63, 71, 38, 9]
Round 211 | train_loss=0.3159 train_acc=0.8890 test_loss=0.4478 test_acc=0.8552
Round 212 | selected=[43, 48, 99, 93, 2, 67, 86, 18, 64, 39]
Round 212 | train_loss=0.3003 train_acc=0.8928 test_loss=0.4839 test_acc=0.8493
Round 213 | selected=[3, 49, 26, 15, 90, 25, 67, 99, 73, 63]
Round 213 | train_loss=0.3032 train_acc=0.8974 test_loss=0.4983 test_acc=0.8431
Round 214 | selected=[62, 22, 26, 67, 69, 96, 53, 77, 54, 49]
Round 214 | train_loss=0.3061 train_acc=0.8942 test_loss=0.4796 test_acc=0.8485
Round 215 | selected=[87, 42, 41, 25, 47, 93, 56, 68, 22, 72]
Round 215 | train_loss=0.3345 train_acc=0.8866 test_loss=0.4628 test_acc=0.8524
Round 216 | selected=[85, 35, 9, 62, 6, 75, 47, 18, 59, 58]
Round 216 | train_loss=0.3131 train_acc=0.8928 test_loss=0.4690 test_acc=0.8534
Round 217 | selected=[30, 15, 77, 93, 91, 98, 1, 60, 99, 17]
Round 217 | train_loss=0.2808 train_acc=0.9038 test_loss=0.4839 test_acc=0.8497
Round 218 | selected=[80, 51, 15, 25, 22, 23, 86, 49, 4, 72]
Round 218 | train_loss=0.2905 train_acc=0.8990 test_loss=0.4702 test_acc=0.8529
Round 219 | selected=[72, 30, 26, 62, 68, 27, 54, 56, 12, 38]
Round 219 | train_loss=0.2961 train_acc=0.8954 test_loss=0.4568 test_acc=0.8552
Round 220 | selected=[85, 12, 1, 74, 46, 92, 8, 49, 72, 64]
Round 220 | train_loss=0.3101 train_acc=0.8910 test_loss=0.4674 test_acc=0.8511
Round 221 | selected=[79, 21, 7, 2, 99, 34, 35, 80, 5, 69]
Round 221 | train_loss=0.2741 train_acc=0.9000 test_loss=0.4376 test_acc=0.8558
Round 222 | selected=[63, 55, 80, 93, 88, 51, 15, 68, 76, 32]
Round 222 | train_loss=0.2436 train_acc=0.9128 test_loss=0.4669 test_acc=0.8533
Round 223 | selected=[69, 22, 38, 44, 51, 57, 9, 99, 35, 79]
Round 223 | train_loss=0.2781 train_acc=0.8986 test_loss=0.5225 test_acc=0.8390
Round 224 | selected=[13, 54, 77, 75, 98, 81, 4, 65, 53, 45]
Round 224 | train_loss=0.2678 train_acc=0.9050 test_loss=0.5159 test_acc=0.8401
Round 225 | selected=[73, 41, 50, 83, 64, 54, 39, 7, 98, 34]
Round 225 | train_loss=0.2809 train_acc=0.8998 test_loss=0.4564 test_acc=0.8535
Round 226 | selected=[85, 45, 66, 87, 39, 60, 37, 50, 30, 54]
Round 226 | train_loss=0.2902 train_acc=0.8948 test_loss=0.4589 test_acc=0.8561
Round 227 | selected=[86, 1, 96, 4, 71, 99, 59, 44, 39, 76]
Round 227 | train_loss=0.2707 train_acc=0.9046 test_loss=0.4537 test_acc=0.8556
Round 228 | selected=[58, 29, 34, 31, 56, 3, 52, 7, 92, 14]
Round 228 | train_loss=0.2899 train_acc=0.8996 test_loss=0.4704 test_acc=0.8483
Round 229 | selected=[45, 47, 35, 42, 83, 5, 60, 21, 82, 38]
Round 229 | train_loss=0.2762 train_acc=0.9024 test_loss=0.4880 test_acc=0.8425
Round 230 | selected=[18, 79, 88, 65, 7, 83, 87, 35, 51, 98]
Round 230 | train_loss=0.2581 train_acc=0.9060 test_loss=0.4695 test_acc=0.8452
Round 231 | selected=[15, 9, 45, 35, 48, 97, 23, 62, 90, 68]
Round 231 | train_loss=0.2669 train_acc=0.9098 test_loss=0.5198 test_acc=0.8397
Round 232 | selected=[9, 68, 3, 33, 62, 35, 74, 1, 30, 7]
Round 232 | train_loss=0.2530 train_acc=0.9116 test_loss=0.5752 test_acc=0.8269
Round 233 | selected=[85, 32, 82, 39, 21, 72, 0, 84, 25, 49]
Round 233 | train_loss=0.2748 train_acc=0.8998 test_loss=0.5473 test_acc=0.8376
Round 234 | selected=[78, 42, 24, 38, 35, 51, 74, 75, 29, 57]
Round 234 | train_loss=0.2834 train_acc=0.9002 test_loss=0.5529 test_acc=0.8371
Round 235 | selected=[89, 4, 84, 66, 15, 45, 14, 0, 62, 2]
Round 235 | train_loss=0.2506 train_acc=0.9126 test_loss=0.5184 test_acc=0.8423
Round 236 | selected=[60, 31, 16, 81, 25, 90, 38, 21, 8, 91]
Round 236 | train_loss=0.2835 train_acc=0.8990 test_loss=0.4579 test_acc=0.8585
Round 237 | selected=[41, 21, 25, 56, 60, 82, 93, 70, 30, 33]
Round 237 | train_loss=0.2576 train_acc=0.9094 test_loss=0.5011 test_acc=0.8441
Round 238 | selected=[4, 38, 88, 89, 24, 33, 46, 45, 85, 77]
Round 238 | train_loss=0.2505 train_acc=0.9084 test_loss=0.4711 test_acc=0.8563
Round 239 | selected=[48, 79, 76, 5, 68, 95, 31, 1, 86, 73]
Round 239 | train_loss=0.2535 train_acc=0.9114 test_loss=0.4420 test_acc=0.8637
Round 240 | selected=[99, 49, 97, 65, 6, 71, 16, 5, 85, 47]
Round 240 | train_loss=0.2688 train_acc=0.9072 test_loss=0.4975 test_acc=0.8481
Round 241 | selected=[75, 20, 22, 64, 87, 25, 16, 76, 78, 81]
Round 241 | train_loss=0.2506 train_acc=0.9162 test_loss=0.5456 test_acc=0.8394
Round 242 | selected=[78, 1, 19, 37, 33, 75, 23, 60, 8, 87]
Round 242 | train_loss=0.2631 train_acc=0.9088 test_loss=0.5034 test_acc=0.8487
Round 243 | selected=[23, 85, 36, 35, 47, 84, 39, 58, 31, 95]
Round 243 | train_loss=0.2411 train_acc=0.9192 test_loss=0.4725 test_acc=0.8570
Round 244 | selected=[36, 23, 21, 44, 2, 22, 35, 76, 9, 49]
Round 244 | train_loss=0.2378 train_acc=0.9138 test_loss=0.4513 test_acc=0.8636
Round 245 | selected=[93, 47, 23, 83, 65, 53, 49, 50, 13, 95]
Round 245 | train_loss=0.2331 train_acc=0.9184 test_loss=0.4525 test_acc=0.8631
Round 246 | selected=[73, 6, 77, 95, 89, 32, 50, 52, 53, 64]
Round 246 | train_loss=0.2525 train_acc=0.9162 test_loss=0.4793 test_acc=0.8559
Round 247 | selected=[58, 36, 75, 66, 47, 62, 25, 83, 38, 1]
Round 247 | train_loss=0.2672 train_acc=0.9140 test_loss=0.4508 test_acc=0.8617
Round 248 | selected=[45, 57, 87, 53, 79, 10, 40, 56, 90, 18]
Round 248 | train_loss=0.2635 train_acc=0.9056 test_loss=0.5246 test_acc=0.8346
Round 249 | selected=[18, 63, 54, 32, 48, 42, 14, 7, 52, 76]
Round 249 | train_loss=0.2569 train_acc=0.9076 test_loss=0.4427 test_acc=0.8590
Round 250 | selected=[12, 64, 3, 91, 21, 52, 48, 9, 1, 22]
Round 250 | train_loss=0.2317 train_acc=0.9192 test_loss=0.4719 test_acc=0.8561
Round 251 | selected=[58, 8, 53, 54, 63, 25, 38, 57, 30, 90]
Round 251 | train_loss=0.2334 train_acc=0.9172 test_loss=0.4716 test_acc=0.8589
Round 252 | selected=[43, 4, 63, 55, 95, 5, 64, 86, 40, 30]
Round 252 | train_loss=0.2379 train_acc=0.9148 test_loss=0.4396 test_acc=0.8651
Round 253 | selected=[0, 41, 29, 19, 81, 58, 63, 64, 31, 3]
Round 253 | train_loss=0.2469 train_acc=0.9152 test_loss=0.4970 test_acc=0.8512
Round 254 | selected=[40, 42, 9, 48, 34, 46, 86, 71, 22, 60]
Round 254 | train_loss=0.2319 train_acc=0.9188 test_loss=0.5300 test_acc=0.8387
Round 255 | selected=[35, 12, 19, 99, 75, 6, 93, 91, 34, 71]
Round 255 | train_loss=0.2365 train_acc=0.9182 test_loss=0.5104 test_acc=0.8480
Round 256 | selected=[17, 92, 78, 49, 60, 45, 94, 76, 51, 20]
Round 256 | train_loss=0.2513 train_acc=0.9086 test_loss=0.5047 test_acc=0.8494
Round 257 | selected=[38, 11, 72, 73, 19, 23, 94, 75, 30, 55]
Round 257 | train_loss=0.2507 train_acc=0.9130 test_loss=0.4714 test_acc=0.8587
Round 258 | selected=[29, 25, 70, 18, 94, 67, 84, 66, 0, 77]
Round 258 | train_loss=0.2797 train_acc=0.9026 test_loss=0.4708 test_acc=0.8587
Round 259 | selected=[52, 19, 67, 94, 12, 57, 66, 99, 26, 41]
Round 259 | train_loss=0.2546 train_acc=0.9060 test_loss=0.5341 test_acc=0.8460
Round 260 | selected=[91, 35, 45, 56, 81, 83, 93, 60, 12, 65]
Round 260 | train_loss=0.2290 train_acc=0.9172 test_loss=0.5315 test_acc=0.8429
Round 261 | selected=[54, 18, 81, 50, 56, 43, 92, 32, 7, 15]
Round 261 | train_loss=0.2416 train_acc=0.9148 test_loss=0.5123 test_acc=0.8447
Round 262 | selected=[82, 21, 86, 12, 89, 14, 37, 38, 56, 7]
Round 262 | train_loss=0.2383 train_acc=0.9186 test_loss=0.5130 test_acc=0.8413
Round 263 | selected=[54, 91, 63, 39, 94, 16, 2, 52, 17, 21]
Round 263 | train_loss=0.2366 train_acc=0.9196 test_loss=0.5133 test_acc=0.8424
Round 264 | selected=[84, 47, 79, 39, 43, 25, 16, 85, 75, 5]
Round 264 | train_loss=0.2382 train_acc=0.9142 test_loss=0.4686 test_acc=0.8523
Round 265 | selected=[36, 72, 30, 68, 29, 7, 42, 10, 87, 23]
Round 265 | train_loss=0.2470 train_acc=0.9120 test_loss=0.4584 test_acc=0.8586
Round 266 | selected=[75, 76, 14, 48, 59, 28, 60, 23, 42, 66]
Round 266 | train_loss=0.2359 train_acc=0.9168 test_loss=0.4415 test_acc=0.8646
Round 267 | selected=[70, 10, 17, 3, 41, 11, 55, 38, 76, 44]
Round 267 | train_loss=0.2405 train_acc=0.9144 test_loss=0.4461 test_acc=0.8645
Round 268 | selected=[97, 49, 23, 34, 48, 59, 46, 96, 80, 70]
Round 268 | train_loss=0.2505 train_acc=0.9092 test_loss=0.4413 test_acc=0.8647
Round 269 | selected=[33, 79, 18, 68, 54, 87, 4, 56, 46, 44]
Round 269 | train_loss=0.2423 train_acc=0.9150 test_loss=0.4437 test_acc=0.8604
Round 270 | selected=[44, 51, 80, 99, 39, 66, 52, 68, 8, 89]
Round 270 | train_loss=0.2258 train_acc=0.9232 test_loss=0.4634 test_acc=0.8571
Round 271 | selected=[90, 77, 24, 13, 84, 11, 63, 2, 38, 65]
Round 271 | train_loss=0.2236 train_acc=0.9178 test_loss=0.4884 test_acc=0.8535
Round 272 | selected=[48, 83, 1, 59, 8, 65, 88, 31, 37, 61]
Round 272 | train_loss=0.2534 train_acc=0.9144 test_loss=0.4680 test_acc=0.8557
Round 273 | selected=[33, 47, 86, 28, 43, 88, 90, 46, 42, 97]
Round 273 | train_loss=0.2383 train_acc=0.9204 test_loss=0.4343 test_acc=0.8655
Round 274 | selected=[41, 46, 88, 66, 43, 23, 39, 62, 14, 13]
Round 274 | train_loss=0.2227 train_acc=0.9254 test_loss=0.4270 test_acc=0.8683
Round 275 | selected=[61, 49, 76, 43, 34, 75, 19, 77, 13, 96]
Round 275 | train_loss=0.2311 train_acc=0.9184 test_loss=0.4536 test_acc=0.8593
Round 276 | selected=[63, 14, 97, 54, 11, 13, 95, 53, 80, 50]
Round 276 | train_loss=0.2012 train_acc=0.9294 test_loss=0.4338 test_acc=0.8633
Round 277 | selected=[36, 0, 55, 23, 21, 84, 37, 43, 79, 51]
Round 277 | train_loss=0.2106 train_acc=0.9276 test_loss=0.4464 test_acc=0.8612
Round 278 | selected=[88, 16, 12, 33, 22, 77, 38, 87, 92, 24]
Round 278 | train_loss=0.2156 train_acc=0.9272 test_loss=0.4586 test_acc=0.8587
Round 279 | selected=[50, 1, 88, 64, 27, 11, 59, 91, 32, 78]
Round 279 | train_loss=0.2262 train_acc=0.9190 test_loss=0.4461 test_acc=0.8641
Round 280 | selected=[49, 54, 95, 5, 79, 4, 90, 22, 41, 46]
Round 280 | train_loss=0.1999 train_acc=0.9266 test_loss=0.4423 test_acc=0.8634
Round 281 | selected=[30, 44, 36, 49, 52, 58, 41, 65, 93, 75]
Round 281 | train_loss=0.2222 train_acc=0.9190 test_loss=0.4436 test_acc=0.8623
Round 282 | selected=[22, 85, 29, 18, 19, 7, 40, 70, 88, 83]
Round 282 | train_loss=0.2114 train_acc=0.9274 test_loss=0.4358 test_acc=0.8648
Round 283 | selected=[84, 8, 42, 58, 65, 97, 26, 74, 5, 95]
Round 283 | train_loss=0.2049 train_acc=0.9300 test_loss=0.4418 test_acc=0.8654
Round 284 | selected=[93, 42, 37, 78, 6, 35, 86, 70, 13, 83]
Round 284 | train_loss=0.2212 train_acc=0.9196 test_loss=0.5052 test_acc=0.8505
Round 285 | selected=[21, 98, 36, 86, 47, 90, 69, 48, 97, 75]
Round 285 | train_loss=0.1913 train_acc=0.9290 test_loss=0.5490 test_acc=0.8421
Round 286 | selected=[86, 3, 51, 72, 66, 17, 48, 56, 43, 9]
Round 286 | train_loss=0.2265 train_acc=0.9192 test_loss=0.4567 test_acc=0.8633
Round 287 | selected=[77, 47, 18, 84, 2, 34, 15, 0, 63, 91]
Round 287 | train_loss=0.1860 train_acc=0.9340 test_loss=0.4265 test_acc=0.8715
Round 288 | selected=[70, 7, 18, 56, 15, 51, 42, 0, 28, 2]
Round 288 | train_loss=0.1991 train_acc=0.9282 test_loss=0.4353 test_acc=0.8655
Round 289 | selected=[0, 20, 50, 48, 42, 15, 26, 64, 30, 46]
Round 289 | train_loss=0.2067 train_acc=0.9244 test_loss=0.4346 test_acc=0.8660
Round 290 | selected=[58, 43, 87, 13, 83, 56, 66, 78, 39, 25]
Round 290 | train_loss=0.2093 train_acc=0.9242 test_loss=0.4339 test_acc=0.8695
Round 291 | selected=[97, 98, 38, 37, 11, 1, 23, 71, 50, 66]
Round 291 | train_loss=0.1991 train_acc=0.9320 test_loss=0.4188 test_acc=0.8787
Round 292 | selected=[80, 50, 82, 7, 95, 75, 3, 56, 72, 66]
Round 292 | train_loss=0.1895 train_acc=0.9360 test_loss=0.4738 test_acc=0.8648
Round 293 | selected=[95, 7, 20, 34, 4, 62, 84, 91, 73, 98]
Round 293 | train_loss=0.1974 train_acc=0.9330 test_loss=0.4314 test_acc=0.8730
Round 294 | selected=[69, 12, 11, 48, 39, 90, 21, 53, 4, 94]
Round 294 | train_loss=0.1859 train_acc=0.9360 test_loss=0.3966 test_acc=0.8813
Round 295 | selected=[47, 84, 55, 14, 77, 50, 69, 29, 66, 24]
Round 295 | train_loss=0.1854 train_acc=0.9326 test_loss=0.3914 test_acc=0.8822
Round 296 | selected=[8, 64, 63, 88, 95, 47, 14, 98, 86, 76]
Round 296 | train_loss=0.1678 train_acc=0.9378 test_loss=0.4007 test_acc=0.8805
Round 297 | selected=[94, 42, 5, 52, 69, 16, 93, 50, 78, 44]
Round 297 | train_loss=0.1935 train_acc=0.9340 test_loss=0.4180 test_acc=0.8764
Round 298 | selected=[81, 3, 93, 73, 43, 91, 53, 21, 19, 18]
Round 298 | train_loss=0.1780 train_acc=0.9388 test_loss=0.4410 test_acc=0.8694
Round 299 | selected=[77, 32, 91, 48, 59, 29, 14, 22, 46, 65]
Round 299 | train_loss=0.1879 train_acc=0.9342 test_loss=0.4464 test_acc=0.8694
Round 300 | selected=[98, 5, 90, 73, 35, 13, 34, 82, 30, 0]
Round 300 | train_loss=0.1914 train_acc=0.9302 test_loss=0.4609 test_acc=0.8653
Round 301 | selected=[93, 98, 83, 65, 91, 13, 20, 60, 11, 62]
Round 301 | train_loss=0.1650 train_acc=0.9440 test_loss=0.4282 test_acc=0.8699
Round 302 | selected=[7, 78, 60, 95, 98, 21, 71, 79, 69, 11]
Round 302 | train_loss=0.1722 train_acc=0.9384 test_loss=0.4297 test_acc=0.8703
Round 303 | selected=[45, 38, 77, 21, 1, 9, 76, 47, 60, 80]
Round 303 | train_loss=0.1813 train_acc=0.9368 test_loss=0.4288 test_acc=0.8762
Round 304 | selected=[77, 70, 6, 89, 20, 42, 47, 75, 43, 96]
Round 304 | train_loss=0.1887 train_acc=0.9336 test_loss=0.4504 test_acc=0.8697
Round 305 | selected=[29, 35, 80, 62, 28, 94, 83, 69, 8, 25]
Round 305 | train_loss=0.2009 train_acc=0.9286 test_loss=0.4302 test_acc=0.8735
Round 306 | selected=[6, 44, 41, 43, 88, 85, 1, 39, 30, 47]
Round 306 | train_loss=0.1988 train_acc=0.9304 test_loss=0.5036 test_acc=0.8523
Round 307 | selected=[48, 39, 6, 83, 14, 84, 3, 44, 70, 58]
Round 307 | train_loss=0.1861 train_acc=0.9356 test_loss=0.5008 test_acc=0.8543
Round 308 | selected=[7, 71, 22, 27, 64, 42, 1, 44, 81, 9]
Round 308 | train_loss=0.1974 train_acc=0.9314 test_loss=0.4828 test_acc=0.8617
Round 309 | selected=[57, 74, 5, 3, 97, 71, 43, 63, 23, 96]
Round 309 | train_loss=0.1912 train_acc=0.9340 test_loss=0.4915 test_acc=0.8636
Round 310 | selected=[2, 62, 79, 16, 44, 42, 12, 78, 58, 99]
Round 310 | train_loss=0.1790 train_acc=0.9370 test_loss=0.4764 test_acc=0.8643
Round 311 | selected=[22, 46, 57, 81, 15, 51, 30, 88, 17, 56]
Round 311 | train_loss=0.1865 train_acc=0.9356 test_loss=0.4638 test_acc=0.8676
Round 312 | selected=[70, 46, 11, 62, 56, 73, 13, 40, 59, 94]
Round 312 | train_loss=0.1932 train_acc=0.9290 test_loss=0.4499 test_acc=0.8691
Round 313 | selected=[71, 90, 56, 25, 50, 73, 43, 51, 61, 11]
Round 313 | train_loss=0.1869 train_acc=0.9336 test_loss=0.4260 test_acc=0.8778
Round 314 | selected=[50, 13, 46, 30, 6, 91, 38, 18, 36, 9]
Round 314 | train_loss=0.1693 train_acc=0.9400 test_loss=0.4334 test_acc=0.8747
Round 315 | selected=[61, 51, 54, 99, 69, 58, 31, 20, 70, 83]
Round 315 | train_loss=0.1946 train_acc=0.9294 test_loss=0.4260 test_acc=0.8761
Round 316 | selected=[84, 88, 34, 18, 13, 68, 23, 92, 73, 31]
Round 316 | train_loss=0.1883 train_acc=0.9320 test_loss=0.4335 test_acc=0.8706
Round 317 | selected=[36, 71, 44, 74, 31, 14, 88, 17, 10, 78]
Round 317 | train_loss=0.2014 train_acc=0.9280 test_loss=0.4305 test_acc=0.8690
Round 318 | selected=[34, 66, 9, 76, 94, 59, 87, 80, 33, 26]
Round 318 | train_loss=0.2136 train_acc=0.9268 test_loss=0.5065 test_acc=0.8544
Round 319 | selected=[93, 46, 87, 25, 14, 83, 65, 10, 49, 98]
Round 319 | train_loss=0.1788 train_acc=0.9374 test_loss=0.5014 test_acc=0.8551
Round 320 | selected=[90, 75, 10, 24, 15, 53, 49, 58, 28, 1]
Round 320 | train_loss=0.1916 train_acc=0.9308 test_loss=0.4340 test_acc=0.8724
Round 321 | selected=[94, 27, 28, 3, 16, 2, 17, 68, 96, 24]
Round 321 | train_loss=0.1918 train_acc=0.9308 test_loss=0.4313 test_acc=0.8758
Round 322 | selected=[5, 23, 97, 7, 65, 63, 33, 53, 70, 42]
Round 322 | train_loss=0.1634 train_acc=0.9436 test_loss=0.4151 test_acc=0.8783
Round 323 | selected=[24, 87, 54, 18, 30, 2, 34, 59, 72, 12]
Round 323 | train_loss=0.1973 train_acc=0.9320 test_loss=0.4091 test_acc=0.8788
Round 324 | selected=[31, 20, 15, 95, 51, 24, 11, 97, 45, 59]
Round 324 | train_loss=0.1725 train_acc=0.9410 test_loss=0.4084 test_acc=0.8799
Round 325 | selected=[30, 93, 94, 31, 97, 81, 99, 48, 32, 45]
Round 325 | train_loss=0.1617 train_acc=0.9406 test_loss=0.4052 test_acc=0.8808
Round 326 | selected=[35, 31, 2, 85, 33, 78, 96, 70, 71, 37]
Round 326 | train_loss=0.1705 train_acc=0.9392 test_loss=0.4195 test_acc=0.8742
Round 327 | selected=[20, 75, 16, 83, 4, 67, 1, 55, 88, 7]
Round 327 | train_loss=0.1854 train_acc=0.9354 test_loss=0.4463 test_acc=0.8668
Round 328 | selected=[46, 9, 25, 1, 74, 8, 56, 59, 0, 10]
Round 328 | train_loss=0.1920 train_acc=0.9316 test_loss=0.4142 test_acc=0.8750
Round 329 | selected=[86, 51, 65, 17, 85, 95, 88, 22, 12, 23]
Round 329 | train_loss=0.1588 train_acc=0.9432 test_loss=0.4704 test_acc=0.8628
Round 330 | selected=[51, 24, 81, 80, 1, 74, 26, 54, 57, 18]
Round 330 | train_loss=0.1639 train_acc=0.9420 test_loss=0.4978 test_acc=0.8577
Round 331 | selected=[69, 75, 92, 82, 73, 80, 14, 50, 10, 2]
Round 331 | train_loss=0.1748 train_acc=0.9384 test_loss=0.4628 test_acc=0.8709
Round 332 | selected=[1, 8, 83, 97, 66, 92, 69, 78, 81, 6]
Round 332 | train_loss=0.1586 train_acc=0.9388 test_loss=0.4517 test_acc=0.8755
Round 333 | selected=[85, 94, 51, 2, 33, 89, 49, 32, 52, 78]
Round 333 | train_loss=0.1845 train_acc=0.9334 test_loss=0.4207 test_acc=0.8811
Round 334 | selected=[58, 0, 47, 95, 28, 94, 11, 18, 39, 62]
Round 334 | train_loss=0.1505 train_acc=0.9442 test_loss=0.4333 test_acc=0.8738
Round 335 | selected=[86, 16, 7, 19, 29, 76, 57, 18, 83, 41]
Round 335 | train_loss=0.1874 train_acc=0.9306 test_loss=0.4321 test_acc=0.8726
Round 336 | selected=[14, 87, 91, 38, 51, 6, 64, 0, 53, 58]
Round 336 | train_loss=0.1638 train_acc=0.9406 test_loss=0.4658 test_acc=0.8637
Round 337 | selected=[51, 34, 43, 66, 0, 99, 73, 74, 38, 83]
Round 337 | train_loss=0.1481 train_acc=0.9468 test_loss=0.4565 test_acc=0.8701
Round 338 | selected=[66, 53, 20, 91, 36, 59, 9, 55, 28, 64]
Round 338 | train_loss=0.1621 train_acc=0.9454 test_loss=0.4514 test_acc=0.8735
Round 339 | selected=[56, 55, 24, 48, 87, 20, 51, 18, 41, 69]
Round 339 | train_loss=0.1441 train_acc=0.9524 test_loss=0.4667 test_acc=0.8717
Round 340 | selected=[1, 68, 80, 17, 28, 69, 88, 54, 90, 15]
Round 340 | train_loss=0.1521 train_acc=0.9432 test_loss=0.4370 test_acc=0.8792
Round 341 | selected=[74, 46, 14, 39, 38, 56, 18, 44, 0, 6]
Round 341 | train_loss=0.1519 train_acc=0.9488 test_loss=0.4145 test_acc=0.8762
Round 342 | selected=[19, 36, 85, 47, 32, 99, 65, 93, 72, 2]
Round 342 | train_loss=0.1696 train_acc=0.9430 test_loss=0.4310 test_acc=0.8734
Round 343 | selected=[87, 83, 91, 90, 70, 55, 89, 32, 23, 7]
Round 343 | train_loss=0.1573 train_acc=0.9450 test_loss=0.4953 test_acc=0.8602
Round 344 | selected=[15, 4, 80, 16, 22, 91, 81, 36, 32, 24]
Round 344 | train_loss=0.1582 train_acc=0.9446 test_loss=0.4544 test_acc=0.8710
Round 345 | selected=[17, 24, 36, 58, 84, 10, 83, 18, 52, 28]
Round 345 | train_loss=0.1394 train_acc=0.9522 test_loss=0.4855 test_acc=0.8643
Round 346 | selected=[31, 54, 17, 29, 4, 44, 63, 93, 71, 23]
Round 346 | train_loss=0.1543 train_acc=0.9428 test_loss=0.4908 test_acc=0.8616
Round 347 | selected=[11, 34, 27, 94, 55, 87, 60, 10, 32, 52]
Round 347 | train_loss=0.1601 train_acc=0.9440 test_loss=0.4217 test_acc=0.8786
Round 348 | selected=[86, 4, 26, 69, 33, 40, 53, 44, 28, 99]
Round 348 | train_loss=0.1620 train_acc=0.9450 test_loss=0.4433 test_acc=0.8732
Round 349 | selected=[52, 50, 2, 0, 46, 44, 77, 16, 25, 13]
Round 349 | train_loss=0.1579 train_acc=0.9454 test_loss=0.4550 test_acc=0.8710
Round 350 | selected=[47, 66, 30, 70, 15, 85, 96, 13, 34, 77]
Round 350 | train_loss=0.1446 train_acc=0.9512 test_loss=0.4868 test_acc=0.8633
Round 351 | selected=[1, 51, 81, 97, 23, 27, 29, 30, 71, 77]
Round 351 | train_loss=0.1463 train_acc=0.9478 test_loss=0.4802 test_acc=0.8676
Round 352 | selected=[52, 8, 3, 68, 77, 94, 46, 49, 81, 7]
Round 352 | train_loss=0.1544 train_acc=0.9474 test_loss=0.4453 test_acc=0.8743
Round 353 | selected=[29, 33, 15, 72, 68, 75, 27, 28, 55, 45]
Round 353 | train_loss=0.1734 train_acc=0.9412 test_loss=0.4352 test_acc=0.8793
Round 354 | selected=[75, 27, 15, 70, 7, 9, 52, 11, 49, 81]
Round 354 | train_loss=0.1423 train_acc=0.9484 test_loss=0.4749 test_acc=0.8708
Round 355 | selected=[64, 16, 99, 76, 15, 79, 65, 20, 12, 0]
Round 355 | train_loss=0.1596 train_acc=0.9438 test_loss=0.5104 test_acc=0.8663
Round 356 | selected=[57, 94, 82, 91, 58, 77, 78, 99, 51, 88]
Round 356 | train_loss=0.1623 train_acc=0.9408 test_loss=0.4549 test_acc=0.8774
Round 357 | selected=[38, 77, 39, 31, 11, 3, 90, 84, 17, 0]
Round 357 | train_loss=0.1391 train_acc=0.9512 test_loss=0.4718 test_acc=0.8681
Round 358 | selected=[69, 91, 75, 26, 17, 85, 80, 61, 14, 34]
Round 358 | train_loss=0.1599 train_acc=0.9454 test_loss=0.5210 test_acc=0.8562
Round 359 | selected=[4, 34, 85, 38, 25, 73, 44, 65, 22, 74]
Round 359 | train_loss=0.1585 train_acc=0.9438 test_loss=0.4626 test_acc=0.8692
Round 360 | selected=[10, 25, 2, 27, 38, 45, 18, 57, 86, 36]
Round 360 | train_loss=0.1523 train_acc=0.9456 test_loss=0.4989 test_acc=0.8602
Round 361 | selected=[1, 99, 97, 39, 12, 41, 11, 21, 83, 86]
Round 361 | train_loss=0.1425 train_acc=0.9512 test_loss=0.5275 test_acc=0.8504
Round 362 | selected=[17, 15, 30, 13, 9, 85, 71, 49, 55, 78]
Round 362 | train_loss=0.1463 train_acc=0.9504 test_loss=0.4632 test_acc=0.8682
Round 363 | selected=[57, 62, 16, 78, 39, 7, 2, 76, 67, 4]
Round 363 | train_loss=0.1590 train_acc=0.9428 test_loss=0.4487 test_acc=0.8715
Round 364 | selected=[13, 43, 3, 50, 4, 27, 60, 32, 46, 90]
Round 364 | train_loss=0.1564 train_acc=0.9448 test_loss=0.4674 test_acc=0.8674
Round 365 | selected=[13, 65, 18, 9, 45, 98, 91, 44, 51, 64]
Round 365 | train_loss=0.1419 train_acc=0.9524 test_loss=0.4667 test_acc=0.8699
Round 366 | selected=[14, 81, 21, 69, 26, 62, 25, 29, 68, 63]
Round 366 | train_loss=0.1456 train_acc=0.9500 test_loss=0.4324 test_acc=0.8762
Round 367 | selected=[46, 11, 67, 44, 17, 79, 84, 31, 66, 12]
Round 367 | train_loss=0.1619 train_acc=0.9406 test_loss=0.4915 test_acc=0.8651
Round 368 | selected=[58, 72, 78, 24, 88, 77, 64, 65, 14, 15]
Round 368 | train_loss=0.1430 train_acc=0.9486 test_loss=0.5456 test_acc=0.8561
Round 369 | selected=[78, 9, 91, 30, 79, 84, 5, 48, 92, 98]
Round 369 | train_loss=0.1475 train_acc=0.9478 test_loss=0.4697 test_acc=0.8737
Round 370 | selected=[85, 50, 25, 24, 46, 6, 55, 96, 15, 62]
Round 370 | train_loss=0.1437 train_acc=0.9514 test_loss=0.4565 test_acc=0.8722
Round 371 | selected=[94, 65, 79, 96, 85, 9, 91, 21, 2, 53]
Round 371 | train_loss=0.1263 train_acc=0.9554 test_loss=0.5794 test_acc=0.8512
Round 372 | selected=[18, 65, 68, 16, 6, 53, 75, 24, 60, 54]
Round 372 | train_loss=0.1411 train_acc=0.9558 test_loss=0.5751 test_acc=0.8526
Round 373 | selected=[90, 32, 77, 89, 85, 19, 12, 10, 75, 13]
Round 373 | train_loss=0.1478 train_acc=0.9472 test_loss=0.4750 test_acc=0.8712
Round 374 | selected=[20, 17, 76, 10, 44, 48, 46, 38, 96, 19]
Round 374 | train_loss=0.1452 train_acc=0.9488 test_loss=0.5116 test_acc=0.8627
Round 375 | selected=[56, 84, 70, 49, 74, 90, 80, 54, 23, 68]
Round 375 | train_loss=0.1471 train_acc=0.9504 test_loss=0.5187 test_acc=0.8623
Round 376 | selected=[52, 72, 19, 82, 65, 68, 64, 84, 58, 35]
Round 376 | train_loss=0.1681 train_acc=0.9426 test_loss=0.4378 test_acc=0.8799
Round 377 | selected=[33, 82, 67, 92, 4, 30, 68, 37, 96, 17]
Round 377 | train_loss=0.1581 train_acc=0.9424 test_loss=0.4808 test_acc=0.8686
Round 378 | selected=[47, 77, 30, 84, 76, 63, 19, 73, 26, 9]
Round 378 | train_loss=0.1442 train_acc=0.9522 test_loss=0.5400 test_acc=0.8553
Round 379 | selected=[70, 92, 88, 99, 94, 81, 98, 74, 93, 79]
Round 379 | train_loss=0.1504 train_acc=0.9452 test_loss=0.5178 test_acc=0.8643
Round 380 | selected=[79, 54, 74, 28, 53, 10, 75, 34, 73, 20]
Round 380 | train_loss=0.1418 train_acc=0.9508 test_loss=0.4869 test_acc=0.8714
Round 381 | selected=[42, 70, 62, 81, 8, 68, 48, 82, 72, 92]
Round 381 | train_loss=0.1640 train_acc=0.9410 test_loss=0.5133 test_acc=0.8665
Round 382 | selected=[79, 43, 59, 46, 18, 36, 78, 17, 64, 57]
Round 382 | train_loss=0.1491 train_acc=0.9440 test_loss=0.5413 test_acc=0.8613
Round 383 | selected=[74, 11, 68, 5, 22, 79, 83, 29, 63, 86]
Round 383 | train_loss=0.1454 train_acc=0.9466 test_loss=0.4875 test_acc=0.8687
Round 384 | selected=[55, 96, 75, 41, 14, 21, 46, 22, 56, 37]
Round 384 | train_loss=0.1677 train_acc=0.9378 test_loss=0.4354 test_acc=0.8793
Round 385 | selected=[92, 37, 51, 74, 52, 26, 47, 86, 63, 27]
Round 385 | train_loss=0.1661 train_acc=0.9410 test_loss=0.4375 test_acc=0.8807
Round 386 | selected=[0, 1, 58, 23, 40, 67, 66, 90, 19, 38]
Round 386 | train_loss=0.1518 train_acc=0.9452 test_loss=0.4716 test_acc=0.8681
Round 387 | selected=[31, 70, 62, 64, 12, 27, 83, 63, 55, 49]
Round 387 | train_loss=0.1400 train_acc=0.9518 test_loss=0.4600 test_acc=0.8722
Round 388 | selected=[57, 91, 58, 26, 67, 77, 15, 54, 0, 16]
Round 388 | train_loss=0.1300 train_acc=0.9544 test_loss=0.4348 test_acc=0.8777
Round 389 | selected=[44, 48, 57, 98, 76, 71, 59, 7, 65, 34]
Round 389 | train_loss=0.1378 train_acc=0.9498 test_loss=0.4510 test_acc=0.8746
Round 390 | selected=[61, 12, 42, 88, 53, 17, 58, 77, 34, 26]
Round 390 | train_loss=0.1364 train_acc=0.9524 test_loss=0.4588 test_acc=0.8732
Round 391 | selected=[95, 86, 87, 42, 13, 90, 66, 19, 88, 58]
Round 391 | train_loss=0.1521 train_acc=0.9480 test_loss=0.4402 test_acc=0.8764
Round 392 | selected=[55, 70, 22, 8, 25, 47, 98, 27, 13, 12]
Round 392 | train_loss=0.1352 train_acc=0.9540 test_loss=0.4231 test_acc=0.8810
Round 393 | selected=[75, 84, 48, 0, 19, 57, 16, 78, 27, 45]
Round 393 | train_loss=0.1179 train_acc=0.9554 test_loss=0.4203 test_acc=0.8789
Round 394 | selected=[96, 40, 71, 3, 41, 80, 0, 10, 32, 67]
Round 394 | train_loss=0.1529 train_acc=0.9446 test_loss=0.4477 test_acc=0.8723
Round 395 | selected=[58, 21, 17, 54, 89, 96, 64, 92, 35, 7]
Round 395 | train_loss=0.1334 train_acc=0.9536 test_loss=0.4716 test_acc=0.8672
Round 396 | selected=[84, 94, 4, 38, 69, 85, 81, 35, 52, 83]
Round 396 | train_loss=0.1368 train_acc=0.9512 test_loss=0.4282 test_acc=0.8765
Round 397 | selected=[39, 74, 40, 55, 56, 54, 45, 41, 3, 24]
Round 397 | train_loss=0.1325 train_acc=0.9542 test_loss=0.4212 test_acc=0.8796
Round 398 | selected=[38, 67, 5, 11, 0, 16, 49, 90, 15, 92]
Round 398 | train_loss=0.1204 train_acc=0.9606 test_loss=0.4245 test_acc=0.8809
Round 399 | selected=[74, 62, 26, 49, 15, 11, 8, 10, 0, 20]
Round 399 | train_loss=0.1206 train_acc=0.9578 test_loss=0.4283 test_acc=0.8794
Round 400 | selected=[88, 55, 91, 92, 74, 87, 67, 97, 44, 93]
Round 400 | train_loss=0.1213 train_acc=0.9568 test_loss=0.4126 test_acc=0.8828
Round 401 | selected=[66, 51, 90, 69, 8, 32, 9, 93, 34, 94]
Round 401 | train_loss=0.1200 train_acc=0.9576 test_loss=0.4101 test_acc=0.8808
Round 402 | selected=[49, 90, 97, 22, 25, 50, 16, 15, 12, 84]
Round 402 | train_loss=0.1108 train_acc=0.9620 test_loss=0.4255 test_acc=0.8794
Round 403 | selected=[42, 62, 15, 77, 83, 48, 2, 79, 27, 8]
Round 403 | train_loss=0.1029 train_acc=0.9646 test_loss=0.4133 test_acc=0.8812
Round 404 | selected=[12, 15, 32, 7, 89, 13, 4, 98, 11, 86]
Round 404 | train_loss=0.1018 train_acc=0.9632 test_loss=0.4240 test_acc=0.8788
Round 405 | selected=[1, 53, 89, 50, 20, 57, 68, 23, 96, 41]
Round 405 | train_loss=0.1238 train_acc=0.9558 test_loss=0.4317 test_acc=0.8792
Round 406 | selected=[82, 95, 18, 19, 28, 94, 92, 62, 17, 64]
Round 406 | train_loss=0.1252 train_acc=0.9570 test_loss=0.4278 test_acc=0.8809
Round 407 | selected=[86, 97, 47, 42, 70, 15, 68, 12, 13, 48]
Round 407 | train_loss=0.0845 train_acc=0.9708 test_loss=0.4403 test_acc=0.8790
Round 408 | selected=[24, 81, 82, 48, 35, 79, 50, 52, 14, 85]
Round 408 | train_loss=0.1249 train_acc=0.9542 test_loss=0.4329 test_acc=0.8836
Round 409 | selected=[35, 22, 45, 20, 42, 67, 59, 66, 9, 63]
Round 409 | train_loss=0.1255 train_acc=0.9574 test_loss=0.4415 test_acc=0.8833
Round 410 | selected=[10, 57, 36, 6, 81, 2, 23, 35, 11, 76]
Round 410 | train_loss=0.1192 train_acc=0.9576 test_loss=0.4241 test_acc=0.8843
Round 411 | selected=[96, 86, 30, 58, 71, 23, 48, 7, 79, 57]
Round 411 | train_loss=0.1033 train_acc=0.9638 test_loss=0.4418 test_acc=0.8773
Round 412 | selected=[11, 25, 20, 27, 49, 63, 72, 71, 93, 95]
Round 412 | train_loss=0.1137 train_acc=0.9592 test_loss=0.4338 test_acc=0.8803
Round 413 | selected=[5, 58, 1, 82, 39, 70, 18, 11, 34, 62]
Round 413 | train_loss=0.1017 train_acc=0.9656 test_loss=0.4207 test_acc=0.8844
Round 414 | selected=[34, 35, 56, 7, 24, 67, 88, 71, 50, 16]
Round 414 | train_loss=0.0958 train_acc=0.9650 test_loss=0.4431 test_acc=0.8818
Round 415 | selected=[76, 69, 59, 0, 81, 64, 56, 60, 63, 9]
Round 415 | train_loss=0.1131 train_acc=0.9598 test_loss=0.4295 test_acc=0.8876
Round 416 | selected=[73, 98, 44, 24, 95, 70, 71, 96, 76, 36]
Round 416 | train_loss=0.1110 train_acc=0.9620 test_loss=0.4170 test_acc=0.8876
Round 417 | selected=[7, 38, 36, 75, 81, 49, 31, 1, 35, 90]
Round 417 | train_loss=0.1159 train_acc=0.9582 test_loss=0.4672 test_acc=0.8793
Round 418 | selected=[9, 74, 43, 21, 88, 5, 91, 46, 42, 58]
Round 418 | train_loss=0.1152 train_acc=0.9588 test_loss=0.4830 test_acc=0.8743
Round 419 | selected=[6, 43, 11, 12, 41, 47, 21, 48, 99, 18]
Round 419 | train_loss=0.1183 train_acc=0.9614 test_loss=0.4520 test_acc=0.8783
Round 420 | selected=[13, 35, 81, 31, 3, 10, 15, 80, 17, 87]
Round 420 | train_loss=0.1070 train_acc=0.9612 test_loss=0.4283 test_acc=0.8818
Round 421 | selected=[83, 29, 35, 82, 98, 97, 76, 77, 40, 17]
Round 421 | train_loss=0.1179 train_acc=0.9586 test_loss=0.4639 test_acc=0.8783
Round 422 | selected=[37, 34, 75, 16, 12, 98, 64, 92, 56, 11]
Round 422 | train_loss=0.1034 train_acc=0.9648 test_loss=0.4796 test_acc=0.8726
Round 423 | selected=[44, 73, 32, 27, 20, 19, 82, 63, 65, 95]
Round 423 | train_loss=0.1119 train_acc=0.9598 test_loss=0.4588 test_acc=0.8811
Round 424 | selected=[11, 55, 33, 62, 83, 32, 17, 38, 61, 86]
Round 424 | train_loss=0.1134 train_acc=0.9624 test_loss=0.4469 test_acc=0.8837
Round 425 | selected=[87, 66, 31, 76, 22, 36, 17, 7, 64, 99]
Round 425 | train_loss=0.1067 train_acc=0.9616 test_loss=0.5086 test_acc=0.8694
Round 426 | selected=[45, 31, 73, 94, 28, 49, 71, 34, 97, 26]
Round 426 | train_loss=0.1113 train_acc=0.9594 test_loss=0.5306 test_acc=0.8673
Round 427 | selected=[85, 17, 20, 49, 35, 76, 65, 93, 7, 2]
Round 427 | train_loss=0.1041 train_acc=0.9666 test_loss=0.4205 test_acc=0.8871
Round 428 | selected=[61, 79, 58, 26, 51, 16, 8, 35, 64, 19]
Round 428 | train_loss=0.1035 train_acc=0.9626 test_loss=0.4823 test_acc=0.8721
Round 429 | selected=[73, 72, 9, 1, 51, 67, 24, 95, 44, 85]
Round 429 | train_loss=0.1206 train_acc=0.9568 test_loss=0.5189 test_acc=0.8655
Round 430 | selected=[16, 18, 39, 7, 53, 56, 13, 67, 49, 59]
Round 430 | train_loss=0.1136 train_acc=0.9580 test_loss=0.4422 test_acc=0.8843
Round 431 | selected=[37, 85, 62, 7, 73, 53, 39, 74, 71, 93]
Round 431 | train_loss=0.1108 train_acc=0.9612 test_loss=0.5353 test_acc=0.8668
Round 432 | selected=[39, 1, 15, 46, 49, 94, 24, 51, 19, 10]
Round 432 | train_loss=0.0940 train_acc=0.9660 test_loss=0.5265 test_acc=0.8661
Round 433 | selected=[25, 97, 77, 80, 82, 90, 88, 37, 78, 27]
Round 433 | train_loss=0.1083 train_acc=0.9620 test_loss=0.4435 test_acc=0.8833
Round 434 | selected=[66, 76, 47, 42, 46, 25, 96, 19, 61, 72]
Round 434 | train_loss=0.1285 train_acc=0.9560 test_loss=0.5204 test_acc=0.8683
Round 435 | selected=[19, 28, 0, 96, 71, 1, 99, 2, 43, 81]
Round 435 | train_loss=0.0989 train_acc=0.9648 test_loss=0.6409 test_acc=0.8512
Round 436 | selected=[1, 16, 9, 90, 68, 94, 12, 19, 40, 54]
Round 436 | train_loss=0.1123 train_acc=0.9612 test_loss=0.5741 test_acc=0.8670
Round 437 | selected=[27, 89, 97, 86, 12, 15, 55, 50, 99, 47]
Round 437 | train_loss=0.1167 train_acc=0.9598 test_loss=0.4927 test_acc=0.8804
Round 438 | selected=[46, 52, 88, 24, 5, 90, 42, 4, 83, 1]
Round 438 | train_loss=0.1069 train_acc=0.9640 test_loss=0.4544 test_acc=0.8832
Round 439 | selected=[58, 51, 54, 15, 96, 67, 11, 13, 25, 18]
Round 439 | train_loss=0.0982 train_acc=0.9680 test_loss=0.4577 test_acc=0.8808
Round 440 | selected=[88, 98, 4, 34, 96, 41, 86, 5, 62, 59]
Round 440 | train_loss=0.1118 train_acc=0.9604 test_loss=0.5114 test_acc=0.8692
Round 441 | selected=[18, 68, 15, 26, 47, 53, 74, 38, 51, 28]
Round 441 | train_loss=0.0995 train_acc=0.9664 test_loss=0.4680 test_acc=0.8769
Round 442 | selected=[40, 97, 21, 85, 11, 3, 28, 18, 0, 49]
Round 442 | train_loss=0.0977 train_acc=0.9644 test_loss=0.4279 test_acc=0.8854
Round 443 | selected=[17, 83, 28, 54, 19, 24, 23, 97, 38, 11]
Round 443 | train_loss=0.0899 train_acc=0.9682 test_loss=0.4340 test_acc=0.8849
Round 444 | selected=[33, 29, 52, 30, 69, 81, 97, 16, 28, 3]
Round 444 | train_loss=0.1179 train_acc=0.9614 test_loss=0.4733 test_acc=0.8787
Round 445 | selected=[62, 16, 94, 91, 52, 44, 71, 34, 99, 1]
Round 445 | train_loss=0.0953 train_acc=0.9672 test_loss=0.4798 test_acc=0.8771
Round 446 | selected=[27, 46, 45, 22, 41, 44, 74, 73, 47, 64]
Round 446 | train_loss=0.1078 train_acc=0.9592 test_loss=0.4394 test_acc=0.8836
Round 447 | selected=[18, 86, 55, 76, 4, 87, 77, 78, 79, 22]
Round 447 | train_loss=0.1147 train_acc=0.9590 test_loss=0.4747 test_acc=0.8787
Round 448 | selected=[8, 22, 75, 24, 5, 58, 92, 66, 73, 43]
Round 448 | train_loss=0.1149 train_acc=0.9590 test_loss=0.5068 test_acc=0.8712
Round 449 | selected=[5, 84, 33, 77, 20, 73, 98, 31, 97, 51]
Round 449 | train_loss=0.1123 train_acc=0.9594 test_loss=0.4465 test_acc=0.8840
Round 450 | selected=[14, 51, 76, 93, 32, 85, 42, 5, 90, 0]
Round 450 | train_loss=0.0980 train_acc=0.9648 test_loss=0.4582 test_acc=0.8805
Round 451 | selected=[50, 40, 28, 24, 48, 3, 47, 94, 44, 73]
Round 451 | train_loss=0.0997 train_acc=0.9648 test_loss=0.4597 test_acc=0.8769
Round 452 | selected=[36, 8, 29, 72, 33, 65, 60, 56, 74, 71]
Round 452 | train_loss=0.1287 train_acc=0.9532 test_loss=0.4333 test_acc=0.8818
Round 453 | selected=[72, 81, 0, 91, 33, 73, 79, 59, 48, 40]
Round 453 | train_loss=0.1131 train_acc=0.9598 test_loss=0.4225 test_acc=0.8831
Round 454 | selected=[26, 91, 25, 8, 81, 52, 64, 98, 36, 58]
Round 454 | train_loss=0.0975 train_acc=0.9694 test_loss=0.4343 test_acc=0.8819
Round 455 | selected=[95, 3, 16, 65, 29, 48, 82, 50, 10, 96]
Round 455 | train_loss=0.0974 train_acc=0.9640 test_loss=0.4469 test_acc=0.8826
Round 456 | selected=[20, 94, 16, 70, 43, 10, 30, 92, 72, 0]
Round 456 | train_loss=0.1172 train_acc=0.9608 test_loss=0.5012 test_acc=0.8718
Round 457 | selected=[77, 55, 53, 85, 54, 71, 29, 76, 10, 93]
Round 457 | train_loss=0.0805 train_acc=0.9718 test_loss=0.5103 test_acc=0.8693
Round 458 | selected=[13, 50, 84, 46, 35, 0, 53, 39, 44, 48]
Round 458 | train_loss=0.0910 train_acc=0.9690 test_loss=0.4665 test_acc=0.8790
Round 459 | selected=[74, 78, 56, 7, 20, 75, 26, 1, 86, 43]
Round 459 | train_loss=0.1016 train_acc=0.9630 test_loss=0.4647 test_acc=0.8773
Round 460 | selected=[39, 30, 75, 40, 76, 85, 17, 94, 67, 4]
Round 460 | train_loss=0.1017 train_acc=0.9650 test_loss=0.4790 test_acc=0.8709
Round 461 | selected=[18, 24, 5, 36, 94, 57, 92, 35, 6, 17]
Round 461 | train_loss=0.1052 train_acc=0.9602 test_loss=0.4421 test_acc=0.8823
Round 462 | selected=[72, 81, 35, 77, 92, 20, 27, 41, 59, 12]
Round 462 | train_loss=0.1078 train_acc=0.9626 test_loss=0.4689 test_acc=0.8796
Round 463 | selected=[6, 56, 93, 82, 69, 40, 70, 30, 4, 75]
Round 463 | train_loss=0.1201 train_acc=0.9598 test_loss=0.4621 test_acc=0.8803
Round 464 | selected=[66, 73, 37, 39, 8, 77, 68, 79, 18, 83]
Round 464 | train_loss=0.0983 train_acc=0.9656 test_loss=0.4642 test_acc=0.8802
Round 465 | selected=[82, 78, 52, 17, 81, 46, 39, 91, 12, 66]
Round 465 | train_loss=0.0994 train_acc=0.9654 test_loss=0.4663 test_acc=0.8807
Round 466 | selected=[34, 42, 27, 56, 52, 59, 98, 29, 18, 79]
Round 466 | train_loss=0.0946 train_acc=0.9662 test_loss=0.4469 test_acc=0.8862
Round 467 | selected=[38, 9, 59, 32, 16, 93, 98, 58, 65, 44]
Round 467 | train_loss=0.1155 train_acc=0.9586 test_loss=0.4547 test_acc=0.8843
Round 468 | selected=[84, 61, 98, 21, 66, 33, 48, 97, 15, 64]
Round 468 | train_loss=0.0990 train_acc=0.9642 test_loss=0.4549 test_acc=0.8825
Round 469 | selected=[84, 2, 76, 63, 58, 47, 10, 60, 98, 43]
Round 469 | train_loss=0.1032 train_acc=0.9608 test_loss=0.4313 test_acc=0.8838
Round 470 | selected=[34, 50, 99, 66, 8, 31, 2, 9, 21, 96]
Round 470 | train_loss=0.1097 train_acc=0.9592 test_loss=0.4430 test_acc=0.8848
Round 471 | selected=[21, 30, 74, 27, 79, 55, 95, 83, 63, 81]
Round 471 | train_loss=0.0840 train_acc=0.9722 test_loss=0.4819 test_acc=0.8799
Round 472 | selected=[35, 59, 94, 89, 63, 21, 53, 79, 49, 30]
Round 472 | train_loss=0.1057 train_acc=0.9626 test_loss=0.4549 test_acc=0.8867
Round 473 | selected=[6, 93, 36, 81, 74, 31, 84, 14, 37, 46]
Round 473 | train_loss=0.1013 train_acc=0.9650 test_loss=0.4567 test_acc=0.8866
Round 474 | selected=[16, 50, 52, 94, 96, 14, 75, 35, 76, 12]
Round 474 | train_loss=0.0982 train_acc=0.9636 test_loss=0.4277 test_acc=0.8925
Round 475 | selected=[87, 24, 93, 91, 10, 96, 3, 0, 52, 32]
Round 475 | train_loss=0.0938 train_acc=0.9676 test_loss=0.4324 test_acc=0.8896
Round 476 | selected=[0, 43, 81, 58, 52, 16, 99, 61, 74, 23]
Round 476 | train_loss=0.0843 train_acc=0.9704 test_loss=0.4640 test_acc=0.8811
Round 477 | selected=[89, 34, 31, 29, 95, 93, 23, 54, 92, 98]
Round 477 | train_loss=0.1032 train_acc=0.9626 test_loss=0.4656 test_acc=0.8787
Round 478 | selected=[60, 74, 50, 19, 88, 34, 90, 5, 73, 53]
Round 478 | train_loss=0.1008 train_acc=0.9640 test_loss=0.4502 test_acc=0.8842
Round 479 | selected=[23, 70, 60, 28, 7, 54, 94, 33, 79, 56]
Round 479 | train_loss=0.1011 train_acc=0.9608 test_loss=0.4635 test_acc=0.8823
Round 480 | selected=[61, 16, 71, 97, 48, 0, 64, 56, 22, 31]
Round 480 | train_loss=0.0842 train_acc=0.9696 test_loss=0.4468 test_acc=0.8862
Round 481 | selected=[66, 3, 27, 6, 67, 86, 98, 49, 68, 84]
Round 481 | train_loss=0.0966 train_acc=0.9662 test_loss=0.4159 test_acc=0.8943
Round 482 | selected=[85, 6, 20, 49, 0, 93, 38, 98, 77, 90]
Round 482 | train_loss=0.0825 train_acc=0.9718 test_loss=0.4603 test_acc=0.8848
Round 483 | selected=[57, 19, 28, 84, 31, 79, 63, 42, 72, 35]
Round 483 | train_loss=0.0955 train_acc=0.9664 test_loss=0.4794 test_acc=0.8809
Round 484 | selected=[80, 94, 79, 87, 97, 81, 91, 72, 69, 42]
Round 484 | train_loss=0.1008 train_acc=0.9630 test_loss=0.4741 test_acc=0.8803
Round 485 | selected=[22, 81, 95, 32, 38, 0, 57, 62, 17, 6]
Round 485 | train_loss=0.1002 train_acc=0.9640 test_loss=0.4808 test_acc=0.8778
Round 486 | selected=[56, 18, 4, 62, 45, 74, 92, 96, 34, 30]
Round 486 | train_loss=0.0988 train_acc=0.9668 test_loss=0.4406 test_acc=0.8855
Round 487 | selected=[81, 91, 90, 60, 33, 14, 61, 84, 49, 9]
Round 487 | train_loss=0.0968 train_acc=0.9642 test_loss=0.4418 test_acc=0.8835
Round 488 | selected=[39, 28, 65, 87, 66, 33, 88, 23, 41, 11]
Round 488 | train_loss=0.1082 train_acc=0.9614 test_loss=0.4497 test_acc=0.8861
Round 489 | selected=[65, 78, 33, 93, 19, 21, 4, 74, 7, 56]
Round 489 | train_loss=0.0962 train_acc=0.9684 test_loss=0.4467 test_acc=0.8833
Round 490 | selected=[33, 29, 98, 75, 19, 87, 34, 22, 58, 90]
Round 490 | train_loss=0.0907 train_acc=0.9700 test_loss=0.4456 test_acc=0.8815
Round 491 | selected=[97, 15, 37, 90, 16, 79, 7, 50, 80, 47]
Round 491 | train_loss=0.0972 train_acc=0.9666 test_loss=0.4300 test_acc=0.8852
Round 492 | selected=[49, 14, 92, 94, 9, 85, 87, 1, 97, 91]
Round 492 | train_loss=0.0911 train_acc=0.9692 test_loss=0.4326 test_acc=0.8878
Round 493 | selected=[36, 18, 3, 31, 40, 51, 70, 0, 14, 15]
Round 493 | train_loss=0.0832 train_acc=0.9704 test_loss=0.4440 test_acc=0.8864
Round 494 | selected=[47, 65, 71, 99, 14, 20, 24, 92, 73, 67]
Round 494 | train_loss=0.0961 train_acc=0.9658 test_loss=0.4382 test_acc=0.8875
Round 495 | selected=[40, 29, 84, 51, 4, 74, 11, 71, 72, 28]
Round 495 | train_loss=0.0889 train_acc=0.9686 test_loss=0.4450 test_acc=0.8866
Round 496 | selected=[35, 51, 82, 61, 78, 73, 38, 56, 30, 67]
Round 496 | train_loss=0.1050 train_acc=0.9628 test_loss=0.4407 test_acc=0.8869
Round 497 | selected=[0, 76, 84, 62, 87, 9, 12, 26, 46, 51]
Round 497 | train_loss=0.1020 train_acc=0.9618 test_loss=0.4758 test_acc=0.8795
Round 498 | selected=[53, 52, 6, 38, 84, 12, 89, 82, 55, 16]
Round 498 | train_loss=0.0889 train_acc=0.9680 test_loss=0.4685 test_acc=0.8790
Round 499 | selected=[70, 6, 25, 3, 54, 18, 91, 50, 55, 20]
Round 499 | train_loss=0.0939 train_acc=0.9672 test_loss=0.4604 test_acc=0.8799
Round 500 | selected=[45, 48, 51, 86, 12, 72, 76, 68, 18, 44]
Round 500 | train_loss=0.0941 train_acc=0.9652 test_loss=0.4403 test_acc=0.8875
Saved: track1/results/cifar10/final_seed46/fedadam_iid_seed46.csv
COMPLETED: fedadam iid seed=46
