========================================
JOB:       12005208
TASK:      29
ALGORITHM: fedadam
PARTITION: alpha1
SEED:      44
GPU:       0
========================================
Device: cuda
GPU: Tesla V100-PCIE-32GB
Round 0 | test_loss=3.0410 test_acc=0.1229
Round 1 | selected=[38, 24, 76, 63, 8, 52, 11, 60, 94, 16]
Round 1 | train_loss=2.0452 train_acc=0.2866 test_loss=7.1005 test_acc=0.1027
Round 2 | selected=[38, 88, 40, 98, 58, 91, 39, 56, 35, 96]
Round 2 | train_loss=2.1529 train_acc=0.3006 test_loss=2.4120 test_acc=0.1327
Round 3 | selected=[63, 8, 77, 16, 70, 81, 90, 68, 18, 54]
Round 3 | train_loss=1.8634 train_acc=0.3526 test_loss=2.0981 test_acc=0.2642
Round 4 | selected=[62, 58, 33, 61, 76, 14, 29, 71, 39, 27]
Round 4 | train_loss=1.8188 train_acc=0.3514 test_loss=2.0097 test_acc=0.2759
Round 5 | selected=[10, 71, 32, 79, 27, 87, 48, 53, 59, 76]
Round 5 | train_loss=1.7575 train_acc=0.3762 test_loss=1.8878 test_acc=0.3088
Round 6 | selected=[96, 43, 42, 70, 26, 67, 35, 12, 51, 55]
Round 6 | train_loss=1.6182 train_acc=0.4388 test_loss=1.6502 test_acc=0.3942
Round 7 | selected=[41, 62, 97, 46, 72, 24, 32, 30, 19, 21]
Round 7 | train_loss=1.5007 train_acc=0.4888 test_loss=1.8854 test_acc=0.3314
Round 8 | selected=[14, 39, 84, 69, 58, 11, 79, 44, 99, 86]
Round 8 | train_loss=1.5870 train_acc=0.4332 test_loss=1.8833 test_acc=0.3513
Round 9 | selected=[65, 67, 19, 15, 83, 72, 91, 25, 0, 3]
Round 9 | train_loss=1.5224 train_acc=0.4920 test_loss=1.7437 test_acc=0.3819
Round 10 | selected=[41, 79, 99, 18, 46, 7, 20, 74, 73, 33]
Round 10 | train_loss=1.4930 train_acc=0.4750 test_loss=1.5998 test_acc=0.4155
Round 11 | selected=[26, 48, 65, 63, 77, 20, 12, 81, 83, 30]
Round 11 | train_loss=1.4635 train_acc=0.5004 test_loss=1.6015 test_acc=0.4140
Round 12 | selected=[17, 12, 30, 9, 67, 97, 87, 35, 65, 14]
Round 12 | train_loss=1.4526 train_acc=0.5060 test_loss=1.5546 test_acc=0.4320
Round 13 | selected=[38, 49, 87, 82, 5, 97, 31, 93, 80, 58]
Round 13 | train_loss=1.3077 train_acc=0.5456 test_loss=1.5454 test_acc=0.4498
Round 14 | selected=[76, 65, 90, 20, 87, 52, 7, 28, 4, 81]
Round 14 | train_loss=1.3968 train_acc=0.5120 test_loss=1.4646 test_acc=0.4719
Round 15 | selected=[67, 29, 12, 96, 70, 48, 17, 83, 93, 62]
Round 15 | train_loss=1.3462 train_acc=0.5312 test_loss=1.4136 test_acc=0.4849
Round 16 | selected=[31, 16, 28, 87, 57, 21, 71, 24, 37, 83]
Round 16 | train_loss=1.1167 train_acc=0.6310 test_loss=1.4648 test_acc=0.4637
Round 17 | selected=[11, 21, 65, 34, 43, 10, 99, 71, 40, 14]
Round 17 | train_loss=1.3103 train_acc=0.5472 test_loss=1.3432 test_acc=0.5056
Round 18 | selected=[49, 17, 56, 0, 16, 99, 80, 6, 44, 40]
Round 18 | train_loss=1.2408 train_acc=0.5734 test_loss=1.4133 test_acc=0.4914
Round 19 | selected=[70, 38, 57, 98, 74, 14, 71, 81, 28, 97]
Round 19 | train_loss=1.2501 train_acc=0.5644 test_loss=1.4441 test_acc=0.4848
Round 20 | selected=[1, 16, 49, 67, 22, 27, 88, 76, 21, 15]
Round 20 | train_loss=1.2056 train_acc=0.5926 test_loss=1.4368 test_acc=0.4860
Round 21 | selected=[83, 43, 56, 50, 16, 18, 32, 15, 74, 62]
Round 21 | train_loss=1.2484 train_acc=0.5788 test_loss=1.3510 test_acc=0.5129
Round 22 | selected=[24, 34, 96, 18, 44, 92, 8, 32, 95, 90]
Round 22 | train_loss=1.2683 train_acc=0.5636 test_loss=1.3119 test_acc=0.5246
Round 23 | selected=[64, 65, 0, 57, 52, 97, 73, 19, 58, 4]
Round 23 | train_loss=1.2062 train_acc=0.5802 test_loss=1.3460 test_acc=0.5082
Round 24 | selected=[19, 94, 23, 25, 64, 77, 8, 81, 41, 10]
Round 24 | train_loss=1.3315 train_acc=0.5226 test_loss=1.3140 test_acc=0.5236
Round 25 | selected=[70, 34, 47, 84, 12, 40, 32, 64, 18, 83]
Round 25 | train_loss=1.2013 train_acc=0.5794 test_loss=1.3120 test_acc=0.5265
Round 26 | selected=[43, 79, 40, 96, 47, 24, 64, 11, 48, 42]
Round 26 | train_loss=1.1947 train_acc=0.5744 test_loss=1.3121 test_acc=0.5289
Round 27 | selected=[67, 41, 12, 54, 98, 21, 83, 13, 30, 1]
Round 27 | train_loss=1.1750 train_acc=0.5970 test_loss=1.3546 test_acc=0.5211
Round 28 | selected=[92, 72, 96, 76, 33, 15, 30, 46, 74, 23]
Round 28 | train_loss=1.1927 train_acc=0.5932 test_loss=1.2724 test_acc=0.5428
Round 29 | selected=[82, 77, 28, 32, 37, 26, 55, 67, 71, 44]
Round 29 | train_loss=1.0835 train_acc=0.6234 test_loss=1.2798 test_acc=0.5347
Round 30 | selected=[31, 96, 80, 66, 34, 26, 33, 3, 52, 11]
Round 30 | train_loss=1.1172 train_acc=0.6170 test_loss=1.4201 test_acc=0.5077
Round 31 | selected=[58, 10, 95, 55, 69, 25, 1, 13, 77, 65]
Round 31 | train_loss=1.1378 train_acc=0.6010 test_loss=1.2074 test_acc=0.5636
Round 32 | selected=[53, 30, 66, 76, 6, 85, 81, 48, 54, 5]
Round 32 | train_loss=1.1155 train_acc=0.6132 test_loss=1.2649 test_acc=0.5354
Round 33 | selected=[91, 75, 14, 11, 33, 80, 8, 47, 82, 37]
Round 33 | train_loss=1.0939 train_acc=0.6210 test_loss=1.3344 test_acc=0.5286
Round 34 | selected=[54, 94, 5, 99, 64, 91, 80, 62, 36, 52]
Round 34 | train_loss=1.0393 train_acc=0.6422 test_loss=1.2471 test_acc=0.5560
Round 35 | selected=[5, 20, 50, 98, 84, 74, 51, 91, 44, 78]
Round 35 | train_loss=1.0719 train_acc=0.6288 test_loss=1.1528 test_acc=0.5833
Round 36 | selected=[78, 31, 53, 12, 21, 49, 76, 46, 80, 2]
Round 36 | train_loss=1.0050 train_acc=0.6550 test_loss=1.1908 test_acc=0.5790
Round 37 | selected=[61, 19, 23, 45, 12, 65, 27, 39, 85, 24]
Round 37 | train_loss=1.0895 train_acc=0.6222 test_loss=1.2007 test_acc=0.5741
Round 38 | selected=[24, 92, 93, 64, 44, 89, 42, 35, 45, 20]
Round 38 | train_loss=1.0657 train_acc=0.6326 test_loss=1.1029 test_acc=0.6059
Round 39 | selected=[95, 2, 21, 56, 41, 52, 31, 55, 23, 57]
Round 39 | train_loss=0.9830 train_acc=0.6642 test_loss=1.1079 test_acc=0.6010
Round 40 | selected=[80, 69, 90, 46, 78, 67, 38, 55, 10, 49]
Round 40 | train_loss=1.0186 train_acc=0.6502 test_loss=1.1712 test_acc=0.5755
Round 41 | selected=[70, 76, 56, 97, 71, 44, 64, 94, 4, 36]
Round 41 | train_loss=1.0119 train_acc=0.6510 test_loss=1.1534 test_acc=0.5836
Round 42 | selected=[94, 14, 80, 79, 17, 23, 33, 2, 44, 88]
Round 42 | train_loss=1.0079 train_acc=0.6444 test_loss=1.2168 test_acc=0.5716
Round 43 | selected=[66, 91, 58, 96, 1, 49, 38, 16, 89, 39]
Round 43 | train_loss=1.0479 train_acc=0.6380 test_loss=1.1333 test_acc=0.6009
Round 44 | selected=[91, 90, 7, 26, 99, 12, 54, 48, 0, 36]
Round 44 | train_loss=1.0258 train_acc=0.6470 test_loss=1.0572 test_acc=0.6256
Round 45 | selected=[47, 6, 4, 38, 14, 62, 40, 63, 41, 99]
Round 45 | train_loss=1.0005 train_acc=0.6572 test_loss=1.1867 test_acc=0.5882
Round 46 | selected=[2, 52, 60, 29, 57, 71, 33, 39, 75, 95]
Round 46 | train_loss=1.0654 train_acc=0.6324 test_loss=1.1968 test_acc=0.5908
Round 47 | selected=[92, 35, 28, 54, 74, 46, 49, 13, 62, 4]
Round 47 | train_loss=0.9476 train_acc=0.6800 test_loss=1.1271 test_acc=0.6097
Round 48 | selected=[97, 40, 62, 82, 13, 85, 78, 32, 63, 43]
Round 48 | train_loss=0.9488 train_acc=0.6706 test_loss=1.2193 test_acc=0.5750
Round 49 | selected=[5, 6, 35, 70, 67, 94, 82, 33, 45, 91]
Round 49 | train_loss=0.9284 train_acc=0.6850 test_loss=1.1506 test_acc=0.5940
Round 50 | selected=[58, 48, 26, 18, 85, 14, 75, 81, 29, 47]
Round 50 | train_loss=0.9860 train_acc=0.6554 test_loss=0.9977 test_acc=0.6464
Round 51 | selected=[5, 11, 20, 81, 75, 4, 32, 86, 17, 7]
Round 51 | train_loss=0.9612 train_acc=0.6648 test_loss=0.9963 test_acc=0.6421
Round 52 | selected=[41, 98, 97, 1, 93, 3, 33, 87, 88, 31]
Round 52 | train_loss=0.9799 train_acc=0.6544 test_loss=0.9883 test_acc=0.6475
Round 53 | selected=[66, 26, 17, 68, 79, 88, 27, 25, 89, 12]
Round 53 | train_loss=0.9423 train_acc=0.6654 test_loss=0.9932 test_acc=0.6514
Round 54 | selected=[13, 22, 89, 3, 91, 63, 61, 14, 90, 95]
Round 54 | train_loss=0.8577 train_acc=0.7142 test_loss=1.1121 test_acc=0.6182
Round 55 | selected=[18, 90, 57, 2, 98, 61, 67, 51, 60, 76]
Round 55 | train_loss=0.9689 train_acc=0.6578 test_loss=1.1047 test_acc=0.6084
Round 56 | selected=[20, 50, 90, 10, 18, 73, 52, 26, 41, 76]
Round 56 | train_loss=0.9205 train_acc=0.6804 test_loss=1.0046 test_acc=0.6441
Round 57 | selected=[44, 6, 91, 4, 15, 23, 76, 36, 73, 50]
Round 57 | train_loss=0.8600 train_acc=0.7040 test_loss=0.9472 test_acc=0.6643
Round 58 | selected=[76, 70, 99, 41, 38, 17, 77, 34, 21, 59]
Round 58 | train_loss=0.8914 train_acc=0.6884 test_loss=0.9367 test_acc=0.6673
Round 59 | selected=[31, 41, 12, 17, 67, 42, 84, 82, 16, 69]
Round 59 | train_loss=0.8606 train_acc=0.6980 test_loss=1.0739 test_acc=0.6309
Round 60 | selected=[6, 43, 10, 86, 28, 11, 19, 79, 39, 60]
Round 60 | train_loss=0.9233 train_acc=0.6738 test_loss=1.0365 test_acc=0.6414
Round 61 | selected=[46, 2, 96, 11, 65, 66, 23, 24, 78, 19]
Round 61 | train_loss=0.8885 train_acc=0.6944 test_loss=1.1034 test_acc=0.6225
Round 62 | selected=[88, 68, 83, 23, 30, 86, 70, 0, 97, 75]
Round 62 | train_loss=0.8961 train_acc=0.6884 test_loss=1.0808 test_acc=0.6250
Round 63 | selected=[16, 27, 68, 1, 40, 96, 88, 34, 77, 53]
Round 63 | train_loss=0.8784 train_acc=0.6998 test_loss=0.9495 test_acc=0.6637
Round 64 | selected=[9, 76, 78, 87, 2, 79, 65, 37, 60, 64]
Round 64 | train_loss=0.8552 train_acc=0.7112 test_loss=0.9064 test_acc=0.6791
Round 65 | selected=[79, 96, 86, 98, 9, 75, 58, 87, 51, 17]
Round 65 | train_loss=0.8347 train_acc=0.7064 test_loss=0.9400 test_acc=0.6760
Round 66 | selected=[3, 41, 39, 35, 38, 13, 11, 31, 81, 1]
Round 66 | train_loss=0.8046 train_acc=0.7256 test_loss=0.9325 test_acc=0.6836
Round 67 | selected=[45, 75, 3, 47, 57, 56, 88, 79, 8, 22]
Round 67 | train_loss=0.8129 train_acc=0.7220 test_loss=0.9193 test_acc=0.6755
Round 68 | selected=[65, 16, 0, 7, 40, 77, 81, 41, 60, 83]
Round 68 | train_loss=0.8959 train_acc=0.6900 test_loss=1.0430 test_acc=0.6433
Round 69 | selected=[18, 68, 89, 15, 88, 93, 49, 92, 67, 38]
Round 69 | train_loss=0.8184 train_acc=0.7186 test_loss=0.9681 test_acc=0.6661
Round 70 | selected=[1, 99, 7, 54, 51, 92, 67, 95, 88, 50]
Round 70 | train_loss=0.7913 train_acc=0.7316 test_loss=0.9000 test_acc=0.6874
Round 71 | selected=[45, 20, 79, 28, 66, 94, 35, 11, 93, 33]
Round 71 | train_loss=0.8031 train_acc=0.7260 test_loss=1.0319 test_acc=0.6479
Round 72 | selected=[64, 43, 83, 81, 5, 71, 95, 58, 11, 74]
Round 72 | train_loss=0.7778 train_acc=0.7338 test_loss=0.9901 test_acc=0.6639
Round 73 | selected=[50, 32, 0, 81, 8, 64, 66, 60, 70, 45]
Round 73 | train_loss=0.8689 train_acc=0.6928 test_loss=0.8785 test_acc=0.7013
Round 74 | selected=[92, 58, 39, 11, 3, 84, 97, 85, 20, 65]
Round 74 | train_loss=0.7866 train_acc=0.7284 test_loss=0.8673 test_acc=0.7005
Round 75 | selected=[92, 29, 28, 26, 10, 65, 85, 84, 43, 42]
Round 75 | train_loss=0.7884 train_acc=0.7348 test_loss=0.8508 test_acc=0.7013
Round 76 | selected=[93, 19, 91, 29, 14, 4, 88, 32, 0, 11]
Round 76 | train_loss=0.8137 train_acc=0.7182 test_loss=0.8120 test_acc=0.7178
Round 77 | selected=[58, 76, 51, 88, 10, 37, 94, 99, 69, 89]
Round 77 | train_loss=0.7131 train_acc=0.7562 test_loss=0.8379 test_acc=0.7107
Round 78 | selected=[6, 3, 33, 78, 32, 97, 83, 86, 80, 62]
Round 78 | train_loss=0.7466 train_acc=0.7386 test_loss=0.8254 test_acc=0.7153
Round 79 | selected=[88, 71, 8, 85, 82, 50, 51, 44, 14, 56]
Round 79 | train_loss=0.7073 train_acc=0.7524 test_loss=0.8246 test_acc=0.7171
Round 80 | selected=[2, 7, 13, 46, 71, 19, 24, 77, 86, 79]
Round 80 | train_loss=0.7466 train_acc=0.7454 test_loss=0.8499 test_acc=0.7080
Round 81 | selected=[25, 90, 13, 32, 59, 66, 54, 81, 67, 16]
Round 81 | train_loss=0.7841 train_acc=0.7348 test_loss=0.8244 test_acc=0.7161
Round 82 | selected=[85, 20, 54, 73, 50, 70, 71, 51, 99, 74]
Round 82 | train_loss=0.7148 train_acc=0.7590 test_loss=0.8274 test_acc=0.7134
Round 83 | selected=[42, 20, 17, 11, 98, 10, 46, 84, 38, 53]
Round 83 | train_loss=0.7438 train_acc=0.7458 test_loss=0.7990 test_acc=0.7287
Round 84 | selected=[72, 1, 52, 21, 9, 5, 69, 45, 74, 58]
Round 84 | train_loss=0.7409 train_acc=0.7488 test_loss=0.8191 test_acc=0.7200
Round 85 | selected=[74, 13, 75, 78, 80, 24, 8, 30, 97, 20]
Round 85 | train_loss=0.6796 train_acc=0.7668 test_loss=0.8805 test_acc=0.6960
Round 86 | selected=[48, 45, 38, 10, 71, 84, 82, 53, 42, 7]
Round 86 | train_loss=0.6956 train_acc=0.7618 test_loss=0.7659 test_acc=0.7317
Round 87 | selected=[98, 54, 40, 95, 59, 88, 92, 93, 28, 97]
Round 87 | train_loss=0.6883 train_acc=0.7704 test_loss=0.7229 test_acc=0.7467
Round 88 | selected=[16, 44, 9, 82, 81, 18, 85, 94, 64, 88]
Round 88 | train_loss=0.6325 train_acc=0.7866 test_loss=0.7764 test_acc=0.7274
Round 89 | selected=[18, 61, 27, 67, 48, 57, 95, 49, 76, 30]
Round 89 | train_loss=0.6828 train_acc=0.7694 test_loss=0.7691 test_acc=0.7328
Round 90 | selected=[90, 31, 36, 67, 7, 93, 1, 77, 11, 15]
Round 90 | train_loss=0.6624 train_acc=0.7736 test_loss=0.7794 test_acc=0.7307
Round 91 | selected=[50, 15, 33, 91, 99, 98, 2, 67, 49, 43]
Round 91 | train_loss=0.7163 train_acc=0.7558 test_loss=0.7966 test_acc=0.7247
Round 92 | selected=[47, 23, 16, 25, 85, 13, 15, 12, 55, 97]
Round 92 | train_loss=0.6563 train_acc=0.7696 test_loss=0.8390 test_acc=0.7149
Round 93 | selected=[10, 5, 36, 2, 76, 89, 40, 12, 58, 47]
Round 93 | train_loss=0.6572 train_acc=0.7674 test_loss=0.8360 test_acc=0.7189
Round 94 | selected=[56, 51, 89, 78, 22, 87, 67, 62, 11, 91]
Round 94 | train_loss=0.5646 train_acc=0.8128 test_loss=0.7911 test_acc=0.7281
Round 95 | selected=[36, 56, 50, 92, 13, 42, 93, 8, 20, 45]
Round 95 | train_loss=0.6411 train_acc=0.7804 test_loss=0.8433 test_acc=0.7095
Round 96 | selected=[42, 2, 44, 21, 74, 82, 34, 83, 49, 31]
Round 96 | train_loss=0.6514 train_acc=0.7768 test_loss=0.8416 test_acc=0.7165
Round 97 | selected=[20, 33, 86, 30, 23, 31, 71, 2, 50, 69]
Round 97 | train_loss=0.6716 train_acc=0.7682 test_loss=0.8188 test_acc=0.7201
Round 98 | selected=[75, 45, 13, 32, 12, 54, 16, 80, 83, 86]
Round 98 | train_loss=0.6580 train_acc=0.7768 test_loss=0.7965 test_acc=0.7240
Round 99 | selected=[31, 83, 63, 91, 90, 35, 69, 82, 16, 49]
Round 99 | train_loss=0.6210 train_acc=0.7904 test_loss=0.7465 test_acc=0.7398
Round 100 | selected=[45, 35, 10, 6, 64, 72, 34, 37, 75, 7]
Round 100 | train_loss=0.6657 train_acc=0.7742 test_loss=0.7575 test_acc=0.7381
Round 101 | selected=[1, 11, 21, 12, 36, 50, 53, 52, 9, 37]
Round 101 | train_loss=0.6615 train_acc=0.7708 test_loss=0.9206 test_acc=0.6987
Round 102 | selected=[78, 94, 38, 97, 29, 51, 73, 52, 76, 1]
Round 102 | train_loss=0.6631 train_acc=0.7760 test_loss=0.9163 test_acc=0.6938
Round 103 | selected=[48, 85, 24, 15, 40, 35, 70, 43, 90, 26]
Round 103 | train_loss=0.6194 train_acc=0.7840 test_loss=0.7459 test_acc=0.7404
Round 104 | selected=[37, 29, 21, 85, 7, 4, 79, 76, 47, 23]
Round 104 | train_loss=0.6544 train_acc=0.7728 test_loss=0.7809 test_acc=0.7278
Round 105 | selected=[42, 23, 78, 32, 19, 3, 21, 57, 24, 98]
Round 105 | train_loss=0.6424 train_acc=0.7832 test_loss=0.7887 test_acc=0.7297
Round 106 | selected=[25, 82, 31, 36, 65, 7, 41, 66, 75, 58]
Round 106 | train_loss=0.6401 train_acc=0.7782 test_loss=0.7044 test_acc=0.7552
Round 107 | selected=[37, 63, 64, 13, 73, 79, 33, 56, 10, 99]
Round 107 | train_loss=0.6194 train_acc=0.7836 test_loss=0.6579 test_acc=0.7707
Round 108 | selected=[66, 64, 2, 75, 29, 4, 16, 99, 77, 0]
Round 108 | train_loss=0.6894 train_acc=0.7670 test_loss=0.7485 test_acc=0.7435
Round 109 | selected=[43, 74, 18, 13, 17, 91, 71, 82, 85, 35]
Round 109 | train_loss=0.5604 train_acc=0.8074 test_loss=0.6905 test_acc=0.7669
Round 110 | selected=[49, 89, 46, 3, 79, 82, 16, 90, 57, 58]
Round 110 | train_loss=0.5815 train_acc=0.8040 test_loss=0.6770 test_acc=0.7695
Round 111 | selected=[12, 41, 68, 0, 93, 29, 81, 54, 44, 57]
Round 111 | train_loss=0.6142 train_acc=0.7922 test_loss=0.6758 test_acc=0.7696
Round 112 | selected=[16, 86, 51, 25, 57, 48, 34, 36, 63, 76]
Round 112 | train_loss=0.5381 train_acc=0.8188 test_loss=0.6526 test_acc=0.7791
Round 113 | selected=[70, 34, 33, 48, 27, 16, 50, 44, 24, 75]
Round 113 | train_loss=0.5971 train_acc=0.7994 test_loss=0.6677 test_acc=0.7727
Round 114 | selected=[26, 31, 15, 13, 51, 96, 86, 39, 90, 19]
Round 114 | train_loss=0.5787 train_acc=0.8034 test_loss=0.7012 test_acc=0.7627
Round 115 | selected=[71, 72, 74, 12, 84, 99, 76, 68, 59, 36]
Round 115 | train_loss=0.6043 train_acc=0.7938 test_loss=0.6389 test_acc=0.7826
Round 116 | selected=[6, 35, 55, 52, 97, 78, 5, 76, 53, 56]
Round 116 | train_loss=0.5517 train_acc=0.8118 test_loss=0.6374 test_acc=0.7857
Round 117 | selected=[33, 96, 7, 4, 53, 81, 67, 24, 88, 64]
Round 117 | train_loss=0.6166 train_acc=0.7870 test_loss=0.6455 test_acc=0.7806
Round 118 | selected=[24, 17, 90, 76, 39, 34, 35, 2, 66, 12]
Round 118 | train_loss=0.5859 train_acc=0.7966 test_loss=0.6426 test_acc=0.7815
Round 119 | selected=[64, 97, 94, 24, 45, 22, 48, 25, 81, 57]
Round 119 | train_loss=0.5075 train_acc=0.8286 test_loss=0.6781 test_acc=0.7698
Round 120 | selected=[28, 38, 41, 36, 30, 79, 5, 61, 50, 20]
Round 120 | train_loss=0.5781 train_acc=0.8018 test_loss=0.7026 test_acc=0.7615
Round 121 | selected=[34, 62, 94, 41, 27, 64, 96, 72, 45, 18]
Round 121 | train_loss=0.5503 train_acc=0.8118 test_loss=0.6608 test_acc=0.7763
Round 122 | selected=[76, 61, 9, 70, 37, 74, 85, 89, 64, 94]
Round 122 | train_loss=0.5033 train_acc=0.8342 test_loss=0.6911 test_acc=0.7560
Round 123 | selected=[28, 25, 19, 75, 43, 44, 87, 20, 38, 53]
Round 123 | train_loss=0.5802 train_acc=0.8042 test_loss=0.7018 test_acc=0.7567
Round 124 | selected=[99, 88, 92, 27, 57, 41, 61, 5, 11, 0]
Round 124 | train_loss=0.5554 train_acc=0.8038 test_loss=0.6924 test_acc=0.7603
Round 125 | selected=[20, 74, 28, 12, 55, 44, 81, 15, 50, 40]
Round 125 | train_loss=0.5138 train_acc=0.8264 test_loss=0.6384 test_acc=0.7777
Round 126 | selected=[71, 60, 16, 46, 39, 69, 48, 52, 23, 78]
Round 126 | train_loss=0.5871 train_acc=0.8036 test_loss=0.6065 test_acc=0.7906
Round 127 | selected=[61, 57, 4, 87, 66, 58, 82, 28, 26, 52]
Round 127 | train_loss=0.4937 train_acc=0.8384 test_loss=0.6230 test_acc=0.7854
Round 128 | selected=[68, 7, 43, 81, 46, 88, 94, 48, 47, 31]
Round 128 | train_loss=0.4968 train_acc=0.8340 test_loss=0.6552 test_acc=0.7759
Round 129 | selected=[68, 3, 51, 92, 84, 88, 79, 56, 85, 75]
Round 129 | train_loss=0.5506 train_acc=0.8152 test_loss=0.6220 test_acc=0.7879
Round 130 | selected=[38, 15, 69, 9, 21, 82, 43, 18, 92, 87]
Round 130 | train_loss=0.5307 train_acc=0.8132 test_loss=0.6267 test_acc=0.7917
Round 131 | selected=[3, 43, 73, 91, 81, 80, 55, 40, 14, 58]
Round 131 | train_loss=0.5397 train_acc=0.8206 test_loss=0.7097 test_acc=0.7650
Round 132 | selected=[93, 63, 46, 12, 78, 82, 52, 26, 86, 70]
Round 132 | train_loss=0.5072 train_acc=0.8244 test_loss=0.7089 test_acc=0.7665
Round 133 | selected=[51, 1, 92, 77, 82, 49, 75, 97, 36, 56]
Round 133 | train_loss=0.5245 train_acc=0.8202 test_loss=0.6067 test_acc=0.7938
Round 134 | selected=[80, 73, 62, 87, 45, 83, 89, 75, 46, 17]
Round 134 | train_loss=0.4957 train_acc=0.8350 test_loss=0.6416 test_acc=0.7770
Round 135 | selected=[8, 60, 45, 32, 28, 74, 93, 84, 29, 49]
Round 135 | train_loss=0.5797 train_acc=0.7968 test_loss=0.6169 test_acc=0.7874
Round 136 | selected=[69, 97, 91, 1, 40, 67, 98, 13, 56, 36]
Round 136 | train_loss=0.5111 train_acc=0.8256 test_loss=0.5892 test_acc=0.7997
Round 137 | selected=[54, 78, 37, 13, 5, 57, 2, 44, 48, 28]
Round 137 | train_loss=0.4513 train_acc=0.8518 test_loss=0.7112 test_acc=0.7583
Round 138 | selected=[26, 13, 33, 8, 77, 31, 28, 70, 47, 57]
Round 138 | train_loss=0.4632 train_acc=0.8442 test_loss=0.7792 test_acc=0.7359
Round 139 | selected=[74, 93, 85, 18, 84, 21, 68, 62, 72, 7]
Round 139 | train_loss=0.5311 train_acc=0.8180 test_loss=0.6764 test_acc=0.7716
Round 140 | selected=[63, 1, 77, 51, 48, 30, 67, 55, 36, 13]
Round 140 | train_loss=0.4707 train_acc=0.8384 test_loss=0.6080 test_acc=0.7959
Round 141 | selected=[48, 91, 29, 60, 4, 9, 22, 27, 45, 21]
Round 141 | train_loss=0.5267 train_acc=0.8174 test_loss=0.7302 test_acc=0.7518
Round 142 | selected=[22, 18, 17, 0, 42, 24, 13, 91, 35, 88]
Round 142 | train_loss=0.4636 train_acc=0.8482 test_loss=0.7188 test_acc=0.7515
Round 143 | selected=[5, 48, 37, 43, 54, 88, 30, 61, 34, 79]
Round 143 | train_loss=0.4758 train_acc=0.8360 test_loss=0.5744 test_acc=0.8018
Round 144 | selected=[2, 85, 26, 42, 67, 68, 93, 76, 58, 74]
Round 144 | train_loss=0.4495 train_acc=0.8468 test_loss=0.6158 test_acc=0.7870
Round 145 | selected=[52, 31, 1, 92, 23, 96, 40, 0, 16, 9]
Round 145 | train_loss=0.5426 train_acc=0.8148 test_loss=0.5992 test_acc=0.7980
Round 146 | selected=[34, 88, 98, 86, 89, 59, 60, 81, 28, 9]
Round 146 | train_loss=0.5073 train_acc=0.8314 test_loss=0.6184 test_acc=0.7918
Round 147 | selected=[59, 37, 57, 27, 82, 44, 83, 51, 92, 99]
Round 147 | train_loss=0.4191 train_acc=0.8636 test_loss=0.6147 test_acc=0.7977
Round 148 | selected=[73, 1, 71, 81, 14, 65, 8, 89, 67, 80]
Round 148 | train_loss=0.4990 train_acc=0.8344 test_loss=0.6162 test_acc=0.7966
Round 149 | selected=[87, 89, 42, 75, 8, 47, 19, 48, 50, 34]
Round 149 | train_loss=0.4820 train_acc=0.8390 test_loss=0.6526 test_acc=0.7831
Round 150 | selected=[92, 9, 4, 32, 53, 80, 22, 68, 2, 31]
Round 150 | train_loss=0.4648 train_acc=0.8446 test_loss=0.5693 test_acc=0.8072
Round 151 | selected=[79, 95, 42, 6, 1, 17, 76, 83, 73, 3]
Round 151 | train_loss=0.4497 train_acc=0.8470 test_loss=0.5562 test_acc=0.8106
Round 152 | selected=[93, 44, 6, 0, 10, 82, 81, 86, 48, 89]
Round 152 | train_loss=0.4477 train_acc=0.8454 test_loss=0.5646 test_acc=0.8053
Round 153 | selected=[32, 72, 9, 43, 55, 67, 78, 4, 6, 66]
Round 153 | train_loss=0.4686 train_acc=0.8444 test_loss=0.6230 test_acc=0.7861
Round 154 | selected=[31, 20, 52, 36, 15, 99, 72, 26, 40, 63]
Round 154 | train_loss=0.4626 train_acc=0.8462 test_loss=0.6117 test_acc=0.7898
Round 155 | selected=[78, 96, 56, 75, 63, 93, 38, 45, 89, 55]
Round 155 | train_loss=0.4495 train_acc=0.8458 test_loss=0.5747 test_acc=0.8047
Round 156 | selected=[64, 4, 87, 76, 91, 15, 95, 13, 83, 26]
Round 156 | train_loss=0.3956 train_acc=0.8690 test_loss=0.6722 test_acc=0.7790
Round 157 | selected=[0, 94, 14, 44, 90, 39, 93, 9, 96, 28]
Round 157 | train_loss=0.4752 train_acc=0.8334 test_loss=0.6686 test_acc=0.7776
Round 158 | selected=[35, 68, 67, 0, 54, 29, 85, 38, 47, 62]
Round 158 | train_loss=0.4775 train_acc=0.8348 test_loss=0.5965 test_acc=0.7999
Round 159 | selected=[87, 9, 16, 11, 92, 98, 24, 59, 46, 5]
Round 159 | train_loss=0.4740 train_acc=0.8428 test_loss=0.6254 test_acc=0.7949
Round 160 | selected=[16, 73, 81, 92, 30, 45, 27, 55, 80, 67]
Round 160 | train_loss=0.4473 train_acc=0.8452 test_loss=0.7485 test_acc=0.7622
Round 161 | selected=[77, 1, 56, 94, 89, 2, 20, 63, 72, 10]
Round 161 | train_loss=0.4687 train_acc=0.8430 test_loss=0.6992 test_acc=0.7712
Round 162 | selected=[8, 60, 47, 67, 14, 15, 43, 6, 85, 73]
Round 162 | train_loss=0.4968 train_acc=0.8342 test_loss=0.5730 test_acc=0.8092
Round 163 | selected=[13, 25, 29, 69, 22, 95, 50, 91, 38, 58]
Round 163 | train_loss=0.4599 train_acc=0.8444 test_loss=0.6997 test_acc=0.7735
Round 164 | selected=[63, 27, 66, 11, 8, 33, 28, 51, 97, 46]
Round 164 | train_loss=0.4453 train_acc=0.8480 test_loss=0.6850 test_acc=0.7777
Round 165 | selected=[68, 28, 63, 42, 10, 36, 34, 17, 25, 82]
Round 165 | train_loss=0.4034 train_acc=0.8636 test_loss=0.6024 test_acc=0.7989
Round 166 | selected=[22, 85, 98, 52, 86, 9, 88, 33, 80, 83]
Round 166 | train_loss=0.4461 train_acc=0.8412 test_loss=0.6520 test_acc=0.7854
Round 167 | selected=[27, 14, 36, 1, 31, 93, 56, 13, 35, 12]
Round 167 | train_loss=0.4311 train_acc=0.8488 test_loss=0.7142 test_acc=0.7688
Round 168 | selected=[22, 70, 43, 62, 93, 20, 1, 74, 92, 4]
Round 168 | train_loss=0.4339 train_acc=0.8534 test_loss=0.6140 test_acc=0.7935
Round 169 | selected=[77, 37, 53, 68, 18, 0, 74, 71, 40, 91]
Round 169 | train_loss=0.4586 train_acc=0.8450 test_loss=0.5422 test_acc=0.8135
Round 170 | selected=[90, 83, 81, 84, 56, 64, 42, 15, 99, 97]
Round 170 | train_loss=0.4445 train_acc=0.8466 test_loss=0.5659 test_acc=0.8038
Round 171 | selected=[11, 16, 40, 42, 64, 45, 33, 52, 4, 56]
Round 171 | train_loss=0.4503 train_acc=0.8480 test_loss=0.5837 test_acc=0.7985
Round 172 | selected=[56, 48, 57, 69, 58, 18, 21, 79, 59, 81]
Round 172 | train_loss=0.4354 train_acc=0.8602 test_loss=0.5297 test_acc=0.8167
Round 173 | selected=[38, 78, 27, 77, 11, 34, 92, 6, 63, 44]
Round 173 | train_loss=0.3950 train_acc=0.8648 test_loss=0.5250 test_acc=0.8187
Round 174 | selected=[14, 51, 84, 53, 69, 43, 13, 17, 16, 58]
Round 174 | train_loss=0.4348 train_acc=0.8592 test_loss=0.5340 test_acc=0.8161
Round 175 | selected=[75, 1, 58, 97, 62, 9, 19, 14, 71, 99]
Round 175 | train_loss=0.4556 train_acc=0.8488 test_loss=0.5256 test_acc=0.8205
Round 176 | selected=[25, 8, 30, 37, 35, 72, 67, 53, 83, 2]
Round 176 | train_loss=0.4292 train_acc=0.8574 test_loss=0.5312 test_acc=0.8221
Round 177 | selected=[9, 87, 86, 78, 33, 39, 10, 59, 58, 48]
Round 177 | train_loss=0.4001 train_acc=0.8632 test_loss=0.5662 test_acc=0.8093
Round 178 | selected=[40, 86, 7, 66, 69, 49, 13, 28, 75, 39]
Round 178 | train_loss=0.4417 train_acc=0.8544 test_loss=0.5645 test_acc=0.8085
Round 179 | selected=[8, 1, 83, 97, 43, 90, 21, 93, 62, 69]
Round 179 | train_loss=0.4081 train_acc=0.8626 test_loss=0.5310 test_acc=0.8193
Round 180 | selected=[31, 61, 2, 26, 28, 67, 44, 22, 24, 98]
Round 180 | train_loss=0.3915 train_acc=0.8762 test_loss=0.5170 test_acc=0.8191
Round 181 | selected=[54, 43, 64, 94, 18, 90, 39, 66, 78, 12]
Round 181 | train_loss=0.4075 train_acc=0.8572 test_loss=0.4992 test_acc=0.8277
Round 182 | selected=[89, 29, 33, 0, 84, 64, 60, 25, 79, 96]
Round 182 | train_loss=0.4726 train_acc=0.8386 test_loss=0.5650 test_acc=0.8049
Round 183 | selected=[44, 47, 24, 89, 68, 57, 80, 76, 28, 82]
Round 183 | train_loss=0.3508 train_acc=0.8872 test_loss=0.6067 test_acc=0.7926
Round 184 | selected=[33, 67, 90, 36, 56, 81, 34, 10, 97, 49]
Round 184 | train_loss=0.4001 train_acc=0.8618 test_loss=0.5463 test_acc=0.8158
Round 185 | selected=[48, 42, 79, 56, 0, 43, 76, 78, 7, 38]
Round 185 | train_loss=0.3864 train_acc=0.8682 test_loss=0.5288 test_acc=0.8196
Round 186 | selected=[79, 82, 47, 46, 59, 96, 85, 0, 50, 31]
Round 186 | train_loss=0.4005 train_acc=0.8660 test_loss=0.5327 test_acc=0.8211
Round 187 | selected=[98, 69, 25, 4, 57, 41, 47, 13, 16, 31]
Round 187 | train_loss=0.3869 train_acc=0.8676 test_loss=0.5705 test_acc=0.8114
Round 188 | selected=[0, 9, 55, 4, 32, 5, 22, 79, 46, 18]
Round 188 | train_loss=0.3743 train_acc=0.8726 test_loss=0.5536 test_acc=0.8135
Round 189 | selected=[44, 11, 7, 29, 65, 0, 99, 55, 93, 86]
Round 189 | train_loss=0.4105 train_acc=0.8608 test_loss=0.5486 test_acc=0.8102
Round 190 | selected=[41, 25, 89, 74, 31, 21, 34, 6, 27, 20]
Round 190 | train_loss=0.3983 train_acc=0.8686 test_loss=0.4874 test_acc=0.8294
Round 191 | selected=[5, 4, 95, 69, 91, 42, 77, 56, 29, 13]
Round 191 | train_loss=0.3543 train_acc=0.8832 test_loss=0.4869 test_acc=0.8353
Round 192 | selected=[77, 20, 65, 82, 52, 29, 60, 88, 74, 36]
Round 192 | train_loss=0.4175 train_acc=0.8592 test_loss=0.5363 test_acc=0.8138
Round 193 | selected=[37, 72, 48, 32, 79, 78, 82, 42, 28, 52]
Round 193 | train_loss=0.3720 train_acc=0.8756 test_loss=0.5479 test_acc=0.8112
Round 194 | selected=[87, 22, 15, 79, 38, 54, 56, 50, 20, 14]
Round 194 | train_loss=0.3473 train_acc=0.8784 test_loss=0.5279 test_acc=0.8201
Round 195 | selected=[19, 88, 26, 22, 10, 55, 25, 45, 89, 8]
Round 195 | train_loss=0.3471 train_acc=0.8840 test_loss=0.5389 test_acc=0.8190
Round 196 | selected=[4, 39, 95, 45, 27, 94, 10, 15, 12, 58]
Round 196 | train_loss=0.3873 train_acc=0.8670 test_loss=0.5859 test_acc=0.8066
Round 197 | selected=[13, 78, 76, 95, 20, 94, 70, 62, 90, 34]
Round 197 | train_loss=0.3595 train_acc=0.8776 test_loss=0.6188 test_acc=0.7936
Round 198 | selected=[79, 56, 26, 35, 22, 57, 20, 0, 11, 5]
Round 198 | train_loss=0.3517 train_acc=0.8798 test_loss=0.5430 test_acc=0.8189
Round 199 | selected=[65, 68, 20, 67, 93, 91, 21, 11, 33, 38]
Round 199 | train_loss=0.3862 train_acc=0.8684 test_loss=0.5228 test_acc=0.8226
Round 200 | selected=[64, 90, 8, 33, 75, 32, 66, 37, 31, 17]
Round 200 | train_loss=0.4059 train_acc=0.8610 test_loss=0.5711 test_acc=0.8073
Round 201 | selected=[77, 9, 70, 84, 8, 3, 32, 56, 27, 88]
Round 201 | train_loss=0.3857 train_acc=0.8650 test_loss=0.6304 test_acc=0.7916
Round 202 | selected=[72, 50, 81, 11, 75, 64, 80, 55, 10, 9]
Round 202 | train_loss=0.3969 train_acc=0.8654 test_loss=0.6094 test_acc=0.7958
Round 203 | selected=[62, 75, 2, 59, 43, 39, 11, 85, 98, 72]
Round 203 | train_loss=0.4041 train_acc=0.8620 test_loss=0.5332 test_acc=0.8222
Round 204 | selected=[12, 63, 70, 98, 17, 72, 27, 96, 21, 47]
Round 204 | train_loss=0.3900 train_acc=0.8674 test_loss=0.4771 test_acc=0.8439
Round 205 | selected=[36, 19, 77, 68, 14, 69, 53, 94, 76, 32]
Round 205 | train_loss=0.3875 train_acc=0.8644 test_loss=0.5291 test_acc=0.8255
Round 206 | selected=[46, 12, 29, 33, 79, 78, 67, 49, 61, 53]
Round 206 | train_loss=0.3987 train_acc=0.8620 test_loss=0.4994 test_acc=0.8337
Round 207 | selected=[85, 99, 2, 29, 54, 67, 31, 78, 52, 44]
Round 207 | train_loss=0.3828 train_acc=0.8730 test_loss=0.4979 test_acc=0.8326
Round 208 | selected=[85, 89, 73, 55, 66, 97, 27, 3, 75, 32]
Round 208 | train_loss=0.3539 train_acc=0.8796 test_loss=0.5433 test_acc=0.8164
Round 209 | selected=[65, 16, 41, 78, 73, 48, 3, 66, 90, 33]
Round 209 | train_loss=0.4058 train_acc=0.8632 test_loss=0.5144 test_acc=0.8272
Round 210 | selected=[95, 31, 82, 25, 67, 93, 73, 16, 22, 40]
Round 210 | train_loss=0.3055 train_acc=0.8934 test_loss=0.5174 test_acc=0.8266
Round 211 | selected=[44, 34, 32, 13, 37, 61, 25, 53, 21, 78]
Round 211 | train_loss=0.3216 train_acc=0.8996 test_loss=0.5756 test_acc=0.8023
Round 212 | selected=[48, 57, 11, 53, 14, 40, 62, 31, 83, 98]
Round 212 | train_loss=0.3407 train_acc=0.8858 test_loss=0.5862 test_acc=0.8028
Round 213 | selected=[74, 64, 18, 85, 44, 70, 7, 29, 56, 26]
Round 213 | train_loss=0.3616 train_acc=0.8784 test_loss=0.5508 test_acc=0.8179
Round 214 | selected=[69, 37, 68, 65, 38, 89, 86, 15, 61, 1]
Round 214 | train_loss=0.3293 train_acc=0.8944 test_loss=0.5695 test_acc=0.8088
Round 215 | selected=[76, 61, 41, 43, 55, 46, 62, 99, 14, 19]
Round 215 | train_loss=0.3855 train_acc=0.8640 test_loss=0.5480 test_acc=0.8129
Round 216 | selected=[36, 99, 80, 59, 93, 37, 33, 91, 90, 0]
Round 216 | train_loss=0.3534 train_acc=0.8802 test_loss=0.6065 test_acc=0.8029
Round 217 | selected=[35, 27, 97, 39, 66, 69, 43, 64, 70, 54]
Round 217 | train_loss=0.3650 train_acc=0.8794 test_loss=0.6230 test_acc=0.7976
Round 218 | selected=[65, 11, 90, 26, 94, 71, 10, 68, 16, 88]
Round 218 | train_loss=0.3428 train_acc=0.8860 test_loss=0.5263 test_acc=0.8284
Round 219 | selected=[85, 31, 30, 65, 86, 4, 90, 50, 82, 91]
Round 219 | train_loss=0.3400 train_acc=0.8838 test_loss=0.5697 test_acc=0.8102
Round 220 | selected=[4, 43, 56, 30, 51, 76, 95, 97, 86, 48]
Round 220 | train_loss=0.3082 train_acc=0.8944 test_loss=0.7098 test_acc=0.7708
Round 221 | selected=[5, 27, 8, 28, 41, 88, 24, 38, 21, 10]
Round 221 | train_loss=0.3719 train_acc=0.8692 test_loss=0.5936 test_acc=0.8052
Round 222 | selected=[15, 0, 49, 2, 72, 63, 5, 97, 94, 12]
Round 222 | train_loss=0.3476 train_acc=0.8814 test_loss=0.5052 test_acc=0.8306
Round 223 | selected=[37, 65, 7, 96, 13, 79, 36, 53, 38, 19]
Round 223 | train_loss=0.3560 train_acc=0.8772 test_loss=0.5616 test_acc=0.8105
Round 224 | selected=[18, 96, 26, 33, 54, 84, 76, 36, 95, 34]
Round 224 | train_loss=0.3024 train_acc=0.9006 test_loss=0.5889 test_acc=0.7968
Round 225 | selected=[54, 0, 59, 50, 13, 49, 65, 33, 5, 44]
Round 225 | train_loss=0.3169 train_acc=0.8990 test_loss=0.5218 test_acc=0.8190
Round 226 | selected=[18, 58, 96, 24, 20, 68, 19, 94, 54, 83]
Round 226 | train_loss=0.3108 train_acc=0.8968 test_loss=0.5747 test_acc=0.8072
Round 227 | selected=[93, 77, 5, 55, 10, 86, 98, 57, 54, 84]
Round 227 | train_loss=0.3190 train_acc=0.8948 test_loss=0.5458 test_acc=0.8182
Round 228 | selected=[1, 13, 45, 81, 23, 59, 6, 22, 71, 66]
Round 228 | train_loss=0.3593 train_acc=0.8758 test_loss=0.4927 test_acc=0.8381
Round 229 | selected=[8, 28, 38, 54, 36, 44, 75, 17, 91, 1]
Round 229 | train_loss=0.3053 train_acc=0.8952 test_loss=0.5189 test_acc=0.8273
Round 230 | selected=[18, 22, 92, 57, 86, 93, 17, 34, 78, 74]
Round 230 | train_loss=0.2811 train_acc=0.9116 test_loss=0.5442 test_acc=0.8153
Round 231 | selected=[14, 93, 63, 52, 98, 49, 15, 67, 51, 80]
Round 231 | train_loss=0.3235 train_acc=0.8856 test_loss=0.5102 test_acc=0.8283
Round 232 | selected=[73, 16, 43, 44, 66, 7, 99, 80, 10, 78]
Round 232 | train_loss=0.3127 train_acc=0.8926 test_loss=0.4686 test_acc=0.8415
Round 233 | selected=[1, 99, 18, 98, 15, 59, 97, 32, 82, 6]
Round 233 | train_loss=0.3139 train_acc=0.8954 test_loss=0.4576 test_acc=0.8459
Round 234 | selected=[13, 28, 43, 69, 45, 63, 57, 90, 32, 71]
Round 234 | train_loss=0.3040 train_acc=0.8990 test_loss=0.4832 test_acc=0.8356
Round 235 | selected=[3, 48, 54, 24, 74, 76, 65, 97, 77, 85]
Round 235 | train_loss=0.3166 train_acc=0.8922 test_loss=0.4774 test_acc=0.8352
Round 236 | selected=[73, 90, 61, 99, 16, 79, 6, 43, 98, 84]
Round 236 | train_loss=0.3435 train_acc=0.8834 test_loss=0.4693 test_acc=0.8418
Round 237 | selected=[98, 22, 3, 71, 23, 50, 67, 40, 66, 45]
Round 237 | train_loss=0.3199 train_acc=0.8918 test_loss=0.5186 test_acc=0.8266
Round 238 | selected=[27, 61, 46, 93, 48, 14, 62, 15, 33, 82]
Round 238 | train_loss=0.2975 train_acc=0.9014 test_loss=0.5326 test_acc=0.8200
Round 239 | selected=[34, 93, 9, 99, 2, 38, 6, 62, 74, 54]
Round 239 | train_loss=0.2949 train_acc=0.8964 test_loss=0.4909 test_acc=0.8362
Round 240 | selected=[77, 85, 7, 21, 84, 8, 79, 96, 5, 64]
Round 240 | train_loss=0.3064 train_acc=0.8924 test_loss=0.4632 test_acc=0.8448
Round 241 | selected=[46, 96, 53, 27, 16, 37, 84, 3, 89, 73]
Round 241 | train_loss=0.2913 train_acc=0.9030 test_loss=0.4728 test_acc=0.8408
Round 242 | selected=[32, 55, 44, 43, 26, 72, 81, 91, 25, 95]
Round 242 | train_loss=0.2923 train_acc=0.9032 test_loss=0.5117 test_acc=0.8288
Round 243 | selected=[84, 80, 6, 71, 29, 49, 36, 98, 75, 65]
Round 243 | train_loss=0.3424 train_acc=0.8838 test_loss=0.4797 test_acc=0.8443
Round 244 | selected=[74, 25, 27, 87, 50, 85, 21, 29, 18, 51]
Round 244 | train_loss=0.3163 train_acc=0.8928 test_loss=0.4510 test_acc=0.8520
Round 245 | selected=[69, 63, 56, 23, 14, 26, 37, 0, 59, 85]
Round 245 | train_loss=0.3013 train_acc=0.9002 test_loss=0.4549 test_acc=0.8481
Round 246 | selected=[45, 48, 55, 47, 3, 66, 90, 94, 98, 63]
Round 246 | train_loss=0.2888 train_acc=0.9040 test_loss=0.5384 test_acc=0.8275
Round 247 | selected=[26, 4, 25, 45, 32, 16, 75, 40, 10, 76]
Round 247 | train_loss=0.3110 train_acc=0.8956 test_loss=0.5057 test_acc=0.8371
Round 248 | selected=[86, 13, 60, 95, 99, 62, 0, 30, 48, 93]
Round 248 | train_loss=0.3066 train_acc=0.8974 test_loss=0.4977 test_acc=0.8395
Round 249 | selected=[82, 56, 19, 7, 35, 92, 8, 62, 23, 31]
Round 249 | train_loss=0.3203 train_acc=0.8908 test_loss=0.4550 test_acc=0.8488
Round 250 | selected=[75, 41, 91, 78, 34, 7, 51, 79, 6, 38]
Round 250 | train_loss=0.2806 train_acc=0.9068 test_loss=0.4902 test_acc=0.8356
Round 251 | selected=[84, 4, 27, 99, 3, 69, 18, 70, 19, 44]
Round 251 | train_loss=0.2889 train_acc=0.9020 test_loss=0.5214 test_acc=0.8262
Round 252 | selected=[22, 9, 12, 27, 46, 35, 14, 78, 34, 90]
Round 252 | train_loss=0.2757 train_acc=0.9128 test_loss=0.4589 test_acc=0.8433
Round 253 | selected=[13, 25, 53, 3, 16, 70, 34, 98, 8, 17]
Round 253 | train_loss=0.2510 train_acc=0.9196 test_loss=0.4304 test_acc=0.8551
Round 254 | selected=[90, 61, 39, 79, 22, 6, 51, 87, 98, 15]
Round 254 | train_loss=0.2835 train_acc=0.9072 test_loss=0.4466 test_acc=0.8489
Round 255 | selected=[67, 47, 18, 12, 63, 46, 51, 56, 9, 69]
Round 255 | train_loss=0.2784 train_acc=0.9096 test_loss=0.4444 test_acc=0.8528
Round 256 | selected=[52, 74, 75, 98, 46, 26, 69, 6, 68, 49]
Round 256 | train_loss=0.3069 train_acc=0.8938 test_loss=0.4364 test_acc=0.8523
Round 257 | selected=[51, 66, 9, 84, 96, 32, 57, 17, 11, 95]
Round 257 | train_loss=0.2672 train_acc=0.9096 test_loss=0.4399 test_acc=0.8548
Round 258 | selected=[84, 1, 95, 8, 57, 51, 62, 35, 55, 81]
Round 258 | train_loss=0.2682 train_acc=0.9096 test_loss=0.4935 test_acc=0.8362
Round 259 | selected=[15, 47, 91, 93, 41, 49, 46, 87, 59, 14]
Round 259 | train_loss=0.2856 train_acc=0.8992 test_loss=0.5095 test_acc=0.8333
Round 260 | selected=[21, 70, 7, 34, 29, 14, 19, 98, 30, 68]
Round 260 | train_loss=0.3102 train_acc=0.8958 test_loss=0.5755 test_acc=0.8117
Round 261 | selected=[14, 53, 2, 92, 71, 64, 8, 56, 61, 76]
Round 261 | train_loss=0.3016 train_acc=0.8968 test_loss=0.4756 test_acc=0.8437
Round 262 | selected=[18, 99, 62, 45, 10, 0, 30, 81, 65, 27]
Round 262 | train_loss=0.2773 train_acc=0.9034 test_loss=0.4137 test_acc=0.8615
Round 263 | selected=[99, 84, 57, 83, 76, 24, 31, 85, 60, 44]
Round 263 | train_loss=0.2711 train_acc=0.9114 test_loss=0.5277 test_acc=0.8285
Round 264 | selected=[23, 24, 57, 82, 12, 4, 47, 85, 2, 3]
Round 264 | train_loss=0.2844 train_acc=0.9022 test_loss=0.5282 test_acc=0.8331
Round 265 | selected=[42, 3, 18, 76, 12, 51, 93, 63, 53, 70]
Round 265 | train_loss=0.2646 train_acc=0.9140 test_loss=0.4506 test_acc=0.8545
Round 266 | selected=[54, 31, 34, 88, 37, 44, 59, 26, 1, 42]
Round 266 | train_loss=0.2336 train_acc=0.9220 test_loss=0.5188 test_acc=0.8271
Round 267 | selected=[33, 93, 30, 20, 70, 60, 59, 98, 44, 22]
Round 267 | train_loss=0.2736 train_acc=0.9088 test_loss=0.5063 test_acc=0.8321
Round 268 | selected=[5, 66, 60, 92, 57, 16, 74, 56, 18, 24]
Round 268 | train_loss=0.2883 train_acc=0.9030 test_loss=0.4678 test_acc=0.8416
Round 269 | selected=[29, 67, 22, 79, 57, 16, 49, 5, 66, 34]
Round 269 | train_loss=0.2521 train_acc=0.9192 test_loss=0.4784 test_acc=0.8395
Round 270 | selected=[4, 92, 67, 47, 37, 64, 77, 56, 24, 80]
Round 270 | train_loss=0.2473 train_acc=0.9168 test_loss=0.4894 test_acc=0.8371
Round 271 | selected=[89, 42, 70, 98, 28, 51, 29, 77, 73, 75]
Round 271 | train_loss=0.2698 train_acc=0.9138 test_loss=0.4568 test_acc=0.8460
Round 272 | selected=[90, 47, 71, 58, 34, 29, 10, 49, 46, 94]
Round 272 | train_loss=0.2711 train_acc=0.9072 test_loss=0.4855 test_acc=0.8372
Round 273 | selected=[88, 9, 15, 5, 98, 90, 55, 79, 13, 31]
Round 273 | train_loss=0.2275 train_acc=0.9220 test_loss=0.4709 test_acc=0.8439
Round 274 | selected=[10, 29, 8, 40, 34, 30, 5, 19, 55, 56]
Round 274 | train_loss=0.2443 train_acc=0.9126 test_loss=0.4770 test_acc=0.8413
Round 275 | selected=[15, 32, 6, 49, 74, 29, 71, 69, 14, 81]
Round 275 | train_loss=0.2852 train_acc=0.9050 test_loss=0.5022 test_acc=0.8387
Round 276 | selected=[91, 5, 57, 10, 27, 42, 6, 86, 26, 51]
Round 276 | train_loss=0.2226 train_acc=0.9274 test_loss=0.5595 test_acc=0.8229
Round 277 | selected=[38, 2, 37, 95, 45, 94, 88, 31, 25, 82]
Round 277 | train_loss=0.2623 train_acc=0.9096 test_loss=0.5000 test_acc=0.8395
Round 278 | selected=[5, 56, 52, 46, 64, 67, 87, 1, 90, 6]
Round 278 | train_loss=0.2735 train_acc=0.9036 test_loss=0.4683 test_acc=0.8485
Round 279 | selected=[58, 27, 30, 78, 93, 72, 4, 15, 28, 14]
Round 279 | train_loss=0.2397 train_acc=0.9212 test_loss=0.5367 test_acc=0.8272
Round 280 | selected=[87, 16, 41, 8, 44, 34, 74, 27, 84, 20]
Round 280 | train_loss=0.2940 train_acc=0.8994 test_loss=0.4818 test_acc=0.8452
Round 281 | selected=[83, 21, 77, 85, 1, 98, 72, 44, 2, 88]
Round 281 | train_loss=0.2894 train_acc=0.9058 test_loss=0.5025 test_acc=0.8418
Round 282 | selected=[5, 33, 64, 79, 0, 48, 62, 68, 99, 47]
Round 282 | train_loss=0.2843 train_acc=0.9042 test_loss=0.5618 test_acc=0.8241
Round 283 | selected=[90, 58, 4, 82, 80, 93, 70, 38, 8, 29]
Round 283 | train_loss=0.2616 train_acc=0.9102 test_loss=0.4883 test_acc=0.8451
Round 284 | selected=[21, 97, 72, 99, 11, 19, 93, 31, 24, 94]
Round 284 | train_loss=0.2804 train_acc=0.9054 test_loss=0.4826 test_acc=0.8438
Round 285 | selected=[85, 84, 63, 6, 68, 69, 45, 8, 55, 81]
Round 285 | train_loss=0.2692 train_acc=0.9102 test_loss=0.5040 test_acc=0.8384
Round 286 | selected=[86, 65, 19, 92, 67, 32, 35, 91, 20, 14]
Round 286 | train_loss=0.3006 train_acc=0.8990 test_loss=0.4494 test_acc=0.8520
Round 287 | selected=[37, 81, 84, 87, 63, 34, 19, 9, 91, 73]
Round 287 | train_loss=0.2351 train_acc=0.9192 test_loss=0.5478 test_acc=0.8202
Round 288 | selected=[70, 14, 62, 56, 69, 10, 22, 34, 84, 21]
Round 288 | train_loss=0.2309 train_acc=0.9234 test_loss=0.5231 test_acc=0.8280
Round 289 | selected=[23, 39, 18, 75, 11, 48, 33, 34, 58, 7]
Round 289 | train_loss=0.2798 train_acc=0.8986 test_loss=0.4279 test_acc=0.8581
Round 290 | selected=[87, 59, 79, 60, 92, 48, 39, 64, 38, 85]
Round 290 | train_loss=0.2726 train_acc=0.9102 test_loss=0.4218 test_acc=0.8631
Round 291 | selected=[42, 31, 27, 35, 1, 26, 50, 78, 72, 92]
Round 291 | train_loss=0.2499 train_acc=0.9174 test_loss=0.4825 test_acc=0.8429
Round 292 | selected=[33, 60, 76, 28, 53, 97, 27, 88, 26, 38]
Round 292 | train_loss=0.2593 train_acc=0.9106 test_loss=0.5087 test_acc=0.8336
Round 293 | selected=[30, 28, 89, 61, 95, 29, 5, 16, 1, 8]
Round 293 | train_loss=0.2322 train_acc=0.9220 test_loss=0.4572 test_acc=0.8453
Round 294 | selected=[88, 86, 34, 75, 69, 73, 59, 4, 57, 65]
Round 294 | train_loss=0.2424 train_acc=0.9180 test_loss=0.4193 test_acc=0.8568
Round 295 | selected=[10, 95, 40, 43, 6, 17, 9, 30, 1, 47]
Round 295 | train_loss=0.2366 train_acc=0.9210 test_loss=0.4275 test_acc=0.8605
Round 296 | selected=[15, 78, 11, 88, 18, 51, 53, 99, 75, 82]
Round 296 | train_loss=0.2394 train_acc=0.9200 test_loss=0.4528 test_acc=0.8501
Round 297 | selected=[8, 76, 91, 9, 59, 2, 17, 73, 43, 47]
Round 297 | train_loss=0.2539 train_acc=0.9162 test_loss=0.5006 test_acc=0.8315
Round 298 | selected=[22, 38, 50, 98, 71, 47, 36, 94, 5, 55]
Round 298 | train_loss=0.2293 train_acc=0.9166 test_loss=0.4968 test_acc=0.8315
Round 299 | selected=[84, 36, 47, 95, 3, 76, 38, 43, 37, 88]
Round 299 | train_loss=0.2249 train_acc=0.9214 test_loss=0.4452 test_acc=0.8515
Round 300 | selected=[6, 8, 48, 93, 64, 4, 91, 99, 43, 53]
Round 300 | train_loss=0.2250 train_acc=0.9200 test_loss=0.4793 test_acc=0.8425
Round 301 | selected=[19, 42, 87, 57, 66, 58, 67, 18, 95, 84]
Round 301 | train_loss=0.2238 train_acc=0.9258 test_loss=0.4943 test_acc=0.8382
Round 302 | selected=[15, 86, 34, 66, 82, 59, 13, 83, 65, 35]
Round 302 | train_loss=0.2360 train_acc=0.9188 test_loss=0.4503 test_acc=0.8546
Round 303 | selected=[15, 39, 68, 7, 83, 42, 33, 45, 94, 0]
Round 303 | train_loss=0.2476 train_acc=0.9158 test_loss=0.4453 test_acc=0.8581
Round 304 | selected=[3, 45, 68, 86, 18, 7, 28, 63, 36, 42]
Round 304 | train_loss=0.2279 train_acc=0.9262 test_loss=0.4399 test_acc=0.8574
Round 305 | selected=[38, 13, 95, 71, 94, 54, 81, 12, 11, 29]
Round 305 | train_loss=0.2233 train_acc=0.9256 test_loss=0.4186 test_acc=0.8601
Round 306 | selected=[32, 12, 26, 1, 68, 0, 39, 84, 51, 58]
Round 306 | train_loss=0.2351 train_acc=0.9170 test_loss=0.4198 test_acc=0.8634
Round 307 | selected=[54, 97, 68, 26, 84, 8, 30, 56, 42, 53]
Round 307 | train_loss=0.1933 train_acc=0.9342 test_loss=0.4749 test_acc=0.8475
Round 308 | selected=[74, 34, 38, 96, 73, 15, 90, 45, 39, 94]
Round 308 | train_loss=0.2250 train_acc=0.9192 test_loss=0.4463 test_acc=0.8568
Round 309 | selected=[64, 65, 12, 14, 27, 53, 5, 10, 89, 88]
Round 309 | train_loss=0.2319 train_acc=0.9204 test_loss=0.4969 test_acc=0.8379
Round 310 | selected=[77, 92, 46, 49, 76, 48, 95, 13, 27, 50]
Round 310 | train_loss=0.2233 train_acc=0.9214 test_loss=0.5910 test_acc=0.8155
Round 311 | selected=[77, 69, 64, 35, 50, 5, 46, 10, 18, 27]
Round 311 | train_loss=0.2275 train_acc=0.9218 test_loss=0.4587 test_acc=0.8491
Round 312 | selected=[94, 43, 0, 33, 78, 72, 47, 89, 41, 73]
Round 312 | train_loss=0.2616 train_acc=0.9150 test_loss=0.4796 test_acc=0.8488
Round 313 | selected=[89, 66, 68, 39, 60, 46, 19, 42, 11, 36]
Round 313 | train_loss=0.2426 train_acc=0.9156 test_loss=0.5056 test_acc=0.8432
Round 314 | selected=[26, 14, 18, 23, 28, 45, 24, 19, 31, 87]
Round 314 | train_loss=0.2253 train_acc=0.9266 test_loss=0.4728 test_acc=0.8502
Round 315 | selected=[73, 34, 70, 50, 5, 46, 35, 92, 23, 2]
Round 315 | train_loss=0.2383 train_acc=0.9162 test_loss=0.4944 test_acc=0.8468
Round 316 | selected=[65, 72, 83, 13, 25, 68, 20, 62, 57, 76]
Round 316 | train_loss=0.2302 train_acc=0.9212 test_loss=0.5059 test_acc=0.8403
Round 317 | selected=[13, 71, 19, 70, 61, 77, 89, 75, 25, 54]
Round 317 | train_loss=0.2378 train_acc=0.9196 test_loss=0.5469 test_acc=0.8295
Round 318 | selected=[50, 33, 30, 85, 59, 41, 76, 99, 87, 29]
Round 318 | train_loss=0.2503 train_acc=0.9170 test_loss=0.5297 test_acc=0.8324
Round 319 | selected=[45, 43, 82, 41, 68, 93, 14, 62, 54, 77]
Round 319 | train_loss=0.2132 train_acc=0.9282 test_loss=0.4805 test_acc=0.8406
Round 320 | selected=[44, 33, 53, 26, 11, 15, 35, 37, 45, 96]
Round 320 | train_loss=0.2125 train_acc=0.9310 test_loss=0.5014 test_acc=0.8361
Round 321 | selected=[24, 79, 19, 10, 51, 92, 61, 0, 18, 34]
Round 321 | train_loss=0.2169 train_acc=0.9284 test_loss=0.5090 test_acc=0.8355
Round 322 | selected=[59, 14, 35, 92, 86, 91, 4, 48, 69, 20]
Round 322 | train_loss=0.2214 train_acc=0.9254 test_loss=0.4981 test_acc=0.8466
Round 323 | selected=[73, 8, 97, 57, 67, 2, 48, 34, 89, 18]
Round 323 | train_loss=0.1892 train_acc=0.9376 test_loss=0.5292 test_acc=0.8376
Round 324 | selected=[95, 67, 93, 52, 82, 70, 87, 83, 57, 53]
Round 324 | train_loss=0.2036 train_acc=0.9310 test_loss=0.5838 test_acc=0.8180
Round 325 | selected=[36, 97, 37, 31, 28, 51, 8, 15, 16, 66]
Round 325 | train_loss=0.2065 train_acc=0.9302 test_loss=0.5018 test_acc=0.8395
Round 326 | selected=[10, 17, 35, 66, 50, 90, 86, 63, 36, 87]
Round 326 | train_loss=0.2381 train_acc=0.9214 test_loss=0.4207 test_acc=0.8613
Round 327 | selected=[84, 20, 82, 53, 68, 3, 31, 97, 61, 90]
Round 327 | train_loss=0.1951 train_acc=0.9322 test_loss=0.6470 test_acc=0.7956
Round 328 | selected=[9, 63, 78, 28, 69, 35, 73, 57, 44, 15]
Round 328 | train_loss=0.1863 train_acc=0.9344 test_loss=0.5651 test_acc=0.8202
Round 329 | selected=[32, 72, 88, 12, 64, 15, 46, 86, 45, 10]
Round 329 | train_loss=0.2425 train_acc=0.9176 test_loss=0.4081 test_acc=0.8667
Round 330 | selected=[88, 68, 58, 38, 77, 80, 31, 12, 92, 72]
Round 330 | train_loss=0.2322 train_acc=0.9216 test_loss=0.4604 test_acc=0.8524
Round 331 | selected=[32, 57, 46, 5, 30, 84, 1, 27, 99, 49]
Round 331 | train_loss=0.1937 train_acc=0.9372 test_loss=0.4902 test_acc=0.8466
Round 332 | selected=[47, 29, 69, 98, 45, 31, 13, 5, 73, 55]
Round 332 | train_loss=0.2015 train_acc=0.9336 test_loss=0.4982 test_acc=0.8385
Round 333 | selected=[41, 88, 27, 1, 49, 64, 57, 97, 26, 75]
Round 333 | train_loss=0.2172 train_acc=0.9268 test_loss=0.4758 test_acc=0.8452
Round 334 | selected=[46, 68, 56, 71, 49, 76, 93, 43, 4, 53]
Round 334 | train_loss=0.2297 train_acc=0.9222 test_loss=0.3929 test_acc=0.8665
Round 335 | selected=[18, 9, 62, 26, 63, 56, 65, 85, 37, 98]
Round 335 | train_loss=0.1779 train_acc=0.9404 test_loss=0.4682 test_acc=0.8472
Round 336 | selected=[29, 44, 88, 33, 65, 81, 34, 86, 57, 99]
Round 336 | train_loss=0.2005 train_acc=0.9322 test_loss=0.4607 test_acc=0.8455
Round 337 | selected=[33, 77, 68, 37, 39, 70, 29, 66, 41, 23]
Round 337 | train_loss=0.2053 train_acc=0.9302 test_loss=0.4552 test_acc=0.8485
Round 338 | selected=[5, 13, 3, 32, 71, 41, 74, 94, 45, 82]
Round 338 | train_loss=0.1984 train_acc=0.9312 test_loss=0.4298 test_acc=0.8564
Round 339 | selected=[52, 48, 16, 6, 43, 19, 56, 46, 75, 20]
Round 339 | train_loss=0.2285 train_acc=0.9232 test_loss=0.3961 test_acc=0.8709
Round 340 | selected=[12, 14, 92, 86, 31, 63, 36, 65, 81, 24]
Round 340 | train_loss=0.1910 train_acc=0.9346 test_loss=0.3992 test_acc=0.8726
Round 341 | selected=[67, 64, 8, 33, 51, 41, 68, 43, 1, 82]
Round 341 | train_loss=0.1809 train_acc=0.9394 test_loss=0.4086 test_acc=0.8689
Round 342 | selected=[52, 79, 34, 65, 60, 73, 83, 87, 94, 35]
Round 342 | train_loss=0.2187 train_acc=0.9244 test_loss=0.3961 test_acc=0.8700
Round 343 | selected=[84, 91, 87, 33, 67, 11, 48, 4, 54, 97]
Round 343 | train_loss=0.1778 train_acc=0.9392 test_loss=0.3979 test_acc=0.8701
Round 344 | selected=[67, 15, 84, 29, 54, 50, 34, 63, 43, 7]
Round 344 | train_loss=0.1688 train_acc=0.9428 test_loss=0.4326 test_acc=0.8583
Round 345 | selected=[3, 4, 46, 79, 83, 13, 48, 91, 5, 52]
Round 345 | train_loss=0.1866 train_acc=0.9372 test_loss=0.4487 test_acc=0.8542
Round 346 | selected=[60, 49, 71, 83, 17, 59, 62, 79, 85, 48]
Round 346 | train_loss=0.2229 train_acc=0.9206 test_loss=0.3857 test_acc=0.8771
Round 347 | selected=[75, 44, 68, 72, 1, 52, 42, 41, 18, 74]
Round 347 | train_loss=0.2041 train_acc=0.9298 test_loss=0.4209 test_acc=0.8662
Round 348 | selected=[13, 59, 43, 30, 1, 22, 53, 70, 28, 24]
Round 348 | train_loss=0.1708 train_acc=0.9430 test_loss=0.4364 test_acc=0.8638
Round 349 | selected=[27, 66, 26, 44, 22, 64, 23, 38, 63, 98]
Round 349 | train_loss=0.1779 train_acc=0.9378 test_loss=0.4073 test_acc=0.8716
Round 350 | selected=[65, 66, 61, 78, 37, 69, 47, 55, 27, 88]
Round 350 | train_loss=0.1810 train_acc=0.9390 test_loss=0.4012 test_acc=0.8670
Round 351 | selected=[8, 42, 70, 7, 91, 45, 3, 89, 6, 30]
Round 351 | train_loss=0.1758 train_acc=0.9376 test_loss=0.4166 test_acc=0.8635
Round 352 | selected=[41, 11, 20, 4, 95, 30, 3, 42, 81, 91]
Round 352 | train_loss=0.2009 train_acc=0.9256 test_loss=0.4106 test_acc=0.8660
Round 353 | selected=[23, 96, 82, 34, 43, 10, 48, 17, 49, 80]
Round 353 | train_loss=0.2036 train_acc=0.9364 test_loss=0.4166 test_acc=0.8680
Round 354 | selected=[69, 4, 64, 47, 79, 65, 9, 90, 46, 62]
Round 354 | train_loss=0.1901 train_acc=0.9380 test_loss=0.3948 test_acc=0.8754
Round 355 | selected=[85, 32, 23, 35, 17, 77, 6, 34, 87, 59]
Round 355 | train_loss=0.1739 train_acc=0.9408 test_loss=0.4070 test_acc=0.8693
Round 356 | selected=[43, 65, 71, 57, 12, 86, 90, 62, 2, 15]
Round 356 | train_loss=0.1730 train_acc=0.9400 test_loss=0.4797 test_acc=0.8401
Round 357 | selected=[53, 83, 64, 93, 4, 2, 15, 35, 72, 51]
Round 357 | train_loss=0.1881 train_acc=0.9354 test_loss=0.4441 test_acc=0.8548
Round 358 | selected=[17, 46, 60, 25, 88, 52, 85, 97, 16, 98]
Round 358 | train_loss=0.2034 train_acc=0.9300 test_loss=0.4019 test_acc=0.8724
Round 359 | selected=[7, 47, 96, 95, 78, 48, 90, 14, 23, 87]
Round 359 | train_loss=0.1826 train_acc=0.9356 test_loss=0.4280 test_acc=0.8645
Round 360 | selected=[74, 24, 2, 43, 70, 86, 57, 3, 61, 93]
Round 360 | train_loss=0.1718 train_acc=0.9440 test_loss=0.4294 test_acc=0.8625
Round 361 | selected=[36, 92, 37, 64, 31, 19, 52, 98, 54, 50]
Round 361 | train_loss=0.1813 train_acc=0.9372 test_loss=0.4174 test_acc=0.8658
Round 362 | selected=[32, 80, 69, 46, 42, 61, 81, 12, 96, 59]
Round 362 | train_loss=0.1878 train_acc=0.9370 test_loss=0.4158 test_acc=0.8657
Round 363 | selected=[45, 38, 7, 19, 58, 20, 51, 16, 44, 89]
Round 363 | train_loss=0.1933 train_acc=0.9322 test_loss=0.4631 test_acc=0.8514
Round 364 | selected=[68, 13, 39, 96, 35, 70, 89, 75, 76, 83]
Round 364 | train_loss=0.1787 train_acc=0.9396 test_loss=0.4323 test_acc=0.8632
Round 365 | selected=[71, 66, 72, 19, 89, 4, 54, 59, 3, 20]
Round 365 | train_loss=0.1687 train_acc=0.9440 test_loss=0.4332 test_acc=0.8663
Round 366 | selected=[17, 16, 61, 18, 59, 9, 6, 77, 78, 29]
Round 366 | train_loss=0.1687 train_acc=0.9432 test_loss=0.4127 test_acc=0.8733
Round 367 | selected=[64, 63, 66, 80, 42, 7, 62, 15, 37, 32]
Round 367 | train_loss=0.1579 train_acc=0.9494 test_loss=0.4024 test_acc=0.8719
Round 368 | selected=[55, 99, 16, 41, 39, 26, 50, 63, 94, 5]
Round 368 | train_loss=0.1585 train_acc=0.9458 test_loss=0.3760 test_acc=0.8792
Round 369 | selected=[55, 85, 87, 99, 13, 26, 74, 5, 93, 48]
Round 369 | train_loss=0.1376 train_acc=0.9554 test_loss=0.4439 test_acc=0.8579
Round 370 | selected=[25, 17, 70, 73, 83, 42, 82, 97, 41, 66]
Round 370 | train_loss=0.1951 train_acc=0.9360 test_loss=0.4246 test_acc=0.8646
Round 371 | selected=[41, 57, 33, 83, 79, 53, 1, 3, 40, 18]
Round 371 | train_loss=0.1764 train_acc=0.9372 test_loss=0.4537 test_acc=0.8552
Round 372 | selected=[94, 57, 39, 5, 1, 58, 18, 0, 95, 98]
Round 372 | train_loss=0.1638 train_acc=0.9450 test_loss=0.5078 test_acc=0.8404
Round 373 | selected=[24, 42, 16, 27, 87, 85, 50, 35, 36, 34]
Round 373 | train_loss=0.1596 train_acc=0.9514 test_loss=0.4982 test_acc=0.8468
Round 374 | selected=[57, 22, 59, 64, 88, 14, 8, 82, 16, 68]
Round 374 | train_loss=0.1232 train_acc=0.9590 test_loss=0.4971 test_acc=0.8471
Round 375 | selected=[59, 46, 45, 9, 56, 79, 97, 51, 81, 50]
Round 375 | train_loss=0.1742 train_acc=0.9394 test_loss=0.4478 test_acc=0.8609
Round 376 | selected=[55, 72, 88, 11, 81, 27, 22, 35, 76, 18]
Round 376 | train_loss=0.1691 train_acc=0.9448 test_loss=0.4898 test_acc=0.8507
Round 377 | selected=[15, 4, 78, 12, 1, 81, 67, 68, 22, 23]
Round 377 | train_loss=0.1425 train_acc=0.9520 test_loss=0.6032 test_acc=0.8207
Round 378 | selected=[79, 44, 87, 6, 93, 84, 50, 16, 64, 61]
Round 378 | train_loss=0.1491 train_acc=0.9496 test_loss=0.4914 test_acc=0.8519
Round 379 | selected=[57, 33, 47, 74, 50, 1, 89, 75, 85, 0]
Round 379 | train_loss=0.1831 train_acc=0.9330 test_loss=0.4176 test_acc=0.8691
Round 380 | selected=[93, 84, 58, 17, 71, 2, 87, 73, 46, 67]
Round 380 | train_loss=0.1817 train_acc=0.9366 test_loss=0.4604 test_acc=0.8583
Round 381 | selected=[86, 10, 52, 95, 25, 31, 75, 24, 8, 51]
Round 381 | train_loss=0.1746 train_acc=0.9408 test_loss=0.5103 test_acc=0.8422
Round 382 | selected=[35, 8, 11, 78, 45, 46, 53, 88, 77, 89]
Round 382 | train_loss=0.1587 train_acc=0.9446 test_loss=0.4336 test_acc=0.8637
Round 383 | selected=[80, 58, 31, 43, 35, 30, 92, 26, 60, 4]
Round 383 | train_loss=0.1874 train_acc=0.9346 test_loss=0.4530 test_acc=0.8577
Round 384 | selected=[48, 47, 67, 89, 77, 41, 99, 0, 51, 52]
Round 384 | train_loss=0.1581 train_acc=0.9470 test_loss=0.5960 test_acc=0.8226
Round 385 | selected=[34, 75, 10, 44, 89, 33, 15, 16, 45, 71]
Round 385 | train_loss=0.1580 train_acc=0.9478 test_loss=0.4718 test_acc=0.8531
Round 386 | selected=[32, 58, 49, 88, 11, 64, 22, 73, 43, 57]
Round 386 | train_loss=0.1457 train_acc=0.9538 test_loss=0.4228 test_acc=0.8677
Round 387 | selected=[88, 63, 29, 67, 0, 46, 37, 68, 51, 71]
Round 387 | train_loss=0.1681 train_acc=0.9434 test_loss=0.4150 test_acc=0.8670
Round 388 | selected=[66, 51, 90, 42, 38, 45, 22, 58, 73, 37]
Round 388 | train_loss=0.1537 train_acc=0.9460 test_loss=0.4175 test_acc=0.8635
Round 389 | selected=[46, 91, 59, 15, 39, 94, 83, 33, 63, 60]
Round 389 | train_loss=0.1727 train_acc=0.9402 test_loss=0.4309 test_acc=0.8652
Round 390 | selected=[34, 70, 93, 66, 42, 65, 6, 28, 3, 13]
Round 390 | train_loss=0.1434 train_acc=0.9534 test_loss=0.4628 test_acc=0.8543
Round 391 | selected=[52, 42, 68, 88, 58, 19, 44, 65, 7, 11]
Round 391 | train_loss=0.1729 train_acc=0.9412 test_loss=0.4307 test_acc=0.8662
Round 392 | selected=[76, 68, 52, 70, 44, 63, 15, 47, 57, 23]
Round 392 | train_loss=0.1432 train_acc=0.9536 test_loss=0.4607 test_acc=0.8592
Round 393 | selected=[48, 81, 11, 54, 29, 21, 22, 78, 56, 26]
Round 393 | train_loss=0.1699 train_acc=0.9430 test_loss=0.4463 test_acc=0.8619
Round 394 | selected=[42, 63, 92, 58, 39, 77, 48, 6, 32, 72]
Round 394 | train_loss=0.1717 train_acc=0.9418 test_loss=0.4173 test_acc=0.8687
Round 395 | selected=[23, 65, 97, 98, 12, 5, 14, 39, 91, 20]
Round 395 | train_loss=0.1762 train_acc=0.9394 test_loss=0.4441 test_acc=0.8648
Round 396 | selected=[18, 93, 83, 50, 61, 78, 86, 75, 23, 56]
Round 396 | train_loss=0.1561 train_acc=0.9486 test_loss=0.4651 test_acc=0.8548
Round 397 | selected=[50, 57, 61, 97, 49, 68, 55, 65, 48, 28]
Round 397 | train_loss=0.1187 train_acc=0.9634 test_loss=0.5221 test_acc=0.8422
Round 398 | selected=[14, 18, 78, 51, 8, 33, 68, 6, 35, 22]
Round 398 | train_loss=0.1407 train_acc=0.9546 test_loss=0.4881 test_acc=0.8478
Round 399 | selected=[67, 33, 68, 29, 25, 78, 26, 58, 6, 31]
Round 399 | train_loss=0.1577 train_acc=0.9430 test_loss=0.4269 test_acc=0.8624
Round 400 | selected=[17, 35, 98, 39, 89, 68, 67, 95, 34, 26]
Round 400 | train_loss=0.1261 train_acc=0.9582 test_loss=0.4221 test_acc=0.8625
Round 401 | selected=[68, 0, 85, 24, 26, 51, 74, 98, 89, 61]
Round 401 | train_loss=0.1519 train_acc=0.9478 test_loss=0.3890 test_acc=0.8751
Round 402 | selected=[40, 66, 41, 47, 23, 77, 80, 89, 95, 11]
Round 402 | train_loss=0.1673 train_acc=0.9402 test_loss=0.4637 test_acc=0.8577
Round 403 | selected=[70, 90, 28, 35, 96, 88, 47, 72, 24, 0]
Round 403 | train_loss=0.1700 train_acc=0.9420 test_loss=0.4617 test_acc=0.8603
Round 404 | selected=[40, 15, 3, 82, 97, 16, 37, 70, 63, 6]
Round 404 | train_loss=0.1377 train_acc=0.9556 test_loss=0.4500 test_acc=0.8601
Round 405 | selected=[18, 69, 43, 94, 97, 93, 4, 48, 60, 28]
Round 405 | train_loss=0.1552 train_acc=0.9488 test_loss=0.5139 test_acc=0.8476
Round 406 | selected=[33, 64, 93, 80, 11, 89, 92, 10, 85, 65]
Round 406 | train_loss=0.1519 train_acc=0.9490 test_loss=0.4528 test_acc=0.8635
Round 407 | selected=[44, 67, 1, 17, 19, 28, 69, 49, 42, 45]
Round 407 | train_loss=0.1469 train_acc=0.9524 test_loss=0.4072 test_acc=0.8704
Round 408 | selected=[35, 44, 21, 86, 91, 74, 42, 79, 9, 11]
Round 408 | train_loss=0.1710 train_acc=0.9440 test_loss=0.4382 test_acc=0.8618
Round 409 | selected=[42, 14, 96, 17, 80, 79, 65, 16, 8, 34]
Round 409 | train_loss=0.1554 train_acc=0.9466 test_loss=0.4099 test_acc=0.8738
Round 410 | selected=[50, 48, 3, 53, 88, 96, 91, 8, 80, 82]
Round 410 | train_loss=0.1474 train_acc=0.9536 test_loss=0.4365 test_acc=0.8692
Round 411 | selected=[33, 19, 99, 3, 61, 46, 43, 48, 84, 50]
Round 411 | train_loss=0.1520 train_acc=0.9522 test_loss=0.4444 test_acc=0.8651
Round 412 | selected=[36, 80, 91, 26, 53, 28, 78, 92, 8, 93]
Round 412 | train_loss=0.1341 train_acc=0.9560 test_loss=0.4184 test_acc=0.8720
Round 413 | selected=[35, 88, 70, 19, 71, 7, 83, 79, 50, 85]
Round 413 | train_loss=0.1500 train_acc=0.9482 test_loss=0.4085 test_acc=0.8738
Round 414 | selected=[47, 67, 28, 63, 19, 90, 69, 35, 10, 16]
Round 414 | train_loss=0.1317 train_acc=0.9578 test_loss=0.4827 test_acc=0.8537
Round 415 | selected=[47, 19, 85, 86, 94, 83, 24, 63, 65, 57]
Round 415 | train_loss=0.1187 train_acc=0.9602 test_loss=0.4383 test_acc=0.8628
Round 416 | selected=[15, 3, 0, 19, 78, 73, 38, 51, 35, 43]
Round 416 | train_loss=0.1368 train_acc=0.9518 test_loss=0.3969 test_acc=0.8767
Round 417 | selected=[13, 24, 14, 15, 78, 61, 97, 3, 90, 48]
Round 417 | train_loss=0.1200 train_acc=0.9634 test_loss=0.4196 test_acc=0.8737
Round 418 | selected=[46, 16, 6, 83, 79, 28, 23, 20, 24, 66]
Round 418 | train_loss=0.1423 train_acc=0.9526 test_loss=0.4033 test_acc=0.8752
Round 419 | selected=[48, 76, 47, 21, 67, 80, 13, 0, 9, 35]
Round 419 | train_loss=0.1548 train_acc=0.9496 test_loss=0.3775 test_acc=0.8789
Round 420 | selected=[65, 71, 28, 55, 68, 30, 32, 60, 31, 2]
Round 420 | train_loss=0.1462 train_acc=0.9514 test_loss=0.4185 test_acc=0.8653
Round 421 | selected=[30, 22, 50, 17, 29, 76, 91, 16, 1, 31]
Round 421 | train_loss=0.1288 train_acc=0.9554 test_loss=0.4638 test_acc=0.8522
Round 422 | selected=[49, 60, 0, 29, 96, 16, 48, 47, 4, 79]
Round 422 | train_loss=0.1567 train_acc=0.9464 test_loss=0.4363 test_acc=0.8645
Round 423 | selected=[81, 65, 94, 22, 74, 62, 27, 90, 71, 72]
Round 423 | train_loss=0.1610 train_acc=0.9490 test_loss=0.3838 test_acc=0.8797
Round 424 | selected=[69, 70, 82, 45, 75, 21, 11, 64, 44, 79]
Round 424 | train_loss=0.1498 train_acc=0.9498 test_loss=0.4256 test_acc=0.8707
Round 425 | selected=[3, 67, 78, 0, 46, 99, 61, 73, 34, 83]
Round 425 | train_loss=0.1250 train_acc=0.9584 test_loss=0.4545 test_acc=0.8629
Round 426 | selected=[53, 63, 98, 39, 96, 79, 61, 58, 36, 91]
Round 426 | train_loss=0.1488 train_acc=0.9500 test_loss=0.3950 test_acc=0.8771
Round 427 | selected=[69, 99, 48, 80, 13, 62, 93, 43, 19, 16]
Round 427 | train_loss=0.1115 train_acc=0.9636 test_loss=0.3959 test_acc=0.8764
Round 428 | selected=[18, 28, 43, 54, 58, 92, 45, 32, 4, 29]
Round 428 | train_loss=0.1236 train_acc=0.9600 test_loss=0.4169 test_acc=0.8735
Round 429 | selected=[64, 6, 28, 31, 80, 33, 21, 83, 89, 25]
Round 429 | train_loss=0.1349 train_acc=0.9552 test_loss=0.3842 test_acc=0.8829
Round 430 | selected=[34, 17, 70, 50, 10, 89, 94, 37, 23, 22]
Round 430 | train_loss=0.1187 train_acc=0.9594 test_loss=0.4000 test_acc=0.8764
Round 431 | selected=[19, 30, 54, 20, 68, 3, 82, 73, 96, 90]
Round 431 | train_loss=0.1483 train_acc=0.9502 test_loss=0.4235 test_acc=0.8716
Round 432 | selected=[45, 29, 26, 16, 80, 56, 49, 89, 53, 34]
Round 432 | train_loss=0.1255 train_acc=0.9542 test_loss=0.4062 test_acc=0.8709
Round 433 | selected=[43, 49, 22, 74, 47, 54, 77, 56, 23, 80]
Round 433 | train_loss=0.1232 train_acc=0.9576 test_loss=0.4007 test_acc=0.8706
Round 434 | selected=[65, 23, 87, 33, 86, 91, 59, 21, 58, 31]
Round 434 | train_loss=0.1397 train_acc=0.9510 test_loss=0.5281 test_acc=0.8385
Round 435 | selected=[90, 10, 23, 47, 26, 99, 61, 96, 28, 48]
Round 435 | train_loss=0.1268 train_acc=0.9576 test_loss=0.4553 test_acc=0.8557
Round 436 | selected=[30, 22, 98, 18, 55, 90, 93, 65, 31, 71]
Round 436 | train_loss=0.1143 train_acc=0.9634 test_loss=0.4139 test_acc=0.8715
Round 437 | selected=[52, 41, 99, 59, 37, 92, 43, 38, 14, 70]
Round 437 | train_loss=0.1486 train_acc=0.9484 test_loss=0.4102 test_acc=0.8751
Round 438 | selected=[67, 30, 25, 60, 35, 6, 79, 31, 32, 81]
Round 438 | train_loss=0.1386 train_acc=0.9540 test_loss=0.4011 test_acc=0.8766
Round 439 | selected=[74, 80, 38, 13, 69, 90, 89, 60, 65, 7]
Round 439 | train_loss=0.1612 train_acc=0.9442 test_loss=0.4459 test_acc=0.8663
Round 440 | selected=[80, 43, 79, 67, 0, 78, 10, 87, 83, 74]
Round 440 | train_loss=0.1235 train_acc=0.9592 test_loss=0.4406 test_acc=0.8674
Round 441 | selected=[90, 53, 68, 49, 51, 8, 29, 46, 45, 96]
Round 441 | train_loss=0.1146 train_acc=0.9636 test_loss=0.4592 test_acc=0.8673
Round 442 | selected=[83, 9, 86, 78, 72, 20, 33, 55, 74, 66]
Round 442 | train_loss=0.1333 train_acc=0.9542 test_loss=0.4385 test_acc=0.8680
Round 443 | selected=[79, 29, 39, 26, 77, 99, 9, 61, 33, 46]
Round 443 | train_loss=0.1191 train_acc=0.9592 test_loss=0.4168 test_acc=0.8712
Round 444 | selected=[90, 95, 16, 40, 94, 93, 7, 69, 10, 78]
Round 444 | train_loss=0.1295 train_acc=0.9562 test_loss=0.4488 test_acc=0.8646
Round 445 | selected=[49, 53, 39, 84, 32, 33, 91, 46, 77, 42]
Round 445 | train_loss=0.1376 train_acc=0.9504 test_loss=0.4470 test_acc=0.8699
Round 446 | selected=[10, 27, 15, 69, 93, 35, 80, 78, 57, 19]
Round 446 | train_loss=0.1023 train_acc=0.9666 test_loss=0.4650 test_acc=0.8630
Round 447 | selected=[83, 42, 29, 31, 84, 94, 71, 92, 13, 44]
Round 447 | train_loss=0.1064 train_acc=0.9604 test_loss=0.4404 test_acc=0.8708
Round 448 | selected=[41, 27, 52, 81, 32, 66, 51, 34, 5, 17]
Round 448 | train_loss=0.1510 train_acc=0.9466 test_loss=0.3889 test_acc=0.8810
Round 449 | selected=[67, 91, 72, 57, 13, 34, 8, 33, 94, 74]
Round 449 | train_loss=0.1127 train_acc=0.9600 test_loss=0.4420 test_acc=0.8634
Round 450 | selected=[71, 6, 5, 64, 32, 60, 74, 37, 96, 0]
Round 450 | train_loss=0.1303 train_acc=0.9566 test_loss=0.5063 test_acc=0.8500
Round 451 | selected=[34, 97, 45, 54, 67, 61, 85, 80, 5, 82]
Round 451 | train_loss=0.1143 train_acc=0.9598 test_loss=0.3830 test_acc=0.8825
Round 452 | selected=[21, 76, 78, 81, 33, 25, 79, 18, 56, 58]
Round 452 | train_loss=0.1477 train_acc=0.9458 test_loss=0.3826 test_acc=0.8811
Round 453 | selected=[70, 61, 50, 55, 41, 73, 91, 90, 86, 77]
Round 453 | train_loss=0.1288 train_acc=0.9558 test_loss=0.4000 test_acc=0.8761
Round 454 | selected=[98, 83, 13, 29, 84, 80, 75, 88, 33, 26]
Round 454 | train_loss=0.1108 train_acc=0.9632 test_loss=0.4071 test_acc=0.8700
Round 455 | selected=[5, 85, 67, 70, 68, 46, 97, 9, 55, 13]
Round 455 | train_loss=0.1041 train_acc=0.9658 test_loss=0.4272 test_acc=0.8638
Round 456 | selected=[17, 14, 22, 26, 50, 67, 84, 64, 82, 38]
Round 456 | train_loss=0.1162 train_acc=0.9608 test_loss=0.4108 test_acc=0.8746
Round 457 | selected=[83, 39, 25, 79, 51, 92, 73, 76, 44, 61]
Round 457 | train_loss=0.1112 train_acc=0.9610 test_loss=0.5091 test_acc=0.8562
Round 458 | selected=[96, 95, 74, 50, 90, 73, 63, 48, 53, 17]
Round 458 | train_loss=0.1113 train_acc=0.9614 test_loss=0.4904 test_acc=0.8602
Round 459 | selected=[77, 45, 44, 26, 19, 5, 73, 27, 70, 23]
Round 459 | train_loss=0.1262 train_acc=0.9586 test_loss=0.4077 test_acc=0.8803
Round 460 | selected=[58, 95, 64, 55, 38, 8, 52, 96, 90, 26]
Round 460 | train_loss=0.1023 train_acc=0.9674 test_loss=0.4444 test_acc=0.8685
Round 461 | selected=[29, 0, 82, 80, 41, 66, 15, 88, 11, 75]
Round 461 | train_loss=0.1361 train_acc=0.9500 test_loss=0.4439 test_acc=0.8664
Round 462 | selected=[14, 27, 52, 70, 71, 1, 91, 68, 41, 55]
Round 462 | train_loss=0.1374 train_acc=0.9524 test_loss=0.3876 test_acc=0.8818
Round 463 | selected=[55, 97, 96, 65, 89, 20, 56, 32, 88, 7]
Round 463 | train_loss=0.1182 train_acc=0.9610 test_loss=0.4705 test_acc=0.8651
Round 464 | selected=[55, 57, 98, 47, 14, 44, 62, 43, 72, 46]
Round 464 | train_loss=0.1334 train_acc=0.9550 test_loss=0.5299 test_acc=0.8514
Round 465 | selected=[73, 59, 64, 23, 88, 1, 29, 57, 71, 58]
Round 465 | train_loss=0.1275 train_acc=0.9560 test_loss=0.4890 test_acc=0.8587
Round 466 | selected=[17, 7, 74, 85, 44, 20, 24, 47, 80, 68]
Round 466 | train_loss=0.1127 train_acc=0.9596 test_loss=0.4572 test_acc=0.8672
Round 467 | selected=[26, 94, 63, 78, 5, 29, 92, 27, 76, 39]
Round 467 | train_loss=0.1023 train_acc=0.9646 test_loss=0.4442 test_acc=0.8677
Round 468 | selected=[52, 54, 33, 37, 69, 56, 23, 12, 89, 90]
Round 468 | train_loss=0.1195 train_acc=0.9602 test_loss=0.4547 test_acc=0.8642
Round 469 | selected=[6, 51, 31, 37, 43, 82, 46, 16, 99, 67]
Round 469 | train_loss=0.1207 train_acc=0.9574 test_loss=0.4420 test_acc=0.8643
Round 470 | selected=[77, 61, 78, 64, 63, 67, 40, 68, 53, 76]
Round 470 | train_loss=0.1138 train_acc=0.9608 test_loss=0.4062 test_acc=0.8751
Round 471 | selected=[65, 87, 48, 90, 12, 27, 73, 77, 52, 37]
Round 471 | train_loss=0.1110 train_acc=0.9624 test_loss=0.4088 test_acc=0.8742
Round 472 | selected=[67, 21, 90, 78, 82, 37, 63, 93, 76, 81]
Round 472 | train_loss=0.1259 train_acc=0.9574 test_loss=0.4148 test_acc=0.8739
Round 473 | selected=[55, 64, 41, 77, 25, 23, 70, 49, 61, 1]
Round 473 | train_loss=0.1193 train_acc=0.9606 test_loss=0.5015 test_acc=0.8532
Round 474 | selected=[27, 51, 2, 90, 24, 54, 50, 45, 69, 63]
Round 474 | train_loss=0.1134 train_acc=0.9654 test_loss=0.4806 test_acc=0.8581
Round 475 | selected=[8, 37, 48, 38, 24, 57, 26, 40, 91, 12]
Round 475 | train_loss=0.0881 train_acc=0.9692 test_loss=0.4394 test_acc=0.8688
Round 476 | selected=[20, 4, 37, 81, 12, 71, 67, 29, 66, 82]
Round 476 | train_loss=0.1236 train_acc=0.9584 test_loss=0.4505 test_acc=0.8646
Round 477 | selected=[81, 89, 20, 17, 11, 12, 41, 15, 70, 40]
Round 477 | train_loss=0.1158 train_acc=0.9622 test_loss=0.4501 test_acc=0.8687
Round 478 | selected=[33, 41, 51, 94, 43, 74, 22, 0, 21, 15]
Round 478 | train_loss=0.1106 train_acc=0.9646 test_loss=0.4371 test_acc=0.8717
Round 479 | selected=[90, 97, 1, 46, 79, 84, 3, 42, 33, 86]
Round 479 | train_loss=0.1187 train_acc=0.9610 test_loss=0.4124 test_acc=0.8819
Round 480 | selected=[75, 12, 87, 85, 26, 69, 44, 43, 99, 31]
Round 480 | train_loss=0.1079 train_acc=0.9616 test_loss=0.4688 test_acc=0.8621
Round 481 | selected=[49, 90, 1, 33, 67, 45, 82, 97, 76, 29]
Round 481 | train_loss=0.1019 train_acc=0.9626 test_loss=0.4126 test_acc=0.8778
Round 482 | selected=[36, 72, 35, 42, 59, 71, 62, 43, 29, 48]
Round 482 | train_loss=0.1293 train_acc=0.9562 test_loss=0.4220 test_acc=0.8735
Round 483 | selected=[99, 22, 35, 19, 78, 79, 34, 46, 3, 33]
Round 483 | train_loss=0.0954 train_acc=0.9700 test_loss=0.4251 test_acc=0.8718
Round 484 | selected=[61, 74, 30, 64, 71, 27, 38, 45, 76, 18]
Round 484 | train_loss=0.1139 train_acc=0.9636 test_loss=0.4180 test_acc=0.8764
Round 485 | selected=[77, 25, 84, 83, 44, 26, 3, 81, 47, 53]
Round 485 | train_loss=0.1056 train_acc=0.9648 test_loss=0.4182 test_acc=0.8760
Round 486 | selected=[26, 82, 53, 85, 57, 56, 17, 68, 78, 22]
Round 486 | train_loss=0.0786 train_acc=0.9726 test_loss=0.3962 test_acc=0.8787
Round 487 | selected=[71, 54, 16, 76, 19, 92, 84, 33, 20, 12]
Round 487 | train_loss=0.1037 train_acc=0.9662 test_loss=0.4168 test_acc=0.8732
Round 488 | selected=[92, 38, 8, 2, 1, 47, 74, 50, 29, 41]
Round 488 | train_loss=0.1175 train_acc=0.9606 test_loss=0.4078 test_acc=0.8773
Round 489 | selected=[99, 83, 21, 29, 11, 28, 97, 56, 91, 85]
Round 489 | train_loss=0.1004 train_acc=0.9690 test_loss=0.4213 test_acc=0.8752
Round 490 | selected=[75, 36, 30, 79, 59, 28, 41, 39, 80, 8]
Round 490 | train_loss=0.1130 train_acc=0.9606 test_loss=0.4863 test_acc=0.8614
Round 491 | selected=[84, 13, 91, 28, 5, 62, 64, 20, 29, 89]
Round 491 | train_loss=0.0999 train_acc=0.9664 test_loss=0.4546 test_acc=0.8729
Round 492 | selected=[56, 51, 91, 64, 67, 18, 69, 31, 65, 80]
Round 492 | train_loss=0.0945 train_acc=0.9708 test_loss=0.4887 test_acc=0.8592
Round 493 | selected=[72, 56, 62, 79, 97, 19, 92, 57, 96, 43]
Round 493 | train_loss=0.1178 train_acc=0.9592 test_loss=0.4981 test_acc=0.8523
Round 494 | selected=[75, 20, 23, 79, 69, 49, 76, 52, 53, 39]
Round 494 | train_loss=0.1161 train_acc=0.9608 test_loss=0.4529 test_acc=0.8664
Round 495 | selected=[16, 34, 76, 1, 25, 61, 46, 98, 44, 31]
Round 495 | train_loss=0.1085 train_acc=0.9654 test_loss=0.4641 test_acc=0.8627
Round 496 | selected=[33, 2, 99, 61, 30, 93, 21, 22, 36, 20]
Round 496 | train_loss=0.1300 train_acc=0.9556 test_loss=0.4701 test_acc=0.8591
Round 497 | selected=[59, 80, 95, 32, 35, 54, 58, 17, 18, 30]
Round 497 | train_loss=0.1186 train_acc=0.9576 test_loss=0.4577 test_acc=0.8670
Round 498 | selected=[90, 10, 37, 76, 45, 62, 89, 20, 85, 70]
Round 498 | train_loss=0.0968 train_acc=0.9688 test_loss=0.5613 test_acc=0.8442
Round 499 | selected=[39, 87, 86, 15, 18, 10, 57, 75, 74, 95]
Round 499 | train_loss=0.1302 train_acc=0.9510 test_loss=0.5549 test_acc=0.8390
Round 500 | selected=[53, 83, 34, 22, 85, 50, 9, 98, 67, 90]
Round 500 | train_loss=0.1006 train_acc=0.9666 test_loss=0.4326 test_acc=0.8688
Saved: track1/results/cifar10/final_seed44/fedadam_alpha1_seed44.csv
COMPLETED: fedadam alpha1 seed=44
