========================================
JOB:       12003941
TASK:      2
ALGORITHM: fedavg
PARTITION: alpha03
SEED:      43
GPU:       0
========================================
Device: cuda
GPU: Tesla V100-PCIE-16GB
Round 0 | test_loss=2.8590 test_acc=0.1084
Round 1 | selected=[45, 82, 4, 54, 60, 98, 1, 26, 37, 58]
Round 1 | train_loss=1.7237 train_acc=0.4166 test_loss=2.3209 test_acc=0.1374
Round 2 | selected=[98, 18, 76, 36, 27, 13, 88, 41, 89, 84]
Round 2 | train_loss=1.6861 train_acc=0.4568 test_loss=2.4957 test_acc=0.1068
Round 3 | selected=[49, 78, 43, 90, 96, 45, 58, 36, 69, 94]
Round 3 | train_loss=1.6555 train_acc=0.5036 test_loss=3.1942 test_acc=0.1672
Round 4 | selected=[67, 79, 53, 5, 31, 11, 59, 99, 9, 28]
Round 4 | train_loss=2.3951 train_acc=0.4202 test_loss=3.8198 test_acc=0.1546
Round 5 | selected=[52, 9, 39, 27, 68, 31, 25, 58, 3, 95]
Round 5 | train_loss=2.1806 train_acc=0.3958 test_loss=4.4207 test_acc=0.1164
Round 6 | selected=[26, 64, 42, 36, 16, 77, 7, 22, 20, 31]
Round 6 | train_loss=2.3201 train_acc=0.3824 test_loss=3.6454 test_acc=0.2355
Round 7 | selected=[12, 64, 62, 75, 73, 84, 79, 40, 32, 52]
Round 7 | train_loss=1.8831 train_acc=0.4746 test_loss=2.3152 test_acc=0.2234
Round 8 | selected=[48, 84, 78, 81, 73, 93, 51, 12, 16, 66]
Round 8 | train_loss=1.6975 train_acc=0.4168 test_loss=2.3368 test_acc=0.2069
Round 9 | selected=[59, 44, 87, 73, 64, 76, 16, 97, 39, 99]
Round 9 | train_loss=1.7898 train_acc=0.4606 test_loss=2.4399 test_acc=0.2185
Round 10 | selected=[66, 45, 67, 21, 94, 50, 49, 73, 97, 28]
Round 10 | train_loss=1.5159 train_acc=0.5198 test_loss=2.2713 test_acc=0.2154
Round 11 | selected=[71, 91, 81, 50, 27, 52, 61, 25, 63, 75]
Round 11 | train_loss=1.5415 train_acc=0.5072 test_loss=2.6123 test_acc=0.1897
Round 12 | selected=[78, 91, 66, 74, 93, 33, 92, 18, 68, 20]
Round 12 | train_loss=1.7416 train_acc=0.4496 test_loss=2.5920 test_acc=0.1829
Round 13 | selected=[84, 70, 72, 43, 26, 95, 74, 53, 98, 13]
Round 13 | train_loss=1.8425 train_acc=0.4274 test_loss=2.5752 test_acc=0.2079
Round 14 | selected=[62, 88, 39, 53, 68, 8, 45, 26, 50, 17]
Round 14 | train_loss=1.6136 train_acc=0.4582 test_loss=2.1411 test_acc=0.2526
Round 15 | selected=[81, 84, 25, 29, 3, 45, 13, 0, 44, 9]
Round 15 | train_loss=1.6233 train_acc=0.4658 test_loss=2.0852 test_acc=0.3203
Round 16 | selected=[45, 82, 93, 92, 91, 3, 83, 59, 66, 11]
Round 16 | train_loss=1.3998 train_acc=0.5394 test_loss=1.8803 test_acc=0.2820
Round 17 | selected=[15, 4, 66, 46, 8, 75, 62, 35, 57, 53]
Round 17 | train_loss=1.4701 train_acc=0.5376 test_loss=2.6588 test_acc=0.2541
Round 18 | selected=[70, 85, 99, 21, 88, 16, 37, 23, 91, 0]
Round 18 | train_loss=1.4809 train_acc=0.4924 test_loss=2.1203 test_acc=0.1998
Round 19 | selected=[36, 15, 31, 92, 98, 73, 83, 7, 11, 20]
Round 19 | train_loss=1.5505 train_acc=0.4978 test_loss=2.6110 test_acc=0.2169
Round 20 | selected=[39, 89, 40, 95, 37, 0, 15, 60, 59, 74]
Round 20 | train_loss=1.6423 train_acc=0.4902 test_loss=2.1196 test_acc=0.2571
Round 21 | selected=[35, 57, 89, 86, 46, 36, 54, 30, 84, 77]
Round 21 | train_loss=1.6094 train_acc=0.4832 test_loss=2.8159 test_acc=0.2303
Round 22 | selected=[76, 10, 70, 46, 58, 89, 67, 66, 32, 0]
Round 22 | train_loss=1.6273 train_acc=0.5116 test_loss=2.1052 test_acc=0.2478
Round 23 | selected=[14, 0, 41, 64, 71, 15, 68, 98, 46, 6]
Round 23 | train_loss=1.4803 train_acc=0.5294 test_loss=2.0942 test_acc=0.2642
Round 24 | selected=[43, 83, 13, 65, 78, 79, 35, 15, 47, 3]
Round 24 | train_loss=1.6484 train_acc=0.4580 test_loss=2.2013 test_acc=0.2229
Round 25 | selected=[22, 9, 27, 36, 31, 89, 71, 86, 11, 29]
Round 25 | train_loss=1.4253 train_acc=0.5328 test_loss=2.1503 test_acc=0.2927
Round 26 | selected=[55, 61, 4, 90, 51, 94, 45, 0, 31, 96]
Round 26 | train_loss=1.3836 train_acc=0.5586 test_loss=2.1237 test_acc=0.2228
Round 27 | selected=[60, 6, 30, 69, 19, 1, 52, 34, 7, 5]
Round 27 | train_loss=1.5483 train_acc=0.5094 test_loss=2.1323 test_acc=0.2282
Round 28 | selected=[37, 27, 52, 59, 18, 21, 57, 61, 99, 41]
Round 28 | train_loss=1.4192 train_acc=0.5360 test_loss=2.4018 test_acc=0.2346
Round 29 | selected=[29, 67, 19, 12, 59, 89, 94, 39, 76, 98]
Round 29 | train_loss=1.4987 train_acc=0.5566 test_loss=2.2426 test_acc=0.2522
Round 30 | selected=[61, 99, 64, 39, 12, 29, 85, 37, 28, 14]
Round 30 | train_loss=1.3427 train_acc=0.5562 test_loss=2.0393 test_acc=0.2486
Round 31 | selected=[59, 92, 69, 23, 11, 93, 88, 57, 30, 8]
Round 31 | train_loss=1.4510 train_acc=0.5272 test_loss=1.7259 test_acc=0.3580
Round 32 | selected=[27, 33, 32, 41, 88, 49, 39, 44, 71, 67]
Round 32 | train_loss=1.3386 train_acc=0.5642 test_loss=1.9984 test_acc=0.2439
Round 33 | selected=[83, 58, 19, 10, 51, 40, 75, 59, 70, 17]
Round 33 | train_loss=1.4437 train_acc=0.5388 test_loss=2.0649 test_acc=0.2844
Round 34 | selected=[53, 62, 57, 4, 60, 76, 98, 31, 90, 23]
Round 34 | train_loss=1.3971 train_acc=0.5428 test_loss=2.2142 test_acc=0.2310
Round 35 | selected=[40, 41, 53, 13, 35, 90, 85, 73, 68, 15]
Round 35 | train_loss=1.4455 train_acc=0.5418 test_loss=2.2516 test_acc=0.2272
Round 36 | selected=[18, 9, 0, 24, 23, 20, 39, 94, 29, 41]
Round 36 | train_loss=1.5113 train_acc=0.5178 test_loss=2.0290 test_acc=0.2550
Round 37 | selected=[0, 56, 76, 25, 77, 24, 43, 8, 35, 78]
Round 37 | train_loss=1.4020 train_acc=0.5304 test_loss=1.9193 test_acc=0.3175
Round 38 | selected=[53, 77, 74, 63, 22, 80, 28, 67, 24, 41]
Round 38 | train_loss=1.4492 train_acc=0.5382 test_loss=1.8055 test_acc=0.3157
Round 39 | selected=[18, 83, 80, 4, 69, 89, 92, 61, 21, 73]
Round 39 | train_loss=1.4086 train_acc=0.5262 test_loss=1.8208 test_acc=0.3127
Round 40 | selected=[60, 71, 66, 28, 27, 54, 99, 6, 55, 74]
Round 40 | train_loss=1.4035 train_acc=0.5324 test_loss=1.9236 test_acc=0.2744
Round 41 | selected=[75, 13, 68, 32, 20, 2, 10, 79, 41, 89]
Round 41 | train_loss=1.4563 train_acc=0.5092 test_loss=1.8067 test_acc=0.3160
Round 42 | selected=[21, 6, 71, 85, 94, 56, 29, 95, 27, 87]
Round 42 | train_loss=1.2298 train_acc=0.6118 test_loss=1.8428 test_acc=0.2998
Round 43 | selected=[71, 34, 79, 90, 87, 39, 89, 18, 81, 96]
Round 43 | train_loss=1.3801 train_acc=0.5304 test_loss=1.8256 test_acc=0.3099
Round 44 | selected=[39, 94, 2, 85, 60, 12, 89, 36, 44, 98]
Round 44 | train_loss=1.3190 train_acc=0.5592 test_loss=1.8785 test_acc=0.3241
Round 45 | selected=[11, 68, 5, 85, 51, 12, 83, 32, 73, 29]
Round 45 | train_loss=1.3207 train_acc=0.5492 test_loss=2.5159 test_acc=0.1751
Round 46 | selected=[63, 47, 4, 13, 49, 41, 19, 99, 91, 79]
Round 46 | train_loss=1.5889 train_acc=0.4912 test_loss=2.1957 test_acc=0.2674
Round 47 | selected=[30, 90, 52, 15, 32, 41, 66, 49, 64, 25]
Round 47 | train_loss=1.4982 train_acc=0.5240 test_loss=1.7106 test_acc=0.3745
Round 48 | selected=[24, 88, 14, 52, 68, 8, 46, 9, 10, 6]
Round 48 | train_loss=1.3647 train_acc=0.5502 test_loss=1.8376 test_acc=0.2766
Round 49 | selected=[66, 60, 59, 76, 0, 92, 43, 42, 30, 29]
Round 49 | train_loss=1.4757 train_acc=0.5196 test_loss=1.7715 test_acc=0.3722
Round 50 | selected=[91, 16, 57, 32, 42, 70, 5, 80, 29, 68]
Round 50 | train_loss=1.4595 train_acc=0.5452 test_loss=1.7947 test_acc=0.3134
Round 51 | selected=[30, 25, 6, 51, 79, 11, 40, 2, 85, 31]
Round 51 | train_loss=1.3347 train_acc=0.5518 test_loss=1.7697 test_acc=0.3091
Round 52 | selected=[44, 49, 52, 17, 63, 20, 28, 16, 78, 30]
Round 52 | train_loss=1.4002 train_acc=0.5178 test_loss=1.7753 test_acc=0.3297
Round 53 | selected=[55, 76, 18, 47, 52, 43, 77, 61, 83, 10]
Round 53 | train_loss=1.3135 train_acc=0.5754 test_loss=1.6866 test_acc=0.3580
Round 54 | selected=[52, 43, 62, 20, 53, 14, 66, 40, 81, 79]
Round 54 | train_loss=1.4168 train_acc=0.5166 test_loss=1.7986 test_acc=0.2859
Round 55 | selected=[88, 63, 61, 33, 34, 76, 99, 66, 30, 23]
Round 55 | train_loss=1.3687 train_acc=0.5354 test_loss=1.7275 test_acc=0.3664
Round 56 | selected=[39, 29, 26, 67, 71, 17, 66, 96, 55, 94]
Round 56 | train_loss=1.3371 train_acc=0.5830 test_loss=1.7602 test_acc=0.3333
Round 57 | selected=[32, 97, 12, 98, 18, 24, 26, 83, 16, 48]
Round 57 | train_loss=1.4658 train_acc=0.5096 test_loss=1.9631 test_acc=0.2975
Round 58 | selected=[50, 22, 98, 81, 8, 75, 70, 74, 93, 25]
Round 58 | train_loss=1.5416 train_acc=0.4578 test_loss=1.9153 test_acc=0.3677
Round 59 | selected=[61, 29, 66, 92, 80, 90, 18, 28, 54, 98]
Round 59 | train_loss=1.3471 train_acc=0.5696 test_loss=1.9970 test_acc=0.2722
Round 60 | selected=[51, 27, 15, 76, 94, 43, 29, 49, 61, 65]
Round 60 | train_loss=1.3771 train_acc=0.5754 test_loss=1.8966 test_acc=0.3390
Round 61 | selected=[58, 89, 25, 93, 86, 77, 27, 22, 62, 11]
Round 61 | train_loss=1.4155 train_acc=0.5190 test_loss=1.7295 test_acc=0.2982
Round 62 | selected=[81, 66, 51, 45, 40, 13, 53, 44, 27, 73]
Round 62 | train_loss=1.4289 train_acc=0.5112 test_loss=1.9084 test_acc=0.2740
Round 63 | selected=[8, 31, 92, 57, 35, 66, 58, 14, 48, 55]
Round 63 | train_loss=1.3904 train_acc=0.5248 test_loss=2.1241 test_acc=0.2835
Round 64 | selected=[63, 15, 61, 92, 37, 72, 20, 95, 47, 58]
Round 64 | train_loss=1.3152 train_acc=0.5776 test_loss=1.8620 test_acc=0.2910
Round 65 | selected=[72, 39, 84, 35, 46, 12, 75, 30, 41, 23]
Round 65 | train_loss=1.3544 train_acc=0.5460 test_loss=1.7819 test_acc=0.3359
Round 66 | selected=[68, 80, 29, 76, 69, 92, 31, 26, 77, 96]
Round 66 | train_loss=1.2988 train_acc=0.5844 test_loss=1.7197 test_acc=0.3581
Round 67 | selected=[56, 15, 69, 64, 47, 88, 13, 81, 65, 98]
Round 67 | train_loss=1.4993 train_acc=0.4848 test_loss=1.8748 test_acc=0.2941
Round 68 | selected=[95, 72, 30, 88, 79, 85, 73, 39, 28, 38]
Round 68 | train_loss=1.3441 train_acc=0.5330 test_loss=1.7307 test_acc=0.3209
Round 69 | selected=[46, 50, 61, 41, 37, 75, 30, 18, 4, 33]
Round 69 | train_loss=1.3404 train_acc=0.5746 test_loss=1.7278 test_acc=0.3870
Round 70 | selected=[69, 23, 60, 48, 39, 30, 87, 92, 24, 5]
Round 70 | train_loss=1.4391 train_acc=0.5186 test_loss=1.8031 test_acc=0.3200
Round 71 | selected=[15, 69, 52, 5, 83, 29, 1, 37, 57, 9]
Round 71 | train_loss=1.3524 train_acc=0.5484 test_loss=1.6001 test_acc=0.4097
Round 72 | selected=[81, 66, 40, 61, 67, 57, 41, 25, 99, 80]
Round 72 | train_loss=1.3051 train_acc=0.5790 test_loss=1.8730 test_acc=0.3198
Round 73 | selected=[12, 49, 64, 56, 70, 98, 71, 22, 36, 89]
Round 73 | train_loss=1.4621 train_acc=0.5072 test_loss=1.8546 test_acc=0.3308
Round 74 | selected=[12, 63, 31, 60, 98, 15, 59, 62, 61, 76]
Round 74 | train_loss=1.2382 train_acc=0.6036 test_loss=1.7499 test_acc=0.3209
Round 75 | selected=[93, 96, 84, 47, 59, 25, 24, 6, 29, 64]
Round 75 | train_loss=1.3412 train_acc=0.5634 test_loss=1.7564 test_acc=0.3451
Round 76 | selected=[0, 34, 54, 30, 51, 91, 88, 3, 94, 41]
Round 76 | train_loss=1.3395 train_acc=0.5578 test_loss=1.6127 test_acc=0.3840
Round 77 | selected=[29, 25, 97, 34, 83, 3, 47, 11, 2, 80]
Round 77 | train_loss=1.2754 train_acc=0.5592 test_loss=1.7228 test_acc=0.3595
Round 78 | selected=[78, 89, 75, 5, 81, 59, 97, 93, 85, 62]
Round 78 | train_loss=1.3799 train_acc=0.5424 test_loss=1.5332 test_acc=0.4285
Round 79 | selected=[45, 32, 35, 26, 46, 64, 96, 6, 30, 69]
Round 79 | train_loss=1.2300 train_acc=0.6162 test_loss=1.5863 test_acc=0.3983
Round 80 | selected=[56, 36, 21, 47, 41, 59, 81, 33, 91, 27]
Round 80 | train_loss=1.0294 train_acc=0.6846 test_loss=1.7071 test_acc=0.3631
Round 81 | selected=[53, 76, 15, 34, 78, 63, 89, 41, 37, 80]
Round 81 | train_loss=1.2546 train_acc=0.5922 test_loss=1.5622 test_acc=0.4005
Round 82 | selected=[5, 97, 18, 48, 24, 73, 69, 68, 33, 28]
Round 82 | train_loss=1.3560 train_acc=0.5558 test_loss=1.8088 test_acc=0.3275
Round 83 | selected=[22, 21, 32, 26, 64, 46, 76, 85, 33, 91]
Round 83 | train_loss=1.2147 train_acc=0.6038 test_loss=1.7490 test_acc=0.3377
Round 84 | selected=[35, 45, 84, 49, 93, 11, 20, 97, 87, 86]
Round 84 | train_loss=1.4294 train_acc=0.5136 test_loss=1.8886 test_acc=0.3087
Round 85 | selected=[60, 30, 22, 29, 73, 13, 34, 41, 8, 71]
Round 85 | train_loss=1.3882 train_acc=0.5410 test_loss=1.9278 test_acc=0.3016
Round 86 | selected=[56, 58, 86, 79, 49, 52, 51, 40, 87, 72]
Round 86 | train_loss=1.5252 train_acc=0.4906 test_loss=1.8810 test_acc=0.3853
Round 87 | selected=[62, 28, 18, 72, 43, 2, 46, 97, 90, 63]
Round 87 | train_loss=1.3403 train_acc=0.5646 test_loss=1.7236 test_acc=0.3637
Round 88 | selected=[89, 84, 71, 66, 22, 45, 51, 79, 18, 92]
Round 88 | train_loss=1.2757 train_acc=0.5598 test_loss=1.7110 test_acc=0.3420
Round 89 | selected=[97, 84, 67, 2, 12, 14, 93, 96, 38, 4]
Round 89 | train_loss=1.2644 train_acc=0.5652 test_loss=1.6060 test_acc=0.4009
Round 90 | selected=[25, 71, 59, 98, 65, 48, 13, 82, 68, 12]
Round 90 | train_loss=1.2615 train_acc=0.5820 test_loss=1.5181 test_acc=0.4322
Round 91 | selected=[15, 67, 29, 79, 0, 10, 21, 55, 24, 76]
Round 91 | train_loss=1.1792 train_acc=0.6364 test_loss=1.5673 test_acc=0.3976
Round 92 | selected=[2, 28, 29, 86, 73, 43, 88, 92, 56, 18]
Round 92 | train_loss=1.2292 train_acc=0.5718 test_loss=1.6555 test_acc=0.3767
Round 93 | selected=[78, 21, 62, 45, 39, 84, 89, 94, 81, 30]
Round 93 | train_loss=1.2639 train_acc=0.5796 test_loss=1.5718 test_acc=0.4174
Round 94 | selected=[95, 55, 71, 77, 59, 73, 22, 4, 75, 38]
Round 94 | train_loss=1.2533 train_acc=0.5720 test_loss=1.6205 test_acc=0.3923
Round 95 | selected=[87, 12, 2, 22, 27, 15, 80, 3, 84, 99]
Round 95 | train_loss=1.2338 train_acc=0.6002 test_loss=1.6133 test_acc=0.3700
Round 96 | selected=[90, 97, 67, 86, 56, 18, 55, 57, 82, 2]
Round 96 | train_loss=1.3564 train_acc=0.5474 test_loss=1.7403 test_acc=0.3828
Round 97 | selected=[0, 71, 1, 8, 24, 10, 50, 47, 3, 60]
Round 97 | train_loss=1.3796 train_acc=0.5362 test_loss=1.6356 test_acc=0.3634
Round 98 | selected=[34, 98, 39, 11, 43, 62, 81, 49, 13, 1]
Round 98 | train_loss=1.2501 train_acc=0.5630 test_loss=1.5683 test_acc=0.4067
Round 99 | selected=[51, 37, 48, 55, 70, 81, 67, 29, 9, 52]
Round 99 | train_loss=1.2846 train_acc=0.5716 test_loss=1.6131 test_acc=0.3807
Round 100 | selected=[77, 49, 65, 39, 10, 31, 73, 52, 34, 71]
Round 100 | train_loss=1.3221 train_acc=0.5402 test_loss=1.8291 test_acc=0.2748
Round 101 | selected=[40, 37, 72, 92, 67, 33, 46, 60, 74, 85]
Round 101 | train_loss=1.2913 train_acc=0.5680 test_loss=1.7396 test_acc=0.4071
Round 102 | selected=[57, 1, 99, 3, 61, 85, 5, 91, 37, 38]
Round 102 | train_loss=1.2773 train_acc=0.5696 test_loss=1.6510 test_acc=0.3539
Round 103 | selected=[28, 79, 4, 10, 63, 62, 86, 13, 67, 61]
Round 103 | train_loss=1.2621 train_acc=0.5744 test_loss=1.5552 test_acc=0.3868
Round 104 | selected=[59, 56, 26, 33, 9, 41, 86, 76, 67, 45]
Round 104 | train_loss=1.1140 train_acc=0.6384 test_loss=1.5579 test_acc=0.4059
Round 105 | selected=[52, 63, 32, 41, 16, 5, 20, 23, 97, 72]
Round 105 | train_loss=1.3255 train_acc=0.5544 test_loss=1.6710 test_acc=0.4160
Round 106 | selected=[49, 10, 37, 20, 12, 81, 41, 47, 72, 16]
Round 106 | train_loss=1.1342 train_acc=0.6144 test_loss=1.5761 test_acc=0.4085
Round 107 | selected=[16, 71, 17, 25, 32, 98, 14, 85, 47, 41]
Round 107 | train_loss=1.1127 train_acc=0.6256 test_loss=1.5617 test_acc=0.3909
Round 108 | selected=[87, 4, 41, 79, 63, 76, 52, 20, 80, 59]
Round 108 | train_loss=1.2835 train_acc=0.5774 test_loss=1.5846 test_acc=0.3818
Round 109 | selected=[49, 83, 22, 58, 84, 28, 53, 81, 99, 35]
Round 109 | train_loss=1.1806 train_acc=0.5818 test_loss=1.8060 test_acc=0.3509
Round 110 | selected=[60, 90, 88, 43, 73, 50, 57, 53, 24, 66]
Round 110 | train_loss=1.3616 train_acc=0.5488 test_loss=1.5217 test_acc=0.4279
Round 111 | selected=[32, 36, 78, 37, 3, 15, 16, 48, 79, 27]
Round 111 | train_loss=1.2428 train_acc=0.5848 test_loss=1.5138 test_acc=0.4275
Round 112 | selected=[56, 59, 63, 86, 68, 58, 54, 93, 43, 3]
Round 112 | train_loss=1.1907 train_acc=0.6064 test_loss=1.6335 test_acc=0.4056
Round 113 | selected=[29, 33, 24, 13, 26, 44, 56, 37, 11, 15]
Round 113 | train_loss=1.1519 train_acc=0.6318 test_loss=1.5709 test_acc=0.4086
Round 114 | selected=[42, 21, 43, 7, 2, 74, 83, 24, 54, 99]
Round 114 | train_loss=1.3159 train_acc=0.5650 test_loss=1.4947 test_acc=0.4384
Round 115 | selected=[24, 3, 25, 57, 68, 66, 39, 86, 65, 53]
Round 115 | train_loss=1.2460 train_acc=0.5664 test_loss=1.5594 test_acc=0.3913
Round 116 | selected=[3, 68, 2, 73, 98, 38, 76, 67, 85, 28]
Round 116 | train_loss=1.1263 train_acc=0.6166 test_loss=1.5156 test_acc=0.4279
Round 117 | selected=[23, 74, 78, 98, 27, 31, 33, 36, 91, 10]
Round 117 | train_loss=1.1008 train_acc=0.6262 test_loss=1.4681 test_acc=0.4353
Round 118 | selected=[56, 20, 79, 5, 84, 59, 39, 83, 31, 97]
Round 118 | train_loss=1.2598 train_acc=0.5740 test_loss=1.5536 test_acc=0.4063
Round 119 | selected=[87, 66, 96, 44, 3, 90, 13, 45, 4, 21]
Round 119 | train_loss=1.2255 train_acc=0.6042 test_loss=1.4997 test_acc=0.4382
Round 120 | selected=[3, 12, 73, 70, 41, 63, 51, 65, 75, 15]
Round 120 | train_loss=1.2510 train_acc=0.5752 test_loss=1.6496 test_acc=0.3697
Round 121 | selected=[82, 3, 53, 5, 95, 94, 49, 92, 1, 64]
Round 121 | train_loss=1.3124 train_acc=0.5556 test_loss=1.5465 test_acc=0.4137
Round 122 | selected=[57, 13, 89, 4, 28, 56, 72, 21, 86, 43]
Round 122 | train_loss=1.1437 train_acc=0.6274 test_loss=1.6617 test_acc=0.3811
Round 123 | selected=[55, 7, 62, 67, 65, 6, 38, 96, 84, 73]
Round 123 | train_loss=1.2787 train_acc=0.5606 test_loss=1.4884 test_acc=0.4675
Round 124 | selected=[52, 75, 68, 13, 61, 86, 9, 67, 22, 3]
Round 124 | train_loss=1.2253 train_acc=0.5826 test_loss=1.5592 test_acc=0.4166
Round 125 | selected=[40, 15, 99, 37, 73, 90, 60, 58, 35, 79]
Round 125 | train_loss=1.1754 train_acc=0.6120 test_loss=1.5448 test_acc=0.4209
Round 126 | selected=[74, 3, 0, 32, 77, 96, 5, 7, 71, 39]
Round 126 | train_loss=1.2929 train_acc=0.5576 test_loss=1.6014 test_acc=0.4309
Round 127 | selected=[29, 12, 93, 45, 91, 13, 74, 34, 58, 83]
Round 127 | train_loss=1.3094 train_acc=0.5804 test_loss=1.7547 test_acc=0.3608
Round 128 | selected=[48, 99, 82, 39, 85, 84, 93, 97, 69, 70]
Round 128 | train_loss=1.2680 train_acc=0.5722 test_loss=1.7267 test_acc=0.3898
Round 129 | selected=[35, 5, 16, 38, 77, 23, 20, 44, 88, 78]
Round 129 | train_loss=1.3627 train_acc=0.5268 test_loss=1.8025 test_acc=0.3566
Round 130 | selected=[79, 52, 24, 30, 72, 14, 62, 6, 94, 48]
Round 130 | train_loss=1.2363 train_acc=0.5894 test_loss=1.6489 test_acc=0.3977
Round 131 | selected=[36, 75, 59, 9, 32, 16, 86, 21, 2, 52]
Round 131 | train_loss=1.2280 train_acc=0.6008 test_loss=1.5334 test_acc=0.4185
Round 132 | selected=[81, 18, 35, 13, 53, 89, 57, 39, 38, 96]
Round 132 | train_loss=1.2403 train_acc=0.5868 test_loss=1.7740 test_acc=0.3414
Round 133 | selected=[21, 30, 63, 56, 72, 12, 5, 16, 87, 64]
Round 133 | train_loss=1.3891 train_acc=0.5494 test_loss=1.9700 test_acc=0.3419
Round 134 | selected=[95, 57, 78, 62, 97, 40, 70, 1, 67, 17]
Round 134 | train_loss=1.4774 train_acc=0.4934 test_loss=1.7559 test_acc=0.3485
Round 135 | selected=[62, 79, 71, 60, 11, 65, 94, 28, 80, 97]
Round 135 | train_loss=1.1866 train_acc=0.6020 test_loss=1.5288 test_acc=0.4255
Round 136 | selected=[18, 95, 11, 39, 6, 97, 54, 42, 38, 89]
Round 136 | train_loss=1.2375 train_acc=0.5536 test_loss=1.5605 test_acc=0.4017
Round 137 | selected=[54, 32, 31, 65, 98, 61, 15, 8, 91, 2]
Round 137 | train_loss=1.1184 train_acc=0.6250 test_loss=1.6807 test_acc=0.3679
Round 138 | selected=[36, 47, 11, 79, 45, 35, 18, 2, 71, 22]
Round 138 | train_loss=1.1784 train_acc=0.5992 test_loss=1.4399 test_acc=0.4504
Round 139 | selected=[75, 0, 82, 87, 90, 5, 15, 54, 80, 65]
Round 139 | train_loss=1.1911 train_acc=0.6066 test_loss=1.4116 test_acc=0.4826
Round 140 | selected=[10, 47, 80, 78, 30, 24, 82, 54, 93, 32]
Round 140 | train_loss=1.0983 train_acc=0.6416 test_loss=1.7923 test_acc=0.3553
Round 141 | selected=[77, 42, 38, 49, 23, 30, 95, 1, 44, 90]
Round 141 | train_loss=1.2972 train_acc=0.5510 test_loss=1.6782 test_acc=0.4600
Round 142 | selected=[50, 26, 55, 10, 40, 49, 90, 6, 76, 23]
Round 142 | train_loss=1.0662 train_acc=0.6726 test_loss=1.6095 test_acc=0.4289
Round 143 | selected=[4, 70, 50, 56, 15, 20, 8, 62, 96, 51]
Round 143 | train_loss=1.1965 train_acc=0.6070 test_loss=1.6434 test_acc=0.3923
Round 144 | selected=[41, 45, 6, 25, 58, 99, 39, 54, 27, 95]
Round 144 | train_loss=1.1266 train_acc=0.6278 test_loss=1.4125 test_acc=0.4722
Round 145 | selected=[58, 59, 19, 81, 97, 84, 64, 74, 34, 1]
Round 145 | train_loss=1.2287 train_acc=0.5980 test_loss=1.4301 test_acc=0.4566
Round 146 | selected=[16, 4, 20, 18, 83, 50, 43, 14, 81, 13]
Round 146 | train_loss=1.2528 train_acc=0.5660 test_loss=1.3288 test_acc=0.5037
Round 147 | selected=[76, 78, 53, 64, 62, 41, 58, 15, 33, 83]
Round 147 | train_loss=1.1945 train_acc=0.6048 test_loss=1.4390 test_acc=0.4597
Round 148 | selected=[12, 44, 20, 75, 3, 62, 66, 24, 25, 22]
Round 148 | train_loss=1.2531 train_acc=0.5744 test_loss=1.5342 test_acc=0.4310
Round 149 | selected=[36, 32, 61, 86, 11, 99, 70, 30, 5, 76]
Round 149 | train_loss=1.1983 train_acc=0.6022 test_loss=1.6814 test_acc=0.3748
Round 150 | selected=[97, 75, 20, 67, 18, 9, 17, 74, 62, 78]
Round 150 | train_loss=1.2684 train_acc=0.5606 test_loss=1.6011 test_acc=0.4070
Round 151 | selected=[84, 21, 11, 3, 4, 65, 87, 91, 17, 86]
Round 151 | train_loss=1.2846 train_acc=0.5632 test_loss=1.4314 test_acc=0.4589
Round 152 | selected=[60, 47, 95, 35, 62, 82, 70, 42, 6, 16]
Round 152 | train_loss=1.1848 train_acc=0.5920 test_loss=1.4364 test_acc=0.4626
Round 153 | selected=[32, 81, 8, 58, 85, 47, 12, 18, 24, 3]
Round 153 | train_loss=1.0259 train_acc=0.6508 test_loss=1.4746 test_acc=0.4569
Round 154 | selected=[90, 37, 57, 3, 58, 39, 31, 15, 74, 78]
Round 154 | train_loss=1.1204 train_acc=0.6250 test_loss=1.4097 test_acc=0.4726
Round 155 | selected=[18, 36, 21, 38, 90, 86, 62, 3, 33, 49]
Round 155 | train_loss=1.1126 train_acc=0.6178 test_loss=1.3500 test_acc=0.4939
Round 156 | selected=[89, 24, 84, 44, 4, 99, 91, 20, 88, 40]
Round 156 | train_loss=1.1496 train_acc=0.6070 test_loss=1.3939 test_acc=0.4731
Round 157 | selected=[45, 4, 2, 96, 31, 97, 80, 56, 7, 79]
Round 157 | train_loss=1.0629 train_acc=0.6498 test_loss=1.5058 test_acc=0.4302
Round 158 | selected=[86, 7, 66, 54, 72, 78, 6, 99, 25, 55]
Round 158 | train_loss=1.2691 train_acc=0.5782 test_loss=1.8469 test_acc=0.3818
Round 159 | selected=[82, 38, 99, 92, 44, 79, 34, 98, 86, 6]
Round 159 | train_loss=1.1866 train_acc=0.5922 test_loss=1.5076 test_acc=0.4298
Round 160 | selected=[50, 47, 33, 32, 72, 13, 67, 68, 86, 15]
Round 160 | train_loss=1.1033 train_acc=0.6314 test_loss=1.6267 test_acc=0.4039
Round 161 | selected=[74, 44, 57, 10, 60, 12, 92, 29, 34, 27]
Round 161 | train_loss=1.2223 train_acc=0.6024 test_loss=1.4716 test_acc=0.4453
Round 162 | selected=[30, 41, 94, 21, 88, 43, 14, 73, 46, 67]
Round 162 | train_loss=1.1846 train_acc=0.6148 test_loss=1.5688 test_acc=0.3870
Round 163 | selected=[71, 10, 1, 55, 57, 22, 23, 6, 20, 59]
Round 163 | train_loss=1.1377 train_acc=0.6136 test_loss=1.4050 test_acc=0.4756
Round 164 | selected=[41, 38, 13, 94, 81, 46, 49, 32, 97, 11]
Round 164 | train_loss=1.1905 train_acc=0.6120 test_loss=1.3899 test_acc=0.4679
Round 165 | selected=[8, 26, 15, 18, 46, 13, 44, 56, 20, 33]
Round 165 | train_loss=1.1853 train_acc=0.6196 test_loss=1.6696 test_acc=0.3788
Round 166 | selected=[14, 36, 34, 16, 12, 28, 73, 30, 56, 31]
Round 166 | train_loss=1.1103 train_acc=0.6178 test_loss=1.7323 test_acc=0.3745
Round 167 | selected=[99, 4, 21, 1, 53, 94, 72, 84, 39, 26]
Round 167 | train_loss=1.1699 train_acc=0.5898 test_loss=1.5285 test_acc=0.4689
Round 168 | selected=[49, 80, 87, 71, 22, 69, 5, 95, 55, 99]
Round 168 | train_loss=1.1551 train_acc=0.6164 test_loss=1.4429 test_acc=0.4629
Round 169 | selected=[78, 63, 77, 93, 82, 56, 1, 66, 53, 39]
Round 169 | train_loss=1.1319 train_acc=0.6224 test_loss=1.4783 test_acc=0.4350
Round 170 | selected=[77, 94, 62, 14, 9, 27, 90, 26, 81, 69]
Round 170 | train_loss=1.2329 train_acc=0.5876 test_loss=1.4503 test_acc=0.4863
Round 171 | selected=[70, 73, 42, 31, 95, 63, 17, 94, 79, 9]
Round 171 | train_loss=1.2572 train_acc=0.5678 test_loss=1.3916 test_acc=0.4822
Round 172 | selected=[99, 94, 34, 92, 91, 32, 9, 74, 72, 96]
Round 172 | train_loss=1.0502 train_acc=0.6648 test_loss=1.2716 test_acc=0.5363
Round 173 | selected=[63, 12, 65, 22, 71, 70, 54, 55, 21, 66]
Round 173 | train_loss=1.1612 train_acc=0.6110 test_loss=1.4254 test_acc=0.4581
Round 174 | selected=[53, 34, 58, 6, 59, 78, 83, 7, 89, 96]
Round 174 | train_loss=1.1987 train_acc=0.5944 test_loss=1.7214 test_acc=0.3923
Round 175 | selected=[0, 17, 22, 23, 61, 54, 39, 99, 79, 26]
Round 175 | train_loss=1.2483 train_acc=0.5784 test_loss=1.4517 test_acc=0.4717
Round 176 | selected=[36, 91, 30, 51, 90, 66, 16, 76, 47, 44]
Round 176 | train_loss=1.1621 train_acc=0.6140 test_loss=1.5328 test_acc=0.4609
Round 177 | selected=[66, 68, 14, 83, 19, 1, 90, 16, 45, 27]
Round 177 | train_loss=1.1390 train_acc=0.6164 test_loss=1.3900 test_acc=0.4926
Round 178 | selected=[54, 59, 40, 48, 62, 88, 93, 91, 82, 99]
Round 178 | train_loss=1.1215 train_acc=0.6248 test_loss=1.3906 test_acc=0.4737
Round 179 | selected=[84, 71, 19, 16, 66, 94, 99, 62, 80, 47]
Round 179 | train_loss=1.1242 train_acc=0.6278 test_loss=1.4429 test_acc=0.4720
Round 180 | selected=[97, 62, 90, 7, 83, 57, 50, 72, 8, 28]
Round 180 | train_loss=1.1543 train_acc=0.6150 test_loss=1.5184 test_acc=0.4345
Round 181 | selected=[8, 19, 0, 73, 91, 30, 98, 26, 57, 58]
Round 181 | train_loss=1.1632 train_acc=0.6234 test_loss=1.6617 test_acc=0.3730
Round 182 | selected=[78, 74, 4, 60, 94, 92, 81, 54, 40, 33]
Round 182 | train_loss=1.1737 train_acc=0.6022 test_loss=1.3135 test_acc=0.5053
Round 183 | selected=[85, 79, 5, 33, 49, 47, 7, 57, 22, 26]
Round 183 | train_loss=1.0389 train_acc=0.6466 test_loss=1.3937 test_acc=0.4849
Round 184 | selected=[27, 82, 37, 32, 89, 59, 76, 56, 15, 77]
Round 184 | train_loss=1.0080 train_acc=0.6708 test_loss=1.7634 test_acc=0.3748
Round 185 | selected=[31, 56, 90, 23, 14, 64, 75, 35, 53, 42]
Round 185 | train_loss=1.1255 train_acc=0.6214 test_loss=1.5587 test_acc=0.4409
Round 186 | selected=[62, 40, 78, 77, 47, 96, 9, 60, 61, 39]
Round 186 | train_loss=1.0976 train_acc=0.6414 test_loss=1.4654 test_acc=0.4649
Round 187 | selected=[23, 11, 97, 57, 72, 1, 63, 35, 46, 7]
Round 187 | train_loss=1.1604 train_acc=0.6244 test_loss=1.4371 test_acc=0.4565
Round 188 | selected=[75, 10, 64, 52, 27, 91, 81, 21, 62, 20]
Round 188 | train_loss=1.1431 train_acc=0.6146 test_loss=1.5180 test_acc=0.4210
Round 189 | selected=[19, 34, 33, 32, 72, 82, 2, 80, 83, 17]
Round 189 | train_loss=1.0773 train_acc=0.6282 test_loss=1.4564 test_acc=0.4822
Round 190 | selected=[37, 35, 3, 33, 96, 60, 30, 65, 81, 1]
Round 190 | train_loss=1.0118 train_acc=0.6612 test_loss=1.3837 test_acc=0.4774
Round 191 | selected=[33, 52, 91, 66, 18, 5, 1, 38, 79, 13]
Round 191 | train_loss=1.2000 train_acc=0.5896 test_loss=1.3947 test_acc=0.4798
Round 192 | selected=[23, 81, 26, 55, 63, 37, 59, 86, 93, 64]
Round 192 | train_loss=1.0898 train_acc=0.6396 test_loss=1.3264 test_acc=0.4999
Round 193 | selected=[26, 9, 1, 94, 29, 84, 63, 54, 46, 65]
Round 193 | train_loss=1.1244 train_acc=0.6256 test_loss=1.3365 test_acc=0.5074
Round 194 | selected=[34, 97, 52, 94, 31, 28, 72, 70, 11, 65]
Round 194 | train_loss=1.0686 train_acc=0.6368 test_loss=1.4005 test_acc=0.4865
Round 195 | selected=[3, 21, 23, 31, 93, 77, 78, 35, 16, 36]
Round 195 | train_loss=1.0651 train_acc=0.6458 test_loss=1.4030 test_acc=0.4616
Round 196 | selected=[76, 40, 52, 57, 9, 38, 53, 82, 74, 6]
Round 196 | train_loss=1.1692 train_acc=0.6024 test_loss=1.7059 test_acc=0.3938
Round 197 | selected=[6, 43, 48, 44, 19, 91, 29, 50, 2, 85]
Round 197 | train_loss=1.1320 train_acc=0.6314 test_loss=1.4749 test_acc=0.4541
Round 198 | selected=[64, 4, 70, 57, 49, 99, 92, 12, 74, 98]
Round 198 | train_loss=1.2164 train_acc=0.5890 test_loss=1.4825 test_acc=0.4553
Round 199 | selected=[76, 23, 39, 99, 40, 86, 65, 22, 50, 2]
Round 199 | train_loss=1.1596 train_acc=0.6142 test_loss=1.3639 test_acc=0.4890
Round 200 | selected=[16, 42, 72, 36, 65, 80, 61, 64, 49, 91]
Round 200 | train_loss=1.0605 train_acc=0.6396 test_loss=1.4419 test_acc=0.4503
Round 201 | selected=[62, 56, 48, 21, 23, 94, 78, 33, 71, 50]
Round 201 | train_loss=1.0229 train_acc=0.6658 test_loss=1.3976 test_acc=0.4870
Round 202 | selected=[40, 20, 17, 25, 38, 48, 63, 29, 30, 61]
Round 202 | train_loss=1.1590 train_acc=0.6134 test_loss=1.4033 test_acc=0.4734
Round 203 | selected=[51, 72, 77, 0, 40, 53, 14, 8, 55, 43]
Round 203 | train_loss=1.0507 train_acc=0.6436 test_loss=1.2915 test_acc=0.5317
Round 204 | selected=[77, 90, 5, 39, 31, 87, 67, 89, 93, 69]
Round 204 | train_loss=1.0767 train_acc=0.6464 test_loss=1.4484 test_acc=0.4606
Round 205 | selected=[5, 28, 60, 6, 2, 92, 46, 41, 48, 55]
Round 205 | train_loss=1.0841 train_acc=0.6398 test_loss=1.3697 test_acc=0.4924
Round 206 | selected=[45, 9, 15, 19, 41, 76, 66, 61, 42, 49]
Round 206 | train_loss=1.0791 train_acc=0.6458 test_loss=1.5649 test_acc=0.3962
Round 207 | selected=[50, 18, 78, 97, 24, 29, 34, 6, 56, 71]
Round 207 | train_loss=1.2639 train_acc=0.5754 test_loss=1.5127 test_acc=0.4518
Round 208 | selected=[19, 2, 64, 13, 59, 41, 16, 22, 57, 63]
Round 208 | train_loss=1.1567 train_acc=0.6136 test_loss=1.3718 test_acc=0.4857
Round 209 | selected=[86, 73, 71, 81, 21, 4, 64, 41, 24, 0]
Round 209 | train_loss=1.0655 train_acc=0.6322 test_loss=1.2704 test_acc=0.5371
Round 210 | selected=[22, 58, 0, 9, 32, 62, 93, 72, 40, 98]
Round 210 | train_loss=1.0830 train_acc=0.6478 test_loss=1.4473 test_acc=0.4741
Round 211 | selected=[57, 84, 82, 31, 16, 10, 6, 23, 79, 51]
Round 211 | train_loss=0.9713 train_acc=0.6796 test_loss=1.3554 test_acc=0.4739
Round 212 | selected=[6, 15, 98, 81, 67, 85, 66, 90, 74, 62]
Round 212 | train_loss=1.0603 train_acc=0.6414 test_loss=1.4418 test_acc=0.4679
Round 213 | selected=[55, 58, 18, 36, 83, 16, 85, 27, 63, 17]
Round 213 | train_loss=1.0568 train_acc=0.6410 test_loss=1.6074 test_acc=0.4351
Round 214 | selected=[94, 59, 71, 97, 63, 61, 22, 81, 46, 70]
Round 214 | train_loss=1.1267 train_acc=0.6384 test_loss=1.4838 test_acc=0.4647
Round 215 | selected=[61, 16, 47, 25, 78, 39, 52, 74, 91, 76]
Round 215 | train_loss=1.0255 train_acc=0.6556 test_loss=1.4065 test_acc=0.4651
Round 216 | selected=[28, 88, 74, 93, 38, 78, 76, 60, 6, 58]
Round 216 | train_loss=1.0377 train_acc=0.6424 test_loss=1.4382 test_acc=0.4682
Round 217 | selected=[64, 6, 17, 94, 77, 88, 39, 45, 80, 65]
Round 217 | train_loss=1.0598 train_acc=0.6392 test_loss=1.3233 test_acc=0.5106
Round 218 | selected=[65, 20, 57, 82, 92, 97, 76, 83, 19, 5]
Round 218 | train_loss=1.1284 train_acc=0.6148 test_loss=1.5100 test_acc=0.4533
Round 219 | selected=[99, 13, 43, 0, 33, 34, 81, 47, 78, 83]
Round 219 | train_loss=1.1437 train_acc=0.6070 test_loss=1.3498 test_acc=0.4902
Round 220 | selected=[40, 83, 60, 23, 11, 0, 26, 39, 15, 13]
Round 220 | train_loss=1.0522 train_acc=0.6460 test_loss=1.2915 test_acc=0.5208
Round 221 | selected=[22, 49, 12, 27, 19, 77, 99, 50, 61, 79]
Round 221 | train_loss=0.9871 train_acc=0.6722 test_loss=1.6055 test_acc=0.4209
Round 222 | selected=[99, 14, 39, 46, 41, 18, 55, 0, 68, 29]
Round 222 | train_loss=1.1101 train_acc=0.6448 test_loss=1.3512 test_acc=0.5155
Round 223 | selected=[3, 91, 1, 31, 70, 63, 88, 79, 84, 97]
Round 223 | train_loss=1.1326 train_acc=0.6158 test_loss=1.2016 test_acc=0.5562
Round 224 | selected=[54, 59, 88, 26, 60, 94, 98, 81, 5, 33]
Round 224 | train_loss=1.0063 train_acc=0.6634 test_loss=1.3936 test_acc=0.4866
Round 225 | selected=[20, 54, 15, 80, 76, 51, 43, 41, 56, 7]
Round 225 | train_loss=1.0296 train_acc=0.6704 test_loss=1.4317 test_acc=0.4727
Round 226 | selected=[72, 12, 39, 65, 81, 44, 83, 93, 37, 94]
Round 226 | train_loss=1.0652 train_acc=0.6428 test_loss=1.5374 test_acc=0.4530
Round 227 | selected=[75, 10, 40, 31, 0, 83, 54, 14, 37, 15]
Round 227 | train_loss=1.0825 train_acc=0.6456 test_loss=1.4009 test_acc=0.4710
Round 228 | selected=[81, 30, 83, 1, 62, 16, 92, 47, 93, 57]
Round 228 | train_loss=1.0618 train_acc=0.6312 test_loss=1.4305 test_acc=0.4613
Round 229 | selected=[28, 17, 36, 63, 49, 86, 57, 23, 34, 24]
Round 229 | train_loss=1.0031 train_acc=0.6594 test_loss=1.1551 test_acc=0.5751
Round 230 | selected=[84, 7, 13, 54, 61, 82, 0, 71, 42, 20]
Round 230 | train_loss=1.0326 train_acc=0.6592 test_loss=1.2378 test_acc=0.5455
Round 231 | selected=[5, 83, 24, 94, 2, 10, 12, 47, 18, 66]
Round 231 | train_loss=1.0370 train_acc=0.6528 test_loss=1.3198 test_acc=0.4954
Round 232 | selected=[90, 31, 26, 49, 71, 16, 52, 13, 88, 6]
Round 232 | train_loss=1.0669 train_acc=0.6370 test_loss=1.4660 test_acc=0.4725
Round 233 | selected=[50, 91, 28, 97, 49, 40, 7, 37, 73, 62]
Round 233 | train_loss=1.0024 train_acc=0.6652 test_loss=1.2867 test_acc=0.5211
Round 234 | selected=[76, 63, 98, 54, 39, 61, 79, 66, 2, 70]
Round 234 | train_loss=1.1008 train_acc=0.6316 test_loss=1.4390 test_acc=0.4624
Round 235 | selected=[81, 58, 6, 19, 34, 13, 69, 35, 28, 55]
Round 235 | train_loss=1.0217 train_acc=0.6600 test_loss=1.7244 test_acc=0.4206
Round 236 | selected=[89, 0, 40, 81, 23, 76, 71, 79, 27, 61]
Round 236 | train_loss=1.1693 train_acc=0.6228 test_loss=1.5817 test_acc=0.3995
Round 237 | selected=[98, 56, 59, 22, 55, 48, 82, 99, 16, 37]
Round 237 | train_loss=1.0998 train_acc=0.6266 test_loss=1.6539 test_acc=0.4356
Round 238 | selected=[4, 36, 53, 5, 43, 38, 62, 3, 25, 98]
Round 238 | train_loss=1.1730 train_acc=0.5956 test_loss=1.4135 test_acc=0.4843
Round 239 | selected=[40, 6, 11, 30, 74, 32, 61, 5, 93, 31]
Round 239 | train_loss=1.0252 train_acc=0.6584 test_loss=1.2841 test_acc=0.5099
Round 240 | selected=[92, 54, 74, 28, 7, 14, 8, 47, 78, 87]
Round 240 | train_loss=0.9637 train_acc=0.6810 test_loss=1.1681 test_acc=0.5763
Round 241 | selected=[1, 10, 6, 11, 86, 82, 59, 50, 42, 41]
Round 241 | train_loss=0.9975 train_acc=0.6698 test_loss=1.2821 test_acc=0.5195
Round 242 | selected=[30, 12, 68, 52, 89, 81, 6, 79, 2, 26]
Round 242 | train_loss=1.0172 train_acc=0.6572 test_loss=1.3543 test_acc=0.5008
Round 243 | selected=[52, 25, 30, 78, 91, 51, 74, 48, 38, 41]
Round 243 | train_loss=1.0042 train_acc=0.6580 test_loss=1.2200 test_acc=0.5505
Round 244 | selected=[92, 94, 46, 18, 87, 68, 90, 39, 50, 34]
Round 244 | train_loss=0.9962 train_acc=0.6788 test_loss=1.2937 test_acc=0.5108
Round 245 | selected=[32, 97, 99, 45, 85, 73, 52, 71, 75, 59]
Round 245 | train_loss=0.9526 train_acc=0.6874 test_loss=1.3654 test_acc=0.4864
Round 246 | selected=[68, 40, 88, 28, 31, 2, 97, 11, 76, 96]
Round 246 | train_loss=0.9568 train_acc=0.6878 test_loss=1.3859 test_acc=0.5121
Round 247 | selected=[33, 67, 64, 44, 14, 0, 10, 16, 2, 12]
Round 247 | train_loss=1.0052 train_acc=0.6644 test_loss=1.3726 test_acc=0.4926
Round 248 | selected=[55, 9, 28, 20, 78, 59, 6, 80, 77, 4]
Round 248 | train_loss=1.0288 train_acc=0.6548 test_loss=1.2079 test_acc=0.5576
Round 249 | selected=[88, 44, 19, 53, 80, 51, 36, 33, 59, 12]
Round 249 | train_loss=1.0015 train_acc=0.6642 test_loss=1.3092 test_acc=0.5270
Round 250 | selected=[50, 71, 97, 77, 19, 94, 7, 34, 37, 98]
Round 250 | train_loss=1.0006 train_acc=0.6702 test_loss=1.2964 test_acc=0.5156
Round 251 | selected=[7, 72, 46, 24, 9, 82, 3, 22, 26, 21]
Round 251 | train_loss=1.0317 train_acc=0.6646 test_loss=1.3841 test_acc=0.4718
Round 252 | selected=[19, 38, 51, 28, 43, 37, 34, 77, 84, 88]
Round 252 | train_loss=1.0683 train_acc=0.6456 test_loss=1.3922 test_acc=0.4956
Round 253 | selected=[15, 20, 36, 17, 38, 60, 83, 84, 54, 9]
Round 253 | train_loss=1.0252 train_acc=0.6518 test_loss=1.2489 test_acc=0.5366
Round 254 | selected=[47, 81, 1, 36, 32, 18, 40, 59, 94, 89]
Round 254 | train_loss=0.9396 train_acc=0.6966 test_loss=1.2847 test_acc=0.5311
Round 255 | selected=[57, 12, 26, 7, 44, 18, 82, 39, 38, 52]
Round 255 | train_loss=1.0164 train_acc=0.6606 test_loss=1.2792 test_acc=0.5332
Round 256 | selected=[51, 18, 64, 15, 37, 60, 61, 13, 0, 39]
Round 256 | train_loss=0.9917 train_acc=0.6640 test_loss=1.2338 test_acc=0.5520
Round 257 | selected=[13, 60, 6, 27, 31, 36, 12, 83, 81, 52]
Round 257 | train_loss=0.9709 train_acc=0.6776 test_loss=1.2126 test_acc=0.5588
Round 258 | selected=[28, 23, 80, 42, 29, 26, 33, 0, 61, 64]
Round 258 | train_loss=0.9780 train_acc=0.6758 test_loss=1.3473 test_acc=0.5083
Round 259 | selected=[33, 79, 83, 18, 51, 73, 39, 95, 65, 17]
Round 259 | train_loss=1.1102 train_acc=0.6138 test_loss=1.2408 test_acc=0.5535
Round 260 | selected=[41, 95, 84, 0, 63, 59, 47, 54, 29, 83]
Round 260 | train_loss=0.9982 train_acc=0.6612 test_loss=1.2066 test_acc=0.5695
Round 261 | selected=[89, 35, 94, 8, 95, 4, 27, 58, 79, 85]
Round 261 | train_loss=0.8981 train_acc=0.7018 test_loss=1.4669 test_acc=0.4863
Round 262 | selected=[65, 58, 28, 44, 24, 61, 36, 98, 31, 34]
Round 262 | train_loss=1.0789 train_acc=0.6470 test_loss=1.9553 test_acc=0.3988
Round 263 | selected=[27, 31, 88, 50, 52, 47, 38, 90, 77, 17]
Round 263 | train_loss=1.2501 train_acc=0.5910 test_loss=1.4404 test_acc=0.4880
Round 264 | selected=[63, 21, 3, 54, 47, 73, 67, 70, 7, 18]
Round 264 | train_loss=1.0414 train_acc=0.6458 test_loss=1.3609 test_acc=0.5054
Round 265 | selected=[13, 35, 20, 62, 75, 42, 19, 6, 8, 3]
Round 265 | train_loss=1.0421 train_acc=0.6460 test_loss=1.2372 test_acc=0.5521
Round 266 | selected=[51, 92, 85, 77, 46, 73, 70, 65, 68, 35]
Round 266 | train_loss=0.9421 train_acc=0.6850 test_loss=1.2578 test_acc=0.5405
Round 267 | selected=[48, 40, 0, 92, 52, 20, 1, 12, 21, 51]
Round 267 | train_loss=0.9806 train_acc=0.6752 test_loss=1.2936 test_acc=0.5247
Round 268 | selected=[56, 73, 44, 50, 87, 3, 24, 22, 70, 7]
Round 268 | train_loss=1.0305 train_acc=0.6432 test_loss=1.2562 test_acc=0.5509
Round 269 | selected=[46, 82, 1, 72, 2, 14, 0, 85, 42, 33]
Round 269 | train_loss=0.9102 train_acc=0.7014 test_loss=1.3140 test_acc=0.5019
Round 270 | selected=[35, 1, 99, 17, 8, 21, 30, 69, 2, 94]
Round 270 | train_loss=0.8812 train_acc=0.7190 test_loss=1.2187 test_acc=0.5486
Round 271 | selected=[19, 51, 9, 43, 7, 93, 89, 6, 70, 86]
Round 271 | train_loss=1.0754 train_acc=0.6398 test_loss=1.4129 test_acc=0.4835
Round 272 | selected=[73, 75, 32, 2, 60, 85, 66, 3, 46, 59]
Round 272 | train_loss=1.0353 train_acc=0.6546 test_loss=1.4138 test_acc=0.4665
Round 273 | selected=[16, 62, 59, 9, 84, 42, 47, 23, 56, 80]
Round 273 | train_loss=0.9951 train_acc=0.6564 test_loss=1.3804 test_acc=0.4819
Round 274 | selected=[69, 52, 44, 41, 32, 91, 9, 62, 73, 31]
Round 274 | train_loss=0.9760 train_acc=0.6700 test_loss=1.1244 test_acc=0.5956
Round 275 | selected=[33, 62, 86, 46, 88, 90, 40, 13, 69, 44]
Round 275 | train_loss=1.0273 train_acc=0.6686 test_loss=1.4242 test_acc=0.4808
Round 276 | selected=[72, 54, 14, 46, 35, 65, 69, 47, 12, 45]
Round 276 | train_loss=1.0457 train_acc=0.6640 test_loss=1.6355 test_acc=0.4564
Round 277 | selected=[14, 76, 59, 32, 30, 12, 71, 8, 49, 45]
Round 277 | train_loss=0.8605 train_acc=0.7214 test_loss=1.4301 test_acc=0.4642
Round 278 | selected=[35, 81, 52, 8, 99, 67, 56, 32, 94, 3]
Round 278 | train_loss=0.9483 train_acc=0.6838 test_loss=1.3810 test_acc=0.5083
Round 279 | selected=[0, 96, 5, 84, 24, 87, 4, 32, 85, 52]
Round 279 | train_loss=1.0328 train_acc=0.6622 test_loss=1.3061 test_acc=0.5171
Round 280 | selected=[19, 23, 96, 73, 71, 6, 54, 33, 63, 55]
Round 280 | train_loss=0.9010 train_acc=0.6986 test_loss=1.2187 test_acc=0.5548
Round 281 | selected=[98, 22, 19, 95, 55, 15, 45, 84, 87, 3]
Round 281 | train_loss=0.9903 train_acc=0.6774 test_loss=1.3232 test_acc=0.4981
Round 282 | selected=[14, 35, 65, 40, 20, 97, 22, 9, 54, 23]
Round 282 | train_loss=1.1103 train_acc=0.6348 test_loss=1.6948 test_acc=0.4389
Round 283 | selected=[99, 93, 22, 76, 8, 41, 4, 68, 17, 53]
Round 283 | train_loss=1.0863 train_acc=0.6510 test_loss=1.4957 test_acc=0.4579
Round 284 | selected=[16, 27, 33, 44, 50, 80, 9, 2, 37, 85]
Round 284 | train_loss=0.9806 train_acc=0.6742 test_loss=1.2660 test_acc=0.5437
Round 285 | selected=[78, 68, 37, 65, 38, 55, 26, 69, 4, 5]
Round 285 | train_loss=1.0926 train_acc=0.6370 test_loss=1.2400 test_acc=0.5401
Round 286 | selected=[67, 82, 31, 57, 77, 63, 3, 19, 88, 52]
Round 286 | train_loss=1.0280 train_acc=0.6570 test_loss=1.2208 test_acc=0.5598
Round 287 | selected=[85, 53, 10, 91, 43, 18, 52, 78, 5, 1]
Round 287 | train_loss=1.0114 train_acc=0.6676 test_loss=1.4268 test_acc=0.4800
Round 288 | selected=[41, 20, 28, 42, 25, 58, 84, 98, 62, 95]
Round 288 | train_loss=0.9597 train_acc=0.6786 test_loss=1.3835 test_acc=0.5051
Round 289 | selected=[69, 3, 22, 33, 19, 71, 96, 81, 18, 25]
Round 289 | train_loss=1.0177 train_acc=0.6738 test_loss=1.4142 test_acc=0.4820
Round 290 | selected=[41, 4, 24, 67, 16, 53, 22, 97, 34, 64]
Round 290 | train_loss=1.0253 train_acc=0.6484 test_loss=1.2280 test_acc=0.5492
Round 291 | selected=[70, 3, 60, 47, 19, 76, 49, 11, 16, 68]
Round 291 | train_loss=0.9676 train_acc=0.6772 test_loss=1.0972 test_acc=0.6102
Round 292 | selected=[67, 38, 34, 57, 6, 10, 58, 93, 37, 23]
Round 292 | train_loss=0.9280 train_acc=0.6920 test_loss=1.3935 test_acc=0.4873
Round 293 | selected=[64, 44, 21, 12, 90, 11, 98, 33, 43, 19]
Round 293 | train_loss=0.8989 train_acc=0.7114 test_loss=1.3252 test_acc=0.5224
Round 294 | selected=[79, 4, 30, 27, 81, 54, 74, 35, 70, 2]
Round 294 | train_loss=1.0206 train_acc=0.6442 test_loss=1.2687 test_acc=0.5117
Round 295 | selected=[51, 49, 8, 56, 68, 25, 91, 72, 17, 15]
Round 295 | train_loss=0.9284 train_acc=0.6920 test_loss=1.3303 test_acc=0.5067
Round 296 | selected=[57, 76, 33, 72, 30, 8, 96, 38, 19, 21]
Round 296 | train_loss=0.8842 train_acc=0.7232 test_loss=1.3420 test_acc=0.5057
Round 297 | selected=[25, 60, 63, 75, 42, 52, 98, 56, 2, 28]
Round 297 | train_loss=0.9865 train_acc=0.6696 test_loss=1.3845 test_acc=0.4855
Round 298 | selected=[20, 41, 87, 32, 27, 11, 82, 43, 78, 91]
Round 298 | train_loss=1.0012 train_acc=0.6708 test_loss=1.3661 test_acc=0.5229
Round 299 | selected=[93, 89, 79, 33, 90, 2, 8, 56, 95, 4]
Round 299 | train_loss=0.9672 train_acc=0.6798 test_loss=1.2192 test_acc=0.5594
Round 300 | selected=[18, 54, 5, 4, 28, 35, 3, 78, 52, 10]
Round 300 | train_loss=0.9689 train_acc=0.6674 test_loss=1.2461 test_acc=0.5452
Round 301 | selected=[57, 8, 13, 5, 68, 95, 77, 79, 63, 48]
Round 301 | train_loss=0.9521 train_acc=0.6716 test_loss=1.2262 test_acc=0.5333
Round 302 | selected=[32, 84, 30, 86, 90, 60, 35, 64, 11, 53]
Round 302 | train_loss=0.9479 train_acc=0.6742 test_loss=1.2509 test_acc=0.5422
Round 303 | selected=[88, 43, 9, 28, 61, 48, 76, 21, 93, 59]
Round 303 | train_loss=0.9434 train_acc=0.6868 test_loss=1.2251 test_acc=0.5482
Round 304 | selected=[99, 51, 95, 89, 34, 10, 83, 42, 52, 62]
Round 304 | train_loss=0.9339 train_acc=0.6824 test_loss=1.1766 test_acc=0.5832
Round 305 | selected=[58, 12, 79, 28, 53, 81, 38, 14, 27, 46]
Round 305 | train_loss=0.9017 train_acc=0.6982 test_loss=1.1899 test_acc=0.5540
Round 306 | selected=[31, 95, 87, 82, 20, 12, 72, 18, 1, 62]
Round 306 | train_loss=0.9178 train_acc=0.6942 test_loss=1.3320 test_acc=0.5044
Round 307 | selected=[10, 31, 28, 13, 60, 35, 36, 52, 72, 84]
Round 307 | train_loss=0.8292 train_acc=0.7196 test_loss=1.5255 test_acc=0.4724
Round 308 | selected=[19, 9, 52, 28, 35, 4, 21, 2, 57, 98]
Round 308 | train_loss=0.9127 train_acc=0.7018 test_loss=1.3035 test_acc=0.5123
Round 309 | selected=[67, 6, 27, 51, 74, 58, 40, 38, 71, 98]
Round 309 | train_loss=1.0285 train_acc=0.6604 test_loss=1.3904 test_acc=0.4891
Round 310 | selected=[83, 11, 66, 73, 23, 12, 34, 1, 65, 63]
Round 310 | train_loss=0.9720 train_acc=0.6692 test_loss=1.1165 test_acc=0.6020
Round 311 | selected=[5, 43, 81, 92, 82, 89, 93, 56, 16, 28]
Round 311 | train_loss=0.8886 train_acc=0.7076 test_loss=1.2409 test_acc=0.5413
Round 312 | selected=[53, 73, 61, 62, 91, 83, 45, 89, 1, 50]
Round 312 | train_loss=0.9440 train_acc=0.6748 test_loss=1.2588 test_acc=0.5398
Round 313 | selected=[17, 3, 77, 14, 99, 96, 21, 20, 42, 79]
Round 313 | train_loss=0.8984 train_acc=0.7022 test_loss=1.1689 test_acc=0.5873
Round 314 | selected=[47, 58, 81, 46, 24, 49, 60, 82, 80, 53]
Round 314 | train_loss=0.8376 train_acc=0.7328 test_loss=1.1670 test_acc=0.5611
Round 315 | selected=[99, 29, 20, 39, 60, 58, 18, 44, 32, 95]
Round 315 | train_loss=0.8960 train_acc=0.7108 test_loss=1.1211 test_acc=0.5922
Round 316 | selected=[42, 77, 38, 74, 99, 34, 78, 86, 52, 46]
Round 316 | train_loss=1.0002 train_acc=0.6730 test_loss=1.1423 test_acc=0.5843
Round 317 | selected=[0, 47, 94, 5, 29, 50, 40, 99, 11, 31]
Round 317 | train_loss=0.9666 train_acc=0.6860 test_loss=1.3905 test_acc=0.5159
Round 318 | selected=[51, 84, 92, 16, 17, 19, 31, 34, 39, 99]
Round 318 | train_loss=0.9295 train_acc=0.6812 test_loss=1.3483 test_acc=0.5136
Round 319 | selected=[55, 58, 37, 65, 9, 52, 88, 94, 93, 72]
Round 319 | train_loss=0.9890 train_acc=0.6700 test_loss=1.3981 test_acc=0.5172
Round 320 | selected=[25, 28, 5, 81, 2, 76, 54, 30, 91, 75]
Round 320 | train_loss=1.0246 train_acc=0.6664 test_loss=1.2516 test_acc=0.5661
Round 321 | selected=[59, 53, 29, 97, 15, 41, 8, 52, 9, 10]
Round 321 | train_loss=1.0823 train_acc=0.6486 test_loss=1.5760 test_acc=0.4053
Round 322 | selected=[64, 27, 71, 18, 47, 35, 33, 74, 13, 43]
Round 322 | train_loss=1.1220 train_acc=0.6262 test_loss=1.1583 test_acc=0.5931
Round 323 | selected=[87, 9, 65, 74, 79, 95, 68, 57, 23, 97]
Round 323 | train_loss=1.0045 train_acc=0.6606 test_loss=1.2950 test_acc=0.5206
Round 324 | selected=[70, 79, 67, 45, 40, 54, 75, 36, 24, 51]
Round 324 | train_loss=1.0556 train_acc=0.6450 test_loss=1.3288 test_acc=0.5304
Round 325 | selected=[61, 55, 1, 25, 50, 8, 98, 86, 33, 70]
Round 325 | train_loss=0.9774 train_acc=0.6704 test_loss=1.5881 test_acc=0.4789
Round 326 | selected=[16, 41, 52, 36, 70, 17, 46, 53, 15, 11]
Round 326 | train_loss=1.0446 train_acc=0.6484 test_loss=1.1500 test_acc=0.5883
Round 327 | selected=[18, 8, 66, 72, 4, 89, 6, 22, 24, 79]
Round 327 | train_loss=0.9406 train_acc=0.6882 test_loss=1.1320 test_acc=0.5801
Round 328 | selected=[29, 97, 11, 94, 7, 78, 20, 98, 4, 56]
Round 328 | train_loss=0.8741 train_acc=0.7120 test_loss=1.1637 test_acc=0.5629
Round 329 | selected=[5, 51, 84, 77, 81, 48, 38, 4, 93, 22]
Round 329 | train_loss=1.0046 train_acc=0.6616 test_loss=1.0634 test_acc=0.6093
Round 330 | selected=[25, 59, 48, 13, 38, 44, 95, 15, 50, 76]
Round 330 | train_loss=0.9740 train_acc=0.6762 test_loss=1.1878 test_acc=0.5826
Round 331 | selected=[73, 30, 33, 26, 69, 32, 62, 57, 11, 27]
Round 331 | train_loss=0.8982 train_acc=0.6908 test_loss=1.1311 test_acc=0.5818
Round 332 | selected=[33, 69, 48, 80, 19, 75, 14, 17, 35, 13]
Round 332 | train_loss=0.9291 train_acc=0.6930 test_loss=1.1195 test_acc=0.6003
Round 333 | selected=[52, 33, 71, 76, 63, 57, 85, 96, 58, 88]
Round 333 | train_loss=0.8319 train_acc=0.7302 test_loss=1.2334 test_acc=0.5563
Round 334 | selected=[30, 82, 24, 50, 10, 71, 11, 85, 21, 36]
Round 334 | train_loss=0.8517 train_acc=0.7196 test_loss=1.2289 test_acc=0.5217
Round 335 | selected=[38, 58, 44, 18, 32, 88, 75, 78, 22, 42]
Round 335 | train_loss=0.9274 train_acc=0.6790 test_loss=1.0577 test_acc=0.6174
Round 336 | selected=[67, 45, 87, 37, 74, 95, 30, 76, 34, 27]
Round 336 | train_loss=0.8459 train_acc=0.7158 test_loss=1.0243 test_acc=0.6390
Round 337 | selected=[66, 13, 43, 42, 37, 2, 97, 35, 79, 38]
Round 337 | train_loss=0.9311 train_acc=0.6882 test_loss=1.0920 test_acc=0.5962
Round 338 | selected=[36, 58, 25, 46, 22, 73, 76, 26, 0, 79]
Round 338 | train_loss=0.8807 train_acc=0.7140 test_loss=1.1386 test_acc=0.5860
Round 339 | selected=[88, 72, 10, 23, 22, 8, 52, 0, 93, 5]
Round 339 | train_loss=0.8835 train_acc=0.6928 test_loss=1.4359 test_acc=0.4916
Round 340 | selected=[16, 2, 65, 33, 43, 31, 61, 75, 95, 7]
Round 340 | train_loss=1.0199 train_acc=0.6612 test_loss=1.4138 test_acc=0.5069
Round 341 | selected=[22, 53, 1, 49, 64, 83, 93, 46, 5, 45]
Round 341 | train_loss=1.0861 train_acc=0.6296 test_loss=1.3543 test_acc=0.5195
Round 342 | selected=[6, 26, 29, 10, 86, 82, 50, 95, 56, 21]
Round 342 | train_loss=0.8749 train_acc=0.7160 test_loss=1.1416 test_acc=0.5888
Round 343 | selected=[31, 10, 28, 40, 93, 79, 88, 0, 69, 72]
Round 343 | train_loss=0.8872 train_acc=0.7076 test_loss=1.1729 test_acc=0.5746
Round 344 | selected=[29, 0, 96, 5, 15, 89, 6, 11, 62, 34]
Round 344 | train_loss=0.8951 train_acc=0.7084 test_loss=1.0711 test_acc=0.6218
Round 345 | selected=[7, 82, 42, 57, 92, 60, 33, 66, 99, 76]
Round 345 | train_loss=0.8322 train_acc=0.7264 test_loss=1.1521 test_acc=0.5955
Round 346 | selected=[4, 0, 35, 44, 49, 36, 72, 92, 31, 17]
Round 346 | train_loss=0.8060 train_acc=0.7342 test_loss=1.0641 test_acc=0.6291
Round 347 | selected=[34, 52, 90, 33, 25, 95, 78, 43, 83, 35]
Round 347 | train_loss=0.8751 train_acc=0.7070 test_loss=1.1583 test_acc=0.5838
Round 348 | selected=[69, 0, 84, 83, 38, 1, 11, 14, 77, 19]
Round 348 | train_loss=0.9765 train_acc=0.6774 test_loss=1.0533 test_acc=0.6249
Round 349 | selected=[69, 63, 98, 65, 43, 99, 71, 96, 19, 5]
Round 349 | train_loss=0.8498 train_acc=0.7214 test_loss=1.1123 test_acc=0.5985
Round 350 | selected=[33, 84, 54, 79, 8, 56, 12, 95, 59, 49]
Round 350 | train_loss=0.8640 train_acc=0.7180 test_loss=1.4177 test_acc=0.5061
Round 351 | selected=[82, 48, 7, 99, 89, 71, 40, 83, 5, 67]
Round 351 | train_loss=1.0663 train_acc=0.6488 test_loss=1.3329 test_acc=0.5501
Round 352 | selected=[73, 99, 4, 45, 26, 95, 70, 34, 78, 82]
Round 352 | train_loss=0.9447 train_acc=0.6820 test_loss=1.1601 test_acc=0.5941
Round 353 | selected=[55, 90, 51, 72, 0, 44, 28, 19, 85, 49]
Round 353 | train_loss=0.8233 train_acc=0.7342 test_loss=1.2033 test_acc=0.5649
Round 354 | selected=[90, 15, 82, 98, 80, 51, 42, 71, 10, 58]
Round 354 | train_loss=0.8107 train_acc=0.7390 test_loss=1.0861 test_acc=0.6136
Round 355 | selected=[53, 88, 1, 75, 70, 91, 87, 35, 51, 68]
Round 355 | train_loss=0.9520 train_acc=0.6794 test_loss=1.0498 test_acc=0.6184
Round 356 | selected=[80, 43, 32, 94, 27, 61, 69, 17, 71, 36]
Round 356 | train_loss=0.8311 train_acc=0.7308 test_loss=1.2287 test_acc=0.5570
Round 357 | selected=[61, 19, 30, 31, 38, 99, 3, 64, 36, 7]
Round 357 | train_loss=0.9356 train_acc=0.6860 test_loss=1.2623 test_acc=0.5399
Round 358 | selected=[33, 92, 3, 23, 19, 22, 83, 62, 38, 70]
Round 358 | train_loss=0.8915 train_acc=0.6812 test_loss=1.0423 test_acc=0.6205
Round 359 | selected=[84, 33, 94, 19, 31, 57, 43, 73, 35, 32]
Round 359 | train_loss=0.7878 train_acc=0.7398 test_loss=1.0815 test_acc=0.6078
Round 360 | selected=[44, 87, 52, 29, 58, 57, 60, 40, 72, 82]
Round 360 | train_loss=0.8753 train_acc=0.7206 test_loss=1.0974 test_acc=0.6037
Round 361 | selected=[22, 95, 67, 89, 4, 75, 31, 8, 53, 1]
Round 361 | train_loss=0.8059 train_acc=0.7352 test_loss=1.1712 test_acc=0.5776
Round 362 | selected=[85, 31, 1, 26, 88, 53, 37, 57, 95, 9]
Round 362 | train_loss=0.8551 train_acc=0.7048 test_loss=1.2055 test_acc=0.5377
Round 363 | selected=[90, 80, 88, 6, 37, 33, 60, 84, 64, 32]
Round 363 | train_loss=0.8341 train_acc=0.7214 test_loss=1.1413 test_acc=0.6080
Round 364 | selected=[89, 51, 39, 85, 69, 68, 18, 57, 49, 71]
Round 364 | train_loss=0.8437 train_acc=0.7220 test_loss=1.1570 test_acc=0.5756
Round 365 | selected=[89, 54, 97, 58, 49, 83, 29, 0, 74, 7]
Round 365 | train_loss=0.9092 train_acc=0.6926 test_loss=1.0148 test_acc=0.6388
Round 366 | selected=[27, 13, 20, 96, 58, 21, 51, 70, 8, 34]
Round 366 | train_loss=0.8002 train_acc=0.7428 test_loss=1.2441 test_acc=0.5526
Round 367 | selected=[63, 0, 10, 54, 85, 3, 94, 83, 28, 73]
Round 367 | train_loss=0.8605 train_acc=0.7006 test_loss=1.1118 test_acc=0.5871
Round 368 | selected=[38, 26, 28, 4, 80, 33, 87, 81, 34, 25]
Round 368 | train_loss=0.8330 train_acc=0.7256 test_loss=1.1425 test_acc=0.5921
Round 369 | selected=[86, 5, 0, 18, 41, 47, 49, 80, 10, 68]
Round 369 | train_loss=0.8445 train_acc=0.7134 test_loss=1.2856 test_acc=0.5331
Round 370 | selected=[47, 82, 1, 0, 83, 66, 52, 62, 68, 94]
Round 370 | train_loss=0.8644 train_acc=0.7080 test_loss=1.0758 test_acc=0.6011
Round 371 | selected=[39, 14, 71, 13, 75, 2, 34, 26, 37, 21]
Round 371 | train_loss=0.8895 train_acc=0.7126 test_loss=1.2999 test_acc=0.5456
Round 372 | selected=[28, 90, 25, 83, 36, 32, 74, 87, 14, 30]
Round 372 | train_loss=0.9160 train_acc=0.6934 test_loss=1.2239 test_acc=0.5512
Round 373 | selected=[53, 26, 24, 0, 28, 66, 58, 9, 22, 74]
Round 373 | train_loss=0.8738 train_acc=0.7014 test_loss=1.0129 test_acc=0.6388
Round 374 | selected=[73, 56, 29, 51, 65, 62, 9, 16, 97, 48]
Round 374 | train_loss=0.8603 train_acc=0.7180 test_loss=1.4884 test_acc=0.4445
Round 375 | selected=[53, 66, 63, 32, 48, 95, 70, 81, 5, 2]
Round 375 | train_loss=1.0460 train_acc=0.6390 test_loss=1.1644 test_acc=0.6089
Round 376 | selected=[51, 27, 69, 85, 38, 74, 26, 90, 24, 16]
Round 376 | train_loss=0.9274 train_acc=0.6944 test_loss=1.1397 test_acc=0.5711
Round 377 | selected=[10, 83, 60, 57, 89, 91, 42, 46, 82, 53]
Round 377 | train_loss=0.9256 train_acc=0.6830 test_loss=1.2218 test_acc=0.5510
Round 378 | selected=[0, 79, 2, 39, 88, 28, 63, 81, 1, 56]
Round 378 | train_loss=0.7791 train_acc=0.7378 test_loss=1.1377 test_acc=0.5841
Round 379 | selected=[19, 27, 16, 88, 7, 42, 65, 36, 97, 28]
Round 379 | train_loss=0.8894 train_acc=0.7010 test_loss=1.1224 test_acc=0.5886
Round 380 | selected=[40, 23, 7, 11, 53, 0, 60, 78, 95, 1]
Round 380 | train_loss=0.8168 train_acc=0.7302 test_loss=1.0651 test_acc=0.6136
Round 381 | selected=[97, 32, 19, 11, 34, 87, 49, 48, 83, 60]
Round 381 | train_loss=0.8748 train_acc=0.7012 test_loss=1.0106 test_acc=0.6359
Round 382 | selected=[63, 56, 31, 73, 42, 75, 14, 33, 76, 57]
Round 382 | train_loss=0.7622 train_acc=0.7470 test_loss=1.4271 test_acc=0.5094
Round 383 | selected=[22, 94, 51, 6, 1, 14, 90, 8, 0, 23]
Round 383 | train_loss=0.8400 train_acc=0.7206 test_loss=1.1725 test_acc=0.5727
Round 384 | selected=[92, 74, 51, 65, 67, 76, 59, 25, 72, 97]
Round 384 | train_loss=0.8123 train_acc=0.7302 test_loss=0.9933 test_acc=0.6379
Round 385 | selected=[94, 99, 12, 70, 59, 26, 31, 40, 84, 11]
Round 385 | train_loss=0.7772 train_acc=0.7408 test_loss=1.0216 test_acc=0.6334
Round 386 | selected=[37, 54, 88, 20, 94, 61, 43, 80, 4, 29]
Round 386 | train_loss=0.9070 train_acc=0.7002 test_loss=1.1717 test_acc=0.5770
Round 387 | selected=[66, 16, 80, 70, 1, 36, 90, 56, 65, 9]
Round 387 | train_loss=0.8360 train_acc=0.7220 test_loss=1.0842 test_acc=0.5960
Round 388 | selected=[24, 63, 91, 99, 53, 43, 62, 47, 55, 70]
Round 388 | train_loss=0.8011 train_acc=0.7312 test_loss=1.0233 test_acc=0.6294
Round 389 | selected=[65, 21, 41, 35, 20, 40, 22, 78, 15, 32]
Round 389 | train_loss=0.8785 train_acc=0.7148 test_loss=1.0565 test_acc=0.6251
Round 390 | selected=[72, 45, 76, 80, 93, 54, 20, 49, 86, 64]
Round 390 | train_loss=0.8550 train_acc=0.7224 test_loss=1.0610 test_acc=0.6165
Round 391 | selected=[49, 29, 34, 35, 63, 18, 3, 44, 96, 24]
Round 391 | train_loss=0.8923 train_acc=0.7024 test_loss=1.2189 test_acc=0.5699
Round 392 | selected=[12, 31, 21, 78, 84, 40, 33, 91, 19, 14]
Round 392 | train_loss=0.7962 train_acc=0.7502 test_loss=1.1129 test_acc=0.5832
Round 393 | selected=[82, 87, 56, 39, 27, 64, 84, 78, 1, 98]
Round 393 | train_loss=0.7856 train_acc=0.7334 test_loss=1.0395 test_acc=0.6294
Round 394 | selected=[67, 40, 92, 19, 77, 72, 81, 0, 34, 15]
Round 394 | train_loss=0.8671 train_acc=0.7212 test_loss=1.0331 test_acc=0.6349
Round 395 | selected=[62, 65, 34, 49, 47, 97, 66, 12, 45, 26]
Round 395 | train_loss=0.8484 train_acc=0.7142 test_loss=1.1703 test_acc=0.5664
Round 396 | selected=[66, 74, 94, 5, 93, 60, 2, 75, 22, 85]
Round 396 | train_loss=0.8865 train_acc=0.7036 test_loss=1.1641 test_acc=0.5658
Round 397 | selected=[13, 37, 42, 93, 58, 54, 9, 50, 75, 35]
Round 397 | train_loss=0.8339 train_acc=0.7194 test_loss=0.9776 test_acc=0.6429
Round 398 | selected=[42, 70, 13, 45, 43, 32, 17, 22, 87, 50]
Round 398 | train_loss=0.8213 train_acc=0.7308 test_loss=1.1107 test_acc=0.5895
Round 399 | selected=[88, 56, 36, 70, 41, 44, 39, 46, 93, 37]
Round 399 | train_loss=0.8948 train_acc=0.7046 test_loss=1.5241 test_acc=0.4656
Round 400 | selected=[14, 99, 3, 21, 87, 38, 86, 93, 94, 67]
Round 400 | train_loss=0.8919 train_acc=0.7014 test_loss=1.3000 test_acc=0.5345
Round 401 | selected=[1, 76, 41, 84, 67, 55, 70, 56, 37, 31]
Round 401 | train_loss=0.7883 train_acc=0.7400 test_loss=1.2213 test_acc=0.5616
Round 402 | selected=[88, 97, 80, 43, 56, 12, 0, 54, 93, 72]
Round 402 | train_loss=0.8562 train_acc=0.7128 test_loss=1.1617 test_acc=0.5785
Round 403 | selected=[22, 53, 57, 86, 56, 68, 21, 47, 74, 73]
Round 403 | train_loss=0.7688 train_acc=0.7392 test_loss=1.1594 test_acc=0.5921
Round 404 | selected=[94, 54, 73, 95, 3, 36, 4, 64, 45, 29]
Round 404 | train_loss=0.8433 train_acc=0.7096 test_loss=1.0881 test_acc=0.6084
Round 405 | selected=[58, 21, 63, 16, 73, 93, 30, 70, 34, 54]
Round 405 | train_loss=0.7686 train_acc=0.7354 test_loss=1.0266 test_acc=0.6230
Round 406 | selected=[55, 81, 49, 89, 16, 50, 27, 76, 99, 79]
Round 406 | train_loss=0.7213 train_acc=0.7606 test_loss=0.9440 test_acc=0.6668
Round 407 | selected=[18, 99, 11, 35, 91, 70, 7, 23, 46, 65]
Round 407 | train_loss=0.8432 train_acc=0.7210 test_loss=0.9627 test_acc=0.6610
Round 408 | selected=[55, 23, 60, 78, 67, 48, 56, 59, 45, 8]
Round 408 | train_loss=0.7505 train_acc=0.7510 test_loss=0.9439 test_acc=0.6584
Round 409 | selected=[51, 34, 37, 11, 22, 88, 86, 77, 56, 79]
Round 409 | train_loss=0.7467 train_acc=0.7432 test_loss=1.0778 test_acc=0.6066
Round 410 | selected=[59, 47, 34, 27, 45, 11, 51, 14, 42, 46]
Round 410 | train_loss=0.7170 train_acc=0.7756 test_loss=0.9548 test_acc=0.6531
Round 411 | selected=[20, 97, 55, 64, 75, 63, 15, 95, 35, 13]
Round 411 | train_loss=0.8804 train_acc=0.7114 test_loss=0.9679 test_acc=0.6520
Round 412 | selected=[0, 12, 32, 63, 14, 50, 94, 21, 54, 52]
Round 412 | train_loss=0.8270 train_acc=0.7282 test_loss=1.2572 test_acc=0.5680
Round 413 | selected=[52, 85, 22, 3, 14, 19, 49, 47, 98, 1]
Round 413 | train_loss=0.7715 train_acc=0.7416 test_loss=1.0905 test_acc=0.6035
Round 414 | selected=[53, 83, 96, 50, 57, 93, 87, 44, 95, 85]
Round 414 | train_loss=0.7919 train_acc=0.7290 test_loss=1.0104 test_acc=0.6360
Round 415 | selected=[55, 24, 30, 66, 43, 39, 44, 33, 90, 8]
Round 415 | train_loss=0.7747 train_acc=0.7480 test_loss=0.9868 test_acc=0.6360
Round 416 | selected=[84, 92, 44, 13, 91, 28, 74, 58, 96, 72]
Round 416 | train_loss=0.7170 train_acc=0.7648 test_loss=0.9509 test_acc=0.6630
Round 417 | selected=[11, 67, 2, 85, 28, 87, 82, 5, 59, 68]
Round 417 | train_loss=0.7682 train_acc=0.7484 test_loss=1.0953 test_acc=0.6171
Round 418 | selected=[85, 39, 80, 93, 96, 82, 41, 60, 81, 25]
Round 418 | train_loss=0.6533 train_acc=0.7836 test_loss=1.4921 test_acc=0.4835
Round 419 | selected=[18, 8, 87, 33, 55, 95, 64, 74, 62, 31]
Round 419 | train_loss=1.0065 train_acc=0.6808 test_loss=1.2533 test_acc=0.5865
Round 420 | selected=[97, 74, 13, 77, 54, 18, 72, 86, 67, 63]
Round 420 | train_loss=0.9151 train_acc=0.6888 test_loss=1.0013 test_acc=0.6403
Round 421 | selected=[77, 16, 23, 27, 98, 37, 33, 88, 67, 40]
Round 421 | train_loss=0.7736 train_acc=0.7362 test_loss=1.0489 test_acc=0.6156
Round 422 | selected=[25, 88, 81, 31, 72, 96, 26, 69, 94, 36]
Round 422 | train_loss=0.7559 train_acc=0.7566 test_loss=0.9782 test_acc=0.6515
Round 423 | selected=[75, 89, 24, 37, 5, 67, 48, 21, 59, 99]
Round 423 | train_loss=0.7660 train_acc=0.7526 test_loss=1.0825 test_acc=0.6022
Round 424 | selected=[80, 52, 4, 99, 67, 96, 60, 20, 93, 32]
Round 424 | train_loss=0.7741 train_acc=0.7470 test_loss=1.2075 test_acc=0.5623
Round 425 | selected=[48, 2, 25, 0, 77, 76, 58, 73, 24, 35]
Round 425 | train_loss=0.9720 train_acc=0.6804 test_loss=1.1393 test_acc=0.5739
Round 426 | selected=[15, 63, 75, 85, 80, 47, 93, 69, 54, 68]
Round 426 | train_loss=0.8489 train_acc=0.7236 test_loss=1.1400 test_acc=0.5786
Round 427 | selected=[14, 27, 90, 69, 13, 53, 19, 76, 93, 39]
Round 427 | train_loss=0.9067 train_acc=0.7040 test_loss=0.9992 test_acc=0.6375
Round 428 | selected=[96, 63, 38, 81, 43, 83, 99, 18, 53, 37]
Round 428 | train_loss=0.8476 train_acc=0.7182 test_loss=1.0617 test_acc=0.6322
Round 429 | selected=[29, 18, 25, 69, 89, 73, 31, 16, 5, 54]
Round 429 | train_loss=0.8967 train_acc=0.7122 test_loss=1.2504 test_acc=0.5542
Round 430 | selected=[29, 60, 98, 53, 28, 69, 54, 38, 96, 67]
Round 430 | train_loss=0.7921 train_acc=0.7446 test_loss=1.4320 test_acc=0.4854
Round 431 | selected=[40, 64, 45, 59, 56, 6, 55, 62, 7, 91]
Round 431 | train_loss=0.9738 train_acc=0.6892 test_loss=1.7215 test_acc=0.4443
Round 432 | selected=[75, 14, 87, 72, 3, 38, 24, 49, 76, 16]
Round 432 | train_loss=0.9490 train_acc=0.6822 test_loss=1.2543 test_acc=0.5742
Round 433 | selected=[62, 0, 71, 32, 10, 13, 84, 20, 99, 26]
Round 433 | train_loss=0.8219 train_acc=0.7232 test_loss=1.0696 test_acc=0.6146
Round 434 | selected=[28, 61, 82, 92, 72, 18, 15, 47, 87, 11]
Round 434 | train_loss=0.7184 train_acc=0.7708 test_loss=1.5222 test_acc=0.5002
Round 435 | selected=[82, 0, 77, 4, 65, 13, 99, 11, 30, 43]
Round 435 | train_loss=0.8782 train_acc=0.6982 test_loss=1.1492 test_acc=0.5820
Round 436 | selected=[67, 10, 73, 65, 20, 47, 24, 90, 92, 91]
Round 436 | train_loss=0.7699 train_acc=0.7464 test_loss=1.0433 test_acc=0.6208
Round 437 | selected=[49, 23, 34, 82, 80, 2, 67, 93, 42, 14]
Round 437 | train_loss=0.7429 train_acc=0.7480 test_loss=0.9586 test_acc=0.6542
Round 438 | selected=[6, 60, 46, 3, 89, 1, 91, 47, 88, 72]
Round 438 | train_loss=0.8162 train_acc=0.7258 test_loss=1.1940 test_acc=0.5536
Round 439 | selected=[51, 79, 59, 7, 4, 72, 10, 71, 16, 1]
Round 439 | train_loss=0.8231 train_acc=0.7234 test_loss=1.1759 test_acc=0.5814
Round 440 | selected=[43, 59, 74, 90, 53, 26, 38, 86, 48, 2]
Round 440 | train_loss=0.9035 train_acc=0.6964 test_loss=1.1082 test_acc=0.5956
Round 441 | selected=[78, 79, 24, 1, 87, 61, 33, 85, 54, 96]
Round 441 | train_loss=0.7476 train_acc=0.7550 test_loss=1.4133 test_acc=0.5157
Round 442 | selected=[50, 29, 11, 71, 20, 9, 85, 67, 2, 42]
Round 442 | train_loss=0.8474 train_acc=0.7336 test_loss=1.3136 test_acc=0.5222
Round 443 | selected=[97, 7, 81, 6, 39, 34, 76, 65, 84, 17]
Round 443 | train_loss=0.9685 train_acc=0.6786 test_loss=1.2871 test_acc=0.5716
Round 444 | selected=[23, 68, 64, 41, 17, 51, 34, 78, 12, 57]
Round 444 | train_loss=0.8709 train_acc=0.7014 test_loss=0.9842 test_acc=0.6408
Round 445 | selected=[18, 10, 28, 70, 45, 4, 60, 49, 58, 8]
Round 445 | train_loss=0.8011 train_acc=0.7380 test_loss=1.0908 test_acc=0.6054
Round 446 | selected=[47, 51, 45, 62, 53, 80, 22, 0, 83, 96]
Round 446 | train_loss=0.7972 train_acc=0.7278 test_loss=0.9525 test_acc=0.6675
Round 447 | selected=[60, 45, 43, 88, 29, 46, 67, 25, 74, 51]
Round 447 | train_loss=0.8622 train_acc=0.7280 test_loss=1.0765 test_acc=0.6083
Round 448 | selected=[86, 26, 20, 74, 45, 82, 94, 33, 81, 58]
Round 448 | train_loss=0.7773 train_acc=0.7422 test_loss=1.1007 test_acc=0.6054
Round 449 | selected=[86, 78, 90, 22, 24, 39, 5, 77, 4, 71]
Round 449 | train_loss=0.7982 train_acc=0.7332 test_loss=0.9843 test_acc=0.6467
Round 450 | selected=[84, 1, 17, 43, 94, 12, 76, 46, 80, 66]
Round 450 | train_loss=0.8277 train_acc=0.7382 test_loss=1.0821 test_acc=0.6148
Round 451 | selected=[60, 69, 13, 97, 79, 39, 4, 19, 94, 46]
Round 451 | train_loss=0.8070 train_acc=0.7394 test_loss=1.0119 test_acc=0.6350
Round 452 | selected=[77, 45, 56, 97, 1, 59, 14, 89, 21, 85]
Round 452 | train_loss=0.7057 train_acc=0.7708 test_loss=1.0467 test_acc=0.6118
Round 453 | selected=[90, 48, 83, 53, 95, 14, 67, 60, 29, 69]
Round 453 | train_loss=0.8939 train_acc=0.6938 test_loss=1.2203 test_acc=0.5827
Round 454 | selected=[89, 93, 2, 74, 64, 62, 13, 15, 68, 1]
Round 454 | train_loss=0.9182 train_acc=0.7002 test_loss=1.1072 test_acc=0.6048
Round 455 | selected=[61, 85, 10, 66, 62, 43, 98, 37, 91, 30]
Round 455 | train_loss=0.7130 train_acc=0.7620 test_loss=1.0264 test_acc=0.6229
Round 456 | selected=[45, 87, 41, 25, 34, 18, 33, 11, 39, 83]
Round 456 | train_loss=0.7980 train_acc=0.7304 test_loss=1.0664 test_acc=0.6139
Round 457 | selected=[86, 23, 31, 68, 55, 17, 15, 97, 43, 4]
Round 457 | train_loss=0.8162 train_acc=0.7196 test_loss=0.9330 test_acc=0.6572
Round 458 | selected=[67, 90, 85, 55, 16, 37, 75, 66, 92, 53]
Round 458 | train_loss=0.6647 train_acc=0.7778 test_loss=1.0215 test_acc=0.6335
Round 459 | selected=[49, 26, 79, 37, 92, 63, 55, 90, 99, 22]
Round 459 | train_loss=0.6485 train_acc=0.7844 test_loss=0.9661 test_acc=0.6522
Round 460 | selected=[70, 97, 61, 88, 4, 64, 86, 22, 31, 29]
Round 460 | train_loss=0.9135 train_acc=0.6912 test_loss=1.2798 test_acc=0.5372
Round 461 | selected=[70, 40, 21, 10, 3, 68, 37, 83, 1, 98]
Round 461 | train_loss=0.8340 train_acc=0.7152 test_loss=1.2488 test_acc=0.5362
Round 462 | selected=[15, 96, 85, 22, 99, 84, 51, 55, 1, 28]
Round 462 | train_loss=0.6486 train_acc=0.7962 test_loss=0.9539 test_acc=0.6604
Round 463 | selected=[53, 45, 91, 54, 6, 24, 7, 16, 67, 97]
Round 463 | train_loss=0.8510 train_acc=0.7238 test_loss=1.0347 test_acc=0.6199
Round 464 | selected=[35, 71, 4, 89, 80, 52, 44, 36, 42, 11]
Round 464 | train_loss=0.7548 train_acc=0.7430 test_loss=1.0213 test_acc=0.6382
Round 465 | selected=[86, 1, 57, 68, 31, 74, 88, 20, 21, 91]
Round 465 | train_loss=0.7698 train_acc=0.7474 test_loss=0.9703 test_acc=0.6587
Round 466 | selected=[76, 52, 42, 1, 80, 10, 88, 58, 95, 8]
Round 466 | train_loss=0.7318 train_acc=0.7582 test_loss=0.9851 test_acc=0.6410
Round 467 | selected=[17, 25, 53, 69, 83, 98, 3, 7, 21, 87]
Round 467 | train_loss=0.8293 train_acc=0.7124 test_loss=1.1129 test_acc=0.5931
Round 468 | selected=[30, 99, 10, 33, 74, 59, 14, 25, 32, 86]
Round 468 | train_loss=0.7914 train_acc=0.7374 test_loss=1.0971 test_acc=0.6153
Round 469 | selected=[70, 75, 76, 19, 21, 90, 66, 14, 82, 33]
Round 469 | train_loss=0.7671 train_acc=0.7432 test_loss=1.0826 test_acc=0.6298
Round 470 | selected=[78, 83, 38, 49, 53, 81, 37, 76, 31, 4]
Round 470 | train_loss=0.7590 train_acc=0.7486 test_loss=0.9817 test_acc=0.6397
Round 471 | selected=[26, 61, 25, 15, 39, 66, 71, 72, 1, 40]
Round 471 | train_loss=0.7317 train_acc=0.7636 test_loss=0.9666 test_acc=0.6506
Round 472 | selected=[29, 8, 95, 0, 51, 62, 73, 68, 61, 24]
Round 472 | train_loss=0.7999 train_acc=0.7276 test_loss=1.1823 test_acc=0.5605
Round 473 | selected=[95, 28, 49, 83, 11, 31, 1, 65, 63, 74]
Round 473 | train_loss=0.8101 train_acc=0.7234 test_loss=0.9965 test_acc=0.6365
Round 474 | selected=[48, 42, 71, 63, 36, 57, 13, 35, 92, 60]
Round 474 | train_loss=0.7487 train_acc=0.7516 test_loss=0.9594 test_acc=0.6637
Round 475 | selected=[56, 25, 10, 83, 37, 92, 66, 33, 81, 73]
Round 475 | train_loss=0.7049 train_acc=0.7612 test_loss=1.0980 test_acc=0.6070
Round 476 | selected=[1, 30, 64, 48, 82, 69, 60, 3, 78, 73]
Round 476 | train_loss=0.8021 train_acc=0.7314 test_loss=1.0577 test_acc=0.6015
Round 477 | selected=[91, 93, 20, 17, 87, 23, 0, 3, 53, 67]
Round 477 | train_loss=0.8777 train_acc=0.7020 test_loss=1.0801 test_acc=0.6140
Round 478 | selected=[31, 74, 30, 23, 58, 78, 20, 5, 56, 6]
Round 478 | train_loss=0.8333 train_acc=0.7220 test_loss=1.3149 test_acc=0.5277
Round 479 | selected=[99, 21, 45, 30, 93, 85, 58, 97, 56, 13]
Round 479 | train_loss=0.6914 train_acc=0.7656 test_loss=1.1082 test_acc=0.6152
Round 480 | selected=[62, 29, 37, 54, 51, 93, 33, 59, 4, 16]
Round 480 | train_loss=0.7691 train_acc=0.7384 test_loss=1.2652 test_acc=0.5556
Round 481 | selected=[63, 58, 57, 77, 98, 21, 18, 1, 24, 5]
Round 481 | train_loss=0.7140 train_acc=0.7580 test_loss=1.0251 test_acc=0.6137
Round 482 | selected=[51, 31, 14, 17, 13, 45, 70, 89, 63, 48]
Round 482 | train_loss=0.7579 train_acc=0.7362 test_loss=1.1420 test_acc=0.5976
Round 483 | selected=[73, 39, 8, 94, 58, 98, 10, 29, 31, 95]
Round 483 | train_loss=0.7393 train_acc=0.7512 test_loss=1.0977 test_acc=0.5920
Round 484 | selected=[96, 98, 50, 32, 25, 12, 59, 69, 87, 15]
Round 484 | train_loss=0.7761 train_acc=0.7446 test_loss=1.0995 test_acc=0.6124
Round 485 | selected=[56, 25, 32, 19, 10, 77, 80, 88, 94, 2]
Round 485 | train_loss=0.6890 train_acc=0.7780 test_loss=1.0046 test_acc=0.6505
Round 486 | selected=[65, 46, 32, 58, 95, 92, 23, 52, 18, 75]
Round 486 | train_loss=0.7942 train_acc=0.7410 test_loss=1.0152 test_acc=0.6299
Round 487 | selected=[45, 85, 58, 0, 93, 42, 8, 13, 52, 88]
Round 487 | train_loss=0.7562 train_acc=0.7388 test_loss=1.1139 test_acc=0.6008
Round 488 | selected=[19, 7, 9, 50, 56, 93, 53, 31, 22, 8]
Round 488 | train_loss=0.7394 train_acc=0.7610 test_loss=1.0521 test_acc=0.6295
Round 489 | selected=[95, 10, 58, 52, 94, 88, 68, 87, 50, 59]
Round 489 | train_loss=0.7175 train_acc=0.7566 test_loss=1.1085 test_acc=0.5906
Round 490 | selected=[1, 53, 82, 11, 36, 5, 95, 24, 42, 56]
Round 490 | train_loss=0.8182 train_acc=0.7252 test_loss=1.2720 test_acc=0.5449
Round 491 | selected=[91, 41, 85, 48, 45, 46, 6, 99, 1, 92]
Round 491 | train_loss=0.7510 train_acc=0.7470 test_loss=1.1392 test_acc=0.5969
Round 492 | selected=[88, 56, 24, 98, 58, 26, 70, 13, 9, 99]
Round 492 | train_loss=0.7977 train_acc=0.7212 test_loss=0.9698 test_acc=0.6423
Round 493 | selected=[39, 62, 79, 46, 91, 78, 7, 19, 51, 18]
Round 493 | train_loss=0.7456 train_acc=0.7590 test_loss=1.1351 test_acc=0.5952
Round 494 | selected=[12, 31, 21, 40, 68, 17, 97, 50, 26, 80]
Round 494 | train_loss=0.7234 train_acc=0.7580 test_loss=1.0031 test_acc=0.6286
Round 495 | selected=[14, 84, 21, 22, 19, 43, 54, 29, 59, 94]
Round 495 | train_loss=0.8191 train_acc=0.7350 test_loss=0.9444 test_acc=0.6604
Round 496 | selected=[10, 42, 74, 1, 3, 80, 13, 61, 77, 16]
Round 496 | train_loss=0.7860 train_acc=0.7332 test_loss=0.9485 test_acc=0.6527
Round 497 | selected=[31, 17, 59, 7, 29, 85, 37, 87, 22, 64]
Round 497 | train_loss=0.7644 train_acc=0.7480 test_loss=0.9533 test_acc=0.6626
Round 498 | selected=[70, 87, 92, 69, 10, 34, 7, 68, 6, 67]
Round 498 | train_loss=0.7337 train_acc=0.7586 test_loss=0.9785 test_acc=0.6332
Round 499 | selected=[73, 71, 28, 27, 36, 64, 24, 55, 86, 7]
Round 499 | train_loss=0.7718 train_acc=0.7372 test_loss=0.9996 test_acc=0.6438
Round 500 | selected=[52, 95, 60, 97, 91, 69, 44, 93, 76, 3]
Round 500 | train_loss=0.7936 train_acc=0.7414 test_loss=1.3465 test_acc=0.5371
Saved: track1/results/cifar10/final_seed43/fedavg_alpha03_seed43.csv
COMPLETED: fedavg alpha03 seed=43
