========================================
JOB:       12004010
TASK:      10
ALGORITHM: fedavgm
PARTITION: alpha03
SEED:      43
GPU:       0
========================================
Device: cuda
GPU: Tesla V100-PCIE-32GB
Round 0 | test_loss=2.8590 test_acc=0.1084
Round 1 | selected=[45, 82, 4, 54, 60, 98, 1, 26, 37, 58]
Round 1 | train_loss=1.7237 train_acc=0.4162 test_loss=2.3207 test_acc=0.1381
Round 2 | selected=[98, 18, 76, 36, 27, 13, 88, 41, 89, 84]
Round 2 | train_loss=1.6858 train_acc=0.4572 test_loss=2.3066 test_acc=0.1867
Round 3 | selected=[49, 78, 43, 90, 96, 45, 58, 36, 69, 94]
Round 3 | train_loss=1.4953 train_acc=0.5522 test_loss=2.7616 test_acc=0.1491
Round 4 | selected=[67, 79, 53, 5, 31, 11, 59, 99, 9, 28]
Round 4 | train_loss=1.9392 train_acc=0.4436 test_loss=2.8232 test_acc=0.1884
Round 5 | selected=[52, 9, 39, 27, 68, 31, 25, 58, 3, 95]
Round 5 | train_loss=1.9049 train_acc=0.4318 test_loss=2.5244 test_acc=0.2277
Round 6 | selected=[26, 64, 42, 36, 16, 77, 7, 22, 20, 31]
Round 6 | train_loss=1.9617 train_acc=0.4422 test_loss=3.3643 test_acc=0.1767
Round 7 | selected=[12, 64, 62, 75, 73, 84, 79, 40, 32, 52]
Round 7 | train_loss=1.7615 train_acc=0.4828 test_loss=4.8996 test_acc=0.1717
Round 8 | selected=[48, 84, 78, 81, 73, 93, 51, 12, 16, 66]
Round 8 | train_loss=2.0114 train_acc=0.4274 test_loss=4.5026 test_acc=0.1845
Round 9 | selected=[59, 44, 87, 73, 64, 76, 16, 97, 39, 99]
Round 9 | train_loss=2.0506 train_acc=0.4370 test_loss=4.7602 test_acc=0.1644
Round 10 | selected=[66, 45, 67, 21, 94, 50, 49, 73, 97, 28]
Round 10 | train_loss=1.6688 train_acc=0.4838 test_loss=5.7687 test_acc=0.2129
Round 11 | selected=[71, 91, 81, 50, 27, 52, 61, 25, 63, 75]
Round 11 | train_loss=1.7115 train_acc=0.5028 test_loss=5.2767 test_acc=0.2118
Round 12 | selected=[78, 91, 66, 74, 93, 33, 92, 18, 68, 20]
Round 12 | train_loss=1.8652 train_acc=0.4304 test_loss=4.7283 test_acc=0.1875
Round 13 | selected=[84, 70, 72, 43, 26, 95, 74, 53, 98, 13]
Round 13 | train_loss=1.7452 train_acc=0.4330 test_loss=4.0449 test_acc=0.2026
Round 14 | selected=[62, 88, 39, 53, 68, 8, 45, 26, 50, 17]
Round 14 | train_loss=1.8121 train_acc=0.3748 test_loss=3.0110 test_acc=0.2428
Round 15 | selected=[81, 84, 25, 29, 3, 45, 13, 0, 44, 9]
Round 15 | train_loss=1.6670 train_acc=0.4402 test_loss=3.6588 test_acc=0.2022
Round 16 | selected=[45, 82, 93, 92, 91, 3, 83, 59, 66, 11]
Round 16 | train_loss=1.7048 train_acc=0.4270 test_loss=2.7382 test_acc=0.2181
Round 17 | selected=[15, 4, 66, 46, 8, 75, 62, 35, 57, 53]
Round 17 | train_loss=1.6826 train_acc=0.4376 test_loss=2.5460 test_acc=0.2444
Round 18 | selected=[70, 85, 99, 21, 88, 16, 37, 23, 91, 0]
Round 18 | train_loss=1.7007 train_acc=0.4118 test_loss=2.1647 test_acc=0.1988
Round 19 | selected=[36, 15, 31, 92, 98, 73, 83, 7, 11, 20]
Round 19 | train_loss=1.7176 train_acc=0.4132 test_loss=2.0413 test_acc=0.2363
Round 20 | selected=[39, 89, 40, 95, 37, 0, 15, 60, 59, 74]
Round 20 | train_loss=1.6231 train_acc=0.4220 test_loss=2.2644 test_acc=0.2178
Round 21 | selected=[35, 57, 89, 86, 46, 36, 54, 30, 84, 77]
Round 21 | train_loss=1.7756 train_acc=0.4222 test_loss=2.1069 test_acc=0.2610
Round 22 | selected=[76, 10, 70, 46, 58, 89, 67, 66, 32, 0]
Round 22 | train_loss=1.7862 train_acc=0.4294 test_loss=2.0602 test_acc=0.2908
Round 23 | selected=[14, 0, 41, 64, 71, 15, 68, 98, 46, 6]
Round 23 | train_loss=1.7187 train_acc=0.4174 test_loss=1.9974 test_acc=0.2514
Round 24 | selected=[43, 83, 13, 65, 78, 79, 35, 15, 47, 3]
Round 24 | train_loss=1.7523 train_acc=0.3980 test_loss=1.9728 test_acc=0.2430
Round 25 | selected=[22, 9, 27, 36, 31, 89, 71, 86, 11, 29]
Round 25 | train_loss=1.6792 train_acc=0.4216 test_loss=1.9555 test_acc=0.2774
Round 26 | selected=[55, 61, 4, 90, 51, 94, 45, 0, 31, 96]
Round 26 | train_loss=1.5872 train_acc=0.4750 test_loss=2.0412 test_acc=0.2731
Round 27 | selected=[60, 6, 30, 69, 19, 1, 52, 34, 7, 5]
Round 27 | train_loss=1.6924 train_acc=0.4508 test_loss=2.2478 test_acc=0.2159
Round 28 | selected=[37, 27, 52, 59, 18, 21, 57, 61, 99, 41]
Round 28 | train_loss=1.6717 train_acc=0.4514 test_loss=2.0242 test_acc=0.2829
Round 29 | selected=[29, 67, 19, 12, 59, 89, 94, 39, 76, 98]
Round 29 | train_loss=1.6394 train_acc=0.4648 test_loss=2.0933 test_acc=0.2775
Round 30 | selected=[61, 99, 64, 39, 12, 29, 85, 37, 28, 14]
Round 30 | train_loss=1.6771 train_acc=0.4524 test_loss=2.1102 test_acc=0.2859
Round 31 | selected=[59, 92, 69, 23, 11, 93, 88, 57, 30, 8]
Round 31 | train_loss=1.8071 train_acc=0.3886 test_loss=2.0249 test_acc=0.3071
Round 32 | selected=[27, 33, 32, 41, 88, 49, 39, 44, 71, 67]
Round 32 | train_loss=1.6859 train_acc=0.4472 test_loss=2.0611 test_acc=0.3167
Round 33 | selected=[83, 58, 19, 10, 51, 40, 75, 59, 70, 17]
Round 33 | train_loss=1.9316 train_acc=0.3872 test_loss=2.0834 test_acc=0.3105
Round 34 | selected=[53, 62, 57, 4, 60, 76, 98, 31, 90, 23]
Round 34 | train_loss=2.0756 train_acc=0.3312 test_loss=1.9345 test_acc=0.2914
Round 35 | selected=[40, 41, 53, 13, 35, 90, 85, 73, 68, 15]
Round 35 | train_loss=1.7001 train_acc=0.4098 test_loss=1.9470 test_acc=0.2605
Round 36 | selected=[18, 9, 0, 24, 23, 20, 39, 94, 29, 41]
Round 36 | train_loss=1.7261 train_acc=0.4248 test_loss=2.1365 test_acc=0.2459
Round 37 | selected=[0, 56, 76, 25, 77, 24, 43, 8, 35, 78]
Round 37 | train_loss=1.8680 train_acc=0.3802 test_loss=2.1103 test_acc=0.2282
Round 38 | selected=[53, 77, 74, 63, 22, 80, 28, 67, 24, 41]
Round 38 | train_loss=1.7747 train_acc=0.3708 test_loss=2.0251 test_acc=0.2508
Round 39 | selected=[18, 83, 80, 4, 69, 89, 92, 61, 21, 73]
Round 39 | train_loss=1.7099 train_acc=0.4124 test_loss=1.9273 test_acc=0.3228
Round 40 | selected=[60, 71, 66, 28, 27, 54, 99, 6, 55, 74]
Round 40 | train_loss=1.7742 train_acc=0.4110 test_loss=1.7132 test_acc=0.3565
Round 41 | selected=[75, 13, 68, 32, 20, 2, 10, 79, 41, 89]
Round 41 | train_loss=1.7078 train_acc=0.4182 test_loss=1.8093 test_acc=0.3224
Round 42 | selected=[21, 6, 71, 85, 94, 56, 29, 95, 27, 87]
Round 42 | train_loss=1.6529 train_acc=0.4476 test_loss=1.8334 test_acc=0.3057
Round 43 | selected=[71, 34, 79, 90, 87, 39, 89, 18, 81, 96]
Round 43 | train_loss=1.6871 train_acc=0.4286 test_loss=1.9414 test_acc=0.2868
Round 44 | selected=[39, 94, 2, 85, 60, 12, 89, 36, 44, 98]
Round 44 | train_loss=1.6601 train_acc=0.3718 test_loss=1.9505 test_acc=0.2673
Round 45 | selected=[11, 68, 5, 85, 51, 12, 83, 32, 73, 29]
Round 45 | train_loss=1.7901 train_acc=0.3398 test_loss=1.9126 test_acc=0.3062
Round 46 | selected=[63, 47, 4, 13, 49, 41, 19, 99, 91, 79]
Round 46 | train_loss=1.6767 train_acc=0.4318 test_loss=1.8976 test_acc=0.2991
Round 47 | selected=[30, 90, 52, 15, 32, 41, 66, 49, 64, 25]
Round 47 | train_loss=1.7524 train_acc=0.3936 test_loss=1.8780 test_acc=0.2846
Round 48 | selected=[24, 88, 14, 52, 68, 8, 46, 9, 10, 6]
Round 48 | train_loss=1.7582 train_acc=0.4008 test_loss=1.8615 test_acc=0.2824
Round 49 | selected=[66, 60, 59, 76, 0, 92, 43, 42, 30, 29]
Round 49 | train_loss=1.8523 train_acc=0.3240 test_loss=1.8568 test_acc=0.3161
Round 50 | selected=[91, 16, 57, 32, 42, 70, 5, 80, 29, 68]
Round 50 | train_loss=1.7069 train_acc=0.4218 test_loss=1.8686 test_acc=0.3098
Round 51 | selected=[30, 25, 6, 51, 79, 11, 40, 2, 85, 31]
Round 51 | train_loss=1.6045 train_acc=0.4518 test_loss=1.8246 test_acc=0.3240
Round 52 | selected=[44, 49, 52, 17, 63, 20, 28, 16, 78, 30]
Round 52 | train_loss=1.6693 train_acc=0.4548 test_loss=1.9437 test_acc=0.3114
Round 53 | selected=[55, 76, 18, 47, 52, 43, 77, 61, 83, 10]
Round 53 | train_loss=1.6625 train_acc=0.4752 test_loss=1.9717 test_acc=0.3040
Round 54 | selected=[52, 43, 62, 20, 53, 14, 66, 40, 81, 79]
Round 54 | train_loss=1.6005 train_acc=0.4456 test_loss=2.2371 test_acc=0.2493
Round 55 | selected=[88, 63, 61, 33, 34, 76, 99, 66, 30, 23]
Round 55 | train_loss=1.7729 train_acc=0.3684 test_loss=1.9122 test_acc=0.2886
Round 56 | selected=[39, 29, 26, 67, 71, 17, 66, 96, 55, 94]
Round 56 | train_loss=1.6176 train_acc=0.4518 test_loss=1.9289 test_acc=0.3054
Round 57 | selected=[32, 97, 12, 98, 18, 24, 26, 83, 16, 48]
Round 57 | train_loss=1.6873 train_acc=0.4242 test_loss=1.8211 test_acc=0.3285
Round 58 | selected=[50, 22, 98, 81, 8, 75, 70, 74, 93, 25]
Round 58 | train_loss=1.6902 train_acc=0.4270 test_loss=1.8314 test_acc=0.3406
Round 59 | selected=[61, 29, 66, 92, 80, 90, 18, 28, 54, 98]
Round 59 | train_loss=1.5637 train_acc=0.5024 test_loss=1.7715 test_acc=0.3449
Round 60 | selected=[51, 27, 15, 76, 94, 43, 29, 49, 61, 65]
Round 60 | train_loss=1.7009 train_acc=0.4352 test_loss=1.7514 test_acc=0.3605
Round 61 | selected=[58, 89, 25, 93, 86, 77, 27, 22, 62, 11]
Round 61 | train_loss=1.6094 train_acc=0.4572 test_loss=1.7602 test_acc=0.3464
Round 62 | selected=[81, 66, 51, 45, 40, 13, 53, 44, 27, 73]
Round 62 | train_loss=1.6217 train_acc=0.4450 test_loss=1.7724 test_acc=0.3404
Round 63 | selected=[8, 31, 92, 57, 35, 66, 58, 14, 48, 55]
Round 63 | train_loss=1.5188 train_acc=0.4702 test_loss=1.7434 test_acc=0.3527
Round 64 | selected=[63, 15, 61, 92, 37, 72, 20, 95, 47, 58]
Round 64 | train_loss=1.4332 train_acc=0.5226 test_loss=1.7676 test_acc=0.3422
Round 65 | selected=[72, 39, 84, 35, 46, 12, 75, 30, 41, 23]
Round 65 | train_loss=1.5804 train_acc=0.4816 test_loss=1.7064 test_acc=0.3439
Round 66 | selected=[68, 80, 29, 76, 69, 92, 31, 26, 77, 96]
Round 66 | train_loss=1.4503 train_acc=0.5084 test_loss=1.8024 test_acc=0.3616
Round 67 | selected=[56, 15, 69, 64, 47, 88, 13, 81, 65, 98]
Round 67 | train_loss=1.7113 train_acc=0.3954 test_loss=1.9374 test_acc=0.3093
Round 68 | selected=[95, 72, 30, 88, 79, 85, 73, 39, 28, 38]
Round 68 | train_loss=1.5872 train_acc=0.4498 test_loss=1.8832 test_acc=0.2850
Round 69 | selected=[46, 50, 61, 41, 37, 75, 30, 18, 4, 33]
Round 69 | train_loss=1.6128 train_acc=0.4280 test_loss=1.8948 test_acc=0.2796
Round 70 | selected=[69, 23, 60, 48, 39, 30, 87, 92, 24, 5]
Round 70 | train_loss=1.6224 train_acc=0.4318 test_loss=1.9959 test_acc=0.3050
Round 71 | selected=[15, 69, 52, 5, 83, 29, 1, 37, 57, 9]
Round 71 | train_loss=1.6503 train_acc=0.4484 test_loss=2.0670 test_acc=0.3196
Round 72 | selected=[81, 66, 40, 61, 67, 57, 41, 25, 99, 80]
Round 72 | train_loss=1.4639 train_acc=0.5382 test_loss=1.9579 test_acc=0.3252
Round 73 | selected=[12, 49, 64, 56, 70, 98, 71, 22, 36, 89]
Round 73 | train_loss=1.6971 train_acc=0.4110 test_loss=1.8522 test_acc=0.3269
Round 74 | selected=[12, 63, 31, 60, 98, 15, 59, 62, 61, 76]
Round 74 | train_loss=1.6029 train_acc=0.4426 test_loss=1.7073 test_acc=0.3403
Round 75 | selected=[93, 96, 84, 47, 59, 25, 24, 6, 29, 64]
Round 75 | train_loss=1.6611 train_acc=0.4232 test_loss=1.7395 test_acc=0.3264
Round 76 | selected=[0, 34, 54, 30, 51, 91, 88, 3, 94, 41]
Round 76 | train_loss=1.5918 train_acc=0.4226 test_loss=1.8744 test_acc=0.2870
Round 77 | selected=[29, 25, 97, 34, 83, 3, 47, 11, 2, 80]
Round 77 | train_loss=1.6159 train_acc=0.4360 test_loss=2.1060 test_acc=0.2433
Round 78 | selected=[78, 89, 75, 5, 81, 59, 97, 93, 85, 62]
Round 78 | train_loss=1.7445 train_acc=0.3864 test_loss=2.0154 test_acc=0.2622
Round 79 | selected=[45, 32, 35, 26, 46, 64, 96, 6, 30, 69]
Round 79 | train_loss=1.7274 train_acc=0.4004 test_loss=1.8136 test_acc=0.3049
Round 80 | selected=[56, 36, 21, 47, 41, 59, 81, 33, 91, 27]
Round 80 | train_loss=1.4499 train_acc=0.4736 test_loss=1.6977 test_acc=0.3713
Round 81 | selected=[53, 76, 15, 34, 78, 63, 89, 41, 37, 80]
Round 81 | train_loss=1.4265 train_acc=0.5346 test_loss=1.6640 test_acc=0.3938
Round 82 | selected=[5, 97, 18, 48, 24, 73, 69, 68, 33, 28]
Round 82 | train_loss=1.6950 train_acc=0.4210 test_loss=1.7091 test_acc=0.3775
Round 83 | selected=[22, 21, 32, 26, 64, 46, 76, 85, 33, 91]
Round 83 | train_loss=1.4914 train_acc=0.5244 test_loss=1.8024 test_acc=0.3322
Round 84 | selected=[35, 45, 84, 49, 93, 11, 20, 97, 87, 86]
Round 84 | train_loss=1.8309 train_acc=0.3556 test_loss=1.7953 test_acc=0.3102
Round 85 | selected=[60, 30, 22, 29, 73, 13, 34, 41, 8, 71]
Round 85 | train_loss=1.5244 train_acc=0.4584 test_loss=1.7679 test_acc=0.3163
Round 86 | selected=[56, 58, 86, 79, 49, 52, 51, 40, 87, 72]
Round 86 | train_loss=1.5541 train_acc=0.4532 test_loss=1.8026 test_acc=0.3304
Round 87 | selected=[62, 28, 18, 72, 43, 2, 46, 97, 90, 63]
Round 87 | train_loss=1.6473 train_acc=0.4534 test_loss=1.6945 test_acc=0.3818
Round 88 | selected=[89, 84, 71, 66, 22, 45, 51, 79, 18, 92]
Round 88 | train_loss=1.4885 train_acc=0.4914 test_loss=2.0311 test_acc=0.3713
Round 89 | selected=[97, 84, 67, 2, 12, 14, 93, 96, 38, 4]
Round 89 | train_loss=1.6390 train_acc=0.4376 test_loss=2.0325 test_acc=0.3808
Round 90 | selected=[25, 71, 59, 98, 65, 48, 13, 82, 68, 12]
Round 90 | train_loss=1.6600 train_acc=0.4258 test_loss=1.9331 test_acc=0.3868
Round 91 | selected=[15, 67, 29, 79, 0, 10, 21, 55, 24, 76]
Round 91 | train_loss=1.5889 train_acc=0.4680 test_loss=1.8340 test_acc=0.3692
Round 92 | selected=[2, 28, 29, 86, 73, 43, 88, 92, 56, 18]
Round 92 | train_loss=1.5643 train_acc=0.4552 test_loss=1.7477 test_acc=0.3680
Round 93 | selected=[78, 21, 62, 45, 39, 84, 89, 94, 81, 30]
Round 93 | train_loss=1.4199 train_acc=0.5164 test_loss=1.6535 test_acc=0.4032
Round 94 | selected=[95, 55, 71, 77, 59, 73, 22, 4, 75, 38]
Round 94 | train_loss=1.5160 train_acc=0.4792 test_loss=1.6563 test_acc=0.4102
Round 95 | selected=[87, 12, 2, 22, 27, 15, 80, 3, 84, 99]
Round 95 | train_loss=1.4564 train_acc=0.5066 test_loss=1.6261 test_acc=0.4228
Round 96 | selected=[90, 97, 67, 86, 56, 18, 55, 57, 82, 2]
Round 96 | train_loss=1.5251 train_acc=0.4946 test_loss=1.7096 test_acc=0.4125
Round 97 | selected=[0, 71, 1, 8, 24, 10, 50, 47, 3, 60]
Round 97 | train_loss=1.5471 train_acc=0.4598 test_loss=1.7057 test_acc=0.3979
Round 98 | selected=[34, 98, 39, 11, 43, 62, 81, 49, 13, 1]
Round 98 | train_loss=1.6338 train_acc=0.4246 test_loss=1.5726 test_acc=0.4258
Round 99 | selected=[51, 37, 48, 55, 70, 81, 67, 29, 9, 52]
Round 99 | train_loss=1.4911 train_acc=0.4918 test_loss=1.6095 test_acc=0.3754
Round 100 | selected=[77, 49, 65, 39, 10, 31, 73, 52, 34, 71]
Round 100 | train_loss=1.4398 train_acc=0.4580 test_loss=1.6689 test_acc=0.3525
Round 101 | selected=[40, 37, 72, 92, 67, 33, 46, 60, 74, 85]
Round 101 | train_loss=1.3877 train_acc=0.5304 test_loss=1.6900 test_acc=0.3491
Round 102 | selected=[57, 1, 99, 3, 61, 85, 5, 91, 37, 38]
Round 102 | train_loss=1.4187 train_acc=0.4780 test_loss=1.5977 test_acc=0.3788
Round 103 | selected=[28, 79, 4, 10, 63, 62, 86, 13, 67, 61]
Round 103 | train_loss=1.4357 train_acc=0.5018 test_loss=1.5469 test_acc=0.4260
Round 104 | selected=[59, 56, 26, 33, 9, 41, 86, 76, 67, 45]
Round 104 | train_loss=1.2900 train_acc=0.5792 test_loss=1.5698 test_acc=0.4229
Round 105 | selected=[52, 63, 32, 41, 16, 5, 20, 23, 97, 72]
Round 105 | train_loss=1.4104 train_acc=0.4950 test_loss=1.5973 test_acc=0.4280
Round 106 | selected=[49, 10, 37, 20, 12, 81, 41, 47, 72, 16]
Round 106 | train_loss=1.2652 train_acc=0.5638 test_loss=1.6385 test_acc=0.4079
Round 107 | selected=[16, 71, 17, 25, 32, 98, 14, 85, 47, 41]
Round 107 | train_loss=1.2534 train_acc=0.5634 test_loss=1.5880 test_acc=0.4500
Round 108 | selected=[87, 4, 41, 79, 63, 76, 52, 20, 80, 59]
Round 108 | train_loss=1.3159 train_acc=0.5590 test_loss=1.7437 test_acc=0.3726
Round 109 | selected=[49, 83, 22, 58, 84, 28, 53, 81, 99, 35]
Round 109 | train_loss=1.4225 train_acc=0.4706 test_loss=1.6620 test_acc=0.3981
Round 110 | selected=[60, 90, 88, 43, 73, 50, 57, 53, 24, 66]
Round 110 | train_loss=1.5206 train_acc=0.4486 test_loss=1.7604 test_acc=0.3443
Round 111 | selected=[32, 36, 78, 37, 3, 15, 16, 48, 79, 27]
Round 111 | train_loss=1.5052 train_acc=0.4540 test_loss=1.5690 test_acc=0.3959
Round 112 | selected=[56, 59, 63, 86, 68, 58, 54, 93, 43, 3]
Round 112 | train_loss=1.4382 train_acc=0.5186 test_loss=1.7275 test_acc=0.3325
Round 113 | selected=[29, 33, 24, 13, 26, 44, 56, 37, 11, 15]
Round 113 | train_loss=1.3429 train_acc=0.5312 test_loss=1.9083 test_acc=0.3120
Round 114 | selected=[42, 21, 43, 7, 2, 74, 83, 24, 54, 99]
Round 114 | train_loss=1.6846 train_acc=0.4070 test_loss=1.8803 test_acc=0.3233
Round 115 | selected=[24, 3, 25, 57, 68, 66, 39, 86, 65, 53]
Round 115 | train_loss=1.6292 train_acc=0.3876 test_loss=1.6792 test_acc=0.3964
Round 116 | selected=[3, 68, 2, 73, 98, 38, 76, 67, 85, 28]
Round 116 | train_loss=1.4646 train_acc=0.4696 test_loss=1.6827 test_acc=0.3945
Round 117 | selected=[23, 74, 78, 98, 27, 31, 33, 36, 91, 10]
Round 117 | train_loss=1.3393 train_acc=0.5252 test_loss=1.7164 test_acc=0.3670
Round 118 | selected=[56, 20, 79, 5, 84, 59, 39, 83, 31, 97]
Round 118 | train_loss=1.5888 train_acc=0.4230 test_loss=1.6343 test_acc=0.3962
Round 119 | selected=[87, 66, 96, 44, 3, 90, 13, 45, 4, 21]
Round 119 | train_loss=1.5214 train_acc=0.4076 test_loss=1.7069 test_acc=0.3977
Round 120 | selected=[3, 12, 73, 70, 41, 63, 51, 65, 75, 15]
Round 120 | train_loss=1.4876 train_acc=0.4594 test_loss=1.6246 test_acc=0.3997
Round 121 | selected=[82, 3, 53, 5, 95, 94, 49, 92, 1, 64]
Round 121 | train_loss=1.5376 train_acc=0.4404 test_loss=1.5817 test_acc=0.3952
Round 122 | selected=[57, 13, 89, 4, 28, 56, 72, 21, 86, 43]
Round 122 | train_loss=1.4773 train_acc=0.4672 test_loss=1.5372 test_acc=0.4205
Round 123 | selected=[55, 7, 62, 67, 65, 6, 38, 96, 84, 73]
Round 123 | train_loss=1.3374 train_acc=0.5366 test_loss=1.5919 test_acc=0.4109
Round 124 | selected=[52, 75, 68, 13, 61, 86, 9, 67, 22, 3]
Round 124 | train_loss=1.5865 train_acc=0.4526 test_loss=1.7401 test_acc=0.3622
Round 125 | selected=[40, 15, 99, 37, 73, 90, 60, 58, 35, 79]
Round 125 | train_loss=1.2934 train_acc=0.5726 test_loss=1.6712 test_acc=0.3799
Round 126 | selected=[74, 3, 0, 32, 77, 96, 5, 7, 71, 39]
Round 126 | train_loss=1.4636 train_acc=0.4548 test_loss=1.5969 test_acc=0.4036
Round 127 | selected=[29, 12, 93, 45, 91, 13, 74, 34, 58, 83]
Round 127 | train_loss=1.5524 train_acc=0.4358 test_loss=1.4900 test_acc=0.4432
Round 128 | selected=[48, 99, 82, 39, 85, 84, 93, 97, 69, 70]
Round 128 | train_loss=1.3532 train_acc=0.5084 test_loss=1.4968 test_acc=0.4275
Round 129 | selected=[35, 5, 16, 38, 77, 23, 20, 44, 88, 78]
Round 129 | train_loss=1.4494 train_acc=0.4848 test_loss=1.6006 test_acc=0.3893
Round 130 | selected=[79, 52, 24, 30, 72, 14, 62, 6, 94, 48]
Round 130 | train_loss=1.3397 train_acc=0.5100 test_loss=1.6635 test_acc=0.3860
Round 131 | selected=[36, 75, 59, 9, 32, 16, 86, 21, 2, 52]
Round 131 | train_loss=1.5009 train_acc=0.4530 test_loss=1.6703 test_acc=0.3745
Round 132 | selected=[81, 18, 35, 13, 53, 89, 57, 39, 38, 96]
Round 132 | train_loss=1.4292 train_acc=0.4660 test_loss=1.5360 test_acc=0.4238
Round 133 | selected=[21, 30, 63, 56, 72, 12, 5, 16, 87, 64]
Round 133 | train_loss=1.3506 train_acc=0.5232 test_loss=1.4632 test_acc=0.4449
Round 134 | selected=[95, 57, 78, 62, 97, 40, 70, 1, 67, 17]
Round 134 | train_loss=1.4556 train_acc=0.4680 test_loss=1.4690 test_acc=0.4468
Round 135 | selected=[62, 79, 71, 60, 11, 65, 94, 28, 80, 97]
Round 135 | train_loss=1.3310 train_acc=0.5140 test_loss=1.5563 test_acc=0.4249
Round 136 | selected=[18, 95, 11, 39, 6, 97, 54, 42, 38, 89]
Round 136 | train_loss=1.3727 train_acc=0.4914 test_loss=1.5677 test_acc=0.4050
Round 137 | selected=[54, 32, 31, 65, 98, 61, 15, 8, 91, 2]
Round 137 | train_loss=1.4318 train_acc=0.4580 test_loss=1.5326 test_acc=0.4285
Round 138 | selected=[36, 47, 11, 79, 45, 35, 18, 2, 71, 22]
Round 138 | train_loss=1.4233 train_acc=0.4984 test_loss=1.5876 test_acc=0.4207
Round 139 | selected=[75, 0, 82, 87, 90, 5, 15, 54, 80, 65]
Round 139 | train_loss=1.2728 train_acc=0.5568 test_loss=1.6186 test_acc=0.4121
Round 140 | selected=[10, 47, 80, 78, 30, 24, 82, 54, 93, 32]
Round 140 | train_loss=1.1932 train_acc=0.5792 test_loss=1.5769 test_acc=0.4098
Round 141 | selected=[77, 42, 38, 49, 23, 30, 95, 1, 44, 90]
Round 141 | train_loss=1.4565 train_acc=0.4624 test_loss=1.5327 test_acc=0.4276
Round 142 | selected=[50, 26, 55, 10, 40, 49, 90, 6, 76, 23]
Round 142 | train_loss=1.2939 train_acc=0.5618 test_loss=1.6374 test_acc=0.4079
Round 143 | selected=[4, 70, 50, 56, 15, 20, 8, 62, 96, 51]
Round 143 | train_loss=1.3287 train_acc=0.5320 test_loss=1.4911 test_acc=0.4499
Round 144 | selected=[41, 45, 6, 25, 58, 99, 39, 54, 27, 95]
Round 144 | train_loss=1.3391 train_acc=0.5166 test_loss=1.5876 test_acc=0.4111
Round 145 | selected=[58, 59, 19, 81, 97, 84, 64, 74, 34, 1]
Round 145 | train_loss=1.4499 train_acc=0.4670 test_loss=1.5020 test_acc=0.4381
Round 146 | selected=[16, 4, 20, 18, 83, 50, 43, 14, 81, 13]
Round 146 | train_loss=1.4360 train_acc=0.4988 test_loss=1.4662 test_acc=0.4600
Round 147 | selected=[76, 78, 53, 64, 62, 41, 58, 15, 33, 83]
Round 147 | train_loss=1.2718 train_acc=0.5512 test_loss=1.4537 test_acc=0.4676
Round 148 | selected=[12, 44, 20, 75, 3, 62, 66, 24, 25, 22]
Round 148 | train_loss=1.3823 train_acc=0.5218 test_loss=1.4617 test_acc=0.4626
Round 149 | selected=[36, 32, 61, 86, 11, 99, 70, 30, 5, 76]
Round 149 | train_loss=1.2309 train_acc=0.5604 test_loss=1.5264 test_acc=0.4514
Round 150 | selected=[97, 75, 20, 67, 18, 9, 17, 74, 62, 78]
Round 150 | train_loss=1.4021 train_acc=0.5044 test_loss=1.5032 test_acc=0.4647
Round 151 | selected=[84, 21, 11, 3, 4, 65, 87, 91, 17, 86]
Round 151 | train_loss=1.3648 train_acc=0.4932 test_loss=1.4559 test_acc=0.4697
Round 152 | selected=[60, 47, 95, 35, 62, 82, 70, 42, 6, 16]
Round 152 | train_loss=1.2202 train_acc=0.5574 test_loss=1.4322 test_acc=0.4613
Round 153 | selected=[32, 81, 8, 58, 85, 47, 12, 18, 24, 3]
Round 153 | train_loss=1.0777 train_acc=0.6336 test_loss=1.3523 test_acc=0.5024
Round 154 | selected=[90, 37, 57, 3, 58, 39, 31, 15, 74, 78]
Round 154 | train_loss=1.1405 train_acc=0.6044 test_loss=1.4108 test_acc=0.4875
Round 155 | selected=[18, 36, 21, 38, 90, 86, 62, 3, 33, 49]
Round 155 | train_loss=1.2778 train_acc=0.5592 test_loss=1.3015 test_acc=0.5135
Round 156 | selected=[89, 24, 84, 44, 4, 99, 91, 20, 88, 40]
Round 156 | train_loss=1.3038 train_acc=0.5398 test_loss=1.3575 test_acc=0.4989
Round 157 | selected=[45, 4, 2, 96, 31, 97, 80, 56, 7, 79]
Round 157 | train_loss=1.1163 train_acc=0.6316 test_loss=1.5233 test_acc=0.4520
Round 158 | selected=[86, 7, 66, 54, 72, 78, 6, 99, 25, 55]
Round 158 | train_loss=1.1738 train_acc=0.6014 test_loss=1.4018 test_acc=0.4911
Round 159 | selected=[82, 38, 99, 92, 44, 79, 34, 98, 86, 6]
Round 159 | train_loss=1.0858 train_acc=0.6192 test_loss=1.4226 test_acc=0.4884
Round 160 | selected=[50, 47, 33, 32, 72, 13, 67, 68, 86, 15]
Round 160 | train_loss=1.0917 train_acc=0.6196 test_loss=1.4898 test_acc=0.4729
Round 161 | selected=[74, 44, 57, 10, 60, 12, 92, 29, 34, 27]
Round 161 | train_loss=1.3413 train_acc=0.5312 test_loss=1.4218 test_acc=0.4863
Round 162 | selected=[30, 41, 94, 21, 88, 43, 14, 73, 46, 67]
Round 162 | train_loss=1.2269 train_acc=0.5630 test_loss=1.3692 test_acc=0.4845
Round 163 | selected=[71, 10, 1, 55, 57, 22, 23, 6, 20, 59]
Round 163 | train_loss=1.2197 train_acc=0.5896 test_loss=1.4432 test_acc=0.4757
Round 164 | selected=[41, 38, 13, 94, 81, 46, 49, 32, 97, 11]
Round 164 | train_loss=1.2207 train_acc=0.5718 test_loss=1.5168 test_acc=0.4449
Round 165 | selected=[8, 26, 15, 18, 46, 13, 44, 56, 20, 33]
Round 165 | train_loss=1.2005 train_acc=0.5678 test_loss=1.4288 test_acc=0.4776
Round 166 | selected=[14, 36, 34, 16, 12, 28, 73, 30, 56, 31]
Round 166 | train_loss=1.2171 train_acc=0.5612 test_loss=1.3001 test_acc=0.5144
Round 167 | selected=[99, 4, 21, 1, 53, 94, 72, 84, 39, 26]
Round 167 | train_loss=1.0142 train_acc=0.6528 test_loss=1.3252 test_acc=0.4968
Round 168 | selected=[49, 80, 87, 71, 22, 69, 5, 95, 55, 99]
Round 168 | train_loss=1.1541 train_acc=0.5914 test_loss=1.2975 test_acc=0.5104
Round 169 | selected=[78, 63, 77, 93, 82, 56, 1, 66, 53, 39]
Round 169 | train_loss=1.0210 train_acc=0.6436 test_loss=1.3290 test_acc=0.5087
Round 170 | selected=[77, 94, 62, 14, 9, 27, 90, 26, 81, 69]
Round 170 | train_loss=1.1918 train_acc=0.5746 test_loss=1.3676 test_acc=0.4937
Round 171 | selected=[70, 73, 42, 31, 95, 63, 17, 94, 79, 9]
Round 171 | train_loss=1.1902 train_acc=0.5590 test_loss=1.2743 test_acc=0.5200
Round 172 | selected=[99, 94, 34, 92, 91, 32, 9, 74, 72, 96]
Round 172 | train_loss=1.0281 train_acc=0.6322 test_loss=1.2642 test_acc=0.5362
Round 173 | selected=[63, 12, 65, 22, 71, 70, 54, 55, 21, 66]
Round 173 | train_loss=1.1881 train_acc=0.5882 test_loss=1.2936 test_acc=0.5196
Round 174 | selected=[53, 34, 58, 6, 59, 78, 83, 7, 89, 96]
Round 174 | train_loss=1.0538 train_acc=0.6266 test_loss=1.3546 test_acc=0.4760
Round 175 | selected=[0, 17, 22, 23, 61, 54, 39, 99, 79, 26]
Round 175 | train_loss=1.1084 train_acc=0.6194 test_loss=1.3678 test_acc=0.4684
Round 176 | selected=[36, 91, 30, 51, 90, 66, 16, 76, 47, 44]
Round 176 | train_loss=1.1730 train_acc=0.5724 test_loss=1.2849 test_acc=0.5242
Round 177 | selected=[66, 68, 14, 83, 19, 1, 90, 16, 45, 27]
Round 177 | train_loss=1.0928 train_acc=0.6132 test_loss=1.2928 test_acc=0.5283
Round 178 | selected=[54, 59, 40, 48, 62, 88, 93, 91, 82, 99]
Round 178 | train_loss=1.0917 train_acc=0.6230 test_loss=1.2788 test_acc=0.5231
Round 179 | selected=[84, 71, 19, 16, 66, 94, 99, 62, 80, 47]
Round 179 | train_loss=0.9976 train_acc=0.6440 test_loss=1.2416 test_acc=0.5342
Round 180 | selected=[97, 62, 90, 7, 83, 57, 50, 72, 8, 28]
Round 180 | train_loss=1.0733 train_acc=0.6114 test_loss=1.2899 test_acc=0.5192
Round 181 | selected=[8, 19, 0, 73, 91, 30, 98, 26, 57, 58]
Round 181 | train_loss=1.0043 train_acc=0.6394 test_loss=1.3987 test_acc=0.4857
Round 182 | selected=[78, 74, 4, 60, 94, 92, 81, 54, 40, 33]
Round 182 | train_loss=1.1507 train_acc=0.5972 test_loss=1.4309 test_acc=0.4687
Round 183 | selected=[85, 79, 5, 33, 49, 47, 7, 57, 22, 26]
Round 183 | train_loss=1.0265 train_acc=0.6410 test_loss=1.2980 test_acc=0.5057
Round 184 | selected=[27, 82, 37, 32, 89, 59, 76, 56, 15, 77]
Round 184 | train_loss=0.9278 train_acc=0.6796 test_loss=1.3009 test_acc=0.4975
Round 185 | selected=[31, 56, 90, 23, 14, 64, 75, 35, 53, 42]
Round 185 | train_loss=1.0478 train_acc=0.6374 test_loss=1.4437 test_acc=0.4656
Round 186 | selected=[62, 40, 78, 77, 47, 96, 9, 60, 61, 39]
Round 186 | train_loss=1.1203 train_acc=0.5716 test_loss=1.3078 test_acc=0.5063
Round 187 | selected=[23, 11, 97, 57, 72, 1, 63, 35, 46, 7]
Round 187 | train_loss=1.0515 train_acc=0.6294 test_loss=1.2369 test_acc=0.5334
Round 188 | selected=[75, 10, 64, 52, 27, 91, 81, 21, 62, 20]
Round 188 | train_loss=1.0645 train_acc=0.6266 test_loss=1.2628 test_acc=0.5126
Round 189 | selected=[19, 34, 33, 32, 72, 82, 2, 80, 83, 17]
Round 189 | train_loss=1.0416 train_acc=0.6194 test_loss=1.3563 test_acc=0.4874
Round 190 | selected=[37, 35, 3, 33, 96, 60, 30, 65, 81, 1]
Round 190 | train_loss=0.9058 train_acc=0.6820 test_loss=1.3717 test_acc=0.4905
Round 191 | selected=[33, 52, 91, 66, 18, 5, 1, 38, 79, 13]
Round 191 | train_loss=1.0712 train_acc=0.6294 test_loss=1.3070 test_acc=0.5138
Round 192 | selected=[23, 81, 26, 55, 63, 37, 59, 86, 93, 64]
Round 192 | train_loss=1.1096 train_acc=0.5948 test_loss=1.3635 test_acc=0.5020
Round 193 | selected=[26, 9, 1, 94, 29, 84, 63, 54, 46, 65]
Round 193 | train_loss=1.0587 train_acc=0.6090 test_loss=1.2963 test_acc=0.5144
Round 194 | selected=[34, 97, 52, 94, 31, 28, 72, 70, 11, 65]
Round 194 | train_loss=0.9828 train_acc=0.6522 test_loss=1.1941 test_acc=0.5559
Round 195 | selected=[3, 21, 23, 31, 93, 77, 78, 35, 16, 36]
Round 195 | train_loss=0.9500 train_acc=0.6780 test_loss=1.3109 test_acc=0.5049
Round 196 | selected=[76, 40, 52, 57, 9, 38, 53, 82, 74, 6]
Round 196 | train_loss=0.9643 train_acc=0.6642 test_loss=1.4488 test_acc=0.4811
Round 197 | selected=[6, 43, 48, 44, 19, 91, 29, 50, 2, 85]
Round 197 | train_loss=1.2091 train_acc=0.5748 test_loss=1.2587 test_acc=0.5268
Round 198 | selected=[64, 4, 70, 57, 49, 99, 92, 12, 74, 98]
Round 198 | train_loss=0.9641 train_acc=0.6476 test_loss=1.2077 test_acc=0.5503
Round 199 | selected=[76, 23, 39, 99, 40, 86, 65, 22, 50, 2]
Round 199 | train_loss=0.9528 train_acc=0.6660 test_loss=1.2204 test_acc=0.5374
Round 200 | selected=[16, 42, 72, 36, 65, 80, 61, 64, 49, 91]
Round 200 | train_loss=0.9647 train_acc=0.6646 test_loss=1.2086 test_acc=0.5509
Round 201 | selected=[62, 56, 48, 21, 23, 94, 78, 33, 71, 50]
Round 201 | train_loss=0.8849 train_acc=0.6910 test_loss=1.2042 test_acc=0.5460
Round 202 | selected=[40, 20, 17, 25, 38, 48, 63, 29, 30, 61]
Round 202 | train_loss=1.0209 train_acc=0.6212 test_loss=1.1656 test_acc=0.5770
Round 203 | selected=[51, 72, 77, 0, 40, 53, 14, 8, 55, 43]
Round 203 | train_loss=0.9682 train_acc=0.6628 test_loss=1.1941 test_acc=0.5576
Round 204 | selected=[77, 90, 5, 39, 31, 87, 67, 89, 93, 69]
Round 204 | train_loss=0.8918 train_acc=0.6978 test_loss=1.3231 test_acc=0.5118
Round 205 | selected=[5, 28, 60, 6, 2, 92, 46, 41, 48, 55]
Round 205 | train_loss=0.9894 train_acc=0.6562 test_loss=1.2866 test_acc=0.5215
Round 206 | selected=[45, 9, 15, 19, 41, 76, 66, 61, 42, 49]
Round 206 | train_loss=0.9341 train_acc=0.6636 test_loss=1.2125 test_acc=0.5654
Round 207 | selected=[50, 18, 78, 97, 24, 29, 34, 6, 56, 71]
Round 207 | train_loss=0.9798 train_acc=0.6676 test_loss=1.2195 test_acc=0.5600
Round 208 | selected=[19, 2, 64, 13, 59, 41, 16, 22, 57, 63]
Round 208 | train_loss=0.8932 train_acc=0.6948 test_loss=1.3333 test_acc=0.5171
Round 209 | selected=[86, 73, 71, 81, 21, 4, 64, 41, 24, 0]
Round 209 | train_loss=0.9150 train_acc=0.6818 test_loss=1.2879 test_acc=0.5283
Round 210 | selected=[22, 58, 0, 9, 32, 62, 93, 72, 40, 98]
Round 210 | train_loss=1.0468 train_acc=0.6288 test_loss=1.1879 test_acc=0.5485
Round 211 | selected=[57, 84, 82, 31, 16, 10, 6, 23, 79, 51]
Round 211 | train_loss=0.9066 train_acc=0.6756 test_loss=1.1621 test_acc=0.5685
Round 212 | selected=[6, 15, 98, 81, 67, 85, 66, 90, 74, 62]
Round 212 | train_loss=0.8938 train_acc=0.6908 test_loss=1.2735 test_acc=0.5177
Round 213 | selected=[55, 58, 18, 36, 83, 16, 85, 27, 63, 17]
Round 213 | train_loss=0.9025 train_acc=0.6692 test_loss=1.2961 test_acc=0.5263
Round 214 | selected=[94, 59, 71, 97, 63, 61, 22, 81, 46, 70]
Round 214 | train_loss=1.1036 train_acc=0.5946 test_loss=1.1488 test_acc=0.5767
Round 215 | selected=[61, 16, 47, 25, 78, 39, 52, 74, 91, 76]
Round 215 | train_loss=0.8792 train_acc=0.6968 test_loss=1.1756 test_acc=0.5791
Round 216 | selected=[28, 88, 74, 93, 38, 78, 76, 60, 6, 58]
Round 216 | train_loss=0.9223 train_acc=0.6772 test_loss=1.2828 test_acc=0.5431
Round 217 | selected=[64, 6, 17, 94, 77, 88, 39, 45, 80, 65]
Round 217 | train_loss=0.9834 train_acc=0.6400 test_loss=1.2093 test_acc=0.5591
Round 218 | selected=[65, 20, 57, 82, 92, 97, 76, 83, 19, 5]
Round 218 | train_loss=1.0544 train_acc=0.6122 test_loss=1.1495 test_acc=0.5958
Round 219 | selected=[99, 13, 43, 0, 33, 34, 81, 47, 78, 83]
Round 219 | train_loss=0.9310 train_acc=0.6866 test_loss=1.1424 test_acc=0.6007
Round 220 | selected=[40, 83, 60, 23, 11, 0, 26, 39, 15, 13]
Round 220 | train_loss=0.9031 train_acc=0.6888 test_loss=1.1800 test_acc=0.5535
Round 221 | selected=[22, 49, 12, 27, 19, 77, 99, 50, 61, 79]
Round 221 | train_loss=0.8697 train_acc=0.6804 test_loss=1.1431 test_acc=0.5904
Round 222 | selected=[99, 14, 39, 46, 41, 18, 55, 0, 68, 29]
Round 222 | train_loss=0.9268 train_acc=0.6794 test_loss=1.1450 test_acc=0.5833
Round 223 | selected=[3, 91, 1, 31, 70, 63, 88, 79, 84, 97]
Round 223 | train_loss=1.0004 train_acc=0.6342 test_loss=1.1438 test_acc=0.5917
Round 224 | selected=[54, 59, 88, 26, 60, 94, 98, 81, 5, 33]
Round 224 | train_loss=0.9124 train_acc=0.6706 test_loss=1.3724 test_acc=0.5160
Round 225 | selected=[20, 54, 15, 80, 76, 51, 43, 41, 56, 7]
Round 225 | train_loss=0.9306 train_acc=0.6844 test_loss=1.2570 test_acc=0.5582
Round 226 | selected=[72, 12, 39, 65, 81, 44, 83, 93, 37, 94]
Round 226 | train_loss=0.8745 train_acc=0.6920 test_loss=1.2985 test_acc=0.5601
Round 227 | selected=[75, 10, 40, 31, 0, 83, 54, 14, 37, 15]
Round 227 | train_loss=0.9177 train_acc=0.6842 test_loss=1.2743 test_acc=0.5683
Round 228 | selected=[81, 30, 83, 1, 62, 16, 92, 47, 93, 57]
Round 228 | train_loss=1.0464 train_acc=0.6292 test_loss=1.1886 test_acc=0.5699
Round 229 | selected=[28, 17, 36, 63, 49, 86, 57, 23, 34, 24]
Round 229 | train_loss=0.8948 train_acc=0.6910 test_loss=1.3566 test_acc=0.5117
Round 230 | selected=[84, 7, 13, 54, 61, 82, 0, 71, 42, 20]
Round 230 | train_loss=0.9423 train_acc=0.6776 test_loss=1.2303 test_acc=0.5630
Round 231 | selected=[5, 83, 24, 94, 2, 10, 12, 47, 18, 66]
Round 231 | train_loss=0.8514 train_acc=0.7066 test_loss=1.2282 test_acc=0.5395
Round 232 | selected=[90, 31, 26, 49, 71, 16, 52, 13, 88, 6]
Round 232 | train_loss=0.9015 train_acc=0.6812 test_loss=1.1896 test_acc=0.5533
Round 233 | selected=[50, 91, 28, 97, 49, 40, 7, 37, 73, 62]
Round 233 | train_loss=0.8643 train_acc=0.6858 test_loss=1.0190 test_acc=0.6229
Round 234 | selected=[76, 63, 98, 54, 39, 61, 79, 66, 2, 70]
Round 234 | train_loss=0.8918 train_acc=0.6894 test_loss=1.0604 test_acc=0.6134
Round 235 | selected=[81, 58, 6, 19, 34, 13, 69, 35, 28, 55]
Round 235 | train_loss=0.7473 train_acc=0.7506 test_loss=1.3218 test_acc=0.5728
Round 236 | selected=[89, 0, 40, 81, 23, 76, 71, 79, 27, 61]
Round 236 | train_loss=0.8123 train_acc=0.7256 test_loss=1.2951 test_acc=0.5868
Round 237 | selected=[98, 56, 59, 22, 55, 48, 82, 99, 16, 37]
Round 237 | train_loss=1.0056 train_acc=0.6750 test_loss=1.2311 test_acc=0.5902
Round 238 | selected=[4, 36, 53, 5, 43, 38, 62, 3, 25, 98]
Round 238 | train_loss=0.9547 train_acc=0.6684 test_loss=1.2108 test_acc=0.5594
Round 239 | selected=[40, 6, 11, 30, 74, 32, 61, 5, 93, 31]
Round 239 | train_loss=0.9189 train_acc=0.6802 test_loss=1.3543 test_acc=0.5291
Round 240 | selected=[92, 54, 74, 28, 7, 14, 8, 47, 78, 87]
Round 240 | train_loss=0.8775 train_acc=0.7028 test_loss=1.2824 test_acc=0.5322
Round 241 | selected=[1, 10, 6, 11, 86, 82, 59, 50, 42, 41]
Round 241 | train_loss=0.9163 train_acc=0.6712 test_loss=1.1411 test_acc=0.5637
Round 242 | selected=[30, 12, 68, 52, 89, 81, 6, 79, 2, 26]
Round 242 | train_loss=0.8857 train_acc=0.6880 test_loss=1.0944 test_acc=0.5895
Round 243 | selected=[52, 25, 30, 78, 91, 51, 74, 48, 38, 41]
Round 243 | train_loss=0.8231 train_acc=0.7118 test_loss=1.1473 test_acc=0.5531
Round 244 | selected=[92, 94, 46, 18, 87, 68, 90, 39, 50, 34]
Round 244 | train_loss=0.8184 train_acc=0.7216 test_loss=1.0847 test_acc=0.5928
Round 245 | selected=[32, 97, 99, 45, 85, 73, 52, 71, 75, 59]
Round 245 | train_loss=0.7342 train_acc=0.7490 test_loss=1.0593 test_acc=0.6082
Round 246 | selected=[68, 40, 88, 28, 31, 2, 97, 11, 76, 96]
Round 246 | train_loss=0.7862 train_acc=0.7102 test_loss=1.0137 test_acc=0.6304
Round 247 | selected=[33, 67, 64, 44, 14, 0, 10, 16, 2, 12]
Round 247 | train_loss=0.8785 train_acc=0.6918 test_loss=1.0111 test_acc=0.6437
Round 248 | selected=[55, 9, 28, 20, 78, 59, 6, 80, 77, 4]
Round 248 | train_loss=0.7974 train_acc=0.7260 test_loss=1.0373 test_acc=0.6231
Round 249 | selected=[88, 44, 19, 53, 80, 51, 36, 33, 59, 12]
Round 249 | train_loss=0.7690 train_acc=0.7344 test_loss=1.1293 test_acc=0.5855
Round 250 | selected=[50, 71, 97, 77, 19, 94, 7, 34, 37, 98]
Round 250 | train_loss=0.8214 train_acc=0.7184 test_loss=1.0084 test_acc=0.6358
Round 251 | selected=[7, 72, 46, 24, 9, 82, 3, 22, 26, 21]
Round 251 | train_loss=0.7564 train_acc=0.7348 test_loss=1.0980 test_acc=0.6056
Round 252 | selected=[19, 38, 51, 28, 43, 37, 34, 77, 84, 88]
Round 252 | train_loss=0.8011 train_acc=0.7090 test_loss=1.1646 test_acc=0.5787
Round 253 | selected=[15, 20, 36, 17, 38, 60, 83, 84, 54, 9]
Round 253 | train_loss=0.8904 train_acc=0.6786 test_loss=1.1910 test_acc=0.5884
Round 254 | selected=[47, 81, 1, 36, 32, 18, 40, 59, 94, 89]
Round 254 | train_loss=0.7324 train_acc=0.7578 test_loss=1.1586 test_acc=0.5728
Round 255 | selected=[57, 12, 26, 7, 44, 18, 82, 39, 38, 52]
Round 255 | train_loss=0.7586 train_acc=0.7354 test_loss=1.1932 test_acc=0.5846
Round 256 | selected=[51, 18, 64, 15, 37, 60, 61, 13, 0, 39]
Round 256 | train_loss=0.8362 train_acc=0.7138 test_loss=1.2009 test_acc=0.5823
Round 257 | selected=[13, 60, 6, 27, 31, 36, 12, 83, 81, 52]
Round 257 | train_loss=0.7853 train_acc=0.7216 test_loss=1.0752 test_acc=0.6105
Round 258 | selected=[28, 23, 80, 42, 29, 26, 33, 0, 61, 64]
Round 258 | train_loss=0.8243 train_acc=0.7094 test_loss=1.1275 test_acc=0.5915
Round 259 | selected=[33, 79, 83, 18, 51, 73, 39, 95, 65, 17]
Round 259 | train_loss=0.8064 train_acc=0.7118 test_loss=1.1990 test_acc=0.5721
Round 260 | selected=[41, 95, 84, 0, 63, 59, 47, 54, 29, 83]
Round 260 | train_loss=0.7787 train_acc=0.7260 test_loss=1.1760 test_acc=0.5781
Round 261 | selected=[89, 35, 94, 8, 95, 4, 27, 58, 79, 85]
Round 261 | train_loss=0.6833 train_acc=0.7628 test_loss=1.3232 test_acc=0.5504
Round 262 | selected=[65, 58, 28, 44, 24, 61, 36, 98, 31, 34]
Round 262 | train_loss=0.9015 train_acc=0.6936 test_loss=1.3076 test_acc=0.5619
Round 263 | selected=[27, 31, 88, 50, 52, 47, 38, 90, 77, 17]
Round 263 | train_loss=0.7337 train_acc=0.7360 test_loss=1.2496 test_acc=0.5669
Round 264 | selected=[63, 21, 3, 54, 47, 73, 67, 70, 7, 18]
Round 264 | train_loss=0.7994 train_acc=0.7164 test_loss=1.2383 test_acc=0.5574
Round 265 | selected=[13, 35, 20, 62, 75, 42, 19, 6, 8, 3]
Round 265 | train_loss=0.9023 train_acc=0.6898 test_loss=1.1513 test_acc=0.5706
Round 266 | selected=[51, 92, 85, 77, 46, 73, 70, 65, 68, 35]
Round 266 | train_loss=0.8174 train_acc=0.7132 test_loss=1.2088 test_acc=0.5528
Round 267 | selected=[48, 40, 0, 92, 52, 20, 1, 12, 21, 51]
Round 267 | train_loss=0.8263 train_acc=0.7080 test_loss=1.1040 test_acc=0.5932
Round 268 | selected=[56, 73, 44, 50, 87, 3, 24, 22, 70, 7]
Round 268 | train_loss=0.7761 train_acc=0.7382 test_loss=1.0123 test_acc=0.6377
Round 269 | selected=[46, 82, 1, 72, 2, 14, 0, 85, 42, 33]
Round 269 | train_loss=0.7450 train_acc=0.7494 test_loss=1.1316 test_acc=0.5908
Round 270 | selected=[35, 1, 99, 17, 8, 21, 30, 69, 2, 94]
Round 270 | train_loss=0.8050 train_acc=0.7284 test_loss=0.9985 test_acc=0.6431
Round 271 | selected=[19, 51, 9, 43, 7, 93, 89, 6, 70, 86]
Round 271 | train_loss=0.8552 train_acc=0.6930 test_loss=1.0852 test_acc=0.6195
Round 272 | selected=[73, 75, 32, 2, 60, 85, 66, 3, 46, 59]
Round 272 | train_loss=0.8522 train_acc=0.7032 test_loss=1.0290 test_acc=0.6239
Round 273 | selected=[16, 62, 59, 9, 84, 42, 47, 23, 56, 80]
Round 273 | train_loss=0.8075 train_acc=0.7040 test_loss=1.1140 test_acc=0.5971
Round 274 | selected=[69, 52, 44, 41, 32, 91, 9, 62, 73, 31]
Round 274 | train_loss=0.7781 train_acc=0.7326 test_loss=1.1803 test_acc=0.5574
Round 275 | selected=[33, 62, 86, 46, 88, 90, 40, 13, 69, 44]
Round 275 | train_loss=0.8790 train_acc=0.6836 test_loss=1.1668 test_acc=0.5921
Round 276 | selected=[72, 54, 14, 46, 35, 65, 69, 47, 12, 45]
Round 276 | train_loss=0.7192 train_acc=0.7572 test_loss=1.2641 test_acc=0.5816
Round 277 | selected=[14, 76, 59, 32, 30, 12, 71, 8, 49, 45]
Round 277 | train_loss=0.6867 train_acc=0.7698 test_loss=1.1970 test_acc=0.5855
Round 278 | selected=[35, 81, 52, 8, 99, 67, 56, 32, 94, 3]
Round 278 | train_loss=0.7472 train_acc=0.7328 test_loss=1.1707 test_acc=0.6103
Round 279 | selected=[0, 96, 5, 84, 24, 87, 4, 32, 85, 52]
Round 279 | train_loss=0.7723 train_acc=0.7406 test_loss=1.2421 test_acc=0.5645
Round 280 | selected=[19, 23, 96, 73, 71, 6, 54, 33, 63, 55]
Round 280 | train_loss=0.7256 train_acc=0.7508 test_loss=1.1456 test_acc=0.5728
Round 281 | selected=[98, 22, 19, 95, 55, 15, 45, 84, 87, 3]
Round 281 | train_loss=0.7569 train_acc=0.7276 test_loss=1.1798 test_acc=0.5748
Round 282 | selected=[14, 35, 65, 40, 20, 97, 22, 9, 54, 23]
Round 282 | train_loss=0.8946 train_acc=0.6926 test_loss=1.3424 test_acc=0.5352
Round 283 | selected=[99, 93, 22, 76, 8, 41, 4, 68, 17, 53]
Round 283 | train_loss=0.7956 train_acc=0.7366 test_loss=1.1543 test_acc=0.6019
Round 284 | selected=[16, 27, 33, 44, 50, 80, 9, 2, 37, 85]
Round 284 | train_loss=0.8622 train_acc=0.7038 test_loss=1.3936 test_acc=0.5542
Round 285 | selected=[78, 68, 37, 65, 38, 55, 26, 69, 4, 5]
Round 285 | train_loss=0.9023 train_acc=0.6954 test_loss=1.2396 test_acc=0.5862
Round 286 | selected=[67, 82, 31, 57, 77, 63, 3, 19, 88, 52]
Round 286 | train_loss=0.8169 train_acc=0.7046 test_loss=0.9778 test_acc=0.6487
Round 287 | selected=[85, 53, 10, 91, 43, 18, 52, 78, 5, 1]
Round 287 | train_loss=0.7548 train_acc=0.7460 test_loss=1.0269 test_acc=0.6226
Round 288 | selected=[41, 20, 28, 42, 25, 58, 84, 98, 62, 95]
Round 288 | train_loss=0.7639 train_acc=0.7250 test_loss=1.0185 test_acc=0.6153
Round 289 | selected=[69, 3, 22, 33, 19, 71, 96, 81, 18, 25]
Round 289 | train_loss=0.7480 train_acc=0.7358 test_loss=0.9920 test_acc=0.6406
Round 290 | selected=[41, 4, 24, 67, 16, 53, 22, 97, 34, 64]
Round 290 | train_loss=0.8458 train_acc=0.6898 test_loss=1.0069 test_acc=0.6391
Round 291 | selected=[70, 3, 60, 47, 19, 76, 49, 11, 16, 68]
Round 291 | train_loss=0.8199 train_acc=0.7158 test_loss=1.0427 test_acc=0.6134
Round 292 | selected=[67, 38, 34, 57, 6, 10, 58, 93, 37, 23]
Round 292 | train_loss=0.8190 train_acc=0.7082 test_loss=1.1017 test_acc=0.6029
Round 293 | selected=[64, 44, 21, 12, 90, 11, 98, 33, 43, 19]
Round 293 | train_loss=0.7459 train_acc=0.7380 test_loss=1.3790 test_acc=0.5021
Round 294 | selected=[79, 4, 30, 27, 81, 54, 74, 35, 70, 2]
Round 294 | train_loss=0.9053 train_acc=0.6658 test_loss=1.0006 test_acc=0.6340
Round 295 | selected=[51, 49, 8, 56, 68, 25, 91, 72, 17, 15]
Round 295 | train_loss=0.6628 train_acc=0.7756 test_loss=0.9828 test_acc=0.6416
Round 296 | selected=[57, 76, 33, 72, 30, 8, 96, 38, 19, 21]
Round 296 | train_loss=0.5282 train_acc=0.8274 test_loss=1.2041 test_acc=0.5802
Round 297 | selected=[25, 60, 63, 75, 42, 52, 98, 56, 2, 28]
Round 297 | train_loss=0.7301 train_acc=0.7488 test_loss=1.2194 test_acc=0.5975
Round 298 | selected=[20, 41, 87, 32, 27, 11, 82, 43, 78, 91]
Round 298 | train_loss=0.8911 train_acc=0.6868 test_loss=1.0722 test_acc=0.6367
Round 299 | selected=[93, 89, 79, 33, 90, 2, 8, 56, 95, 4]
Round 299 | train_loss=0.6432 train_acc=0.7856 test_loss=1.0251 test_acc=0.6398
Round 300 | selected=[18, 54, 5, 4, 28, 35, 3, 78, 52, 10]
Round 300 | train_loss=0.7651 train_acc=0.7348 test_loss=1.0216 test_acc=0.6291
Round 301 | selected=[57, 8, 13, 5, 68, 95, 77, 79, 63, 48]
Round 301 | train_loss=0.8418 train_acc=0.6982 test_loss=1.0438 test_acc=0.6163
Round 302 | selected=[32, 84, 30, 86, 90, 60, 35, 64, 11, 53]
Round 302 | train_loss=0.7505 train_acc=0.7420 test_loss=1.1022 test_acc=0.5950
Round 303 | selected=[88, 43, 9, 28, 61, 48, 76, 21, 93, 59]
Round 303 | train_loss=0.8467 train_acc=0.6898 test_loss=1.1231 test_acc=0.5556
Round 304 | selected=[99, 51, 95, 89, 34, 10, 83, 42, 52, 62]
Round 304 | train_loss=0.7842 train_acc=0.7058 test_loss=1.1228 test_acc=0.5749
Round 305 | selected=[58, 12, 79, 28, 53, 81, 38, 14, 27, 46]
Round 305 | train_loss=0.7540 train_acc=0.7318 test_loss=1.0370 test_acc=0.6287
Round 306 | selected=[31, 95, 87, 82, 20, 12, 72, 18, 1, 62]
Round 306 | train_loss=0.7509 train_acc=0.7396 test_loss=0.9159 test_acc=0.6701
Round 307 | selected=[10, 31, 28, 13, 60, 35, 36, 52, 72, 84]
Round 307 | train_loss=0.6793 train_acc=0.7688 test_loss=1.0918 test_acc=0.6112
Round 308 | selected=[19, 9, 52, 28, 35, 4, 21, 2, 57, 98]
Round 308 | train_loss=0.6754 train_acc=0.7750 test_loss=1.0965 test_acc=0.6058
Round 309 | selected=[67, 6, 27, 51, 74, 58, 40, 38, 71, 98]
Round 309 | train_loss=0.7395 train_acc=0.7360 test_loss=1.0815 test_acc=0.6117
Round 310 | selected=[83, 11, 66, 73, 23, 12, 34, 1, 65, 63]
Round 310 | train_loss=0.7608 train_acc=0.7292 test_loss=1.1554 test_acc=0.5852
Round 311 | selected=[5, 43, 81, 92, 82, 89, 93, 56, 16, 28]
Round 311 | train_loss=0.7385 train_acc=0.7472 test_loss=0.9501 test_acc=0.6511
Round 312 | selected=[53, 73, 61, 62, 91, 83, 45, 89, 1, 50]
Round 312 | train_loss=0.7309 train_acc=0.7382 test_loss=0.9213 test_acc=0.6716
Round 313 | selected=[17, 3, 77, 14, 99, 96, 21, 20, 42, 79]
Round 313 | train_loss=0.6953 train_acc=0.7512 test_loss=0.9649 test_acc=0.6629
Round 314 | selected=[47, 58, 81, 46, 24, 49, 60, 82, 80, 53]
Round 314 | train_loss=0.6515 train_acc=0.7788 test_loss=0.9376 test_acc=0.6680
Round 315 | selected=[99, 29, 20, 39, 60, 58, 18, 44, 32, 95]
Round 315 | train_loss=0.6908 train_acc=0.7600 test_loss=0.8915 test_acc=0.6819
Round 316 | selected=[42, 77, 38, 74, 99, 34, 78, 86, 52, 46]
Round 316 | train_loss=0.6568 train_acc=0.7792 test_loss=0.8918 test_acc=0.6856
Round 317 | selected=[0, 47, 94, 5, 29, 50, 40, 99, 11, 31]
Round 317 | train_loss=0.6618 train_acc=0.7682 test_loss=0.9194 test_acc=0.6727
Round 318 | selected=[51, 84, 92, 16, 17, 19, 31, 34, 39, 99]
Round 318 | train_loss=0.5451 train_acc=0.8188 test_loss=0.9723 test_acc=0.6535
Round 319 | selected=[55, 58, 37, 65, 9, 52, 88, 94, 93, 72]
Round 319 | train_loss=0.6421 train_acc=0.7702 test_loss=0.9408 test_acc=0.6702
Round 320 | selected=[25, 28, 5, 81, 2, 76, 54, 30, 91, 75]
Round 320 | train_loss=0.6373 train_acc=0.7788 test_loss=0.8621 test_acc=0.6987
Round 321 | selected=[59, 53, 29, 97, 15, 41, 8, 52, 9, 10]
Round 321 | train_loss=0.6147 train_acc=0.7854 test_loss=0.8955 test_acc=0.6828
Round 322 | selected=[64, 27, 71, 18, 47, 35, 33, 74, 13, 43]
Round 322 | train_loss=0.6619 train_acc=0.7736 test_loss=1.0364 test_acc=0.6331
Round 323 | selected=[87, 9, 65, 74, 79, 95, 68, 57, 23, 97]
Round 323 | train_loss=0.6924 train_acc=0.7638 test_loss=0.9809 test_acc=0.6350
Round 324 | selected=[70, 79, 67, 45, 40, 54, 75, 36, 24, 51]
Round 324 | train_loss=0.6708 train_acc=0.7696 test_loss=1.0458 test_acc=0.6224
Round 325 | selected=[61, 55, 1, 25, 50, 8, 98, 86, 33, 70]
Round 325 | train_loss=0.5868 train_acc=0.7990 test_loss=1.2602 test_acc=0.5990
Round 326 | selected=[16, 41, 52, 36, 70, 17, 46, 53, 15, 11]
Round 326 | train_loss=0.6515 train_acc=0.7762 test_loss=1.0697 test_acc=0.6459
Round 327 | selected=[18, 8, 66, 72, 4, 89, 6, 22, 24, 79]
Round 327 | train_loss=0.6279 train_acc=0.7892 test_loss=0.8326 test_acc=0.7042
Round 328 | selected=[29, 97, 11, 94, 7, 78, 20, 98, 4, 56]
Round 328 | train_loss=0.6164 train_acc=0.7808 test_loss=0.7960 test_acc=0.7172
Round 329 | selected=[5, 51, 84, 77, 81, 48, 38, 4, 93, 22]
Round 329 | train_loss=0.6074 train_acc=0.7926 test_loss=0.9527 test_acc=0.6584
Round 330 | selected=[25, 59, 48, 13, 38, 44, 95, 15, 50, 76]
Round 330 | train_loss=0.6090 train_acc=0.7804 test_loss=1.0663 test_acc=0.6283
Round 331 | selected=[73, 30, 33, 26, 69, 32, 62, 57, 11, 27]
Round 331 | train_loss=0.5869 train_acc=0.7944 test_loss=0.8343 test_acc=0.7007
Round 332 | selected=[33, 69, 48, 80, 19, 75, 14, 17, 35, 13]
Round 332 | train_loss=0.6072 train_acc=0.7926 test_loss=0.8794 test_acc=0.6865
Round 333 | selected=[52, 33, 71, 76, 63, 57, 85, 96, 58, 88]
Round 333 | train_loss=0.4580 train_acc=0.8466 test_loss=1.1498 test_acc=0.6161
Round 334 | selected=[30, 82, 24, 50, 10, 71, 11, 85, 21, 36]
Round 334 | train_loss=0.6125 train_acc=0.7864 test_loss=0.9730 test_acc=0.6658
Round 335 | selected=[38, 58, 44, 18, 32, 88, 75, 78, 22, 42]
Round 335 | train_loss=0.5871 train_acc=0.8024 test_loss=1.0246 test_acc=0.6473
Round 336 | selected=[67, 45, 87, 37, 74, 95, 30, 76, 34, 27]
Round 336 | train_loss=0.5741 train_acc=0.8006 test_loss=0.9652 test_acc=0.6626
Round 337 | selected=[66, 13, 43, 42, 37, 2, 97, 35, 79, 38]
Round 337 | train_loss=0.6404 train_acc=0.7778 test_loss=0.9002 test_acc=0.6859
Round 338 | selected=[36, 58, 25, 46, 22, 73, 76, 26, 0, 79]
Round 338 | train_loss=0.5714 train_acc=0.8010 test_loss=0.9048 test_acc=0.6789
Round 339 | selected=[88, 72, 10, 23, 22, 8, 52, 0, 93, 5]
Round 339 | train_loss=0.6023 train_acc=0.7782 test_loss=0.9077 test_acc=0.6796
Round 340 | selected=[16, 2, 65, 33, 43, 31, 61, 75, 95, 7]
Round 340 | train_loss=0.6492 train_acc=0.7800 test_loss=0.9039 test_acc=0.6860
Round 341 | selected=[22, 53, 1, 49, 64, 83, 93, 46, 5, 45]
Round 341 | train_loss=0.6472 train_acc=0.7712 test_loss=0.8968 test_acc=0.6764
Round 342 | selected=[6, 26, 29, 10, 86, 82, 50, 95, 56, 21]
Round 342 | train_loss=0.5708 train_acc=0.8010 test_loss=0.8816 test_acc=0.6719
Round 343 | selected=[31, 10, 28, 40, 93, 79, 88, 0, 69, 72]
Round 343 | train_loss=0.5488 train_acc=0.8158 test_loss=0.9793 test_acc=0.6585
Round 344 | selected=[29, 0, 96, 5, 15, 89, 6, 11, 62, 34]
Round 344 | train_loss=0.5867 train_acc=0.7964 test_loss=0.9585 test_acc=0.6651
Round 345 | selected=[7, 82, 42, 57, 92, 60, 33, 66, 99, 76]
Round 345 | train_loss=0.5196 train_acc=0.8286 test_loss=0.8427 test_acc=0.7014
Round 346 | selected=[4, 0, 35, 44, 49, 36, 72, 92, 31, 17]
Round 346 | train_loss=0.5414 train_acc=0.8222 test_loss=0.9129 test_acc=0.6839
Round 347 | selected=[34, 52, 90, 33, 25, 95, 78, 43, 83, 35]
Round 347 | train_loss=0.5553 train_acc=0.8126 test_loss=0.9235 test_acc=0.6825
Round 348 | selected=[69, 0, 84, 83, 38, 1, 11, 14, 77, 19]
Round 348 | train_loss=0.5945 train_acc=0.7898 test_loss=0.8949 test_acc=0.6785
Round 349 | selected=[69, 63, 98, 65, 43, 99, 71, 96, 19, 5]
Round 349 | train_loss=0.5308 train_acc=0.8236 test_loss=1.0223 test_acc=0.6326
Round 350 | selected=[33, 84, 54, 79, 8, 56, 12, 95, 59, 49]
Round 350 | train_loss=0.5054 train_acc=0.8346 test_loss=0.9355 test_acc=0.6619
Round 351 | selected=[82, 48, 7, 99, 89, 71, 40, 83, 5, 67]
Round 351 | train_loss=0.6097 train_acc=0.7894 test_loss=0.8914 test_acc=0.6838
Round 352 | selected=[73, 99, 4, 45, 26, 95, 70, 34, 78, 82]
Round 352 | train_loss=0.5036 train_acc=0.8260 test_loss=0.8722 test_acc=0.6990
Round 353 | selected=[55, 90, 51, 72, 0, 44, 28, 19, 85, 49]
Round 353 | train_loss=0.4716 train_acc=0.8386 test_loss=0.8442 test_acc=0.7051
Round 354 | selected=[90, 15, 82, 98, 80, 51, 42, 71, 10, 58]
Round 354 | train_loss=0.4516 train_acc=0.8490 test_loss=0.8667 test_acc=0.6913
Round 355 | selected=[53, 88, 1, 75, 70, 91, 87, 35, 51, 68]
Round 355 | train_loss=0.5818 train_acc=0.7986 test_loss=0.8370 test_acc=0.7052
Round 356 | selected=[80, 43, 32, 94, 27, 61, 69, 17, 71, 36]
Round 356 | train_loss=0.4506 train_acc=0.8500 test_loss=0.8392 test_acc=0.6979
Round 357 | selected=[61, 19, 30, 31, 38, 99, 3, 64, 36, 7]
Round 357 | train_loss=0.5545 train_acc=0.8054 test_loss=0.9592 test_acc=0.6581
Round 358 | selected=[33, 92, 3, 23, 19, 22, 83, 62, 38, 70]
Round 358 | train_loss=0.5710 train_acc=0.7960 test_loss=1.3168 test_acc=0.5576
Round 359 | selected=[84, 33, 94, 19, 31, 57, 43, 73, 35, 32]
Round 359 | train_loss=0.5097 train_acc=0.8210 test_loss=1.1205 test_acc=0.6164
Round 360 | selected=[44, 87, 52, 29, 58, 57, 60, 40, 72, 82]
Round 360 | train_loss=0.5308 train_acc=0.8164 test_loss=0.8676 test_acc=0.6961
Round 361 | selected=[22, 95, 67, 89, 4, 75, 31, 8, 53, 1]
Round 361 | train_loss=0.4638 train_acc=0.8432 test_loss=0.9081 test_acc=0.6844
Round 362 | selected=[85, 31, 1, 26, 88, 53, 37, 57, 95, 9]
Round 362 | train_loss=0.5728 train_acc=0.7988 test_loss=0.8432 test_acc=0.6996
Round 363 | selected=[90, 80, 88, 6, 37, 33, 60, 84, 64, 32]
Round 363 | train_loss=0.4970 train_acc=0.8272 test_loss=0.7569 test_acc=0.7285
Round 364 | selected=[89, 51, 39, 85, 69, 68, 18, 57, 49, 71]
Round 364 | train_loss=0.5283 train_acc=0.8196 test_loss=0.7322 test_acc=0.7458
Round 365 | selected=[89, 54, 97, 58, 49, 83, 29, 0, 74, 7]
Round 365 | train_loss=0.5132 train_acc=0.8228 test_loss=0.9349 test_acc=0.6581
Round 366 | selected=[27, 13, 20, 96, 58, 21, 51, 70, 8, 34]
Round 366 | train_loss=0.5359 train_acc=0.8048 test_loss=0.8394 test_acc=0.6955
Round 367 | selected=[63, 0, 10, 54, 85, 3, 94, 83, 28, 73]
Round 367 | train_loss=0.4905 train_acc=0.8270 test_loss=0.8284 test_acc=0.7013
Round 368 | selected=[38, 26, 28, 4, 80, 33, 87, 81, 34, 25]
Round 368 | train_loss=0.4513 train_acc=0.8458 test_loss=0.9648 test_acc=0.6570
Round 369 | selected=[86, 5, 0, 18, 41, 47, 49, 80, 10, 68]
Round 369 | train_loss=0.5636 train_acc=0.8026 test_loss=0.7479 test_acc=0.7345
Round 370 | selected=[47, 82, 1, 0, 83, 66, 52, 62, 68, 94]
Round 370 | train_loss=0.4660 train_acc=0.8402 test_loss=0.8578 test_acc=0.7020
Round 371 | selected=[39, 14, 71, 13, 75, 2, 34, 26, 37, 21]
Round 371 | train_loss=0.6254 train_acc=0.7842 test_loss=0.8150 test_acc=0.7177
Round 372 | selected=[28, 90, 25, 83, 36, 32, 74, 87, 14, 30]
Round 372 | train_loss=0.5149 train_acc=0.8206 test_loss=0.9744 test_acc=0.6681
Round 373 | selected=[53, 26, 24, 0, 28, 66, 58, 9, 22, 74]
Round 373 | train_loss=0.5203 train_acc=0.8192 test_loss=0.8712 test_acc=0.6932
Round 374 | selected=[73, 56, 29, 51, 65, 62, 9, 16, 97, 48]
Round 374 | train_loss=0.5941 train_acc=0.7864 test_loss=1.1225 test_acc=0.6144
Round 375 | selected=[53, 66, 63, 32, 48, 95, 70, 81, 5, 2]
Round 375 | train_loss=0.6564 train_acc=0.7678 test_loss=0.9739 test_acc=0.6710
Round 376 | selected=[51, 27, 69, 85, 38, 74, 26, 90, 24, 16]
Round 376 | train_loss=0.4909 train_acc=0.8306 test_loss=0.8645 test_acc=0.7090
Round 377 | selected=[10, 83, 60, 57, 89, 91, 42, 46, 82, 53]
Round 377 | train_loss=0.6332 train_acc=0.7766 test_loss=0.8930 test_acc=0.7060
Round 378 | selected=[0, 79, 2, 39, 88, 28, 63, 81, 1, 56]
Round 378 | train_loss=0.5599 train_acc=0.8082 test_loss=0.9895 test_acc=0.6645
Round 379 | selected=[19, 27, 16, 88, 7, 42, 65, 36, 97, 28]
Round 379 | train_loss=0.6358 train_acc=0.7738 test_loss=0.9767 test_acc=0.6648
Round 380 | selected=[40, 23, 7, 11, 53, 0, 60, 78, 95, 1]
Round 380 | train_loss=0.6070 train_acc=0.7766 test_loss=0.9525 test_acc=0.6713
Round 381 | selected=[97, 32, 19, 11, 34, 87, 49, 48, 83, 60]
Round 381 | train_loss=0.6245 train_acc=0.7806 test_loss=0.8344 test_acc=0.7096
Round 382 | selected=[63, 56, 31, 73, 42, 75, 14, 33, 76, 57]
Round 382 | train_loss=0.5085 train_acc=0.8254 test_loss=0.8684 test_acc=0.6971
Round 383 | selected=[22, 94, 51, 6, 1, 14, 90, 8, 0, 23]
Round 383 | train_loss=0.5404 train_acc=0.8272 test_loss=0.9705 test_acc=0.6623
Round 384 | selected=[92, 74, 51, 65, 67, 76, 59, 25, 72, 97]
Round 384 | train_loss=0.5757 train_acc=0.8082 test_loss=0.9556 test_acc=0.6714
Round 385 | selected=[94, 99, 12, 70, 59, 26, 31, 40, 84, 11]
Round 385 | train_loss=0.5104 train_acc=0.8314 test_loss=0.8217 test_acc=0.7040
Round 386 | selected=[37, 54, 88, 20, 94, 61, 43, 80, 4, 29]
Round 386 | train_loss=0.5314 train_acc=0.8142 test_loss=0.7760 test_acc=0.7232
Round 387 | selected=[66, 16, 80, 70, 1, 36, 90, 56, 65, 9]
Round 387 | train_loss=0.5131 train_acc=0.8332 test_loss=0.7827 test_acc=0.7198
Round 388 | selected=[24, 63, 91, 99, 53, 43, 62, 47, 55, 70]
Round 388 | train_loss=0.4782 train_acc=0.8312 test_loss=0.6811 test_acc=0.7619
Round 389 | selected=[65, 21, 41, 35, 20, 40, 22, 78, 15, 32]
Round 389 | train_loss=0.4214 train_acc=0.8624 test_loss=0.7223 test_acc=0.7483
Round 390 | selected=[72, 45, 76, 80, 93, 54, 20, 49, 86, 64]
Round 390 | train_loss=0.4714 train_acc=0.8358 test_loss=0.6919 test_acc=0.7551
Round 391 | selected=[49, 29, 34, 35, 63, 18, 3, 44, 96, 24]
Round 391 | train_loss=0.4287 train_acc=0.8552 test_loss=0.6821 test_acc=0.7614
Round 392 | selected=[12, 31, 21, 78, 84, 40, 33, 91, 19, 14]
Round 392 | train_loss=0.3758 train_acc=0.8796 test_loss=0.7109 test_acc=0.7466
Round 393 | selected=[82, 87, 56, 39, 27, 64, 84, 78, 1, 98]
Round 393 | train_loss=0.4122 train_acc=0.8558 test_loss=0.7354 test_acc=0.7313
Round 394 | selected=[67, 40, 92, 19, 77, 72, 81, 0, 34, 15]
Round 394 | train_loss=0.3928 train_acc=0.8722 test_loss=0.6960 test_acc=0.7546
Round 395 | selected=[62, 65, 34, 49, 47, 97, 66, 12, 45, 26]
Round 395 | train_loss=0.4296 train_acc=0.8526 test_loss=0.7219 test_acc=0.7537
Round 396 | selected=[66, 74, 94, 5, 93, 60, 2, 75, 22, 85]
Round 396 | train_loss=0.4210 train_acc=0.8600 test_loss=0.7151 test_acc=0.7579
Round 397 | selected=[13, 37, 42, 93, 58, 54, 9, 50, 75, 35]
Round 397 | train_loss=0.4572 train_acc=0.8438 test_loss=0.6889 test_acc=0.7630
Round 398 | selected=[42, 70, 13, 45, 43, 32, 17, 22, 87, 50]
Round 398 | train_loss=0.4190 train_acc=0.8600 test_loss=0.8088 test_acc=0.7336
Round 399 | selected=[88, 56, 36, 70, 41, 44, 39, 46, 93, 37]
Round 399 | train_loss=0.4736 train_acc=0.8424 test_loss=0.7942 test_acc=0.7189
Round 400 | selected=[14, 99, 3, 21, 87, 38, 86, 93, 94, 67]
Round 400 | train_loss=0.4145 train_acc=0.8594 test_loss=0.8184 test_acc=0.7057
Round 401 | selected=[1, 76, 41, 84, 67, 55, 70, 56, 37, 31]
Round 401 | train_loss=0.3292 train_acc=0.8920 test_loss=0.8038 test_acc=0.7283
Round 402 | selected=[88, 97, 80, 43, 56, 12, 0, 54, 93, 72]
Round 402 | train_loss=0.4052 train_acc=0.8628 test_loss=0.7515 test_acc=0.7497
Round 403 | selected=[22, 53, 57, 86, 56, 68, 21, 47, 74, 73]
Round 403 | train_loss=0.4328 train_acc=0.8512 test_loss=0.6323 test_acc=0.7809
Round 404 | selected=[94, 54, 73, 95, 3, 36, 4, 64, 45, 29]
Round 404 | train_loss=0.4263 train_acc=0.8518 test_loss=0.8394 test_acc=0.6825
Round 405 | selected=[58, 21, 63, 16, 73, 93, 30, 70, 34, 54]
Round 405 | train_loss=0.4125 train_acc=0.8526 test_loss=0.9384 test_acc=0.6540
Round 406 | selected=[55, 81, 49, 89, 16, 50, 27, 76, 99, 79]
Round 406 | train_loss=0.4184 train_acc=0.8546 test_loss=0.7026 test_acc=0.7491
Round 407 | selected=[18, 99, 11, 35, 91, 70, 7, 23, 46, 65]
Round 407 | train_loss=0.4312 train_acc=0.8558 test_loss=0.7262 test_acc=0.7504
Round 408 | selected=[55, 23, 60, 78, 67, 48, 56, 59, 45, 8]
Round 408 | train_loss=0.4140 train_acc=0.8584 test_loss=0.7014 test_acc=0.7586
Round 409 | selected=[51, 34, 37, 11, 22, 88, 86, 77, 56, 79]
Round 409 | train_loss=0.4254 train_acc=0.8502 test_loss=0.7500 test_acc=0.7450
Round 410 | selected=[59, 47, 34, 27, 45, 11, 51, 14, 42, 46]
Round 410 | train_loss=0.4003 train_acc=0.8626 test_loss=0.7505 test_acc=0.7413
Round 411 | selected=[20, 97, 55, 64, 75, 63, 15, 95, 35, 13]
Round 411 | train_loss=0.4434 train_acc=0.8456 test_loss=0.6861 test_acc=0.7571
Round 412 | selected=[0, 12, 32, 63, 14, 50, 94, 21, 54, 52]
Round 412 | train_loss=0.3813 train_acc=0.8702 test_loss=0.7057 test_acc=0.7587
Round 413 | selected=[52, 85, 22, 3, 14, 19, 49, 47, 98, 1]
Round 413 | train_loss=0.3502 train_acc=0.8816 test_loss=0.7565 test_acc=0.7406
Round 414 | selected=[53, 83, 96, 50, 57, 93, 87, 44, 95, 85]
Round 414 | train_loss=0.3857 train_acc=0.8668 test_loss=0.7806 test_acc=0.7223
Round 415 | selected=[55, 24, 30, 66, 43, 39, 44, 33, 90, 8]
Round 415 | train_loss=0.3825 train_acc=0.8716 test_loss=0.7319 test_acc=0.7448
Round 416 | selected=[84, 92, 44, 13, 91, 28, 74, 58, 96, 72]
Round 416 | train_loss=0.3698 train_acc=0.8720 test_loss=0.6800 test_acc=0.7622
Round 417 | selected=[11, 67, 2, 85, 28, 87, 82, 5, 59, 68]
Round 417 | train_loss=0.3888 train_acc=0.8646 test_loss=0.6962 test_acc=0.7562
Round 418 | selected=[85, 39, 80, 93, 96, 82, 41, 60, 81, 25]
Round 418 | train_loss=0.2765 train_acc=0.9042 test_loss=0.6849 test_acc=0.7616
Round 419 | selected=[18, 8, 87, 33, 55, 95, 64, 74, 62, 31]
Round 419 | train_loss=0.3802 train_acc=0.8664 test_loss=0.7356 test_acc=0.7453
Round 420 | selected=[97, 74, 13, 77, 54, 18, 72, 86, 67, 63]
Round 420 | train_loss=0.4155 train_acc=0.8618 test_loss=0.7246 test_acc=0.7434
Round 421 | selected=[77, 16, 23, 27, 98, 37, 33, 88, 67, 40]
Round 421 | train_loss=0.3744 train_acc=0.8704 test_loss=0.7495 test_acc=0.7248
Round 422 | selected=[25, 88, 81, 31, 72, 96, 26, 69, 94, 36]
Round 422 | train_loss=0.3485 train_acc=0.8812 test_loss=0.7245 test_acc=0.7369
Round 423 | selected=[75, 89, 24, 37, 5, 67, 48, 21, 59, 99]
Round 423 | train_loss=0.3785 train_acc=0.8748 test_loss=0.7230 test_acc=0.7451
Round 424 | selected=[80, 52, 4, 99, 67, 96, 60, 20, 93, 32]
Round 424 | train_loss=0.3004 train_acc=0.8968 test_loss=0.6809 test_acc=0.7699
Round 425 | selected=[48, 2, 25, 0, 77, 76, 58, 73, 24, 35]
Round 425 | train_loss=0.3622 train_acc=0.8740 test_loss=0.7294 test_acc=0.7574
Round 426 | selected=[15, 63, 75, 85, 80, 47, 93, 69, 54, 68]
Round 426 | train_loss=0.3394 train_acc=0.8872 test_loss=0.7369 test_acc=0.7513
Round 427 | selected=[14, 27, 90, 69, 13, 53, 19, 76, 93, 39]
Round 427 | train_loss=0.3824 train_acc=0.8670 test_loss=0.6730 test_acc=0.7639
Round 428 | selected=[96, 63, 38, 81, 43, 83, 99, 18, 53, 37]
Round 428 | train_loss=0.3424 train_acc=0.8738 test_loss=0.7488 test_acc=0.7353
Round 429 | selected=[29, 18, 25, 69, 89, 73, 31, 16, 5, 54]
Round 429 | train_loss=0.3928 train_acc=0.8672 test_loss=0.8226 test_acc=0.7095
Round 430 | selected=[29, 60, 98, 53, 28, 69, 54, 38, 96, 67]
Round 430 | train_loss=0.3179 train_acc=0.8932 test_loss=0.8981 test_acc=0.6928
Round 431 | selected=[40, 64, 45, 59, 56, 6, 55, 62, 7, 91]
Round 431 | train_loss=0.4412 train_acc=0.8506 test_loss=0.7008 test_acc=0.7638
Round 432 | selected=[75, 14, 87, 72, 3, 38, 24, 49, 76, 16]
Round 432 | train_loss=0.3375 train_acc=0.8820 test_loss=0.7508 test_acc=0.7385
Round 433 | selected=[62, 0, 71, 32, 10, 13, 84, 20, 99, 26]
Round 433 | train_loss=0.3873 train_acc=0.8662 test_loss=0.8245 test_acc=0.7235
Round 434 | selected=[28, 61, 82, 92, 72, 18, 15, 47, 87, 11]
Round 434 | train_loss=0.3107 train_acc=0.8962 test_loss=0.6704 test_acc=0.7691
Round 435 | selected=[82, 0, 77, 4, 65, 13, 99, 11, 30, 43]
Round 435 | train_loss=0.3721 train_acc=0.8714 test_loss=0.7570 test_acc=0.7413
Round 436 | selected=[67, 10, 73, 65, 20, 47, 24, 90, 92, 91]
Round 436 | train_loss=0.3455 train_acc=0.8790 test_loss=0.8743 test_acc=0.6896
Round 437 | selected=[49, 23, 34, 82, 80, 2, 67, 93, 42, 14]
Round 437 | train_loss=0.3774 train_acc=0.8636 test_loss=0.7424 test_acc=0.7311
Round 438 | selected=[6, 60, 46, 3, 89, 1, 91, 47, 88, 72]
Round 438 | train_loss=0.3886 train_acc=0.8640 test_loss=0.6764 test_acc=0.7606
Round 439 | selected=[51, 79, 59, 7, 4, 72, 10, 71, 16, 1]
Round 439 | train_loss=0.3426 train_acc=0.8840 test_loss=0.6810 test_acc=0.7600
Round 440 | selected=[43, 59, 74, 90, 53, 26, 38, 86, 48, 2]
Round 440 | train_loss=0.4144 train_acc=0.8600 test_loss=0.7028 test_acc=0.7638
Round 441 | selected=[78, 79, 24, 1, 87, 61, 33, 85, 54, 96]
Round 441 | train_loss=0.3114 train_acc=0.8984 test_loss=0.6670 test_acc=0.7739
Round 442 | selected=[50, 29, 11, 71, 20, 9, 85, 67, 2, 42]
Round 442 | train_loss=0.3935 train_acc=0.8694 test_loss=0.7865 test_acc=0.7241
Round 443 | selected=[97, 7, 81, 6, 39, 34, 76, 65, 84, 17]
Round 443 | train_loss=0.4054 train_acc=0.8520 test_loss=0.8658 test_acc=0.7096
Round 444 | selected=[23, 68, 64, 41, 17, 51, 34, 78, 12, 57]
Round 444 | train_loss=0.3468 train_acc=0.8838 test_loss=1.0363 test_acc=0.6593
Round 445 | selected=[18, 10, 28, 70, 45, 4, 60, 49, 58, 8]
Round 445 | train_loss=0.3532 train_acc=0.8796 test_loss=0.7906 test_acc=0.7418
Round 446 | selected=[47, 51, 45, 62, 53, 80, 22, 0, 83, 96]
Round 446 | train_loss=0.3367 train_acc=0.8824 test_loss=0.6497 test_acc=0.7709
Round 447 | selected=[60, 45, 43, 88, 29, 46, 67, 25, 74, 51]
Round 447 | train_loss=0.3877 train_acc=0.8676 test_loss=0.7165 test_acc=0.7555
Round 448 | selected=[86, 26, 20, 74, 45, 82, 94, 33, 81, 58]
Round 448 | train_loss=0.3290 train_acc=0.8886 test_loss=0.7449 test_acc=0.7498
Round 449 | selected=[86, 78, 90, 22, 24, 39, 5, 77, 4, 71]
Round 449 | train_loss=0.4411 train_acc=0.8486 test_loss=0.6142 test_acc=0.7846
Round 450 | selected=[84, 1, 17, 43, 94, 12, 76, 46, 80, 66]
Round 450 | train_loss=0.2846 train_acc=0.9090 test_loss=0.6626 test_acc=0.7696
Round 451 | selected=[60, 69, 13, 97, 79, 39, 4, 19, 94, 46]
Round 451 | train_loss=0.3705 train_acc=0.8738 test_loss=0.7018 test_acc=0.7515
Round 452 | selected=[77, 45, 56, 97, 1, 59, 14, 89, 21, 85]
Round 452 | train_loss=0.3134 train_acc=0.8988 test_loss=0.7367 test_acc=0.7367
Round 453 | selected=[90, 48, 83, 53, 95, 14, 67, 60, 29, 69]
Round 453 | train_loss=0.3668 train_acc=0.8690 test_loss=0.6673 test_acc=0.7652
Round 454 | selected=[89, 93, 2, 74, 64, 62, 13, 15, 68, 1]
Round 454 | train_loss=0.3917 train_acc=0.8630 test_loss=0.5726 test_acc=0.7968
Round 455 | selected=[61, 85, 10, 66, 62, 43, 98, 37, 91, 30]
Round 455 | train_loss=0.3042 train_acc=0.8964 test_loss=0.7156 test_acc=0.7580
Round 456 | selected=[45, 87, 41, 25, 34, 18, 33, 11, 39, 83]
Round 456 | train_loss=0.3139 train_acc=0.8922 test_loss=0.6368 test_acc=0.7834
Round 457 | selected=[86, 23, 31, 68, 55, 17, 15, 97, 43, 4]
Round 457 | train_loss=0.3118 train_acc=0.8916 test_loss=0.5508 test_acc=0.8091
Round 458 | selected=[67, 90, 85, 55, 16, 37, 75, 66, 92, 53]
Round 458 | train_loss=0.2808 train_acc=0.9076 test_loss=0.5917 test_acc=0.7941
Round 459 | selected=[49, 26, 79, 37, 92, 63, 55, 90, 99, 22]
Round 459 | train_loss=0.2954 train_acc=0.8966 test_loss=0.6737 test_acc=0.7735
Round 460 | selected=[70, 97, 61, 88, 4, 64, 86, 22, 31, 29]
Round 460 | train_loss=0.3890 train_acc=0.8664 test_loss=0.6479 test_acc=0.7790
Round 461 | selected=[70, 40, 21, 10, 3, 68, 37, 83, 1, 98]
Round 461 | train_loss=0.3417 train_acc=0.8744 test_loss=0.6802 test_acc=0.7569
Round 462 | selected=[15, 96, 85, 22, 99, 84, 51, 55, 1, 28]
Round 462 | train_loss=0.1822 train_acc=0.9438 test_loss=0.7619 test_acc=0.7350
Round 463 | selected=[53, 45, 91, 54, 6, 24, 7, 16, 67, 97]
Round 463 | train_loss=0.3655 train_acc=0.8734 test_loss=0.6179 test_acc=0.7812
Round 464 | selected=[35, 71, 4, 89, 80, 52, 44, 36, 42, 11]
Round 464 | train_loss=0.2949 train_acc=0.9008 test_loss=0.6157 test_acc=0.7908
Round 465 | selected=[86, 1, 57, 68, 31, 74, 88, 20, 21, 91]
Round 465 | train_loss=0.3382 train_acc=0.8820 test_loss=0.6500 test_acc=0.7832
Round 466 | selected=[76, 52, 42, 1, 80, 10, 88, 58, 95, 8]
Round 466 | train_loss=0.2521 train_acc=0.9146 test_loss=0.6478 test_acc=0.7859
Round 467 | selected=[17, 25, 53, 69, 83, 98, 3, 7, 21, 87]
Round 467 | train_loss=0.3871 train_acc=0.8652 test_loss=0.6118 test_acc=0.7867
Round 468 | selected=[30, 99, 10, 33, 74, 59, 14, 25, 32, 86]
Round 468 | train_loss=0.2926 train_acc=0.8982 test_loss=0.8365 test_acc=0.7034
Round 469 | selected=[70, 75, 76, 19, 21, 90, 66, 14, 82, 33]
Round 469 | train_loss=0.2963 train_acc=0.9002 test_loss=0.6876 test_acc=0.7597
Round 470 | selected=[78, 83, 38, 49, 53, 81, 37, 76, 31, 4]
Round 470 | train_loss=0.2842 train_acc=0.8998 test_loss=0.6929 test_acc=0.7611
Round 471 | selected=[26, 61, 25, 15, 39, 66, 71, 72, 1, 40]
Round 471 | train_loss=0.3051 train_acc=0.8948 test_loss=0.5862 test_acc=0.7978
Round 472 | selected=[29, 8, 95, 0, 51, 62, 73, 68, 61, 24]
Round 472 | train_loss=0.3076 train_acc=0.8966 test_loss=0.6092 test_acc=0.7925
Round 473 | selected=[95, 28, 49, 83, 11, 31, 1, 65, 63, 74]
Round 473 | train_loss=0.3446 train_acc=0.8820 test_loss=0.6114 test_acc=0.7876
Round 474 | selected=[48, 42, 71, 63, 36, 57, 13, 35, 92, 60]
Round 474 | train_loss=0.3502 train_acc=0.8806 test_loss=0.8349 test_acc=0.7161
Round 475 | selected=[56, 25, 10, 83, 37, 92, 66, 33, 81, 73]
Round 475 | train_loss=0.3020 train_acc=0.8926 test_loss=0.7259 test_acc=0.7477
Round 476 | selected=[1, 30, 64, 48, 82, 69, 60, 3, 78, 73]
Round 476 | train_loss=0.3402 train_acc=0.8866 test_loss=0.6573 test_acc=0.7656
Round 477 | selected=[91, 93, 20, 17, 87, 23, 0, 3, 53, 67]
Round 477 | train_loss=0.3374 train_acc=0.8854 test_loss=0.6286 test_acc=0.7780
Round 478 | selected=[31, 74, 30, 23, 58, 78, 20, 5, 56, 6]
Round 478 | train_loss=0.3101 train_acc=0.8952 test_loss=0.6013 test_acc=0.7885
Round 479 | selected=[99, 21, 45, 30, 93, 85, 58, 97, 56, 13]
Round 479 | train_loss=0.2405 train_acc=0.9168 test_loss=0.5812 test_acc=0.7965
Round 480 | selected=[62, 29, 37, 54, 51, 93, 33, 59, 4, 16]
Round 480 | train_loss=0.2926 train_acc=0.9008 test_loss=0.6250 test_acc=0.7822
Round 481 | selected=[63, 58, 57, 77, 98, 21, 18, 1, 24, 5]
Round 481 | train_loss=0.2897 train_acc=0.9020 test_loss=0.6579 test_acc=0.7791
Round 482 | selected=[51, 31, 14, 17, 13, 45, 70, 89, 63, 48]
Round 482 | train_loss=0.2978 train_acc=0.8988 test_loss=0.6389 test_acc=0.7812
Round 483 | selected=[73, 39, 8, 94, 58, 98, 10, 29, 31, 95]
Round 483 | train_loss=0.2417 train_acc=0.9180 test_loss=0.6556 test_acc=0.7722
Round 484 | selected=[96, 98, 50, 32, 25, 12, 59, 69, 87, 15]
Round 484 | train_loss=0.2356 train_acc=0.9180 test_loss=0.6365 test_acc=0.7772
Round 485 | selected=[56, 25, 32, 19, 10, 77, 80, 88, 94, 2]
Round 485 | train_loss=0.2726 train_acc=0.9078 test_loss=0.6701 test_acc=0.7693
Round 486 | selected=[65, 46, 32, 58, 95, 92, 23, 52, 18, 75]
Round 486 | train_loss=0.3060 train_acc=0.8990 test_loss=0.5617 test_acc=0.8066
Round 487 | selected=[45, 85, 58, 0, 93, 42, 8, 13, 52, 88]
Round 487 | train_loss=0.2574 train_acc=0.9166 test_loss=0.5555 test_acc=0.8088
Round 488 | selected=[19, 7, 9, 50, 56, 93, 53, 31, 22, 8]
Round 488 | train_loss=0.2437 train_acc=0.9152 test_loss=0.5785 test_acc=0.8004
Round 489 | selected=[95, 10, 58, 52, 94, 88, 68, 87, 50, 59]
Round 489 | train_loss=0.2485 train_acc=0.9148 test_loss=0.5603 test_acc=0.8064
Round 490 | selected=[1, 53, 82, 11, 36, 5, 95, 24, 42, 56]
Round 490 | train_loss=0.2528 train_acc=0.9142 test_loss=0.6501 test_acc=0.7746
Round 491 | selected=[91, 41, 85, 48, 45, 46, 6, 99, 1, 92]
Round 491 | train_loss=0.2710 train_acc=0.9114 test_loss=0.6490 test_acc=0.7715
Round 492 | selected=[88, 56, 24, 98, 58, 26, 70, 13, 9, 99]
Round 492 | train_loss=0.3004 train_acc=0.8932 test_loss=0.6503 test_acc=0.7704
Round 493 | selected=[39, 62, 79, 46, 91, 78, 7, 19, 51, 18]
Round 493 | train_loss=0.2996 train_acc=0.8948 test_loss=0.6546 test_acc=0.7770
Round 494 | selected=[12, 31, 21, 40, 68, 17, 97, 50, 26, 80]
Round 494 | train_loss=0.2581 train_acc=0.9134 test_loss=0.6032 test_acc=0.7989
Round 495 | selected=[14, 84, 21, 22, 19, 43, 54, 29, 59, 94]
Round 495 | train_loss=0.2395 train_acc=0.9206 test_loss=0.6209 test_acc=0.7906
Round 496 | selected=[10, 42, 74, 1, 3, 80, 13, 61, 77, 16]
Round 496 | train_loss=0.3112 train_acc=0.8972 test_loss=0.5942 test_acc=0.7918
Round 497 | selected=[31, 17, 59, 7, 29, 85, 37, 87, 22, 64]
Round 497 | train_loss=0.2525 train_acc=0.9150 test_loss=0.6700 test_acc=0.7592
Round 498 | selected=[70, 87, 92, 69, 10, 34, 7, 68, 6, 67]
Round 498 | train_loss=0.2530 train_acc=0.9208 test_loss=0.7003 test_acc=0.7493
Round 499 | selected=[73, 71, 28, 27, 36, 64, 24, 55, 86, 7]
Round 499 | train_loss=0.2959 train_acc=0.8966 test_loss=0.6277 test_acc=0.7836
Round 500 | selected=[52, 95, 60, 97, 91, 69, 44, 93, 76, 3]
Round 500 | train_loss=0.2730 train_acc=0.9076 test_loss=0.5951 test_acc=0.7939
Saved: track1/results/cifar10/final_seed43/fedavgm_alpha03_seed43.csv
COMPLETED: fedavgm alpha03 seed=43
