========================================
JOB:       12008223
TASK:      43
ALGORITHM: fedavgm
PARTITION: alpha01
SEED:      45
GPU:       0
========================================
Device: cuda
GPU: Tesla V100-PCIE-32GB
Round 0 | test_loss=2.8279 test_acc=0.0938
Round 1 | selected=[84, 96, 49, 52, 68, 55, 73, 51, 79, 50]
Round 1 | train_loss=1.3808 train_acc=0.5402 test_loss=2.6272 test_acc=0.1030
Round 2 | selected=[61, 70, 47, 11, 92, 52, 58, 77, 79, 57]
Round 2 | train_loss=1.3878 train_acc=0.5722 test_loss=3.4023 test_acc=0.1010
Round 3 | selected=[68, 28, 99, 76, 4, 11, 39, 98, 40, 5]
Round 3 | train_loss=1.9302 train_acc=0.5750 test_loss=5.4341 test_acc=0.1662
Round 4 | selected=[26, 11, 9, 16, 70, 81, 96, 73, 29, 19]
Round 4 | train_loss=2.4877 train_acc=0.4836 test_loss=16.8489 test_acc=0.1022
Round 5 | selected=[11, 19, 35, 99, 1, 3, 45, 97, 31, 91]
Round 5 | train_loss=2.3849 train_acc=0.5604 test_loss=52.8688 test_acc=0.1190
Round 6 | selected=[65, 92, 81, 94, 48, 86, 77, 43, 30, 68]
Round 6 | train_loss=1.6468 train_acc=0.5914 test_loss=59.1074 test_acc=0.1103
Round 7 | selected=[35, 74, 98, 56, 37, 62, 89, 49, 80, 13]
Round 7 | train_loss=2.2508 train_acc=0.4336 test_loss=30.2934 test_acc=0.1298
Round 8 | selected=[29, 13, 46, 2, 67, 30, 38, 4, 60, 73]
Round 8 | train_loss=2.6942 train_acc=0.4458 test_loss=12.5505 test_acc=0.1285
Round 9 | selected=[69, 44, 76, 74, 34, 79, 22, 60, 16, 15]
Round 9 | train_loss=3.2325 train_acc=0.4150 test_loss=10.1489 test_acc=0.1000
Round 10 | selected=[8, 64, 44, 23, 48, 9, 69, 1, 29, 86]
Round 10 | train_loss=1.9220 train_acc=0.4228 test_loss=9.9567 test_acc=0.1230
Round 11 | selected=[73, 27, 86, 10, 22, 92, 9, 36, 43, 21]
Round 11 | train_loss=2.6509 train_acc=0.2744 test_loss=5.1787 test_acc=0.0945
Round 12 | selected=[19, 10, 46, 11, 4, 42, 16, 99, 96, 21]
Round 12 | train_loss=2.3035 train_acc=0.2450 test_loss=3.1452 test_acc=0.0849
Round 13 | selected=[31, 94, 27, 21, 48, 46, 69, 72, 24, 19]
Round 13 | train_loss=1.9469 train_acc=0.3364 test_loss=2.7770 test_acc=0.1000
Round 14 | selected=[25, 64, 96, 46, 42, 85, 98, 20, 65, 89]
Round 14 | train_loss=2.1623 train_acc=0.2156 test_loss=2.7551 test_acc=0.1115
Round 15 | selected=[94, 59, 89, 13, 76, 48, 39, 55, 44, 60]
Round 15 | train_loss=2.5325 train_acc=0.1824 test_loss=2.7070 test_acc=0.1169
Round 16 | selected=[44, 33, 28, 69, 36, 32, 46, 3, 35, 5]
Round 16 | train_loss=2.3512 train_acc=0.2938 test_loss=2.5620 test_acc=0.1316
Round 17 | selected=[56, 86, 33, 90, 8, 44, 94, 74, 83, 93]
Round 17 | train_loss=2.2386 train_acc=0.3686 test_loss=2.8478 test_acc=0.1081
Round 18 | selected=[37, 96, 61, 80, 73, 86, 52, 2, 81, 38]
Round 18 | train_loss=2.0985 train_acc=0.3394 test_loss=3.0547 test_acc=0.1121
Round 19 | selected=[66, 82, 91, 49, 25, 42, 15, 74, 75, 13]
Round 19 | train_loss=2.3906 train_acc=0.0540 test_loss=2.6833 test_acc=0.1122
Round 20 | selected=[99, 42, 96, 30, 8, 88, 93, 46, 90, 82]
Round 20 | train_loss=2.3534 train_acc=0.0560 test_loss=2.4229 test_acc=0.1133
Round 21 | selected=[91, 8, 48, 72, 47, 73, 24, 60, 98, 50]
Round 21 | train_loss=2.3237 train_acc=0.1338 test_loss=2.4609 test_acc=0.1127
Round 22 | selected=[77, 27, 23, 18, 4, 45, 66, 71, 72, 51]
Round 22 | train_loss=2.2590 train_acc=0.1122 test_loss=2.4073 test_acc=0.1025
Round 23 | selected=[5, 69, 78, 15, 35, 44, 28, 19, 61, 59]
Round 23 | train_loss=2.2805 train_acc=0.0966 test_loss=2.3346 test_acc=0.1123
Round 24 | selected=[85, 67, 48, 41, 94, 11, 53, 22, 20, 52]
Round 24 | train_loss=2.2959 train_acc=0.1192 test_loss=2.4738 test_acc=0.1115
Round 25 | selected=[46, 96, 40, 57, 45, 30, 99, 94, 9, 5]
Round 25 | train_loss=2.1769 train_acc=0.2804 test_loss=2.7543 test_acc=0.0820
Round 26 | selected=[60, 99, 84, 0, 28, 13, 19, 55, 9, 96]
Round 26 | train_loss=2.0813 train_acc=0.4226 test_loss=2.7845 test_acc=0.1135
Round 27 | selected=[85, 18, 27, 88, 21, 73, 6, 62, 2, 82]
Round 27 | train_loss=2.3792 train_acc=0.1378 test_loss=2.7412 test_acc=0.1241
Round 28 | selected=[59, 40, 9, 65, 22, 53, 44, 72, 79, 45]
Round 28 | train_loss=2.0839 train_acc=0.3838 test_loss=2.4696 test_acc=0.1186
Round 29 | selected=[15, 11, 81, 91, 12, 35, 43, 26, 44, 94]
Round 29 | train_loss=2.2407 train_acc=0.2258 test_loss=2.3479 test_acc=0.1119
Round 30 | selected=[61, 1, 5, 70, 21, 6, 92, 75, 45, 40]
Round 30 | train_loss=2.3275 train_acc=0.1230 test_loss=2.3679 test_acc=0.1472
Round 31 | selected=[3, 14, 15, 90, 86, 96, 47, 45, 63, 10]
Round 31 | train_loss=2.0269 train_acc=0.4322 test_loss=2.4171 test_acc=0.1275
Round 32 | selected=[33, 35, 79, 59, 54, 96, 60, 67, 61, 39]
Round 32 | train_loss=2.1187 train_acc=0.2900 test_loss=2.3879 test_acc=0.1149
Round 33 | selected=[72, 49, 39, 77, 98, 10, 59, 17, 29, 9]
Round 33 | train_loss=2.1526 train_acc=0.2324 test_loss=2.4056 test_acc=0.1011
Round 34 | selected=[15, 59, 57, 88, 60, 13, 70, 47, 76, 26]
Round 34 | train_loss=1.9427 train_acc=0.4520 test_loss=2.3469 test_acc=0.0982
Round 35 | selected=[76, 4, 23, 69, 56, 13, 43, 54, 99, 88]
Round 35 | train_loss=1.8356 train_acc=0.4380 test_loss=2.4344 test_acc=0.0974
Round 36 | selected=[3, 50, 71, 29, 88, 11, 13, 2, 7, 47]
Round 36 | train_loss=1.9456 train_acc=0.3872 test_loss=2.5207 test_acc=0.1000
Round 37 | selected=[47, 27, 28, 8, 2, 88, 30, 16, 45, 60]
Round 37 | train_loss=1.9738 train_acc=0.3384 test_loss=2.4984 test_acc=0.1134
Round 38 | selected=[50, 29, 85, 86, 64, 10, 7, 16, 49, 48]
Round 38 | train_loss=1.8760 train_acc=0.3348 test_loss=2.6988 test_acc=0.1494
Round 39 | selected=[3, 88, 98, 97, 23, 40, 74, 61, 79, 59]
Round 39 | train_loss=2.1101 train_acc=0.4088 test_loss=2.8808 test_acc=0.1486
Round 40 | selected=[29, 47, 55, 25, 13, 65, 91, 10, 8, 89]
Round 40 | train_loss=2.0885 train_acc=0.3416 test_loss=2.8193 test_acc=0.1348
Round 41 | selected=[51, 18, 44, 36, 79, 62, 64, 43, 11, 96]
Round 41 | train_loss=2.4985 train_acc=0.1710 test_loss=2.5539 test_acc=0.1401
Round 42 | selected=[41, 24, 80, 14, 5, 27, 42, 90, 73, 47]
Round 42 | train_loss=2.2113 train_acc=0.3264 test_loss=2.4360 test_acc=0.1383
Round 43 | selected=[23, 81, 54, 52, 62, 9, 6, 38, 79, 2]
Round 43 | train_loss=2.1123 train_acc=0.3056 test_loss=2.4434 test_acc=0.1254
Round 44 | selected=[47, 85, 84, 78, 86, 3, 36, 7, 5, 81]
Round 44 | train_loss=2.1466 train_acc=0.2972 test_loss=2.4672 test_acc=0.1151
Round 45 | selected=[11, 75, 46, 15, 87, 21, 51, 99, 61, 90]
Round 45 | train_loss=2.2093 train_acc=0.2516 test_loss=2.4401 test_acc=0.1154
Round 46 | selected=[69, 76, 10, 45, 22, 62, 23, 65, 12, 3]
Round 46 | train_loss=2.4211 train_acc=0.1202 test_loss=2.3869 test_acc=0.1136
Round 47 | selected=[67, 90, 35, 54, 81, 44, 49, 39, 59, 23]
Round 47 | train_loss=2.1165 train_acc=0.2492 test_loss=2.3822 test_acc=0.1258
Round 48 | selected=[21, 14, 50, 90, 26, 19, 13, 68, 34, 48]
Round 48 | train_loss=2.2565 train_acc=0.1238 test_loss=2.3672 test_acc=0.1143
Round 49 | selected=[54, 25, 65, 52, 28, 81, 63, 5, 74, 91]
Round 49 | train_loss=2.1907 train_acc=0.1838 test_loss=2.3504 test_acc=0.1285
Round 50 | selected=[71, 16, 75, 59, 89, 46, 84, 44, 60, 37]
Round 50 | train_loss=2.2665 train_acc=0.0824 test_loss=2.3509 test_acc=0.1348
Round 51 | selected=[68, 88, 39, 89, 20, 76, 95, 70, 81, 26]
Round 51 | train_loss=2.2469 train_acc=0.2732 test_loss=2.3672 test_acc=0.1344
Round 52 | selected=[2, 9, 53, 58, 82, 81, 77, 74, 40, 95]
Round 52 | train_loss=2.3063 train_acc=0.1050 test_loss=2.3636 test_acc=0.1364
Round 53 | selected=[91, 64, 55, 94, 70, 61, 93, 71, 56, 63]
Round 53 | train_loss=2.3148 train_acc=0.1300 test_loss=2.3308 test_acc=0.1471
Round 54 | selected=[59, 24, 95, 36, 63, 16, 76, 94, 42, 51]
Round 54 | train_loss=2.2527 train_acc=0.2172 test_loss=2.3130 test_acc=0.1407
Round 55 | selected=[2, 85, 78, 67, 42, 69, 86, 31, 90, 57]
Round 55 | train_loss=2.2727 train_acc=0.1884 test_loss=2.3248 test_acc=0.1153
Round 56 | selected=[86, 69, 52, 75, 71, 66, 57, 37, 12, 77]
Round 56 | train_loss=2.2334 train_acc=0.1958 test_loss=2.3533 test_acc=0.1082
Round 57 | selected=[60, 27, 8, 63, 19, 52, 90, 30, 29, 57]
Round 57 | train_loss=2.2627 train_acc=0.1522 test_loss=2.3347 test_acc=0.1142
Round 58 | selected=[44, 8, 64, 25, 74, 77, 42, 81, 43, 55]
Round 58 | train_loss=2.2906 train_acc=0.1182 test_loss=2.3141 test_acc=0.1319
Round 59 | selected=[44, 0, 23, 91, 9, 5, 37, 62, 12, 24]
Round 59 | train_loss=2.2654 train_acc=0.1716 test_loss=2.3031 test_acc=0.1408
Round 60 | selected=[27, 89, 95, 51, 21, 17, 94, 46, 24, 14]
Round 60 | train_loss=2.2007 train_acc=0.1664 test_loss=2.2857 test_acc=0.1384
Round 61 | selected=[3, 17, 86, 96, 49, 24, 78, 79, 92, 14]
Round 61 | train_loss=2.1031 train_acc=0.2334 test_loss=2.2602 test_acc=0.1525
Round 62 | selected=[43, 95, 8, 94, 90, 22, 28, 12, 1, 11]
Round 62 | train_loss=2.2445 train_acc=0.1318 test_loss=2.2360 test_acc=0.1660
Round 63 | selected=[87, 26, 19, 31, 37, 54, 55, 93, 67, 65]
Round 63 | train_loss=2.1961 train_acc=0.1866 test_loss=2.2185 test_acc=0.1896
Round 64 | selected=[37, 76, 80, 61, 9, 65, 84, 69, 95, 72]
Round 64 | train_loss=2.1728 train_acc=0.2764 test_loss=2.2366 test_acc=0.1853
Round 65 | selected=[32, 78, 54, 85, 58, 86, 57, 60, 76, 56]
Round 65 | train_loss=2.1135 train_acc=0.3282 test_loss=2.2545 test_acc=0.1826
Round 66 | selected=[45, 26, 67, 90, 8, 3, 37, 15, 29, 18]
Round 66 | train_loss=2.1991 train_acc=0.2566 test_loss=2.2528 test_acc=0.1799
Round 67 | selected=[18, 35, 94, 9, 30, 39, 48, 97, 19, 96]
Round 67 | train_loss=2.1023 train_acc=0.3354 test_loss=2.2578 test_acc=0.1716
Round 68 | selected=[86, 41, 45, 81, 62, 43, 3, 9, 91, 63]
Round 68 | train_loss=2.0884 train_acc=0.3200 test_loss=2.2496 test_acc=0.1752
Round 69 | selected=[47, 88, 22, 84, 75, 80, 46, 37, 34, 2]
Round 69 | train_loss=2.2069 train_acc=0.1738 test_loss=2.2274 test_acc=0.1788
Round 70 | selected=[81, 48, 10, 38, 56, 21, 69, 85, 53, 5]
Round 70 | train_loss=1.9962 train_acc=0.3590 test_loss=2.2267 test_acc=0.1651
Round 71 | selected=[63, 19, 5, 92, 36, 43, 94, 99, 45, 18]
Round 71 | train_loss=2.0282 train_acc=0.3232 test_loss=2.2387 test_acc=0.1682
Round 72 | selected=[51, 3, 83, 10, 39, 15, 87, 6, 12, 62]
Round 72 | train_loss=2.1752 train_acc=0.1552 test_loss=2.2277 test_acc=0.1696
Round 73 | selected=[3, 70, 15, 1, 83, 5, 94, 77, 24, 75]
Round 73 | train_loss=2.1062 train_acc=0.2338 test_loss=2.2161 test_acc=0.1672
Round 74 | selected=[71, 75, 73, 62, 48, 56, 80, 29, 51, 37]
Round 74 | train_loss=2.0390 train_acc=0.2886 test_loss=2.1950 test_acc=0.1712
Round 75 | selected=[99, 7, 11, 35, 74, 59, 23, 19, 68, 13]
Round 75 | train_loss=1.9769 train_acc=0.3702 test_loss=2.1890 test_acc=0.1800
Round 76 | selected=[85, 57, 37, 71, 18, 9, 47, 58, 66, 2]
Round 76 | train_loss=2.0334 train_acc=0.3106 test_loss=2.1927 test_acc=0.1667
Round 77 | selected=[68, 92, 73, 45, 46, 72, 34, 25, 4, 0]
Round 77 | train_loss=1.9132 train_acc=0.4150 test_loss=2.2367 test_acc=0.1331
Round 78 | selected=[50, 61, 77, 51, 7, 26, 34, 58, 62, 33]
Round 78 | train_loss=2.0636 train_acc=0.2570 test_loss=2.2671 test_acc=0.1256
Round 79 | selected=[40, 68, 80, 67, 84, 74, 25, 93, 19, 14]
Round 79 | train_loss=1.9697 train_acc=0.3984 test_loss=2.3234 test_acc=0.1310
Round 80 | selected=[88, 51, 95, 64, 11, 83, 44, 99, 78, 89]
Round 80 | train_loss=1.9081 train_acc=0.3262 test_loss=2.2742 test_acc=0.1698
Round 81 | selected=[98, 73, 9, 96, 21, 33, 44, 89, 50, 61]
Round 81 | train_loss=2.0613 train_acc=0.2524 test_loss=2.2388 test_acc=0.1765
Round 82 | selected=[58, 51, 48, 54, 80, 38, 20, 83, 6, 14]
Round 82 | train_loss=2.0548 train_acc=0.2744 test_loss=2.2206 test_acc=0.1280
Round 83 | selected=[99, 66, 71, 70, 40, 12, 33, 50, 67, 1]
Round 83 | train_loss=1.9744 train_acc=0.3156 test_loss=2.1858 test_acc=0.1376
Round 84 | selected=[25, 75, 86, 41, 95, 65, 31, 66, 60, 15]
Round 84 | train_loss=1.7470 train_acc=0.4758 test_loss=2.2400 test_acc=0.1555
Round 85 | selected=[26, 73, 10, 18, 86, 79, 39, 97, 0, 76]
Round 85 | train_loss=1.7852 train_acc=0.3902 test_loss=2.2915 test_acc=0.1563
Round 86 | selected=[40, 7, 15, 29, 13, 89, 85, 46, 10, 84]
Round 86 | train_loss=1.9079 train_acc=0.3414 test_loss=2.3533 test_acc=0.1667
Round 87 | selected=[0, 43, 52, 5, 42, 14, 88, 63, 77, 74]
Round 87 | train_loss=2.0142 train_acc=0.2624 test_loss=2.2657 test_acc=0.1727
Round 88 | selected=[45, 9, 95, 94, 75, 33, 12, 25, 36, 24]
Round 88 | train_loss=2.2428 train_acc=0.1882 test_loss=2.2088 test_acc=0.1760
Round 89 | selected=[21, 56, 47, 38, 83, 81, 19, 95, 64, 70]
Round 89 | train_loss=2.0819 train_acc=0.2668 test_loss=2.1514 test_acc=0.1737
Round 90 | selected=[39, 29, 23, 41, 7, 84, 42, 34, 67, 22]
Round 90 | train_loss=1.9401 train_acc=0.4124 test_loss=2.1427 test_acc=0.1870
Round 91 | selected=[56, 60, 6, 0, 17, 95, 23, 48, 29, 87]
Round 91 | train_loss=1.8626 train_acc=0.4808 test_loss=2.1758 test_acc=0.1819
Round 92 | selected=[56, 66, 36, 89, 41, 74, 61, 9, 34, 8]
Round 92 | train_loss=1.8847 train_acc=0.3258 test_loss=2.2197 test_acc=0.1818
Round 93 | selected=[60, 88, 58, 61, 14, 5, 66, 49, 83, 1]
Round 93 | train_loss=1.9891 train_acc=0.2928 test_loss=2.2365 test_acc=0.1904
Round 94 | selected=[59, 44, 52, 11, 32, 4, 81, 91, 6, 3]
Round 94 | train_loss=1.9498 train_acc=0.3106 test_loss=2.2319 test_acc=0.1718
Round 95 | selected=[19, 48, 34, 50, 8, 70, 63, 88, 46, 51]
Round 95 | train_loss=1.9782 train_acc=0.2324 test_loss=2.2189 test_acc=0.1774
Round 96 | selected=[63, 29, 43, 11, 81, 61, 70, 94, 3, 55]
Round 96 | train_loss=1.8508 train_acc=0.4180 test_loss=2.2737 test_acc=0.1695
Round 97 | selected=[39, 40, 22, 32, 12, 34, 67, 3, 35, 50]
Round 97 | train_loss=2.0661 train_acc=0.3134 test_loss=2.2345 test_acc=0.1615
Round 98 | selected=[58, 74, 98, 93, 22, 21, 28, 43, 94, 26]
Round 98 | train_loss=2.0261 train_acc=0.2426 test_loss=2.1570 test_acc=0.1877
Round 99 | selected=[95, 9, 57, 78, 38, 54, 55, 43, 72, 40]
Round 99 | train_loss=1.9530 train_acc=0.3688 test_loss=2.1377 test_acc=0.2240
Round 100 | selected=[66, 84, 7, 3, 17, 72, 23, 11, 91, 57]
Round 100 | train_loss=1.9848 train_acc=0.3474 test_loss=2.3063 test_acc=0.1790
Round 101 | selected=[14, 28, 15, 86, 89, 81, 40, 19, 35, 1]
Round 101 | train_loss=1.7164 train_acc=0.4438 test_loss=2.3858 test_acc=0.1514
Round 102 | selected=[7, 3, 46, 8, 74, 65, 17, 70, 10, 88]
Round 102 | train_loss=1.9859 train_acc=0.3556 test_loss=2.3523 test_acc=0.1467
Round 103 | selected=[11, 33, 62, 32, 95, 9, 12, 77, 35, 28]
Round 103 | train_loss=2.0483 train_acc=0.3156 test_loss=2.2837 test_acc=0.1564
Round 104 | selected=[43, 37, 72, 22, 0, 98, 79, 78, 51, 20]
Round 104 | train_loss=1.9852 train_acc=0.2988 test_loss=2.2736 test_acc=0.1736
Round 105 | selected=[22, 88, 68, 39, 90, 46, 44, 45, 78, 29]
Round 105 | train_loss=2.0918 train_acc=0.2566 test_loss=2.2355 test_acc=0.1753
Round 106 | selected=[38, 39, 34, 99, 78, 42, 37, 2, 10, 45]
Round 106 | train_loss=1.9449 train_acc=0.3228 test_loss=2.2472 test_acc=0.1436
Round 107 | selected=[28, 54, 61, 86, 3, 48, 97, 82, 35, 24]
Round 107 | train_loss=1.9207 train_acc=0.3322 test_loss=2.2834 test_acc=0.1327
Round 108 | selected=[84, 8, 19, 14, 93, 73, 79, 27, 70, 22]
Round 108 | train_loss=1.9807 train_acc=0.3248 test_loss=2.2582 test_acc=0.1604
Round 109 | selected=[53, 66, 15, 37, 76, 57, 80, 40, 13, 83]
Round 109 | train_loss=2.1111 train_acc=0.2290 test_loss=2.1135 test_acc=0.1686
Round 110 | selected=[50, 44, 37, 11, 64, 48, 12, 69, 31, 75]
Round 110 | train_loss=2.0068 train_acc=0.2810 test_loss=2.1105 test_acc=0.1980
Round 111 | selected=[8, 16, 20, 51, 12, 99, 75, 71, 94, 11]
Round 111 | train_loss=1.8943 train_acc=0.3514 test_loss=2.1081 test_acc=0.2080
Round 112 | selected=[38, 98, 73, 46, 9, 93, 90, 97, 8, 25]
Round 112 | train_loss=2.0258 train_acc=0.3416 test_loss=2.1047 test_acc=0.2147
Round 113 | selected=[38, 99, 89, 63, 90, 9, 69, 67, 40, 56]
Round 113 | train_loss=1.8138 train_acc=0.5080 test_loss=2.1722 test_acc=0.1677
Round 114 | selected=[36, 91, 82, 59, 87, 61, 75, 85, 3, 83]
Round 114 | train_loss=2.0862 train_acc=0.1758 test_loss=2.2186 test_acc=0.1735
Round 115 | selected=[52, 71, 12, 3, 5, 27, 90, 87, 15, 55]
Round 115 | train_loss=2.0599 train_acc=0.2072 test_loss=2.2218 test_acc=0.1846
Round 116 | selected=[83, 74, 2, 68, 5, 40, 73, 69, 92, 78]
Round 116 | train_loss=1.8016 train_acc=0.4268 test_loss=2.2300 test_acc=0.1895
Round 117 | selected=[29, 36, 35, 63, 92, 71, 51, 84, 7, 25]
Round 117 | train_loss=1.9103 train_acc=0.3566 test_loss=2.2624 test_acc=0.1553
Round 118 | selected=[2, 95, 88, 35, 43, 7, 38, 79, 48, 74]
Round 118 | train_loss=1.9090 train_acc=0.3610 test_loss=2.2905 test_acc=0.1406
Round 119 | selected=[67, 37, 65, 53, 79, 34, 94, 15, 13, 62]
Round 119 | train_loss=1.8699 train_acc=0.4422 test_loss=2.2573 test_acc=0.1698
Round 120 | selected=[1, 35, 6, 65, 51, 7, 31, 94, 77, 71]
Round 120 | train_loss=1.9897 train_acc=0.2938 test_loss=2.1734 test_acc=0.1901
Round 121 | selected=[90, 76, 30, 20, 69, 92, 67, 72, 58, 35]
Round 121 | train_loss=1.7427 train_acc=0.4654 test_loss=2.1595 test_acc=0.1930
Round 122 | selected=[49, 66, 29, 55, 18, 54, 57, 77, 14, 27]
Round 122 | train_loss=2.0981 train_acc=0.2238 test_loss=2.2676 test_acc=0.1647
Round 123 | selected=[9, 36, 44, 73, 23, 64, 58, 4, 95, 87]
Round 123 | train_loss=2.0562 train_acc=0.2158 test_loss=2.2355 test_acc=0.1747
Round 124 | selected=[13, 0, 76, 96, 59, 36, 72, 68, 4, 20]
Round 124 | train_loss=1.8456 train_acc=0.3808 test_loss=2.2059 test_acc=0.1936
Round 125 | selected=[48, 37, 94, 90, 25, 92, 95, 79, 59, 46]
Round 125 | train_loss=2.0600 train_acc=0.2446 test_loss=2.2686 test_acc=0.1611
Round 126 | selected=[77, 88, 94, 4, 9, 24, 80, 32, 75, 39]
Round 126 | train_loss=1.8322 train_acc=0.3418 test_loss=2.2538 test_acc=0.1527
Round 127 | selected=[76, 91, 89, 54, 79, 92, 15, 94, 68, 85]
Round 127 | train_loss=2.0531 train_acc=0.2402 test_loss=2.2296 test_acc=0.1578
Round 128 | selected=[62, 49, 80, 96, 68, 12, 95, 71, 2, 47]
Round 128 | train_loss=2.0461 train_acc=0.2460 test_loss=2.1635 test_acc=0.1768
Round 129 | selected=[69, 99, 82, 43, 34, 3, 73, 4, 77, 96]
Round 129 | train_loss=1.8310 train_acc=0.3602 test_loss=2.1123 test_acc=0.1914
Round 130 | selected=[1, 38, 37, 7, 78, 21, 42, 54, 18, 99]
Round 130 | train_loss=2.0099 train_acc=0.2374 test_loss=2.0616 test_acc=0.2039
Round 131 | selected=[11, 71, 57, 27, 98, 19, 89, 30, 44, 50]
Round 131 | train_loss=1.9234 train_acc=0.3748 test_loss=2.0684 test_acc=0.2063
Round 132 | selected=[25, 57, 74, 87, 17, 99, 61, 68, 0, 12]
Round 132 | train_loss=1.7070 train_acc=0.5488 test_loss=2.1782 test_acc=0.1762
Round 133 | selected=[18, 39, 13, 63, 29, 41, 45, 17, 20, 3]
Round 133 | train_loss=1.9004 train_acc=0.3162 test_loss=2.2735 test_acc=0.1331
Round 134 | selected=[93, 62, 95, 33, 77, 1, 67, 73, 35, 43]
Round 134 | train_loss=2.1024 train_acc=0.2440 test_loss=2.2447 test_acc=0.1774
Round 135 | selected=[57, 38, 58, 16, 23, 7, 70, 76, 5, 4]
Round 135 | train_loss=1.6520 train_acc=0.4428 test_loss=2.1527 test_acc=0.1933
Round 136 | selected=[20, 8, 56, 19, 18, 47, 61, 66, 84, 62]
Round 136 | train_loss=1.8756 train_acc=0.3776 test_loss=2.2111 test_acc=0.1819
Round 137 | selected=[45, 3, 78, 20, 36, 51, 98, 89, 41, 29]
Round 137 | train_loss=1.8925 train_acc=0.3514 test_loss=2.2577 test_acc=0.1758
Round 138 | selected=[37, 71, 8, 7, 28, 96, 38, 22, 94, 60]
Round 138 | train_loss=1.8197 train_acc=0.3452 test_loss=2.2225 test_acc=0.1719
Round 139 | selected=[42, 47, 54, 72, 48, 60, 12, 79, 87, 86]
Round 139 | train_loss=1.6794 train_acc=0.4010 test_loss=2.1739 test_acc=0.1716
Round 140 | selected=[75, 11, 90, 15, 6, 58, 63, 8, 25, 84]
Round 140 | train_loss=1.8711 train_acc=0.3262 test_loss=2.2660 test_acc=0.1745
Round 141 | selected=[62, 37, 94, 51, 95, 0, 82, 29, 74, 83]
Round 141 | train_loss=1.8901 train_acc=0.3566 test_loss=2.2500 test_acc=0.1669
Round 142 | selected=[47, 95, 64, 30, 55, 32, 24, 71, 73, 90]
Round 142 | train_loss=1.9452 train_acc=0.3152 test_loss=2.1582 test_acc=0.1638
Round 143 | selected=[37, 12, 10, 30, 20, 38, 66, 34, 0, 50]
Round 143 | train_loss=1.8779 train_acc=0.3292 test_loss=2.3832 test_acc=0.1457
Round 144 | selected=[17, 26, 43, 32, 49, 95, 66, 2, 5, 83]
Round 144 | train_loss=1.9625 train_acc=0.3632 test_loss=2.3251 test_acc=0.1539
Round 145 | selected=[3, 94, 98, 88, 50, 54, 40, 38, 80, 49]
Round 145 | train_loss=1.8982 train_acc=0.3316 test_loss=2.2258 test_acc=0.1706
Round 146 | selected=[75, 36, 71, 76, 48, 3, 57, 14, 27, 74]
Round 146 | train_loss=1.9065 train_acc=0.3178 test_loss=2.1158 test_acc=0.1990
Round 147 | selected=[31, 9, 45, 81, 14, 95, 62, 5, 69, 34]
Round 147 | train_loss=1.8068 train_acc=0.4144 test_loss=2.0784 test_acc=0.2208
Round 148 | selected=[50, 74, 99, 1, 20, 70, 58, 59, 83, 80]
Round 148 | train_loss=1.7870 train_acc=0.3304 test_loss=2.0955 test_acc=0.2102
Round 149 | selected=[46, 79, 54, 41, 43, 83, 40, 50, 1, 18]
Round 149 | train_loss=1.6185 train_acc=0.4724 test_loss=2.1386 test_acc=0.1931
Round 150 | selected=[70, 53, 4, 36, 68, 28, 16, 47, 17, 38]
Round 150 | train_loss=1.8137 train_acc=0.3490 test_loss=2.1768 test_acc=0.1866
Round 151 | selected=[24, 79, 58, 50, 38, 45, 59, 9, 27, 7]
Round 151 | train_loss=1.8975 train_acc=0.3388 test_loss=2.1635 test_acc=0.1866
Round 152 | selected=[95, 74, 41, 81, 55, 22, 62, 25, 17, 34]
Round 152 | train_loss=1.8779 train_acc=0.3284 test_loss=2.1807 test_acc=0.1995
Round 153 | selected=[28, 98, 99, 27, 65, 71, 17, 95, 6, 46]
Round 153 | train_loss=1.7087 train_acc=0.3908 test_loss=2.2018 test_acc=0.1650
Round 154 | selected=[13, 56, 26, 83, 48, 65, 12, 14, 32, 41]
Round 154 | train_loss=1.7672 train_acc=0.3260 test_loss=2.1962 test_acc=0.1636
Round 155 | selected=[5, 74, 68, 19, 71, 80, 69, 11, 96, 90]
Round 155 | train_loss=1.5503 train_acc=0.4546 test_loss=2.1817 test_acc=0.1883
Round 156 | selected=[58, 94, 30, 45, 14, 50, 66, 84, 85, 57]
Round 156 | train_loss=1.8272 train_acc=0.2792 test_loss=2.2100 test_acc=0.1715
Round 157 | selected=[78, 23, 56, 99, 68, 17, 58, 76, 7, 74]
Round 157 | train_loss=1.5513 train_acc=0.5350 test_loss=2.2746 test_acc=0.1796
Round 158 | selected=[0, 12, 93, 19, 41, 28, 86, 31, 96, 54]
Round 158 | train_loss=2.0314 train_acc=0.2150 test_loss=2.2029 test_acc=0.1875
Round 159 | selected=[85, 14, 35, 56, 59, 94, 9, 43, 72, 89]
Round 159 | train_loss=1.8847 train_acc=0.3034 test_loss=2.1514 test_acc=0.2016
Round 160 | selected=[13, 59, 24, 85, 19, 32, 3, 79, 25, 68]
Round 160 | train_loss=1.5141 train_acc=0.4152 test_loss=2.1026 test_acc=0.2059
Round 161 | selected=[6, 97, 95, 9, 96, 5, 81, 65, 42, 43]
Round 161 | train_loss=1.7434 train_acc=0.3656 test_loss=2.0364 test_acc=0.2208
Round 162 | selected=[18, 6, 24, 95, 26, 58, 19, 46, 44, 41]
Round 162 | train_loss=1.6328 train_acc=0.3804 test_loss=2.0302 test_acc=0.2222
Round 163 | selected=[84, 5, 85, 80, 3, 21, 92, 75, 76, 98]
Round 163 | train_loss=1.9111 train_acc=0.3392 test_loss=2.0543 test_acc=0.2028
Round 164 | selected=[26, 17, 54, 89, 51, 44, 23, 73, 82, 24]
Round 164 | train_loss=1.7139 train_acc=0.3682 test_loss=2.0661 test_acc=0.1977
Round 165 | selected=[33, 12, 19, 10, 1, 27, 96, 17, 25, 97]
Round 165 | train_loss=1.6598 train_acc=0.3914 test_loss=2.0981 test_acc=0.1957
Round 166 | selected=[68, 62, 0, 59, 86, 63, 94, 33, 67, 10]
Round 166 | train_loss=1.5078 train_acc=0.4768 test_loss=2.1697 test_acc=0.1838
Round 167 | selected=[61, 64, 89, 30, 19, 44, 2, 97, 15, 37]
Round 167 | train_loss=1.5281 train_acc=0.4686 test_loss=2.2485 test_acc=0.1718
Round 168 | selected=[11, 52, 21, 99, 83, 30, 62, 61, 10, 74]
Round 168 | train_loss=1.7137 train_acc=0.3028 test_loss=2.3127 test_acc=0.1624
Round 169 | selected=[74, 1, 75, 34, 21, 9, 6, 85, 65, 13]
Round 169 | train_loss=1.8060 train_acc=0.3682 test_loss=2.2641 test_acc=0.1464
Round 170 | selected=[35, 86, 45, 12, 49, 13, 10, 43, 32, 88]
Round 170 | train_loss=1.6592 train_acc=0.4562 test_loss=2.0894 test_acc=0.2067
Round 171 | selected=[89, 42, 46, 19, 77, 59, 44, 17, 71, 6]
Round 171 | train_loss=1.5894 train_acc=0.4418 test_loss=2.0187 test_acc=0.2221
Round 172 | selected=[35, 65, 4, 72, 29, 46, 44, 56, 61, 87]
Round 172 | train_loss=1.4524 train_acc=0.5150 test_loss=2.0978 test_acc=0.1895
Round 173 | selected=[67, 56, 34, 48, 77, 44, 16, 1, 83, 19]
Round 173 | train_loss=1.5394 train_acc=0.4864 test_loss=2.1234 test_acc=0.1800
Round 174 | selected=[41, 30, 8, 94, 74, 96, 90, 79, 61, 15]
Round 174 | train_loss=1.5556 train_acc=0.4586 test_loss=2.1233 test_acc=0.1870
Round 175 | selected=[90, 45, 16, 55, 47, 69, 9, 80, 76, 62]
Round 175 | train_loss=1.6833 train_acc=0.3936 test_loss=2.0384 test_acc=0.1918
Round 176 | selected=[68, 7, 87, 9, 48, 37, 90, 12, 67, 32]
Round 176 | train_loss=1.5162 train_acc=0.5320 test_loss=2.0361 test_acc=0.2152
Round 177 | selected=[99, 89, 94, 88, 25, 84, 97, 2, 15, 74]
Round 177 | train_loss=1.3926 train_acc=0.5784 test_loss=2.0857 test_acc=0.2012
Round 178 | selected=[93, 26, 75, 83, 25, 50, 65, 1, 96, 22]
Round 178 | train_loss=1.6189 train_acc=0.4178 test_loss=2.1830 test_acc=0.2028
Round 179 | selected=[24, 18, 13, 21, 55, 11, 73, 30, 10, 16]
Round 179 | train_loss=2.0212 train_acc=0.2660 test_loss=2.1124 test_acc=0.2240
Round 180 | selected=[88, 6, 34, 3, 1, 58, 21, 42, 47, 81]
Round 180 | train_loss=1.4536 train_acc=0.4820 test_loss=2.0820 test_acc=0.2174
Round 181 | selected=[51, 56, 29, 6, 20, 64, 75, 30, 16, 94]
Round 181 | train_loss=1.5840 train_acc=0.4814 test_loss=2.1479 test_acc=0.1727
Round 182 | selected=[1, 25, 75, 80, 95, 72, 43, 11, 24, 99]
Round 182 | train_loss=1.5588 train_acc=0.5252 test_loss=2.1459 test_acc=0.1708
Round 183 | selected=[63, 11, 60, 61, 95, 8, 32, 94, 55, 24]
Round 183 | train_loss=1.3817 train_acc=0.5908 test_loss=2.0394 test_acc=0.2158
Round 184 | selected=[39, 8, 43, 50, 12, 22, 23, 52, 75, 25]
Round 184 | train_loss=1.6594 train_acc=0.4520 test_loss=2.0379 test_acc=0.1870
Round 185 | selected=[71, 46, 83, 90, 55, 24, 8, 30, 87, 63]
Round 185 | train_loss=1.5072 train_acc=0.4596 test_loss=2.1108 test_acc=0.1856
Round 186 | selected=[67, 66, 36, 50, 78, 90, 99, 44, 33, 37]
Round 186 | train_loss=1.5028 train_acc=0.4632 test_loss=2.0238 test_acc=0.2017
Round 187 | selected=[53, 45, 0, 89, 5, 68, 18, 92, 54, 74]
Round 187 | train_loss=1.5632 train_acc=0.4880 test_loss=2.0210 test_acc=0.2083
Round 188 | selected=[7, 80, 22, 17, 66, 79, 87, 63, 33, 64]
Round 188 | train_loss=1.4286 train_acc=0.5248 test_loss=2.0251 test_acc=0.2161
Round 189 | selected=[39, 59, 66, 51, 90, 86, 31, 81, 26, 6]
Round 189 | train_loss=1.3820 train_acc=0.5650 test_loss=2.0330 test_acc=0.2215
Round 190 | selected=[97, 30, 67, 35, 51, 96, 80, 81, 44, 71]
Round 190 | train_loss=1.6783 train_acc=0.4462 test_loss=1.9993 test_acc=0.2254
Round 191 | selected=[49, 54, 28, 75, 89, 61, 77, 43, 0, 53]
Round 191 | train_loss=1.6147 train_acc=0.4128 test_loss=2.0011 test_acc=0.2307
Round 192 | selected=[48, 60, 6, 66, 29, 63, 77, 55, 2, 82]
Round 192 | train_loss=1.6269 train_acc=0.4998 test_loss=1.9322 test_acc=0.2596
Round 193 | selected=[56, 48, 24, 58, 97, 75, 60, 31, 68, 63]
Round 193 | train_loss=1.2961 train_acc=0.6100 test_loss=1.9367 test_acc=0.2522
Round 194 | selected=[67, 61, 34, 64, 91, 3, 99, 80, 32, 26]
Round 194 | train_loss=1.4367 train_acc=0.5380 test_loss=1.9483 test_acc=0.2336
Round 195 | selected=[36, 3, 1, 7, 60, 11, 19, 23, 9, 57]
Round 195 | train_loss=1.5697 train_acc=0.4890 test_loss=1.9788 test_acc=0.2037
Round 196 | selected=[63, 0, 41, 36, 78, 85, 19, 49, 13, 55]
Round 196 | train_loss=1.2474 train_acc=0.6138 test_loss=2.0831 test_acc=0.2028
Round 197 | selected=[39, 25, 22, 27, 14, 99, 73, 93, 96, 88]
Round 197 | train_loss=1.6654 train_acc=0.4460 test_loss=2.1737 test_acc=0.2002
Round 198 | selected=[42, 89, 50, 4, 56, 86, 2, 19, 67, 10]
Round 198 | train_loss=1.2438 train_acc=0.5510 test_loss=2.2864 test_acc=0.2243
Round 199 | selected=[72, 81, 34, 35, 50, 49, 55, 67, 69, 28]
Round 199 | train_loss=1.4529 train_acc=0.5286 test_loss=2.3647 test_acc=0.2291
Round 200 | selected=[65, 93, 92, 19, 98, 27, 43, 59, 56, 62]
Round 200 | train_loss=1.3363 train_acc=0.5532 test_loss=2.2581 test_acc=0.2316
Round 201 | selected=[48, 14, 1, 11, 26, 68, 8, 52, 32, 66]
Round 201 | train_loss=1.5292 train_acc=0.4930 test_loss=2.1891 test_acc=0.2309
Round 202 | selected=[22, 4, 74, 1, 76, 12, 68, 81, 5, 98]
Round 202 | train_loss=1.3769 train_acc=0.5250 test_loss=2.2139 test_acc=0.2374
Round 203 | selected=[9, 18, 69, 47, 74, 0, 88, 71, 75, 34]
Round 203 | train_loss=1.8045 train_acc=0.3904 test_loss=2.0381 test_acc=0.2266
Round 204 | selected=[45, 67, 86, 7, 8, 65, 36, 9, 46, 11]
Round 204 | train_loss=1.2276 train_acc=0.5756 test_loss=2.0599 test_acc=0.2261
Round 205 | selected=[53, 57, 76, 29, 13, 84, 98, 10, 38, 18]
Round 205 | train_loss=1.7198 train_acc=0.4646 test_loss=2.1498 test_acc=0.2155
Round 206 | selected=[59, 89, 44, 39, 58, 94, 2, 26, 81, 87]
Round 206 | train_loss=1.6545 train_acc=0.3410 test_loss=2.0952 test_acc=0.2284
Round 207 | selected=[72, 57, 60, 22, 47, 69, 21, 61, 46, 35]
Round 207 | train_loss=1.4146 train_acc=0.5032 test_loss=2.0913 test_acc=0.2117
Round 208 | selected=[86, 88, 12, 90, 15, 13, 10, 5, 54, 29]
Round 208 | train_loss=1.3730 train_acc=0.5764 test_loss=2.0521 test_acc=0.2284
Round 209 | selected=[42, 19, 53, 43, 77, 70, 7, 94, 87, 15]
Round 209 | train_loss=1.5258 train_acc=0.4676 test_loss=2.0190 test_acc=0.2251
Round 210 | selected=[30, 7, 46, 85, 87, 40, 63, 12, 15, 16]
Round 210 | train_loss=1.3493 train_acc=0.5154 test_loss=2.1675 test_acc=0.1974
Round 211 | selected=[3, 5, 70, 7, 60, 24, 51, 4, 35, 21]
Round 211 | train_loss=1.2679 train_acc=0.5704 test_loss=2.3295 test_acc=0.1676
Round 212 | selected=[0, 36, 46, 44, 88, 11, 83, 15, 77, 50]
Round 212 | train_loss=1.5478 train_acc=0.4366 test_loss=2.3103 test_acc=0.1557
Round 213 | selected=[42, 58, 19, 39, 49, 53, 83, 23, 25, 7]
Round 213 | train_loss=1.5037 train_acc=0.4424 test_loss=2.1820 test_acc=0.1936
Round 214 | selected=[36, 55, 29, 12, 88, 44, 63, 57, 69, 50]
Round 214 | train_loss=1.6483 train_acc=0.4588 test_loss=2.0294 test_acc=0.2303
Round 215 | selected=[63, 89, 71, 37, 59, 88, 69, 93, 95, 72]
Round 215 | train_loss=1.3794 train_acc=0.5820 test_loss=2.0205 test_acc=0.2199
Round 216 | selected=[28, 18, 95, 50, 14, 17, 24, 92, 73, 49]
Round 216 | train_loss=1.5335 train_acc=0.4422 test_loss=2.0391 test_acc=0.2265
Round 217 | selected=[69, 46, 18, 26, 39, 6, 70, 22, 83, 11]
Round 217 | train_loss=1.4833 train_acc=0.4862 test_loss=2.0343 test_acc=0.2301
Round 218 | selected=[59, 16, 4, 83, 18, 63, 36, 11, 1, 85]
Round 218 | train_loss=1.5158 train_acc=0.4558 test_loss=1.9861 test_acc=0.2211
Round 219 | selected=[3, 63, 98, 99, 81, 93, 74, 25, 47, 28]
Round 219 | train_loss=1.4418 train_acc=0.5400 test_loss=2.0802 test_acc=0.2359
Round 220 | selected=[92, 14, 37, 19, 8, 36, 9, 65, 58, 10]
Round 220 | train_loss=1.6440 train_acc=0.4536 test_loss=2.0636 test_acc=0.2200
Round 221 | selected=[54, 60, 8, 71, 75, 43, 19, 81, 64, 58]
Round 221 | train_loss=1.6187 train_acc=0.4224 test_loss=2.0246 test_acc=0.2128
Round 222 | selected=[11, 84, 10, 39, 0, 36, 58, 92, 77, 66]
Round 222 | train_loss=1.3406 train_acc=0.5088 test_loss=2.0841 test_acc=0.1854
Round 223 | selected=[51, 75, 84, 87, 77, 31, 54, 38, 15, 29]
Round 223 | train_loss=1.5384 train_acc=0.5230 test_loss=2.0323 test_acc=0.2252
Round 224 | selected=[42, 54, 89, 3, 32, 49, 12, 61, 82, 68]
Round 224 | train_loss=1.6296 train_acc=0.3998 test_loss=2.0103 test_acc=0.2459
Round 225 | selected=[26, 79, 18, 19, 38, 89, 53, 86, 29, 51]
Round 225 | train_loss=1.5683 train_acc=0.4422 test_loss=2.0470 test_acc=0.2472
Round 226 | selected=[51, 18, 99, 33, 28, 72, 34, 27, 26, 75]
Round 226 | train_loss=1.6849 train_acc=0.4216 test_loss=1.9941 test_acc=0.2569
Round 227 | selected=[24, 37, 5, 23, 38, 6, 78, 80, 66, 0]
Round 227 | train_loss=1.6666 train_acc=0.3704 test_loss=1.9463 test_acc=0.2419
Round 228 | selected=[72, 37, 51, 6, 63, 90, 49, 22, 56, 92]
Round 228 | train_loss=1.7274 train_acc=0.4140 test_loss=2.0138 test_acc=0.2329
Round 229 | selected=[27, 34, 70, 12, 99, 76, 48, 98, 26, 42]
Round 229 | train_loss=1.5916 train_acc=0.4074 test_loss=2.0088 test_acc=0.2500
Round 230 | selected=[22, 92, 19, 6, 28, 78, 98, 43, 83, 74]
Round 230 | train_loss=1.6018 train_acc=0.3962 test_loss=2.0681 test_acc=0.2359
Round 231 | selected=[71, 16, 18, 51, 63, 39, 86, 15, 25, 45]
Round 231 | train_loss=1.6166 train_acc=0.4006 test_loss=2.1925 test_acc=0.2085
Round 232 | selected=[56, 66, 7, 43, 6, 84, 24, 60, 0, 15]
Round 232 | train_loss=1.4974 train_acc=0.4900 test_loss=2.1041 test_acc=0.2208
Round 233 | selected=[51, 58, 46, 86, 28, 47, 32, 92, 64, 56]
Round 233 | train_loss=1.3368 train_acc=0.5652 test_loss=2.1033 test_acc=0.2383
Round 234 | selected=[34, 87, 21, 85, 8, 32, 43, 73, 55, 74]
Round 234 | train_loss=1.7936 train_acc=0.3986 test_loss=2.2556 test_acc=0.2296
Round 235 | selected=[63, 38, 29, 96, 51, 94, 16, 25, 30, 36]
Round 235 | train_loss=1.5108 train_acc=0.5374 test_loss=2.1914 test_acc=0.2517
Round 236 | selected=[29, 97, 82, 88, 15, 98, 0, 95, 67, 41]
Round 236 | train_loss=1.9228 train_acc=0.3572 test_loss=2.0466 test_acc=0.2687
Round 237 | selected=[2, 43, 91, 7, 80, 51, 82, 78, 92, 76]
Round 237 | train_loss=2.0554 train_acc=0.2454 test_loss=2.0626 test_acc=0.2661
Round 238 | selected=[31, 43, 0, 6, 21, 47, 57, 88, 83, 25]
Round 238 | train_loss=1.4533 train_acc=0.5092 test_loss=2.0599 test_acc=0.2441
Round 239 | selected=[82, 33, 25, 68, 10, 87, 62, 56, 81, 23]
Round 239 | train_loss=1.5248 train_acc=0.5324 test_loss=1.9446 test_acc=0.2584
Round 240 | selected=[51, 69, 73, 10, 67, 24, 50, 41, 43, 58]
Round 240 | train_loss=1.6060 train_acc=0.4148 test_loss=1.9863 test_acc=0.2457
Round 241 | selected=[4, 49, 89, 19, 29, 9, 45, 22, 0, 18]
Round 241 | train_loss=1.7013 train_acc=0.4002 test_loss=1.9764 test_acc=0.2503
Round 242 | selected=[88, 17, 67, 51, 56, 49, 59, 14, 10, 45]
Round 242 | train_loss=1.5466 train_acc=0.4672 test_loss=1.9251 test_acc=0.2593
Round 243 | selected=[75, 16, 36, 70, 17, 5, 53, 14, 47, 66]
Round 243 | train_loss=1.5552 train_acc=0.4992 test_loss=1.9350 test_acc=0.2575
Round 244 | selected=[8, 40, 45, 53, 32, 55, 25, 12, 87, 91]
Round 244 | train_loss=1.3612 train_acc=0.5978 test_loss=1.9590 test_acc=0.2595
Round 245 | selected=[56, 87, 80, 82, 68, 75, 2, 53, 64, 6]
Round 245 | train_loss=1.4847 train_acc=0.5090 test_loss=2.0124 test_acc=0.2592
Round 246 | selected=[55, 95, 57, 32, 33, 35, 96, 0, 5, 50]
Round 246 | train_loss=1.5755 train_acc=0.4556 test_loss=2.1477 test_acc=0.2288
Round 247 | selected=[89, 42, 97, 18, 61, 10, 12, 80, 77, 4]
Round 247 | train_loss=1.7652 train_acc=0.3142 test_loss=2.0562 test_acc=0.2474
Round 248 | selected=[31, 76, 62, 86, 32, 20, 71, 72, 5, 21]
Round 248 | train_loss=1.4632 train_acc=0.5132 test_loss=1.9705 test_acc=0.2612
Round 249 | selected=[27, 75, 3, 19, 92, 94, 41, 7, 24, 32]
Round 249 | train_loss=1.3319 train_acc=0.5718 test_loss=1.9845 test_acc=0.2483
Round 250 | selected=[87, 36, 46, 53, 56, 34, 17, 33, 25, 49]
Round 250 | train_loss=1.3749 train_acc=0.5370 test_loss=1.9356 test_acc=0.2501
Round 251 | selected=[5, 53, 59, 49, 78, 71, 4, 70, 66, 76]
Round 251 | train_loss=1.3603 train_acc=0.5406 test_loss=1.8885 test_acc=0.2735
Round 252 | selected=[77, 33, 1, 71, 67, 70, 22, 75, 27, 48]
Round 252 | train_loss=1.6656 train_acc=0.4014 test_loss=1.9035 test_acc=0.2800
Round 253 | selected=[32, 63, 85, 55, 47, 93, 15, 46, 2, 13]
Round 253 | train_loss=1.3928 train_acc=0.5250 test_loss=1.8812 test_acc=0.2565
Round 254 | selected=[35, 38, 68, 58, 91, 59, 82, 69, 75, 81]
Round 254 | train_loss=1.4258 train_acc=0.5114 test_loss=1.9190 test_acc=0.2576
Round 255 | selected=[37, 30, 71, 7, 40, 60, 64, 74, 72, 79]
Round 255 | train_loss=1.4196 train_acc=0.4934 test_loss=1.8778 test_acc=0.2604
Round 256 | selected=[91, 66, 73, 33, 84, 22, 99, 32, 75, 1]
Round 256 | train_loss=1.5687 train_acc=0.4000 test_loss=1.8278 test_acc=0.2590
Round 257 | selected=[23, 36, 53, 18, 33, 70, 9, 80, 96, 20]
Round 257 | train_loss=1.5542 train_acc=0.4508 test_loss=1.8710 test_acc=0.2676
Round 258 | selected=[33, 47, 48, 59, 76, 8, 17, 45, 81, 23]
Round 258 | train_loss=1.5100 train_acc=0.4390 test_loss=1.9042 test_acc=0.2792
Round 259 | selected=[95, 97, 84, 45, 26, 53, 65, 92, 5, 60]
Round 259 | train_loss=1.3865 train_acc=0.5262 test_loss=1.9728 test_acc=0.2617
Round 260 | selected=[46, 69, 36, 77, 30, 71, 72, 81, 43, 27]
Round 260 | train_loss=1.5589 train_acc=0.4610 test_loss=2.0068 test_acc=0.2222
Round 261 | selected=[0, 18, 32, 17, 80, 3, 23, 58, 73, 19]
Round 261 | train_loss=1.3711 train_acc=0.5194 test_loss=2.0440 test_acc=0.2179
Round 262 | selected=[80, 30, 37, 28, 68, 96, 18, 57, 97, 27]
Round 262 | train_loss=1.6747 train_acc=0.3948 test_loss=1.9614 test_acc=0.2508
Round 263 | selected=[3, 46, 10, 17, 24, 66, 75, 36, 62, 14]
Round 263 | train_loss=1.2980 train_acc=0.5648 test_loss=1.9316 test_acc=0.2776
Round 264 | selected=[11, 56, 23, 12, 73, 55, 41, 75, 92, 64]
Round 264 | train_loss=1.4614 train_acc=0.4902 test_loss=1.9723 test_acc=0.2645
Round 265 | selected=[19, 93, 29, 59, 50, 24, 96, 75, 16, 23]
Round 265 | train_loss=1.4208 train_acc=0.4904 test_loss=1.9218 test_acc=0.2660
Round 266 | selected=[66, 62, 0, 92, 56, 22, 67, 91, 88, 34]
Round 266 | train_loss=1.2177 train_acc=0.5912 test_loss=1.9119 test_acc=0.2470
Round 267 | selected=[40, 31, 96, 76, 72, 0, 54, 69, 52, 29]
Round 267 | train_loss=1.3752 train_acc=0.5310 test_loss=1.9455 test_acc=0.2423
Round 268 | selected=[25, 58, 64, 4, 97, 83, 17, 78, 50, 77]
Round 268 | train_loss=1.3310 train_acc=0.5120 test_loss=1.9226 test_acc=0.2852
Round 269 | selected=[20, 30, 81, 11, 76, 77, 49, 88, 75, 23]
Round 269 | train_loss=1.6678 train_acc=0.4388 test_loss=2.0770 test_acc=0.2275
Round 270 | selected=[81, 92, 39, 1, 62, 28, 19, 91, 80, 69]
Round 270 | train_loss=1.4492 train_acc=0.4744 test_loss=2.4656 test_acc=0.1729
Round 271 | selected=[61, 17, 39, 59, 67, 57, 81, 66, 29, 28]
Round 271 | train_loss=1.5381 train_acc=0.4480 test_loss=2.3022 test_acc=0.1781
Round 272 | selected=[63, 42, 80, 78, 36, 83, 17, 84, 43, 93]
Round 272 | train_loss=1.5379 train_acc=0.4204 test_loss=2.0099 test_acc=0.2474
Round 273 | selected=[16, 69, 98, 24, 35, 13, 56, 10, 55, 65]
Round 273 | train_loss=1.5589 train_acc=0.5022 test_loss=2.0321 test_acc=0.2399
Round 274 | selected=[35, 86, 50, 82, 5, 47, 63, 91, 11, 19]
Round 274 | train_loss=1.4201 train_acc=0.5236 test_loss=1.9685 test_acc=0.2380
Round 275 | selected=[2, 12, 33, 17, 1, 62, 47, 6, 58, 91]
Round 275 | train_loss=1.5615 train_acc=0.4154 test_loss=1.9420 test_acc=0.2442
Round 276 | selected=[86, 31, 87, 77, 78, 83, 14, 91, 62, 38]
Round 276 | train_loss=1.3250 train_acc=0.5200 test_loss=1.9075 test_acc=0.2595
Round 277 | selected=[6, 13, 27, 15, 78, 16, 89, 21, 69, 68]
Round 277 | train_loss=1.3696 train_acc=0.5384 test_loss=1.8330 test_acc=0.2790
Round 278 | selected=[30, 68, 21, 98, 81, 52, 61, 78, 95, 48]
Round 278 | train_loss=1.3531 train_acc=0.5726 test_loss=1.9144 test_acc=0.2542
Round 279 | selected=[67, 93, 74, 79, 3, 89, 17, 33, 85, 70]
Round 279 | train_loss=1.5950 train_acc=0.4558 test_loss=2.0017 test_acc=0.2288
Round 280 | selected=[82, 22, 0, 83, 76, 52, 53, 27, 69, 65]
Round 280 | train_loss=1.5256 train_acc=0.4372 test_loss=1.8954 test_acc=0.2814
Round 281 | selected=[42, 73, 78, 93, 48, 84, 26, 19, 17, 7]
Round 281 | train_loss=1.1483 train_acc=0.6164 test_loss=1.9765 test_acc=0.2730
Round 282 | selected=[16, 0, 87, 31, 62, 74, 50, 48, 10, 54]
Round 282 | train_loss=1.6579 train_acc=0.4370 test_loss=2.0879 test_acc=0.2553
Round 283 | selected=[31, 89, 64, 51, 1, 68, 61, 23, 91, 2]
Round 283 | train_loss=1.6035 train_acc=0.4112 test_loss=2.0585 test_acc=0.2564
Round 284 | selected=[29, 54, 23, 66, 36, 20, 24, 63, 47, 95]
Round 284 | train_loss=1.4238 train_acc=0.5228 test_loss=2.0214 test_acc=0.2645
Round 285 | selected=[19, 33, 55, 93, 21, 39, 59, 4, 84, 29]
Round 285 | train_loss=1.5094 train_acc=0.4492 test_loss=1.9458 test_acc=0.2602
Round 286 | selected=[27, 98, 60, 85, 11, 62, 44, 65, 22, 36]
Round 286 | train_loss=1.7118 train_acc=0.3720 test_loss=1.8846 test_acc=0.2829
Round 287 | selected=[1, 90, 38, 54, 53, 4, 42, 60, 6, 30]
Round 287 | train_loss=1.3542 train_acc=0.5090 test_loss=1.9522 test_acc=0.2810
Round 288 | selected=[97, 71, 60, 27, 90, 22, 58, 0, 3, 11]
Round 288 | train_loss=1.5883 train_acc=0.4352 test_loss=1.8708 test_acc=0.3060
Round 289 | selected=[1, 14, 13, 85, 0, 64, 95, 61, 19, 84]
Round 289 | train_loss=1.3571 train_acc=0.5454 test_loss=1.8893 test_acc=0.2723
Round 290 | selected=[84, 79, 54, 32, 2, 86, 67, 56, 19, 39]
Round 290 | train_loss=1.0995 train_acc=0.6492 test_loss=1.9545 test_acc=0.2265
Round 291 | selected=[72, 98, 30, 21, 75, 54, 77, 79, 32, 45]
Round 291 | train_loss=1.5510 train_acc=0.4236 test_loss=1.9884 test_acc=0.2187
Round 292 | selected=[9, 88, 5, 27, 42, 69, 70, 10, 31, 7]
Round 292 | train_loss=1.5843 train_acc=0.3930 test_loss=1.9242 test_acc=0.2355
Round 293 | selected=[61, 97, 34, 23, 62, 20, 42, 41, 72, 51]
Round 293 | train_loss=1.4644 train_acc=0.4188 test_loss=1.8837 test_acc=0.2871
Round 294 | selected=[25, 34, 3, 1, 19, 97, 84, 65, 90, 58]
Round 294 | train_loss=1.3697 train_acc=0.5068 test_loss=1.9094 test_acc=0.2868
Round 295 | selected=[97, 83, 12, 47, 82, 49, 58, 34, 37, 94]
Round 295 | train_loss=1.5040 train_acc=0.4536 test_loss=1.9891 test_acc=0.2818
Round 296 | selected=[79, 20, 3, 49, 4, 82, 75, 83, 57, 64]
Round 296 | train_loss=1.3071 train_acc=0.5656 test_loss=2.0222 test_acc=0.2798
Round 297 | selected=[26, 85, 13, 95, 36, 96, 12, 70, 91, 24]
Round 297 | train_loss=1.8805 train_acc=0.3282 test_loss=1.9763 test_acc=0.2658
Round 298 | selected=[25, 99, 43, 49, 78, 12, 51, 18, 75, 8]
Round 298 | train_loss=1.7424 train_acc=0.3418 test_loss=1.9078 test_acc=0.2717
Round 299 | selected=[97, 28, 49, 67, 30, 54, 16, 21, 33, 76]
Round 299 | train_loss=1.2771 train_acc=0.6098 test_loss=1.9342 test_acc=0.2553
Round 300 | selected=[13, 65, 5, 92, 95, 60, 26, 39, 78, 66]
Round 300 | train_loss=1.3013 train_acc=0.5290 test_loss=1.9244 test_acc=0.2840
Round 301 | selected=[9, 7, 93, 98, 56, 68, 45, 54, 61, 55]
Round 301 | train_loss=1.5304 train_acc=0.4340 test_loss=1.9158 test_acc=0.2818
Round 302 | selected=[70, 15, 24, 86, 52, 20, 89, 39, 26, 29]
Round 302 | train_loss=1.4243 train_acc=0.4636 test_loss=1.9435 test_acc=0.2775
Round 303 | selected=[88, 70, 93, 14, 40, 54, 38, 11, 83, 68]
Round 303 | train_loss=1.3980 train_acc=0.4874 test_loss=1.9365 test_acc=0.2733
Round 304 | selected=[32, 7, 18, 89, 71, 28, 47, 27, 8, 11]
Round 304 | train_loss=1.7664 train_acc=0.3768 test_loss=1.8752 test_acc=0.2653
Round 305 | selected=[45, 20, 3, 79, 63, 59, 56, 57, 16, 51]
Round 305 | train_loss=1.4376 train_acc=0.4776 test_loss=1.8751 test_acc=0.2810
Round 306 | selected=[64, 86, 36, 51, 71, 58, 67, 68, 83, 11]
Round 306 | train_loss=1.2705 train_acc=0.5546 test_loss=1.9378 test_acc=0.2778
Round 307 | selected=[15, 75, 99, 73, 85, 98, 49, 83, 93, 23]
Round 307 | train_loss=1.5308 train_acc=0.4336 test_loss=1.9826 test_acc=0.2540
Round 308 | selected=[69, 28, 30, 84, 15, 86, 87, 7, 36, 59]
Round 308 | train_loss=1.1997 train_acc=0.5764 test_loss=2.1025 test_acc=0.2562
Round 309 | selected=[16, 19, 85, 9, 34, 64, 66, 25, 35, 86]
Round 309 | train_loss=1.4681 train_acc=0.5020 test_loss=2.1041 test_acc=0.2481
Round 310 | selected=[93, 20, 90, 69, 28, 18, 52, 15, 19, 3]
Round 310 | train_loss=1.4227 train_acc=0.4960 test_loss=2.0609 test_acc=0.2323
Round 311 | selected=[34, 77, 19, 88, 85, 9, 45, 5, 20, 39]
Round 311 | train_loss=1.4748 train_acc=0.5084 test_loss=1.9602 test_acc=0.2351
Round 312 | selected=[5, 14, 60, 30, 49, 71, 87, 35, 39, 80]
Round 312 | train_loss=1.6919 train_acc=0.3542 test_loss=1.8761 test_acc=0.2536
Round 313 | selected=[63, 69, 41, 25, 81, 3, 68, 49, 34, 89]
Round 313 | train_loss=1.2561 train_acc=0.5798 test_loss=1.8576 test_acc=0.2753
Round 314 | selected=[82, 39, 65, 22, 38, 51, 36, 50, 10, 75]
Round 314 | train_loss=1.5918 train_acc=0.4178 test_loss=1.7742 test_acc=0.3184
Round 315 | selected=[63, 38, 85, 47, 55, 86, 4, 44, 76, 36]
Round 315 | train_loss=1.1491 train_acc=0.6260 test_loss=1.6966 test_acc=0.3591
Round 316 | selected=[67, 32, 53, 11, 61, 28, 62, 44, 98, 43]
Round 316 | train_loss=1.2906 train_acc=0.5714 test_loss=1.7155 test_acc=0.3372
Round 317 | selected=[54, 42, 31, 56, 37, 38, 4, 26, 55, 47]
Round 317 | train_loss=1.1863 train_acc=0.6170 test_loss=1.7465 test_acc=0.3157
Round 318 | selected=[77, 24, 38, 71, 6, 43, 79, 12, 84, 69]
Round 318 | train_loss=1.3967 train_acc=0.4758 test_loss=1.7389 test_acc=0.3205
Round 319 | selected=[22, 47, 46, 87, 35, 90, 2, 33, 53, 99]
Round 319 | train_loss=1.3805 train_acc=0.4622 test_loss=1.6735 test_acc=0.3434
Round 320 | selected=[94, 86, 38, 85, 83, 29, 68, 97, 92, 55]
Round 320 | train_loss=1.1859 train_acc=0.5742 test_loss=1.6998 test_acc=0.3345
Round 321 | selected=[33, 52, 40, 54, 43, 85, 97, 59, 83, 71]
Round 321 | train_loss=1.3551 train_acc=0.5056 test_loss=1.6895 test_acc=0.3294
Round 322 | selected=[39, 18, 9, 77, 71, 38, 99, 74, 25, 52]
Round 322 | train_loss=1.3796 train_acc=0.5558 test_loss=1.7542 test_acc=0.2925
Round 323 | selected=[85, 22, 13, 49, 88, 7, 98, 16, 56, 24]
Round 323 | train_loss=1.2146 train_acc=0.6208 test_loss=1.7566 test_acc=0.3017
Round 324 | selected=[43, 83, 24, 21, 97, 76, 30, 84, 75, 82]
Round 324 | train_loss=1.3502 train_acc=0.4818 test_loss=1.7470 test_acc=0.3093
Round 325 | selected=[69, 34, 42, 37, 92, 81, 17, 60, 88, 16]
Round 325 | train_loss=1.0452 train_acc=0.6558 test_loss=1.7405 test_acc=0.3166
Round 326 | selected=[27, 7, 8, 71, 40, 1, 86, 12, 4, 44]
Round 326 | train_loss=1.1910 train_acc=0.5708 test_loss=1.7980 test_acc=0.3175
Round 327 | selected=[85, 99, 68, 3, 9, 72, 57, 36, 82, 47]
Round 327 | train_loss=1.3756 train_acc=0.5382 test_loss=1.7356 test_acc=0.3224
Round 328 | selected=[87, 32, 37, 52, 27, 54, 45, 80, 57, 73]
Round 328 | train_loss=1.4756 train_acc=0.4842 test_loss=1.8742 test_acc=0.3008
Round 329 | selected=[73, 13, 77, 46, 64, 91, 33, 36, 62, 15]
Round 329 | train_loss=1.3841 train_acc=0.5016 test_loss=1.7728 test_acc=0.3281
Round 330 | selected=[3, 79, 26, 43, 96, 6, 54, 45, 85, 59]
Round 330 | train_loss=1.3405 train_acc=0.5156 test_loss=1.7518 test_acc=0.3025
Round 331 | selected=[0, 29, 41, 44, 7, 51, 23, 84, 33, 43]
Round 331 | train_loss=1.3934 train_acc=0.5216 test_loss=1.7599 test_acc=0.3155
Round 332 | selected=[7, 27, 68, 57, 83, 43, 42, 25, 3, 17]
Round 332 | train_loss=1.0194 train_acc=0.6662 test_loss=1.8877 test_acc=0.3046
Round 333 | selected=[73, 8, 34, 79, 81, 70, 94, 5, 74, 98]
Round 333 | train_loss=1.4981 train_acc=0.4570 test_loss=1.8391 test_acc=0.3010
Round 334 | selected=[16, 75, 82, 12, 48, 57, 97, 34, 24, 36]
Round 334 | train_loss=1.4292 train_acc=0.4800 test_loss=1.8971 test_acc=0.2968
Round 335 | selected=[61, 68, 64, 45, 47, 90, 74, 31, 93, 16]
Round 335 | train_loss=1.5033 train_acc=0.4454 test_loss=1.8181 test_acc=0.3104
Round 336 | selected=[43, 53, 1, 92, 73, 15, 94, 87, 52, 41]
Round 336 | train_loss=1.1517 train_acc=0.6186 test_loss=1.7946 test_acc=0.3059
Round 337 | selected=[34, 58, 25, 90, 72, 1, 88, 28, 52, 96]
Round 337 | train_loss=1.2068 train_acc=0.5914 test_loss=1.7174 test_acc=0.3439
Round 338 | selected=[67, 52, 69, 46, 25, 55, 29, 68, 56, 64]
Round 338 | train_loss=1.0930 train_acc=0.6600 test_loss=1.6906 test_acc=0.3535
Round 339 | selected=[82, 52, 80, 63, 25, 12, 21, 73, 6, 33]
Round 339 | train_loss=1.2340 train_acc=0.5796 test_loss=1.6850 test_acc=0.3564
Round 340 | selected=[6, 82, 4, 28, 13, 10, 23, 5, 63, 55]
Round 340 | train_loss=1.2349 train_acc=0.5942 test_loss=1.7014 test_acc=0.3541
Round 341 | selected=[98, 40, 29, 90, 12, 94, 66, 88, 34, 42]
Round 341 | train_loss=1.1691 train_acc=0.6332 test_loss=1.7989 test_acc=0.3313
Round 342 | selected=[26, 41, 31, 47, 13, 78, 86, 33, 82, 10]
Round 342 | train_loss=1.1413 train_acc=0.6138 test_loss=1.7888 test_acc=0.3168
Round 343 | selected=[3, 73, 48, 97, 53, 0, 6, 34, 87, 44]
Round 343 | train_loss=1.4591 train_acc=0.4612 test_loss=1.7196 test_acc=0.3227
Round 344 | selected=[61, 26, 12, 8, 23, 84, 73, 4, 79, 77]
Round 344 | train_loss=1.2101 train_acc=0.5458 test_loss=1.6914 test_acc=0.3267
Round 345 | selected=[22, 13, 98, 18, 34, 76, 24, 52, 0, 78]
Round 345 | train_loss=1.2397 train_acc=0.5746 test_loss=1.7621 test_acc=0.3140
Round 346 | selected=[15, 91, 94, 56, 43, 58, 63, 69, 93, 47]
Round 346 | train_loss=0.9888 train_acc=0.6884 test_loss=1.8964 test_acc=0.2824
Round 347 | selected=[92, 49, 52, 29, 54, 0, 51, 42, 64, 82]
Round 347 | train_loss=1.3113 train_acc=0.5336 test_loss=1.8722 test_acc=0.2784
Round 348 | selected=[74, 28, 96, 92, 39, 64, 88, 80, 22, 25]
Round 348 | train_loss=1.2939 train_acc=0.5436 test_loss=1.7511 test_acc=0.3128
Round 349 | selected=[60, 54, 20, 21, 67, 98, 39, 52, 90, 59]
Round 349 | train_loss=1.2041 train_acc=0.5566 test_loss=1.7273 test_acc=0.3279
Round 350 | selected=[3, 53, 84, 93, 81, 50, 19, 1, 10, 89]
Round 350 | train_loss=1.1239 train_acc=0.6544 test_loss=1.8999 test_acc=0.2807
Round 351 | selected=[96, 5, 88, 48, 9, 60, 12, 65, 83, 22]
Round 351 | train_loss=1.3724 train_acc=0.5262 test_loss=1.8867 test_acc=0.2962
Round 352 | selected=[85, 43, 42, 29, 38, 46, 86, 12, 62, 51]
Round 352 | train_loss=1.1562 train_acc=0.6232 test_loss=1.7505 test_acc=0.3381
Round 353 | selected=[88, 58, 25, 67, 31, 28, 97, 15, 53, 8]
Round 353 | train_loss=1.0677 train_acc=0.6828 test_loss=1.7785 test_acc=0.3380
Round 354 | selected=[16, 14, 4, 49, 89, 11, 83, 42, 80, 95]
Round 354 | train_loss=1.3004 train_acc=0.5194 test_loss=1.8263 test_acc=0.3240
Round 355 | selected=[18, 58, 73, 34, 54, 2, 23, 69, 95, 61]
Round 355 | train_loss=1.2952 train_acc=0.5432 test_loss=1.7796 test_acc=0.3215
Round 356 | selected=[98, 64, 16, 20, 66, 76, 32, 91, 96, 9]
Round 356 | train_loss=1.2585 train_acc=0.5682 test_loss=1.7514 test_acc=0.3430
Round 357 | selected=[67, 29, 4, 11, 85, 87, 3, 30, 39, 45]
Round 357 | train_loss=1.4526 train_acc=0.4848 test_loss=1.8160 test_acc=0.3179
Round 358 | selected=[85, 75, 33, 64, 55, 50, 47, 26, 4, 67]
Round 358 | train_loss=1.3219 train_acc=0.5346 test_loss=2.0462 test_acc=0.2869
Round 359 | selected=[48, 62, 58, 3, 57, 95, 45, 26, 94, 29]
Round 359 | train_loss=1.3026 train_acc=0.5156 test_loss=2.1193 test_acc=0.2858
Round 360 | selected=[68, 86, 88, 57, 67, 30, 45, 41, 47, 95]
Round 360 | train_loss=1.1880 train_acc=0.6140 test_loss=2.0433 test_acc=0.2898
Round 361 | selected=[3, 20, 87, 48, 80, 71, 97, 8, 98, 18]
Round 361 | train_loss=1.4844 train_acc=0.5004 test_loss=1.8542 test_acc=0.3319
Round 362 | selected=[74, 49, 41, 88, 4, 19, 98, 46, 6, 90]
Round 362 | train_loss=1.2120 train_acc=0.6060 test_loss=1.8978 test_acc=0.3328
Round 363 | selected=[57, 35, 8, 59, 94, 49, 83, 23, 95, 85]
Round 363 | train_loss=1.3801 train_acc=0.4990 test_loss=1.8893 test_acc=0.2991
Round 364 | selected=[43, 77, 30, 89, 32, 61, 10, 82, 56, 54]
Round 364 | train_loss=1.4131 train_acc=0.4850 test_loss=1.9394 test_acc=0.2666
Round 365 | selected=[40, 55, 48, 89, 88, 49, 24, 28, 83, 75]
Round 365 | train_loss=1.3926 train_acc=0.5138 test_loss=1.8793 test_acc=0.2964
Round 366 | selected=[96, 72, 92, 13, 17, 15, 26, 41, 65, 78]
Round 366 | train_loss=1.0829 train_acc=0.6300 test_loss=1.8088 test_acc=0.2942
Round 367 | selected=[43, 47, 20, 3, 31, 81, 45, 68, 17, 82]
Round 367 | train_loss=1.2383 train_acc=0.5606 test_loss=1.7854 test_acc=0.3106
Round 368 | selected=[22, 19, 87, 79, 94, 91, 69, 17, 48, 49]
Round 368 | train_loss=1.2100 train_acc=0.5494 test_loss=1.7912 test_acc=0.2996
Round 369 | selected=[62, 7, 25, 85, 66, 38, 18, 50, 56, 37]
Round 369 | train_loss=1.2453 train_acc=0.5714 test_loss=1.7540 test_acc=0.3024
Round 370 | selected=[39, 24, 42, 3, 10, 75, 59, 49, 55, 46]
Round 370 | train_loss=1.2835 train_acc=0.5162 test_loss=1.7280 test_acc=0.3288
Round 371 | selected=[91, 8, 74, 84, 76, 82, 35, 42, 86, 59]
Round 371 | train_loss=1.0947 train_acc=0.6294 test_loss=1.7538 test_acc=0.3319
Round 372 | selected=[9, 79, 77, 68, 21, 63, 5, 53, 36, 86]
Round 372 | train_loss=1.0799 train_acc=0.6268 test_loss=1.6919 test_acc=0.3548
Round 373 | selected=[52, 33, 72, 14, 81, 77, 3, 61, 46, 76]
Round 373 | train_loss=1.1813 train_acc=0.5778 test_loss=1.7451 test_acc=0.3300
Round 374 | selected=[18, 57, 98, 58, 43, 87, 97, 64, 10, 22]
Round 374 | train_loss=1.3975 train_acc=0.4866 test_loss=1.7621 test_acc=0.3270
Round 375 | selected=[52, 94, 14, 5, 23, 38, 46, 16, 1, 17]
Round 375 | train_loss=1.1144 train_acc=0.6288 test_loss=1.8541 test_acc=0.3079
Round 376 | selected=[3, 76, 12, 15, 39, 7, 95, 54, 17, 88]
Round 376 | train_loss=1.0466 train_acc=0.6612 test_loss=1.8358 test_acc=0.3116
Round 377 | selected=[22, 46, 90, 2, 76, 36, 48, 23, 4, 42]
Round 377 | train_loss=1.0868 train_acc=0.6580 test_loss=1.8606 test_acc=0.2933
Round 378 | selected=[87, 45, 21, 19, 36, 4, 3, 1, 65, 86]
Round 378 | train_loss=1.0308 train_acc=0.6524 test_loss=1.8826 test_acc=0.3005
Round 379 | selected=[38, 83, 44, 5, 54, 85, 43, 86, 60, 68]
Round 379 | train_loss=1.0526 train_acc=0.6396 test_loss=1.8100 test_acc=0.3195
Round 380 | selected=[92, 42, 35, 15, 21, 37, 72, 4, 54, 51]
Round 380 | train_loss=0.9669 train_acc=0.6796 test_loss=1.8024 test_acc=0.3161
Round 381 | selected=[44, 82, 22, 37, 83, 55, 41, 20, 69, 56]
Round 381 | train_loss=1.3189 train_acc=0.5260 test_loss=1.8097 test_acc=0.3404
Round 382 | selected=[17, 69, 96, 11, 2, 86, 6, 77, 97, 56]
Round 382 | train_loss=1.2737 train_acc=0.5482 test_loss=1.7536 test_acc=0.3517
Round 383 | selected=[82, 27, 14, 71, 21, 94, 91, 45, 1, 77]
Round 383 | train_loss=1.4380 train_acc=0.4566 test_loss=1.7203 test_acc=0.3474
Round 384 | selected=[4, 6, 87, 81, 27, 51, 84, 7, 50, 82]
Round 384 | train_loss=1.0860 train_acc=0.6274 test_loss=2.0118 test_acc=0.2702
Round 385 | selected=[42, 51, 38, 98, 72, 3, 57, 0, 48, 13]
Round 385 | train_loss=1.1855 train_acc=0.6080 test_loss=2.1722 test_acc=0.2499
Round 386 | selected=[44, 3, 90, 56, 95, 66, 51, 54, 38, 60]
Round 386 | train_loss=1.1671 train_acc=0.6198 test_loss=1.8896 test_acc=0.2902
Round 387 | selected=[32, 61, 24, 5, 72, 51, 40, 73, 93, 18]
Round 387 | train_loss=1.3199 train_acc=0.5328 test_loss=1.8845 test_acc=0.2953
Round 388 | selected=[25, 47, 98, 42, 31, 81, 84, 57, 24, 62]
Round 388 | train_loss=1.1319 train_acc=0.6200 test_loss=1.8732 test_acc=0.3159
Round 389 | selected=[28, 16, 86, 62, 51, 35, 9, 37, 44, 57]
Round 389 | train_loss=1.4185 train_acc=0.5146 test_loss=1.7352 test_acc=0.3409
Round 390 | selected=[36, 37, 98, 66, 85, 38, 74, 52, 92, 87]
Round 390 | train_loss=1.2009 train_acc=0.5988 test_loss=1.7559 test_acc=0.3283
Round 391 | selected=[3, 77, 64, 49, 19, 55, 18, 68, 12, 35]
Round 391 | train_loss=1.2796 train_acc=0.5538 test_loss=1.7633 test_acc=0.3333
Round 392 | selected=[39, 51, 60, 72, 61, 38, 23, 4, 55, 88]
Round 392 | train_loss=1.1744 train_acc=0.5796 test_loss=1.7934 test_acc=0.3305
Round 393 | selected=[8, 77, 28, 38, 56, 79, 22, 48, 69, 53]
Round 393 | train_loss=1.1178 train_acc=0.6140 test_loss=1.8029 test_acc=0.3281
Round 394 | selected=[71, 20, 10, 26, 30, 84, 9, 14, 50, 47]
Round 394 | train_loss=1.3786 train_acc=0.5050 test_loss=1.8512 test_acc=0.2953
Round 395 | selected=[35, 56, 30, 19, 36, 83, 25, 28, 16, 13]
Round 395 | train_loss=1.0737 train_acc=0.6746 test_loss=1.9254 test_acc=0.2776
Round 396 | selected=[71, 79, 49, 61, 73, 59, 60, 83, 10, 81]
Round 396 | train_loss=1.1565 train_acc=0.5840 test_loss=1.9473 test_acc=0.2904
Round 397 | selected=[30, 94, 28, 68, 57, 74, 34, 81, 86, 33]
Round 397 | train_loss=1.1927 train_acc=0.6076 test_loss=1.8181 test_acc=0.3331
Round 398 | selected=[25, 45, 51, 62, 91, 55, 12, 46, 53, 63]
Round 398 | train_loss=1.2496 train_acc=0.5560 test_loss=1.7387 test_acc=0.3353
Round 399 | selected=[48, 60, 78, 39, 75, 72, 70, 59, 19, 27]
Round 399 | train_loss=1.2669 train_acc=0.5298 test_loss=1.7823 test_acc=0.3160
Round 400 | selected=[58, 16, 89, 40, 44, 53, 79, 93, 47, 69]
Round 400 | train_loss=1.1705 train_acc=0.5856 test_loss=1.7656 test_acc=0.3036
Round 401 | selected=[30, 61, 62, 45, 76, 60, 12, 78, 55, 71]
Round 401 | train_loss=1.1780 train_acc=0.5820 test_loss=1.7534 test_acc=0.3355
Round 402 | selected=[60, 0, 12, 33, 15, 49, 13, 48, 52, 58]
Round 402 | train_loss=1.0344 train_acc=0.6792 test_loss=1.6833 test_acc=0.3730
Round 403 | selected=[57, 52, 21, 55, 96, 33, 29, 71, 84, 48]
Round 403 | train_loss=1.2489 train_acc=0.5772 test_loss=1.7258 test_acc=0.3525
Round 404 | selected=[68, 83, 92, 91, 8, 13, 10, 25, 66, 53]
Round 404 | train_loss=0.8419 train_acc=0.7170 test_loss=1.8913 test_acc=0.3039
Round 405 | selected=[46, 36, 82, 76, 1, 51, 63, 65, 54, 70]
Round 405 | train_loss=1.3719 train_acc=0.5136 test_loss=1.8277 test_acc=0.3091
Round 406 | selected=[76, 86, 8, 30, 3, 91, 93, 16, 55, 57]
Round 406 | train_loss=1.1031 train_acc=0.6474 test_loss=1.8119 test_acc=0.3047
Round 407 | selected=[7, 3, 81, 70, 98, 24, 44, 8, 39, 16]
Round 407 | train_loss=1.0394 train_acc=0.6586 test_loss=1.9124 test_acc=0.2965
Round 408 | selected=[79, 44, 97, 35, 77, 6, 46, 29, 38, 82]
Round 408 | train_loss=1.4607 train_acc=0.4722 test_loss=1.8483 test_acc=0.2951
Round 409 | selected=[54, 0, 51, 65, 41, 34, 84, 70, 3, 36]
Round 409 | train_loss=1.1725 train_acc=0.6014 test_loss=1.8030 test_acc=0.3005
Round 410 | selected=[43, 11, 38, 47, 69, 30, 22, 88, 19, 24]
Round 410 | train_loss=1.1309 train_acc=0.5854 test_loss=1.8062 test_acc=0.3031
Round 411 | selected=[62, 98, 10, 76, 14, 25, 49, 7, 89, 17]
Round 411 | train_loss=1.0950 train_acc=0.6120 test_loss=1.6983 test_acc=0.3521
Round 412 | selected=[34, 19, 37, 70, 98, 64, 69, 5, 94, 3]
Round 412 | train_loss=1.0092 train_acc=0.6844 test_loss=1.7029 test_acc=0.3578
Round 413 | selected=[51, 28, 42, 21, 29, 30, 38, 96, 34, 97]
Round 413 | train_loss=1.1315 train_acc=0.6024 test_loss=1.7487 test_acc=0.3203
Round 414 | selected=[98, 67, 83, 59, 41, 45, 39, 70, 21, 25]
Round 414 | train_loss=1.1792 train_acc=0.5526 test_loss=1.7674 test_acc=0.3141
Round 415 | selected=[7, 15, 43, 85, 41, 50, 67, 21, 90, 5]
Round 415 | train_loss=1.0893 train_acc=0.6052 test_loss=1.7897 test_acc=0.3127
Round 416 | selected=[73, 77, 81, 41, 99, 10, 54, 89, 20, 85]
Round 416 | train_loss=1.1053 train_acc=0.6114 test_loss=1.9114 test_acc=0.3181
Round 417 | selected=[24, 60, 96, 79, 36, 56, 38, 74, 19, 35]
Round 417 | train_loss=1.0739 train_acc=0.6434 test_loss=1.9278 test_acc=0.3150
Round 418 | selected=[48, 82, 66, 74, 15, 51, 24, 98, 76, 33]
Round 418 | train_loss=1.1217 train_acc=0.5960 test_loss=1.7574 test_acc=0.3179
Round 419 | selected=[19, 88, 66, 76, 48, 37, 57, 0, 14, 62]
Round 419 | train_loss=0.9288 train_acc=0.7180 test_loss=1.7091 test_acc=0.3603
Round 420 | selected=[88, 77, 68, 0, 32, 9, 20, 90, 79, 8]
Round 420 | train_loss=1.0802 train_acc=0.6650 test_loss=1.6328 test_acc=0.3937
Round 421 | selected=[22, 71, 9, 65, 64, 7, 2, 73, 21, 40]
Round 421 | train_loss=1.1704 train_acc=0.5868 test_loss=1.7013 test_acc=0.3645
Round 422 | selected=[60, 73, 61, 4, 21, 48, 95, 51, 56, 55]
Round 422 | train_loss=0.9882 train_acc=0.6558 test_loss=1.7357 test_acc=0.3344
Round 423 | selected=[37, 74, 73, 36, 52, 33, 60, 31, 21, 43]
Round 423 | train_loss=1.1460 train_acc=0.6162 test_loss=1.7282 test_acc=0.3285
Round 424 | selected=[78, 56, 34, 12, 60, 65, 10, 39, 11, 57]
Round 424 | train_loss=1.0268 train_acc=0.6644 test_loss=1.6733 test_acc=0.3411
Round 425 | selected=[21, 93, 77, 97, 89, 4, 16, 56, 87, 63]
Round 425 | train_loss=0.9086 train_acc=0.6922 test_loss=1.7356 test_acc=0.3060
Round 426 | selected=[78, 64, 7, 94, 68, 10, 36, 39, 89, 23]
Round 426 | train_loss=1.1362 train_acc=0.6022 test_loss=1.7999 test_acc=0.2936
Round 427 | selected=[90, 27, 55, 44, 95, 51, 20, 50, 62, 69]
Round 427 | train_loss=1.2255 train_acc=0.5618 test_loss=1.8131 test_acc=0.3013
Round 428 | selected=[2, 98, 7, 73, 72, 14, 48, 56, 21, 92]
Round 428 | train_loss=0.8755 train_acc=0.7110 test_loss=1.9846 test_acc=0.2840
Round 429 | selected=[4, 34, 14, 68, 54, 17, 27, 57, 63, 16]
Round 429 | train_loss=1.1560 train_acc=0.5744 test_loss=1.8850 test_acc=0.3079
Round 430 | selected=[90, 85, 99, 60, 4, 5, 72, 57, 92, 20]
Round 430 | train_loss=0.9231 train_acc=0.6828 test_loss=1.8182 test_acc=0.3299
Round 431 | selected=[90, 29, 95, 23, 31, 97, 7, 16, 86, 34]
Round 431 | train_loss=1.2190 train_acc=0.6064 test_loss=1.6828 test_acc=0.3734
Round 432 | selected=[58, 95, 63, 60, 75, 37, 18, 45, 93, 42]
Round 432 | train_loss=0.9491 train_acc=0.6926 test_loss=1.6186 test_acc=0.3920
Round 433 | selected=[41, 10, 52, 79, 45, 94, 16, 20, 81, 80]
Round 433 | train_loss=1.0079 train_acc=0.6640 test_loss=1.6462 test_acc=0.3684
Round 434 | selected=[23, 86, 49, 93, 15, 71, 77, 5, 79, 70]
Round 434 | train_loss=1.0040 train_acc=0.6664 test_loss=1.6501 test_acc=0.3925
Round 435 | selected=[21, 34, 75, 43, 98, 99, 44, 35, 23, 64]
Round 435 | train_loss=1.1805 train_acc=0.5802 test_loss=1.6270 test_acc=0.3892
Round 436 | selected=[21, 89, 58, 75, 2, 46, 52, 40, 87, 10]
Round 436 | train_loss=1.0708 train_acc=0.6132 test_loss=1.6819 test_acc=0.3497
Round 437 | selected=[22, 59, 10, 94, 97, 87, 16, 33, 34, 57]
Round 437 | train_loss=1.0749 train_acc=0.6176 test_loss=1.7142 test_acc=0.3396
Round 438 | selected=[84, 50, 77, 39, 37, 4, 96, 53, 66, 6]
Round 438 | train_loss=0.9659 train_acc=0.6698 test_loss=2.0043 test_acc=0.2863
Round 439 | selected=[24, 81, 21, 69, 14, 52, 98, 78, 6, 86]
Round 439 | train_loss=0.6572 train_acc=0.8164 test_loss=2.3572 test_acc=0.2534
Round 440 | selected=[48, 10, 69, 43, 85, 59, 98, 19, 58, 64]
Round 440 | train_loss=1.0120 train_acc=0.6538 test_loss=2.1659 test_acc=0.2912
Round 441 | selected=[52, 78, 19, 11, 97, 91, 47, 63, 23, 72]
Round 441 | train_loss=0.9452 train_acc=0.6838 test_loss=1.9365 test_acc=0.2968
Round 442 | selected=[82, 10, 16, 61, 74, 37, 11, 99, 79, 65]
Round 442 | train_loss=1.0595 train_acc=0.6430 test_loss=1.9382 test_acc=0.3015
Round 443 | selected=[60, 97, 54, 99, 72, 78, 71, 40, 15, 52]
Round 443 | train_loss=1.2536 train_acc=0.5982 test_loss=1.8047 test_acc=0.3526
Round 444 | selected=[23, 24, 27, 34, 14, 95, 91, 63, 8, 60]
Round 444 | train_loss=0.9217 train_acc=0.7002 test_loss=1.6836 test_acc=0.3633
Round 445 | selected=[13, 29, 62, 97, 66, 45, 85, 38, 60, 52]
Round 445 | train_loss=0.9724 train_acc=0.6616 test_loss=1.6200 test_acc=0.3927
Round 446 | selected=[33, 44, 7, 84, 79, 35, 96, 48, 56, 83]
Round 446 | train_loss=0.9803 train_acc=0.6782 test_loss=1.6191 test_acc=0.3838
Round 447 | selected=[78, 25, 62, 11, 96, 50, 54, 31, 99, 86]
Round 447 | train_loss=0.9106 train_acc=0.7192 test_loss=1.7381 test_acc=0.3310
Round 448 | selected=[77, 5, 35, 11, 93, 38, 6, 36, 70, 75]
Round 448 | train_loss=1.2032 train_acc=0.5914 test_loss=1.9675 test_acc=0.2855
Round 449 | selected=[44, 41, 53, 99, 40, 70, 6, 11, 51, 47]
Round 449 | train_loss=1.0992 train_acc=0.6302 test_loss=1.9684 test_acc=0.3071
Round 450 | selected=[91, 34, 46, 68, 97, 37, 20, 81, 2, 40]
Round 450 | train_loss=1.0241 train_acc=0.6598 test_loss=1.9772 test_acc=0.3223
Round 451 | selected=[30, 62, 47, 57, 82, 68, 24, 77, 36, 31]
Round 451 | train_loss=1.5210 train_acc=0.4934 test_loss=1.8001 test_acc=0.3430
Round 452 | selected=[14, 88, 98, 74, 20, 16, 58, 77, 99, 62]
Round 452 | train_loss=0.9447 train_acc=0.7028 test_loss=1.7801 test_acc=0.3378
Round 453 | selected=[99, 50, 9, 2, 91, 73, 29, 68, 86, 62]
Round 453 | train_loss=1.0579 train_acc=0.6408 test_loss=1.7997 test_acc=0.3128
Round 454 | selected=[32, 36, 15, 28, 24, 80, 62, 71, 0, 43]
Round 454 | train_loss=1.1678 train_acc=0.5892 test_loss=1.7556 test_acc=0.3496
Round 455 | selected=[97, 14, 93, 26, 44, 60, 78, 91, 65, 83]
Round 455 | train_loss=1.1883 train_acc=0.5836 test_loss=1.7290 test_acc=0.3576
Round 456 | selected=[28, 52, 69, 85, 15, 41, 75, 48, 54, 73]
Round 456 | train_loss=1.3321 train_acc=0.5722 test_loss=1.7108 test_acc=0.3477
Round 457 | selected=[35, 89, 40, 61, 68, 90, 73, 51, 55, 4]
Round 457 | train_loss=1.1694 train_acc=0.5980 test_loss=1.7310 test_acc=0.3543
Round 458 | selected=[18, 0, 98, 28, 26, 93, 68, 95, 37, 29]
Round 458 | train_loss=1.1763 train_acc=0.5902 test_loss=1.7303 test_acc=0.3654
Round 459 | selected=[34, 69, 22, 91, 48, 66, 70, 94, 47, 99]
Round 459 | train_loss=0.9428 train_acc=0.7038 test_loss=1.7490 test_acc=0.3717
Round 460 | selected=[37, 13, 35, 34, 60, 90, 28, 50, 73, 40]
Round 460 | train_loss=1.3899 train_acc=0.5320 test_loss=1.6861 test_acc=0.3690
Round 461 | selected=[69, 27, 26, 89, 64, 93, 54, 67, 44, 57]
Round 461 | train_loss=1.0367 train_acc=0.6402 test_loss=1.6658 test_acc=0.3749
Round 462 | selected=[26, 83, 30, 5, 43, 44, 91, 8, 93, 6]
Round 462 | train_loss=1.0892 train_acc=0.6242 test_loss=1.6722 test_acc=0.3763
Round 463 | selected=[63, 2, 29, 62, 74, 69, 37, 91, 78, 14]
Round 463 | train_loss=0.9259 train_acc=0.6814 test_loss=1.7251 test_acc=0.3551
Round 464 | selected=[21, 59, 82, 78, 68, 99, 15, 47, 71, 93]
Round 464 | train_loss=0.8622 train_acc=0.7430 test_loss=1.7786 test_acc=0.3203
Round 465 | selected=[61, 99, 89, 95, 81, 71, 64, 42, 14, 35]
Round 465 | train_loss=1.0479 train_acc=0.6650 test_loss=1.7918 test_acc=0.3034
Round 466 | selected=[74, 69, 55, 29, 84, 19, 12, 73, 64, 94]
Round 466 | train_loss=1.1052 train_acc=0.6194 test_loss=1.7901 test_acc=0.3236
Round 467 | selected=[49, 23, 48, 90, 19, 29, 92, 63, 66, 6]
Round 467 | train_loss=0.9987 train_acc=0.6636 test_loss=1.8125 test_acc=0.3315
Round 468 | selected=[9, 49, 61, 94, 30, 79, 75, 36, 5, 4]
Round 468 | train_loss=1.1520 train_acc=0.5856 test_loss=1.6940 test_acc=0.3598
Round 469 | selected=[38, 21, 72, 77, 16, 18, 62, 46, 53, 78]
Round 469 | train_loss=0.8893 train_acc=0.7256 test_loss=1.5743 test_acc=0.3909
Round 470 | selected=[68, 51, 56, 72, 34, 27, 7, 65, 57, 73]
Round 470 | train_loss=0.9843 train_acc=0.6460 test_loss=1.5551 test_acc=0.4002
Round 471 | selected=[10, 43, 96, 4, 90, 36, 70, 48, 9, 87]
Round 471 | train_loss=1.2178 train_acc=0.5728 test_loss=1.5556 test_acc=0.4029
Round 472 | selected=[49, 92, 66, 45, 98, 85, 8, 5, 37, 27]
Round 472 | train_loss=0.9980 train_acc=0.6590 test_loss=1.6381 test_acc=0.3648
Round 473 | selected=[14, 26, 1, 60, 72, 16, 93, 24, 75, 40]
Round 473 | train_loss=0.9055 train_acc=0.7224 test_loss=1.7193 test_acc=0.3453
Round 474 | selected=[24, 81, 71, 51, 96, 40, 65, 68, 4, 19]
Round 474 | train_loss=0.8309 train_acc=0.7318 test_loss=1.6938 test_acc=0.3602
Round 475 | selected=[26, 80, 85, 71, 9, 68, 81, 54, 10, 34]
Round 475 | train_loss=1.0531 train_acc=0.6324 test_loss=1.6079 test_acc=0.3791
Round 476 | selected=[24, 8, 31, 71, 23, 79, 65, 21, 86, 38]
Round 476 | train_loss=0.7445 train_acc=0.7664 test_loss=1.5865 test_acc=0.4094
Round 477 | selected=[82, 97, 61, 42, 90, 7, 53, 44, 88, 17]
Round 477 | train_loss=0.9425 train_acc=0.6772 test_loss=1.5669 test_acc=0.4040
Round 478 | selected=[84, 73, 66, 47, 44, 75, 83, 55, 80, 11]
Round 478 | train_loss=0.9818 train_acc=0.6620 test_loss=1.5841 test_acc=0.3794
Round 479 | selected=[93, 40, 1, 66, 61, 99, 54, 2, 16, 96]
Round 479 | train_loss=0.9138 train_acc=0.7072 test_loss=1.5750 test_acc=0.3799
Round 480 | selected=[86, 94, 82, 23, 24, 71, 66, 36, 77, 16]
Round 480 | train_loss=0.9101 train_acc=0.6962 test_loss=1.6155 test_acc=0.3931
Round 481 | selected=[9, 7, 28, 65, 63, 32, 16, 87, 99, 15]
Round 481 | train_loss=0.8695 train_acc=0.7266 test_loss=1.6182 test_acc=0.3867
Round 482 | selected=[52, 75, 59, 72, 25, 39, 12, 64, 26, 78]
Round 482 | train_loss=0.9709 train_acc=0.6708 test_loss=1.6429 test_acc=0.3799
Round 483 | selected=[41, 19, 54, 29, 82, 4, 7, 9, 27, 50]
Round 483 | train_loss=1.1536 train_acc=0.5882 test_loss=1.5772 test_acc=0.3978
Round 484 | selected=[45, 55, 75, 58, 64, 3, 22, 53, 4, 97]
Round 484 | train_loss=1.0390 train_acc=0.6394 test_loss=1.6629 test_acc=0.3828
Round 485 | selected=[77, 57, 42, 0, 89, 58, 92, 5, 49, 11]
Round 485 | train_loss=1.1539 train_acc=0.6174 test_loss=1.7143 test_acc=0.3685
Round 486 | selected=[92, 18, 20, 58, 66, 59, 84, 62, 9, 64]
Round 486 | train_loss=0.8898 train_acc=0.7220 test_loss=1.5828 test_acc=0.4062
Round 487 | selected=[22, 8, 25, 80, 19, 96, 81, 69, 60, 68]
Round 487 | train_loss=0.7932 train_acc=0.7266 test_loss=1.5751 test_acc=0.3974
Round 488 | selected=[83, 74, 17, 10, 23, 36, 99, 87, 60, 81]
Round 488 | train_loss=0.8759 train_acc=0.6998 test_loss=1.7301 test_acc=0.3729
Round 489 | selected=[85, 64, 97, 13, 99, 40, 78, 35, 0, 10]
Round 489 | train_loss=1.0288 train_acc=0.6452 test_loss=1.6828 test_acc=0.3841
Round 490 | selected=[25, 22, 31, 56, 85, 74, 72, 7, 36, 63]
Round 490 | train_loss=0.8783 train_acc=0.7100 test_loss=1.6914 test_acc=0.3463
Round 491 | selected=[53, 32, 56, 99, 12, 98, 75, 89, 67, 72]
Round 491 | train_loss=0.9120 train_acc=0.6840 test_loss=1.7675 test_acc=0.3482
Round 492 | selected=[53, 80, 65, 64, 44, 6, 10, 41, 86, 77]
Round 492 | train_loss=1.0257 train_acc=0.6244 test_loss=1.9125 test_acc=0.3236
Round 493 | selected=[88, 97, 8, 19, 47, 18, 99, 73, 1, 85]
Round 493 | train_loss=1.0499 train_acc=0.6742 test_loss=1.8215 test_acc=0.3443
Round 494 | selected=[19, 42, 78, 33, 41, 50, 56, 72, 89, 98]
Round 494 | train_loss=0.8808 train_acc=0.7046 test_loss=1.7976 test_acc=0.3465
Round 495 | selected=[62, 39, 87, 74, 36, 91, 7, 37, 49, 10]
Round 495 | train_loss=0.9703 train_acc=0.6836 test_loss=1.7454 test_acc=0.3620
Round 496 | selected=[83, 22, 41, 7, 51, 8, 82, 45, 80, 36]
Round 496 | train_loss=1.1252 train_acc=0.5862 test_loss=1.7012 test_acc=0.3546
Round 497 | selected=[28, 23, 98, 24, 29, 46, 82, 40, 10, 77]
Round 497 | train_loss=1.0213 train_acc=0.6538 test_loss=1.5917 test_acc=0.3684
Round 498 | selected=[14, 6, 59, 49, 40, 97, 22, 86, 15, 99]
Round 498 | train_loss=0.8227 train_acc=0.7260 test_loss=1.5353 test_acc=0.3984
Round 499 | selected=[3, 94, 16, 47, 19, 20, 55, 51, 60, 89]
Round 499 | train_loss=1.0466 train_acc=0.6188 test_loss=1.5738 test_acc=0.3916
Round 500 | selected=[87, 19, 15, 59, 0, 7, 24, 38, 48, 8]
Round 500 | train_loss=0.7336 train_acc=0.7630 test_loss=1.5832 test_acc=0.3910
Saved: track1/results/cifar10/final_seed45/fedavgm_alpha01_seed45.csv
COMPLETED: fedavgm alpha01 seed=45
