========================================
JOB:       12002731
TASK:      14
ALGORITHM: fedadam
PARTITION: alpha03
SEED:      42
GPU:       0
========================================
Device: cuda
GPU: NVIDIA A100-SXM4-80GB
Round 0 | test_loss=3.2142 test_acc=0.1000
Round 1 | selected=[96, 71, 8, 60, 41, 94, 68, 9, 19, 82]
Round 1 | train_loss=1.7765 train_acc=0.3828 test_loss=4.3774 test_acc=0.1311
Round 2 | selected=[75, 39, 34, 62, 81, 17, 40, 46, 54, 88]
Round 2 | train_loss=1.6551 train_acc=0.4980 test_loss=2.9368 test_acc=0.1279
Round 3 | selected=[66, 71, 25, 44, 34, 15, 58, 89, 95, 6]
Round 3 | train_loss=1.5228 train_acc=0.5170 test_loss=2.4029 test_acc=0.2066
Round 4 | selected=[93, 40, 70, 32, 63, 68, 35, 90, 14, 86]
Round 4 | train_loss=1.4688 train_acc=0.5244 test_loss=2.5191 test_acc=0.1537
Round 5 | selected=[70, 81, 20, 62, 89, 98, 41, 15, 52, 30]
Round 5 | train_loss=1.4696 train_acc=0.5302 test_loss=2.3171 test_acc=0.2462
Round 6 | selected=[63, 26, 0, 19, 22, 13, 59, 79, 99, 78]
Round 6 | train_loss=1.3418 train_acc=0.6062 test_loss=1.9984 test_acc=0.2950
Round 7 | selected=[23, 65, 52, 3, 42, 13, 47, 46, 10, 64]
Round 7 | train_loss=1.3328 train_acc=0.5600 test_loss=1.7697 test_acc=0.3277
Round 8 | selected=[33, 56, 28, 96, 27, 73, 50, 42, 21, 2]
Round 8 | train_loss=1.3101 train_acc=0.5690 test_loss=1.8561 test_acc=0.2903
Round 9 | selected=[76, 40, 66, 48, 83, 27, 53, 98, 62, 11]
Round 9 | train_loss=1.2675 train_acc=0.5732 test_loss=2.0018 test_acc=0.2744
Round 10 | selected=[15, 88, 49, 93, 8, 67, 65, 68, 43, 70]
Round 10 | train_loss=1.3437 train_acc=0.5432 test_loss=2.0566 test_acc=0.2852
Round 11 | selected=[33, 62, 8, 11, 57, 56, 91, 96, 98, 34]
Round 11 | train_loss=1.2368 train_acc=0.6052 test_loss=1.8163 test_acc=0.3672
Round 12 | selected=[70, 26, 66, 95, 7, 9, 42, 74, 24, 44]
Round 12 | train_loss=1.2769 train_acc=0.5716 test_loss=1.6096 test_acc=0.4054
Round 13 | selected=[47, 70, 65, 43, 99, 49, 1, 16, 72, 80]
Round 13 | train_loss=1.2752 train_acc=0.5920 test_loss=1.6056 test_acc=0.3945
Round 14 | selected=[37, 64, 3, 16, 31, 14, 18, 46, 67, 72]
Round 14 | train_loss=1.1645 train_acc=0.5968 test_loss=1.5708 test_acc=0.4101
Round 15 | selected=[55, 14, 2, 48, 56, 31, 41, 40, 93, 28]
Round 15 | train_loss=1.2259 train_acc=0.5952 test_loss=1.4875 test_acc=0.4345
Round 16 | selected=[53, 44, 54, 32, 25, 85, 14, 50, 93, 77]
Round 16 | train_loss=1.2575 train_acc=0.5784 test_loss=1.5099 test_acc=0.4207
Round 17 | selected=[99, 29, 49, 12, 52, 64, 65, 11, 10, 28]
Round 17 | train_loss=1.2240 train_acc=0.6102 test_loss=1.6549 test_acc=0.3842
Round 18 | selected=[21, 83, 30, 22, 13, 89, 97, 53, 3, 36]
Round 18 | train_loss=1.2136 train_acc=0.5922 test_loss=1.6063 test_acc=0.3913
Round 19 | selected=[52, 47, 4, 89, 94, 56, 17, 16, 24, 84]
Round 19 | train_loss=1.1716 train_acc=0.6130 test_loss=1.4725 test_acc=0.4341
Round 20 | selected=[49, 45, 20, 2, 76, 81, 33, 83, 10, 30]
Round 20 | train_loss=1.2006 train_acc=0.6194 test_loss=1.4529 test_acc=0.4534
Round 21 | selected=[98, 15, 22, 0, 11, 6, 3, 88, 86, 81]
Round 21 | train_loss=1.2061 train_acc=0.6122 test_loss=1.4895 test_acc=0.4334
Round 22 | selected=[48, 92, 30, 72, 47, 93, 42, 14, 91, 28]
Round 22 | train_loss=1.1652 train_acc=0.6176 test_loss=1.4725 test_acc=0.4379
Round 23 | selected=[86, 65, 85, 46, 19, 72, 55, 80, 40, 26]
Round 23 | train_loss=1.0765 train_acc=0.6392 test_loss=1.4099 test_acc=0.4543
Round 24 | selected=[91, 65, 7, 84, 49, 12, 47, 36, 28, 31]
Round 24 | train_loss=1.2229 train_acc=0.5844 test_loss=1.3624 test_acc=0.4779
Round 25 | selected=[13, 78, 9, 41, 0, 68, 72, 96, 95, 58]
Round 25 | train_loss=1.1005 train_acc=0.6272 test_loss=1.3497 test_acc=0.4959
Round 26 | selected=[71, 77, 46, 80, 24, 78, 27, 10, 62, 1]
Round 26 | train_loss=1.0905 train_acc=0.6292 test_loss=1.3511 test_acc=0.4994
Round 27 | selected=[26, 63, 86, 35, 40, 96, 37, 95, 88, 11]
Round 27 | train_loss=0.9855 train_acc=0.6922 test_loss=1.3017 test_acc=0.5186
Round 28 | selected=[35, 45, 88, 82, 6, 74, 57, 19, 9, 14]
Round 28 | train_loss=1.1629 train_acc=0.6114 test_loss=1.3529 test_acc=0.4890
Round 29 | selected=[2, 70, 93, 43, 11, 53, 14, 52, 5, 26]
Round 29 | train_loss=1.0994 train_acc=0.6520 test_loss=1.4042 test_acc=0.4797
Round 30 | selected=[92, 29, 98, 53, 70, 77, 84, 76, 47, 35]
Round 30 | train_loss=1.0188 train_acc=0.6720 test_loss=1.3736 test_acc=0.4913
Round 31 | selected=[4, 38, 89, 35, 0, 26, 88, 10, 51, 86]
Round 31 | train_loss=0.9385 train_acc=0.6996 test_loss=1.3466 test_acc=0.5006
Round 32 | selected=[22, 73, 56, 83, 93, 76, 98, 62, 30, 77]
Round 32 | train_loss=1.1178 train_acc=0.6362 test_loss=1.3541 test_acc=0.5009
Round 33 | selected=[24, 66, 36, 74, 77, 26, 62, 43, 78, 87]
Round 33 | train_loss=1.1109 train_acc=0.6288 test_loss=1.3522 test_acc=0.4945
Round 34 | selected=[69, 33, 23, 46, 36, 41, 31, 67, 17, 34]
Round 34 | train_loss=1.0166 train_acc=0.6690 test_loss=1.3245 test_acc=0.4968
Round 35 | selected=[19, 54, 46, 53, 79, 49, 89, 41, 62, 78]
Round 35 | train_loss=0.9960 train_acc=0.6734 test_loss=1.2715 test_acc=0.5205
Round 36 | selected=[12, 46, 80, 99, 59, 9, 86, 63, 91, 62]
Round 36 | train_loss=1.1066 train_acc=0.6254 test_loss=1.2624 test_acc=0.5323
Round 37 | selected=[55, 96, 73, 92, 77, 94, 42, 75, 37, 15]
Round 37 | train_loss=1.0053 train_acc=0.6534 test_loss=1.4581 test_acc=0.4802
Round 38 | selected=[72, 54, 15, 45, 11, 52, 0, 96, 51, 66]
Round 38 | train_loss=0.9693 train_acc=0.6850 test_loss=1.5219 test_acc=0.4764
Round 39 | selected=[76, 8, 93, 73, 64, 72, 68, 11, 47, 41]
Round 39 | train_loss=0.9846 train_acc=0.6708 test_loss=1.3380 test_acc=0.5179
Round 40 | selected=[51, 34, 15, 96, 30, 25, 74, 97, 69, 58]
Round 40 | train_loss=1.0334 train_acc=0.6572 test_loss=1.2083 test_acc=0.5464
Round 41 | selected=[87, 88, 46, 50, 34, 37, 74, 16, 13, 59]
Round 41 | train_loss=0.9930 train_acc=0.6754 test_loss=1.2961 test_acc=0.5255
Round 42 | selected=[3, 67, 57, 80, 59, 94, 45, 11, 54, 77]
Round 42 | train_loss=0.9899 train_acc=0.6694 test_loss=1.3675 test_acc=0.5159
Round 43 | selected=[88, 76, 1, 11, 40, 48, 71, 28, 53, 93]
Round 43 | train_loss=0.9724 train_acc=0.6844 test_loss=1.2547 test_acc=0.5330
Round 44 | selected=[2, 13, 63, 68, 92, 96, 61, 9, 97, 8]
Round 44 | train_loss=0.9730 train_acc=0.6778 test_loss=1.1601 test_acc=0.5684
Round 45 | selected=[99, 1, 0, 85, 3, 63, 27, 88, 73, 18]
Round 45 | train_loss=0.9311 train_acc=0.6852 test_loss=1.1617 test_acc=0.5751
Round 46 | selected=[22, 76, 98, 92, 5, 77, 62, 84, 11, 89]
Round 46 | train_loss=0.9953 train_acc=0.6712 test_loss=1.2660 test_acc=0.5425
Round 47 | selected=[70, 52, 50, 60, 15, 83, 46, 63, 8, 44]
Round 47 | train_loss=0.9956 train_acc=0.6654 test_loss=1.2807 test_acc=0.5337
Round 48 | selected=[21, 47, 59, 89, 0, 68, 56, 6, 5, 4]
Round 48 | train_loss=0.9731 train_acc=0.6688 test_loss=1.1729 test_acc=0.5620
Round 49 | selected=[34, 55, 75, 57, 62, 43, 24, 86, 90, 51]
Round 49 | train_loss=0.9387 train_acc=0.6824 test_loss=1.1777 test_acc=0.5618
Round 50 | selected=[23, 45, 60, 15, 69, 14, 63, 41, 50, 89]
Round 50 | train_loss=1.0039 train_acc=0.6682 test_loss=1.2116 test_acc=0.5416
Round 51 | selected=[96, 62, 8, 74, 57, 58, 41, 38, 40, 28]
Round 51 | train_loss=0.9339 train_acc=0.6762 test_loss=1.1862 test_acc=0.5555
Round 52 | selected=[9, 3, 27, 45, 38, 21, 44, 56, 35, 14]
Round 52 | train_loss=0.8800 train_acc=0.7006 test_loss=1.2114 test_acc=0.5402
Round 53 | selected=[61, 72, 31, 22, 52, 51, 41, 96, 18, 36]
Round 53 | train_loss=0.8822 train_acc=0.7062 test_loss=1.2255 test_acc=0.5427
Round 54 | selected=[67, 23, 48, 25, 38, 30, 50, 82, 45, 75]
Round 54 | train_loss=0.9462 train_acc=0.6864 test_loss=1.2075 test_acc=0.5486
Round 55 | selected=[6, 52, 30, 25, 70, 46, 16, 31, 7, 74]
Round 55 | train_loss=0.9384 train_acc=0.6940 test_loss=1.1807 test_acc=0.5605
Round 56 | selected=[94, 48, 13, 49, 62, 22, 55, 35, 11, 7]
Round 56 | train_loss=0.9979 train_acc=0.6718 test_loss=1.1338 test_acc=0.5879
Round 57 | selected=[68, 65, 20, 60, 52, 86, 74, 1, 35, 31]
Round 57 | train_loss=0.9102 train_acc=0.6932 test_loss=1.1666 test_acc=0.5739
Round 58 | selected=[44, 13, 84, 18, 49, 94, 62, 50, 78, 75]
Round 58 | train_loss=0.9537 train_acc=0.6748 test_loss=1.1704 test_acc=0.5776
Round 59 | selected=[91, 83, 4, 23, 62, 87, 17, 99, 28, 13]
Round 59 | train_loss=0.9687 train_acc=0.6810 test_loss=1.1215 test_acc=0.6039
Round 60 | selected=[81, 64, 22, 24, 79, 7, 80, 40, 54, 61]
Round 60 | train_loss=0.8957 train_acc=0.7046 test_loss=1.1537 test_acc=0.5842
Round 61 | selected=[46, 75, 68, 80, 86, 31, 51, 85, 94, 79]
Round 61 | train_loss=0.8365 train_acc=0.7268 test_loss=1.1527 test_acc=0.5820
Round 62 | selected=[79, 10, 50, 2, 30, 53, 46, 39, 49, 99]
Round 62 | train_loss=0.8651 train_acc=0.7246 test_loss=1.0987 test_acc=0.6063
Round 63 | selected=[14, 65, 59, 56, 30, 40, 2, 87, 23, 43]
Round 63 | train_loss=0.8692 train_acc=0.7214 test_loss=1.0593 test_acc=0.6213
Round 64 | selected=[73, 94, 89, 82, 98, 96, 45, 51, 57, 63]
Round 64 | train_loss=0.8750 train_acc=0.7118 test_loss=1.0571 test_acc=0.6240
Round 65 | selected=[46, 64, 93, 53, 41, 61, 75, 96, 98, 67]
Round 65 | train_loss=0.8348 train_acc=0.7132 test_loss=1.0962 test_acc=0.6038
Round 66 | selected=[75, 98, 31, 3, 0, 48, 11, 27, 94, 87]
Round 66 | train_loss=0.9078 train_acc=0.6910 test_loss=1.1383 test_acc=0.5744
Round 67 | selected=[25, 52, 51, 7, 90, 76, 82, 44, 59, 20]
Round 67 | train_loss=0.8413 train_acc=0.7172 test_loss=1.0271 test_acc=0.6174
Round 68 | selected=[39, 0, 73, 66, 72, 70, 83, 61, 93, 98]
Round 68 | train_loss=0.8722 train_acc=0.7234 test_loss=0.9940 test_acc=0.6417
Round 69 | selected=[40, 48, 88, 99, 65, 0, 2, 24, 75, 51]
Round 69 | train_loss=0.8115 train_acc=0.7248 test_loss=1.0335 test_acc=0.6366
Round 70 | selected=[68, 39, 11, 31, 84, 71, 57, 43, 28, 79]
Round 70 | train_loss=0.8338 train_acc=0.7282 test_loss=1.0215 test_acc=0.6414
Round 71 | selected=[29, 99, 39, 75, 61, 76, 50, 40, 66, 95]
Round 71 | train_loss=0.7877 train_acc=0.7486 test_loss=1.0231 test_acc=0.6409
Round 72 | selected=[21, 86, 10, 33, 48, 5, 36, 13, 54, 46]
Round 72 | train_loss=0.7804 train_acc=0.7374 test_loss=1.0704 test_acc=0.6129
Round 73 | selected=[75, 32, 87, 86, 95, 81, 58, 94, 42, 40]
Round 73 | train_loss=0.8456 train_acc=0.7176 test_loss=1.0355 test_acc=0.6244
Round 74 | selected=[28, 21, 58, 50, 61, 81, 94, 84, 29, 72]
Round 74 | train_loss=0.7589 train_acc=0.7522 test_loss=0.9833 test_acc=0.6421
Round 75 | selected=[80, 31, 77, 0, 5, 53, 57, 78, 26, 24]
Round 75 | train_loss=0.8200 train_acc=0.7240 test_loss=0.9783 test_acc=0.6476
Round 76 | selected=[31, 74, 94, 17, 55, 16, 83, 45, 25, 61]
Round 76 | train_loss=0.8163 train_acc=0.7248 test_loss=1.0481 test_acc=0.6226
Round 77 | selected=[24, 70, 5, 28, 87, 3, 90, 4, 12, 9]
Round 77 | train_loss=0.8342 train_acc=0.7082 test_loss=1.0915 test_acc=0.6021
Round 78 | selected=[5, 74, 4, 36, 78, 87, 59, 44, 69, 10]
Round 78 | train_loss=0.8364 train_acc=0.7204 test_loss=1.0665 test_acc=0.6164
Round 79 | selected=[48, 15, 27, 10, 0, 96, 49, 81, 38, 26]
Round 79 | train_loss=0.7886 train_acc=0.7324 test_loss=1.1056 test_acc=0.5995
Round 80 | selected=[94, 56, 67, 23, 84, 87, 21, 33, 46, 29]
Round 80 | train_loss=0.7251 train_acc=0.7666 test_loss=1.1259 test_acc=0.5830
Round 81 | selected=[17, 30, 14, 4, 2, 57, 65, 13, 91, 78]
Round 81 | train_loss=0.8571 train_acc=0.7286 test_loss=1.4036 test_acc=0.5300
Round 82 | selected=[95, 43, 54, 49, 84, 67, 8, 57, 22, 56]
Round 82 | train_loss=0.8416 train_acc=0.7340 test_loss=1.1406 test_acc=0.5945
Round 83 | selected=[54, 78, 23, 44, 88, 94, 27, 90, 95, 60]
Round 83 | train_loss=0.7858 train_acc=0.7560 test_loss=1.0132 test_acc=0.6298
Round 84 | selected=[20, 27, 40, 31, 10, 55, 49, 82, 62, 72]
Round 84 | train_loss=0.8304 train_acc=0.7368 test_loss=1.0472 test_acc=0.6254
Round 85 | selected=[31, 12, 93, 78, 80, 28, 59, 89, 70, 66]
Round 85 | train_loss=0.8111 train_acc=0.7392 test_loss=1.0539 test_acc=0.6208
Round 86 | selected=[90, 73, 1, 11, 0, 15, 47, 94, 25, 55]
Round 86 | train_loss=0.7890 train_acc=0.7454 test_loss=1.1458 test_acc=0.5886
Round 87 | selected=[59, 4, 58, 37, 69, 26, 17, 44, 15, 49]
Round 87 | train_loss=0.7727 train_acc=0.7334 test_loss=1.1234 test_acc=0.5938
Round 88 | selected=[54, 14, 60, 24, 21, 98, 18, 79, 83, 80]
Round 88 | train_loss=0.7702 train_acc=0.7394 test_loss=1.0353 test_acc=0.6339
Round 89 | selected=[14, 69, 1, 89, 40, 93, 92, 66, 50, 24]
Round 89 | train_loss=0.6889 train_acc=0.7754 test_loss=1.0436 test_acc=0.6266
Round 90 | selected=[35, 36, 80, 15, 64, 45, 95, 26, 14, 60]
Round 90 | train_loss=0.8191 train_acc=0.7270 test_loss=0.9990 test_acc=0.6432
Round 91 | selected=[81, 51, 43, 61, 40, 68, 37, 84, 62, 31]
Round 91 | train_loss=0.7563 train_acc=0.7550 test_loss=0.9574 test_acc=0.6546
Round 92 | selected=[82, 49, 0, 77, 71, 9, 98, 95, 65, 84]
Round 92 | train_loss=0.7675 train_acc=0.7466 test_loss=0.9576 test_acc=0.6471
Round 93 | selected=[34, 66, 59, 60, 31, 73, 86, 83, 99, 37]
Round 93 | train_loss=0.7643 train_acc=0.7430 test_loss=0.9216 test_acc=0.6656
Round 94 | selected=[33, 35, 75, 31, 38, 12, 42, 34, 18, 6]
Round 94 | train_loss=0.7235 train_acc=0.7626 test_loss=0.8837 test_acc=0.6825
Round 95 | selected=[33, 55, 84, 47, 43, 18, 27, 70, 9, 20]
Round 95 | train_loss=0.6892 train_acc=0.7706 test_loss=1.0139 test_acc=0.6475
Round 96 | selected=[66, 91, 63, 8, 23, 88, 4, 49, 44, 0]
Round 96 | train_loss=0.7275 train_acc=0.7640 test_loss=0.9626 test_acc=0.6660
Round 97 | selected=[7, 92, 70, 94, 34, 98, 9, 93, 82, 58]
Round 97 | train_loss=0.7370 train_acc=0.7630 test_loss=0.9044 test_acc=0.6844
Round 98 | selected=[45, 25, 50, 51, 8, 37, 57, 16, 76, 68]
Round 98 | train_loss=0.7278 train_acc=0.7630 test_loss=0.9701 test_acc=0.6603
Round 99 | selected=[72, 75, 20, 92, 10, 34, 77, 38, 4, 2]
Round 99 | train_loss=0.7377 train_acc=0.7618 test_loss=0.8729 test_acc=0.6920
Round 100 | selected=[16, 40, 17, 58, 18, 44, 24, 62, 6, 78]
Round 100 | train_loss=0.6778 train_acc=0.7736 test_loss=0.8577 test_acc=0.7002
Round 101 | selected=[31, 3, 23, 28, 66, 91, 95, 94, 15, 48]
Round 101 | train_loss=0.7343 train_acc=0.7546 test_loss=0.9239 test_acc=0.6726
Round 102 | selected=[35, 49, 36, 41, 98, 12, 34, 77, 48, 18]
Round 102 | train_loss=0.7094 train_acc=0.7688 test_loss=0.9339 test_acc=0.6675
Round 103 | selected=[2, 36, 19, 23, 98, 91, 83, 11, 15, 87]
Round 103 | train_loss=0.7455 train_acc=0.7476 test_loss=0.9419 test_acc=0.6600
Round 104 | selected=[17, 48, 37, 73, 78, 79, 13, 60, 80, 93]
Round 104 | train_loss=0.6654 train_acc=0.7880 test_loss=0.8517 test_acc=0.7015
Round 105 | selected=[84, 62, 59, 73, 5, 74, 96, 79, 31, 63]
Round 105 | train_loss=0.6933 train_acc=0.7646 test_loss=0.8276 test_acc=0.7113
Round 106 | selected=[94, 6, 0, 38, 92, 45, 84, 79, 26, 50]
Round 106 | train_loss=0.6018 train_acc=0.8022 test_loss=0.7990 test_acc=0.7230
Round 107 | selected=[64, 44, 59, 38, 29, 68, 96, 65, 94, 58]
Round 107 | train_loss=0.6023 train_acc=0.8004 test_loss=0.7876 test_acc=0.7262
Round 108 | selected=[90, 3, 61, 88, 94, 43, 54, 74, 78, 28]
Round 108 | train_loss=0.6991 train_acc=0.7650 test_loss=0.7912 test_acc=0.7223
Round 109 | selected=[66, 32, 88, 56, 70, 39, 34, 69, 38, 87]
Round 109 | train_loss=0.6672 train_acc=0.7910 test_loss=0.8384 test_acc=0.7003
Round 110 | selected=[37, 38, 42, 12, 25, 65, 82, 44, 31, 58]
Round 110 | train_loss=0.6437 train_acc=0.7824 test_loss=0.8673 test_acc=0.6951
Round 111 | selected=[15, 74, 98, 18, 84, 95, 80, 30, 91, 24]
Round 111 | train_loss=0.7279 train_acc=0.7502 test_loss=0.8847 test_acc=0.6850
Round 112 | selected=[62, 53, 25, 91, 71, 85, 86, 54, 19, 94]
Round 112 | train_loss=0.6303 train_acc=0.7900 test_loss=1.0059 test_acc=0.6431
Round 113 | selected=[66, 5, 49, 29, 53, 67, 42, 2, 91, 38]
Round 113 | train_loss=0.6559 train_acc=0.7860 test_loss=0.9368 test_acc=0.6709
Round 114 | selected=[85, 44, 94, 30, 48, 77, 82, 79, 69, 52]
Round 114 | train_loss=0.5912 train_acc=0.8054 test_loss=0.7622 test_acc=0.7338
Round 115 | selected=[28, 96, 74, 87, 76, 23, 91, 71, 1, 77]
Round 115 | train_loss=0.6557 train_acc=0.7790 test_loss=0.7742 test_acc=0.7338
Round 116 | selected=[55, 65, 97, 26, 34, 28, 43, 39, 23, 21]
Round 116 | train_loss=0.6138 train_acc=0.7962 test_loss=0.8324 test_acc=0.7080
Round 117 | selected=[13, 12, 22, 75, 41, 11, 67, 59, 78, 73]
Round 117 | train_loss=0.7089 train_acc=0.7664 test_loss=0.8263 test_acc=0.7020
Round 118 | selected=[88, 6, 38, 82, 57, 62, 93, 95, 27, 36]
Round 118 | train_loss=0.6472 train_acc=0.7890 test_loss=0.7796 test_acc=0.7254
Round 119 | selected=[10, 16, 97, 41, 78, 15, 50, 55, 54, 66]
Round 119 | train_loss=0.6240 train_acc=0.8020 test_loss=0.8532 test_acc=0.6921
Round 120 | selected=[11, 65, 94, 90, 70, 96, 2, 32, 48, 9]
Round 120 | train_loss=0.6822 train_acc=0.7738 test_loss=0.8393 test_acc=0.6984
Round 121 | selected=[92, 41, 80, 69, 87, 64, 79, 32, 30, 74]
Round 121 | train_loss=0.6876 train_acc=0.7690 test_loss=0.8359 test_acc=0.7134
Round 122 | selected=[83, 15, 9, 30, 24, 31, 53, 81, 13, 87]
Round 122 | train_loss=0.6211 train_acc=0.7886 test_loss=0.8506 test_acc=0.7032
Round 123 | selected=[3, 80, 62, 9, 32, 33, 72, 16, 71, 77]
Round 123 | train_loss=0.6653 train_acc=0.7782 test_loss=0.7951 test_acc=0.7178
Round 124 | selected=[52, 8, 74, 25, 71, 32, 39, 37, 3, 57]
Round 124 | train_loss=0.6519 train_acc=0.7748 test_loss=0.8962 test_acc=0.6804
Round 125 | selected=[8, 58, 93, 72, 61, 37, 11, 75, 20, 19]
Round 125 | train_loss=0.6354 train_acc=0.7998 test_loss=0.9109 test_acc=0.6729
Round 126 | selected=[62, 92, 78, 90, 12, 17, 43, 89, 18, 38]
Round 126 | train_loss=0.6122 train_acc=0.7936 test_loss=0.8360 test_acc=0.7056
Round 127 | selected=[99, 60, 0, 70, 43, 73, 23, 88, 55, 27]
Round 127 | train_loss=0.6012 train_acc=0.8030 test_loss=0.9131 test_acc=0.6806
Round 128 | selected=[27, 25, 54, 40, 10, 45, 34, 24, 58, 75]
Round 128 | train_loss=0.6064 train_acc=0.8080 test_loss=0.8983 test_acc=0.6843
Round 129 | selected=[41, 35, 0, 64, 53, 6, 81, 60, 28, 14]
Round 129 | train_loss=0.6417 train_acc=0.7910 test_loss=0.8053 test_acc=0.7177
Round 130 | selected=[46, 90, 81, 34, 80, 8, 78, 5, 45, 43]
Round 130 | train_loss=0.6194 train_acc=0.8020 test_loss=1.0624 test_acc=0.6420
Round 131 | selected=[40, 94, 19, 81, 7, 13, 38, 9, 17, 50]
Round 131 | train_loss=0.5785 train_acc=0.8208 test_loss=1.0212 test_acc=0.6555
Round 132 | selected=[87, 24, 31, 57, 98, 78, 40, 32, 19, 3]
Round 132 | train_loss=0.5932 train_acc=0.7932 test_loss=0.7306 test_acc=0.7433
Round 133 | selected=[72, 91, 97, 10, 18, 52, 37, 80, 68, 11]
Round 133 | train_loss=0.6122 train_acc=0.8058 test_loss=0.7750 test_acc=0.7188
Round 134 | selected=[78, 86, 16, 7, 96, 88, 53, 93, 32, 76]
Round 134 | train_loss=0.6394 train_acc=0.7900 test_loss=0.7993 test_acc=0.7125
Round 135 | selected=[30, 97, 21, 43, 53, 12, 62, 72, 10, 18]
Round 135 | train_loss=0.5616 train_acc=0.8154 test_loss=0.8583 test_acc=0.6954
Round 136 | selected=[38, 76, 39, 88, 73, 71, 90, 77, 58, 35]
Round 136 | train_loss=0.5278 train_acc=0.8228 test_loss=0.8437 test_acc=0.6977
Round 137 | selected=[34, 37, 31, 9, 52, 6, 33, 92, 51, 30]
Round 137 | train_loss=0.5865 train_acc=0.8150 test_loss=0.7601 test_acc=0.7294
Round 138 | selected=[69, 97, 70, 24, 50, 91, 80, 18, 51, 95]
Round 138 | train_loss=0.5319 train_acc=0.8232 test_loss=0.7064 test_acc=0.7547
Round 139 | selected=[84, 92, 98, 59, 54, 85, 3, 9, 0, 68]
Round 139 | train_loss=0.5681 train_acc=0.8106 test_loss=0.6919 test_acc=0.7596
Round 140 | selected=[76, 0, 91, 18, 45, 42, 54, 43, 88, 32]
Round 140 | train_loss=0.6453 train_acc=0.7846 test_loss=0.6749 test_acc=0.7622
Round 141 | selected=[39, 7, 20, 46, 13, 51, 71, 23, 96, 94]
Round 141 | train_loss=0.5106 train_acc=0.8328 test_loss=0.6962 test_acc=0.7550
Round 142 | selected=[36, 48, 34, 10, 23, 9, 55, 77, 46, 63]
Round 142 | train_loss=0.6009 train_acc=0.8154 test_loss=0.7825 test_acc=0.7265
Round 143 | selected=[74, 6, 10, 21, 81, 80, 69, 11, 30, 27]
Round 143 | train_loss=0.6000 train_acc=0.8146 test_loss=0.7813 test_acc=0.7198
Round 144 | selected=[15, 61, 53, 13, 63, 77, 36, 58, 10, 62]
Round 144 | train_loss=0.5542 train_acc=0.8178 test_loss=0.7633 test_acc=0.7292
Round 145 | selected=[94, 19, 9, 40, 52, 17, 49, 32, 92, 45]
Round 145 | train_loss=0.5862 train_acc=0.8054 test_loss=0.7498 test_acc=0.7388
Round 146 | selected=[58, 81, 40, 79, 41, 20, 3, 35, 33, 12]
Round 146 | train_loss=0.5286 train_acc=0.8320 test_loss=0.6914 test_acc=0.7569
Round 147 | selected=[91, 75, 4, 84, 36, 30, 49, 48, 27, 83]
Round 147 | train_loss=0.5996 train_acc=0.8018 test_loss=0.6839 test_acc=0.7592
Round 148 | selected=[38, 53, 67, 98, 81, 44, 85, 77, 6, 48]
Round 148 | train_loss=0.5007 train_acc=0.8372 test_loss=0.7212 test_acc=0.7446
Round 149 | selected=[8, 99, 18, 12, 69, 92, 83, 64, 53, 88]
Round 149 | train_loss=0.5982 train_acc=0.8044 test_loss=0.7055 test_acc=0.7525
Round 150 | selected=[96, 92, 72, 27, 51, 50, 43, 36, 87, 21]
Round 150 | train_loss=0.5218 train_acc=0.8352 test_loss=0.6890 test_acc=0.7610
Round 151 | selected=[10, 8, 76, 44, 7, 17, 68, 55, 71, 36]
Round 151 | train_loss=0.5636 train_acc=0.8206 test_loss=0.6507 test_acc=0.7773
Round 152 | selected=[20, 50, 90, 36, 65, 92, 76, 26, 18, 87]
Round 152 | train_loss=0.4805 train_acc=0.8400 test_loss=0.6559 test_acc=0.7745
Round 153 | selected=[13, 65, 62, 92, 53, 25, 87, 34, 17, 52]
Round 153 | train_loss=0.4726 train_acc=0.8476 test_loss=0.6721 test_acc=0.7717
Round 154 | selected=[43, 45, 11, 21, 86, 8, 32, 10, 39, 62]
Round 154 | train_loss=0.5929 train_acc=0.8042 test_loss=0.7353 test_acc=0.7509
Round 155 | selected=[17, 79, 56, 61, 64, 16, 29, 22, 15, 42]
Round 155 | train_loss=0.5168 train_acc=0.8296 test_loss=0.7297 test_acc=0.7545
Round 156 | selected=[96, 43, 3, 54, 94, 46, 91, 49, 9, 27]
Round 156 | train_loss=0.5125 train_acc=0.8292 test_loss=0.7176 test_acc=0.7455
Round 157 | selected=[4, 61, 99, 98, 22, 54, 59, 21, 68, 66]
Round 157 | train_loss=0.4988 train_acc=0.8380 test_loss=0.7192 test_acc=0.7434
Round 158 | selected=[74, 66, 70, 94, 44, 19, 60, 86, 41, 63]
Round 158 | train_loss=0.5137 train_acc=0.8212 test_loss=0.6793 test_acc=0.7692
Round 159 | selected=[56, 50, 40, 65, 88, 36, 79, 34, 61, 84]
Round 159 | train_loss=0.4564 train_acc=0.8512 test_loss=0.6937 test_acc=0.7647
Round 160 | selected=[35, 73, 93, 72, 59, 88, 22, 11, 10, 18]
Round 160 | train_loss=0.5536 train_acc=0.8190 test_loss=0.6626 test_acc=0.7727
Round 161 | selected=[99, 84, 35, 49, 74, 17, 30, 70, 26, 16]
Round 161 | train_loss=0.5820 train_acc=0.8050 test_loss=0.6605 test_acc=0.7728
Round 162 | selected=[81, 53, 14, 67, 28, 12, 22, 69, 35, 24]
Round 162 | train_loss=0.4896 train_acc=0.8428 test_loss=0.7020 test_acc=0.7628
Round 163 | selected=[23, 18, 32, 77, 41, 17, 35, 99, 26, 40]
Round 163 | train_loss=0.4772 train_acc=0.8478 test_loss=0.6810 test_acc=0.7705
Round 164 | selected=[25, 1, 68, 42, 28, 12, 86, 16, 29, 34]
Round 164 | train_loss=0.5011 train_acc=0.8390 test_loss=0.6407 test_acc=0.7821
Round 165 | selected=[60, 59, 57, 81, 45, 2, 95, 94, 88, 43]
Round 165 | train_loss=0.5805 train_acc=0.7986 test_loss=0.6240 test_acc=0.7869
Round 166 | selected=[44, 53, 46, 56, 93, 1, 97, 39, 76, 47]
Round 166 | train_loss=0.4698 train_acc=0.8438 test_loss=0.6696 test_acc=0.7703
Round 167 | selected=[11, 6, 87, 71, 15, 63, 31, 83, 93, 78]
Round 167 | train_loss=0.5020 train_acc=0.8336 test_loss=0.7298 test_acc=0.7433
Round 168 | selected=[16, 91, 28, 57, 74, 51, 19, 21, 20, 31]
Round 168 | train_loss=0.5095 train_acc=0.8228 test_loss=0.7047 test_acc=0.7523
Round 169 | selected=[99, 16, 61, 91, 94, 77, 21, 68, 17, 25]
Round 169 | train_loss=0.4584 train_acc=0.8504 test_loss=0.6130 test_acc=0.7952
Round 170 | selected=[25, 52, 0, 31, 69, 96, 94, 42, 41, 89]
Round 170 | train_loss=0.4214 train_acc=0.8664 test_loss=0.6671 test_acc=0.7752
Round 171 | selected=[87, 3, 76, 35, 95, 54, 0, 97, 19, 62]
Round 171 | train_loss=0.4933 train_acc=0.8366 test_loss=0.7055 test_acc=0.7542
Round 172 | selected=[35, 31, 16, 56, 69, 18, 22, 19, 14, 94]
Round 172 | train_loss=0.4382 train_acc=0.8560 test_loss=0.6224 test_acc=0.7859
Round 173 | selected=[15, 61, 38, 90, 97, 7, 95, 12, 23, 24]
Round 173 | train_loss=0.4764 train_acc=0.8432 test_loss=0.6699 test_acc=0.7660
Round 174 | selected=[97, 17, 18, 22, 37, 15, 78, 28, 44, 21]
Round 174 | train_loss=0.4702 train_acc=0.8416 test_loss=0.6512 test_acc=0.7733
Round 175 | selected=[22, 48, 12, 39, 38, 84, 25, 2, 88, 90]
Round 175 | train_loss=0.4778 train_acc=0.8424 test_loss=0.6161 test_acc=0.7868
Round 176 | selected=[83, 36, 24, 14, 7, 58, 82, 71, 87, 19]
Round 176 | train_loss=0.4758 train_acc=0.8416 test_loss=0.6900 test_acc=0.7606
Round 177 | selected=[74, 91, 11, 10, 56, 69, 15, 48, 12, 72]
Round 177 | train_loss=0.5075 train_acc=0.8320 test_loss=0.6359 test_acc=0.7824
Round 178 | selected=[74, 30, 69, 14, 96, 23, 58, 27, 11, 40]
Round 178 | train_loss=0.4396 train_acc=0.8642 test_loss=0.6196 test_acc=0.7838
Round 179 | selected=[23, 25, 28, 87, 73, 52, 70, 74, 84, 66]
Round 179 | train_loss=0.4832 train_acc=0.8416 test_loss=0.6300 test_acc=0.7753
Round 180 | selected=[46, 34, 64, 61, 36, 91, 33, 83, 14, 7]
Round 180 | train_loss=0.4913 train_acc=0.8418 test_loss=0.6186 test_acc=0.7846
Round 181 | selected=[47, 77, 57, 94, 35, 86, 30, 72, 46, 55]
Round 181 | train_loss=0.4268 train_acc=0.8608 test_loss=0.8141 test_acc=0.7148
Round 182 | selected=[87, 31, 88, 69, 55, 2, 42, 75, 60, 20]
Round 182 | train_loss=0.4662 train_acc=0.8458 test_loss=0.8682 test_acc=0.7035
Round 183 | selected=[38, 88, 76, 53, 34, 82, 25, 36, 73, 4]
Round 183 | train_loss=0.5408 train_acc=0.8204 test_loss=0.6667 test_acc=0.7670
Round 184 | selected=[22, 23, 39, 72, 37, 2, 48, 76, 75, 34]
Round 184 | train_loss=0.5266 train_acc=0.8340 test_loss=0.7620 test_acc=0.7319
Round 185 | selected=[43, 5, 42, 88, 30, 61, 11, 9, 19, 1]
Round 185 | train_loss=0.4351 train_acc=0.8574 test_loss=0.7321 test_acc=0.7479
Round 186 | selected=[29, 87, 63, 79, 32, 81, 16, 88, 15, 83]
Round 186 | train_loss=0.4683 train_acc=0.8428 test_loss=0.6117 test_acc=0.7854
Round 187 | selected=[77, 2, 50, 8, 56, 6, 71, 12, 79, 7]
Round 187 | train_loss=0.4603 train_acc=0.8488 test_loss=0.6133 test_acc=0.7880
Round 188 | selected=[32, 38, 45, 16, 66, 64, 98, 41, 42, 6]
Round 188 | train_loss=0.5468 train_acc=0.8232 test_loss=0.7219 test_acc=0.7486
Round 189 | selected=[7, 62, 61, 82, 64, 87, 30, 85, 76, 88]
Round 189 | train_loss=0.4559 train_acc=0.8418 test_loss=0.6820 test_acc=0.7687
Round 190 | selected=[32, 23, 97, 52, 61, 26, 44, 27, 90, 53]
Round 190 | train_loss=0.4044 train_acc=0.8660 test_loss=0.5662 test_acc=0.8096
Round 191 | selected=[40, 62, 50, 42, 4, 71, 6, 43, 56, 8]
Round 191 | train_loss=0.4229 train_acc=0.8602 test_loss=0.5756 test_acc=0.8066
Round 192 | selected=[75, 3, 42, 92, 72, 50, 49, 52, 8, 45]
Round 192 | train_loss=0.5025 train_acc=0.8340 test_loss=0.6101 test_acc=0.7890
Round 193 | selected=[90, 64, 67, 11, 47, 49, 92, 50, 38, 6]
Round 193 | train_loss=0.4736 train_acc=0.8436 test_loss=0.5792 test_acc=0.7994
Round 194 | selected=[0, 36, 13, 20, 39, 16, 42, 56, 9, 63]
Round 194 | train_loss=0.3924 train_acc=0.8722 test_loss=0.5991 test_acc=0.7931
Round 195 | selected=[39, 38, 31, 18, 86, 9, 60, 89, 64, 15]
Round 195 | train_loss=0.4108 train_acc=0.8688 test_loss=0.6284 test_acc=0.7881
Round 196 | selected=[45, 34, 96, 79, 22, 14, 80, 72, 46, 70]
Round 196 | train_loss=0.4750 train_acc=0.8484 test_loss=0.5954 test_acc=0.7961
Round 197 | selected=[10, 39, 70, 0, 61, 32, 84, 93, 91, 49]
Round 197 | train_loss=0.4653 train_acc=0.8472 test_loss=0.6005 test_acc=0.7975
Round 198 | selected=[88, 22, 87, 57, 79, 42, 93, 96, 40, 91]
Round 198 | train_loss=0.3808 train_acc=0.8716 test_loss=0.5502 test_acc=0.8137
Round 199 | selected=[38, 52, 78, 33, 64, 32, 41, 93, 58, 71]
Round 199 | train_loss=0.4026 train_acc=0.8672 test_loss=0.5475 test_acc=0.8115
Round 200 | selected=[95, 31, 52, 20, 92, 11, 2, 16, 70, 9]
Round 200 | train_loss=0.4077 train_acc=0.8718 test_loss=0.5413 test_acc=0.8190
Round 201 | selected=[51, 9, 15, 53, 84, 60, 2, 81, 94, 74]
Round 201 | train_loss=0.5024 train_acc=0.8264 test_loss=0.5587 test_acc=0.8069
Round 202 | selected=[87, 33, 16, 1, 81, 51, 57, 68, 54, 11]
Round 202 | train_loss=0.4182 train_acc=0.8630 test_loss=0.6365 test_acc=0.7774
Round 203 | selected=[46, 35, 76, 53, 91, 89, 87, 28, 81, 97]
Round 203 | train_loss=0.4236 train_acc=0.8566 test_loss=0.6608 test_acc=0.7678
Round 204 | selected=[97, 40, 51, 52, 61, 59, 1, 23, 29, 76]
Round 204 | train_loss=0.3876 train_acc=0.8734 test_loss=0.6787 test_acc=0.7706
Round 205 | selected=[16, 55, 41, 44, 82, 3, 21, 98, 22, 63]
Round 205 | train_loss=0.4272 train_acc=0.8564 test_loss=0.5928 test_acc=0.8054
Round 206 | selected=[1, 87, 84, 28, 98, 49, 48, 99, 92, 97]
Round 206 | train_loss=0.4339 train_acc=0.8582 test_loss=0.5649 test_acc=0.8103
Round 207 | selected=[60, 41, 71, 6, 47, 79, 7, 5, 58, 91]
Round 207 | train_loss=0.3786 train_acc=0.8718 test_loss=0.6298 test_acc=0.7827
Round 208 | selected=[53, 49, 30, 96, 44, 78, 66, 69, 16, 92]
Round 208 | train_loss=0.4065 train_acc=0.8736 test_loss=0.6515 test_acc=0.7788
Round 209 | selected=[93, 66, 85, 55, 21, 49, 70, 42, 88, 9]
Round 209 | train_loss=0.3789 train_acc=0.8770 test_loss=0.6795 test_acc=0.7759
Round 210 | selected=[53, 8, 65, 45, 11, 23, 14, 61, 95, 84]
Round 210 | train_loss=0.4630 train_acc=0.8454 test_loss=0.5896 test_acc=0.8044
Round 211 | selected=[13, 72, 2, 69, 32, 48, 52, 68, 82, 26]
Round 211 | train_loss=0.4290 train_acc=0.8626 test_loss=0.5189 test_acc=0.8251
Round 212 | selected=[27, 46, 18, 26, 82, 15, 64, 10, 32, 13]
Round 212 | train_loss=0.4106 train_acc=0.8670 test_loss=0.5822 test_acc=0.7933
Round 213 | selected=[67, 3, 26, 38, 62, 41, 25, 50, 61, 49]
Round 213 | train_loss=0.3652 train_acc=0.8766 test_loss=0.6264 test_acc=0.7768
Round 214 | selected=[78, 84, 0, 42, 93, 22, 98, 37, 30, 73]
Round 214 | train_loss=0.3953 train_acc=0.8714 test_loss=0.5500 test_acc=0.8132
Round 215 | selected=[77, 94, 68, 9, 92, 80, 32, 38, 75, 2]
Round 215 | train_loss=0.4261 train_acc=0.8618 test_loss=0.5391 test_acc=0.8193
Round 216 | selected=[35, 4, 44, 92, 57, 86, 95, 24, 93, 70]
Round 216 | train_loss=0.3319 train_acc=0.8926 test_loss=0.5490 test_acc=0.8125
Round 217 | selected=[14, 31, 79, 97, 0, 41, 47, 7, 48, 9]
Round 217 | train_loss=0.3646 train_acc=0.8836 test_loss=0.5633 test_acc=0.8101
Round 218 | selected=[24, 73, 4, 46, 8, 72, 41, 0, 92, 52]
Round 218 | train_loss=0.3863 train_acc=0.8758 test_loss=0.5911 test_acc=0.7997
Round 219 | selected=[82, 11, 26, 14, 83, 39, 38, 41, 32, 53]
Round 219 | train_loss=0.4251 train_acc=0.8608 test_loss=0.5520 test_acc=0.8173
Round 220 | selected=[67, 35, 66, 44, 51, 17, 49, 37, 64, 18]
Round 220 | train_loss=0.3683 train_acc=0.8856 test_loss=0.5612 test_acc=0.8105
Round 221 | selected=[20, 33, 25, 90, 9, 4, 59, 54, 80, 5]
Round 221 | train_loss=0.3710 train_acc=0.8824 test_loss=0.6524 test_acc=0.7760
Round 222 | selected=[22, 21, 92, 88, 32, 12, 69, 28, 62, 78]
Round 222 | train_loss=0.3974 train_acc=0.8688 test_loss=0.5988 test_acc=0.7993
Round 223 | selected=[10, 51, 17, 78, 14, 61, 75, 44, 47, 48]
Round 223 | train_loss=0.3689 train_acc=0.8844 test_loss=0.5504 test_acc=0.8130
Round 224 | selected=[79, 9, 34, 99, 26, 3, 22, 31, 27, 69]
Round 224 | train_loss=0.3616 train_acc=0.8850 test_loss=0.5737 test_acc=0.8045
Round 225 | selected=[8, 19, 74, 28, 56, 21, 99, 29, 59, 2]
Round 225 | train_loss=0.4426 train_acc=0.8596 test_loss=0.6026 test_acc=0.7924
Round 226 | selected=[71, 80, 12, 68, 70, 6, 45, 43, 86, 16]
Round 226 | train_loss=0.3923 train_acc=0.8692 test_loss=0.6381 test_acc=0.7796
Round 227 | selected=[91, 84, 13, 41, 72, 3, 64, 8, 99, 26]
Round 227 | train_loss=0.3742 train_acc=0.8744 test_loss=0.5935 test_acc=0.7998
Round 228 | selected=[69, 4, 39, 64, 8, 46, 81, 92, 44, 25]
Round 228 | train_loss=0.3512 train_acc=0.8928 test_loss=0.6113 test_acc=0.7930
Round 229 | selected=[41, 49, 82, 96, 31, 78, 40, 5, 85, 71]
Round 229 | train_loss=0.3920 train_acc=0.8734 test_loss=0.6213 test_acc=0.7912
Round 230 | selected=[45, 50, 38, 24, 51, 92, 96, 0, 78, 65]
Round 230 | train_loss=0.3707 train_acc=0.8804 test_loss=0.6239 test_acc=0.7862
Round 231 | selected=[28, 56, 50, 16, 30, 25, 76, 21, 15, 92]
Round 231 | train_loss=0.3307 train_acc=0.8896 test_loss=0.6227 test_acc=0.7875
Round 232 | selected=[6, 99, 28, 25, 16, 48, 75, 54, 1, 49]
Round 232 | train_loss=0.4169 train_acc=0.8648 test_loss=0.5396 test_acc=0.8194
Round 233 | selected=[55, 46, 15, 29, 11, 31, 47, 68, 23, 43]
Round 233 | train_loss=0.3502 train_acc=0.8876 test_loss=0.6374 test_acc=0.7796
Round 234 | selected=[8, 43, 95, 70, 92, 11, 57, 85, 86, 65]
Round 234 | train_loss=0.3914 train_acc=0.8760 test_loss=0.6532 test_acc=0.7806
Round 235 | selected=[84, 6, 46, 51, 17, 69, 81, 60, 28, 24]
Round 235 | train_loss=0.4032 train_acc=0.8702 test_loss=0.5738 test_acc=0.8055
Round 236 | selected=[38, 8, 71, 73, 47, 85, 84, 88, 13, 83]
Round 236 | train_loss=0.3335 train_acc=0.8946 test_loss=0.5532 test_acc=0.8150
Round 237 | selected=[42, 26, 63, 18, 68, 33, 19, 50, 37, 23]
Round 237 | train_loss=0.3039 train_acc=0.9004 test_loss=0.5798 test_acc=0.8037
Round 238 | selected=[25, 55, 29, 1, 27, 70, 35, 93, 51, 12]
Round 238 | train_loss=0.2934 train_acc=0.9008 test_loss=0.5662 test_acc=0.8019
Round 239 | selected=[8, 90, 74, 1, 2, 12, 43, 49, 96, 55]
Round 239 | train_loss=0.4014 train_acc=0.8606 test_loss=0.5260 test_acc=0.8206
Round 240 | selected=[81, 95, 56, 41, 86, 85, 51, 71, 4, 57]
Round 240 | train_loss=0.3251 train_acc=0.9030 test_loss=0.5822 test_acc=0.7989
Round 241 | selected=[38, 1, 32, 30, 97, 85, 20, 17, 44, 68]
Round 241 | train_loss=0.3452 train_acc=0.8860 test_loss=0.5537 test_acc=0.8129
Round 242 | selected=[17, 56, 60, 30, 15, 67, 21, 26, 59, 90]
Round 242 | train_loss=0.3155 train_acc=0.8998 test_loss=0.5559 test_acc=0.8087
Round 243 | selected=[48, 46, 67, 72, 20, 29, 91, 86, 89, 23]
Round 243 | train_loss=0.3121 train_acc=0.8980 test_loss=0.5588 test_acc=0.8077
Round 244 | selected=[38, 94, 93, 54, 79, 98, 0, 83, 7, 58]
Round 244 | train_loss=0.3176 train_acc=0.9032 test_loss=0.5367 test_acc=0.8186
Round 245 | selected=[86, 3, 2, 92, 80, 40, 45, 57, 75, 6]
Round 245 | train_loss=0.3564 train_acc=0.8838 test_loss=0.5691 test_acc=0.8124
Round 246 | selected=[39, 15, 47, 56, 18, 31, 79, 12, 53, 37]
Round 246 | train_loss=0.3051 train_acc=0.8962 test_loss=0.5679 test_acc=0.8059
Round 247 | selected=[69, 34, 62, 99, 53, 75, 51, 16, 31, 6]
Round 247 | train_loss=0.3677 train_acc=0.8776 test_loss=0.6034 test_acc=0.7919
Round 248 | selected=[77, 8, 78, 87, 28, 54, 7, 65, 2, 5]
Round 248 | train_loss=0.3617 train_acc=0.8902 test_loss=0.5158 test_acc=0.8239
Round 249 | selected=[38, 14, 44, 94, 84, 56, 47, 2, 80, 83]
Round 249 | train_loss=0.3247 train_acc=0.8950 test_loss=0.5311 test_acc=0.8167
Round 250 | selected=[35, 62, 34, 5, 51, 70, 26, 24, 77, 39]
Round 250 | train_loss=0.3829 train_acc=0.8796 test_loss=0.5565 test_acc=0.8057
Round 251 | selected=[55, 81, 20, 57, 44, 74, 13, 3, 97, 69]
Round 251 | train_loss=0.3262 train_acc=0.8904 test_loss=0.5935 test_acc=0.7945
Round 252 | selected=[96, 10, 16, 27, 25, 74, 70, 93, 32, 4]
Round 252 | train_loss=0.3394 train_acc=0.8902 test_loss=0.7290 test_acc=0.7485
Round 253 | selected=[24, 27, 38, 18, 12, 54, 97, 49, 92, 93]
Round 253 | train_loss=0.3209 train_acc=0.8936 test_loss=0.7124 test_acc=0.7522
Round 254 | selected=[74, 81, 35, 53, 50, 29, 87, 73, 23, 19]
Round 254 | train_loss=0.3442 train_acc=0.8880 test_loss=0.6569 test_acc=0.7798
Round 255 | selected=[85, 52, 45, 10, 96, 33, 23, 37, 17, 49]
Round 255 | train_loss=0.3395 train_acc=0.8910 test_loss=0.6099 test_acc=0.7986
Round 256 | selected=[6, 5, 9, 14, 69, 85, 77, 89, 10, 70]
Round 256 | train_loss=0.3000 train_acc=0.9014 test_loss=0.7023 test_acc=0.7562
Round 257 | selected=[5, 80, 43, 58, 18, 87, 93, 30, 66, 53]
Round 257 | train_loss=0.3498 train_acc=0.8798 test_loss=0.6756 test_acc=0.7645
Round 258 | selected=[5, 56, 0, 18, 46, 82, 32, 64, 51, 14]
Round 258 | train_loss=0.4272 train_acc=0.8574 test_loss=0.5869 test_acc=0.7963
Round 259 | selected=[93, 17, 27, 60, 66, 61, 53, 77, 75, 56]
Round 259 | train_loss=0.3063 train_acc=0.9012 test_loss=0.6987 test_acc=0.7551
Round 260 | selected=[51, 38, 79, 1, 8, 31, 63, 57, 21, 17]
Round 260 | train_loss=0.3209 train_acc=0.9004 test_loss=0.6305 test_acc=0.7797
Round 261 | selected=[36, 69, 50, 3, 26, 77, 41, 35, 66, 81]
Round 261 | train_loss=0.3530 train_acc=0.8860 test_loss=0.5791 test_acc=0.7973
Round 262 | selected=[46, 85, 35, 3, 10, 22, 90, 92, 97, 33]
Round 262 | train_loss=0.3420 train_acc=0.8906 test_loss=0.6219 test_acc=0.7925
Round 263 | selected=[18, 55, 84, 17, 83, 95, 90, 38, 4, 92]
Round 263 | train_loss=0.2852 train_acc=0.9070 test_loss=0.8225 test_acc=0.7390
Round 264 | selected=[49, 3, 62, 18, 75, 74, 60, 46, 66, 94]
Round 264 | train_loss=0.4201 train_acc=0.8542 test_loss=0.7177 test_acc=0.7644
Round 265 | selected=[60, 11, 86, 41, 83, 66, 48, 44, 5, 72]
Round 265 | train_loss=0.3882 train_acc=0.8720 test_loss=0.5260 test_acc=0.8282
Round 266 | selected=[80, 84, 94, 20, 55, 39, 51, 33, 15, 93]
Round 266 | train_loss=0.3141 train_acc=0.8982 test_loss=0.5443 test_acc=0.8235
Round 267 | selected=[88, 63, 83, 77, 97, 61, 4, 24, 52, 60]
Round 267 | train_loss=0.3097 train_acc=0.9002 test_loss=0.7278 test_acc=0.7559
Round 268 | selected=[49, 50, 31, 30, 71, 13, 77, 35, 0, 1]
Round 268 | train_loss=0.2991 train_acc=0.9078 test_loss=0.7793 test_acc=0.7387
Round 269 | selected=[99, 16, 28, 89, 30, 90, 54, 4, 58, 41]
Round 269 | train_loss=0.3531 train_acc=0.8872 test_loss=0.6414 test_acc=0.7769
Round 270 | selected=[81, 85, 22, 2, 91, 24, 63, 3, 95, 44]
Round 270 | train_loss=0.3913 train_acc=0.8746 test_loss=0.6219 test_acc=0.7817
Round 271 | selected=[68, 7, 44, 36, 64, 96, 99, 9, 29, 3]
Round 271 | train_loss=0.3247 train_acc=0.8978 test_loss=0.5917 test_acc=0.8004
Round 272 | selected=[66, 12, 83, 91, 14, 76, 57, 49, 24, 13]
Round 272 | train_loss=0.3238 train_acc=0.8950 test_loss=0.6192 test_acc=0.7930
Round 273 | selected=[45, 55, 0, 16, 82, 98, 95, 19, 41, 32]
Round 273 | train_loss=0.4135 train_acc=0.8626 test_loss=0.6354 test_acc=0.7847
Round 274 | selected=[8, 11, 75, 40, 86, 27, 68, 36, 47, 93]
Round 274 | train_loss=0.3782 train_acc=0.8782 test_loss=0.5500 test_acc=0.8126
Round 275 | selected=[23, 79, 44, 2, 9, 69, 45, 64, 13, 60]
Round 275 | train_loss=0.3185 train_acc=0.8956 test_loss=0.5702 test_acc=0.8131
Round 276 | selected=[44, 25, 71, 8, 28, 37, 29, 47, 12, 19]
Round 276 | train_loss=0.3064 train_acc=0.9016 test_loss=0.6823 test_acc=0.7712
Round 277 | selected=[14, 95, 41, 70, 21, 85, 54, 31, 56, 87]
Round 277 | train_loss=0.2992 train_acc=0.8980 test_loss=0.6823 test_acc=0.7691
Round 278 | selected=[51, 42, 82, 45, 50, 24, 18, 76, 67, 59]
Round 278 | train_loss=0.3973 train_acc=0.8644 test_loss=0.5168 test_acc=0.8221
Round 279 | selected=[69, 27, 92, 98, 88, 75, 82, 28, 25, 54]
Round 279 | train_loss=0.2975 train_acc=0.9046 test_loss=0.6131 test_acc=0.7886
Round 280 | selected=[44, 37, 77, 90, 72, 6, 39, 22, 16, 91]
Round 280 | train_loss=0.3368 train_acc=0.8868 test_loss=0.6422 test_acc=0.7862
Round 281 | selected=[49, 86, 77, 64, 28, 18, 54, 37, 24, 95]
Round 281 | train_loss=0.2966 train_acc=0.9030 test_loss=0.6352 test_acc=0.7906
Round 282 | selected=[38, 27, 30, 48, 53, 46, 42, 94, 57, 95]
Round 282 | train_loss=0.2628 train_acc=0.9096 test_loss=0.5646 test_acc=0.8059
Round 283 | selected=[55, 6, 75, 15, 31, 8, 81, 58, 60, 26]
Round 283 | train_loss=0.3436 train_acc=0.8836 test_loss=0.5577 test_acc=0.8036
Round 284 | selected=[47, 37, 5, 15, 86, 23, 44, 36, 90, 99]
Round 284 | train_loss=0.2981 train_acc=0.8994 test_loss=0.5132 test_acc=0.8245
Round 285 | selected=[36, 66, 81, 65, 87, 85, 2, 80, 38, 52]
Round 285 | train_loss=0.3301 train_acc=0.8942 test_loss=0.5180 test_acc=0.8273
Round 286 | selected=[30, 24, 52, 94, 61, 76, 20, 32, 7, 15]
Round 286 | train_loss=0.2995 train_acc=0.9002 test_loss=0.5803 test_acc=0.8015
Round 287 | selected=[40, 98, 97, 91, 47, 50, 80, 53, 1, 37]
Round 287 | train_loss=0.2881 train_acc=0.9058 test_loss=0.5517 test_acc=0.8124
Round 288 | selected=[88, 86, 15, 0, 49, 70, 71, 37, 28, 12]
Round 288 | train_loss=0.3068 train_acc=0.8992 test_loss=0.4909 test_acc=0.8368
Round 289 | selected=[5, 72, 67, 97, 99, 9, 16, 24, 56, 49]
Round 289 | train_loss=0.2683 train_acc=0.9156 test_loss=0.5365 test_acc=0.8204
Round 290 | selected=[48, 94, 16, 17, 3, 97, 72, 73, 71, 19]
Round 290 | train_loss=0.2880 train_acc=0.9018 test_loss=0.5437 test_acc=0.8185
Round 291 | selected=[73, 56, 52, 84, 36, 81, 66, 50, 67, 48]
Round 291 | train_loss=0.3005 train_acc=0.9034 test_loss=0.4782 test_acc=0.8413
Round 292 | selected=[8, 65, 6, 47, 5, 42, 83, 54, 87, 81]
Round 292 | train_loss=0.3082 train_acc=0.9012 test_loss=0.5139 test_acc=0.8212
Round 293 | selected=[56, 50, 10, 25, 53, 62, 19, 33, 69, 95]
Round 293 | train_loss=0.2321 train_acc=0.9240 test_loss=0.6010 test_acc=0.7850
Round 294 | selected=[53, 20, 28, 31, 66, 22, 69, 71, 65, 57]
Round 294 | train_loss=0.2714 train_acc=0.9106 test_loss=0.6192 test_acc=0.7811
Round 295 | selected=[79, 61, 90, 20, 7, 75, 35, 84, 51, 55]
Round 295 | train_loss=0.2829 train_acc=0.9074 test_loss=0.5676 test_acc=0.8054
Round 296 | selected=[55, 32, 57, 11, 26, 5, 23, 41, 99, 62]
Round 296 | train_loss=0.3855 train_acc=0.8762 test_loss=0.5008 test_acc=0.8252
Round 297 | selected=[28, 63, 51, 46, 42, 18, 3, 38, 2, 54]
Round 297 | train_loss=0.2732 train_acc=0.9050 test_loss=0.6687 test_acc=0.7653
Round 298 | selected=[91, 82, 61, 95, 73, 99, 93, 56, 5, 90]
Round 298 | train_loss=0.2901 train_acc=0.9062 test_loss=0.7189 test_acc=0.7506
Round 299 | selected=[19, 34, 78, 50, 73, 67, 41, 43, 79, 64]
Round 299 | train_loss=0.3180 train_acc=0.8954 test_loss=0.5783 test_acc=0.8035
Round 300 | selected=[20, 23, 40, 51, 37, 71, 41, 35, 74, 72]
Round 300 | train_loss=0.2734 train_acc=0.9086 test_loss=0.5391 test_acc=0.8161
Round 301 | selected=[34, 31, 39, 56, 75, 78, 29, 40, 53, 25]
Round 301 | train_loss=0.2589 train_acc=0.9182 test_loss=0.5801 test_acc=0.8022
Round 302 | selected=[99, 90, 10, 30, 64, 38, 20, 41, 51, 49]
Round 302 | train_loss=0.2913 train_acc=0.9056 test_loss=0.5268 test_acc=0.8219
Round 303 | selected=[69, 58, 84, 43, 1, 20, 42, 97, 3, 24]
Round 303 | train_loss=0.2753 train_acc=0.9086 test_loss=0.4671 test_acc=0.8429
Round 304 | selected=[99, 30, 18, 48, 9, 49, 0, 54, 15, 11]
Round 304 | train_loss=0.2901 train_acc=0.9066 test_loss=0.4858 test_acc=0.8353
Round 305 | selected=[11, 56, 65, 9, 36, 96, 61, 18, 14, 85]
Round 305 | train_loss=0.2615 train_acc=0.9200 test_loss=0.5252 test_acc=0.8192
Round 306 | selected=[39, 30, 18, 11, 37, 57, 92, 42, 52, 79]
Round 306 | train_loss=0.2498 train_acc=0.9188 test_loss=0.5390 test_acc=0.8180
Round 307 | selected=[59, 86, 14, 69, 37, 53, 98, 5, 94, 54]
Round 307 | train_loss=0.2681 train_acc=0.9122 test_loss=0.5293 test_acc=0.8230
Round 308 | selected=[79, 98, 26, 68, 82, 3, 55, 23, 76, 22]
Round 308 | train_loss=0.2807 train_acc=0.9012 test_loss=0.5339 test_acc=0.8173
Round 309 | selected=[23, 50, 38, 33, 59, 45, 55, 68, 62, 35]
Round 309 | train_loss=0.2886 train_acc=0.9118 test_loss=0.5278 test_acc=0.8179
Round 310 | selected=[29, 66, 1, 23, 87, 8, 42, 67, 64, 15]
Round 310 | train_loss=0.2880 train_acc=0.9072 test_loss=0.5132 test_acc=0.8231
Round 311 | selected=[51, 30, 11, 2, 93, 64, 76, 67, 38, 87]
Round 311 | train_loss=0.2481 train_acc=0.9178 test_loss=0.6082 test_acc=0.7827
Round 312 | selected=[64, 24, 31, 47, 97, 50, 14, 1, 18, 68]
Round 312 | train_loss=0.2459 train_acc=0.9192 test_loss=0.5145 test_acc=0.8195
Round 313 | selected=[32, 27, 10, 30, 81, 15, 51, 86, 23, 57]
Round 313 | train_loss=0.2825 train_acc=0.9076 test_loss=0.4621 test_acc=0.8451
Round 314 | selected=[70, 84, 47, 63, 77, 37, 86, 21, 18, 66]
Round 314 | train_loss=0.2062 train_acc=0.9344 test_loss=0.5157 test_acc=0.8197
Round 315 | selected=[5, 65, 17, 48, 23, 6, 70, 95, 55, 54]
Round 315 | train_loss=0.2358 train_acc=0.9274 test_loss=0.5349 test_acc=0.8187
Round 316 | selected=[45, 13, 84, 53, 81, 28, 4, 64, 80, 51]
Round 316 | train_loss=0.2901 train_acc=0.9050 test_loss=0.5017 test_acc=0.8303
Round 317 | selected=[58, 75, 38, 22, 70, 6, 65, 26, 42, 8]
Round 317 | train_loss=0.2771 train_acc=0.9112 test_loss=0.4724 test_acc=0.8396
Round 318 | selected=[27, 42, 50, 85, 98, 44, 66, 80, 70, 76]
Round 318 | train_loss=0.2361 train_acc=0.9230 test_loss=0.4573 test_acc=0.8458
Round 319 | selected=[10, 54, 68, 41, 14, 31, 30, 16, 55, 44]
Round 319 | train_loss=0.2097 train_acc=0.9322 test_loss=0.5413 test_acc=0.8095
Round 320 | selected=[35, 5, 12, 36, 34, 71, 97, 24, 22, 14]
Round 320 | train_loss=0.2543 train_acc=0.9164 test_loss=0.5389 test_acc=0.8149
Round 321 | selected=[81, 73, 63, 74, 43, 97, 86, 34, 38, 21]
Round 321 | train_loss=0.2932 train_acc=0.9010 test_loss=0.4747 test_acc=0.8348
Round 322 | selected=[19, 79, 82, 9, 22, 60, 77, 45, 2, 62]
Round 322 | train_loss=0.2818 train_acc=0.9090 test_loss=0.4546 test_acc=0.8449
Round 323 | selected=[24, 13, 23, 76, 21, 42, 16, 45, 88, 56]
Round 323 | train_loss=0.2345 train_acc=0.9206 test_loss=0.4768 test_acc=0.8337
Round 324 | selected=[41, 1, 53, 6, 29, 50, 80, 93, 66, 97]
Round 324 | train_loss=0.1948 train_acc=0.9336 test_loss=0.4647 test_acc=0.8427
Round 325 | selected=[22, 71, 7, 24, 56, 65, 21, 96, 11, 25]
Round 325 | train_loss=0.2070 train_acc=0.9330 test_loss=0.5428 test_acc=0.8177
Round 326 | selected=[68, 37, 17, 84, 87, 50, 41, 16, 75, 90]
Round 326 | train_loss=0.2472 train_acc=0.9162 test_loss=0.5374 test_acc=0.8159
Round 327 | selected=[15, 91, 57, 19, 24, 35, 93, 16, 21, 29]
Round 327 | train_loss=0.2082 train_acc=0.9338 test_loss=0.4659 test_acc=0.8373
Round 328 | selected=[90, 68, 27, 65, 30, 29, 17, 2, 41, 60]
Round 328 | train_loss=0.2073 train_acc=0.9302 test_loss=0.4665 test_acc=0.8402
Round 329 | selected=[25, 14, 63, 13, 26, 77, 64, 96, 70, 16]
Round 329 | train_loss=0.1849 train_acc=0.9424 test_loss=0.4895 test_acc=0.8336
Round 330 | selected=[93, 25, 99, 59, 66, 17, 23, 71, 50, 12]
Round 330 | train_loss=0.2383 train_acc=0.9226 test_loss=0.4786 test_acc=0.8394
Round 331 | selected=[6, 5, 79, 37, 76, 3, 70, 94, 53, 46]
Round 331 | train_loss=0.1959 train_acc=0.9374 test_loss=0.4800 test_acc=0.8378
Round 332 | selected=[6, 14, 59, 69, 96, 84, 29, 75, 3, 37]
Round 332 | train_loss=0.2174 train_acc=0.9270 test_loss=0.4637 test_acc=0.8438
Round 333 | selected=[17, 77, 6, 31, 91, 36, 5, 82, 44, 4]
Round 333 | train_loss=0.2399 train_acc=0.9156 test_loss=0.4382 test_acc=0.8548
Round 334 | selected=[18, 7, 54, 9, 6, 22, 55, 94, 97, 65]
Round 334 | train_loss=0.2009 train_acc=0.9382 test_loss=0.4331 test_acc=0.8536
Round 335 | selected=[44, 90, 84, 3, 32, 36, 63, 73, 50, 12]
Round 335 | train_loss=0.2465 train_acc=0.9190 test_loss=0.4475 test_acc=0.8426
Round 336 | selected=[16, 2, 7, 44, 95, 92, 5, 14, 75, 71]
Round 336 | train_loss=0.2194 train_acc=0.9276 test_loss=0.4201 test_acc=0.8570
Round 337 | selected=[73, 25, 55, 45, 38, 65, 50, 20, 22, 62]
Round 337 | train_loss=0.1985 train_acc=0.9372 test_loss=0.4552 test_acc=0.8472
Round 338 | selected=[41, 69, 90, 50, 61, 97, 74, 8, 85, 83]
Round 338 | train_loss=0.2276 train_acc=0.9252 test_loss=0.4593 test_acc=0.8444
Round 339 | selected=[99, 56, 84, 65, 64, 14, 15, 92, 74, 90]
Round 339 | train_loss=0.2195 train_acc=0.9284 test_loss=0.4469 test_acc=0.8467
Round 340 | selected=[67, 24, 72, 75, 18, 49, 3, 27, 78, 13]
Round 340 | train_loss=0.2099 train_acc=0.9316 test_loss=0.4467 test_acc=0.8474
Round 341 | selected=[9, 22, 12, 16, 49, 50, 35, 10, 40, 15]
Round 341 | train_loss=0.1878 train_acc=0.9402 test_loss=0.4092 test_acc=0.8652
Round 342 | selected=[29, 68, 98, 88, 13, 89, 83, 53, 77, 60]
Round 342 | train_loss=0.2092 train_acc=0.9336 test_loss=0.3949 test_acc=0.8711
Round 343 | selected=[43, 26, 48, 91, 99, 93, 53, 11, 27, 40]
Round 343 | train_loss=0.2016 train_acc=0.9374 test_loss=0.4273 test_acc=0.8535
Round 344 | selected=[0, 15, 1, 67, 98, 17, 51, 3, 29, 7]
Round 344 | train_loss=0.1911 train_acc=0.9348 test_loss=0.4394 test_acc=0.8550
Round 345 | selected=[30, 92, 87, 31, 17, 13, 58, 89, 64, 96]
Round 345 | train_loss=0.1837 train_acc=0.9414 test_loss=0.4161 test_acc=0.8617
Round 346 | selected=[89, 60, 46, 99, 9, 64, 13, 3, 48, 30]
Round 346 | train_loss=0.1807 train_acc=0.9400 test_loss=0.4453 test_acc=0.8512
Round 347 | selected=[61, 44, 72, 12, 3, 38, 8, 94, 41, 34]
Round 347 | train_loss=0.2207 train_acc=0.9286 test_loss=0.4199 test_acc=0.8573
Round 348 | selected=[47, 93, 88, 13, 68, 12, 2, 46, 45, 81]
Round 348 | train_loss=0.2155 train_acc=0.9324 test_loss=0.4158 test_acc=0.8593
Round 349 | selected=[57, 19, 83, 5, 31, 7, 2, 44, 93, 11]
Round 349 | train_loss=0.1943 train_acc=0.9386 test_loss=0.4275 test_acc=0.8572
Round 350 | selected=[8, 68, 17, 77, 32, 9, 95, 81, 30, 5]
Round 350 | train_loss=0.2364 train_acc=0.9196 test_loss=0.4034 test_acc=0.8639
Round 351 | selected=[96, 86, 49, 81, 22, 8, 77, 38, 57, 18]
Round 351 | train_loss=0.1841 train_acc=0.9418 test_loss=0.4158 test_acc=0.8600
Round 352 | selected=[85, 79, 31, 33, 28, 49, 90, 32, 17, 54]
Round 352 | train_loss=0.2105 train_acc=0.9328 test_loss=0.4318 test_acc=0.8562
Round 353 | selected=[46, 41, 78, 76, 13, 87, 63, 57, 77, 93]
Round 353 | train_loss=0.1765 train_acc=0.9428 test_loss=0.4418 test_acc=0.8498
Round 354 | selected=[46, 28, 33, 91, 29, 47, 56, 54, 18, 96]
Round 354 | train_loss=0.1626 train_acc=0.9504 test_loss=0.4222 test_acc=0.8568
Round 355 | selected=[56, 32, 31, 68, 65, 78, 64, 11, 54, 29]
Round 355 | train_loss=0.1934 train_acc=0.9392 test_loss=0.4365 test_acc=0.8510
Round 356 | selected=[41, 59, 98, 1, 77, 69, 15, 34, 48, 65]
Round 356 | train_loss=0.2319 train_acc=0.9250 test_loss=0.4599 test_acc=0.8448
Round 357 | selected=[67, 61, 19, 54, 84, 43, 52, 49, 95, 99]
Round 357 | train_loss=0.1775 train_acc=0.9406 test_loss=0.4905 test_acc=0.8332
Round 358 | selected=[22, 91, 61, 23, 90, 2, 84, 85, 71, 63]
Round 358 | train_loss=0.1798 train_acc=0.9442 test_loss=0.5014 test_acc=0.8304
Round 359 | selected=[49, 4, 48, 80, 86, 87, 76, 40, 81, 47]
Round 359 | train_loss=0.1975 train_acc=0.9340 test_loss=0.4511 test_acc=0.8482
Round 360 | selected=[61, 91, 51, 5, 29, 46, 59, 48, 50, 12]
Round 360 | train_loss=0.1836 train_acc=0.9394 test_loss=0.5058 test_acc=0.8349
Round 361 | selected=[79, 10, 15, 46, 34, 39, 25, 63, 94, 32]
Round 361 | train_loss=0.2310 train_acc=0.9268 test_loss=0.4669 test_acc=0.8445
Round 362 | selected=[43, 99, 16, 86, 52, 24, 95, 94, 66, 74]
Round 362 | train_loss=0.2153 train_acc=0.9274 test_loss=0.4605 test_acc=0.8483
Round 363 | selected=[87, 18, 72, 4, 24, 54, 29, 36, 3, 91]
Round 363 | train_loss=0.1836 train_acc=0.9370 test_loss=0.4611 test_acc=0.8463
Round 364 | selected=[76, 78, 99, 3, 0, 54, 65, 62, 86, 29]
Round 364 | train_loss=0.1943 train_acc=0.9346 test_loss=0.4836 test_acc=0.8398
Round 365 | selected=[34, 24, 1, 45, 0, 2, 77, 43, 7, 74]
Round 365 | train_loss=0.2279 train_acc=0.9232 test_loss=0.4944 test_acc=0.8317
Round 366 | selected=[27, 98, 42, 44, 79, 49, 28, 74, 91, 78]
Round 366 | train_loss=0.1864 train_acc=0.9380 test_loss=0.5277 test_acc=0.8204
Round 367 | selected=[83, 27, 16, 70, 54, 96, 87, 33, 43, 39]
Round 367 | train_loss=0.1954 train_acc=0.9356 test_loss=0.6254 test_acc=0.7939
Round 368 | selected=[59, 69, 19, 99, 28, 97, 74, 48, 58, 61]
Round 368 | train_loss=0.1947 train_acc=0.9354 test_loss=0.5514 test_acc=0.8202
Round 369 | selected=[65, 40, 69, 32, 89, 83, 21, 71, 37, 41]
Round 369 | train_loss=0.2004 train_acc=0.9368 test_loss=0.4108 test_acc=0.8644
Round 370 | selected=[66, 46, 76, 40, 68, 45, 51, 27, 58, 99]
Round 370 | train_loss=0.1849 train_acc=0.9376 test_loss=0.5148 test_acc=0.8247
Round 371 | selected=[53, 57, 69, 85, 81, 76, 6, 98, 80, 16]
Round 371 | train_loss=0.1792 train_acc=0.9380 test_loss=0.5516 test_acc=0.8111
Round 372 | selected=[63, 40, 82, 91, 89, 37, 14, 46, 96, 10]
Round 372 | train_loss=0.1953 train_acc=0.9348 test_loss=0.4341 test_acc=0.8555
Round 373 | selected=[64, 57, 74, 21, 58, 94, 69, 80, 15, 27]
Round 373 | train_loss=0.1951 train_acc=0.9392 test_loss=0.4918 test_acc=0.8319
Round 374 | selected=[16, 44, 20, 98, 95, 40, 61, 46, 30, 12]
Round 374 | train_loss=0.1958 train_acc=0.9374 test_loss=0.5353 test_acc=0.8192
Round 375 | selected=[3, 13, 47, 26, 53, 91, 48, 27, 92, 76]
Round 375 | train_loss=0.1770 train_acc=0.9426 test_loss=0.5133 test_acc=0.8273
Round 376 | selected=[85, 1, 17, 27, 82, 77, 81, 78, 30, 92]
Round 376 | train_loss=0.1971 train_acc=0.9338 test_loss=0.4839 test_acc=0.8306
Round 377 | selected=[41, 28, 13, 99, 58, 21, 37, 30, 82, 26]
Round 377 | train_loss=0.1576 train_acc=0.9526 test_loss=0.5051 test_acc=0.8264
Round 378 | selected=[72, 37, 97, 88, 79, 68, 38, 99, 57, 55]
Round 378 | train_loss=0.1498 train_acc=0.9542 test_loss=0.5692 test_acc=0.8102
Round 379 | selected=[75, 21, 47, 5, 44, 30, 25, 99, 4, 8]
Round 379 | train_loss=0.1924 train_acc=0.9382 test_loss=0.5167 test_acc=0.8243
Round 380 | selected=[94, 12, 92, 77, 0, 21, 43, 24, 47, 26]
Round 380 | train_loss=0.1644 train_acc=0.9430 test_loss=0.5000 test_acc=0.8323
Round 381 | selected=[60, 99, 49, 87, 32, 90, 37, 30, 1, 59]
Round 381 | train_loss=0.2239 train_acc=0.9264 test_loss=0.4542 test_acc=0.8437
Round 382 | selected=[87, 14, 82, 57, 46, 40, 69, 26, 23, 43]
Round 382 | train_loss=0.1461 train_acc=0.9538 test_loss=0.4428 test_acc=0.8493
Round 383 | selected=[17, 58, 76, 50, 41, 10, 13, 18, 92, 71]
Round 383 | train_loss=0.1551 train_acc=0.9494 test_loss=0.4773 test_acc=0.8402
Round 384 | selected=[80, 49, 11, 68, 65, 2, 26, 73, 60, 46]
Round 384 | train_loss=0.2171 train_acc=0.9286 test_loss=0.4527 test_acc=0.8458
Round 385 | selected=[80, 90, 72, 20, 24, 30, 40, 91, 22, 28]
Round 385 | train_loss=0.1633 train_acc=0.9472 test_loss=0.4696 test_acc=0.8369
Round 386 | selected=[20, 37, 50, 5, 89, 62, 47, 21, 81, 98]
Round 386 | train_loss=0.1722 train_acc=0.9438 test_loss=0.4725 test_acc=0.8400
Round 387 | selected=[11, 61, 85, 10, 35, 55, 83, 30, 90, 97]
Round 387 | train_loss=0.1668 train_acc=0.9494 test_loss=0.4461 test_acc=0.8528
Round 388 | selected=[0, 6, 5, 26, 29, 53, 84, 28, 73, 85]
Round 388 | train_loss=0.1672 train_acc=0.9436 test_loss=0.4404 test_acc=0.8525
Round 389 | selected=[89, 32, 67, 33, 3, 37, 54, 57, 59, 34]
Round 389 | train_loss=0.2198 train_acc=0.9270 test_loss=0.4829 test_acc=0.8353
Round 390 | selected=[46, 74, 3, 2, 4, 55, 27, 26, 38, 42]
Round 390 | train_loss=0.1680 train_acc=0.9432 test_loss=0.4859 test_acc=0.8311
Round 391 | selected=[7, 87, 31, 61, 22, 79, 64, 14, 73, 43]
Round 391 | train_loss=0.1581 train_acc=0.9494 test_loss=0.4555 test_acc=0.8441
Round 392 | selected=[98, 92, 77, 58, 79, 96, 35, 39, 82, 69]
Round 392 | train_loss=0.1692 train_acc=0.9446 test_loss=0.4280 test_acc=0.8582
Round 393 | selected=[65, 72, 93, 92, 24, 70, 55, 81, 58, 75]
Round 393 | train_loss=0.1581 train_acc=0.9468 test_loss=0.4750 test_acc=0.8394
Round 394 | selected=[24, 21, 71, 52, 15, 83, 92, 68, 95, 46]
Round 394 | train_loss=0.1489 train_acc=0.9528 test_loss=0.4508 test_acc=0.8501
Round 395 | selected=[87, 8, 19, 85, 73, 68, 46, 10, 1, 24]
Round 395 | train_loss=0.1517 train_acc=0.9498 test_loss=0.4256 test_acc=0.8558
Round 396 | selected=[28, 44, 33, 59, 35, 25, 14, 47, 41, 69]
Round 396 | train_loss=0.1402 train_acc=0.9574 test_loss=0.4280 test_acc=0.8561
Round 397 | selected=[5, 36, 41, 51, 82, 77, 76, 8, 23, 29]
Round 397 | train_loss=0.1899 train_acc=0.9398 test_loss=0.4922 test_acc=0.8332
Round 398 | selected=[63, 76, 36, 62, 49, 77, 48, 87, 45, 34]
Round 398 | train_loss=0.2207 train_acc=0.9284 test_loss=0.5014 test_acc=0.8287
Round 399 | selected=[51, 34, 87, 26, 92, 21, 44, 39, 68, 76]
Round 399 | train_loss=0.1440 train_acc=0.9538 test_loss=0.4742 test_acc=0.8402
Round 400 | selected=[9, 30, 20, 63, 11, 55, 0, 79, 2, 14]
Round 400 | train_loss=0.1619 train_acc=0.9490 test_loss=0.4613 test_acc=0.8481
Round 401 | selected=[27, 2, 29, 25, 17, 49, 7, 19, 1, 11]
Round 401 | train_loss=0.1437 train_acc=0.9570 test_loss=0.5258 test_acc=0.8268
Round 402 | selected=[84, 21, 71, 86, 72, 6, 54, 79, 52, 13]
Round 402 | train_loss=0.1399 train_acc=0.9556 test_loss=0.5947 test_acc=0.7994
Round 403 | selected=[52, 39, 55, 72, 3, 77, 93, 58, 10, 60]
Round 403 | train_loss=0.1760 train_acc=0.9376 test_loss=0.5217 test_acc=0.8213
Round 404 | selected=[58, 60, 56, 40, 57, 76, 85, 98, 92, 45]
Round 404 | train_loss=0.1773 train_acc=0.9406 test_loss=0.5759 test_acc=0.8088
Round 405 | selected=[62, 26, 33, 73, 40, 50, 83, 99, 65, 69]
Round 405 | train_loss=0.1781 train_acc=0.9384 test_loss=0.4538 test_acc=0.8447
Round 406 | selected=[50, 21, 26, 64, 47, 41, 27, 93, 49, 6]
Round 406 | train_loss=0.1357 train_acc=0.9570 test_loss=0.4493 test_acc=0.8522
Round 407 | selected=[7, 66, 46, 2, 41, 40, 62, 13, 1, 80]
Round 407 | train_loss=0.1416 train_acc=0.9540 test_loss=0.5251 test_acc=0.8251
Round 408 | selected=[58, 45, 36, 15, 84, 13, 64, 51, 0, 23]
Round 408 | train_loss=0.2210 train_acc=0.9276 test_loss=0.4649 test_acc=0.8388
Round 409 | selected=[41, 18, 79, 0, 14, 71, 13, 89, 35, 1]
Round 409 | train_loss=0.1226 train_acc=0.9608 test_loss=0.4738 test_acc=0.8401
Round 410 | selected=[3, 51, 80, 91, 25, 90, 8, 79, 41, 53]
Round 410 | train_loss=0.1601 train_acc=0.9488 test_loss=0.5151 test_acc=0.8224
Round 411 | selected=[69, 84, 54, 86, 29, 19, 13, 38, 57, 3]
Round 411 | train_loss=0.1219 train_acc=0.9592 test_loss=0.5448 test_acc=0.8083
Round 412 | selected=[69, 44, 85, 9, 51, 62, 34, 77, 46, 54]
Round 412 | train_loss=0.1672 train_acc=0.9468 test_loss=0.4808 test_acc=0.8371
Round 413 | selected=[16, 66, 89, 50, 38, 49, 36, 98, 28, 53]
Round 413 | train_loss=0.1615 train_acc=0.9460 test_loss=0.5294 test_acc=0.8189
Round 414 | selected=[52, 9, 82, 19, 23, 29, 53, 73, 83, 6]
Round 414 | train_loss=0.1708 train_acc=0.9412 test_loss=0.4883 test_acc=0.8317
Round 415 | selected=[25, 3, 28, 46, 33, 56, 63, 43, 64, 6]
Round 415 | train_loss=0.1408 train_acc=0.9548 test_loss=0.5210 test_acc=0.8227
Round 416 | selected=[16, 56, 78, 85, 74, 29, 20, 98, 31, 17]
Round 416 | train_loss=0.1640 train_acc=0.9442 test_loss=0.4206 test_acc=0.8591
Round 417 | selected=[69, 67, 58, 10, 98, 4, 57, 6, 19, 86]
Round 417 | train_loss=0.1152 train_acc=0.9632 test_loss=0.5008 test_acc=0.8361
Round 418 | selected=[93, 8, 33, 42, 11, 64, 32, 91, 89, 26]
Round 418 | train_loss=0.2446 train_acc=0.9200 test_loss=0.4727 test_acc=0.8453
Round 419 | selected=[7, 56, 13, 49, 92, 68, 61, 18, 52, 20]
Round 419 | train_loss=0.1251 train_acc=0.9596 test_loss=0.3991 test_acc=0.8688
Round 420 | selected=[55, 20, 0, 36, 22, 41, 21, 54, 4, 7]
Round 420 | train_loss=0.1434 train_acc=0.9544 test_loss=0.5341 test_acc=0.8229
Round 421 | selected=[39, 81, 90, 68, 23, 31, 0, 7, 80, 50]
Round 421 | train_loss=0.1776 train_acc=0.9414 test_loss=0.5952 test_acc=0.8045
Round 422 | selected=[23, 33, 40, 82, 25, 66, 16, 59, 30, 90]
Round 422 | train_loss=0.1693 train_acc=0.9428 test_loss=0.5162 test_acc=0.8208
Round 423 | selected=[22, 91, 4, 54, 56, 18, 24, 26, 16, 94]
Round 423 | train_loss=0.1326 train_acc=0.9572 test_loss=0.5117 test_acc=0.8285
Round 424 | selected=[7, 40, 84, 21, 67, 94, 29, 31, 18, 42]
Round 424 | train_loss=0.1324 train_acc=0.9588 test_loss=0.4786 test_acc=0.8376
Round 425 | selected=[85, 76, 49, 64, 44, 34, 54, 17, 37, 60]
Round 425 | train_loss=0.1671 train_acc=0.9506 test_loss=0.4720 test_acc=0.8373
Round 426 | selected=[78, 77, 3, 69, 74, 35, 85, 50, 42, 48]
Round 426 | train_loss=0.1744 train_acc=0.9404 test_loss=0.4858 test_acc=0.8415
Round 427 | selected=[68, 31, 92, 66, 17, 42, 93, 34, 7, 24]
Round 427 | train_loss=0.1428 train_acc=0.9548 test_loss=0.5254 test_acc=0.8256
Round 428 | selected=[88, 37, 40, 26, 74, 95, 11, 28, 77, 47]
Round 428 | train_loss=0.1568 train_acc=0.9514 test_loss=0.4659 test_acc=0.8448
Round 429 | selected=[85, 25, 65, 17, 59, 76, 68, 39, 87, 77]
Round 429 | train_loss=0.1717 train_acc=0.9432 test_loss=0.4380 test_acc=0.8575
Round 430 | selected=[5, 15, 44, 40, 37, 54, 91, 60, 16, 93]
Round 430 | train_loss=0.1336 train_acc=0.9548 test_loss=0.4577 test_acc=0.8484
Round 431 | selected=[14, 27, 66, 84, 17, 50, 7, 59, 80, 2]
Round 431 | train_loss=0.1331 train_acc=0.9602 test_loss=0.5410 test_acc=0.8201
Round 432 | selected=[14, 19, 18, 60, 32, 67, 56, 30, 20, 51]
Round 432 | train_loss=0.1617 train_acc=0.9462 test_loss=0.4029 test_acc=0.8650
Round 433 | selected=[28, 83, 4, 68, 58, 8, 71, 62, 99, 91]
Round 433 | train_loss=0.1521 train_acc=0.9548 test_loss=0.4099 test_acc=0.8662
Round 434 | selected=[45, 57, 31, 34, 71, 83, 85, 96, 25, 29]
Round 434 | train_loss=0.1484 train_acc=0.9504 test_loss=0.4594 test_acc=0.8461
Round 435 | selected=[39, 36, 35, 79, 47, 93, 3, 58, 50, 14]
Round 435 | train_loss=0.1326 train_acc=0.9572 test_loss=0.4383 test_acc=0.8473
Round 436 | selected=[47, 12, 38, 7, 93, 48, 13, 33, 1, 49]
Round 436 | train_loss=0.1075 train_acc=0.9664 test_loss=0.4560 test_acc=0.8424
Round 437 | selected=[3, 48, 45, 25, 4, 99, 36, 5, 41, 72]
Round 437 | train_loss=0.1704 train_acc=0.9436 test_loss=0.4511 test_acc=0.8504
Round 438 | selected=[44, 68, 56, 5, 30, 40, 45, 0, 48, 41]
Round 438 | train_loss=0.1280 train_acc=0.9600 test_loss=0.4632 test_acc=0.8451
Round 439 | selected=[3, 80, 25, 30, 38, 15, 48, 24, 58, 62]
Round 439 | train_loss=0.1258 train_acc=0.9572 test_loss=0.4538 test_acc=0.8502
Round 440 | selected=[87, 18, 96, 65, 69, 12, 78, 94, 28, 24]
Round 440 | train_loss=0.1426 train_acc=0.9566 test_loss=0.4331 test_acc=0.8589
Round 441 | selected=[71, 66, 11, 83, 33, 48, 16, 67, 47, 91]
Round 441 | train_loss=0.1232 train_acc=0.9614 test_loss=0.4330 test_acc=0.8586
Round 442 | selected=[21, 59, 90, 38, 95, 44, 53, 68, 82, 7]
Round 442 | train_loss=0.1412 train_acc=0.9528 test_loss=0.4418 test_acc=0.8537
Round 443 | selected=[19, 98, 6, 63, 61, 9, 77, 10, 82, 81]
Round 443 | train_loss=0.1580 train_acc=0.9454 test_loss=0.4699 test_acc=0.8420
Round 444 | selected=[71, 6, 44, 18, 34, 26, 40, 66, 22, 68]
Round 444 | train_loss=0.1176 train_acc=0.9616 test_loss=0.4146 test_acc=0.8607
Round 445 | selected=[17, 95, 1, 23, 33, 64, 73, 29, 89, 44]
Round 445 | train_loss=0.1180 train_acc=0.9608 test_loss=0.4415 test_acc=0.8529
Round 446 | selected=[46, 3, 88, 71, 51, 16, 24, 94, 38, 67]
Round 446 | train_loss=0.1168 train_acc=0.9604 test_loss=0.4133 test_acc=0.8603
Round 447 | selected=[97, 42, 73, 82, 62, 61, 76, 50, 59, 79]
Round 447 | train_loss=0.1597 train_acc=0.9464 test_loss=0.3934 test_acc=0.8646
Round 448 | selected=[26, 18, 1, 57, 77, 96, 91, 33, 99, 28]
Round 448 | train_loss=0.0978 train_acc=0.9712 test_loss=0.4325 test_acc=0.8507
Round 449 | selected=[76, 89, 52, 91, 47, 57, 2, 43, 95, 27]
Round 449 | train_loss=0.1330 train_acc=0.9556 test_loss=0.4512 test_acc=0.8469
Round 450 | selected=[29, 39, 76, 53, 2, 74, 46, 93, 77, 50]
Round 450 | train_loss=0.1360 train_acc=0.9494 test_loss=0.4186 test_acc=0.8608
Round 451 | selected=[3, 86, 82, 89, 38, 58, 47, 28, 79, 70]
Round 451 | train_loss=0.1101 train_acc=0.9654 test_loss=0.4105 test_acc=0.8622
Round 452 | selected=[84, 90, 14, 86, 95, 56, 98, 81, 85, 20]
Round 452 | train_loss=0.1162 train_acc=0.9606 test_loss=0.4051 test_acc=0.8655
Round 453 | selected=[42, 19, 53, 47, 57, 74, 37, 98, 16, 38]
Round 453 | train_loss=0.1160 train_acc=0.9632 test_loss=0.3970 test_acc=0.8653
Round 454 | selected=[66, 1, 53, 17, 11, 19, 34, 37, 31, 77]
Round 454 | train_loss=0.1261 train_acc=0.9616 test_loss=0.4072 test_acc=0.8634
Round 455 | selected=[80, 78, 75, 59, 42, 0, 26, 43, 91, 71]
Round 455 | train_loss=0.1504 train_acc=0.9492 test_loss=0.4194 test_acc=0.8637
Round 456 | selected=[98, 5, 1, 56, 19, 85, 62, 53, 76, 31]
Round 456 | train_loss=0.1006 train_acc=0.9676 test_loss=0.4116 test_acc=0.8646
Round 457 | selected=[6, 81, 25, 80, 2, 97, 44, 65, 29, 1]
Round 457 | train_loss=0.1126 train_acc=0.9634 test_loss=0.3881 test_acc=0.8716
Round 458 | selected=[94, 11, 62, 70, 52, 7, 51, 99, 22, 33]
Round 458 | train_loss=0.1227 train_acc=0.9616 test_loss=0.4067 test_acc=0.8652
Round 459 | selected=[90, 6, 61, 4, 47, 87, 64, 55, 69, 23]
Round 459 | train_loss=0.1018 train_acc=0.9660 test_loss=0.4449 test_acc=0.8516
Round 460 | selected=[59, 94, 62, 22, 50, 97, 85, 73, 87, 69]
Round 460 | train_loss=0.1233 train_acc=0.9606 test_loss=0.4265 test_acc=0.8578
Round 461 | selected=[93, 8, 16, 59, 3, 38, 49, 11, 26, 81]
Round 461 | train_loss=0.1283 train_acc=0.9572 test_loss=0.4173 test_acc=0.8569
Round 462 | selected=[21, 28, 10, 2, 48, 88, 72, 97, 30, 46]
Round 462 | train_loss=0.1093 train_acc=0.9678 test_loss=0.4339 test_acc=0.8575
Round 463 | selected=[72, 97, 50, 53, 65, 25, 24, 11, 18, 13]
Round 463 | train_loss=0.0864 train_acc=0.9750 test_loss=0.4967 test_acc=0.8367
Round 464 | selected=[75, 14, 77, 74, 59, 49, 1, 63, 96, 72]
Round 464 | train_loss=0.1652 train_acc=0.9428 test_loss=0.4393 test_acc=0.8521
Round 465 | selected=[33, 74, 62, 46, 15, 5, 98, 35, 80, 70]
Round 465 | train_loss=0.1496 train_acc=0.9478 test_loss=0.4092 test_acc=0.8640
Round 466 | selected=[51, 1, 27, 48, 97, 63, 17, 26, 0, 29]
Round 466 | train_loss=0.0970 train_acc=0.9680 test_loss=0.4553 test_acc=0.8529
Round 467 | selected=[22, 2, 12, 90, 93, 27, 13, 51, 30, 79]
Round 467 | train_loss=0.1104 train_acc=0.9654 test_loss=0.4072 test_acc=0.8636
Round 468 | selected=[4, 27, 96, 75, 21, 33, 28, 44, 35, 29]
Round 468 | train_loss=0.1082 train_acc=0.9626 test_loss=0.4594 test_acc=0.8494
Round 469 | selected=[45, 62, 71, 35, 93, 84, 1, 27, 12, 53]
Round 469 | train_loss=0.1204 train_acc=0.9624 test_loss=0.4864 test_acc=0.8389
Round 470 | selected=[4, 30, 73, 69, 81, 62, 13, 63, 29, 55]
Round 470 | train_loss=0.0960 train_acc=0.9684 test_loss=0.4635 test_acc=0.8473
Round 471 | selected=[55, 96, 34, 63, 15, 23, 13, 97, 88, 78]
Round 471 | train_loss=0.1489 train_acc=0.9526 test_loss=0.4541 test_acc=0.8496
Round 472 | selected=[10, 45, 60, 86, 82, 63, 23, 34, 50, 42]
Round 472 | train_loss=0.1432 train_acc=0.9502 test_loss=0.4145 test_acc=0.8606
Round 473 | selected=[17, 79, 57, 36, 75, 74, 26, 28, 31, 10]
Round 473 | train_loss=0.1200 train_acc=0.9648 test_loss=0.4219 test_acc=0.8573
Round 474 | selected=[95, 33, 25, 0, 2, 21, 1, 46, 9, 48]
Round 474 | train_loss=0.0922 train_acc=0.9698 test_loss=0.3945 test_acc=0.8705
Round 475 | selected=[40, 38, 42, 18, 85, 43, 0, 71, 77, 12]
Round 475 | train_loss=0.1025 train_acc=0.9666 test_loss=0.4367 test_acc=0.8537
Round 476 | selected=[86, 10, 42, 79, 55, 89, 63, 29, 21, 11]
Round 476 | train_loss=0.0782 train_acc=0.9734 test_loss=0.4529 test_acc=0.8508
Round 477 | selected=[87, 54, 79, 39, 86, 70, 71, 4, 2, 72]
Round 477 | train_loss=0.1090 train_acc=0.9650 test_loss=0.4218 test_acc=0.8606
Round 478 | selected=[8, 11, 60, 56, 48, 28, 45, 2, 80, 96]
Round 478 | train_loss=0.1432 train_acc=0.9528 test_loss=0.4680 test_acc=0.8401
Round 479 | selected=[64, 38, 47, 14, 93, 17, 27, 2, 51, 34]
Round 479 | train_loss=0.0944 train_acc=0.9710 test_loss=0.5245 test_acc=0.8165
Round 480 | selected=[24, 63, 45, 6, 43, 0, 22, 65, 15, 33]
Round 480 | train_loss=0.1389 train_acc=0.9510 test_loss=0.4482 test_acc=0.8451
Round 481 | selected=[0, 22, 84, 92, 58, 91, 9, 79, 16, 26]
Round 481 | train_loss=0.1104 train_acc=0.9616 test_loss=0.4494 test_acc=0.8534
Round 482 | selected=[43, 8, 15, 52, 79, 83, 28, 46, 68, 36]
Round 482 | train_loss=0.1505 train_acc=0.9488 test_loss=0.4702 test_acc=0.8506
Round 483 | selected=[93, 73, 83, 6, 63, 53, 75, 62, 98, 91]
Round 483 | train_loss=0.1426 train_acc=0.9502 test_loss=0.5180 test_acc=0.8372
Round 484 | selected=[72, 3, 48, 95, 22, 83, 58, 16, 80, 82]
Round 484 | train_loss=0.1344 train_acc=0.9514 test_loss=0.4645 test_acc=0.8514
Round 485 | selected=[83, 63, 90, 98, 30, 32, 43, 1, 59, 37]
Round 485 | train_loss=0.1328 train_acc=0.9532 test_loss=0.3971 test_acc=0.8678
Round 486 | selected=[92, 19, 42, 30, 9, 66, 14, 93, 7, 83]
Round 486 | train_loss=0.1161 train_acc=0.9632 test_loss=0.4965 test_acc=0.8429
Round 487 | selected=[64, 61, 50, 51, 43, 41, 27, 93, 49, 21]
Round 487 | train_loss=0.1149 train_acc=0.9596 test_loss=0.4791 test_acc=0.8439
Round 488 | selected=[27, 77, 15, 35, 25, 80, 44, 30, 17, 18]
Round 488 | train_loss=0.1101 train_acc=0.9634 test_loss=0.4636 test_acc=0.8470
Round 489 | selected=[95, 96, 16, 20, 21, 6, 64, 54, 77, 31]
Round 489 | train_loss=0.1077 train_acc=0.9644 test_loss=0.6109 test_acc=0.8093
Round 490 | selected=[85, 99, 63, 72, 83, 90, 18, 30, 20, 45]
Round 490 | train_loss=0.1259 train_acc=0.9598 test_loss=0.6232 test_acc=0.8045
Round 491 | selected=[80, 10, 82, 72, 95, 15, 56, 44, 96, 37]
Round 491 | train_loss=0.1517 train_acc=0.9480 test_loss=0.5217 test_acc=0.8315
Round 492 | selected=[90, 86, 69, 52, 77, 38, 60, 9, 33, 37]
Round 492 | train_loss=0.1077 train_acc=0.9632 test_loss=0.5831 test_acc=0.8107
Round 493 | selected=[13, 94, 63, 60, 3, 69, 39, 10, 7, 12]
Round 493 | train_loss=0.1246 train_acc=0.9562 test_loss=0.6081 test_acc=0.8093
Round 494 | selected=[33, 97, 71, 42, 31, 92, 67, 2, 27, 44]
Round 494 | train_loss=0.1376 train_acc=0.9508 test_loss=0.4909 test_acc=0.8409
Round 495 | selected=[72, 40, 78, 37, 16, 47, 64, 97, 36, 39]
Round 495 | train_loss=0.1388 train_acc=0.9514 test_loss=0.7201 test_acc=0.7842
Round 496 | selected=[50, 28, 79, 8, 95, 34, 31, 80, 24, 12]
Round 496 | train_loss=0.1837 train_acc=0.9394 test_loss=0.7111 test_acc=0.7951
Round 497 | selected=[98, 34, 6, 56, 18, 40, 84, 23, 54, 41]
Round 497 | train_loss=0.1294 train_acc=0.9552 test_loss=0.8112 test_acc=0.7663
Round 498 | selected=[58, 75, 6, 68, 74, 90, 49, 71, 24, 33]
Round 498 | train_loss=0.1803 train_acc=0.9390 test_loss=0.5464 test_acc=0.8285
Round 499 | selected=[60, 22, 32, 74, 37, 11, 36, 84, 85, 89]
Round 499 | train_loss=0.2016 train_acc=0.9316 test_loss=0.5270 test_acc=0.8310
Round 500 | selected=[27, 22, 20, 35, 1, 54, 7, 42, 74, 19]
Round 500 | train_loss=0.1326 train_acc=0.9542 test_loss=0.5863 test_acc=0.8122
Saved: track1/results/cifar10/final_seed42/fedadam_alpha03_seed42.csv
COMPLETED: fedadam alpha03 seed=42
