========================================
JOB:       12003806
TASK:      0
ALGORITHM: fedavg
PARTITION: iid
SEED:      43
GPU:       0
========================================
Device: cuda
GPU: Tesla V100-PCIE-32GB
Round 0 | test_loss=2.8590 test_acc=0.1084
Round 1 | selected=[45, 82, 4, 54, 60, 98, 1, 26, 37, 58]
Round 1 | train_loss=2.3489 train_acc=0.1112 test_loss=2.2693 test_acc=0.1442
Round 2 | selected=[98, 18, 76, 36, 27, 13, 88, 41, 89, 84]
Round 2 | train_loss=2.2548 train_acc=0.1526 test_loss=2.1886 test_acc=0.2042
Round 3 | selected=[49, 78, 43, 90, 96, 45, 58, 36, 69, 94]
Round 3 | train_loss=2.1770 train_acc=0.1932 test_loss=2.1134 test_acc=0.2068
Round 4 | selected=[67, 79, 53, 5, 31, 11, 59, 99, 9, 28]
Round 4 | train_loss=2.0940 train_acc=0.2256 test_loss=2.0114 test_acc=0.2539
Round 5 | selected=[52, 9, 39, 27, 68, 31, 25, 58, 3, 95]
Round 5 | train_loss=2.0552 train_acc=0.2358 test_loss=1.9596 test_acc=0.2619
Round 6 | selected=[26, 64, 42, 36, 16, 77, 7, 22, 20, 31]
Round 6 | train_loss=1.9916 train_acc=0.2508 test_loss=1.9194 test_acc=0.2635
Round 7 | selected=[12, 64, 62, 75, 73, 84, 79, 40, 32, 52]
Round 7 | train_loss=1.9412 train_acc=0.2752 test_loss=1.9426 test_acc=0.2628
Round 8 | selected=[48, 84, 78, 81, 73, 93, 51, 12, 16, 66]
Round 8 | train_loss=1.9116 train_acc=0.2760 test_loss=1.8601 test_acc=0.2940
Round 9 | selected=[59, 44, 87, 73, 64, 76, 16, 97, 39, 99]
Round 9 | train_loss=1.8657 train_acc=0.3066 test_loss=1.8083 test_acc=0.3155
Round 10 | selected=[66, 45, 67, 21, 94, 50, 49, 73, 97, 28]
Round 10 | train_loss=1.8285 train_acc=0.3076 test_loss=1.7712 test_acc=0.3369
Round 11 | selected=[71, 91, 81, 50, 27, 52, 61, 25, 63, 75]
Round 11 | train_loss=1.8002 train_acc=0.3210 test_loss=1.7402 test_acc=0.3517
Round 12 | selected=[78, 91, 66, 74, 93, 33, 92, 18, 68, 20]
Round 12 | train_loss=1.7901 train_acc=0.3252 test_loss=1.7862 test_acc=0.3363
Round 13 | selected=[84, 70, 72, 43, 26, 95, 74, 53, 98, 13]
Round 13 | train_loss=1.7633 train_acc=0.3330 test_loss=1.6560 test_acc=0.3811
Round 14 | selected=[62, 88, 39, 53, 68, 8, 45, 26, 50, 17]
Round 14 | train_loss=1.7181 train_acc=0.3438 test_loss=1.7238 test_acc=0.3591
Round 15 | selected=[81, 84, 25, 29, 3, 45, 13, 0, 44, 9]
Round 15 | train_loss=1.7348 train_acc=0.3448 test_loss=1.6476 test_acc=0.3791
Round 16 | selected=[45, 82, 93, 92, 91, 3, 83, 59, 66, 11]
Round 16 | train_loss=1.7236 train_acc=0.3424 test_loss=1.6487 test_acc=0.3897
Round 17 | selected=[15, 4, 66, 46, 8, 75, 62, 35, 57, 53]
Round 17 | train_loss=1.7088 train_acc=0.3618 test_loss=1.6053 test_acc=0.3952
Round 18 | selected=[70, 85, 99, 21, 88, 16, 37, 23, 91, 0]
Round 18 | train_loss=1.6733 train_acc=0.3740 test_loss=1.5538 test_acc=0.4155
Round 19 | selected=[36, 15, 31, 92, 98, 73, 83, 7, 11, 20]
Round 19 | train_loss=1.6829 train_acc=0.3648 test_loss=1.5866 test_acc=0.4092
Round 20 | selected=[39, 89, 40, 95, 37, 0, 15, 60, 59, 74]
Round 20 | train_loss=1.6268 train_acc=0.3910 test_loss=1.5335 test_acc=0.4302
Round 21 | selected=[35, 57, 89, 86, 46, 36, 54, 30, 84, 77]
Round 21 | train_loss=1.6702 train_acc=0.3732 test_loss=1.5539 test_acc=0.4206
Round 22 | selected=[76, 10, 70, 46, 58, 89, 67, 66, 32, 0]
Round 22 | train_loss=1.6175 train_acc=0.4032 test_loss=1.5654 test_acc=0.4109
Round 23 | selected=[14, 0, 41, 64, 71, 15, 68, 98, 46, 6]
Round 23 | train_loss=1.6015 train_acc=0.4000 test_loss=1.5775 test_acc=0.4230
Round 24 | selected=[43, 83, 13, 65, 78, 79, 35, 15, 47, 3]
Round 24 | train_loss=1.5982 train_acc=0.3962 test_loss=1.5543 test_acc=0.4197
Round 25 | selected=[22, 9, 27, 36, 31, 89, 71, 86, 11, 29]
Round 25 | train_loss=1.6235 train_acc=0.3912 test_loss=1.5239 test_acc=0.4319
Round 26 | selected=[55, 61, 4, 90, 51, 94, 45, 0, 31, 96]
Round 26 | train_loss=1.5929 train_acc=0.4080 test_loss=1.5739 test_acc=0.4217
Round 27 | selected=[60, 6, 30, 69, 19, 1, 52, 34, 7, 5]
Round 27 | train_loss=1.5953 train_acc=0.4018 test_loss=1.4680 test_acc=0.4581
Round 28 | selected=[37, 27, 52, 59, 18, 21, 57, 61, 99, 41]
Round 28 | train_loss=1.5508 train_acc=0.4240 test_loss=1.5185 test_acc=0.4313
Round 29 | selected=[29, 67, 19, 12, 59, 89, 94, 39, 76, 98]
Round 29 | train_loss=1.5344 train_acc=0.4228 test_loss=1.4388 test_acc=0.4581
Round 30 | selected=[61, 99, 64, 39, 12, 29, 85, 37, 28, 14]
Round 30 | train_loss=1.5386 train_acc=0.4346 test_loss=1.4695 test_acc=0.4565
Round 31 | selected=[59, 92, 69, 23, 11, 93, 88, 57, 30, 8]
Round 31 | train_loss=1.5204 train_acc=0.4334 test_loss=1.4556 test_acc=0.4673
Round 32 | selected=[27, 33, 32, 41, 88, 49, 39, 44, 71, 67]
Round 32 | train_loss=1.5312 train_acc=0.4360 test_loss=1.4915 test_acc=0.4509
Round 33 | selected=[83, 58, 19, 10, 51, 40, 75, 59, 70, 17]
Round 33 | train_loss=1.5063 train_acc=0.4402 test_loss=1.4465 test_acc=0.4674
Round 34 | selected=[53, 62, 57, 4, 60, 76, 98, 31, 90, 23]
Round 34 | train_loss=1.5279 train_acc=0.4304 test_loss=1.4354 test_acc=0.4619
Round 35 | selected=[40, 41, 53, 13, 35, 90, 85, 73, 68, 15]
Round 35 | train_loss=1.4916 train_acc=0.4512 test_loss=1.3772 test_acc=0.4924
Round 36 | selected=[18, 9, 0, 24, 23, 20, 39, 94, 29, 41]
Round 36 | train_loss=1.4876 train_acc=0.4478 test_loss=1.4555 test_acc=0.4616
Round 37 | selected=[0, 56, 76, 25, 77, 24, 43, 8, 35, 78]
Round 37 | train_loss=1.4777 train_acc=0.4526 test_loss=1.4268 test_acc=0.4789
Round 38 | selected=[53, 77, 74, 63, 22, 80, 28, 67, 24, 41]
Round 38 | train_loss=1.4929 train_acc=0.4434 test_loss=1.4083 test_acc=0.4816
Round 39 | selected=[18, 83, 80, 4, 69, 89, 92, 61, 21, 73]
Round 39 | train_loss=1.4666 train_acc=0.4440 test_loss=1.3651 test_acc=0.5008
Round 40 | selected=[60, 71, 66, 28, 27, 54, 99, 6, 55, 74]
Round 40 | train_loss=1.4927 train_acc=0.4468 test_loss=1.3594 test_acc=0.4966
Round 41 | selected=[75, 13, 68, 32, 20, 2, 10, 79, 41, 89]
Round 41 | train_loss=1.4327 train_acc=0.4754 test_loss=1.3853 test_acc=0.4885
Round 42 | selected=[21, 6, 71, 85, 94, 56, 29, 95, 27, 87]
Round 42 | train_loss=1.4646 train_acc=0.4668 test_loss=1.3467 test_acc=0.4986
Round 43 | selected=[71, 34, 79, 90, 87, 39, 89, 18, 81, 96]
Round 43 | train_loss=1.4487 train_acc=0.4624 test_loss=1.4305 test_acc=0.4772
Round 44 | selected=[39, 94, 2, 85, 60, 12, 89, 36, 44, 98]
Round 44 | train_loss=1.4359 train_acc=0.4678 test_loss=1.3440 test_acc=0.5050
Round 45 | selected=[11, 68, 5, 85, 51, 12, 83, 32, 73, 29]
Round 45 | train_loss=1.4386 train_acc=0.4704 test_loss=1.3133 test_acc=0.5159
Round 46 | selected=[63, 47, 4, 13, 49, 41, 19, 99, 91, 79]
Round 46 | train_loss=1.4127 train_acc=0.4740 test_loss=1.3388 test_acc=0.5008
Round 47 | selected=[30, 90, 52, 15, 32, 41, 66, 49, 64, 25]
Round 47 | train_loss=1.4248 train_acc=0.4694 test_loss=1.4144 test_acc=0.4843
Round 48 | selected=[24, 88, 14, 52, 68, 8, 46, 9, 10, 6]
Round 48 | train_loss=1.3994 train_acc=0.4854 test_loss=1.3034 test_acc=0.5226
Round 49 | selected=[66, 60, 59, 76, 0, 92, 43, 42, 30, 29]
Round 49 | train_loss=1.3815 train_acc=0.4962 test_loss=1.3632 test_acc=0.5069
Round 50 | selected=[91, 16, 57, 32, 42, 70, 5, 80, 29, 68]
Round 50 | train_loss=1.3717 train_acc=0.4998 test_loss=1.3029 test_acc=0.5226
Round 51 | selected=[30, 25, 6, 51, 79, 11, 40, 2, 85, 31]
Round 51 | train_loss=1.3775 train_acc=0.4952 test_loss=1.3234 test_acc=0.5107
Round 52 | selected=[44, 49, 52, 17, 63, 20, 28, 16, 78, 30]
Round 52 | train_loss=1.3928 train_acc=0.4854 test_loss=1.2922 test_acc=0.5261
Round 53 | selected=[55, 76, 18, 47, 52, 43, 77, 61, 83, 10]
Round 53 | train_loss=1.3892 train_acc=0.4962 test_loss=1.3111 test_acc=0.5176
Round 54 | selected=[52, 43, 62, 20, 53, 14, 66, 40, 81, 79]
Round 54 | train_loss=1.3592 train_acc=0.5044 test_loss=1.2597 test_acc=0.5418
Round 55 | selected=[88, 63, 61, 33, 34, 76, 99, 66, 30, 23]
Round 55 | train_loss=1.3896 train_acc=0.4914 test_loss=1.2730 test_acc=0.5289
Round 56 | selected=[39, 29, 26, 67, 71, 17, 66, 96, 55, 94]
Round 56 | train_loss=1.3725 train_acc=0.4904 test_loss=1.2588 test_acc=0.5380
Round 57 | selected=[32, 97, 12, 98, 18, 24, 26, 83, 16, 48]
Round 57 | train_loss=1.3686 train_acc=0.4988 test_loss=1.2337 test_acc=0.5459
Round 58 | selected=[50, 22, 98, 81, 8, 75, 70, 74, 93, 25]
Round 58 | train_loss=1.3534 train_acc=0.5138 test_loss=1.2412 test_acc=0.5466
Round 59 | selected=[61, 29, 66, 92, 80, 90, 18, 28, 54, 98]
Round 59 | train_loss=1.3542 train_acc=0.4942 test_loss=1.2497 test_acc=0.5437
Round 60 | selected=[51, 27, 15, 76, 94, 43, 29, 49, 61, 65]
Round 60 | train_loss=1.3370 train_acc=0.5116 test_loss=1.2673 test_acc=0.5392
Round 61 | selected=[58, 89, 25, 93, 86, 77, 27, 22, 62, 11]
Round 61 | train_loss=1.3913 train_acc=0.4980 test_loss=1.2292 test_acc=0.5493
Round 62 | selected=[81, 66, 51, 45, 40, 13, 53, 44, 27, 73]
Round 62 | train_loss=1.3234 train_acc=0.5162 test_loss=1.2307 test_acc=0.5557
Round 63 | selected=[8, 31, 92, 57, 35, 66, 58, 14, 48, 55]
Round 63 | train_loss=1.3096 train_acc=0.5252 test_loss=1.2127 test_acc=0.5578
Round 64 | selected=[63, 15, 61, 92, 37, 72, 20, 95, 47, 58]
Round 64 | train_loss=1.3430 train_acc=0.5132 test_loss=1.2081 test_acc=0.5648
Round 65 | selected=[72, 39, 84, 35, 46, 12, 75, 30, 41, 23]
Round 65 | train_loss=1.3269 train_acc=0.5148 test_loss=1.2302 test_acc=0.5482
Round 66 | selected=[68, 80, 29, 76, 69, 92, 31, 26, 77, 96]
Round 66 | train_loss=1.2913 train_acc=0.5214 test_loss=1.2378 test_acc=0.5507
Round 67 | selected=[56, 15, 69, 64, 47, 88, 13, 81, 65, 98]
Round 67 | train_loss=1.2918 train_acc=0.5318 test_loss=1.2268 test_acc=0.5565
Round 68 | selected=[95, 72, 30, 88, 79, 85, 73, 39, 28, 38]
Round 68 | train_loss=1.3142 train_acc=0.5158 test_loss=1.1740 test_acc=0.5726
Round 69 | selected=[46, 50, 61, 41, 37, 75, 30, 18, 4, 33]
Round 69 | train_loss=1.3252 train_acc=0.5206 test_loss=1.1972 test_acc=0.5683
Round 70 | selected=[69, 23, 60, 48, 39, 30, 87, 92, 24, 5]
Round 70 | train_loss=1.2727 train_acc=0.5332 test_loss=1.2190 test_acc=0.5614
Round 71 | selected=[15, 69, 52, 5, 83, 29, 1, 37, 57, 9]
Round 71 | train_loss=1.2940 train_acc=0.5362 test_loss=1.2514 test_acc=0.5404
Round 72 | selected=[81, 66, 40, 61, 67, 57, 41, 25, 99, 80]
Round 72 | train_loss=1.2836 train_acc=0.5362 test_loss=1.1731 test_acc=0.5710
Round 73 | selected=[12, 49, 64, 56, 70, 98, 71, 22, 36, 89]
Round 73 | train_loss=1.2725 train_acc=0.5372 test_loss=1.1529 test_acc=0.5790
Round 74 | selected=[12, 63, 31, 60, 98, 15, 59, 62, 61, 76]
Round 74 | train_loss=1.2488 train_acc=0.5464 test_loss=1.1631 test_acc=0.5773
Round 75 | selected=[93, 96, 84, 47, 59, 25, 24, 6, 29, 64]
Round 75 | train_loss=1.2295 train_acc=0.5588 test_loss=1.1791 test_acc=0.5717
Round 76 | selected=[0, 34, 54, 30, 51, 91, 88, 3, 94, 41]
Round 76 | train_loss=1.2653 train_acc=0.5348 test_loss=1.1662 test_acc=0.5700
Round 77 | selected=[29, 25, 97, 34, 83, 3, 47, 11, 2, 80]
Round 77 | train_loss=1.2752 train_acc=0.5336 test_loss=1.1665 test_acc=0.5789
Round 78 | selected=[78, 89, 75, 5, 81, 59, 97, 93, 85, 62]
Round 78 | train_loss=1.2450 train_acc=0.5488 test_loss=1.1345 test_acc=0.5833
Round 79 | selected=[45, 32, 35, 26, 46, 64, 96, 6, 30, 69]
Round 79 | train_loss=1.2193 train_acc=0.5504 test_loss=1.1478 test_acc=0.5862
Round 80 | selected=[56, 36, 21, 47, 41, 59, 81, 33, 91, 27]
Round 80 | train_loss=1.2505 train_acc=0.5452 test_loss=1.1556 test_acc=0.5816
Round 81 | selected=[53, 76, 15, 34, 78, 63, 89, 41, 37, 80]
Round 81 | train_loss=1.2686 train_acc=0.5414 test_loss=1.1219 test_acc=0.5915
Round 82 | selected=[5, 97, 18, 48, 24, 73, 69, 68, 33, 28]
Round 82 | train_loss=1.2462 train_acc=0.5464 test_loss=1.1587 test_acc=0.5853
Round 83 | selected=[22, 21, 32, 26, 64, 46, 76, 85, 33, 91]
Round 83 | train_loss=1.2115 train_acc=0.5622 test_loss=1.1427 test_acc=0.5848
Round 84 | selected=[35, 45, 84, 49, 93, 11, 20, 97, 87, 86]
Round 84 | train_loss=1.2328 train_acc=0.5532 test_loss=1.1192 test_acc=0.5960
Round 85 | selected=[60, 30, 22, 29, 73, 13, 34, 41, 8, 71]
Round 85 | train_loss=1.2126 train_acc=0.5558 test_loss=1.0812 test_acc=0.6035
Round 86 | selected=[56, 58, 86, 79, 49, 52, 51, 40, 87, 72]
Round 86 | train_loss=1.1935 train_acc=0.5700 test_loss=1.1058 test_acc=0.6037
Round 87 | selected=[62, 28, 18, 72, 43, 2, 46, 97, 90, 63]
Round 87 | train_loss=1.2104 train_acc=0.5708 test_loss=1.0870 test_acc=0.6061
Round 88 | selected=[89, 84, 71, 66, 22, 45, 51, 79, 18, 92]
Round 88 | train_loss=1.2029 train_acc=0.5666 test_loss=1.1574 test_acc=0.5823
Round 89 | selected=[97, 84, 67, 2, 12, 14, 93, 96, 38, 4]
Round 89 | train_loss=1.1870 train_acc=0.5726 test_loss=1.0969 test_acc=0.6019
Round 90 | selected=[25, 71, 59, 98, 65, 48, 13, 82, 68, 12]
Round 90 | train_loss=1.2005 train_acc=0.5690 test_loss=1.1848 test_acc=0.5766
Round 91 | selected=[15, 67, 29, 79, 0, 10, 21, 55, 24, 76]
Round 91 | train_loss=1.1984 train_acc=0.5640 test_loss=1.0919 test_acc=0.6040
Round 92 | selected=[2, 28, 29, 86, 73, 43, 88, 92, 56, 18]
Round 92 | train_loss=1.1736 train_acc=0.5772 test_loss=1.1285 test_acc=0.5975
Round 93 | selected=[78, 21, 62, 45, 39, 84, 89, 94, 81, 30]
Round 93 | train_loss=1.1676 train_acc=0.5770 test_loss=1.0960 test_acc=0.6089
Round 94 | selected=[95, 55, 71, 77, 59, 73, 22, 4, 75, 38]
Round 94 | train_loss=1.1873 train_acc=0.5674 test_loss=1.0945 test_acc=0.6072
Round 95 | selected=[87, 12, 2, 22, 27, 15, 80, 3, 84, 99]
Round 95 | train_loss=1.1676 train_acc=0.5726 test_loss=1.1085 test_acc=0.5993
Round 96 | selected=[90, 97, 67, 86, 56, 18, 55, 57, 82, 2]
Round 96 | train_loss=1.1630 train_acc=0.5734 test_loss=1.0947 test_acc=0.6081
Round 97 | selected=[0, 71, 1, 8, 24, 10, 50, 47, 3, 60]
Round 97 | train_loss=1.1598 train_acc=0.5784 test_loss=1.0584 test_acc=0.6218
Round 98 | selected=[34, 98, 39, 11, 43, 62, 81, 49, 13, 1]
Round 98 | train_loss=1.1679 train_acc=0.5762 test_loss=1.0742 test_acc=0.6162
Round 99 | selected=[51, 37, 48, 55, 70, 81, 67, 29, 9, 52]
Round 99 | train_loss=1.1589 train_acc=0.5846 test_loss=1.1163 test_acc=0.5947
Round 100 | selected=[77, 49, 65, 39, 10, 31, 73, 52, 34, 71]
Round 100 | train_loss=1.1512 train_acc=0.5810 test_loss=1.1222 test_acc=0.5948
Round 101 | selected=[40, 37, 72, 92, 67, 33, 46, 60, 74, 85]
Round 101 | train_loss=1.1611 train_acc=0.5860 test_loss=1.0571 test_acc=0.6227
Round 102 | selected=[57, 1, 99, 3, 61, 85, 5, 91, 37, 38]
Round 102 | train_loss=1.1645 train_acc=0.5816 test_loss=1.0151 test_acc=0.6366
Round 103 | selected=[28, 79, 4, 10, 63, 62, 86, 13, 67, 61]
Round 103 | train_loss=1.1460 train_acc=0.5798 test_loss=1.0268 test_acc=0.6287
Round 104 | selected=[59, 56, 26, 33, 9, 41, 86, 76, 67, 45]
Round 104 | train_loss=1.1459 train_acc=0.5878 test_loss=1.0350 test_acc=0.6251
Round 105 | selected=[52, 63, 32, 41, 16, 5, 20, 23, 97, 72]
Round 105 | train_loss=1.1458 train_acc=0.5876 test_loss=1.0251 test_acc=0.6311
Round 106 | selected=[49, 10, 37, 20, 12, 81, 41, 47, 72, 16]
Round 106 | train_loss=1.1068 train_acc=0.5984 test_loss=1.0450 test_acc=0.6281
Round 107 | selected=[16, 71, 17, 25, 32, 98, 14, 85, 47, 41]
Round 107 | train_loss=1.1364 train_acc=0.5826 test_loss=1.0929 test_acc=0.6075
Round 108 | selected=[87, 4, 41, 79, 63, 76, 52, 20, 80, 59]
Round 108 | train_loss=1.1019 train_acc=0.5998 test_loss=1.0534 test_acc=0.6300
Round 109 | selected=[49, 83, 22, 58, 84, 28, 53, 81, 99, 35]
Round 109 | train_loss=1.1562 train_acc=0.5856 test_loss=1.0469 test_acc=0.6292
Round 110 | selected=[60, 90, 88, 43, 73, 50, 57, 53, 24, 66]
Round 110 | train_loss=1.1347 train_acc=0.5962 test_loss=1.0408 test_acc=0.6303
Round 111 | selected=[32, 36, 78, 37, 3, 15, 16, 48, 79, 27]
Round 111 | train_loss=1.1276 train_acc=0.5988 test_loss=1.0135 test_acc=0.6385
Round 112 | selected=[56, 59, 63, 86, 68, 58, 54, 93, 43, 3]
Round 112 | train_loss=1.1419 train_acc=0.5896 test_loss=1.0023 test_acc=0.6397
Round 113 | selected=[29, 33, 24, 13, 26, 44, 56, 37, 11, 15]
Round 113 | train_loss=1.1176 train_acc=0.6014 test_loss=1.0424 test_acc=0.6260
Round 114 | selected=[42, 21, 43, 7, 2, 74, 83, 24, 54, 99]
Round 114 | train_loss=1.0930 train_acc=0.6094 test_loss=1.0009 test_acc=0.6428
Round 115 | selected=[24, 3, 25, 57, 68, 66, 39, 86, 65, 53]
Round 115 | train_loss=1.0747 train_acc=0.6098 test_loss=1.0016 test_acc=0.6425
Round 116 | selected=[3, 68, 2, 73, 98, 38, 76, 67, 85, 28]
Round 116 | train_loss=1.0982 train_acc=0.6022 test_loss=0.9923 test_acc=0.6448
Round 117 | selected=[23, 74, 78, 98, 27, 31, 33, 36, 91, 10]
Round 117 | train_loss=1.0971 train_acc=0.6058 test_loss=0.9874 test_acc=0.6470
Round 118 | selected=[56, 20, 79, 5, 84, 59, 39, 83, 31, 97]
Round 118 | train_loss=1.0707 train_acc=0.6126 test_loss=1.0050 test_acc=0.6407
Round 119 | selected=[87, 66, 96, 44, 3, 90, 13, 45, 4, 21]
Round 119 | train_loss=1.0799 train_acc=0.6066 test_loss=0.9993 test_acc=0.6442
Round 120 | selected=[3, 12, 73, 70, 41, 63, 51, 65, 75, 15]
Round 120 | train_loss=1.0725 train_acc=0.6096 test_loss=1.0228 test_acc=0.6287
Round 121 | selected=[82, 3, 53, 5, 95, 94, 49, 92, 1, 64]
Round 121 | train_loss=1.0678 train_acc=0.6118 test_loss=0.9877 test_acc=0.6514
Round 122 | selected=[57, 13, 89, 4, 28, 56, 72, 21, 86, 43]
Round 122 | train_loss=1.0577 train_acc=0.6214 test_loss=1.0505 test_acc=0.6251
Round 123 | selected=[55, 7, 62, 67, 65, 6, 38, 96, 84, 73]
Round 123 | train_loss=1.0680 train_acc=0.6144 test_loss=0.9801 test_acc=0.6463
Round 124 | selected=[52, 75, 68, 13, 61, 86, 9, 67, 22, 3]
Round 124 | train_loss=1.0503 train_acc=0.6284 test_loss=0.9565 test_acc=0.6558
Round 125 | selected=[40, 15, 99, 37, 73, 90, 60, 58, 35, 79]
Round 125 | train_loss=1.0892 train_acc=0.6088 test_loss=1.0000 test_acc=0.6425
Round 126 | selected=[74, 3, 0, 32, 77, 96, 5, 7, 71, 39]
Round 126 | train_loss=1.0368 train_acc=0.6254 test_loss=1.0213 test_acc=0.6408
Round 127 | selected=[29, 12, 93, 45, 91, 13, 74, 34, 58, 83]
Round 127 | train_loss=1.0674 train_acc=0.6208 test_loss=0.9445 test_acc=0.6578
Round 128 | selected=[48, 99, 82, 39, 85, 84, 93, 97, 69, 70]
Round 128 | train_loss=1.0395 train_acc=0.6324 test_loss=0.9622 test_acc=0.6540
Round 129 | selected=[35, 5, 16, 38, 77, 23, 20, 44, 88, 78]
Round 129 | train_loss=1.0408 train_acc=0.6258 test_loss=0.9590 test_acc=0.6561
Round 130 | selected=[79, 52, 24, 30, 72, 14, 62, 6, 94, 48]
Round 130 | train_loss=1.0256 train_acc=0.6296 test_loss=0.9727 test_acc=0.6496
Round 131 | selected=[36, 75, 59, 9, 32, 16, 86, 21, 2, 52]
Round 131 | train_loss=1.0365 train_acc=0.6302 test_loss=0.9380 test_acc=0.6615
Round 132 | selected=[81, 18, 35, 13, 53, 89, 57, 39, 38, 96]
Round 132 | train_loss=1.0347 train_acc=0.6188 test_loss=0.9533 test_acc=0.6574
Round 133 | selected=[21, 30, 63, 56, 72, 12, 5, 16, 87, 64]
Round 133 | train_loss=1.0109 train_acc=0.6346 test_loss=0.9493 test_acc=0.6667
Round 134 | selected=[95, 57, 78, 62, 97, 40, 70, 1, 67, 17]
Round 134 | train_loss=1.0158 train_acc=0.6364 test_loss=0.9269 test_acc=0.6658
Round 135 | selected=[62, 79, 71, 60, 11, 65, 94, 28, 80, 97]
Round 135 | train_loss=1.0296 train_acc=0.6260 test_loss=0.9193 test_acc=0.6749
Round 136 | selected=[18, 95, 11, 39, 6, 97, 54, 42, 38, 89]
Round 136 | train_loss=1.0294 train_acc=0.6388 test_loss=0.9467 test_acc=0.6627
Round 137 | selected=[54, 32, 31, 65, 98, 61, 15, 8, 91, 2]
Round 137 | train_loss=0.9904 train_acc=0.6500 test_loss=0.9363 test_acc=0.6635
Round 138 | selected=[36, 47, 11, 79, 45, 35, 18, 2, 71, 22]
Round 138 | train_loss=1.0231 train_acc=0.6222 test_loss=0.9266 test_acc=0.6691
Round 139 | selected=[75, 0, 82, 87, 90, 5, 15, 54, 80, 65]
Round 139 | train_loss=1.0213 train_acc=0.6342 test_loss=0.9663 test_acc=0.6571
Round 140 | selected=[10, 47, 80, 78, 30, 24, 82, 54, 93, 32]
Round 140 | train_loss=1.0119 train_acc=0.6326 test_loss=0.9658 test_acc=0.6585
Round 141 | selected=[77, 42, 38, 49, 23, 30, 95, 1, 44, 90]
Round 141 | train_loss=1.0084 train_acc=0.6356 test_loss=0.9337 test_acc=0.6645
Round 142 | selected=[50, 26, 55, 10, 40, 49, 90, 6, 76, 23]
Round 142 | train_loss=0.9952 train_acc=0.6450 test_loss=0.9307 test_acc=0.6630
Round 143 | selected=[4, 70, 50, 56, 15, 20, 8, 62, 96, 51]
Round 143 | train_loss=0.9925 train_acc=0.6414 test_loss=0.9060 test_acc=0.6794
Round 144 | selected=[41, 45, 6, 25, 58, 99, 39, 54, 27, 95]
Round 144 | train_loss=1.0096 train_acc=0.6444 test_loss=0.8946 test_acc=0.6812
Round 145 | selected=[58, 59, 19, 81, 97, 84, 64, 74, 34, 1]
Round 145 | train_loss=0.9911 train_acc=0.6442 test_loss=0.9248 test_acc=0.6742
Round 146 | selected=[16, 4, 20, 18, 83, 50, 43, 14, 81, 13]
Round 146 | train_loss=0.9736 train_acc=0.6574 test_loss=0.9738 test_acc=0.6569
Round 147 | selected=[76, 78, 53, 64, 62, 41, 58, 15, 33, 83]
Round 147 | train_loss=0.9879 train_acc=0.6512 test_loss=0.8885 test_acc=0.6825
Round 148 | selected=[12, 44, 20, 75, 3, 62, 66, 24, 25, 22]
Round 148 | train_loss=0.9904 train_acc=0.6448 test_loss=0.8943 test_acc=0.6805
Round 149 | selected=[36, 32, 61, 86, 11, 99, 70, 30, 5, 76]
Round 149 | train_loss=0.9661 train_acc=0.6540 test_loss=0.9068 test_acc=0.6800
Round 150 | selected=[97, 75, 20, 67, 18, 9, 17, 74, 62, 78]
Round 150 | train_loss=0.9903 train_acc=0.6492 test_loss=0.9069 test_acc=0.6785
Round 151 | selected=[84, 21, 11, 3, 4, 65, 87, 91, 17, 86]
Round 151 | train_loss=0.9714 train_acc=0.6578 test_loss=0.8836 test_acc=0.6826
Round 152 | selected=[60, 47, 95, 35, 62, 82, 70, 42, 6, 16]
Round 152 | train_loss=0.9628 train_acc=0.6490 test_loss=0.9016 test_acc=0.6740
Round 153 | selected=[32, 81, 8, 58, 85, 47, 12, 18, 24, 3]
Round 153 | train_loss=0.9427 train_acc=0.6640 test_loss=0.9216 test_acc=0.6731
Round 154 | selected=[90, 37, 57, 3, 58, 39, 31, 15, 74, 78]
Round 154 | train_loss=0.9820 train_acc=0.6566 test_loss=0.8930 test_acc=0.6816
Round 155 | selected=[18, 36, 21, 38, 90, 86, 62, 3, 33, 49]
Round 155 | train_loss=0.9628 train_acc=0.6484 test_loss=0.8803 test_acc=0.6860
Round 156 | selected=[89, 24, 84, 44, 4, 99, 91, 20, 88, 40]
Round 156 | train_loss=0.9514 train_acc=0.6648 test_loss=0.9337 test_acc=0.6649
Round 157 | selected=[45, 4, 2, 96, 31, 97, 80, 56, 7, 79]
Round 157 | train_loss=0.9493 train_acc=0.6614 test_loss=0.9133 test_acc=0.6785
Round 158 | selected=[86, 7, 66, 54, 72, 78, 6, 99, 25, 55]
Round 158 | train_loss=1.0138 train_acc=0.6446 test_loss=0.9711 test_acc=0.6555
Round 159 | selected=[82, 38, 99, 92, 44, 79, 34, 98, 86, 6]
Round 159 | train_loss=0.9821 train_acc=0.6452 test_loss=0.8993 test_acc=0.6784
Round 160 | selected=[50, 47, 33, 32, 72, 13, 67, 68, 86, 15]
Round 160 | train_loss=0.9487 train_acc=0.6678 test_loss=0.9075 test_acc=0.6815
Round 161 | selected=[74, 44, 57, 10, 60, 12, 92, 29, 34, 27]
Round 161 | train_loss=0.9579 train_acc=0.6524 test_loss=0.8617 test_acc=0.6963
Round 162 | selected=[30, 41, 94, 21, 88, 43, 14, 73, 46, 67]
Round 162 | train_loss=0.9635 train_acc=0.6556 test_loss=0.9162 test_acc=0.6830
Round 163 | selected=[71, 10, 1, 55, 57, 22, 23, 6, 20, 59]
Round 163 | train_loss=0.9482 train_acc=0.6632 test_loss=0.8658 test_acc=0.6935
Round 164 | selected=[41, 38, 13, 94, 81, 46, 49, 32, 97, 11]
Round 164 | train_loss=0.9320 train_acc=0.6620 test_loss=0.8809 test_acc=0.6883
Round 165 | selected=[8, 26, 15, 18, 46, 13, 44, 56, 20, 33]
Round 165 | train_loss=0.9396 train_acc=0.6678 test_loss=0.8840 test_acc=0.6884
Round 166 | selected=[14, 36, 34, 16, 12, 28, 73, 30, 56, 31]
Round 166 | train_loss=0.9675 train_acc=0.6500 test_loss=0.8615 test_acc=0.6956
Round 167 | selected=[99, 4, 21, 1, 53, 94, 72, 84, 39, 26]
Round 167 | train_loss=0.9641 train_acc=0.6522 test_loss=0.8808 test_acc=0.6887
Round 168 | selected=[49, 80, 87, 71, 22, 69, 5, 95, 55, 99]
Round 168 | train_loss=0.8991 train_acc=0.6818 test_loss=0.8770 test_acc=0.6902
Round 169 | selected=[78, 63, 77, 93, 82, 56, 1, 66, 53, 39]
Round 169 | train_loss=0.9697 train_acc=0.6522 test_loss=0.8771 test_acc=0.6899
Round 170 | selected=[77, 94, 62, 14, 9, 27, 90, 26, 81, 69]
Round 170 | train_loss=0.9511 train_acc=0.6592 test_loss=0.8426 test_acc=0.7061
Round 171 | selected=[70, 73, 42, 31, 95, 63, 17, 94, 79, 9]
Round 171 | train_loss=0.9410 train_acc=0.6600 test_loss=0.8585 test_acc=0.6934
Round 172 | selected=[99, 94, 34, 92, 91, 32, 9, 74, 72, 96]
Round 172 | train_loss=0.9053 train_acc=0.6812 test_loss=0.8786 test_acc=0.6940
Round 173 | selected=[63, 12, 65, 22, 71, 70, 54, 55, 21, 66]
Round 173 | train_loss=0.9354 train_acc=0.6666 test_loss=0.8634 test_acc=0.6876
Round 174 | selected=[53, 34, 58, 6, 59, 78, 83, 7, 89, 96]
Round 174 | train_loss=0.9466 train_acc=0.6678 test_loss=0.8529 test_acc=0.6996
Round 175 | selected=[0, 17, 22, 23, 61, 54, 39, 99, 79, 26]
Round 175 | train_loss=0.9469 train_acc=0.6622 test_loss=0.8809 test_acc=0.6826
Round 176 | selected=[36, 91, 30, 51, 90, 66, 16, 76, 47, 44]
Round 176 | train_loss=0.9233 train_acc=0.6650 test_loss=0.8607 test_acc=0.6950
Round 177 | selected=[66, 68, 14, 83, 19, 1, 90, 16, 45, 27]
Round 177 | train_loss=0.9300 train_acc=0.6708 test_loss=0.8513 test_acc=0.7012
Round 178 | selected=[54, 59, 40, 48, 62, 88, 93, 91, 82, 99]
Round 178 | train_loss=0.8984 train_acc=0.6876 test_loss=0.8655 test_acc=0.6990
Round 179 | selected=[84, 71, 19, 16, 66, 94, 99, 62, 80, 47]
Round 179 | train_loss=0.8772 train_acc=0.6910 test_loss=0.9001 test_acc=0.6848
Round 180 | selected=[97, 62, 90, 7, 83, 57, 50, 72, 8, 28]
Round 180 | train_loss=0.8956 train_acc=0.6800 test_loss=0.8704 test_acc=0.6934
Round 181 | selected=[8, 19, 0, 73, 91, 30, 98, 26, 57, 58]
Round 181 | train_loss=0.9161 train_acc=0.6766 test_loss=0.8537 test_acc=0.7006
Round 182 | selected=[78, 74, 4, 60, 94, 92, 81, 54, 40, 33]
Round 182 | train_loss=0.9041 train_acc=0.6812 test_loss=0.8422 test_acc=0.7044
Round 183 | selected=[85, 79, 5, 33, 49, 47, 7, 57, 22, 26]
Round 183 | train_loss=0.9130 train_acc=0.6714 test_loss=0.8360 test_acc=0.7066
Round 184 | selected=[27, 82, 37, 32, 89, 59, 76, 56, 15, 77]
Round 184 | train_loss=0.8850 train_acc=0.6880 test_loss=0.8208 test_acc=0.7084
Round 185 | selected=[31, 56, 90, 23, 14, 64, 75, 35, 53, 42]
Round 185 | train_loss=0.8885 train_acc=0.6800 test_loss=0.8204 test_acc=0.7100
Round 186 | selected=[62, 40, 78, 77, 47, 96, 9, 60, 61, 39]
Round 186 | train_loss=0.8581 train_acc=0.6946 test_loss=0.8293 test_acc=0.7118
Round 187 | selected=[23, 11, 97, 57, 72, 1, 63, 35, 46, 7]
Round 187 | train_loss=0.9226 train_acc=0.6652 test_loss=0.8079 test_acc=0.7134
Round 188 | selected=[75, 10, 64, 52, 27, 91, 81, 21, 62, 20]
Round 188 | train_loss=0.8608 train_acc=0.6956 test_loss=0.8251 test_acc=0.7074
Round 189 | selected=[19, 34, 33, 32, 72, 82, 2, 80, 83, 17]
Round 189 | train_loss=0.8937 train_acc=0.6834 test_loss=0.8320 test_acc=0.7058
Round 190 | selected=[37, 35, 3, 33, 96, 60, 30, 65, 81, 1]
Round 190 | train_loss=0.9038 train_acc=0.6784 test_loss=0.8371 test_acc=0.7078
Round 191 | selected=[33, 52, 91, 66, 18, 5, 1, 38, 79, 13]
Round 191 | train_loss=0.8986 train_acc=0.6808 test_loss=0.8116 test_acc=0.7176
Round 192 | selected=[23, 81, 26, 55, 63, 37, 59, 86, 93, 64]
Round 192 | train_loss=0.8849 train_acc=0.6822 test_loss=0.8497 test_acc=0.7063
Round 193 | selected=[26, 9, 1, 94, 29, 84, 63, 54, 46, 65]
Round 193 | train_loss=0.8998 train_acc=0.6940 test_loss=0.8074 test_acc=0.7141
Round 194 | selected=[34, 97, 52, 94, 31, 28, 72, 70, 11, 65]
Round 194 | train_loss=0.8532 train_acc=0.6976 test_loss=0.8476 test_acc=0.7048
Round 195 | selected=[3, 21, 23, 31, 93, 77, 78, 35, 16, 36]
Round 195 | train_loss=0.8765 train_acc=0.6858 test_loss=0.7847 test_acc=0.7199
Round 196 | selected=[76, 40, 52, 57, 9, 38, 53, 82, 74, 6]
Round 196 | train_loss=0.8845 train_acc=0.6862 test_loss=0.8160 test_acc=0.7131
Round 197 | selected=[6, 43, 48, 44, 19, 91, 29, 50, 2, 85]
Round 197 | train_loss=0.8227 train_acc=0.7122 test_loss=0.7938 test_acc=0.7195
Round 198 | selected=[64, 4, 70, 57, 49, 99, 92, 12, 74, 98]
Round 198 | train_loss=0.8413 train_acc=0.6996 test_loss=0.8521 test_acc=0.7040
Round 199 | selected=[76, 23, 39, 99, 40, 86, 65, 22, 50, 2]
Round 199 | train_loss=0.8497 train_acc=0.6962 test_loss=0.8048 test_acc=0.7210
Round 200 | selected=[16, 42, 72, 36, 65, 80, 61, 64, 49, 91]
Round 200 | train_loss=0.8172 train_acc=0.7086 test_loss=0.8123 test_acc=0.7151
Round 201 | selected=[62, 56, 48, 21, 23, 94, 78, 33, 71, 50]
Round 201 | train_loss=0.8613 train_acc=0.6972 test_loss=0.7644 test_acc=0.7297
Round 202 | selected=[40, 20, 17, 25, 38, 48, 63, 29, 30, 61]
Round 202 | train_loss=0.8648 train_acc=0.6938 test_loss=0.7775 test_acc=0.7265
Round 203 | selected=[51, 72, 77, 0, 40, 53, 14, 8, 55, 43]
Round 203 | train_loss=0.8156 train_acc=0.7102 test_loss=0.8305 test_acc=0.7120
Round 204 | selected=[77, 90, 5, 39, 31, 87, 67, 89, 93, 69]
Round 204 | train_loss=0.8496 train_acc=0.6948 test_loss=0.7691 test_acc=0.7284
Round 205 | selected=[5, 28, 60, 6, 2, 92, 46, 41, 48, 55]
Round 205 | train_loss=0.8360 train_acc=0.7046 test_loss=0.8123 test_acc=0.7152
Round 206 | selected=[45, 9, 15, 19, 41, 76, 66, 61, 42, 49]
Round 206 | train_loss=0.8444 train_acc=0.7044 test_loss=0.7776 test_acc=0.7262
Round 207 | selected=[50, 18, 78, 97, 24, 29, 34, 6, 56, 71]
Round 207 | train_loss=0.8293 train_acc=0.7030 test_loss=0.7790 test_acc=0.7274
Round 208 | selected=[19, 2, 64, 13, 59, 41, 16, 22, 57, 63]
Round 208 | train_loss=0.8270 train_acc=0.7054 test_loss=0.7999 test_acc=0.7219
Round 209 | selected=[86, 73, 71, 81, 21, 4, 64, 41, 24, 0]
Round 209 | train_loss=0.8499 train_acc=0.6970 test_loss=0.7669 test_acc=0.7325
Round 210 | selected=[22, 58, 0, 9, 32, 62, 93, 72, 40, 98]
Round 210 | train_loss=0.8432 train_acc=0.7078 test_loss=0.8084 test_acc=0.7185
Round 211 | selected=[57, 84, 82, 31, 16, 10, 6, 23, 79, 51]
Round 211 | train_loss=0.8500 train_acc=0.6936 test_loss=0.7907 test_acc=0.7225
Round 212 | selected=[6, 15, 98, 81, 67, 85, 66, 90, 74, 62]
Round 212 | train_loss=0.8133 train_acc=0.7160 test_loss=0.7867 test_acc=0.7238
Round 213 | selected=[55, 58, 18, 36, 83, 16, 85, 27, 63, 17]
Round 213 | train_loss=0.8876 train_acc=0.6850 test_loss=0.7830 test_acc=0.7258
Round 214 | selected=[94, 59, 71, 97, 63, 61, 22, 81, 46, 70]
Round 214 | train_loss=0.8202 train_acc=0.7076 test_loss=0.7698 test_acc=0.7312
Round 215 | selected=[61, 16, 47, 25, 78, 39, 52, 74, 91, 76]
Round 215 | train_loss=0.8146 train_acc=0.7162 test_loss=0.7930 test_acc=0.7203
Round 216 | selected=[28, 88, 74, 93, 38, 78, 76, 60, 6, 58]
Round 216 | train_loss=0.8256 train_acc=0.7080 test_loss=0.7873 test_acc=0.7256
Round 217 | selected=[64, 6, 17, 94, 77, 88, 39, 45, 80, 65]
Round 217 | train_loss=0.7964 train_acc=0.7166 test_loss=0.7720 test_acc=0.7279
Round 218 | selected=[65, 20, 57, 82, 92, 97, 76, 83, 19, 5]
Round 218 | train_loss=0.8058 train_acc=0.7066 test_loss=0.8669 test_acc=0.6942
Round 219 | selected=[99, 13, 43, 0, 33, 34, 81, 47, 78, 83]
Round 219 | train_loss=0.8139 train_acc=0.7176 test_loss=0.7938 test_acc=0.7268
Round 220 | selected=[40, 83, 60, 23, 11, 0, 26, 39, 15, 13]
Round 220 | train_loss=0.8346 train_acc=0.7002 test_loss=0.8294 test_acc=0.7084
Round 221 | selected=[22, 49, 12, 27, 19, 77, 99, 50, 61, 79]
Round 221 | train_loss=0.7986 train_acc=0.7102 test_loss=0.8027 test_acc=0.7172
Round 222 | selected=[99, 14, 39, 46, 41, 18, 55, 0, 68, 29]
Round 222 | train_loss=0.7948 train_acc=0.7240 test_loss=0.7671 test_acc=0.7320
Round 223 | selected=[3, 91, 1, 31, 70, 63, 88, 79, 84, 97]
Round 223 | train_loss=0.8238 train_acc=0.7102 test_loss=0.7470 test_acc=0.7372
Round 224 | selected=[54, 59, 88, 26, 60, 94, 98, 81, 5, 33]
Round 224 | train_loss=0.8068 train_acc=0.7170 test_loss=0.7388 test_acc=0.7424
Round 225 | selected=[20, 54, 15, 80, 76, 51, 43, 41, 56, 7]
Round 225 | train_loss=0.8094 train_acc=0.7134 test_loss=0.7521 test_acc=0.7341
Round 226 | selected=[72, 12, 39, 65, 81, 44, 83, 93, 37, 94]
Round 226 | train_loss=0.8204 train_acc=0.7102 test_loss=0.7659 test_acc=0.7330
Round 227 | selected=[75, 10, 40, 31, 0, 83, 54, 14, 37, 15]
Round 227 | train_loss=0.8303 train_acc=0.6986 test_loss=0.7369 test_acc=0.7422
Round 228 | selected=[81, 30, 83, 1, 62, 16, 92, 47, 93, 57]
Round 228 | train_loss=0.8014 train_acc=0.7182 test_loss=0.7260 test_acc=0.7450
Round 229 | selected=[28, 17, 36, 63, 49, 86, 57, 23, 34, 24]
Round 229 | train_loss=0.8172 train_acc=0.7104 test_loss=0.7624 test_acc=0.7344
Round 230 | selected=[84, 7, 13, 54, 61, 82, 0, 71, 42, 20]
Round 230 | train_loss=0.8025 train_acc=0.7134 test_loss=0.8019 test_acc=0.7225
Round 231 | selected=[5, 83, 24, 94, 2, 10, 12, 47, 18, 66]
Round 231 | train_loss=0.7897 train_acc=0.7234 test_loss=0.7587 test_acc=0.7348
Round 232 | selected=[90, 31, 26, 49, 71, 16, 52, 13, 88, 6]
Round 232 | train_loss=0.7806 train_acc=0.7178 test_loss=0.7517 test_acc=0.7406
Round 233 | selected=[50, 91, 28, 97, 49, 40, 7, 37, 73, 62]
Round 233 | train_loss=0.7948 train_acc=0.7160 test_loss=0.7346 test_acc=0.7391
Round 234 | selected=[76, 63, 98, 54, 39, 61, 79, 66, 2, 70]
Round 234 | train_loss=0.7970 train_acc=0.7120 test_loss=0.7340 test_acc=0.7430
Round 235 | selected=[81, 58, 6, 19, 34, 13, 69, 35, 28, 55]
Round 235 | train_loss=0.7991 train_acc=0.7162 test_loss=0.7521 test_acc=0.7359
Round 236 | selected=[89, 0, 40, 81, 23, 76, 71, 79, 27, 61]
Round 236 | train_loss=0.7797 train_acc=0.7236 test_loss=0.7706 test_acc=0.7347
Round 237 | selected=[98, 56, 59, 22, 55, 48, 82, 99, 16, 37]
Round 237 | train_loss=0.7718 train_acc=0.7264 test_loss=0.7344 test_acc=0.7413
Round 238 | selected=[4, 36, 53, 5, 43, 38, 62, 3, 25, 98]
Round 238 | train_loss=0.7848 train_acc=0.7240 test_loss=0.7413 test_acc=0.7425
Round 239 | selected=[40, 6, 11, 30, 74, 32, 61, 5, 93, 31]
Round 239 | train_loss=0.7617 train_acc=0.7350 test_loss=0.7619 test_acc=0.7342
Round 240 | selected=[92, 54, 74, 28, 7, 14, 8, 47, 78, 87]
Round 240 | train_loss=0.7944 train_acc=0.7178 test_loss=0.8001 test_acc=0.7238
Round 241 | selected=[1, 10, 6, 11, 86, 82, 59, 50, 42, 41]
Round 241 | train_loss=0.8079 train_acc=0.7120 test_loss=0.7304 test_acc=0.7461
Round 242 | selected=[30, 12, 68, 52, 89, 81, 6, 79, 2, 26]
Round 242 | train_loss=0.7616 train_acc=0.7336 test_loss=0.7206 test_acc=0.7543
Round 243 | selected=[52, 25, 30, 78, 91, 51, 74, 48, 38, 41]
Round 243 | train_loss=0.7787 train_acc=0.7240 test_loss=0.7033 test_acc=0.7552
Round 244 | selected=[92, 94, 46, 18, 87, 68, 90, 39, 50, 34]
Round 244 | train_loss=0.7736 train_acc=0.7278 test_loss=0.7138 test_acc=0.7490
Round 245 | selected=[32, 97, 99, 45, 85, 73, 52, 71, 75, 59]
Round 245 | train_loss=0.7799 train_acc=0.7228 test_loss=0.7111 test_acc=0.7510
Round 246 | selected=[68, 40, 88, 28, 31, 2, 97, 11, 76, 96]
Round 246 | train_loss=0.7521 train_acc=0.7384 test_loss=0.7370 test_acc=0.7457
Round 247 | selected=[33, 67, 64, 44, 14, 0, 10, 16, 2, 12]
Round 247 | train_loss=0.7634 train_acc=0.7286 test_loss=0.7037 test_acc=0.7475
Round 248 | selected=[55, 9, 28, 20, 78, 59, 6, 80, 77, 4]
Round 248 | train_loss=0.7545 train_acc=0.7344 test_loss=0.7247 test_acc=0.7505
Round 249 | selected=[88, 44, 19, 53, 80, 51, 36, 33, 59, 12]
Round 249 | train_loss=0.7336 train_acc=0.7402 test_loss=0.7331 test_acc=0.7410
Round 250 | selected=[50, 71, 97, 77, 19, 94, 7, 34, 37, 98]
Round 250 | train_loss=0.7729 train_acc=0.7330 test_loss=0.7202 test_acc=0.7528
Round 251 | selected=[7, 72, 46, 24, 9, 82, 3, 22, 26, 21]
Round 251 | train_loss=0.7677 train_acc=0.7296 test_loss=0.7280 test_acc=0.7478
Round 252 | selected=[19, 38, 51, 28, 43, 37, 34, 77, 84, 88]
Round 252 | train_loss=0.7741 train_acc=0.7324 test_loss=0.7261 test_acc=0.7478
Round 253 | selected=[15, 20, 36, 17, 38, 60, 83, 84, 54, 9]
Round 253 | train_loss=0.7740 train_acc=0.7326 test_loss=0.6959 test_acc=0.7585
Round 254 | selected=[47, 81, 1, 36, 32, 18, 40, 59, 94, 89]
Round 254 | train_loss=0.7416 train_acc=0.7398 test_loss=0.7485 test_acc=0.7441
Round 255 | selected=[57, 12, 26, 7, 44, 18, 82, 39, 38, 52]
Round 255 | train_loss=0.7483 train_acc=0.7270 test_loss=0.7342 test_acc=0.7437
Round 256 | selected=[51, 18, 64, 15, 37, 60, 61, 13, 0, 39]
Round 256 | train_loss=0.7402 train_acc=0.7292 test_loss=0.7159 test_acc=0.7505
Round 257 | selected=[13, 60, 6, 27, 31, 36, 12, 83, 81, 52]
Round 257 | train_loss=0.7166 train_acc=0.7452 test_loss=0.7283 test_acc=0.7442
Round 258 | selected=[28, 23, 80, 42, 29, 26, 33, 0, 61, 64]
Round 258 | train_loss=0.7498 train_acc=0.7428 test_loss=0.7669 test_acc=0.7425
Round 259 | selected=[33, 79, 83, 18, 51, 73, 39, 95, 65, 17]
Round 259 | train_loss=0.7493 train_acc=0.7404 test_loss=0.6931 test_acc=0.7544
Round 260 | selected=[41, 95, 84, 0, 63, 59, 47, 54, 29, 83]
Round 260 | train_loss=0.7507 train_acc=0.7328 test_loss=0.7193 test_acc=0.7508
Round 261 | selected=[89, 35, 94, 8, 95, 4, 27, 58, 79, 85]
Round 261 | train_loss=0.7488 train_acc=0.7334 test_loss=0.7565 test_acc=0.7410
Round 262 | selected=[65, 58, 28, 44, 24, 61, 36, 98, 31, 34]
Round 262 | train_loss=0.7452 train_acc=0.7394 test_loss=0.6995 test_acc=0.7560
Round 263 | selected=[27, 31, 88, 50, 52, 47, 38, 90, 77, 17]
Round 263 | train_loss=0.7395 train_acc=0.7410 test_loss=0.6889 test_acc=0.7592
Round 264 | selected=[63, 21, 3, 54, 47, 73, 67, 70, 7, 18]
Round 264 | train_loss=0.7594 train_acc=0.7286 test_loss=0.6972 test_acc=0.7595
Round 265 | selected=[13, 35, 20, 62, 75, 42, 19, 6, 8, 3]
Round 265 | train_loss=0.7116 train_acc=0.7514 test_loss=0.7391 test_acc=0.7449
Round 266 | selected=[51, 92, 85, 77, 46, 73, 70, 65, 68, 35]
Round 266 | train_loss=0.7361 train_acc=0.7458 test_loss=0.6881 test_acc=0.7601
Round 267 | selected=[48, 40, 0, 92, 52, 20, 1, 12, 21, 51]
Round 267 | train_loss=0.7003 train_acc=0.7584 test_loss=0.7064 test_acc=0.7527
Round 268 | selected=[56, 73, 44, 50, 87, 3, 24, 22, 70, 7]
Round 268 | train_loss=0.7328 train_acc=0.7410 test_loss=0.7001 test_acc=0.7623
Round 269 | selected=[46, 82, 1, 72, 2, 14, 0, 85, 42, 33]
Round 269 | train_loss=0.7366 train_acc=0.7404 test_loss=0.6757 test_acc=0.7629
Round 270 | selected=[35, 1, 99, 17, 8, 21, 30, 69, 2, 94]
Round 270 | train_loss=0.7181 train_acc=0.7466 test_loss=0.6950 test_acc=0.7586
Round 271 | selected=[19, 51, 9, 43, 7, 93, 89, 6, 70, 86]
Round 271 | train_loss=0.7467 train_acc=0.7370 test_loss=0.6958 test_acc=0.7552
Round 272 | selected=[73, 75, 32, 2, 60, 85, 66, 3, 46, 59]
Round 272 | train_loss=0.7432 train_acc=0.7380 test_loss=0.7279 test_acc=0.7479
Round 273 | selected=[16, 62, 59, 9, 84, 42, 47, 23, 56, 80]
Round 273 | train_loss=0.7297 train_acc=0.7420 test_loss=0.6681 test_acc=0.7659
Round 274 | selected=[69, 52, 44, 41, 32, 91, 9, 62, 73, 31]
Round 274 | train_loss=0.7148 train_acc=0.7444 test_loss=0.7137 test_acc=0.7539
Round 275 | selected=[33, 62, 86, 46, 88, 90, 40, 13, 69, 44]
Round 275 | train_loss=0.6884 train_acc=0.7582 test_loss=0.7305 test_acc=0.7459
Round 276 | selected=[72, 54, 14, 46, 35, 65, 69, 47, 12, 45]
Round 276 | train_loss=0.7080 train_acc=0.7492 test_loss=0.6703 test_acc=0.7618
Round 277 | selected=[14, 76, 59, 32, 30, 12, 71, 8, 49, 45]
Round 277 | train_loss=0.6537 train_acc=0.7706 test_loss=0.6685 test_acc=0.7696
Round 278 | selected=[35, 81, 52, 8, 99, 67, 56, 32, 94, 3]
Round 278 | train_loss=0.6870 train_acc=0.7540 test_loss=0.7094 test_acc=0.7585
Round 279 | selected=[0, 96, 5, 84, 24, 87, 4, 32, 85, 52]
Round 279 | train_loss=0.6830 train_acc=0.7620 test_loss=0.6818 test_acc=0.7642
Round 280 | selected=[19, 23, 96, 73, 71, 6, 54, 33, 63, 55]
Round 280 | train_loss=0.7330 train_acc=0.7490 test_loss=0.6811 test_acc=0.7641
Round 281 | selected=[98, 22, 19, 95, 55, 15, 45, 84, 87, 3]
Round 281 | train_loss=0.7078 train_acc=0.7512 test_loss=0.7017 test_acc=0.7606
Round 282 | selected=[14, 35, 65, 40, 20, 97, 22, 9, 54, 23]
Round 282 | train_loss=0.6980 train_acc=0.7504 test_loss=0.6768 test_acc=0.7652
Round 283 | selected=[99, 93, 22, 76, 8, 41, 4, 68, 17, 53]
Round 283 | train_loss=0.7159 train_acc=0.7460 test_loss=0.7541 test_acc=0.7499
Round 284 | selected=[16, 27, 33, 44, 50, 80, 9, 2, 37, 85]
Round 284 | train_loss=0.7261 train_acc=0.7444 test_loss=0.7070 test_acc=0.7538
Round 285 | selected=[78, 68, 37, 65, 38, 55, 26, 69, 4, 5]
Round 285 | train_loss=0.7005 train_acc=0.7554 test_loss=0.7033 test_acc=0.7638
Round 286 | selected=[67, 82, 31, 57, 77, 63, 3, 19, 88, 52]
Round 286 | train_loss=0.6879 train_acc=0.7580 test_loss=0.6878 test_acc=0.7620
Round 287 | selected=[85, 53, 10, 91, 43, 18, 52, 78, 5, 1]
Round 287 | train_loss=0.6980 train_acc=0.7516 test_loss=0.7142 test_acc=0.7623
Round 288 | selected=[41, 20, 28, 42, 25, 58, 84, 98, 62, 95]
Round 288 | train_loss=0.7336 train_acc=0.7394 test_loss=0.6476 test_acc=0.7723
Round 289 | selected=[69, 3, 22, 33, 19, 71, 96, 81, 18, 25]
Round 289 | train_loss=0.7045 train_acc=0.7528 test_loss=0.7083 test_acc=0.7576
Round 290 | selected=[41, 4, 24, 67, 16, 53, 22, 97, 34, 64]
Round 290 | train_loss=0.6820 train_acc=0.7592 test_loss=0.6768 test_acc=0.7670
Round 291 | selected=[70, 3, 60, 47, 19, 76, 49, 11, 16, 68]
Round 291 | train_loss=0.6892 train_acc=0.7554 test_loss=0.6551 test_acc=0.7753
Round 292 | selected=[67, 38, 34, 57, 6, 10, 58, 93, 37, 23]
Round 292 | train_loss=0.7360 train_acc=0.7404 test_loss=0.6576 test_acc=0.7728
Round 293 | selected=[64, 44, 21, 12, 90, 11, 98, 33, 43, 19]
Round 293 | train_loss=0.6484 train_acc=0.7768 test_loss=0.6632 test_acc=0.7702
Round 294 | selected=[79, 4, 30, 27, 81, 54, 74, 35, 70, 2]
Round 294 | train_loss=0.6795 train_acc=0.7674 test_loss=0.6841 test_acc=0.7669
Round 295 | selected=[51, 49, 8, 56, 68, 25, 91, 72, 17, 15]
Round 295 | train_loss=0.6527 train_acc=0.7716 test_loss=0.6553 test_acc=0.7732
Round 296 | selected=[57, 76, 33, 72, 30, 8, 96, 38, 19, 21]
Round 296 | train_loss=0.6772 train_acc=0.7640 test_loss=0.6615 test_acc=0.7709
Round 297 | selected=[25, 60, 63, 75, 42, 52, 98, 56, 2, 28]
Round 297 | train_loss=0.6874 train_acc=0.7588 test_loss=0.6928 test_acc=0.7598
Round 298 | selected=[20, 41, 87, 32, 27, 11, 82, 43, 78, 91]
Round 298 | train_loss=0.6995 train_acc=0.7554 test_loss=0.7240 test_acc=0.7586
Round 299 | selected=[93, 89, 79, 33, 90, 2, 8, 56, 95, 4]
Round 299 | train_loss=0.6747 train_acc=0.7626 test_loss=0.6929 test_acc=0.7609
Round 300 | selected=[18, 54, 5, 4, 28, 35, 3, 78, 52, 10]
Round 300 | train_loss=0.6778 train_acc=0.7620 test_loss=0.6908 test_acc=0.7698
Round 301 | selected=[57, 8, 13, 5, 68, 95, 77, 79, 63, 48]
Round 301 | train_loss=0.6554 train_acc=0.7648 test_loss=0.6834 test_acc=0.7685
Round 302 | selected=[32, 84, 30, 86, 90, 60, 35, 64, 11, 53]
Round 302 | train_loss=0.6739 train_acc=0.7582 test_loss=0.7030 test_acc=0.7596
Round 303 | selected=[88, 43, 9, 28, 61, 48, 76, 21, 93, 59]
Round 303 | train_loss=0.6792 train_acc=0.7592 test_loss=0.6500 test_acc=0.7795
Round 304 | selected=[99, 51, 95, 89, 34, 10, 83, 42, 52, 62]
Round 304 | train_loss=0.6762 train_acc=0.7598 test_loss=0.6492 test_acc=0.7762
Round 305 | selected=[58, 12, 79, 28, 53, 81, 38, 14, 27, 46]
Round 305 | train_loss=0.6948 train_acc=0.7606 test_loss=0.6742 test_acc=0.7733
Round 306 | selected=[31, 95, 87, 82, 20, 12, 72, 18, 1, 62]
Round 306 | train_loss=0.6802 train_acc=0.7590 test_loss=0.6390 test_acc=0.7777
Round 307 | selected=[10, 31, 28, 13, 60, 35, 36, 52, 72, 84]
Round 307 | train_loss=0.6748 train_acc=0.7588 test_loss=0.6474 test_acc=0.7757
Round 308 | selected=[19, 9, 52, 28, 35, 4, 21, 2, 57, 98]
Round 308 | train_loss=0.6158 train_acc=0.7880 test_loss=0.6224 test_acc=0.7855
Round 309 | selected=[67, 6, 27, 51, 74, 58, 40, 38, 71, 98]
Round 309 | train_loss=0.6810 train_acc=0.7604 test_loss=0.6470 test_acc=0.7772
Round 310 | selected=[83, 11, 66, 73, 23, 12, 34, 1, 65, 63]
Round 310 | train_loss=0.6824 train_acc=0.7622 test_loss=0.6458 test_acc=0.7769
Round 311 | selected=[5, 43, 81, 92, 82, 89, 93, 56, 16, 28]
Round 311 | train_loss=0.6676 train_acc=0.7678 test_loss=0.6364 test_acc=0.7848
Round 312 | selected=[53, 73, 61, 62, 91, 83, 45, 89, 1, 50]
Round 312 | train_loss=0.6859 train_acc=0.7594 test_loss=0.6505 test_acc=0.7765
Round 313 | selected=[17, 3, 77, 14, 99, 96, 21, 20, 42, 79]
Round 313 | train_loss=0.6562 train_acc=0.7678 test_loss=0.6610 test_acc=0.7730
Round 314 | selected=[47, 58, 81, 46, 24, 49, 60, 82, 80, 53]
Round 314 | train_loss=0.6564 train_acc=0.7668 test_loss=0.6338 test_acc=0.7806
Round 315 | selected=[99, 29, 20, 39, 60, 58, 18, 44, 32, 95]
Round 315 | train_loss=0.6534 train_acc=0.7676 test_loss=0.6167 test_acc=0.7864
Round 316 | selected=[42, 77, 38, 74, 99, 34, 78, 86, 52, 46]
Round 316 | train_loss=0.6358 train_acc=0.7758 test_loss=0.6453 test_acc=0.7782
Round 317 | selected=[0, 47, 94, 5, 29, 50, 40, 99, 11, 31]
Round 317 | train_loss=0.6430 train_acc=0.7768 test_loss=0.6424 test_acc=0.7800
Round 318 | selected=[51, 84, 92, 16, 17, 19, 31, 34, 39, 99]
Round 318 | train_loss=0.6414 train_acc=0.7758 test_loss=0.6208 test_acc=0.7880
Round 319 | selected=[55, 58, 37, 65, 9, 52, 88, 94, 93, 72]
Round 319 | train_loss=0.6744 train_acc=0.7674 test_loss=0.6922 test_acc=0.7623
Round 320 | selected=[25, 28, 5, 81, 2, 76, 54, 30, 91, 75]
Round 320 | train_loss=0.6321 train_acc=0.7714 test_loss=0.6811 test_acc=0.7693
Round 321 | selected=[59, 53, 29, 97, 15, 41, 8, 52, 9, 10]
Round 321 | train_loss=0.6570 train_acc=0.7746 test_loss=0.6715 test_acc=0.7734
Round 322 | selected=[64, 27, 71, 18, 47, 35, 33, 74, 13, 43]
Round 322 | train_loss=0.6280 train_acc=0.7786 test_loss=0.6238 test_acc=0.7883
Round 323 | selected=[87, 9, 65, 74, 79, 95, 68, 57, 23, 97]
Round 323 | train_loss=0.6503 train_acc=0.7718 test_loss=0.6237 test_acc=0.7818
Round 324 | selected=[70, 79, 67, 45, 40, 54, 75, 36, 24, 51]
Round 324 | train_loss=0.6552 train_acc=0.7748 test_loss=0.6243 test_acc=0.7879
Round 325 | selected=[61, 55, 1, 25, 50, 8, 98, 86, 33, 70]
Round 325 | train_loss=0.6626 train_acc=0.7690 test_loss=0.6460 test_acc=0.7769
Round 326 | selected=[16, 41, 52, 36, 70, 17, 46, 53, 15, 11]
Round 326 | train_loss=0.6470 train_acc=0.7790 test_loss=0.6383 test_acc=0.7788
Round 327 | selected=[18, 8, 66, 72, 4, 89, 6, 22, 24, 79]
Round 327 | train_loss=0.6386 train_acc=0.7664 test_loss=0.7082 test_acc=0.7658
Round 328 | selected=[29, 97, 11, 94, 7, 78, 20, 98, 4, 56]
Round 328 | train_loss=0.6372 train_acc=0.7776 test_loss=0.6129 test_acc=0.7862
Round 329 | selected=[5, 51, 84, 77, 81, 48, 38, 4, 93, 22]
Round 329 | train_loss=0.6320 train_acc=0.7774 test_loss=0.7000 test_acc=0.7633
Round 330 | selected=[25, 59, 48, 13, 38, 44, 95, 15, 50, 76]
Round 330 | train_loss=0.6267 train_acc=0.7778 test_loss=0.6116 test_acc=0.7938
Round 331 | selected=[73, 30, 33, 26, 69, 32, 62, 57, 11, 27]
Round 331 | train_loss=0.6484 train_acc=0.7768 test_loss=0.6215 test_acc=0.7866
Round 332 | selected=[33, 69, 48, 80, 19, 75, 14, 17, 35, 13]
Round 332 | train_loss=0.5922 train_acc=0.7958 test_loss=0.6484 test_acc=0.7783
Round 333 | selected=[52, 33, 71, 76, 63, 57, 85, 96, 58, 88]
Round 333 | train_loss=0.6433 train_acc=0.7808 test_loss=0.6424 test_acc=0.7829
Round 334 | selected=[30, 82, 24, 50, 10, 71, 11, 85, 21, 36]
Round 334 | train_loss=0.6550 train_acc=0.7696 test_loss=0.6130 test_acc=0.7856
Round 335 | selected=[38, 58, 44, 18, 32, 88, 75, 78, 22, 42]
Round 335 | train_loss=0.6509 train_acc=0.7716 test_loss=0.6161 test_acc=0.7882
Round 336 | selected=[67, 45, 87, 37, 74, 95, 30, 76, 34, 27]
Round 336 | train_loss=0.6236 train_acc=0.7738 test_loss=0.6610 test_acc=0.7772
Round 337 | selected=[66, 13, 43, 42, 37, 2, 97, 35, 79, 38]
Round 337 | train_loss=0.6012 train_acc=0.7870 test_loss=0.6053 test_acc=0.7932
Round 338 | selected=[36, 58, 25, 46, 22, 73, 76, 26, 0, 79]
Round 338 | train_loss=0.6375 train_acc=0.7784 test_loss=0.6062 test_acc=0.7896
Round 339 | selected=[88, 72, 10, 23, 22, 8, 52, 0, 93, 5]
Round 339 | train_loss=0.6316 train_acc=0.7810 test_loss=0.5955 test_acc=0.7962
Round 340 | selected=[16, 2, 65, 33, 43, 31, 61, 75, 95, 7]
Round 340 | train_loss=0.6294 train_acc=0.7804 test_loss=0.6323 test_acc=0.7860
Round 341 | selected=[22, 53, 1, 49, 64, 83, 93, 46, 5, 45]
Round 341 | train_loss=0.6199 train_acc=0.7838 test_loss=0.6266 test_acc=0.7884
Round 342 | selected=[6, 26, 29, 10, 86, 82, 50, 95, 56, 21]
Round 342 | train_loss=0.6321 train_acc=0.7792 test_loss=0.6663 test_acc=0.7780
Round 343 | selected=[31, 10, 28, 40, 93, 79, 88, 0, 69, 72]
Round 343 | train_loss=0.6427 train_acc=0.7798 test_loss=0.5981 test_acc=0.7975
Round 344 | selected=[29, 0, 96, 5, 15, 89, 6, 11, 62, 34]
Round 344 | train_loss=0.6186 train_acc=0.7844 test_loss=0.6089 test_acc=0.7901
Round 345 | selected=[7, 82, 42, 57, 92, 60, 33, 66, 99, 76]
Round 345 | train_loss=0.6310 train_acc=0.7812 test_loss=0.6110 test_acc=0.7936
Round 346 | selected=[4, 0, 35, 44, 49, 36, 72, 92, 31, 17]
Round 346 | train_loss=0.6266 train_acc=0.7804 test_loss=0.6076 test_acc=0.7943
Round 347 | selected=[34, 52, 90, 33, 25, 95, 78, 43, 83, 35]
Round 347 | train_loss=0.6016 train_acc=0.7932 test_loss=0.5863 test_acc=0.7984
Round 348 | selected=[69, 0, 84, 83, 38, 1, 11, 14, 77, 19]
Round 348 | train_loss=0.6243 train_acc=0.7810 test_loss=0.5951 test_acc=0.7961
Round 349 | selected=[69, 63, 98, 65, 43, 99, 71, 96, 19, 5]
Round 349 | train_loss=0.5750 train_acc=0.8044 test_loss=0.6063 test_acc=0.7928
Round 350 | selected=[33, 84, 54, 79, 8, 56, 12, 95, 59, 49]
Round 350 | train_loss=0.6041 train_acc=0.7858 test_loss=0.6138 test_acc=0.7889
Round 351 | selected=[82, 48, 7, 99, 89, 71, 40, 83, 5, 67]
Round 351 | train_loss=0.6262 train_acc=0.7870 test_loss=0.6608 test_acc=0.7794
Round 352 | selected=[73, 99, 4, 45, 26, 95, 70, 34, 78, 82]
Round 352 | train_loss=0.6302 train_acc=0.7744 test_loss=0.5955 test_acc=0.7970
Round 353 | selected=[55, 90, 51, 72, 0, 44, 28, 19, 85, 49]
Round 353 | train_loss=0.6041 train_acc=0.7840 test_loss=0.6046 test_acc=0.7897
Round 354 | selected=[90, 15, 82, 98, 80, 51, 42, 71, 10, 58]
Round 354 | train_loss=0.6033 train_acc=0.7834 test_loss=0.5855 test_acc=0.7983
Round 355 | selected=[53, 88, 1, 75, 70, 91, 87, 35, 51, 68]
Round 355 | train_loss=0.6036 train_acc=0.7884 test_loss=0.5914 test_acc=0.7961
Round 356 | selected=[80, 43, 32, 94, 27, 61, 69, 17, 71, 36]
Round 356 | train_loss=0.6175 train_acc=0.7830 test_loss=0.6223 test_acc=0.7889
Round 357 | selected=[61, 19, 30, 31, 38, 99, 3, 64, 36, 7]
Round 357 | train_loss=0.6161 train_acc=0.7800 test_loss=0.6065 test_acc=0.7922
Round 358 | selected=[33, 92, 3, 23, 19, 22, 83, 62, 38, 70]
Round 358 | train_loss=0.5899 train_acc=0.7902 test_loss=0.5946 test_acc=0.7981
Round 359 | selected=[84, 33, 94, 19, 31, 57, 43, 73, 35, 32]
Round 359 | train_loss=0.6003 train_acc=0.7886 test_loss=0.5979 test_acc=0.7974
Round 360 | selected=[44, 87, 52, 29, 58, 57, 60, 40, 72, 82]
Round 360 | train_loss=0.6149 train_acc=0.7896 test_loss=0.6008 test_acc=0.7897
Round 361 | selected=[22, 95, 67, 89, 4, 75, 31, 8, 53, 1]
Round 361 | train_loss=0.5922 train_acc=0.7954 test_loss=0.6285 test_acc=0.7888
Round 362 | selected=[85, 31, 1, 26, 88, 53, 37, 57, 95, 9]
Round 362 | train_loss=0.6085 train_acc=0.7886 test_loss=0.5727 test_acc=0.8047
Round 363 | selected=[90, 80, 88, 6, 37, 33, 60, 84, 64, 32]
Round 363 | train_loss=0.5794 train_acc=0.7960 test_loss=0.6071 test_acc=0.7895
Round 364 | selected=[89, 51, 39, 85, 69, 68, 18, 57, 49, 71]
Round 364 | train_loss=0.5815 train_acc=0.7860 test_loss=0.5868 test_acc=0.8009
Round 365 | selected=[89, 54, 97, 58, 49, 83, 29, 0, 74, 7]
Round 365 | train_loss=0.6014 train_acc=0.7908 test_loss=0.5870 test_acc=0.8000
Round 366 | selected=[27, 13, 20, 96, 58, 21, 51, 70, 8, 34]
Round 366 | train_loss=0.6036 train_acc=0.7858 test_loss=0.5912 test_acc=0.8006
Round 367 | selected=[63, 0, 10, 54, 85, 3, 94, 83, 28, 73]
Round 367 | train_loss=0.6109 train_acc=0.7870 test_loss=0.5824 test_acc=0.8011
Round 368 | selected=[38, 26, 28, 4, 80, 33, 87, 81, 34, 25]
Round 368 | train_loss=0.6023 train_acc=0.7834 test_loss=0.5842 test_acc=0.8025
Round 369 | selected=[86, 5, 0, 18, 41, 47, 49, 80, 10, 68]
Round 369 | train_loss=0.5832 train_acc=0.7950 test_loss=0.5796 test_acc=0.8028
Round 370 | selected=[47, 82, 1, 0, 83, 66, 52, 62, 68, 94]
Round 370 | train_loss=0.5728 train_acc=0.8020 test_loss=0.5941 test_acc=0.7990
Round 371 | selected=[39, 14, 71, 13, 75, 2, 34, 26, 37, 21]
Round 371 | train_loss=0.5963 train_acc=0.7878 test_loss=0.6134 test_acc=0.7879
Round 372 | selected=[28, 90, 25, 83, 36, 32, 74, 87, 14, 30]
Round 372 | train_loss=0.5994 train_acc=0.7946 test_loss=0.5846 test_acc=0.8011
Round 373 | selected=[53, 26, 24, 0, 28, 66, 58, 9, 22, 74]
Round 373 | train_loss=0.5924 train_acc=0.7928 test_loss=0.5794 test_acc=0.8004
Round 374 | selected=[73, 56, 29, 51, 65, 62, 9, 16, 97, 48]
Round 374 | train_loss=0.5775 train_acc=0.7966 test_loss=0.5756 test_acc=0.8037
Round 375 | selected=[53, 66, 63, 32, 48, 95, 70, 81, 5, 2]
Round 375 | train_loss=0.5672 train_acc=0.8002 test_loss=0.5996 test_acc=0.7997
Round 376 | selected=[51, 27, 69, 85, 38, 74, 26, 90, 24, 16]
Round 376 | train_loss=0.6020 train_acc=0.7848 test_loss=0.6183 test_acc=0.7925
Round 377 | selected=[10, 83, 60, 57, 89, 91, 42, 46, 82, 53]
Round 377 | train_loss=0.5791 train_acc=0.7980 test_loss=0.5851 test_acc=0.8049
Round 378 | selected=[0, 79, 2, 39, 88, 28, 63, 81, 1, 56]
Round 378 | train_loss=0.5617 train_acc=0.8018 test_loss=0.6006 test_acc=0.7995
Round 379 | selected=[19, 27, 16, 88, 7, 42, 65, 36, 97, 28]
Round 379 | train_loss=0.5598 train_acc=0.8058 test_loss=0.5732 test_acc=0.8063
Round 380 | selected=[40, 23, 7, 11, 53, 0, 60, 78, 95, 1]
Round 380 | train_loss=0.5777 train_acc=0.7980 test_loss=0.5885 test_acc=0.7990
Round 381 | selected=[97, 32, 19, 11, 34, 87, 49, 48, 83, 60]
Round 381 | train_loss=0.5669 train_acc=0.8032 test_loss=0.5842 test_acc=0.8023
Round 382 | selected=[63, 56, 31, 73, 42, 75, 14, 33, 76, 57]
Round 382 | train_loss=0.5725 train_acc=0.7988 test_loss=0.5856 test_acc=0.8014
Round 383 | selected=[22, 94, 51, 6, 1, 14, 90, 8, 0, 23]
Round 383 | train_loss=0.5601 train_acc=0.8066 test_loss=0.5755 test_acc=0.8035
Round 384 | selected=[92, 74, 51, 65, 67, 76, 59, 25, 72, 97]
Round 384 | train_loss=0.5672 train_acc=0.7978 test_loss=0.5965 test_acc=0.7956
Round 385 | selected=[94, 99, 12, 70, 59, 26, 31, 40, 84, 11]
Round 385 | train_loss=0.5581 train_acc=0.8032 test_loss=0.5642 test_acc=0.8098
Round 386 | selected=[37, 54, 88, 20, 94, 61, 43, 80, 4, 29]
Round 386 | train_loss=0.5842 train_acc=0.7942 test_loss=0.5636 test_acc=0.8102
Round 387 | selected=[66, 16, 80, 70, 1, 36, 90, 56, 65, 9]
Round 387 | train_loss=0.6016 train_acc=0.7912 test_loss=0.5806 test_acc=0.8024
Round 388 | selected=[24, 63, 91, 99, 53, 43, 62, 47, 55, 70]
Round 388 | train_loss=0.5527 train_acc=0.8084 test_loss=0.5765 test_acc=0.8051
Round 389 | selected=[65, 21, 41, 35, 20, 40, 22, 78, 15, 32]
Round 389 | train_loss=0.5813 train_acc=0.7962 test_loss=0.6065 test_acc=0.8003
Round 390 | selected=[72, 45, 76, 80, 93, 54, 20, 49, 86, 64]
Round 390 | train_loss=0.5773 train_acc=0.7968 test_loss=0.5853 test_acc=0.8040
Round 391 | selected=[49, 29, 34, 35, 63, 18, 3, 44, 96, 24]
Round 391 | train_loss=0.5870 train_acc=0.7954 test_loss=0.5676 test_acc=0.8048
Round 392 | selected=[12, 31, 21, 78, 84, 40, 33, 91, 19, 14]
Round 392 | train_loss=0.5484 train_acc=0.8118 test_loss=0.6058 test_acc=0.7981
Round 393 | selected=[82, 87, 56, 39, 27, 64, 84, 78, 1, 98]
Round 393 | train_loss=0.5648 train_acc=0.8038 test_loss=0.5855 test_acc=0.8055
Round 394 | selected=[67, 40, 92, 19, 77, 72, 81, 0, 34, 15]
Round 394 | train_loss=0.5821 train_acc=0.8022 test_loss=0.5824 test_acc=0.8024
Round 395 | selected=[62, 65, 34, 49, 47, 97, 66, 12, 45, 26]
Round 395 | train_loss=0.5498 train_acc=0.8054 test_loss=0.5764 test_acc=0.8068
Round 396 | selected=[66, 74, 94, 5, 93, 60, 2, 75, 22, 85]
Round 396 | train_loss=0.5754 train_acc=0.7970 test_loss=0.6447 test_acc=0.7868
Round 397 | selected=[13, 37, 42, 93, 58, 54, 9, 50, 75, 35]
Round 397 | train_loss=0.5939 train_acc=0.7900 test_loss=0.5613 test_acc=0.8117
Round 398 | selected=[42, 70, 13, 45, 43, 32, 17, 22, 87, 50]
Round 398 | train_loss=0.5566 train_acc=0.8052 test_loss=0.5814 test_acc=0.8067
Round 399 | selected=[88, 56, 36, 70, 41, 44, 39, 46, 93, 37]
Round 399 | train_loss=0.5932 train_acc=0.7950 test_loss=0.5744 test_acc=0.8030
Round 400 | selected=[14, 99, 3, 21, 87, 38, 86, 93, 94, 67]
Round 400 | train_loss=0.5735 train_acc=0.8026 test_loss=0.5937 test_acc=0.8029
Round 401 | selected=[1, 76, 41, 84, 67, 55, 70, 56, 37, 31]
Round 401 | train_loss=0.5659 train_acc=0.8048 test_loss=0.5915 test_acc=0.8011
Round 402 | selected=[88, 97, 80, 43, 56, 12, 0, 54, 93, 72]
Round 402 | train_loss=0.5438 train_acc=0.8106 test_loss=0.5750 test_acc=0.8036
Round 403 | selected=[22, 53, 57, 86, 56, 68, 21, 47, 74, 73]
Round 403 | train_loss=0.5573 train_acc=0.8024 test_loss=0.5717 test_acc=0.8074
Round 404 | selected=[94, 54, 73, 95, 3, 36, 4, 64, 45, 29]
Round 404 | train_loss=0.5555 train_acc=0.8102 test_loss=0.5602 test_acc=0.8099
Round 405 | selected=[58, 21, 63, 16, 73, 93, 30, 70, 34, 54]
Round 405 | train_loss=0.5847 train_acc=0.7946 test_loss=0.5936 test_acc=0.8022
Round 406 | selected=[55, 81, 49, 89, 16, 50, 27, 76, 99, 79]
Round 406 | train_loss=0.5412 train_acc=0.8108 test_loss=0.5885 test_acc=0.8002
Round 407 | selected=[18, 99, 11, 35, 91, 70, 7, 23, 46, 65]
Round 407 | train_loss=0.5646 train_acc=0.8028 test_loss=0.5599 test_acc=0.8098
Round 408 | selected=[55, 23, 60, 78, 67, 48, 56, 59, 45, 8]
Round 408 | train_loss=0.5273 train_acc=0.8134 test_loss=0.5556 test_acc=0.8106
Round 409 | selected=[51, 34, 37, 11, 22, 88, 86, 77, 56, 79]
Round 409 | train_loss=0.5402 train_acc=0.8084 test_loss=0.5836 test_acc=0.8022
Round 410 | selected=[59, 47, 34, 27, 45, 11, 51, 14, 42, 46]
Round 410 | train_loss=0.5198 train_acc=0.8212 test_loss=0.5501 test_acc=0.8089
Round 411 | selected=[20, 97, 55, 64, 75, 63, 15, 95, 35, 13]
Round 411 | train_loss=0.5465 train_acc=0.8098 test_loss=0.5680 test_acc=0.8100
Round 412 | selected=[0, 12, 32, 63, 14, 50, 94, 21, 54, 52]
Round 412 | train_loss=0.5528 train_acc=0.8020 test_loss=0.5708 test_acc=0.8081
Round 413 | selected=[52, 85, 22, 3, 14, 19, 49, 47, 98, 1]
Round 413 | train_loss=0.5359 train_acc=0.8122 test_loss=0.5799 test_acc=0.8062
Round 414 | selected=[53, 83, 96, 50, 57, 93, 87, 44, 95, 85]
Round 414 | train_loss=0.5564 train_acc=0.8088 test_loss=0.5661 test_acc=0.8133
Round 415 | selected=[55, 24, 30, 66, 43, 39, 44, 33, 90, 8]
Round 415 | train_loss=0.5304 train_acc=0.8116 test_loss=0.5699 test_acc=0.8079
Round 416 | selected=[84, 92, 44, 13, 91, 28, 74, 58, 96, 72]
Round 416 | train_loss=0.5695 train_acc=0.7982 test_loss=0.5477 test_acc=0.8132
Round 417 | selected=[11, 67, 2, 85, 28, 87, 82, 5, 59, 68]
Round 417 | train_loss=0.5514 train_acc=0.8080 test_loss=0.5553 test_acc=0.8111
Round 418 | selected=[85, 39, 80, 93, 96, 82, 41, 60, 81, 25]
Round 418 | train_loss=0.5613 train_acc=0.8044 test_loss=0.5670 test_acc=0.8085
Round 419 | selected=[18, 8, 87, 33, 55, 95, 64, 74, 62, 31]
Round 419 | train_loss=0.5413 train_acc=0.8142 test_loss=0.5764 test_acc=0.8067
Round 420 | selected=[97, 74, 13, 77, 54, 18, 72, 86, 67, 63]
Round 420 | train_loss=0.5448 train_acc=0.8118 test_loss=0.5631 test_acc=0.8119
Round 421 | selected=[77, 16, 23, 27, 98, 37, 33, 88, 67, 40]
Round 421 | train_loss=0.5553 train_acc=0.8108 test_loss=0.5574 test_acc=0.8136
Round 422 | selected=[25, 88, 81, 31, 72, 96, 26, 69, 94, 36]
Round 422 | train_loss=0.5463 train_acc=0.8134 test_loss=0.5349 test_acc=0.8190
Round 423 | selected=[75, 89, 24, 37, 5, 67, 48, 21, 59, 99]
Round 423 | train_loss=0.5284 train_acc=0.8156 test_loss=0.5845 test_acc=0.8049
Round 424 | selected=[80, 52, 4, 99, 67, 96, 60, 20, 93, 32]
Round 424 | train_loss=0.5231 train_acc=0.8188 test_loss=0.6168 test_acc=0.7993
Round 425 | selected=[48, 2, 25, 0, 77, 76, 58, 73, 24, 35]
Round 425 | train_loss=0.5507 train_acc=0.8092 test_loss=0.6006 test_acc=0.7987
Round 426 | selected=[15, 63, 75, 85, 80, 47, 93, 69, 54, 68]
Round 426 | train_loss=0.5434 train_acc=0.8120 test_loss=0.5694 test_acc=0.8140
Round 427 | selected=[14, 27, 90, 69, 13, 53, 19, 76, 93, 39]
Round 427 | train_loss=0.5256 train_acc=0.8142 test_loss=0.5438 test_acc=0.8199
Round 428 | selected=[96, 63, 38, 81, 43, 83, 99, 18, 53, 37]
Round 428 | train_loss=0.5360 train_acc=0.8116 test_loss=0.5452 test_acc=0.8177
Round 429 | selected=[29, 18, 25, 69, 89, 73, 31, 16, 5, 54]
Round 429 | train_loss=0.5360 train_acc=0.8156 test_loss=0.5688 test_acc=0.8129
Round 430 | selected=[29, 60, 98, 53, 28, 69, 54, 38, 96, 67]
Round 430 | train_loss=0.5147 train_acc=0.8222 test_loss=0.5401 test_acc=0.8162
Round 431 | selected=[40, 64, 45, 59, 56, 6, 55, 62, 7, 91]
Round 431 | train_loss=0.5005 train_acc=0.8300 test_loss=0.5461 test_acc=0.8130
Round 432 | selected=[75, 14, 87, 72, 3, 38, 24, 49, 76, 16]
Round 432 | train_loss=0.5304 train_acc=0.8126 test_loss=0.5642 test_acc=0.8122
Round 433 | selected=[62, 0, 71, 32, 10, 13, 84, 20, 99, 26]
Round 433 | train_loss=0.5607 train_acc=0.8092 test_loss=0.5603 test_acc=0.8148
Round 434 | selected=[28, 61, 82, 92, 72, 18, 15, 47, 87, 11]
Round 434 | train_loss=0.5384 train_acc=0.8138 test_loss=0.5706 test_acc=0.8082
Round 435 | selected=[82, 0, 77, 4, 65, 13, 99, 11, 30, 43]
Round 435 | train_loss=0.4906 train_acc=0.8282 test_loss=0.5721 test_acc=0.8067
Round 436 | selected=[67, 10, 73, 65, 20, 47, 24, 90, 92, 91]
Round 436 | train_loss=0.5211 train_acc=0.8188 test_loss=0.5473 test_acc=0.8155
Round 437 | selected=[49, 23, 34, 82, 80, 2, 67, 93, 42, 14]
Round 437 | train_loss=0.5310 train_acc=0.8130 test_loss=0.5510 test_acc=0.8140
Round 438 | selected=[6, 60, 46, 3, 89, 1, 91, 47, 88, 72]
Round 438 | train_loss=0.5114 train_acc=0.8216 test_loss=0.5330 test_acc=0.8212
Round 439 | selected=[51, 79, 59, 7, 4, 72, 10, 71, 16, 1]
Round 439 | train_loss=0.5144 train_acc=0.8222 test_loss=0.5631 test_acc=0.8084
Round 440 | selected=[43, 59, 74, 90, 53, 26, 38, 86, 48, 2]
Round 440 | train_loss=0.5077 train_acc=0.8240 test_loss=0.5460 test_acc=0.8143
Round 441 | selected=[78, 79, 24, 1, 87, 61, 33, 85, 54, 96]
Round 441 | train_loss=0.5373 train_acc=0.8126 test_loss=0.5467 test_acc=0.8204
Round 442 | selected=[50, 29, 11, 71, 20, 9, 85, 67, 2, 42]
Round 442 | train_loss=0.5174 train_acc=0.8152 test_loss=0.5392 test_acc=0.8171
Round 443 | selected=[97, 7, 81, 6, 39, 34, 76, 65, 84, 17]
Round 443 | train_loss=0.5278 train_acc=0.8122 test_loss=0.5315 test_acc=0.8191
Round 444 | selected=[23, 68, 64, 41, 17, 51, 34, 78, 12, 57]
Round 444 | train_loss=0.5293 train_acc=0.8220 test_loss=0.5669 test_acc=0.8107
Round 445 | selected=[18, 10, 28, 70, 45, 4, 60, 49, 58, 8]
Round 445 | train_loss=0.5352 train_acc=0.8104 test_loss=0.5578 test_acc=0.8161
Round 446 | selected=[47, 51, 45, 62, 53, 80, 22, 0, 83, 96]
Round 446 | train_loss=0.5038 train_acc=0.8218 test_loss=0.5688 test_acc=0.8072
Round 447 | selected=[60, 45, 43, 88, 29, 46, 67, 25, 74, 51]
Round 447 | train_loss=0.5209 train_acc=0.8174 test_loss=0.5305 test_acc=0.8226
Round 448 | selected=[86, 26, 20, 74, 45, 82, 94, 33, 81, 58]
Round 448 | train_loss=0.5286 train_acc=0.8228 test_loss=0.5487 test_acc=0.8143
Round 449 | selected=[86, 78, 90, 22, 24, 39, 5, 77, 4, 71]
Round 449 | train_loss=0.5079 train_acc=0.8226 test_loss=0.5819 test_acc=0.8087
Round 450 | selected=[84, 1, 17, 43, 94, 12, 76, 46, 80, 66]
Round 450 | train_loss=0.5339 train_acc=0.8138 test_loss=0.5562 test_acc=0.8150
Round 451 | selected=[60, 69, 13, 97, 79, 39, 4, 19, 94, 46]
Round 451 | train_loss=0.4866 train_acc=0.8302 test_loss=0.5744 test_acc=0.8097
Round 452 | selected=[77, 45, 56, 97, 1, 59, 14, 89, 21, 85]
Round 452 | train_loss=0.4998 train_acc=0.8232 test_loss=0.5463 test_acc=0.8149
Round 453 | selected=[90, 48, 83, 53, 95, 14, 67, 60, 29, 69]
Round 453 | train_loss=0.4956 train_acc=0.8262 test_loss=0.5436 test_acc=0.8166
Round 454 | selected=[89, 93, 2, 74, 64, 62, 13, 15, 68, 1]
Round 454 | train_loss=0.5191 train_acc=0.8190 test_loss=0.5331 test_acc=0.8191
Round 455 | selected=[61, 85, 10, 66, 62, 43, 98, 37, 91, 30]
Round 455 | train_loss=0.5303 train_acc=0.8140 test_loss=0.5359 test_acc=0.8173
Round 456 | selected=[45, 87, 41, 25, 34, 18, 33, 11, 39, 83]
Round 456 | train_loss=0.5275 train_acc=0.8168 test_loss=0.5548 test_acc=0.8123
Round 457 | selected=[86, 23, 31, 68, 55, 17, 15, 97, 43, 4]
Round 457 | train_loss=0.5096 train_acc=0.8180 test_loss=0.6099 test_acc=0.7983
Round 458 | selected=[67, 90, 85, 55, 16, 37, 75, 66, 92, 53]
Round 458 | train_loss=0.5342 train_acc=0.8170 test_loss=0.5665 test_acc=0.8107
Round 459 | selected=[49, 26, 79, 37, 92, 63, 55, 90, 99, 22]
Round 459 | train_loss=0.5191 train_acc=0.8194 test_loss=0.5483 test_acc=0.8178
Round 460 | selected=[70, 97, 61, 88, 4, 64, 86, 22, 31, 29]
Round 460 | train_loss=0.4979 train_acc=0.8290 test_loss=0.5317 test_acc=0.8212
Round 461 | selected=[70, 40, 21, 10, 3, 68, 37, 83, 1, 98]
Round 461 | train_loss=0.5055 train_acc=0.8302 test_loss=0.5379 test_acc=0.8177
Round 462 | selected=[15, 96, 85, 22, 99, 84, 51, 55, 1, 28]
Round 462 | train_loss=0.4908 train_acc=0.8306 test_loss=0.5371 test_acc=0.8223
Round 463 | selected=[53, 45, 91, 54, 6, 24, 7, 16, 67, 97]
Round 463 | train_loss=0.4651 train_acc=0.8378 test_loss=0.5506 test_acc=0.8157
Round 464 | selected=[35, 71, 4, 89, 80, 52, 44, 36, 42, 11]
Round 464 | train_loss=0.5173 train_acc=0.8230 test_loss=0.5557 test_acc=0.8189
Round 465 | selected=[86, 1, 57, 68, 31, 74, 88, 20, 21, 91]
Round 465 | train_loss=0.4912 train_acc=0.8280 test_loss=0.5484 test_acc=0.8151
Round 466 | selected=[76, 52, 42, 1, 80, 10, 88, 58, 95, 8]
Round 466 | train_loss=0.5014 train_acc=0.8306 test_loss=0.5244 test_acc=0.8248
Round 467 | selected=[17, 25, 53, 69, 83, 98, 3, 7, 21, 87]
Round 467 | train_loss=0.5067 train_acc=0.8262 test_loss=0.5628 test_acc=0.8137
Round 468 | selected=[30, 99, 10, 33, 74, 59, 14, 25, 32, 86]
Round 468 | train_loss=0.4801 train_acc=0.8322 test_loss=0.5439 test_acc=0.8187
Round 469 | selected=[70, 75, 76, 19, 21, 90, 66, 14, 82, 33]
Round 469 | train_loss=0.4906 train_acc=0.8268 test_loss=0.5509 test_acc=0.8181
Round 470 | selected=[78, 83, 38, 49, 53, 81, 37, 76, 31, 4]
Round 470 | train_loss=0.4821 train_acc=0.8338 test_loss=0.6228 test_acc=0.8027
Round 471 | selected=[26, 61, 25, 15, 39, 66, 71, 72, 1, 40]
Round 471 | train_loss=0.5263 train_acc=0.8164 test_loss=0.5791 test_acc=0.8142
Round 472 | selected=[29, 8, 95, 0, 51, 62, 73, 68, 61, 24]
Round 472 | train_loss=0.4956 train_acc=0.8300 test_loss=0.5410 test_acc=0.8175
Round 473 | selected=[95, 28, 49, 83, 11, 31, 1, 65, 63, 74]
Round 473 | train_loss=0.4885 train_acc=0.8240 test_loss=0.5116 test_acc=0.8295
Round 474 | selected=[48, 42, 71, 63, 36, 57, 13, 35, 92, 60]
Round 474 | train_loss=0.5284 train_acc=0.8154 test_loss=0.5302 test_acc=0.8235
Round 475 | selected=[56, 25, 10, 83, 37, 92, 66, 33, 81, 73]
Round 475 | train_loss=0.5106 train_acc=0.8254 test_loss=0.5189 test_acc=0.8282
Round 476 | selected=[1, 30, 64, 48, 82, 69, 60, 3, 78, 73]
Round 476 | train_loss=0.5033 train_acc=0.8248 test_loss=0.5276 test_acc=0.8273
Round 477 | selected=[91, 93, 20, 17, 87, 23, 0, 3, 53, 67]
Round 477 | train_loss=0.5022 train_acc=0.8264 test_loss=0.5496 test_acc=0.8199
Round 478 | selected=[31, 74, 30, 23, 58, 78, 20, 5, 56, 6]
Round 478 | train_loss=0.4909 train_acc=0.8218 test_loss=0.5531 test_acc=0.8159
Round 479 | selected=[99, 21, 45, 30, 93, 85, 58, 97, 56, 13]
Round 479 | train_loss=0.4788 train_acc=0.8212 test_loss=0.5524 test_acc=0.8178
Round 480 | selected=[62, 29, 37, 54, 51, 93, 33, 59, 4, 16]
Round 480 | train_loss=0.4856 train_acc=0.8298 test_loss=0.5133 test_acc=0.8271
Round 481 | selected=[63, 58, 57, 77, 98, 21, 18, 1, 24, 5]
Round 481 | train_loss=0.5219 train_acc=0.8168 test_loss=0.6173 test_acc=0.8021
Round 482 | selected=[51, 31, 14, 17, 13, 45, 70, 89, 63, 48]
Round 482 | train_loss=0.4859 train_acc=0.8216 test_loss=0.5312 test_acc=0.8204
Round 483 | selected=[73, 39, 8, 94, 58, 98, 10, 29, 31, 95]
Round 483 | train_loss=0.5055 train_acc=0.8280 test_loss=0.5434 test_acc=0.8222
Round 484 | selected=[96, 98, 50, 32, 25, 12, 59, 69, 87, 15]
Round 484 | train_loss=0.4966 train_acc=0.8292 test_loss=0.5735 test_acc=0.8057
Round 485 | selected=[56, 25, 32, 19, 10, 77, 80, 88, 94, 2]
Round 485 | train_loss=0.4832 train_acc=0.8344 test_loss=0.5260 test_acc=0.8238
Round 486 | selected=[65, 46, 32, 58, 95, 92, 23, 52, 18, 75]
Round 486 | train_loss=0.5104 train_acc=0.8274 test_loss=0.5529 test_acc=0.8171
Round 487 | selected=[45, 85, 58, 0, 93, 42, 8, 13, 52, 88]
Round 487 | train_loss=0.4910 train_acc=0.8304 test_loss=0.5372 test_acc=0.8184
Round 488 | selected=[19, 7, 9, 50, 56, 93, 53, 31, 22, 8]
Round 488 | train_loss=0.4692 train_acc=0.8358 test_loss=0.5391 test_acc=0.8219
Round 489 | selected=[95, 10, 58, 52, 94, 88, 68, 87, 50, 59]
Round 489 | train_loss=0.4648 train_acc=0.8410 test_loss=0.5230 test_acc=0.8278
Round 490 | selected=[1, 53, 82, 11, 36, 5, 95, 24, 42, 56]
Round 490 | train_loss=0.4849 train_acc=0.8312 test_loss=0.5351 test_acc=0.8237
Round 491 | selected=[91, 41, 85, 48, 45, 46, 6, 99, 1, 92]
Round 491 | train_loss=0.4986 train_acc=0.8298 test_loss=0.5271 test_acc=0.8240
Round 492 | selected=[88, 56, 24, 98, 58, 26, 70, 13, 9, 99]
Round 492 | train_loss=0.4735 train_acc=0.8320 test_loss=0.5345 test_acc=0.8244
Round 493 | selected=[39, 62, 79, 46, 91, 78, 7, 19, 51, 18]
Round 493 | train_loss=0.4895 train_acc=0.8308 test_loss=0.5542 test_acc=0.8172
Round 494 | selected=[12, 31, 21, 40, 68, 17, 97, 50, 26, 80]
Round 494 | train_loss=0.4898 train_acc=0.8262 test_loss=0.5221 test_acc=0.8259
Round 495 | selected=[14, 84, 21, 22, 19, 43, 54, 29, 59, 94]
Round 495 | train_loss=0.4609 train_acc=0.8356 test_loss=0.5317 test_acc=0.8201
Round 496 | selected=[10, 42, 74, 1, 3, 80, 13, 61, 77, 16]
Round 496 | train_loss=0.4762 train_acc=0.8300 test_loss=0.5258 test_acc=0.8281
Round 497 | selected=[31, 17, 59, 7, 29, 85, 37, 87, 22, 64]
Round 497 | train_loss=0.4617 train_acc=0.8384 test_loss=0.5160 test_acc=0.8261
Round 498 | selected=[70, 87, 92, 69, 10, 34, 7, 68, 6, 67]
Round 498 | train_loss=0.4719 train_acc=0.8360 test_loss=0.5155 test_acc=0.8313
Round 499 | selected=[73, 71, 28, 27, 36, 64, 24, 55, 86, 7]
Round 499 | train_loss=0.4985 train_acc=0.8268 test_loss=0.5313 test_acc=0.8233
Round 500 | selected=[52, 95, 60, 97, 91, 69, 44, 93, 76, 3]
Round 500 | train_loss=0.4700 train_acc=0.8336 test_loss=0.5424 test_acc=0.8238
Saved: track1/results/cifar10/final_seed43/fedavg_iid_seed43.csv
COMPLETED: fedavg iid seed=43
