========================================
JOB:       12002271
TASK:      10
ALGORITHM: fedavgm
PARTITION: alpha03
SEED:      42
GPU:       0
========================================
Device: cuda
GPU: NVIDIA A100-SXM4-80GB
Round 0 | test_loss=3.2142 test_acc=0.1000
Round 1 | selected=[96, 71, 8, 60, 41, 94, 68, 9, 19, 82]
Round 1 | train_loss=1.7763 train_acc=0.3836 test_loss=2.3191 test_acc=0.1293
Round 2 | selected=[75, 39, 34, 62, 81, 17, 40, 46, 54, 88]
Round 2 | train_loss=1.6504 train_acc=0.4730 test_loss=2.3957 test_acc=0.1358
Round 3 | selected=[66, 71, 25, 44, 34, 15, 58, 89, 95, 6]
Round 3 | train_loss=1.6370 train_acc=0.4614 test_loss=2.8135 test_acc=0.1889
Round 4 | selected=[93, 40, 70, 32, 63, 68, 35, 90, 14, 86]
Round 4 | train_loss=1.8245 train_acc=0.4612 test_loss=2.6768 test_acc=0.2187
Round 5 | selected=[70, 81, 20, 62, 89, 98, 41, 15, 52, 30]
Round 5 | train_loss=1.9369 train_acc=0.4772 test_loss=3.5884 test_acc=0.1490
Round 6 | selected=[63, 26, 0, 19, 22, 13, 59, 79, 99, 78]
Round 6 | train_loss=1.8261 train_acc=0.5170 test_loss=9.1216 test_acc=0.1427
Round 7 | selected=[23, 65, 52, 3, 42, 13, 47, 46, 10, 64]
Round 7 | train_loss=2.3099 train_acc=0.4496 test_loss=8.4592 test_acc=0.2243
Round 8 | selected=[33, 56, 28, 96, 27, 73, 50, 42, 21, 2]
Round 8 | train_loss=1.7898 train_acc=0.4442 test_loss=15.2244 test_acc=0.1530
Round 9 | selected=[76, 40, 66, 48, 83, 27, 53, 98, 62, 11]
Round 9 | train_loss=2.2361 train_acc=0.4428 test_loss=19.3291 test_acc=0.1024
Round 10 | selected=[15, 88, 49, 93, 8, 67, 65, 68, 43, 70]
Round 10 | train_loss=2.3685 train_acc=0.3550 test_loss=7.5811 test_acc=0.1628
Round 11 | selected=[33, 62, 8, 11, 57, 56, 91, 96, 98, 34]
Round 11 | train_loss=1.7331 train_acc=0.4818 test_loss=5.7722 test_acc=0.1882
Round 12 | selected=[70, 26, 66, 95, 7, 9, 42, 74, 24, 44]
Round 12 | train_loss=2.2123 train_acc=0.3020 test_loss=4.0400 test_acc=0.2216
Round 13 | selected=[47, 70, 65, 43, 99, 49, 1, 16, 72, 80]
Round 13 | train_loss=1.9138 train_acc=0.3994 test_loss=4.1985 test_acc=0.1307
Round 14 | selected=[37, 64, 3, 16, 31, 14, 18, 46, 67, 72]
Round 14 | train_loss=1.9079 train_acc=0.4256 test_loss=3.8459 test_acc=0.1610
Round 15 | selected=[55, 14, 2, 48, 56, 31, 41, 40, 93, 28]
Round 15 | train_loss=2.0225 train_acc=0.3784 test_loss=3.5343 test_acc=0.1744
Round 16 | selected=[53, 44, 54, 32, 25, 85, 14, 50, 93, 77]
Round 16 | train_loss=2.0666 train_acc=0.3140 test_loss=2.1864 test_acc=0.2041
Round 17 | selected=[99, 29, 49, 12, 52, 64, 65, 11, 10, 28]
Round 17 | train_loss=1.9986 train_acc=0.3648 test_loss=2.3380 test_acc=0.2026
Round 18 | selected=[21, 83, 30, 22, 13, 89, 97, 53, 3, 36]
Round 18 | train_loss=1.9322 train_acc=0.3592 test_loss=2.9281 test_acc=0.2199
Round 19 | selected=[52, 47, 4, 89, 94, 56, 17, 16, 24, 84]
Round 19 | train_loss=2.2181 train_acc=0.2932 test_loss=2.7020 test_acc=0.2154
Round 20 | selected=[49, 45, 20, 2, 76, 81, 33, 83, 10, 30]
Round 20 | train_loss=1.8567 train_acc=0.3924 test_loss=4.4358 test_acc=0.1997
Round 21 | selected=[98, 15, 22, 0, 11, 6, 3, 88, 86, 81]
Round 21 | train_loss=1.9376 train_acc=0.3768 test_loss=3.5259 test_acc=0.1978
Round 22 | selected=[48, 92, 30, 72, 47, 93, 42, 14, 91, 28]
Round 22 | train_loss=1.9469 train_acc=0.3552 test_loss=2.6016 test_acc=0.1926
Round 23 | selected=[86, 65, 85, 46, 19, 72, 55, 80, 40, 26]
Round 23 | train_loss=1.7975 train_acc=0.3966 test_loss=2.3403 test_acc=0.2309
Round 24 | selected=[91, 65, 7, 84, 49, 12, 47, 36, 28, 31]
Round 24 | train_loss=1.8957 train_acc=0.3686 test_loss=2.1482 test_acc=0.2573
Round 25 | selected=[13, 78, 9, 41, 0, 68, 72, 96, 95, 58]
Round 25 | train_loss=1.7180 train_acc=0.4192 test_loss=2.0520 test_acc=0.2572
Round 26 | selected=[71, 77, 46, 80, 24, 78, 27, 10, 62, 1]
Round 26 | train_loss=1.7365 train_acc=0.4304 test_loss=2.4169 test_acc=0.2188
Round 27 | selected=[26, 63, 86, 35, 40, 96, 37, 95, 88, 11]
Round 27 | train_loss=1.7530 train_acc=0.4166 test_loss=2.2786 test_acc=0.2323
Round 28 | selected=[35, 45, 88, 82, 6, 74, 57, 19, 9, 14]
Round 28 | train_loss=1.9651 train_acc=0.3564 test_loss=2.3920 test_acc=0.2529
Round 29 | selected=[2, 70, 93, 43, 11, 53, 14, 52, 5, 26]
Round 29 | train_loss=1.8033 train_acc=0.3944 test_loss=2.2334 test_acc=0.2787
Round 30 | selected=[92, 29, 98, 53, 70, 77, 84, 76, 47, 35]
Round 30 | train_loss=1.7700 train_acc=0.4294 test_loss=2.3562 test_acc=0.2447
Round 31 | selected=[4, 38, 89, 35, 0, 26, 88, 10, 51, 86]
Round 31 | train_loss=1.7136 train_acc=0.4138 test_loss=2.3925 test_acc=0.2238
Round 32 | selected=[22, 73, 56, 83, 93, 76, 98, 62, 30, 77]
Round 32 | train_loss=1.7977 train_acc=0.3750 test_loss=2.3158 test_acc=0.2005
Round 33 | selected=[24, 66, 36, 74, 77, 26, 62, 43, 78, 87]
Round 33 | train_loss=1.7065 train_acc=0.4366 test_loss=2.1209 test_acc=0.2000
Round 34 | selected=[69, 33, 23, 46, 36, 41, 31, 67, 17, 34]
Round 34 | train_loss=1.5933 train_acc=0.4826 test_loss=2.0590 test_acc=0.2473
Round 35 | selected=[19, 54, 46, 53, 79, 49, 89, 41, 62, 78]
Round 35 | train_loss=1.6748 train_acc=0.4354 test_loss=2.0026 test_acc=0.2616
Round 36 | selected=[12, 46, 80, 99, 59, 9, 86, 63, 91, 62]
Round 36 | train_loss=1.7930 train_acc=0.3930 test_loss=2.0980 test_acc=0.2255
Round 37 | selected=[55, 96, 73, 92, 77, 94, 42, 75, 37, 15]
Round 37 | train_loss=1.8488 train_acc=0.3316 test_loss=2.0713 test_acc=0.2397
Round 38 | selected=[72, 54, 15, 45, 11, 52, 0, 96, 51, 66]
Round 38 | train_loss=1.6821 train_acc=0.4392 test_loss=2.0758 test_acc=0.2350
Round 39 | selected=[76, 8, 93, 73, 64, 72, 68, 11, 47, 41]
Round 39 | train_loss=1.7696 train_acc=0.3662 test_loss=1.9725 test_acc=0.2757
Round 40 | selected=[51, 34, 15, 96, 30, 25, 74, 97, 69, 58]
Round 40 | train_loss=1.7922 train_acc=0.4086 test_loss=1.8723 test_acc=0.2664
Round 41 | selected=[87, 88, 46, 50, 34, 37, 74, 16, 13, 59]
Round 41 | train_loss=1.6130 train_acc=0.4540 test_loss=1.9251 test_acc=0.2696
Round 42 | selected=[3, 67, 57, 80, 59, 94, 45, 11, 54, 77]
Round 42 | train_loss=1.7942 train_acc=0.3746 test_loss=2.2531 test_acc=0.2279
Round 43 | selected=[88, 76, 1, 11, 40, 48, 71, 28, 53, 93]
Round 43 | train_loss=1.7563 train_acc=0.3754 test_loss=2.1930 test_acc=0.2711
Round 44 | selected=[2, 13, 63, 68, 92, 96, 61, 9, 97, 8]
Round 44 | train_loss=1.8546 train_acc=0.3654 test_loss=2.1824 test_acc=0.2876
Round 45 | selected=[99, 1, 0, 85, 3, 63, 27, 88, 73, 18]
Round 45 | train_loss=1.7542 train_acc=0.4126 test_loss=1.9796 test_acc=0.2722
Round 46 | selected=[22, 76, 98, 92, 5, 77, 62, 84, 11, 89]
Round 46 | train_loss=1.8228 train_acc=0.3652 test_loss=1.9014 test_acc=0.2854
Round 47 | selected=[70, 52, 50, 60, 15, 83, 46, 63, 8, 44]
Round 47 | train_loss=1.6989 train_acc=0.3956 test_loss=1.9700 test_acc=0.2559
Round 48 | selected=[21, 47, 59, 89, 0, 68, 56, 6, 5, 4]
Round 48 | train_loss=1.8443 train_acc=0.3268 test_loss=1.8895 test_acc=0.2699
Round 49 | selected=[34, 55, 75, 57, 62, 43, 24, 86, 90, 51]
Round 49 | train_loss=1.7611 train_acc=0.3352 test_loss=1.8125 test_acc=0.2931
Round 50 | selected=[23, 45, 60, 15, 69, 14, 63, 41, 50, 89]
Round 50 | train_loss=1.6704 train_acc=0.3934 test_loss=1.8177 test_acc=0.2834
Round 51 | selected=[96, 62, 8, 74, 57, 58, 41, 38, 40, 28]
Round 51 | train_loss=1.6428 train_acc=0.4280 test_loss=2.0115 test_acc=0.2594
Round 52 | selected=[9, 3, 27, 45, 38, 21, 44, 56, 35, 14]
Round 52 | train_loss=1.7684 train_acc=0.3820 test_loss=2.1673 test_acc=0.2590
Round 53 | selected=[61, 72, 31, 22, 52, 51, 41, 96, 18, 36]
Round 53 | train_loss=1.7364 train_acc=0.4088 test_loss=1.9320 test_acc=0.2881
Round 54 | selected=[67, 23, 48, 25, 38, 30, 50, 82, 45, 75]
Round 54 | train_loss=1.6568 train_acc=0.4398 test_loss=1.8932 test_acc=0.3257
Round 55 | selected=[6, 52, 30, 25, 70, 46, 16, 31, 7, 74]
Round 55 | train_loss=1.7897 train_acc=0.3908 test_loss=1.9175 test_acc=0.3064
Round 56 | selected=[94, 48, 13, 49, 62, 22, 55, 35, 11, 7]
Round 56 | train_loss=1.7974 train_acc=0.4090 test_loss=1.8573 test_acc=0.3236
Round 57 | selected=[68, 65, 20, 60, 52, 86, 74, 1, 35, 31]
Round 57 | train_loss=1.7092 train_acc=0.4390 test_loss=1.8989 test_acc=0.2810
Round 58 | selected=[44, 13, 84, 18, 49, 94, 62, 50, 78, 75]
Round 58 | train_loss=1.9015 train_acc=0.3452 test_loss=1.9414 test_acc=0.2720
Round 59 | selected=[91, 83, 4, 23, 62, 87, 17, 99, 28, 13]
Round 59 | train_loss=1.9878 train_acc=0.3144 test_loss=1.9933 test_acc=0.2873
Round 60 | selected=[81, 64, 22, 24, 79, 7, 80, 40, 54, 61]
Round 60 | train_loss=1.8944 train_acc=0.3212 test_loss=2.0094 test_acc=0.2587
Round 61 | selected=[46, 75, 68, 80, 86, 31, 51, 85, 94, 79]
Round 61 | train_loss=1.7263 train_acc=0.3794 test_loss=1.9885 test_acc=0.2610
Round 62 | selected=[79, 10, 50, 2, 30, 53, 46, 39, 49, 99]
Round 62 | train_loss=1.6280 train_acc=0.4658 test_loss=1.8278 test_acc=0.3009
Round 63 | selected=[14, 65, 59, 56, 30, 40, 2, 87, 23, 43]
Round 63 | train_loss=1.6559 train_acc=0.4270 test_loss=1.7707 test_acc=0.3145
Round 64 | selected=[73, 94, 89, 82, 98, 96, 45, 51, 57, 63]
Round 64 | train_loss=1.7732 train_acc=0.3736 test_loss=1.8148 test_acc=0.2869
Round 65 | selected=[46, 64, 93, 53, 41, 61, 75, 96, 98, 67]
Round 65 | train_loss=1.6304 train_acc=0.3952 test_loss=1.9114 test_acc=0.2831
Round 66 | selected=[75, 98, 31, 3, 0, 48, 11, 27, 94, 87]
Round 66 | train_loss=1.7009 train_acc=0.3590 test_loss=1.9134 test_acc=0.2836
Round 67 | selected=[25, 52, 51, 7, 90, 76, 82, 44, 59, 20]
Round 67 | train_loss=1.7831 train_acc=0.3528 test_loss=1.8421 test_acc=0.2971
Round 68 | selected=[39, 0, 73, 66, 72, 70, 83, 61, 93, 98]
Round 68 | train_loss=1.6207 train_acc=0.4378 test_loss=1.8038 test_acc=0.3059
Round 69 | selected=[40, 48, 88, 99, 65, 0, 2, 24, 75, 51]
Round 69 | train_loss=1.6406 train_acc=0.4048 test_loss=1.8725 test_acc=0.2951
Round 70 | selected=[68, 39, 11, 31, 84, 71, 57, 43, 28, 79]
Round 70 | train_loss=1.7238 train_acc=0.3532 test_loss=1.8276 test_acc=0.3192
Round 71 | selected=[29, 99, 39, 75, 61, 76, 50, 40, 66, 95]
Round 71 | train_loss=1.6104 train_acc=0.4262 test_loss=1.7835 test_acc=0.3596
Round 72 | selected=[21, 86, 10, 33, 48, 5, 36, 13, 54, 46]
Round 72 | train_loss=1.5942 train_acc=0.4528 test_loss=1.8202 test_acc=0.3407
Round 73 | selected=[75, 32, 87, 86, 95, 81, 58, 94, 42, 40]
Round 73 | train_loss=1.7574 train_acc=0.3532 test_loss=1.8327 test_acc=0.3365
Round 74 | selected=[28, 21, 58, 50, 61, 81, 94, 84, 29, 72]
Round 74 | train_loss=1.6175 train_acc=0.4242 test_loss=1.8435 test_acc=0.3398
Round 75 | selected=[80, 31, 77, 0, 5, 53, 57, 78, 26, 24]
Round 75 | train_loss=1.8393 train_acc=0.4000 test_loss=1.7755 test_acc=0.3187
Round 76 | selected=[31, 74, 94, 17, 55, 16, 83, 45, 25, 61]
Round 76 | train_loss=1.7327 train_acc=0.4044 test_loss=1.8212 test_acc=0.2810
Round 77 | selected=[24, 70, 5, 28, 87, 3, 90, 4, 12, 9]
Round 77 | train_loss=1.8202 train_acc=0.3130 test_loss=1.7924 test_acc=0.2658
Round 78 | selected=[5, 74, 4, 36, 78, 87, 59, 44, 69, 10]
Round 78 | train_loss=1.7377 train_acc=0.3384 test_loss=1.7905 test_acc=0.2761
Round 79 | selected=[48, 15, 27, 10, 0, 96, 49, 81, 38, 26]
Round 79 | train_loss=1.6988 train_acc=0.3954 test_loss=1.8944 test_acc=0.2557
Round 80 | selected=[94, 56, 67, 23, 84, 87, 21, 33, 46, 29]
Round 80 | train_loss=1.8534 train_acc=0.2802 test_loss=1.8240 test_acc=0.2850
Round 81 | selected=[17, 30, 14, 4, 2, 57, 65, 13, 91, 78]
Round 81 | train_loss=1.7417 train_acc=0.3618 test_loss=1.7889 test_acc=0.3041
Round 82 | selected=[95, 43, 54, 49, 84, 67, 8, 57, 22, 56]
Round 82 | train_loss=1.8645 train_acc=0.3114 test_loss=1.9273 test_acc=0.2355
Round 83 | selected=[54, 78, 23, 44, 88, 94, 27, 90, 95, 60]
Round 83 | train_loss=1.8246 train_acc=0.2732 test_loss=1.8182 test_acc=0.2792
Round 84 | selected=[20, 27, 40, 31, 10, 55, 49, 82, 62, 72]
Round 84 | train_loss=1.7282 train_acc=0.3582 test_loss=1.8201 test_acc=0.2970
Round 85 | selected=[31, 12, 93, 78, 80, 28, 59, 89, 70, 66]
Round 85 | train_loss=1.7733 train_acc=0.3508 test_loss=1.8451 test_acc=0.2710
Round 86 | selected=[90, 73, 1, 11, 0, 15, 47, 94, 25, 55]
Round 86 | train_loss=1.6711 train_acc=0.3786 test_loss=1.8823 test_acc=0.2669
Round 87 | selected=[59, 4, 58, 37, 69, 26, 17, 44, 15, 49]
Round 87 | train_loss=1.7834 train_acc=0.3250 test_loss=1.8709 test_acc=0.2817
Round 88 | selected=[54, 14, 60, 24, 21, 98, 18, 79, 83, 80]
Round 88 | train_loss=1.7745 train_acc=0.3556 test_loss=1.8615 test_acc=0.2692
Round 89 | selected=[14, 69, 1, 89, 40, 93, 92, 66, 50, 24]
Round 89 | train_loss=1.7621 train_acc=0.3176 test_loss=1.7367 test_acc=0.3224
Round 90 | selected=[35, 36, 80, 15, 64, 45, 95, 26, 14, 60]
Round 90 | train_loss=1.6811 train_acc=0.3726 test_loss=1.9154 test_acc=0.2927
Round 91 | selected=[81, 51, 43, 61, 40, 68, 37, 84, 62, 31]
Round 91 | train_loss=1.6787 train_acc=0.3962 test_loss=1.7471 test_acc=0.3490
Round 92 | selected=[82, 49, 0, 77, 71, 9, 98, 95, 65, 84]
Round 92 | train_loss=1.6317 train_acc=0.4178 test_loss=1.6833 test_acc=0.3708
Round 93 | selected=[34, 66, 59, 60, 31, 73, 86, 83, 99, 37]
Round 93 | train_loss=1.6946 train_acc=0.3812 test_loss=1.7046 test_acc=0.3399
Round 94 | selected=[33, 35, 75, 31, 38, 12, 42, 34, 18, 6]
Round 94 | train_loss=1.6865 train_acc=0.3788 test_loss=1.7472 test_acc=0.3103
Round 95 | selected=[33, 55, 84, 47, 43, 18, 27, 70, 9, 20]
Round 95 | train_loss=1.6182 train_acc=0.4140 test_loss=1.6164 test_acc=0.3410
Round 96 | selected=[66, 91, 63, 8, 23, 88, 4, 49, 44, 0]
Round 96 | train_loss=1.6992 train_acc=0.3710 test_loss=1.6778 test_acc=0.3439
Round 97 | selected=[7, 92, 70, 94, 34, 98, 9, 93, 82, 58]
Round 97 | train_loss=1.6173 train_acc=0.4560 test_loss=1.7820 test_acc=0.3109
Round 98 | selected=[45, 25, 50, 51, 8, 37, 57, 16, 76, 68]
Round 98 | train_loss=1.6090 train_acc=0.4422 test_loss=1.6367 test_acc=0.3617
Round 99 | selected=[72, 75, 20, 92, 10, 34, 77, 38, 4, 2]
Round 99 | train_loss=1.5644 train_acc=0.4470 test_loss=1.6486 test_acc=0.3516
Round 100 | selected=[16, 40, 17, 58, 18, 44, 24, 62, 6, 78]
Round 100 | train_loss=1.6007 train_acc=0.4182 test_loss=1.6416 test_acc=0.3523
Round 101 | selected=[31, 3, 23, 28, 66, 91, 95, 94, 15, 48]
Round 101 | train_loss=1.7184 train_acc=0.3342 test_loss=1.6290 test_acc=0.3823
Round 102 | selected=[35, 49, 36, 41, 98, 12, 34, 77, 48, 18]
Round 102 | train_loss=1.5396 train_acc=0.4774 test_loss=1.6177 test_acc=0.3798
Round 103 | selected=[2, 36, 19, 23, 98, 91, 83, 11, 15, 87]
Round 103 | train_loss=1.5724 train_acc=0.4098 test_loss=1.6402 test_acc=0.3623
Round 104 | selected=[17, 48, 37, 73, 78, 79, 13, 60, 80, 93]
Round 104 | train_loss=1.5647 train_acc=0.4594 test_loss=1.6390 test_acc=0.3631
Round 105 | selected=[84, 62, 59, 73, 5, 74, 96, 79, 31, 63]
Round 105 | train_loss=1.5777 train_acc=0.4342 test_loss=1.5954 test_acc=0.3889
Round 106 | selected=[94, 6, 0, 38, 92, 45, 84, 79, 26, 50]
Round 106 | train_loss=1.4744 train_acc=0.4904 test_loss=1.5991 test_acc=0.3952
Round 107 | selected=[64, 44, 59, 38, 29, 68, 96, 65, 94, 58]
Round 107 | train_loss=1.4805 train_acc=0.4734 test_loss=1.6260 test_acc=0.3783
Round 108 | selected=[90, 3, 61, 88, 94, 43, 54, 74, 78, 28]
Round 108 | train_loss=1.6695 train_acc=0.3794 test_loss=1.6454 test_acc=0.3562
Round 109 | selected=[66, 32, 88, 56, 70, 39, 34, 69, 38, 87]
Round 109 | train_loss=1.5231 train_acc=0.4564 test_loss=1.6637 test_acc=0.3675
Round 110 | selected=[37, 38, 42, 12, 25, 65, 82, 44, 31, 58]
Round 110 | train_loss=1.4529 train_acc=0.4614 test_loss=1.6813 test_acc=0.3747
Round 111 | selected=[15, 74, 98, 18, 84, 95, 80, 30, 91, 24]
Round 111 | train_loss=1.8008 train_acc=0.3384 test_loss=1.5986 test_acc=0.3900
Round 112 | selected=[62, 53, 25, 91, 71, 85, 86, 54, 19, 94]
Round 112 | train_loss=1.5056 train_acc=0.4718 test_loss=1.6108 test_acc=0.3836
Round 113 | selected=[66, 5, 49, 29, 53, 67, 42, 2, 91, 38]
Round 113 | train_loss=1.4974 train_acc=0.4750 test_loss=1.6104 test_acc=0.3904
Round 114 | selected=[85, 44, 94, 30, 48, 77, 82, 79, 69, 52]
Round 114 | train_loss=1.4235 train_acc=0.4860 test_loss=1.6519 test_acc=0.3790
Round 115 | selected=[28, 96, 74, 87, 76, 23, 91, 71, 1, 77]
Round 115 | train_loss=1.5786 train_acc=0.4136 test_loss=1.5973 test_acc=0.3868
Round 116 | selected=[55, 65, 97, 26, 34, 28, 43, 39, 23, 21]
Round 116 | train_loss=1.4885 train_acc=0.4454 test_loss=1.5608 test_acc=0.4213
Round 117 | selected=[13, 12, 22, 75, 41, 11, 67, 59, 78, 73]
Round 117 | train_loss=1.4078 train_acc=0.5230 test_loss=1.5885 test_acc=0.3620
Round 118 | selected=[88, 6, 38, 82, 57, 62, 93, 95, 27, 36]
Round 118 | train_loss=1.5029 train_acc=0.4480 test_loss=1.6465 test_acc=0.3454
Round 119 | selected=[10, 16, 97, 41, 78, 15, 50, 55, 54, 66]
Round 119 | train_loss=1.4555 train_acc=0.4534 test_loss=1.7128 test_acc=0.3366
Round 120 | selected=[11, 65, 94, 90, 70, 96, 2, 32, 48, 9]
Round 120 | train_loss=1.5418 train_acc=0.4630 test_loss=1.6581 test_acc=0.3487
Round 121 | selected=[92, 41, 80, 69, 87, 64, 79, 32, 30, 74]
Round 121 | train_loss=1.5911 train_acc=0.3786 test_loss=1.5352 test_acc=0.4201
Round 122 | selected=[83, 15, 9, 30, 24, 31, 53, 81, 13, 87]
Round 122 | train_loss=1.3634 train_acc=0.5254 test_loss=1.5696 test_acc=0.3970
Round 123 | selected=[3, 80, 62, 9, 32, 33, 72, 16, 71, 77]
Round 123 | train_loss=1.5535 train_acc=0.4664 test_loss=1.6800 test_acc=0.3751
Round 124 | selected=[52, 8, 74, 25, 71, 32, 39, 37, 3, 57]
Round 124 | train_loss=1.5330 train_acc=0.4694 test_loss=1.6963 test_acc=0.3801
Round 125 | selected=[8, 58, 93, 72, 61, 37, 11, 75, 20, 19]
Round 125 | train_loss=1.4680 train_acc=0.4788 test_loss=1.6370 test_acc=0.3728
Round 126 | selected=[62, 92, 78, 90, 12, 17, 43, 89, 18, 38]
Round 126 | train_loss=1.5053 train_acc=0.4456 test_loss=1.6704 test_acc=0.3742
Round 127 | selected=[99, 60, 0, 70, 43, 73, 23, 88, 55, 27]
Round 127 | train_loss=1.4585 train_acc=0.4778 test_loss=1.6837 test_acc=0.3600
Round 128 | selected=[27, 25, 54, 40, 10, 45, 34, 24, 58, 75]
Round 128 | train_loss=1.4792 train_acc=0.4632 test_loss=1.7966 test_acc=0.3189
Round 129 | selected=[41, 35, 0, 64, 53, 6, 81, 60, 28, 14]
Round 129 | train_loss=1.4826 train_acc=0.4662 test_loss=1.7819 test_acc=0.3138
Round 130 | selected=[46, 90, 81, 34, 80, 8, 78, 5, 45, 43]
Round 130 | train_loss=1.4367 train_acc=0.4874 test_loss=1.7886 test_acc=0.3195
Round 131 | selected=[40, 94, 19, 81, 7, 13, 38, 9, 17, 50]
Round 131 | train_loss=1.5636 train_acc=0.4374 test_loss=1.7111 test_acc=0.3494
Round 132 | selected=[87, 24, 31, 57, 98, 78, 40, 32, 19, 3]
Round 132 | train_loss=1.4778 train_acc=0.4498 test_loss=1.6799 test_acc=0.3627
Round 133 | selected=[72, 91, 97, 10, 18, 52, 37, 80, 68, 11]
Round 133 | train_loss=1.7177 train_acc=0.3738 test_loss=1.6714 test_acc=0.3729
Round 134 | selected=[78, 86, 16, 7, 96, 88, 53, 93, 32, 76]
Round 134 | train_loss=1.5262 train_acc=0.4454 test_loss=1.6275 test_acc=0.3901
Round 135 | selected=[30, 97, 21, 43, 53, 12, 62, 72, 10, 18]
Round 135 | train_loss=1.4962 train_acc=0.4906 test_loss=1.6468 test_acc=0.4010
Round 136 | selected=[38, 76, 39, 88, 73, 71, 90, 77, 58, 35]
Round 136 | train_loss=1.4326 train_acc=0.4746 test_loss=1.6678 test_acc=0.4029
Round 137 | selected=[34, 37, 31, 9, 52, 6, 33, 92, 51, 30]
Round 137 | train_loss=1.6165 train_acc=0.4506 test_loss=1.6553 test_acc=0.4117
Round 138 | selected=[69, 97, 70, 24, 50, 91, 80, 18, 51, 95]
Round 138 | train_loss=1.4368 train_acc=0.5142 test_loss=1.7620 test_acc=0.3935
Round 139 | selected=[84, 92, 98, 59, 54, 85, 3, 9, 0, 68]
Round 139 | train_loss=1.6297 train_acc=0.4284 test_loss=1.7365 test_acc=0.3855
Round 140 | selected=[76, 0, 91, 18, 45, 42, 54, 43, 88, 32]
Round 140 | train_loss=1.8735 train_acc=0.3338 test_loss=1.6410 test_acc=0.3907
Round 141 | selected=[39, 7, 20, 46, 13, 51, 71, 23, 96, 94]
Round 141 | train_loss=1.6155 train_acc=0.4178 test_loss=1.5622 test_acc=0.4073
Round 142 | selected=[36, 48, 34, 10, 23, 9, 55, 77, 46, 63]
Round 142 | train_loss=1.5800 train_acc=0.4058 test_loss=1.5558 test_acc=0.4232
Round 143 | selected=[74, 6, 10, 21, 81, 80, 69, 11, 30, 27]
Round 143 | train_loss=1.7172 train_acc=0.4196 test_loss=1.5982 test_acc=0.4048
Round 144 | selected=[15, 61, 53, 13, 63, 77, 36, 58, 10, 62]
Round 144 | train_loss=1.4147 train_acc=0.5110 test_loss=1.6652 test_acc=0.3649
Round 145 | selected=[94, 19, 9, 40, 52, 17, 49, 32, 92, 45]
Round 145 | train_loss=1.6161 train_acc=0.3908 test_loss=1.6972 test_acc=0.3499
Round 146 | selected=[58, 81, 40, 79, 41, 20, 3, 35, 33, 12]
Round 146 | train_loss=1.5531 train_acc=0.4468 test_loss=1.6530 test_acc=0.3659
Round 147 | selected=[91, 75, 4, 84, 36, 30, 49, 48, 27, 83]
Round 147 | train_loss=1.5839 train_acc=0.4196 test_loss=1.6184 test_acc=0.3711
Round 148 | selected=[38, 53, 67, 98, 81, 44, 85, 77, 6, 48]
Round 148 | train_loss=1.4507 train_acc=0.4760 test_loss=1.6155 test_acc=0.3703
Round 149 | selected=[8, 99, 18, 12, 69, 92, 83, 64, 53, 88]
Round 149 | train_loss=1.6826 train_acc=0.3564 test_loss=1.6361 test_acc=0.3833
Round 150 | selected=[96, 92, 72, 27, 51, 50, 43, 36, 87, 21]
Round 150 | train_loss=1.4990 train_acc=0.4824 test_loss=1.6557 test_acc=0.3741
Round 151 | selected=[10, 8, 76, 44, 7, 17, 68, 55, 71, 36]
Round 151 | train_loss=1.5915 train_acc=0.4242 test_loss=1.5321 test_acc=0.4084
Round 152 | selected=[20, 50, 90, 36, 65, 92, 76, 26, 18, 87]
Round 152 | train_loss=1.4538 train_acc=0.4892 test_loss=1.5048 test_acc=0.4291
Round 153 | selected=[13, 65, 62, 92, 53, 25, 87, 34, 17, 52]
Round 153 | train_loss=1.3403 train_acc=0.5250 test_loss=1.4739 test_acc=0.4252
Round 154 | selected=[43, 45, 11, 21, 86, 8, 32, 10, 39, 62]
Round 154 | train_loss=1.6002 train_acc=0.4358 test_loss=1.4942 test_acc=0.4235
Round 155 | selected=[17, 79, 56, 61, 64, 16, 29, 22, 15, 42]
Round 155 | train_loss=1.4167 train_acc=0.4738 test_loss=1.5367 test_acc=0.4298
Round 156 | selected=[96, 43, 3, 54, 94, 46, 91, 49, 9, 27]
Round 156 | train_loss=1.5214 train_acc=0.4246 test_loss=1.5274 test_acc=0.4072
Round 157 | selected=[4, 61, 99, 98, 22, 54, 59, 21, 68, 66]
Round 157 | train_loss=1.4121 train_acc=0.4990 test_loss=1.5225 test_acc=0.3911
Round 158 | selected=[74, 66, 70, 94, 44, 19, 60, 86, 41, 63]
Round 158 | train_loss=1.3896 train_acc=0.4922 test_loss=1.5182 test_acc=0.3895
Round 159 | selected=[56, 50, 40, 65, 88, 36, 79, 34, 61, 84]
Round 159 | train_loss=1.3989 train_acc=0.4656 test_loss=1.4827 test_acc=0.4490
Round 160 | selected=[35, 73, 93, 72, 59, 88, 22, 11, 10, 18]
Round 160 | train_loss=1.4340 train_acc=0.5222 test_loss=1.4656 test_acc=0.4462
Round 161 | selected=[99, 84, 35, 49, 74, 17, 30, 70, 26, 16]
Round 161 | train_loss=1.4625 train_acc=0.4824 test_loss=1.5310 test_acc=0.4341
Round 162 | selected=[81, 53, 14, 67, 28, 12, 22, 69, 35, 24]
Round 162 | train_loss=1.3898 train_acc=0.5096 test_loss=1.5304 test_acc=0.4319
Round 163 | selected=[23, 18, 32, 77, 41, 17, 35, 99, 26, 40]
Round 163 | train_loss=1.4436 train_acc=0.5182 test_loss=1.4490 test_acc=0.4570
Round 164 | selected=[25, 1, 68, 42, 28, 12, 86, 16, 29, 34]
Round 164 | train_loss=1.4216 train_acc=0.4756 test_loss=1.4599 test_acc=0.4566
Round 165 | selected=[60, 59, 57, 81, 45, 2, 95, 94, 88, 43]
Round 165 | train_loss=1.4643 train_acc=0.4842 test_loss=1.4996 test_acc=0.4325
Round 166 | selected=[44, 53, 46, 56, 93, 1, 97, 39, 76, 47]
Round 166 | train_loss=1.2268 train_acc=0.5664 test_loss=1.5358 test_acc=0.3990
Round 167 | selected=[11, 6, 87, 71, 15, 63, 31, 83, 93, 78]
Round 167 | train_loss=1.3222 train_acc=0.5442 test_loss=1.7005 test_acc=0.3729
Round 168 | selected=[16, 91, 28, 57, 74, 51, 19, 21, 20, 31]
Round 168 | train_loss=1.4626 train_acc=0.4638 test_loss=1.6890 test_acc=0.3681
Round 169 | selected=[99, 16, 61, 91, 94, 77, 21, 68, 17, 25]
Round 169 | train_loss=1.4449 train_acc=0.4898 test_loss=1.6487 test_acc=0.3779
Round 170 | selected=[25, 52, 0, 31, 69, 96, 94, 42, 41, 89]
Round 170 | train_loss=1.3717 train_acc=0.4928 test_loss=1.5051 test_acc=0.4339
Round 171 | selected=[87, 3, 76, 35, 95, 54, 0, 97, 19, 62]
Round 171 | train_loss=1.2798 train_acc=0.5422 test_loss=1.5596 test_acc=0.4209
Round 172 | selected=[35, 31, 16, 56, 69, 18, 22, 19, 14, 94]
Round 172 | train_loss=1.3111 train_acc=0.5426 test_loss=1.6569 test_acc=0.4141
Round 173 | selected=[15, 61, 38, 90, 97, 7, 95, 12, 23, 24]
Round 173 | train_loss=1.3904 train_acc=0.4886 test_loss=1.5513 test_acc=0.4247
Round 174 | selected=[97, 17, 18, 22, 37, 15, 78, 28, 44, 21]
Round 174 | train_loss=1.3579 train_acc=0.5074 test_loss=1.4270 test_acc=0.4574
Round 175 | selected=[22, 48, 12, 39, 38, 84, 25, 2, 88, 90]
Round 175 | train_loss=1.3442 train_acc=0.5018 test_loss=1.4514 test_acc=0.4578
Round 176 | selected=[83, 36, 24, 14, 7, 58, 82, 71, 87, 19]
Round 176 | train_loss=1.3157 train_acc=0.5194 test_loss=1.4171 test_acc=0.4548
Round 177 | selected=[74, 91, 11, 10, 56, 69, 15, 48, 12, 72]
Round 177 | train_loss=1.3775 train_acc=0.5196 test_loss=1.3845 test_acc=0.4708
Round 178 | selected=[74, 30, 69, 14, 96, 23, 58, 27, 11, 40]
Round 178 | train_loss=1.1232 train_acc=0.6216 test_loss=1.4766 test_acc=0.4238
Round 179 | selected=[23, 25, 28, 87, 73, 52, 70, 74, 84, 66]
Round 179 | train_loss=1.3139 train_acc=0.5072 test_loss=1.4929 test_acc=0.4138
Round 180 | selected=[46, 34, 64, 61, 36, 91, 33, 83, 14, 7]
Round 180 | train_loss=1.3772 train_acc=0.4870 test_loss=1.4328 test_acc=0.4545
Round 181 | selected=[47, 77, 57, 94, 35, 86, 30, 72, 46, 55]
Round 181 | train_loss=1.2777 train_acc=0.5398 test_loss=1.4537 test_acc=0.4546
Round 182 | selected=[87, 31, 88, 69, 55, 2, 42, 75, 60, 20]
Round 182 | train_loss=1.2674 train_acc=0.5458 test_loss=1.6006 test_acc=0.4007
Round 183 | selected=[38, 88, 76, 53, 34, 82, 25, 36, 73, 4]
Round 183 | train_loss=1.3412 train_acc=0.5030 test_loss=1.4987 test_acc=0.4438
Round 184 | selected=[22, 23, 39, 72, 37, 2, 48, 76, 75, 34]
Round 184 | train_loss=1.2875 train_acc=0.5524 test_loss=1.7138 test_acc=0.3676
Round 185 | selected=[43, 5, 42, 88, 30, 61, 11, 9, 19, 1]
Round 185 | train_loss=1.3471 train_acc=0.5014 test_loss=1.5412 test_acc=0.4157
Round 186 | selected=[29, 87, 63, 79, 32, 81, 16, 88, 15, 83]
Round 186 | train_loss=1.2525 train_acc=0.5472 test_loss=1.4720 test_acc=0.4642
Round 187 | selected=[77, 2, 50, 8, 56, 6, 71, 12, 79, 7]
Round 187 | train_loss=1.1343 train_acc=0.6068 test_loss=1.5144 test_acc=0.4534
Round 188 | selected=[32, 38, 45, 16, 66, 64, 98, 41, 42, 6]
Round 188 | train_loss=1.3054 train_acc=0.5408 test_loss=1.4828 test_acc=0.4373
Round 189 | selected=[7, 62, 61, 82, 64, 87, 30, 85, 76, 88]
Round 189 | train_loss=1.3116 train_acc=0.4926 test_loss=1.3401 test_acc=0.4898
Round 190 | selected=[32, 23, 97, 52, 61, 26, 44, 27, 90, 53]
Round 190 | train_loss=1.1828 train_acc=0.5914 test_loss=1.3319 test_acc=0.4988
Round 191 | selected=[40, 62, 50, 42, 4, 71, 6, 43, 56, 8]
Round 191 | train_loss=1.2188 train_acc=0.5596 test_loss=1.3716 test_acc=0.4774
Round 192 | selected=[75, 3, 42, 92, 72, 50, 49, 52, 8, 45]
Round 192 | train_loss=1.3014 train_acc=0.5348 test_loss=1.3311 test_acc=0.4976
Round 193 | selected=[90, 64, 67, 11, 47, 49, 92, 50, 38, 6]
Round 193 | train_loss=1.2400 train_acc=0.5656 test_loss=1.3230 test_acc=0.5086
Round 194 | selected=[0, 36, 13, 20, 39, 16, 42, 56, 9, 63]
Round 194 | train_loss=1.1755 train_acc=0.5994 test_loss=1.3538 test_acc=0.4758
Round 195 | selected=[39, 38, 31, 18, 86, 9, 60, 89, 64, 15]
Round 195 | train_loss=1.2269 train_acc=0.5696 test_loss=1.3760 test_acc=0.4683
Round 196 | selected=[45, 34, 96, 79, 22, 14, 80, 72, 46, 70]
Round 196 | train_loss=1.2210 train_acc=0.5704 test_loss=1.3673 test_acc=0.4745
Round 197 | selected=[10, 39, 70, 0, 61, 32, 84, 93, 91, 49]
Round 197 | train_loss=1.1319 train_acc=0.6018 test_loss=1.4228 test_acc=0.4767
Round 198 | selected=[88, 22, 87, 57, 79, 42, 93, 96, 40, 91]
Round 198 | train_loss=1.1926 train_acc=0.5802 test_loss=1.3398 test_acc=0.5040
Round 199 | selected=[38, 52, 78, 33, 64, 32, 41, 93, 58, 71]
Round 199 | train_loss=1.0443 train_acc=0.6360 test_loss=1.3820 test_acc=0.4712
Round 200 | selected=[95, 31, 52, 20, 92, 11, 2, 16, 70, 9]
Round 200 | train_loss=1.2337 train_acc=0.5810 test_loss=1.2936 test_acc=0.5089
Round 201 | selected=[51, 9, 15, 53, 84, 60, 2, 81, 94, 74]
Round 201 | train_loss=1.3267 train_acc=0.5188 test_loss=1.3304 test_acc=0.5058
Round 202 | selected=[87, 33, 16, 1, 81, 51, 57, 68, 54, 11]
Round 202 | train_loss=1.1348 train_acc=0.6288 test_loss=1.4463 test_acc=0.4596
Round 203 | selected=[46, 35, 76, 53, 91, 89, 87, 28, 81, 97]
Round 203 | train_loss=1.1656 train_acc=0.5910 test_loss=1.4190 test_acc=0.4565
Round 204 | selected=[97, 40, 51, 52, 61, 59, 1, 23, 29, 76]
Round 204 | train_loss=1.1133 train_acc=0.6182 test_loss=1.4172 test_acc=0.4681
Round 205 | selected=[16, 55, 41, 44, 82, 3, 21, 98, 22, 63]
Round 205 | train_loss=1.1523 train_acc=0.5832 test_loss=1.4011 test_acc=0.4890
Round 206 | selected=[1, 87, 84, 28, 98, 49, 48, 99, 92, 97]
Round 206 | train_loss=1.2540 train_acc=0.5574 test_loss=1.3826 test_acc=0.4910
Round 207 | selected=[60, 41, 71, 6, 47, 79, 7, 5, 58, 91]
Round 207 | train_loss=1.0855 train_acc=0.6252 test_loss=1.5698 test_acc=0.4664
Round 208 | selected=[53, 49, 30, 96, 44, 78, 66, 69, 16, 92]
Round 208 | train_loss=1.1115 train_acc=0.6206 test_loss=1.5228 test_acc=0.4836
Round 209 | selected=[93, 66, 85, 55, 21, 49, 70, 42, 88, 9]
Round 209 | train_loss=1.1106 train_acc=0.6282 test_loss=1.4474 test_acc=0.4989
Round 210 | selected=[53, 8, 65, 45, 11, 23, 14, 61, 95, 84]
Round 210 | train_loss=1.3196 train_acc=0.5516 test_loss=1.4261 test_acc=0.4892
Round 211 | selected=[13, 72, 2, 69, 32, 48, 52, 68, 82, 26]
Round 211 | train_loss=1.3020 train_acc=0.5232 test_loss=1.4429 test_acc=0.4872
Round 212 | selected=[27, 46, 18, 26, 82, 15, 64, 10, 32, 13]
Round 212 | train_loss=1.2239 train_acc=0.5544 test_loss=1.4336 test_acc=0.4773
Round 213 | selected=[67, 3, 26, 38, 62, 41, 25, 50, 61, 49]
Round 213 | train_loss=1.2026 train_acc=0.5530 test_loss=1.3965 test_acc=0.4697
Round 214 | selected=[78, 84, 0, 42, 93, 22, 98, 37, 30, 73]
Round 214 | train_loss=1.2481 train_acc=0.5500 test_loss=1.3402 test_acc=0.4845
Round 215 | selected=[77, 94, 68, 9, 92, 80, 32, 38, 75, 2]
Round 215 | train_loss=1.2380 train_acc=0.5678 test_loss=1.5656 test_acc=0.4120
Round 216 | selected=[35, 4, 44, 92, 57, 86, 95, 24, 93, 70]
Round 216 | train_loss=1.1559 train_acc=0.5944 test_loss=1.5063 test_acc=0.4331
Round 217 | selected=[14, 31, 79, 97, 0, 41, 47, 7, 48, 9]
Round 217 | train_loss=1.1154 train_acc=0.6000 test_loss=1.4458 test_acc=0.4495
Round 218 | selected=[24, 73, 4, 46, 8, 72, 41, 0, 92, 52]
Round 218 | train_loss=1.1294 train_acc=0.5958 test_loss=1.3999 test_acc=0.4967
Round 219 | selected=[82, 11, 26, 14, 83, 39, 38, 41, 32, 53]
Round 219 | train_loss=1.1641 train_acc=0.5738 test_loss=1.5649 test_acc=0.4238
Round 220 | selected=[67, 35, 66, 44, 51, 17, 49, 37, 64, 18]
Round 220 | train_loss=1.1845 train_acc=0.5888 test_loss=1.4757 test_acc=0.4477
Round 221 | selected=[20, 33, 25, 90, 9, 4, 59, 54, 80, 5]
Round 221 | train_loss=1.2052 train_acc=0.5538 test_loss=1.4433 test_acc=0.4711
Round 222 | selected=[22, 21, 92, 88, 32, 12, 69, 28, 62, 78]
Round 222 | train_loss=1.2087 train_acc=0.5620 test_loss=1.5577 test_acc=0.4431
Round 223 | selected=[10, 51, 17, 78, 14, 61, 75, 44, 47, 48]
Round 223 | train_loss=1.0323 train_acc=0.6584 test_loss=1.6666 test_acc=0.4069
Round 224 | selected=[79, 9, 34, 99, 26, 3, 22, 31, 27, 69]
Round 224 | train_loss=1.1665 train_acc=0.5918 test_loss=1.4407 test_acc=0.4679
Round 225 | selected=[8, 19, 74, 28, 56, 21, 99, 29, 59, 2]
Round 225 | train_loss=1.2062 train_acc=0.5604 test_loss=1.3659 test_acc=0.4999
Round 226 | selected=[71, 80, 12, 68, 70, 6, 45, 43, 86, 16]
Round 226 | train_loss=1.1460 train_acc=0.6090 test_loss=1.4988 test_acc=0.4484
Round 227 | selected=[91, 84, 13, 41, 72, 3, 64, 8, 99, 26]
Round 227 | train_loss=1.1154 train_acc=0.6030 test_loss=1.4563 test_acc=0.4730
Round 228 | selected=[69, 4, 39, 64, 8, 46, 81, 92, 44, 25]
Round 228 | train_loss=1.2029 train_acc=0.5798 test_loss=1.3226 test_acc=0.5091
Round 229 | selected=[41, 49, 82, 96, 31, 78, 40, 5, 85, 71]
Round 229 | train_loss=1.1254 train_acc=0.5830 test_loss=1.2635 test_acc=0.5249
Round 230 | selected=[45, 50, 38, 24, 51, 92, 96, 0, 78, 65]
Round 230 | train_loss=1.0626 train_acc=0.6362 test_loss=1.3116 test_acc=0.5009
Round 231 | selected=[28, 56, 50, 16, 30, 25, 76, 21, 15, 92]
Round 231 | train_loss=1.0470 train_acc=0.6294 test_loss=1.4383 test_acc=0.4735
Round 232 | selected=[6, 99, 28, 25, 16, 48, 75, 54, 1, 49]
Round 232 | train_loss=1.2161 train_acc=0.5620 test_loss=1.3356 test_acc=0.5095
Round 233 | selected=[55, 46, 15, 29, 11, 31, 47, 68, 23, 43]
Round 233 | train_loss=1.0359 train_acc=0.6316 test_loss=1.2125 test_acc=0.5476
Round 234 | selected=[8, 43, 95, 70, 92, 11, 57, 85, 86, 65]
Round 234 | train_loss=0.9776 train_acc=0.6688 test_loss=1.2694 test_acc=0.5379
Round 235 | selected=[84, 6, 46, 51, 17, 69, 81, 60, 28, 24]
Round 235 | train_loss=1.1317 train_acc=0.6010 test_loss=1.2215 test_acc=0.5469
Round 236 | selected=[38, 8, 71, 73, 47, 85, 84, 88, 13, 83]
Round 236 | train_loss=0.9334 train_acc=0.6840 test_loss=1.2023 test_acc=0.5546
Round 237 | selected=[42, 26, 63, 18, 68, 33, 19, 50, 37, 23]
Round 237 | train_loss=0.9347 train_acc=0.6788 test_loss=1.2429 test_acc=0.5275
Round 238 | selected=[25, 55, 29, 1, 27, 70, 35, 93, 51, 12]
Round 238 | train_loss=0.9045 train_acc=0.6868 test_loss=1.2129 test_acc=0.5539
Round 239 | selected=[8, 90, 74, 1, 2, 12, 43, 49, 96, 55]
Round 239 | train_loss=0.9793 train_acc=0.6626 test_loss=1.2457 test_acc=0.5406
Round 240 | selected=[81, 95, 56, 41, 86, 85, 51, 71, 4, 57]
Round 240 | train_loss=0.8766 train_acc=0.6986 test_loss=1.4086 test_acc=0.5141
Round 241 | selected=[38, 1, 32, 30, 97, 85, 20, 17, 44, 68]
Round 241 | train_loss=1.0605 train_acc=0.6234 test_loss=1.2380 test_acc=0.5362
Round 242 | selected=[17, 56, 60, 30, 15, 67, 21, 26, 59, 90]
Round 242 | train_loss=0.9202 train_acc=0.6650 test_loss=1.4093 test_acc=0.4800
Round 243 | selected=[48, 46, 67, 72, 20, 29, 91, 86, 89, 23]
Round 243 | train_loss=1.0418 train_acc=0.6334 test_loss=1.4373 test_acc=0.4941
Round 244 | selected=[38, 94, 93, 54, 79, 98, 0, 83, 7, 58]
Round 244 | train_loss=1.1046 train_acc=0.6136 test_loss=1.2921 test_acc=0.5281
Round 245 | selected=[86, 3, 2, 92, 80, 40, 45, 57, 75, 6]
Round 245 | train_loss=1.0252 train_acc=0.6402 test_loss=1.3840 test_acc=0.5043
Round 246 | selected=[39, 15, 47, 56, 18, 31, 79, 12, 53, 37]
Round 246 | train_loss=1.0125 train_acc=0.6364 test_loss=1.4087 test_acc=0.4822
Round 247 | selected=[69, 34, 62, 99, 53, 75, 51, 16, 31, 6]
Round 247 | train_loss=1.0035 train_acc=0.6464 test_loss=1.3716 test_acc=0.4803
Round 248 | selected=[77, 8, 78, 87, 28, 54, 7, 65, 2, 5]
Round 248 | train_loss=1.0058 train_acc=0.6406 test_loss=1.4681 test_acc=0.4672
Round 249 | selected=[38, 14, 44, 94, 84, 56, 47, 2, 80, 83]
Round 249 | train_loss=1.0200 train_acc=0.6364 test_loss=1.4041 test_acc=0.4803
Round 250 | selected=[35, 62, 34, 5, 51, 70, 26, 24, 77, 39]
Round 250 | train_loss=0.9394 train_acc=0.6770 test_loss=1.1942 test_acc=0.5552
Round 251 | selected=[55, 81, 20, 57, 44, 74, 13, 3, 97, 69]
Round 251 | train_loss=0.9160 train_acc=0.6760 test_loss=1.3167 test_acc=0.5286
Round 252 | selected=[96, 10, 16, 27, 25, 74, 70, 93, 32, 4]
Round 252 | train_loss=0.9854 train_acc=0.6540 test_loss=1.4161 test_acc=0.5162
Round 253 | selected=[24, 27, 38, 18, 12, 54, 97, 49, 92, 93]
Round 253 | train_loss=1.0834 train_acc=0.6360 test_loss=1.3521 test_acc=0.5444
Round 254 | selected=[74, 81, 35, 53, 50, 29, 87, 73, 23, 19]
Round 254 | train_loss=1.0223 train_acc=0.6372 test_loss=1.2666 test_acc=0.5282
Round 255 | selected=[85, 52, 45, 10, 96, 33, 23, 37, 17, 49]
Round 255 | train_loss=0.9541 train_acc=0.6838 test_loss=1.2132 test_acc=0.5395
Round 256 | selected=[6, 5, 9, 14, 69, 85, 77, 89, 10, 70]
Round 256 | train_loss=0.9369 train_acc=0.6912 test_loss=1.2738 test_acc=0.5181
Round 257 | selected=[5, 80, 43, 58, 18, 87, 93, 30, 66, 53]
Round 257 | train_loss=1.0411 train_acc=0.6278 test_loss=1.2388 test_acc=0.5277
Round 258 | selected=[5, 56, 0, 18, 46, 82, 32, 64, 51, 14]
Round 258 | train_loss=1.0535 train_acc=0.6128 test_loss=1.2627 test_acc=0.5196
Round 259 | selected=[93, 17, 27, 60, 66, 61, 53, 77, 75, 56]
Round 259 | train_loss=0.9494 train_acc=0.6600 test_loss=1.3168 test_acc=0.4962
Round 260 | selected=[51, 38, 79, 1, 8, 31, 63, 57, 21, 17]
Round 260 | train_loss=0.9971 train_acc=0.6576 test_loss=1.1736 test_acc=0.5702
Round 261 | selected=[36, 69, 50, 3, 26, 77, 41, 35, 66, 81]
Round 261 | train_loss=0.9609 train_acc=0.6548 test_loss=1.2332 test_acc=0.5264
Round 262 | selected=[46, 85, 35, 3, 10, 22, 90, 92, 97, 33]
Round 262 | train_loss=1.0047 train_acc=0.6276 test_loss=1.2678 test_acc=0.5205
Round 263 | selected=[18, 55, 84, 17, 83, 95, 90, 38, 4, 92]
Round 263 | train_loss=0.9909 train_acc=0.6528 test_loss=1.3966 test_acc=0.4886
Round 264 | selected=[49, 3, 62, 18, 75, 74, 60, 46, 66, 94]
Round 264 | train_loss=1.1889 train_acc=0.5666 test_loss=1.2717 test_acc=0.5239
Round 265 | selected=[60, 11, 86, 41, 83, 66, 48, 44, 5, 72]
Round 265 | train_loss=0.9717 train_acc=0.6488 test_loss=1.2122 test_acc=0.5474
Round 266 | selected=[80, 84, 94, 20, 55, 39, 51, 33, 15, 93]
Round 266 | train_loss=0.9480 train_acc=0.6698 test_loss=1.3204 test_acc=0.5133
Round 267 | selected=[88, 63, 83, 77, 97, 61, 4, 24, 52, 60]
Round 267 | train_loss=0.9633 train_acc=0.6506 test_loss=1.3326 test_acc=0.5243
Round 268 | selected=[49, 50, 31, 30, 71, 13, 77, 35, 0, 1]
Round 268 | train_loss=0.9184 train_acc=0.6842 test_loss=1.3354 test_acc=0.5219
Round 269 | selected=[99, 16, 28, 89, 30, 90, 54, 4, 58, 41]
Round 269 | train_loss=0.9244 train_acc=0.6898 test_loss=1.4743 test_acc=0.4756
Round 270 | selected=[81, 85, 22, 2, 91, 24, 63, 3, 95, 44]
Round 270 | train_loss=1.0625 train_acc=0.6172 test_loss=1.4268 test_acc=0.4953
Round 271 | selected=[68, 7, 44, 36, 64, 96, 99, 9, 29, 3]
Round 271 | train_loss=1.0543 train_acc=0.6284 test_loss=1.1558 test_acc=0.5861
Round 272 | selected=[66, 12, 83, 91, 14, 76, 57, 49, 24, 13]
Round 272 | train_loss=0.9358 train_acc=0.6810 test_loss=1.1123 test_acc=0.5906
Round 273 | selected=[45, 55, 0, 16, 82, 98, 95, 19, 41, 32]
Round 273 | train_loss=0.9574 train_acc=0.6768 test_loss=1.2856 test_acc=0.5334
Round 274 | selected=[8, 11, 75, 40, 86, 27, 68, 36, 47, 93]
Round 274 | train_loss=1.0729 train_acc=0.6136 test_loss=1.2911 test_acc=0.5343
Round 275 | selected=[23, 79, 44, 2, 9, 69, 45, 64, 13, 60]
Round 275 | train_loss=1.0112 train_acc=0.6188 test_loss=1.1600 test_acc=0.5658
Round 276 | selected=[44, 25, 71, 8, 28, 37, 29, 47, 12, 19]
Round 276 | train_loss=0.9205 train_acc=0.6820 test_loss=1.1540 test_acc=0.5821
Round 277 | selected=[14, 95, 41, 70, 21, 85, 54, 31, 56, 87]
Round 277 | train_loss=0.9459 train_acc=0.6800 test_loss=1.2236 test_acc=0.5532
Round 278 | selected=[51, 42, 82, 45, 50, 24, 18, 76, 67, 59]
Round 278 | train_loss=1.2356 train_acc=0.5558 test_loss=1.1364 test_acc=0.5716
Round 279 | selected=[69, 27, 92, 98, 88, 75, 82, 28, 25, 54]
Round 279 | train_loss=0.9816 train_acc=0.6566 test_loss=1.2239 test_acc=0.5498
Round 280 | selected=[44, 37, 77, 90, 72, 6, 39, 22, 16, 91]
Round 280 | train_loss=0.9760 train_acc=0.6584 test_loss=1.3246 test_acc=0.5053
Round 281 | selected=[49, 86, 77, 64, 28, 18, 54, 37, 24, 95]
Round 281 | train_loss=1.0719 train_acc=0.6132 test_loss=1.3504 test_acc=0.5302
Round 282 | selected=[38, 27, 30, 48, 53, 46, 42, 94, 57, 95]
Round 282 | train_loss=0.9816 train_acc=0.6490 test_loss=1.3232 test_acc=0.5253
Round 283 | selected=[55, 6, 75, 15, 31, 8, 81, 58, 60, 26]
Round 283 | train_loss=1.0696 train_acc=0.6038 test_loss=1.2020 test_acc=0.5505
Round 284 | selected=[47, 37, 5, 15, 86, 23, 44, 36, 90, 99]
Round 284 | train_loss=0.9454 train_acc=0.6574 test_loss=1.2199 test_acc=0.5314
Round 285 | selected=[36, 66, 81, 65, 87, 85, 2, 80, 38, 52]
Round 285 | train_loss=0.9321 train_acc=0.6784 test_loss=1.2683 test_acc=0.5387
Round 286 | selected=[30, 24, 52, 94, 61, 76, 20, 32, 7, 15]
Round 286 | train_loss=0.9519 train_acc=0.6490 test_loss=1.2187 test_acc=0.5446
Round 287 | selected=[40, 98, 97, 91, 47, 50, 80, 53, 1, 37]
Round 287 | train_loss=0.9020 train_acc=0.6716 test_loss=1.2173 test_acc=0.5506
Round 288 | selected=[88, 86, 15, 0, 49, 70, 71, 37, 28, 12]
Round 288 | train_loss=1.0252 train_acc=0.6196 test_loss=1.2614 test_acc=0.5625
Round 289 | selected=[5, 72, 67, 97, 99, 9, 16, 24, 56, 49]
Round 289 | train_loss=0.9540 train_acc=0.6686 test_loss=1.1800 test_acc=0.5670
Round 290 | selected=[48, 94, 16, 17, 3, 97, 72, 73, 71, 19]
Round 290 | train_loss=0.9218 train_acc=0.6692 test_loss=1.1778 test_acc=0.5768
Round 291 | selected=[73, 56, 52, 84, 36, 81, 66, 50, 67, 48]
Round 291 | train_loss=1.0290 train_acc=0.6168 test_loss=1.2396 test_acc=0.5520
Round 292 | selected=[8, 65, 6, 47, 5, 42, 83, 54, 87, 81]
Round 292 | train_loss=1.0424 train_acc=0.6126 test_loss=1.2884 test_acc=0.5509
Round 293 | selected=[56, 50, 10, 25, 53, 62, 19, 33, 69, 95]
Round 293 | train_loss=0.8913 train_acc=0.6910 test_loss=1.2922 test_acc=0.5270
Round 294 | selected=[53, 20, 28, 31, 66, 22, 69, 71, 65, 57]
Round 294 | train_loss=0.8667 train_acc=0.6914 test_loss=1.3404 test_acc=0.5240
Round 295 | selected=[79, 61, 90, 20, 7, 75, 35, 84, 51, 55]
Round 295 | train_loss=0.9751 train_acc=0.6490 test_loss=1.3334 test_acc=0.4968
Round 296 | selected=[55, 32, 57, 11, 26, 5, 23, 41, 99, 62]
Round 296 | train_loss=1.1180 train_acc=0.5904 test_loss=1.2381 test_acc=0.5277
Round 297 | selected=[28, 63, 51, 46, 42, 18, 3, 38, 2, 54]
Round 297 | train_loss=1.0414 train_acc=0.6130 test_loss=1.1604 test_acc=0.5958
Round 298 | selected=[91, 82, 61, 95, 73, 99, 93, 56, 5, 90]
Round 298 | train_loss=0.9640 train_acc=0.6682 test_loss=1.2060 test_acc=0.5532
Round 299 | selected=[19, 34, 78, 50, 73, 67, 41, 43, 79, 64]
Round 299 | train_loss=0.9147 train_acc=0.6790 test_loss=1.2247 test_acc=0.5610
Round 300 | selected=[20, 23, 40, 51, 37, 71, 41, 35, 74, 72]
Round 300 | train_loss=0.9366 train_acc=0.6938 test_loss=1.3410 test_acc=0.5478
Round 301 | selected=[34, 31, 39, 56, 75, 78, 29, 40, 53, 25]
Round 301 | train_loss=0.9209 train_acc=0.7050 test_loss=1.2245 test_acc=0.5918
Round 302 | selected=[99, 90, 10, 30, 64, 38, 20, 41, 51, 49]
Round 302 | train_loss=0.7642 train_acc=0.7512 test_loss=1.2942 test_acc=0.5532
Round 303 | selected=[69, 58, 84, 43, 1, 20, 42, 97, 3, 24]
Round 303 | train_loss=0.9230 train_acc=0.6786 test_loss=1.2390 test_acc=0.5576
Round 304 | selected=[99, 30, 18, 48, 9, 49, 0, 54, 15, 11]
Round 304 | train_loss=0.9129 train_acc=0.6856 test_loss=1.1369 test_acc=0.5944
Round 305 | selected=[11, 56, 65, 9, 36, 96, 61, 18, 14, 85]
Round 305 | train_loss=0.8610 train_acc=0.7076 test_loss=1.0491 test_acc=0.6278
Round 306 | selected=[39, 30, 18, 11, 37, 57, 92, 42, 52, 79]
Round 306 | train_loss=0.7504 train_acc=0.7620 test_loss=1.1067 test_acc=0.5946
Round 307 | selected=[59, 86, 14, 69, 37, 53, 98, 5, 94, 54]
Round 307 | train_loss=0.9027 train_acc=0.6748 test_loss=1.1553 test_acc=0.5700
Round 308 | selected=[79, 98, 26, 68, 82, 3, 55, 23, 76, 22]
Round 308 | train_loss=0.8634 train_acc=0.6586 test_loss=1.1024 test_acc=0.5941
Round 309 | selected=[23, 50, 38, 33, 59, 45, 55, 68, 62, 35]
Round 309 | train_loss=0.7865 train_acc=0.7178 test_loss=1.1297 test_acc=0.5894
Round 310 | selected=[29, 66, 1, 23, 87, 8, 42, 67, 64, 15]
Round 310 | train_loss=0.8234 train_acc=0.7088 test_loss=1.0766 test_acc=0.6057
Round 311 | selected=[51, 30, 11, 2, 93, 64, 76, 67, 38, 87]
Round 311 | train_loss=0.7428 train_acc=0.7434 test_loss=1.0434 test_acc=0.6125
Round 312 | selected=[64, 24, 31, 47, 97, 50, 14, 1, 18, 68]
Round 312 | train_loss=0.8177 train_acc=0.7142 test_loss=1.0313 test_acc=0.6244
Round 313 | selected=[32, 27, 10, 30, 81, 15, 51, 86, 23, 57]
Round 313 | train_loss=0.7972 train_acc=0.7038 test_loss=1.0834 test_acc=0.6136
Round 314 | selected=[70, 84, 47, 63, 77, 37, 86, 21, 18, 66]
Round 314 | train_loss=0.6921 train_acc=0.7684 test_loss=1.1629 test_acc=0.5859
Round 315 | selected=[5, 65, 17, 48, 23, 6, 70, 95, 55, 54]
Round 315 | train_loss=0.8186 train_acc=0.7176 test_loss=1.2367 test_acc=0.5638
Round 316 | selected=[45, 13, 84, 53, 81, 28, 4, 64, 80, 51]
Round 316 | train_loss=0.9125 train_acc=0.6746 test_loss=1.0660 test_acc=0.6108
Round 317 | selected=[58, 75, 38, 22, 70, 6, 65, 26, 42, 8]
Round 317 | train_loss=0.8002 train_acc=0.7180 test_loss=1.0435 test_acc=0.6146
Round 318 | selected=[27, 42, 50, 85, 98, 44, 66, 80, 70, 76]
Round 318 | train_loss=0.7563 train_acc=0.7302 test_loss=1.0772 test_acc=0.6196
Round 319 | selected=[10, 54, 68, 41, 14, 31, 30, 16, 55, 44]
Round 319 | train_loss=0.6667 train_acc=0.7792 test_loss=1.2079 test_acc=0.5576
Round 320 | selected=[35, 5, 12, 36, 34, 71, 97, 24, 22, 14]
Round 320 | train_loss=0.7670 train_acc=0.7280 test_loss=1.1913 test_acc=0.5655
Round 321 | selected=[81, 73, 63, 74, 43, 97, 86, 34, 38, 21]
Round 321 | train_loss=0.8125 train_acc=0.7022 test_loss=1.0875 test_acc=0.5946
Round 322 | selected=[19, 79, 82, 9, 22, 60, 77, 45, 2, 62]
Round 322 | train_loss=0.7962 train_acc=0.7080 test_loss=1.0924 test_acc=0.5945
Round 323 | selected=[24, 13, 23, 76, 21, 42, 16, 45, 88, 56]
Round 323 | train_loss=0.7214 train_acc=0.7356 test_loss=1.1563 test_acc=0.5727
Round 324 | selected=[41, 1, 53, 6, 29, 50, 80, 93, 66, 97]
Round 324 | train_loss=0.6825 train_acc=0.7670 test_loss=1.0465 test_acc=0.6112
Round 325 | selected=[22, 71, 7, 24, 56, 65, 21, 96, 11, 25]
Round 325 | train_loss=0.6400 train_acc=0.7826 test_loss=1.0964 test_acc=0.6089
Round 326 | selected=[68, 37, 17, 84, 87, 50, 41, 16, 75, 90]
Round 326 | train_loss=0.8357 train_acc=0.7078 test_loss=1.0331 test_acc=0.6261
Round 327 | selected=[15, 91, 57, 19, 24, 35, 93, 16, 21, 29]
Round 327 | train_loss=0.6825 train_acc=0.7546 test_loss=1.0056 test_acc=0.6379
Round 328 | selected=[90, 68, 27, 65, 30, 29, 17, 2, 41, 60]
Round 328 | train_loss=0.7102 train_acc=0.7510 test_loss=0.9971 test_acc=0.6340
Round 329 | selected=[25, 14, 63, 13, 26, 77, 64, 96, 70, 16]
Round 329 | train_loss=0.6813 train_acc=0.7600 test_loss=0.9771 test_acc=0.6442
Round 330 | selected=[93, 25, 99, 59, 66, 17, 23, 71, 50, 12]
Round 330 | train_loss=0.6745 train_acc=0.7622 test_loss=0.9564 test_acc=0.6550
Round 331 | selected=[6, 5, 79, 37, 76, 3, 70, 94, 53, 46]
Round 331 | train_loss=0.6646 train_acc=0.7672 test_loss=0.9674 test_acc=0.6481
Round 332 | selected=[6, 14, 59, 69, 96, 84, 29, 75, 3, 37]
Round 332 | train_loss=0.7269 train_acc=0.7384 test_loss=0.9573 test_acc=0.6501
Round 333 | selected=[17, 77, 6, 31, 91, 36, 5, 82, 44, 4]
Round 333 | train_loss=0.7590 train_acc=0.7340 test_loss=0.9732 test_acc=0.6512
Round 334 | selected=[18, 7, 54, 9, 6, 22, 55, 94, 97, 65]
Round 334 | train_loss=0.6655 train_acc=0.7692 test_loss=0.9931 test_acc=0.6341
Round 335 | selected=[44, 90, 84, 3, 32, 36, 63, 73, 50, 12]
Round 335 | train_loss=0.7410 train_acc=0.7326 test_loss=0.9314 test_acc=0.6612
Round 336 | selected=[16, 2, 7, 44, 95, 92, 5, 14, 75, 71]
Round 336 | train_loss=0.7151 train_acc=0.7402 test_loss=0.9098 test_acc=0.6722
Round 337 | selected=[73, 25, 55, 45, 38, 65, 50, 20, 22, 62]
Round 337 | train_loss=0.6394 train_acc=0.7784 test_loss=0.9964 test_acc=0.6480
Round 338 | selected=[41, 69, 90, 50, 61, 97, 74, 8, 85, 83]
Round 338 | train_loss=0.6560 train_acc=0.7624 test_loss=0.9977 test_acc=0.6352
Round 339 | selected=[99, 56, 84, 65, 64, 14, 15, 92, 74, 90]
Round 339 | train_loss=0.7028 train_acc=0.7532 test_loss=0.9808 test_acc=0.6487
Round 340 | selected=[67, 24, 72, 75, 18, 49, 3, 27, 78, 13]
Round 340 | train_loss=0.6540 train_acc=0.7650 test_loss=0.9520 test_acc=0.6565
Round 341 | selected=[9, 22, 12, 16, 49, 50, 35, 10, 40, 15]
Round 341 | train_loss=0.6820 train_acc=0.7612 test_loss=0.8898 test_acc=0.6806
Round 342 | selected=[29, 68, 98, 88, 13, 89, 83, 53, 77, 60]
Round 342 | train_loss=0.6635 train_acc=0.7780 test_loss=0.9152 test_acc=0.6697
Round 343 | selected=[43, 26, 48, 91, 99, 93, 53, 11, 27, 40]
Round 343 | train_loss=0.6708 train_acc=0.7644 test_loss=0.8637 test_acc=0.6938
Round 344 | selected=[0, 15, 1, 67, 98, 17, 51, 3, 29, 7]
Round 344 | train_loss=0.5961 train_acc=0.7970 test_loss=0.8811 test_acc=0.6853
Round 345 | selected=[30, 92, 87, 31, 17, 13, 58, 89, 64, 96]
Round 345 | train_loss=0.5948 train_acc=0.8022 test_loss=0.8763 test_acc=0.6845
Round 346 | selected=[89, 60, 46, 99, 9, 64, 13, 3, 48, 30]
Round 346 | train_loss=0.6197 train_acc=0.7862 test_loss=0.8759 test_acc=0.6881
Round 347 | selected=[61, 44, 72, 12, 3, 38, 8, 94, 41, 34]
Round 347 | train_loss=0.6304 train_acc=0.7798 test_loss=0.8564 test_acc=0.6869
Round 348 | selected=[47, 93, 88, 13, 68, 12, 2, 46, 45, 81]
Round 348 | train_loss=0.6145 train_acc=0.7910 test_loss=0.9737 test_acc=0.6425
Round 349 | selected=[57, 19, 83, 5, 31, 7, 2, 44, 93, 11]
Round 349 | train_loss=0.6008 train_acc=0.7908 test_loss=1.0059 test_acc=0.6365
Round 350 | selected=[8, 68, 17, 77, 32, 9, 95, 81, 30, 5]
Round 350 | train_loss=0.5991 train_acc=0.7882 test_loss=0.9218 test_acc=0.6711
Round 351 | selected=[96, 86, 49, 81, 22, 8, 77, 38, 57, 18]
Round 351 | train_loss=0.5443 train_acc=0.8092 test_loss=0.9015 test_acc=0.6762
Round 352 | selected=[85, 79, 31, 33, 28, 49, 90, 32, 17, 54]
Round 352 | train_loss=0.6199 train_acc=0.7810 test_loss=0.8673 test_acc=0.6912
Round 353 | selected=[46, 41, 78, 76, 13, 87, 63, 57, 77, 93]
Round 353 | train_loss=0.5182 train_acc=0.8234 test_loss=0.8418 test_acc=0.6970
Round 354 | selected=[46, 28, 33, 91, 29, 47, 56, 54, 18, 96]
Round 354 | train_loss=0.5347 train_acc=0.8136 test_loss=0.9218 test_acc=0.6586
Round 355 | selected=[56, 32, 31, 68, 65, 78, 64, 11, 54, 29]
Round 355 | train_loss=0.5789 train_acc=0.7964 test_loss=0.9351 test_acc=0.6582
Round 356 | selected=[41, 59, 98, 1, 77, 69, 15, 34, 48, 65]
Round 356 | train_loss=0.6020 train_acc=0.7892 test_loss=0.8833 test_acc=0.6749
Round 357 | selected=[67, 61, 19, 54, 84, 43, 52, 49, 95, 99]
Round 357 | train_loss=0.5431 train_acc=0.8116 test_loss=0.9757 test_acc=0.6596
Round 358 | selected=[22, 91, 61, 23, 90, 2, 84, 85, 71, 63]
Round 358 | train_loss=0.5733 train_acc=0.7992 test_loss=0.8803 test_acc=0.6930
Round 359 | selected=[49, 4, 48, 80, 86, 87, 76, 40, 81, 47]
Round 359 | train_loss=0.6073 train_acc=0.7872 test_loss=0.7842 test_acc=0.7159
Round 360 | selected=[61, 91, 51, 5, 29, 46, 59, 48, 50, 12]
Round 360 | train_loss=0.5584 train_acc=0.8094 test_loss=0.8406 test_acc=0.6975
Round 361 | selected=[79, 10, 15, 46, 34, 39, 25, 63, 94, 32]
Round 361 | train_loss=0.5425 train_acc=0.8132 test_loss=0.8178 test_acc=0.7063
Round 362 | selected=[43, 99, 16, 86, 52, 24, 95, 94, 66, 74]
Round 362 | train_loss=0.5066 train_acc=0.8212 test_loss=0.8882 test_acc=0.6889
Round 363 | selected=[87, 18, 72, 4, 24, 54, 29, 36, 3, 91]
Round 363 | train_loss=0.5965 train_acc=0.7826 test_loss=0.7910 test_acc=0.7222
Round 364 | selected=[76, 78, 99, 3, 0, 54, 65, 62, 86, 29]
Round 364 | train_loss=0.5242 train_acc=0.8172 test_loss=0.8476 test_acc=0.6887
Round 365 | selected=[34, 24, 1, 45, 0, 2, 77, 43, 7, 74]
Round 365 | train_loss=0.5724 train_acc=0.7936 test_loss=0.9944 test_acc=0.6195
Round 366 | selected=[27, 98, 42, 44, 79, 49, 28, 74, 91, 78]
Round 366 | train_loss=0.5869 train_acc=0.7896 test_loss=0.9476 test_acc=0.6415
Round 367 | selected=[83, 27, 16, 70, 54, 96, 87, 33, 43, 39]
Round 367 | train_loss=0.5125 train_acc=0.8228 test_loss=0.9272 test_acc=0.6629
Round 368 | selected=[59, 69, 19, 99, 28, 97, 74, 48, 58, 61]
Round 368 | train_loss=0.5837 train_acc=0.7934 test_loss=0.8854 test_acc=0.6891
Round 369 | selected=[65, 40, 69, 32, 89, 83, 21, 71, 37, 41]
Round 369 | train_loss=0.5349 train_acc=0.8166 test_loss=0.8253 test_acc=0.7106
Round 370 | selected=[66, 46, 76, 40, 68, 45, 51, 27, 58, 99]
Round 370 | train_loss=0.4620 train_acc=0.8436 test_loss=0.8168 test_acc=0.7133
Round 371 | selected=[53, 57, 69, 85, 81, 76, 6, 98, 80, 16]
Round 371 | train_loss=0.5130 train_acc=0.8268 test_loss=0.8847 test_acc=0.6948
Round 372 | selected=[63, 40, 82, 91, 89, 37, 14, 46, 96, 10]
Round 372 | train_loss=0.5371 train_acc=0.8136 test_loss=0.8626 test_acc=0.7033
Round 373 | selected=[64, 57, 74, 21, 58, 94, 69, 80, 15, 27]
Round 373 | train_loss=0.5564 train_acc=0.8090 test_loss=0.7818 test_acc=0.7232
Round 374 | selected=[16, 44, 20, 98, 95, 40, 61, 46, 30, 12]
Round 374 | train_loss=0.4631 train_acc=0.8456 test_loss=0.8684 test_acc=0.6864
Round 375 | selected=[3, 13, 47, 26, 53, 91, 48, 27, 92, 76]
Round 375 | train_loss=0.5479 train_acc=0.8074 test_loss=0.7657 test_acc=0.7289
Round 376 | selected=[85, 1, 17, 27, 82, 77, 81, 78, 30, 92]
Round 376 | train_loss=0.5208 train_acc=0.8238 test_loss=0.7562 test_acc=0.7229
Round 377 | selected=[41, 28, 13, 99, 58, 21, 37, 30, 82, 26]
Round 377 | train_loss=0.4597 train_acc=0.8384 test_loss=0.8988 test_acc=0.6818
Round 378 | selected=[72, 37, 97, 88, 79, 68, 38, 99, 57, 55]
Round 378 | train_loss=0.4482 train_acc=0.8384 test_loss=0.9085 test_acc=0.6811
Round 379 | selected=[75, 21, 47, 5, 44, 30, 25, 99, 4, 8]
Round 379 | train_loss=0.5193 train_acc=0.8206 test_loss=0.8918 test_acc=0.6868
Round 380 | selected=[94, 12, 92, 77, 0, 21, 43, 24, 47, 26]
Round 380 | train_loss=0.4769 train_acc=0.8342 test_loss=0.8774 test_acc=0.6884
Round 381 | selected=[60, 99, 49, 87, 32, 90, 37, 30, 1, 59]
Round 381 | train_loss=0.5435 train_acc=0.8026 test_loss=0.8355 test_acc=0.6974
Round 382 | selected=[87, 14, 82, 57, 46, 40, 69, 26, 23, 43]
Round 382 | train_loss=0.4669 train_acc=0.8414 test_loss=0.8108 test_acc=0.7120
Round 383 | selected=[17, 58, 76, 50, 41, 10, 13, 18, 92, 71]
Round 383 | train_loss=0.4720 train_acc=0.8420 test_loss=0.7586 test_acc=0.7376
Round 384 | selected=[80, 49, 11, 68, 65, 2, 26, 73, 60, 46]
Round 384 | train_loss=0.5175 train_acc=0.8230 test_loss=0.8360 test_acc=0.7033
Round 385 | selected=[80, 90, 72, 20, 24, 30, 40, 91, 22, 28]
Round 385 | train_loss=0.5381 train_acc=0.8096 test_loss=0.7576 test_acc=0.7385
Round 386 | selected=[20, 37, 50, 5, 89, 62, 47, 21, 81, 98]
Round 386 | train_loss=0.4812 train_acc=0.8420 test_loss=0.7662 test_acc=0.7218
Round 387 | selected=[11, 61, 85, 10, 35, 55, 83, 30, 90, 97]
Round 387 | train_loss=0.4243 train_acc=0.8566 test_loss=0.8367 test_acc=0.7026
Round 388 | selected=[0, 6, 5, 26, 29, 53, 84, 28, 73, 85]
Round 388 | train_loss=0.4904 train_acc=0.8328 test_loss=0.7929 test_acc=0.7208
Round 389 | selected=[89, 32, 67, 33, 3, 37, 54, 57, 59, 34]
Round 389 | train_loss=0.4965 train_acc=0.8244 test_loss=0.7384 test_acc=0.7337
Round 390 | selected=[46, 74, 3, 2, 4, 55, 27, 26, 38, 42]
Round 390 | train_loss=0.4632 train_acc=0.8354 test_loss=0.7708 test_acc=0.7181
Round 391 | selected=[7, 87, 31, 61, 22, 79, 64, 14, 73, 43]
Round 391 | train_loss=0.4864 train_acc=0.8354 test_loss=0.8241 test_acc=0.7012
Round 392 | selected=[98, 92, 77, 58, 79, 96, 35, 39, 82, 69]
Round 392 | train_loss=0.4488 train_acc=0.8470 test_loss=0.8012 test_acc=0.7182
Round 393 | selected=[65, 72, 93, 92, 24, 70, 55, 81, 58, 75]
Round 393 | train_loss=0.4598 train_acc=0.8424 test_loss=0.7481 test_acc=0.7306
Round 394 | selected=[24, 21, 71, 52, 15, 83, 92, 68, 95, 46]
Round 394 | train_loss=0.4635 train_acc=0.8464 test_loss=0.7959 test_acc=0.7236
Round 395 | selected=[87, 8, 19, 85, 73, 68, 46, 10, 1, 24]
Round 395 | train_loss=0.4494 train_acc=0.8456 test_loss=0.7530 test_acc=0.7351
Round 396 | selected=[28, 44, 33, 59, 35, 25, 14, 47, 41, 69]
Round 396 | train_loss=0.4384 train_acc=0.8444 test_loss=0.7408 test_acc=0.7391
Round 397 | selected=[5, 36, 41, 51, 82, 77, 76, 8, 23, 29]
Round 397 | train_loss=0.5101 train_acc=0.8198 test_loss=0.8838 test_acc=0.6963
Round 398 | selected=[63, 76, 36, 62, 49, 77, 48, 87, 45, 34]
Round 398 | train_loss=0.5604 train_acc=0.7982 test_loss=0.9208 test_acc=0.6831
Round 399 | selected=[51, 34, 87, 26, 92, 21, 44, 39, 68, 76]
Round 399 | train_loss=0.4715 train_acc=0.8458 test_loss=0.8124 test_acc=0.7118
Round 400 | selected=[9, 30, 20, 63, 11, 55, 0, 79, 2, 14]
Round 400 | train_loss=0.4202 train_acc=0.8532 test_loss=0.7680 test_acc=0.7268
Round 401 | selected=[27, 2, 29, 25, 17, 49, 7, 19, 1, 11]
Round 401 | train_loss=0.4511 train_acc=0.8460 test_loss=0.9187 test_acc=0.6796
Round 402 | selected=[84, 21, 71, 86, 72, 6, 54, 79, 52, 13]
Round 402 | train_loss=0.4096 train_acc=0.8592 test_loss=0.9202 test_acc=0.6781
Round 403 | selected=[52, 39, 55, 72, 3, 77, 93, 58, 10, 60]
Round 403 | train_loss=0.4408 train_acc=0.8444 test_loss=0.7914 test_acc=0.7253
Round 404 | selected=[58, 60, 56, 40, 57, 76, 85, 98, 92, 45]
Round 404 | train_loss=0.4744 train_acc=0.8332 test_loss=0.7718 test_acc=0.7282
Round 405 | selected=[62, 26, 33, 73, 40, 50, 83, 99, 65, 69]
Round 405 | train_loss=0.4641 train_acc=0.8402 test_loss=0.8839 test_acc=0.6948
Round 406 | selected=[50, 21, 26, 64, 47, 41, 27, 93, 49, 6]
Round 406 | train_loss=0.4423 train_acc=0.8474 test_loss=1.0276 test_acc=0.6516
Round 407 | selected=[7, 66, 46, 2, 41, 40, 62, 13, 1, 80]
Round 407 | train_loss=0.4721 train_acc=0.8370 test_loss=0.8594 test_acc=0.7011
Round 408 | selected=[58, 45, 36, 15, 84, 13, 64, 51, 0, 23]
Round 408 | train_loss=0.5017 train_acc=0.8246 test_loss=0.8973 test_acc=0.6849
Round 409 | selected=[41, 18, 79, 0, 14, 71, 13, 89, 35, 1]
Round 409 | train_loss=0.4321 train_acc=0.8548 test_loss=0.9805 test_acc=0.6626
Round 410 | selected=[3, 51, 80, 91, 25, 90, 8, 79, 41, 53]
Round 410 | train_loss=0.4970 train_acc=0.8312 test_loss=0.7743 test_acc=0.7327
Round 411 | selected=[69, 84, 54, 86, 29, 19, 13, 38, 57, 3]
Round 411 | train_loss=0.3628 train_acc=0.8780 test_loss=0.8869 test_acc=0.6965
Round 412 | selected=[69, 44, 85, 9, 51, 62, 34, 77, 46, 54]
Round 412 | train_loss=0.4852 train_acc=0.8376 test_loss=0.9104 test_acc=0.6910
Round 413 | selected=[16, 66, 89, 50, 38, 49, 36, 98, 28, 53]
Round 413 | train_loss=0.5045 train_acc=0.8272 test_loss=0.7804 test_acc=0.7212
Round 414 | selected=[52, 9, 82, 19, 23, 29, 53, 73, 83, 6]
Round 414 | train_loss=0.5158 train_acc=0.8184 test_loss=0.8684 test_acc=0.7013
Round 415 | selected=[25, 3, 28, 46, 33, 56, 63, 43, 64, 6]
Round 415 | train_loss=0.4679 train_acc=0.8424 test_loss=1.0695 test_acc=0.6307
Round 416 | selected=[16, 56, 78, 85, 74, 29, 20, 98, 31, 17]
Round 416 | train_loss=0.5209 train_acc=0.8130 test_loss=0.8102 test_acc=0.7045
Round 417 | selected=[69, 67, 58, 10, 98, 4, 57, 6, 19, 86]
Round 417 | train_loss=0.3955 train_acc=0.8654 test_loss=0.8581 test_acc=0.7019
Round 418 | selected=[93, 8, 33, 42, 11, 64, 32, 91, 89, 26]
Round 418 | train_loss=0.5847 train_acc=0.7966 test_loss=0.8690 test_acc=0.7030
Round 419 | selected=[7, 56, 13, 49, 92, 68, 61, 18, 52, 20]
Round 419 | train_loss=0.4214 train_acc=0.8630 test_loss=0.7760 test_acc=0.7236
Round 420 | selected=[55, 20, 0, 36, 22, 41, 21, 54, 4, 7]
Round 420 | train_loss=0.4185 train_acc=0.8496 test_loss=0.8203 test_acc=0.7011
Round 421 | selected=[39, 81, 90, 68, 23, 31, 0, 7, 80, 50]
Round 421 | train_loss=0.4994 train_acc=0.8224 test_loss=0.7945 test_acc=0.7179
Round 422 | selected=[23, 33, 40, 82, 25, 66, 16, 59, 30, 90]
Round 422 | train_loss=0.3945 train_acc=0.8674 test_loss=0.8431 test_acc=0.7006
Round 423 | selected=[22, 91, 4, 54, 56, 18, 24, 26, 16, 94]
Round 423 | train_loss=0.4308 train_acc=0.8544 test_loss=0.9428 test_acc=0.6603
Round 424 | selected=[7, 40, 84, 21, 67, 94, 29, 31, 18, 42]
Round 424 | train_loss=0.4255 train_acc=0.8602 test_loss=0.9107 test_acc=0.6686
Round 425 | selected=[85, 76, 49, 64, 44, 34, 54, 17, 37, 60]
Round 425 | train_loss=0.5154 train_acc=0.8194 test_loss=0.8215 test_acc=0.7095
Round 426 | selected=[78, 77, 3, 69, 74, 35, 85, 50, 42, 48]
Round 426 | train_loss=0.4845 train_acc=0.8262 test_loss=0.9345 test_acc=0.6863
Round 427 | selected=[68, 31, 92, 66, 17, 42, 93, 34, 7, 24]
Round 427 | train_loss=0.4447 train_acc=0.8472 test_loss=0.9743 test_acc=0.6663
Round 428 | selected=[88, 37, 40, 26, 74, 95, 11, 28, 77, 47]
Round 428 | train_loss=0.4964 train_acc=0.8274 test_loss=0.7412 test_acc=0.7405
Round 429 | selected=[85, 25, 65, 17, 59, 76, 68, 39, 87, 77]
Round 429 | train_loss=0.4676 train_acc=0.8312 test_loss=0.8259 test_acc=0.6998
Round 430 | selected=[5, 15, 44, 40, 37, 54, 91, 60, 16, 93]
Round 430 | train_loss=0.4918 train_acc=0.8206 test_loss=0.8265 test_acc=0.7027
Round 431 | selected=[14, 27, 66, 84, 17, 50, 7, 59, 80, 2]
Round 431 | train_loss=0.4548 train_acc=0.8382 test_loss=0.8163 test_acc=0.7027
Round 432 | selected=[14, 19, 18, 60, 32, 67, 56, 30, 20, 51]
Round 432 | train_loss=0.4182 train_acc=0.8480 test_loss=0.7309 test_acc=0.7422
Round 433 | selected=[28, 83, 4, 68, 58, 8, 71, 62, 99, 91]
Round 433 | train_loss=0.5050 train_acc=0.8240 test_loss=0.8231 test_acc=0.6978
Round 434 | selected=[45, 57, 31, 34, 71, 83, 85, 96, 25, 29]
Round 434 | train_loss=0.4674 train_acc=0.8354 test_loss=0.8660 test_acc=0.6926
Round 435 | selected=[39, 36, 35, 79, 47, 93, 3, 58, 50, 14]
Round 435 | train_loss=0.4306 train_acc=0.8478 test_loss=0.7444 test_acc=0.7366
Round 436 | selected=[47, 12, 38, 7, 93, 48, 13, 33, 1, 49]
Round 436 | train_loss=0.3760 train_acc=0.8760 test_loss=0.8286 test_acc=0.7065
Round 437 | selected=[3, 48, 45, 25, 4, 99, 36, 5, 41, 72]
Round 437 | train_loss=0.5081 train_acc=0.8168 test_loss=0.7893 test_acc=0.7259
Round 438 | selected=[44, 68, 56, 5, 30, 40, 45, 0, 48, 41]
Round 438 | train_loss=0.4269 train_acc=0.8504 test_loss=0.8627 test_acc=0.7019
Round 439 | selected=[3, 80, 25, 30, 38, 15, 48, 24, 58, 62]
Round 439 | train_loss=0.4774 train_acc=0.8298 test_loss=0.7171 test_acc=0.7473
Round 440 | selected=[87, 18, 96, 65, 69, 12, 78, 94, 28, 24]
Round 440 | train_loss=0.4341 train_acc=0.8530 test_loss=0.6333 test_acc=0.7781
Round 441 | selected=[71, 66, 11, 83, 33, 48, 16, 67, 47, 91]
Round 441 | train_loss=0.3599 train_acc=0.8766 test_loss=0.7921 test_acc=0.7225
Round 442 | selected=[21, 59, 90, 38, 95, 44, 53, 68, 82, 7]
Round 442 | train_loss=0.4300 train_acc=0.8522 test_loss=0.8705 test_acc=0.6902
Round 443 | selected=[19, 98, 6, 63, 61, 9, 77, 10, 82, 81]
Round 443 | train_loss=0.4292 train_acc=0.8520 test_loss=0.7376 test_acc=0.7403
Round 444 | selected=[71, 6, 44, 18, 34, 26, 40, 66, 22, 68]
Round 444 | train_loss=0.3459 train_acc=0.8858 test_loss=0.7021 test_acc=0.7613
Round 445 | selected=[17, 95, 1, 23, 33, 64, 73, 29, 89, 44]
Round 445 | train_loss=0.4220 train_acc=0.8578 test_loss=0.6902 test_acc=0.7550
Round 446 | selected=[46, 3, 88, 71, 51, 16, 24, 94, 38, 67]
Round 446 | train_loss=0.3575 train_acc=0.8770 test_loss=0.6728 test_acc=0.7597
Round 447 | selected=[97, 42, 73, 82, 62, 61, 76, 50, 59, 79]
Round 447 | train_loss=0.4333 train_acc=0.8474 test_loss=0.6714 test_acc=0.7595
Round 448 | selected=[26, 18, 1, 57, 77, 96, 91, 33, 99, 28]
Round 448 | train_loss=0.3786 train_acc=0.8696 test_loss=0.6469 test_acc=0.7701
Round 449 | selected=[76, 89, 52, 91, 47, 57, 2, 43, 95, 27]
Round 449 | train_loss=0.4018 train_acc=0.8660 test_loss=0.7085 test_acc=0.7476
Round 450 | selected=[29, 39, 76, 53, 2, 74, 46, 93, 77, 50]
Round 450 | train_loss=0.4047 train_acc=0.8538 test_loss=0.6284 test_acc=0.7807
Round 451 | selected=[3, 86, 82, 89, 38, 58, 47, 28, 79, 70]
Round 451 | train_loss=0.3430 train_acc=0.8830 test_loss=0.6483 test_acc=0.7669
Round 452 | selected=[84, 90, 14, 86, 95, 56, 98, 81, 85, 20]
Round 452 | train_loss=0.3808 train_acc=0.8694 test_loss=0.6699 test_acc=0.7650
Round 453 | selected=[42, 19, 53, 47, 57, 74, 37, 98, 16, 38]
Round 453 | train_loss=0.3282 train_acc=0.8850 test_loss=0.6362 test_acc=0.7771
Round 454 | selected=[66, 1, 53, 17, 11, 19, 34, 37, 31, 77]
Round 454 | train_loss=0.3208 train_acc=0.8914 test_loss=0.6677 test_acc=0.7644
Round 455 | selected=[80, 78, 75, 59, 42, 0, 26, 43, 91, 71]
Round 455 | train_loss=0.4102 train_acc=0.8596 test_loss=0.6622 test_acc=0.7645
Round 456 | selected=[98, 5, 1, 56, 19, 85, 62, 53, 76, 31]
Round 456 | train_loss=0.3597 train_acc=0.8754 test_loss=0.6219 test_acc=0.7819
Round 457 | selected=[6, 81, 25, 80, 2, 97, 44, 65, 29, 1]
Round 457 | train_loss=0.3630 train_acc=0.8740 test_loss=0.6125 test_acc=0.7814
Round 458 | selected=[94, 11, 62, 70, 52, 7, 51, 99, 22, 33]
Round 458 | train_loss=0.3542 train_acc=0.8854 test_loss=0.6054 test_acc=0.7870
Round 459 | selected=[90, 6, 61, 4, 47, 87, 64, 55, 69, 23]
Round 459 | train_loss=0.3372 train_acc=0.8842 test_loss=0.6694 test_acc=0.7632
Round 460 | selected=[59, 94, 62, 22, 50, 97, 85, 73, 87, 69]
Round 460 | train_loss=0.3779 train_acc=0.8632 test_loss=0.6468 test_acc=0.7685
Round 461 | selected=[93, 8, 16, 59, 3, 38, 49, 11, 26, 81]
Round 461 | train_loss=0.3656 train_acc=0.8730 test_loss=0.6838 test_acc=0.7588
Round 462 | selected=[21, 28, 10, 2, 48, 88, 72, 97, 30, 46]
Round 462 | train_loss=0.3305 train_acc=0.8882 test_loss=0.7582 test_acc=0.7293
Round 463 | selected=[72, 97, 50, 53, 65, 25, 24, 11, 18, 13]
Round 463 | train_loss=0.2996 train_acc=0.8966 test_loss=0.7410 test_acc=0.7394
Round 464 | selected=[75, 14, 77, 74, 59, 49, 1, 63, 96, 72]
Round 464 | train_loss=0.4367 train_acc=0.8460 test_loss=0.6316 test_acc=0.7818
Round 465 | selected=[33, 74, 62, 46, 15, 5, 98, 35, 80, 70]
Round 465 | train_loss=0.3854 train_acc=0.8660 test_loss=0.6675 test_acc=0.7704
Round 466 | selected=[51, 1, 27, 48, 97, 63, 17, 26, 0, 29]
Round 466 | train_loss=0.3095 train_acc=0.8924 test_loss=0.6475 test_acc=0.7754
Round 467 | selected=[22, 2, 12, 90, 93, 27, 13, 51, 30, 79]
Round 467 | train_loss=0.3015 train_acc=0.8956 test_loss=0.6519 test_acc=0.7692
Round 468 | selected=[4, 27, 96, 75, 21, 33, 28, 44, 35, 29]
Round 468 | train_loss=0.3122 train_acc=0.8942 test_loss=0.6689 test_acc=0.7588
Round 469 | selected=[45, 62, 71, 35, 93, 84, 1, 27, 12, 53]
Round 469 | train_loss=0.3473 train_acc=0.8842 test_loss=0.6707 test_acc=0.7573
Round 470 | selected=[4, 30, 73, 69, 81, 62, 13, 63, 29, 55]
Round 470 | train_loss=0.2755 train_acc=0.9072 test_loss=0.7038 test_acc=0.7538
Round 471 | selected=[55, 96, 34, 63, 15, 23, 13, 97, 88, 78]
Round 471 | train_loss=0.3801 train_acc=0.8688 test_loss=0.6974 test_acc=0.7516
Round 472 | selected=[10, 45, 60, 86, 82, 63, 23, 34, 50, 42]
Round 472 | train_loss=0.3645 train_acc=0.8782 test_loss=0.7074 test_acc=0.7463
Round 473 | selected=[17, 79, 57, 36, 75, 74, 26, 28, 31, 10]
Round 473 | train_loss=0.3557 train_acc=0.8754 test_loss=0.6134 test_acc=0.7838
Round 474 | selected=[95, 33, 25, 0, 2, 21, 1, 46, 9, 48]
Round 474 | train_loss=0.3019 train_acc=0.9020 test_loss=0.7144 test_acc=0.7632
Round 475 | selected=[40, 38, 42, 18, 85, 43, 0, 71, 77, 12]
Round 475 | train_loss=0.3218 train_acc=0.8908 test_loss=0.6455 test_acc=0.7838
Round 476 | selected=[86, 10, 42, 79, 55, 89, 63, 29, 21, 11]
Round 476 | train_loss=0.2418 train_acc=0.9220 test_loss=0.6549 test_acc=0.7761
Round 477 | selected=[87, 54, 79, 39, 86, 70, 71, 4, 2, 72]
Round 477 | train_loss=0.3130 train_acc=0.8942 test_loss=0.7219 test_acc=0.7486
Round 478 | selected=[8, 11, 60, 56, 48, 28, 45, 2, 80, 96]
Round 478 | train_loss=0.4115 train_acc=0.8610 test_loss=0.7264 test_acc=0.7353
Round 479 | selected=[64, 38, 47, 14, 93, 17, 27, 2, 51, 34]
Round 479 | train_loss=0.3223 train_acc=0.8886 test_loss=0.7342 test_acc=0.7398
Round 480 | selected=[24, 63, 45, 6, 43, 0, 22, 65, 15, 33]
Round 480 | train_loss=0.3549 train_acc=0.8774 test_loss=0.6818 test_acc=0.7702
Round 481 | selected=[0, 22, 84, 92, 58, 91, 9, 79, 16, 26]
Round 481 | train_loss=0.3479 train_acc=0.8824 test_loss=0.6137 test_acc=0.7868
Round 482 | selected=[43, 8, 15, 52, 79, 83, 28, 46, 68, 36]
Round 482 | train_loss=0.3880 train_acc=0.8630 test_loss=0.7316 test_acc=0.7447
Round 483 | selected=[93, 73, 83, 6, 63, 53, 75, 62, 98, 91]
Round 483 | train_loss=0.4023 train_acc=0.8562 test_loss=0.7230 test_acc=0.7488
Round 484 | selected=[72, 3, 48, 95, 22, 83, 58, 16, 80, 82]
Round 484 | train_loss=0.3938 train_acc=0.8616 test_loss=0.6615 test_acc=0.7700
Round 485 | selected=[83, 63, 90, 98, 30, 32, 43, 1, 59, 37]
Round 485 | train_loss=0.3524 train_acc=0.8736 test_loss=0.6997 test_acc=0.7625
Round 486 | selected=[92, 19, 42, 30, 9, 66, 14, 93, 7, 83]
Round 486 | train_loss=0.3109 train_acc=0.8944 test_loss=0.6816 test_acc=0.7670
Round 487 | selected=[64, 61, 50, 51, 43, 41, 27, 93, 49, 21]
Round 487 | train_loss=0.3442 train_acc=0.8826 test_loss=0.6758 test_acc=0.7701
Round 488 | selected=[27, 77, 15, 35, 25, 80, 44, 30, 17, 18]
Round 488 | train_loss=0.2808 train_acc=0.9062 test_loss=0.9765 test_acc=0.6906
Round 489 | selected=[95, 96, 16, 20, 21, 6, 64, 54, 77, 31]
Round 489 | train_loss=0.3343 train_acc=0.8878 test_loss=1.0082 test_acc=0.6889
Round 490 | selected=[85, 99, 63, 72, 83, 90, 18, 30, 20, 45]
Round 490 | train_loss=0.3590 train_acc=0.8816 test_loss=0.7174 test_acc=0.7551
Round 491 | selected=[80, 10, 82, 72, 95, 15, 56, 44, 96, 37]
Round 491 | train_loss=0.3274 train_acc=0.8922 test_loss=0.6350 test_acc=0.7785
Round 492 | selected=[90, 86, 69, 52, 77, 38, 60, 9, 33, 37]
Round 492 | train_loss=0.2830 train_acc=0.9070 test_loss=0.8745 test_acc=0.7210
Round 493 | selected=[13, 94, 63, 60, 3, 69, 39, 10, 7, 12]
Round 493 | train_loss=0.3231 train_acc=0.8882 test_loss=0.8579 test_acc=0.7225
Round 494 | selected=[33, 97, 71, 42, 31, 92, 67, 2, 27, 44]
Round 494 | train_loss=0.3462 train_acc=0.8782 test_loss=0.7872 test_acc=0.7271
Round 495 | selected=[72, 40, 78, 37, 16, 47, 64, 97, 36, 39]
Round 495 | train_loss=0.3381 train_acc=0.8780 test_loss=0.7096 test_acc=0.7443
Round 496 | selected=[50, 28, 79, 8, 95, 34, 31, 80, 24, 12]
Round 496 | train_loss=0.3546 train_acc=0.8756 test_loss=0.7731 test_acc=0.7432
Round 497 | selected=[98, 34, 6, 56, 18, 40, 84, 23, 54, 41]
Round 497 | train_loss=0.3328 train_acc=0.8884 test_loss=0.7787 test_acc=0.7425
Round 498 | selected=[58, 75, 6, 68, 74, 90, 49, 71, 24, 33]
Round 498 | train_loss=0.3644 train_acc=0.8686 test_loss=0.6819 test_acc=0.7665
Round 499 | selected=[60, 22, 32, 74, 37, 11, 36, 84, 85, 89]
Round 499 | train_loss=0.3960 train_acc=0.8534 test_loss=0.6677 test_acc=0.7697
Round 500 | selected=[27, 22, 20, 35, 1, 54, 7, 42, 74, 19]
Round 500 | train_loss=0.3484 train_acc=0.8764 test_loss=0.6860 test_acc=0.7516
Saved: track1/results/cifar10/final_seed42/fedavgm_alpha03_seed42.csv
COMPLETED: fedavgm alpha03 seed=42
