========================================
JOB:       12007562
TASK:      39
ALGORITHM: fedprox
PARTITION: alpha01
SEED:      45
GPU:       0
========================================
Device: cuda
GPU: Tesla V100-PCIE-32GB
Round 0 | test_loss=2.8279 test_acc=0.0938
Round 1 | selected=[84, 96, 49, 52, 68, 55, 73, 51, 79, 50]
Round 1 | train_loss=1.3822 train_acc=0.5402 test_loss=2.6236 test_acc=0.1022
Round 2 | selected=[61, 70, 47, 11, 92, 52, 58, 77, 79, 57]
Round 2 | train_loss=1.3892 train_acc=0.5724 test_loss=3.1541 test_acc=0.1000
Round 3 | selected=[68, 28, 99, 76, 4, 11, 39, 98, 40, 5]
Round 3 | train_loss=1.8082 train_acc=0.5806 test_loss=5.1394 test_acc=0.1021
Round 4 | selected=[26, 11, 9, 16, 70, 81, 96, 73, 29, 19]
Round 4 | train_loss=2.5302 train_acc=0.4886 test_loss=6.2425 test_acc=0.1416
Round 5 | selected=[11, 19, 35, 99, 1, 3, 45, 97, 31, 91]
Round 5 | train_loss=2.1611 train_acc=0.5684 test_loss=6.3877 test_acc=0.1000
Round 6 | selected=[65, 92, 81, 94, 48, 86, 77, 43, 30, 68]
Round 6 | train_loss=1.5548 train_acc=0.5598 test_loss=5.0646 test_acc=0.1002
Round 7 | selected=[35, 74, 98, 56, 37, 62, 89, 49, 80, 13]
Round 7 | train_loss=1.7536 train_acc=0.5126 test_loss=3.9076 test_acc=0.1000
Round 8 | selected=[29, 13, 46, 2, 67, 30, 38, 4, 60, 73]
Round 8 | train_loss=1.6530 train_acc=0.5938 test_loss=2.7187 test_acc=0.1511
Round 9 | selected=[69, 44, 76, 74, 34, 79, 22, 60, 16, 15]
Round 9 | train_loss=1.3158 train_acc=0.5956 test_loss=2.9767 test_acc=0.1000
Round 10 | selected=[8, 64, 44, 23, 48, 9, 69, 1, 29, 86]
Round 10 | train_loss=1.4888 train_acc=0.5566 test_loss=2.9224 test_acc=0.1649
Round 11 | selected=[73, 27, 86, 10, 22, 92, 9, 36, 43, 21]
Round 11 | train_loss=1.4090 train_acc=0.5324 test_loss=3.0684 test_acc=0.1768
Round 12 | selected=[19, 10, 46, 11, 4, 42, 16, 99, 96, 21]
Round 12 | train_loss=1.4278 train_acc=0.6382 test_loss=2.6312 test_acc=0.1504
Round 13 | selected=[31, 94, 27, 21, 48, 46, 69, 72, 24, 19]
Round 13 | train_loss=1.2029 train_acc=0.6434 test_loss=2.7085 test_acc=0.1501
Round 14 | selected=[25, 64, 96, 46, 42, 85, 98, 20, 65, 89]
Round 14 | train_loss=1.3664 train_acc=0.5586 test_loss=2.9325 test_acc=0.1281
Round 15 | selected=[94, 59, 89, 13, 76, 48, 39, 55, 44, 60]
Round 15 | train_loss=1.7707 train_acc=0.4870 test_loss=2.6235 test_acc=0.2059
Round 16 | selected=[44, 33, 28, 69, 36, 32, 46, 3, 35, 5]
Round 16 | train_loss=1.4123 train_acc=0.5760 test_loss=2.3281 test_acc=0.1664
Round 17 | selected=[56, 86, 33, 90, 8, 44, 94, 74, 83, 93]
Round 17 | train_loss=1.1732 train_acc=0.6064 test_loss=2.3656 test_acc=0.1591
Round 18 | selected=[37, 96, 61, 80, 73, 86, 52, 2, 81, 38]
Round 18 | train_loss=1.3981 train_acc=0.5518 test_loss=2.7190 test_acc=0.1314
Round 19 | selected=[66, 82, 91, 49, 25, 42, 15, 74, 75, 13]
Round 19 | train_loss=1.4548 train_acc=0.5518 test_loss=2.4322 test_acc=0.1989
Round 20 | selected=[99, 42, 96, 30, 8, 88, 93, 46, 90, 82]
Round 20 | train_loss=1.2639 train_acc=0.6408 test_loss=2.5534 test_acc=0.1717
Round 21 | selected=[91, 8, 48, 72, 47, 73, 24, 60, 98, 50]
Round 21 | train_loss=1.5482 train_acc=0.5614 test_loss=2.4194 test_acc=0.1706
Round 22 | selected=[77, 27, 23, 18, 4, 45, 66, 71, 72, 51]
Round 22 | train_loss=1.4496 train_acc=0.4998 test_loss=2.2878 test_acc=0.1810
Round 23 | selected=[5, 69, 78, 15, 35, 44, 28, 19, 61, 59]
Round 23 | train_loss=1.2536 train_acc=0.6250 test_loss=2.2947 test_acc=0.1642
Round 24 | selected=[85, 67, 48, 41, 94, 11, 53, 22, 20, 52]
Round 24 | train_loss=1.3087 train_acc=0.5856 test_loss=2.5166 test_acc=0.1651
Round 25 | selected=[46, 96, 40, 57, 45, 30, 99, 94, 9, 5]
Round 25 | train_loss=1.4835 train_acc=0.5448 test_loss=2.4412 test_acc=0.1606
Round 26 | selected=[60, 99, 84, 0, 28, 13, 19, 55, 9, 96]
Round 26 | train_loss=1.2403 train_acc=0.5838 test_loss=2.7527 test_acc=0.1430
Round 27 | selected=[85, 18, 27, 88, 21, 73, 6, 62, 2, 82]
Round 27 | train_loss=1.6372 train_acc=0.4690 test_loss=2.6256 test_acc=0.1722
Round 28 | selected=[59, 40, 9, 65, 22, 53, 44, 72, 79, 45]
Round 28 | train_loss=1.5568 train_acc=0.4986 test_loss=2.3425 test_acc=0.2253
Round 29 | selected=[15, 11, 81, 91, 12, 35, 43, 26, 44, 94]
Round 29 | train_loss=1.3438 train_acc=0.5954 test_loss=2.2219 test_acc=0.2330
Round 30 | selected=[61, 1, 5, 70, 21, 6, 92, 75, 45, 40]
Round 30 | train_loss=1.3568 train_acc=0.5814 test_loss=2.1306 test_acc=0.1853
Round 31 | selected=[3, 14, 15, 90, 86, 96, 47, 45, 63, 10]
Round 31 | train_loss=1.1884 train_acc=0.6148 test_loss=2.6043 test_acc=0.1716
Round 32 | selected=[33, 35, 79, 59, 54, 96, 60, 67, 61, 39]
Round 32 | train_loss=1.3974 train_acc=0.5506 test_loss=2.3044 test_acc=0.2019
Round 33 | selected=[72, 49, 39, 77, 98, 10, 59, 17, 29, 9]
Round 33 | train_loss=1.4952 train_acc=0.5044 test_loss=2.2079 test_acc=0.1910
Round 34 | selected=[15, 59, 57, 88, 60, 13, 70, 47, 76, 26]
Round 34 | train_loss=1.2680 train_acc=0.5954 test_loss=2.4812 test_acc=0.1562
Round 35 | selected=[76, 4, 23, 69, 56, 13, 43, 54, 99, 88]
Round 35 | train_loss=1.1304 train_acc=0.6454 test_loss=2.4249 test_acc=0.1849
Round 36 | selected=[3, 50, 71, 29, 88, 11, 13, 2, 7, 47]
Round 36 | train_loss=1.3612 train_acc=0.5820 test_loss=2.2720 test_acc=0.1746
Round 37 | selected=[47, 27, 28, 8, 2, 88, 30, 16, 45, 60]
Round 37 | train_loss=1.3279 train_acc=0.5570 test_loss=2.1283 test_acc=0.2266
Round 38 | selected=[50, 29, 85, 86, 64, 10, 7, 16, 49, 48]
Round 38 | train_loss=1.1987 train_acc=0.6106 test_loss=2.2416 test_acc=0.1916
Round 39 | selected=[3, 88, 98, 97, 23, 40, 74, 61, 79, 59]
Round 39 | train_loss=1.3889 train_acc=0.5622 test_loss=2.0775 test_acc=0.2300
Round 40 | selected=[29, 47, 55, 25, 13, 65, 91, 10, 8, 89]
Round 40 | train_loss=1.3237 train_acc=0.5384 test_loss=2.1807 test_acc=0.1611
Round 41 | selected=[51, 18, 44, 36, 79, 62, 64, 43, 11, 96]
Round 41 | train_loss=1.5397 train_acc=0.4976 test_loss=2.2781 test_acc=0.2030
Round 42 | selected=[41, 24, 80, 14, 5, 27, 42, 90, 73, 47]
Round 42 | train_loss=1.2652 train_acc=0.5906 test_loss=2.0910 test_acc=0.1640
Round 43 | selected=[23, 81, 54, 52, 62, 9, 6, 38, 79, 2]
Round 43 | train_loss=1.1754 train_acc=0.6122 test_loss=2.0855 test_acc=0.1954
Round 44 | selected=[47, 85, 84, 78, 86, 3, 36, 7, 5, 81]
Round 44 | train_loss=1.1217 train_acc=0.6540 test_loss=2.0645 test_acc=0.2352
Round 45 | selected=[11, 75, 46, 15, 87, 21, 51, 99, 61, 90]
Round 45 | train_loss=1.1773 train_acc=0.6210 test_loss=2.2203 test_acc=0.2087
Round 46 | selected=[69, 76, 10, 45, 22, 62, 23, 65, 12, 3]
Round 46 | train_loss=1.2621 train_acc=0.5948 test_loss=2.2960 test_acc=0.2124
Round 47 | selected=[67, 90, 35, 54, 81, 44, 49, 39, 59, 23]
Round 47 | train_loss=1.2033 train_acc=0.6340 test_loss=2.2520 test_acc=0.2120
Round 48 | selected=[21, 14, 50, 90, 26, 19, 13, 68, 34, 48]
Round 48 | train_loss=1.1365 train_acc=0.6352 test_loss=2.1948 test_acc=0.1952
Round 49 | selected=[54, 25, 65, 52, 28, 81, 63, 5, 74, 91]
Round 49 | train_loss=1.1751 train_acc=0.6452 test_loss=2.0541 test_acc=0.2273
Round 50 | selected=[71, 16, 75, 59, 89, 46, 84, 44, 60, 37]
Round 50 | train_loss=1.2543 train_acc=0.5716 test_loss=2.0226 test_acc=0.2103
Round 51 | selected=[68, 88, 39, 89, 20, 76, 95, 70, 81, 26]
Round 51 | train_loss=1.2149 train_acc=0.6082 test_loss=2.1442 test_acc=0.2171
Round 52 | selected=[2, 9, 53, 58, 82, 81, 77, 74, 40, 95]
Round 52 | train_loss=1.2724 train_acc=0.5900 test_loss=1.9410 test_acc=0.2484
Round 53 | selected=[91, 64, 55, 94, 70, 61, 93, 71, 56, 63]
Round 53 | train_loss=1.2155 train_acc=0.6106 test_loss=2.0624 test_acc=0.1886
Round 54 | selected=[59, 24, 95, 36, 63, 16, 76, 94, 42, 51]
Round 54 | train_loss=1.1170 train_acc=0.6402 test_loss=1.9896 test_acc=0.2288
Round 55 | selected=[2, 85, 78, 67, 42, 69, 86, 31, 90, 57]
Round 55 | train_loss=0.9356 train_acc=0.7110 test_loss=2.3015 test_acc=0.1995
Round 56 | selected=[86, 69, 52, 75, 71, 66, 57, 37, 12, 77]
Round 56 | train_loss=1.1483 train_acc=0.6290 test_loss=1.8800 test_acc=0.2390
Round 57 | selected=[60, 27, 8, 63, 19, 52, 90, 30, 29, 57]
Round 57 | train_loss=1.0999 train_acc=0.6400 test_loss=2.2567 test_acc=0.1987
Round 58 | selected=[44, 8, 64, 25, 74, 77, 42, 81, 43, 55]
Round 58 | train_loss=1.3054 train_acc=0.5836 test_loss=2.2131 test_acc=0.2090
Round 59 | selected=[44, 0, 23, 91, 9, 5, 37, 62, 12, 24]
Round 59 | train_loss=1.1892 train_acc=0.6228 test_loss=2.3348 test_acc=0.1867
Round 60 | selected=[27, 89, 95, 51, 21, 17, 94, 46, 24, 14]
Round 60 | train_loss=1.3870 train_acc=0.5534 test_loss=2.1323 test_acc=0.2199
Round 61 | selected=[3, 17, 86, 96, 49, 24, 78, 79, 92, 14]
Round 61 | train_loss=1.1944 train_acc=0.6608 test_loss=1.9572 test_acc=0.2347
Round 62 | selected=[43, 95, 8, 94, 90, 22, 28, 12, 1, 11]
Round 62 | train_loss=1.3386 train_acc=0.5666 test_loss=2.1295 test_acc=0.2078
Round 63 | selected=[87, 26, 19, 31, 37, 54, 55, 93, 67, 65]
Round 63 | train_loss=1.2372 train_acc=0.6090 test_loss=2.1559 test_acc=0.2316
Round 64 | selected=[37, 76, 80, 61, 9, 65, 84, 69, 95, 72]
Round 64 | train_loss=1.2415 train_acc=0.6058 test_loss=2.1570 test_acc=0.1598
Round 65 | selected=[32, 78, 54, 85, 58, 86, 57, 60, 76, 56]
Round 65 | train_loss=0.9668 train_acc=0.6922 test_loss=2.0380 test_acc=0.2824
Round 66 | selected=[45, 26, 67, 90, 8, 3, 37, 15, 29, 18]
Round 66 | train_loss=1.2012 train_acc=0.6154 test_loss=1.9167 test_acc=0.2663
Round 67 | selected=[18, 35, 94, 9, 30, 39, 48, 97, 19, 96]
Round 67 | train_loss=1.2911 train_acc=0.5620 test_loss=2.1543 test_acc=0.2036
Round 68 | selected=[86, 41, 45, 81, 62, 43, 3, 9, 91, 63]
Round 68 | train_loss=1.1099 train_acc=0.6574 test_loss=1.8343 test_acc=0.2862
Round 69 | selected=[47, 88, 22, 84, 75, 80, 46, 37, 34, 2]
Round 69 | train_loss=1.1394 train_acc=0.6318 test_loss=1.8930 test_acc=0.2786
Round 70 | selected=[81, 48, 10, 38, 56, 21, 69, 85, 53, 5]
Round 70 | train_loss=0.9487 train_acc=0.7216 test_loss=2.3922 test_acc=0.1780
Round 71 | selected=[63, 19, 5, 92, 36, 43, 94, 99, 45, 18]
Round 71 | train_loss=1.2297 train_acc=0.6078 test_loss=1.9690 test_acc=0.2696
Round 72 | selected=[51, 3, 83, 10, 39, 15, 87, 6, 12, 62]
Round 72 | train_loss=1.1733 train_acc=0.6088 test_loss=2.0077 test_acc=0.2427
Round 73 | selected=[3, 70, 15, 1, 83, 5, 94, 77, 24, 75]
Round 73 | train_loss=1.1812 train_acc=0.6252 test_loss=2.0334 test_acc=0.2623
Round 74 | selected=[71, 75, 73, 62, 48, 56, 80, 29, 51, 37]
Round 74 | train_loss=1.3845 train_acc=0.5214 test_loss=2.1025 test_acc=0.2286
Round 75 | selected=[99, 7, 11, 35, 74, 59, 23, 19, 68, 13]
Round 75 | train_loss=1.1126 train_acc=0.6612 test_loss=2.6341 test_acc=0.1483
Round 76 | selected=[85, 57, 37, 71, 18, 9, 47, 58, 66, 2]
Round 76 | train_loss=1.5449 train_acc=0.5260 test_loss=2.1006 test_acc=0.2710
Round 77 | selected=[68, 92, 73, 45, 46, 72, 34, 25, 4, 0]
Round 77 | train_loss=1.3615 train_acc=0.5944 test_loss=2.1172 test_acc=0.1976
Round 78 | selected=[50, 61, 77, 51, 7, 26, 34, 58, 62, 33]
Round 78 | train_loss=1.4466 train_acc=0.5098 test_loss=2.2177 test_acc=0.1894
Round 79 | selected=[40, 68, 80, 67, 84, 74, 25, 93, 19, 14]
Round 79 | train_loss=1.2775 train_acc=0.5874 test_loss=2.6139 test_acc=0.1663
Round 80 | selected=[88, 51, 95, 64, 11, 83, 44, 99, 78, 89]
Round 80 | train_loss=1.5191 train_acc=0.5366 test_loss=2.0369 test_acc=0.2596
Round 81 | selected=[98, 73, 9, 96, 21, 33, 44, 89, 50, 61]
Round 81 | train_loss=1.3824 train_acc=0.5460 test_loss=1.8759 test_acc=0.2731
Round 82 | selected=[58, 51, 48, 54, 80, 38, 20, 83, 6, 14]
Round 82 | train_loss=1.2708 train_acc=0.6028 test_loss=2.0757 test_acc=0.1894
Round 83 | selected=[99, 66, 71, 70, 40, 12, 33, 50, 67, 1]
Round 83 | train_loss=1.1474 train_acc=0.5994 test_loss=2.1619 test_acc=0.2085
Round 84 | selected=[25, 75, 86, 41, 95, 65, 31, 66, 60, 15]
Round 84 | train_loss=1.0933 train_acc=0.6432 test_loss=2.0486 test_acc=0.2390
Round 85 | selected=[26, 73, 10, 18, 86, 79, 39, 97, 0, 76]
Round 85 | train_loss=1.1937 train_acc=0.5994 test_loss=1.8593 test_acc=0.2541
Round 86 | selected=[40, 7, 15, 29, 13, 89, 85, 46, 10, 84]
Round 86 | train_loss=1.1337 train_acc=0.6010 test_loss=2.0234 test_acc=0.2570
Round 87 | selected=[0, 43, 52, 5, 42, 14, 88, 63, 77, 74]
Round 87 | train_loss=1.2118 train_acc=0.6396 test_loss=1.8687 test_acc=0.2853
Round 88 | selected=[45, 9, 95, 94, 75, 33, 12, 25, 36, 24]
Round 88 | train_loss=1.2339 train_acc=0.5770 test_loss=2.1763 test_acc=0.2312
Round 89 | selected=[21, 56, 47, 38, 83, 81, 19, 95, 64, 70]
Round 89 | train_loss=1.0980 train_acc=0.6736 test_loss=2.5968 test_acc=0.1161
Round 90 | selected=[39, 29, 23, 41, 7, 84, 42, 34, 67, 22]
Round 90 | train_loss=1.1858 train_acc=0.5896 test_loss=2.0732 test_acc=0.2537
Round 91 | selected=[56, 60, 6, 0, 17, 95, 23, 48, 29, 87]
Round 91 | train_loss=1.1521 train_acc=0.6342 test_loss=1.9645 test_acc=0.2572
Round 92 | selected=[56, 66, 36, 89, 41, 74, 61, 9, 34, 8]
Round 92 | train_loss=1.1367 train_acc=0.6304 test_loss=1.8520 test_acc=0.2595
Round 93 | selected=[60, 88, 58, 61, 14, 5, 66, 49, 83, 1]
Round 93 | train_loss=1.0834 train_acc=0.6556 test_loss=1.9553 test_acc=0.2744
Round 94 | selected=[59, 44, 52, 11, 32, 4, 81, 91, 6, 3]
Round 94 | train_loss=1.1775 train_acc=0.6172 test_loss=2.3099 test_acc=0.1663
Round 95 | selected=[19, 48, 34, 50, 8, 70, 63, 88, 46, 51]
Round 95 | train_loss=1.1946 train_acc=0.6104 test_loss=2.1150 test_acc=0.1982
Round 96 | selected=[63, 29, 43, 11, 81, 61, 70, 94, 3, 55]
Round 96 | train_loss=1.3525 train_acc=0.5456 test_loss=2.1205 test_acc=0.1812
Round 97 | selected=[39, 40, 22, 32, 12, 34, 67, 3, 35, 50]
Round 97 | train_loss=1.1138 train_acc=0.6054 test_loss=2.0965 test_acc=0.2485
Round 98 | selected=[58, 74, 98, 93, 22, 21, 28, 43, 94, 26]
Round 98 | train_loss=1.2797 train_acc=0.5758 test_loss=2.0823 test_acc=0.2566
Round 99 | selected=[95, 9, 57, 78, 38, 54, 55, 43, 72, 40]
Round 99 | train_loss=1.3508 train_acc=0.5956 test_loss=2.0939 test_acc=0.2524
Round 100 | selected=[66, 84, 7, 3, 17, 72, 23, 11, 91, 57]
Round 100 | train_loss=1.0390 train_acc=0.6824 test_loss=2.0627 test_acc=0.2230
Round 101 | selected=[14, 28, 15, 86, 89, 81, 40, 19, 35, 1]
Round 101 | train_loss=1.2116 train_acc=0.6184 test_loss=2.1445 test_acc=0.2152
Round 102 | selected=[7, 3, 46, 8, 74, 65, 17, 70, 10, 88]
Round 102 | train_loss=1.2505 train_acc=0.5902 test_loss=1.9217 test_acc=0.2548
Round 103 | selected=[11, 33, 62, 32, 95, 9, 12, 77, 35, 28]
Round 103 | train_loss=1.3503 train_acc=0.5816 test_loss=1.9882 test_acc=0.2263
Round 104 | selected=[43, 37, 72, 22, 0, 98, 79, 78, 51, 20]
Round 104 | train_loss=1.3219 train_acc=0.5700 test_loss=2.0051 test_acc=0.2391
Round 105 | selected=[22, 88, 68, 39, 90, 46, 44, 45, 78, 29]
Round 105 | train_loss=1.2174 train_acc=0.5924 test_loss=2.1556 test_acc=0.2436
Round 106 | selected=[38, 39, 34, 99, 78, 42, 37, 2, 10, 45]
Round 106 | train_loss=1.1522 train_acc=0.6358 test_loss=2.1020 test_acc=0.1900
Round 107 | selected=[28, 54, 61, 86, 3, 48, 97, 82, 35, 24]
Round 107 | train_loss=1.2269 train_acc=0.5962 test_loss=2.0215 test_acc=0.2833
Round 108 | selected=[84, 8, 19, 14, 93, 73, 79, 27, 70, 22]
Round 108 | train_loss=1.1526 train_acc=0.6248 test_loss=2.0347 test_acc=0.2240
Round 109 | selected=[53, 66, 15, 37, 76, 57, 80, 40, 13, 83]
Round 109 | train_loss=1.1338 train_acc=0.6362 test_loss=2.0537 test_acc=0.2493
Round 110 | selected=[50, 44, 37, 11, 64, 48, 12, 69, 31, 75]
Round 110 | train_loss=1.3057 train_acc=0.5818 test_loss=1.8672 test_acc=0.2855
Round 111 | selected=[8, 16, 20, 51, 12, 99, 75, 71, 94, 11]
Round 111 | train_loss=1.2991 train_acc=0.5640 test_loss=1.9338 test_acc=0.2753
Round 112 | selected=[38, 98, 73, 46, 9, 93, 90, 97, 8, 25]
Round 112 | train_loss=1.0398 train_acc=0.6550 test_loss=2.0077 test_acc=0.2770
Round 113 | selected=[38, 99, 89, 63, 90, 9, 69, 67, 40, 56]
Round 113 | train_loss=0.8982 train_acc=0.7154 test_loss=2.1996 test_acc=0.2397
Round 114 | selected=[36, 91, 82, 59, 87, 61, 75, 85, 3, 83]
Round 114 | train_loss=1.3914 train_acc=0.5276 test_loss=1.8307 test_acc=0.3239
Round 115 | selected=[52, 71, 12, 3, 5, 27, 90, 87, 15, 55]
Round 115 | train_loss=1.2476 train_acc=0.6116 test_loss=1.7893 test_acc=0.3089
Round 116 | selected=[83, 74, 2, 68, 5, 40, 73, 69, 92, 78]
Round 116 | train_loss=1.0941 train_acc=0.6626 test_loss=1.9604 test_acc=0.2647
Round 117 | selected=[29, 36, 35, 63, 92, 71, 51, 84, 7, 25]
Round 117 | train_loss=1.0682 train_acc=0.6418 test_loss=1.8185 test_acc=0.3371
Round 118 | selected=[2, 95, 88, 35, 43, 7, 38, 79, 48, 74]
Round 118 | train_loss=1.0675 train_acc=0.6754 test_loss=1.7824 test_acc=0.3222
Round 119 | selected=[67, 37, 65, 53, 79, 34, 94, 15, 13, 62]
Round 119 | train_loss=0.9701 train_acc=0.7112 test_loss=1.8891 test_acc=0.3139
Round 120 | selected=[1, 35, 6, 65, 51, 7, 31, 94, 77, 71]
Round 120 | train_loss=1.2685 train_acc=0.5786 test_loss=1.8789 test_acc=0.2739
Round 121 | selected=[90, 76, 30, 20, 69, 92, 67, 72, 58, 35]
Round 121 | train_loss=0.8579 train_acc=0.7644 test_loss=2.4314 test_acc=0.1660
Round 122 | selected=[49, 66, 29, 55, 18, 54, 57, 77, 14, 27]
Round 122 | train_loss=1.3362 train_acc=0.5706 test_loss=1.9775 test_acc=0.2787
Round 123 | selected=[9, 36, 44, 73, 23, 64, 58, 4, 95, 87]
Round 123 | train_loss=1.1628 train_acc=0.6156 test_loss=1.8359 test_acc=0.3163
Round 124 | selected=[13, 0, 76, 96, 59, 36, 72, 68, 4, 20]
Round 124 | train_loss=1.0731 train_acc=0.6438 test_loss=2.1064 test_acc=0.2499
Round 125 | selected=[48, 37, 94, 90, 25, 92, 95, 79, 59, 46]
Round 125 | train_loss=1.2143 train_acc=0.6236 test_loss=2.2494 test_acc=0.2637
Round 126 | selected=[77, 88, 94, 4, 9, 24, 80, 32, 75, 39]
Round 126 | train_loss=1.4696 train_acc=0.5208 test_loss=2.3762 test_acc=0.1823
Round 127 | selected=[76, 91, 89, 54, 79, 92, 15, 94, 68, 85]
Round 127 | train_loss=1.2900 train_acc=0.5950 test_loss=2.0106 test_acc=0.2894
Round 128 | selected=[62, 49, 80, 96, 68, 12, 95, 71, 2, 47]
Round 128 | train_loss=1.2901 train_acc=0.5804 test_loss=1.8796 test_acc=0.2623
Round 129 | selected=[69, 99, 82, 43, 34, 3, 73, 4, 77, 96]
Round 129 | train_loss=1.1494 train_acc=0.6176 test_loss=1.8404 test_acc=0.3269
Round 130 | selected=[1, 38, 37, 7, 78, 21, 42, 54, 18, 99]
Round 130 | train_loss=0.9971 train_acc=0.7008 test_loss=2.2082 test_acc=0.2162
Round 131 | selected=[11, 71, 57, 27, 98, 19, 89, 30, 44, 50]
Round 131 | train_loss=1.3350 train_acc=0.5430 test_loss=2.2802 test_acc=0.1817
Round 132 | selected=[25, 57, 74, 87, 17, 99, 61, 68, 0, 12]
Round 132 | train_loss=1.2456 train_acc=0.5962 test_loss=3.2311 test_acc=0.1013
Round 133 | selected=[18, 39, 13, 63, 29, 41, 45, 17, 20, 3]
Round 133 | train_loss=1.5217 train_acc=0.5422 test_loss=2.3115 test_acc=0.2699
Round 134 | selected=[93, 62, 95, 33, 77, 1, 67, 73, 35, 43]
Round 134 | train_loss=1.2431 train_acc=0.6042 test_loss=1.9548 test_acc=0.2586
Round 135 | selected=[57, 38, 58, 16, 23, 7, 70, 76, 5, 4]
Round 135 | train_loss=1.0199 train_acc=0.6950 test_loss=1.9390 test_acc=0.2544
Round 136 | selected=[20, 8, 56, 19, 18, 47, 61, 66, 84, 62]
Round 136 | train_loss=1.0629 train_acc=0.6762 test_loss=1.8368 test_acc=0.3149
Round 137 | selected=[45, 3, 78, 20, 36, 51, 98, 89, 41, 29]
Round 137 | train_loss=1.1384 train_acc=0.6158 test_loss=1.8352 test_acc=0.2975
Round 138 | selected=[37, 71, 8, 7, 28, 96, 38, 22, 94, 60]
Round 138 | train_loss=1.1015 train_acc=0.6234 test_loss=2.0183 test_acc=0.2497
Round 139 | selected=[42, 47, 54, 72, 48, 60, 12, 79, 87, 86]
Round 139 | train_loss=1.1868 train_acc=0.6412 test_loss=1.9744 test_acc=0.2842
Round 140 | selected=[75, 11, 90, 15, 6, 58, 63, 8, 25, 84]
Round 140 | train_loss=1.1587 train_acc=0.6346 test_loss=2.6106 test_acc=0.1703
Round 141 | selected=[62, 37, 94, 51, 95, 0, 82, 29, 74, 83]
Round 141 | train_loss=1.3799 train_acc=0.5336 test_loss=1.8225 test_acc=0.3146
Round 142 | selected=[47, 95, 64, 30, 55, 32, 24, 71, 73, 90]
Round 142 | train_loss=1.1568 train_acc=0.6294 test_loss=1.9266 test_acc=0.2899
Round 143 | selected=[37, 12, 10, 30, 20, 38, 66, 34, 0, 50]
Round 143 | train_loss=1.0683 train_acc=0.6438 test_loss=1.8455 test_acc=0.2586
Round 144 | selected=[17, 26, 43, 32, 49, 95, 66, 2, 5, 83]
Round 144 | train_loss=1.1548 train_acc=0.6266 test_loss=1.7539 test_acc=0.3623
Round 145 | selected=[3, 94, 98, 88, 50, 54, 40, 38, 80, 49]
Round 145 | train_loss=1.3079 train_acc=0.5696 test_loss=2.2672 test_acc=0.2296
Round 146 | selected=[75, 36, 71, 76, 48, 3, 57, 14, 27, 74]
Round 146 | train_loss=1.3526 train_acc=0.5384 test_loss=2.1450 test_acc=0.1885
Round 147 | selected=[31, 9, 45, 81, 14, 95, 62, 5, 69, 34]
Round 147 | train_loss=1.2772 train_acc=0.5824 test_loss=1.9649 test_acc=0.2366
Round 148 | selected=[50, 74, 99, 1, 20, 70, 58, 59, 83, 80]
Round 148 | train_loss=1.2043 train_acc=0.5944 test_loss=1.9702 test_acc=0.3049
Round 149 | selected=[46, 79, 54, 41, 43, 83, 40, 50, 1, 18]
Round 149 | train_loss=1.0398 train_acc=0.6526 test_loss=1.8476 test_acc=0.2972
Round 150 | selected=[70, 53, 4, 36, 68, 28, 16, 47, 17, 38]
Round 150 | train_loss=1.1041 train_acc=0.6302 test_loss=1.9766 test_acc=0.2475
Round 151 | selected=[24, 79, 58, 50, 38, 45, 59, 9, 27, 7]
Round 151 | train_loss=1.1262 train_acc=0.6302 test_loss=2.0643 test_acc=0.2201
Round 152 | selected=[95, 74, 41, 81, 55, 22, 62, 25, 17, 34]
Round 152 | train_loss=1.1212 train_acc=0.6324 test_loss=1.9761 test_acc=0.2467
Round 153 | selected=[28, 98, 99, 27, 65, 71, 17, 95, 6, 46]
Round 153 | train_loss=1.1771 train_acc=0.6032 test_loss=1.8512 test_acc=0.2905
Round 154 | selected=[13, 56, 26, 83, 48, 65, 12, 14, 32, 41]
Round 154 | train_loss=1.0100 train_acc=0.6832 test_loss=2.0581 test_acc=0.2289
Round 155 | selected=[5, 74, 68, 19, 71, 80, 69, 11, 96, 90]
Round 155 | train_loss=1.1402 train_acc=0.6152 test_loss=2.0644 test_acc=0.2794
Round 156 | selected=[58, 94, 30, 45, 14, 50, 66, 84, 85, 57]
Round 156 | train_loss=1.0579 train_acc=0.6544 test_loss=1.7515 test_acc=0.3145
Round 157 | selected=[78, 23, 56, 99, 68, 17, 58, 76, 7, 74]
Round 157 | train_loss=0.7754 train_acc=0.7782 test_loss=2.2782 test_acc=0.1839
Round 158 | selected=[0, 12, 93, 19, 41, 28, 86, 31, 96, 54]
Round 158 | train_loss=1.4128 train_acc=0.5704 test_loss=2.6225 test_acc=0.2373
Round 159 | selected=[85, 14, 35, 56, 59, 94, 9, 43, 72, 89]
Round 159 | train_loss=1.3932 train_acc=0.5594 test_loss=1.9247 test_acc=0.2483
Round 160 | selected=[13, 59, 24, 85, 19, 32, 3, 79, 25, 68]
Round 160 | train_loss=1.0317 train_acc=0.6890 test_loss=1.9818 test_acc=0.2605
Round 161 | selected=[6, 97, 95, 9, 96, 5, 81, 65, 42, 43]
Round 161 | train_loss=1.5080 train_acc=0.5204 test_loss=2.2318 test_acc=0.2076
Round 162 | selected=[18, 6, 24, 95, 26, 58, 19, 46, 44, 41]
Round 162 | train_loss=1.1576 train_acc=0.6270 test_loss=1.8753 test_acc=0.2957
Round 163 | selected=[84, 5, 85, 80, 3, 21, 92, 75, 76, 98]
Round 163 | train_loss=1.2847 train_acc=0.5550 test_loss=1.9761 test_acc=0.2785
Round 164 | selected=[26, 17, 54, 89, 51, 44, 23, 73, 82, 24]
Round 164 | train_loss=1.3180 train_acc=0.5566 test_loss=1.8079 test_acc=0.2825
Round 165 | selected=[33, 12, 19, 10, 1, 27, 96, 17, 25, 97]
Round 165 | train_loss=1.1654 train_acc=0.5912 test_loss=1.8856 test_acc=0.2931
Round 166 | selected=[68, 62, 0, 59, 86, 63, 94, 33, 67, 10]
Round 166 | train_loss=1.0702 train_acc=0.6596 test_loss=1.7865 test_acc=0.3387
Round 167 | selected=[61, 64, 89, 30, 19, 44, 2, 97, 15, 37]
Round 167 | train_loss=1.0719 train_acc=0.6368 test_loss=1.9419 test_acc=0.2887
Round 168 | selected=[11, 52, 21, 99, 83, 30, 62, 61, 10, 74]
Round 168 | train_loss=1.0671 train_acc=0.6480 test_loss=1.8980 test_acc=0.2333
Round 169 | selected=[74, 1, 75, 34, 21, 9, 6, 85, 65, 13]
Round 169 | train_loss=1.1686 train_acc=0.5932 test_loss=1.8087 test_acc=0.2503
Round 170 | selected=[35, 86, 45, 12, 49, 13, 10, 43, 32, 88]
Round 170 | train_loss=1.0675 train_acc=0.6564 test_loss=2.2137 test_acc=0.1801
Round 171 | selected=[89, 42, 46, 19, 77, 59, 44, 17, 71, 6]
Round 171 | train_loss=1.2745 train_acc=0.5670 test_loss=2.1775 test_acc=0.2171
Round 172 | selected=[35, 65, 4, 72, 29, 46, 44, 56, 61, 87]
Round 172 | train_loss=1.1285 train_acc=0.6102 test_loss=2.0008 test_acc=0.2284
Round 173 | selected=[67, 56, 34, 48, 77, 44, 16, 1, 83, 19]
Round 173 | train_loss=0.9418 train_acc=0.6966 test_loss=1.8388 test_acc=0.3363
Round 174 | selected=[41, 30, 8, 94, 74, 96, 90, 79, 61, 15]
Round 174 | train_loss=0.9885 train_acc=0.6878 test_loss=1.8229 test_acc=0.2516
Round 175 | selected=[90, 45, 16, 55, 47, 69, 9, 80, 76, 62]
Round 175 | train_loss=1.1099 train_acc=0.6264 test_loss=1.8083 test_acc=0.3100
Round 176 | selected=[68, 7, 87, 9, 48, 37, 90, 12, 67, 32]
Round 176 | train_loss=0.9469 train_acc=0.7030 test_loss=1.8481 test_acc=0.3221
Round 177 | selected=[99, 89, 94, 88, 25, 84, 97, 2, 15, 74]
Round 177 | train_loss=0.9772 train_acc=0.6912 test_loss=1.9611 test_acc=0.3087
Round 178 | selected=[93, 26, 75, 83, 25, 50, 65, 1, 96, 22]
Round 178 | train_loss=1.0937 train_acc=0.6348 test_loss=1.7947 test_acc=0.3115
Round 179 | selected=[24, 18, 13, 21, 55, 11, 73, 30, 10, 16]
Round 179 | train_loss=1.1671 train_acc=0.6214 test_loss=2.0569 test_acc=0.2397
Round 180 | selected=[88, 6, 34, 3, 1, 58, 21, 42, 47, 81]
Round 180 | train_loss=1.0484 train_acc=0.6460 test_loss=1.8717 test_acc=0.3181
Round 181 | selected=[51, 56, 29, 6, 20, 64, 75, 30, 16, 94]
Round 181 | train_loss=1.1362 train_acc=0.6062 test_loss=1.9571 test_acc=0.2865
Round 182 | selected=[1, 25, 75, 80, 95, 72, 43, 11, 24, 99]
Round 182 | train_loss=1.1463 train_acc=0.6248 test_loss=1.8938 test_acc=0.2995
Round 183 | selected=[63, 11, 60, 61, 95, 8, 32, 94, 55, 24]
Round 183 | train_loss=1.1442 train_acc=0.6230 test_loss=1.9198 test_acc=0.3196
Round 184 | selected=[39, 8, 43, 50, 12, 22, 23, 52, 75, 25]
Round 184 | train_loss=1.1800 train_acc=0.5910 test_loss=2.0750 test_acc=0.2228
Round 185 | selected=[71, 46, 83, 90, 55, 24, 8, 30, 87, 63]
Round 185 | train_loss=1.0996 train_acc=0.6304 test_loss=2.0011 test_acc=0.2417
Round 186 | selected=[67, 66, 36, 50, 78, 90, 99, 44, 33, 37]
Round 186 | train_loss=0.9932 train_acc=0.6776 test_loss=1.8533 test_acc=0.2926
Round 187 | selected=[53, 45, 0, 89, 5, 68, 18, 92, 54, 74]
Round 187 | train_loss=1.0411 train_acc=0.6570 test_loss=1.7769 test_acc=0.2839
Round 188 | selected=[7, 80, 22, 17, 66, 79, 87, 63, 33, 64]
Round 188 | train_loss=0.9742 train_acc=0.6904 test_loss=1.8705 test_acc=0.2861
Round 189 | selected=[39, 59, 66, 51, 90, 86, 31, 81, 26, 6]
Round 189 | train_loss=1.0266 train_acc=0.6542 test_loss=1.8724 test_acc=0.3245
Round 190 | selected=[97, 30, 67, 35, 51, 96, 80, 81, 44, 71]
Round 190 | train_loss=1.1440 train_acc=0.6198 test_loss=1.6317 test_acc=0.3748
Round 191 | selected=[49, 54, 28, 75, 89, 61, 77, 43, 0, 53]
Round 191 | train_loss=1.1924 train_acc=0.5820 test_loss=1.7049 test_acc=0.3326
Round 192 | selected=[48, 60, 6, 66, 29, 63, 77, 55, 2, 82]
Round 192 | train_loss=1.0433 train_acc=0.6542 test_loss=1.7227 test_acc=0.3017
Round 193 | selected=[56, 48, 24, 58, 97, 75, 60, 31, 68, 63]
Round 193 | train_loss=0.9468 train_acc=0.6946 test_loss=1.8457 test_acc=0.2986
Round 194 | selected=[67, 61, 34, 64, 91, 3, 99, 80, 32, 26]
Round 194 | train_loss=1.0164 train_acc=0.6724 test_loss=1.7280 test_acc=0.3570
Round 195 | selected=[36, 3, 1, 7, 60, 11, 19, 23, 9, 57]
Round 195 | train_loss=0.9095 train_acc=0.6936 test_loss=1.6321 test_acc=0.3896
Round 196 | selected=[63, 0, 41, 36, 78, 85, 19, 49, 13, 55]
Round 196 | train_loss=0.9268 train_acc=0.7074 test_loss=1.9548 test_acc=0.2906
Round 197 | selected=[39, 25, 22, 27, 14, 99, 73, 93, 96, 88]
Round 197 | train_loss=1.1652 train_acc=0.6050 test_loss=2.1107 test_acc=0.2669
Round 198 | selected=[42, 89, 50, 4, 56, 86, 2, 19, 67, 10]
Round 198 | train_loss=1.1463 train_acc=0.6120 test_loss=2.0365 test_acc=0.2927
Round 199 | selected=[72, 81, 34, 35, 50, 49, 55, 67, 69, 28]
Round 199 | train_loss=1.0820 train_acc=0.6576 test_loss=1.8088 test_acc=0.2574
Round 200 | selected=[65, 93, 92, 19, 98, 27, 43, 59, 56, 62]
Round 200 | train_loss=0.9747 train_acc=0.6744 test_loss=1.8877 test_acc=0.2754
Round 201 | selected=[48, 14, 1, 11, 26, 68, 8, 52, 32, 66]
Round 201 | train_loss=0.9726 train_acc=0.6788 test_loss=1.8331 test_acc=0.2992
Round 202 | selected=[22, 4, 74, 1, 76, 12, 68, 81, 5, 98]
Round 202 | train_loss=0.9887 train_acc=0.6618 test_loss=2.0953 test_acc=0.2685
Round 203 | selected=[9, 18, 69, 47, 74, 0, 88, 71, 75, 34]
Round 203 | train_loss=1.2750 train_acc=0.5778 test_loss=1.9019 test_acc=0.3073
Round 204 | selected=[45, 67, 86, 7, 8, 65, 36, 9, 46, 11]
Round 204 | train_loss=1.0179 train_acc=0.6640 test_loss=1.6276 test_acc=0.3832
Round 205 | selected=[53, 57, 76, 29, 13, 84, 98, 10, 38, 18]
Round 205 | train_loss=0.9003 train_acc=0.7146 test_loss=1.7376 test_acc=0.3266
Round 206 | selected=[59, 89, 44, 39, 58, 94, 2, 26, 81, 87]
Round 206 | train_loss=1.0293 train_acc=0.6718 test_loss=1.8244 test_acc=0.3114
Round 207 | selected=[72, 57, 60, 22, 47, 69, 21, 61, 46, 35]
Round 207 | train_loss=1.0201 train_acc=0.6744 test_loss=1.9628 test_acc=0.2781
Round 208 | selected=[86, 88, 12, 90, 15, 13, 10, 5, 54, 29]
Round 208 | train_loss=1.0610 train_acc=0.6816 test_loss=2.1772 test_acc=0.1985
Round 209 | selected=[42, 19, 53, 43, 77, 70, 7, 94, 87, 15]
Round 209 | train_loss=1.1268 train_acc=0.6256 test_loss=1.8754 test_acc=0.2856
Round 210 | selected=[30, 7, 46, 85, 87, 40, 63, 12, 15, 16]
Round 210 | train_loss=0.9429 train_acc=0.7058 test_loss=1.6904 test_acc=0.3809
Round 211 | selected=[3, 5, 70, 7, 60, 24, 51, 4, 35, 21]
Round 211 | train_loss=0.9995 train_acc=0.6744 test_loss=2.0729 test_acc=0.2896
Round 212 | selected=[0, 36, 46, 44, 88, 11, 83, 15, 77, 50]
Round 212 | train_loss=1.1972 train_acc=0.6014 test_loss=2.0646 test_acc=0.2863
Round 213 | selected=[42, 58, 19, 39, 49, 53, 83, 23, 25, 7]
Round 213 | train_loss=1.0476 train_acc=0.6708 test_loss=1.8047 test_acc=0.3150
Round 214 | selected=[36, 55, 29, 12, 88, 44, 63, 57, 69, 50]
Round 214 | train_loss=1.1089 train_acc=0.6254 test_loss=1.7389 test_acc=0.3202
Round 215 | selected=[63, 89, 71, 37, 59, 88, 69, 93, 95, 72]
Round 215 | train_loss=0.8972 train_acc=0.7164 test_loss=1.7254 test_acc=0.3648
Round 216 | selected=[28, 18, 95, 50, 14, 17, 24, 92, 73, 49]
Round 216 | train_loss=1.1118 train_acc=0.6322 test_loss=1.8740 test_acc=0.2712
Round 217 | selected=[69, 46, 18, 26, 39, 6, 70, 22, 83, 11]
Round 217 | train_loss=1.0360 train_acc=0.6416 test_loss=1.7915 test_acc=0.3012
Round 218 | selected=[59, 16, 4, 83, 18, 63, 36, 11, 1, 85]
Round 218 | train_loss=1.0297 train_acc=0.6410 test_loss=1.6723 test_acc=0.3945
Round 219 | selected=[3, 63, 98, 99, 81, 93, 74, 25, 47, 28]
Round 219 | train_loss=0.9423 train_acc=0.7092 test_loss=1.8975 test_acc=0.2844
Round 220 | selected=[92, 14, 37, 19, 8, 36, 9, 65, 58, 10]
Round 220 | train_loss=1.1393 train_acc=0.6308 test_loss=2.4186 test_acc=0.2622
Round 221 | selected=[54, 60, 8, 71, 75, 43, 19, 81, 64, 58]
Round 221 | train_loss=1.1443 train_acc=0.6302 test_loss=1.8437 test_acc=0.3776
Round 222 | selected=[11, 84, 10, 39, 0, 36, 58, 92, 77, 66]
Round 222 | train_loss=1.0939 train_acc=0.6462 test_loss=2.2941 test_acc=0.2071
Round 223 | selected=[51, 75, 84, 87, 77, 31, 54, 38, 15, 29]
Round 223 | train_loss=1.2054 train_acc=0.6236 test_loss=1.7308 test_acc=0.3551
Round 224 | selected=[42, 54, 89, 3, 32, 49, 12, 61, 82, 68]
Round 224 | train_loss=1.0965 train_acc=0.6444 test_loss=1.7944 test_acc=0.3005
Round 225 | selected=[26, 79, 18, 19, 38, 89, 53, 86, 29, 51]
Round 225 | train_loss=1.0210 train_acc=0.6478 test_loss=1.7870 test_acc=0.3085
Round 226 | selected=[51, 18, 99, 33, 28, 72, 34, 27, 26, 75]
Round 226 | train_loss=1.1931 train_acc=0.5828 test_loss=1.6445 test_acc=0.3932
Round 227 | selected=[24, 37, 5, 23, 38, 6, 78, 80, 66, 0]
Round 227 | train_loss=1.0298 train_acc=0.6756 test_loss=2.1648 test_acc=0.2248
Round 228 | selected=[72, 37, 51, 6, 63, 90, 49, 22, 56, 92]
Round 228 | train_loss=1.0523 train_acc=0.6522 test_loss=1.7194 test_acc=0.3497
Round 229 | selected=[27, 34, 70, 12, 99, 76, 48, 98, 26, 42]
Round 229 | train_loss=1.0729 train_acc=0.6470 test_loss=1.7663 test_acc=0.3286
Round 230 | selected=[22, 92, 19, 6, 28, 78, 98, 43, 83, 74]
Round 230 | train_loss=1.0970 train_acc=0.6266 test_loss=1.7919 test_acc=0.3177
Round 231 | selected=[71, 16, 18, 51, 63, 39, 86, 15, 25, 45]
Round 231 | train_loss=1.0189 train_acc=0.6428 test_loss=2.1199 test_acc=0.2475
Round 232 | selected=[56, 66, 7, 43, 6, 84, 24, 60, 0, 15]
Round 232 | train_loss=0.8048 train_acc=0.7220 test_loss=2.0554 test_acc=0.2721
Round 233 | selected=[51, 58, 46, 86, 28, 47, 32, 92, 64, 56]
Round 233 | train_loss=1.0164 train_acc=0.6596 test_loss=2.0612 test_acc=0.3075
Round 234 | selected=[34, 87, 21, 85, 8, 32, 43, 73, 55, 74]
Round 234 | train_loss=1.3731 train_acc=0.5516 test_loss=2.1671 test_acc=0.2533
Round 235 | selected=[63, 38, 29, 96, 51, 94, 16, 25, 30, 36]
Round 235 | train_loss=1.2024 train_acc=0.5830 test_loss=2.0042 test_acc=0.2427
Round 236 | selected=[29, 97, 82, 88, 15, 98, 0, 95, 67, 41]
Round 236 | train_loss=1.0755 train_acc=0.6446 test_loss=1.6754 test_acc=0.3652
Round 237 | selected=[2, 43, 91, 7, 80, 51, 82, 78, 92, 76]
Round 237 | train_loss=1.0027 train_acc=0.6600 test_loss=1.7369 test_acc=0.3466
Round 238 | selected=[31, 43, 0, 6, 21, 47, 57, 88, 83, 25]
Round 238 | train_loss=1.0213 train_acc=0.6558 test_loss=1.8090 test_acc=0.2773
Round 239 | selected=[82, 33, 25, 68, 10, 87, 62, 56, 81, 23]
Round 239 | train_loss=0.9004 train_acc=0.7102 test_loss=1.6585 test_acc=0.3375
Round 240 | selected=[51, 69, 73, 10, 67, 24, 50, 41, 43, 58]
Round 240 | train_loss=0.9648 train_acc=0.6676 test_loss=1.7148 test_acc=0.3634
Round 241 | selected=[4, 49, 89, 19, 29, 9, 45, 22, 0, 18]
Round 241 | train_loss=1.1383 train_acc=0.5936 test_loss=1.5976 test_acc=0.3828
Round 242 | selected=[88, 17, 67, 51, 56, 49, 59, 14, 10, 45]
Round 242 | train_loss=0.9852 train_acc=0.6662 test_loss=1.7580 test_acc=0.3261
Round 243 | selected=[75, 16, 36, 70, 17, 5, 53, 14, 47, 66]
Round 243 | train_loss=0.9322 train_acc=0.6864 test_loss=1.7348 test_acc=0.3492
Round 244 | selected=[8, 40, 45, 53, 32, 55, 25, 12, 87, 91]
Round 244 | train_loss=0.8548 train_acc=0.7346 test_loss=1.6328 test_acc=0.3955
Round 245 | selected=[56, 87, 80, 82, 68, 75, 2, 53, 64, 6]
Round 245 | train_loss=0.9217 train_acc=0.6870 test_loss=1.6847 test_acc=0.3112
Round 246 | selected=[55, 95, 57, 32, 33, 35, 96, 0, 5, 50]
Round 246 | train_loss=1.0752 train_acc=0.6340 test_loss=1.7867 test_acc=0.3271
Round 247 | selected=[89, 42, 97, 18, 61, 10, 12, 80, 77, 4]
Round 247 | train_loss=1.1100 train_acc=0.6096 test_loss=1.8047 test_acc=0.3017
Round 248 | selected=[31, 76, 62, 86, 32, 20, 71, 72, 5, 21]
Round 248 | train_loss=0.9693 train_acc=0.6842 test_loss=2.0790 test_acc=0.2887
Round 249 | selected=[27, 75, 3, 19, 92, 94, 41, 7, 24, 32]
Round 249 | train_loss=0.8970 train_acc=0.7132 test_loss=2.2293 test_acc=0.2129
Round 250 | selected=[87, 36, 46, 53, 56, 34, 17, 33, 25, 49]
Round 250 | train_loss=1.0052 train_acc=0.6600 test_loss=1.8023 test_acc=0.4016
Round 251 | selected=[5, 53, 59, 49, 78, 71, 4, 70, 66, 76]
Round 251 | train_loss=0.8428 train_acc=0.7402 test_loss=1.8316 test_acc=0.3344
Round 252 | selected=[77, 33, 1, 71, 67, 70, 22, 75, 27, 48]
Round 252 | train_loss=1.1470 train_acc=0.6182 test_loss=1.6862 test_acc=0.3499
Round 253 | selected=[32, 63, 85, 55, 47, 93, 15, 46, 2, 13]
Round 253 | train_loss=0.8763 train_acc=0.7070 test_loss=1.6878 test_acc=0.3253
Round 254 | selected=[35, 38, 68, 58, 91, 59, 82, 69, 75, 81]
Round 254 | train_loss=0.9625 train_acc=0.6976 test_loss=2.0912 test_acc=0.2754
Round 255 | selected=[37, 30, 71, 7, 40, 60, 64, 74, 72, 79]
Round 255 | train_loss=1.0696 train_acc=0.6804 test_loss=1.6401 test_acc=0.3386
Round 256 | selected=[91, 66, 73, 33, 84, 22, 99, 32, 75, 1]
Round 256 | train_loss=1.1008 train_acc=0.6330 test_loss=1.8916 test_acc=0.2844
Round 257 | selected=[23, 36, 53, 18, 33, 70, 9, 80, 96, 20]
Round 257 | train_loss=1.0340 train_acc=0.6418 test_loss=1.5876 test_acc=0.3923
Round 258 | selected=[33, 47, 48, 59, 76, 8, 17, 45, 81, 23]
Round 258 | train_loss=0.8424 train_acc=0.7226 test_loss=1.5612 test_acc=0.4129
Round 259 | selected=[95, 97, 84, 45, 26, 53, 65, 92, 5, 60]
Round 259 | train_loss=0.9463 train_acc=0.6902 test_loss=1.5929 test_acc=0.3920
Round 260 | selected=[46, 69, 36, 77, 30, 71, 72, 81, 43, 27]
Round 260 | train_loss=0.9556 train_acc=0.6932 test_loss=1.5344 test_acc=0.4079
Round 261 | selected=[0, 18, 32, 17, 80, 3, 23, 58, 73, 19]
Round 261 | train_loss=0.8929 train_acc=0.7042 test_loss=1.7732 test_acc=0.3131
Round 262 | selected=[80, 30, 37, 28, 68, 96, 18, 57, 97, 27]
Round 262 | train_loss=1.0437 train_acc=0.6354 test_loss=1.5967 test_acc=0.3774
Round 263 | selected=[3, 46, 10, 17, 24, 66, 75, 36, 62, 14]
Round 263 | train_loss=0.8913 train_acc=0.6946 test_loss=1.7786 test_acc=0.3245
Round 264 | selected=[11, 56, 23, 12, 73, 55, 41, 75, 92, 64]
Round 264 | train_loss=0.9965 train_acc=0.6780 test_loss=1.9629 test_acc=0.2618
Round 265 | selected=[19, 93, 29, 59, 50, 24, 96, 75, 16, 23]
Round 265 | train_loss=1.0702 train_acc=0.6284 test_loss=1.8184 test_acc=0.3165
Round 266 | selected=[66, 62, 0, 92, 56, 22, 67, 91, 88, 34]
Round 266 | train_loss=1.0439 train_acc=0.6896 test_loss=1.7850 test_acc=0.3416
Round 267 | selected=[40, 31, 96, 76, 72, 0, 54, 69, 52, 29]
Round 267 | train_loss=0.8881 train_acc=0.7142 test_loss=1.9133 test_acc=0.3053
Round 268 | selected=[25, 58, 64, 4, 97, 83, 17, 78, 50, 77]
Round 268 | train_loss=1.0547 train_acc=0.6394 test_loss=1.9070 test_acc=0.3203
Round 269 | selected=[20, 30, 81, 11, 76, 77, 49, 88, 75, 23]
Round 269 | train_loss=1.2850 train_acc=0.5992 test_loss=1.8140 test_acc=0.3377
Round 270 | selected=[81, 92, 39, 1, 62, 28, 19, 91, 80, 69]
Round 270 | train_loss=0.9417 train_acc=0.6864 test_loss=1.9241 test_acc=0.2971
Round 271 | selected=[61, 17, 39, 59, 67, 57, 81, 66, 29, 28]
Round 271 | train_loss=1.0559 train_acc=0.6562 test_loss=1.7810 test_acc=0.3763
Round 272 | selected=[63, 42, 80, 78, 36, 83, 17, 84, 43, 93]
Round 272 | train_loss=0.8879 train_acc=0.7238 test_loss=1.7361 test_acc=0.3262
Round 273 | selected=[16, 69, 98, 24, 35, 13, 56, 10, 55, 65]
Round 273 | train_loss=0.9870 train_acc=0.6692 test_loss=1.7730 test_acc=0.3635
Round 274 | selected=[35, 86, 50, 82, 5, 47, 63, 91, 11, 19]
Round 274 | train_loss=0.9312 train_acc=0.7018 test_loss=1.6652 test_acc=0.3654
Round 275 | selected=[2, 12, 33, 17, 1, 62, 47, 6, 58, 91]
Round 275 | train_loss=1.0152 train_acc=0.6666 test_loss=1.5903 test_acc=0.3918
Round 276 | selected=[86, 31, 87, 77, 78, 83, 14, 91, 62, 38]
Round 276 | train_loss=0.8798 train_acc=0.7218 test_loss=1.6559 test_acc=0.3675
Round 277 | selected=[6, 13, 27, 15, 78, 16, 89, 21, 69, 68]
Round 277 | train_loss=0.8023 train_acc=0.7312 test_loss=1.6725 test_acc=0.3305
Round 278 | selected=[30, 68, 21, 98, 81, 52, 61, 78, 95, 48]
Round 278 | train_loss=0.7985 train_acc=0.7460 test_loss=1.6851 test_acc=0.3258
Round 279 | selected=[67, 93, 74, 79, 3, 89, 17, 33, 85, 70]
Round 279 | train_loss=0.8992 train_acc=0.6880 test_loss=1.6316 test_acc=0.3978
Round 280 | selected=[82, 22, 0, 83, 76, 52, 53, 27, 69, 65]
Round 280 | train_loss=0.8395 train_acc=0.7364 test_loss=1.8096 test_acc=0.2909
Round 281 | selected=[42, 73, 78, 93, 48, 84, 26, 19, 17, 7]
Round 281 | train_loss=0.8254 train_acc=0.7190 test_loss=1.9607 test_acc=0.2661
Round 282 | selected=[16, 0, 87, 31, 62, 74, 50, 48, 10, 54]
Round 282 | train_loss=1.1014 train_acc=0.6398 test_loss=1.9058 test_acc=0.2526
Round 283 | selected=[31, 89, 64, 51, 1, 68, 61, 23, 91, 2]
Round 283 | train_loss=0.9784 train_acc=0.6570 test_loss=1.5834 test_acc=0.4136
Round 284 | selected=[29, 54, 23, 66, 36, 20, 24, 63, 47, 95]
Round 284 | train_loss=0.7879 train_acc=0.7614 test_loss=1.8870 test_acc=0.3257
Round 285 | selected=[19, 33, 55, 93, 21, 39, 59, 4, 84, 29]
Round 285 | train_loss=1.0660 train_acc=0.6300 test_loss=1.7346 test_acc=0.3262
Round 286 | selected=[27, 98, 60, 85, 11, 62, 44, 65, 22, 36]
Round 286 | train_loss=1.1117 train_acc=0.6290 test_loss=1.6009 test_acc=0.3846
Round 287 | selected=[1, 90, 38, 54, 53, 4, 42, 60, 6, 30]
Round 287 | train_loss=0.7942 train_acc=0.7358 test_loss=1.6195 test_acc=0.3827
Round 288 | selected=[97, 71, 60, 27, 90, 22, 58, 0, 3, 11]
Round 288 | train_loss=0.9713 train_acc=0.6618 test_loss=1.7230 test_acc=0.3317
Round 289 | selected=[1, 14, 13, 85, 0, 64, 95, 61, 19, 84]
Round 289 | train_loss=1.0397 train_acc=0.6548 test_loss=1.8284 test_acc=0.3386
Round 290 | selected=[84, 79, 54, 32, 2, 86, 67, 56, 19, 39]
Round 290 | train_loss=0.7820 train_acc=0.7658 test_loss=1.9077 test_acc=0.2978
Round 291 | selected=[72, 98, 30, 21, 75, 54, 77, 79, 32, 45]
Round 291 | train_loss=0.9125 train_acc=0.7098 test_loss=1.6348 test_acc=0.3641
Round 292 | selected=[9, 88, 5, 27, 42, 69, 70, 10, 31, 7]
Round 292 | train_loss=0.9399 train_acc=0.6872 test_loss=1.7306 test_acc=0.3071
Round 293 | selected=[61, 97, 34, 23, 62, 20, 42, 41, 72, 51]
Round 293 | train_loss=0.9150 train_acc=0.6952 test_loss=1.6026 test_acc=0.3947
Round 294 | selected=[25, 34, 3, 1, 19, 97, 84, 65, 90, 58]
Round 294 | train_loss=0.7189 train_acc=0.7756 test_loss=1.8035 test_acc=0.3460
Round 295 | selected=[97, 83, 12, 47, 82, 49, 58, 34, 37, 94]
Round 295 | train_loss=0.8718 train_acc=0.7046 test_loss=1.8935 test_acc=0.3391
Round 296 | selected=[79, 20, 3, 49, 4, 82, 75, 83, 57, 64]
Round 296 | train_loss=1.0224 train_acc=0.6544 test_loss=1.8353 test_acc=0.2991
Round 297 | selected=[26, 85, 13, 95, 36, 96, 12, 70, 91, 24]
Round 297 | train_loss=1.0910 train_acc=0.6350 test_loss=1.6802 test_acc=0.3815
Round 298 | selected=[25, 99, 43, 49, 78, 12, 51, 18, 75, 8]
Round 298 | train_loss=0.9835 train_acc=0.6756 test_loss=1.7219 test_acc=0.3712
Round 299 | selected=[97, 28, 49, 67, 30, 54, 16, 21, 33, 76]
Round 299 | train_loss=0.9040 train_acc=0.7032 test_loss=2.2001 test_acc=0.2712
Round 300 | selected=[13, 65, 5, 92, 95, 60, 26, 39, 78, 66]
Round 300 | train_loss=1.0492 train_acc=0.6670 test_loss=1.8879 test_acc=0.3408
Round 301 | selected=[9, 7, 93, 98, 56, 68, 45, 54, 61, 55]
Round 301 | train_loss=1.1873 train_acc=0.6272 test_loss=1.7872 test_acc=0.3401
Round 302 | selected=[70, 15, 24, 86, 52, 20, 89, 39, 26, 29]
Round 302 | train_loss=1.0026 train_acc=0.6560 test_loss=1.6279 test_acc=0.3646
Round 303 | selected=[88, 70, 93, 14, 40, 54, 38, 11, 83, 68]
Round 303 | train_loss=0.8963 train_acc=0.7018 test_loss=1.7521 test_acc=0.4133
Round 304 | selected=[32, 7, 18, 89, 71, 28, 47, 27, 8, 11]
Round 304 | train_loss=1.0668 train_acc=0.6422 test_loss=1.6086 test_acc=0.3829
Round 305 | selected=[45, 20, 3, 79, 63, 59, 56, 57, 16, 51]
Round 305 | train_loss=0.8777 train_acc=0.7158 test_loss=1.6610 test_acc=0.3588
Round 306 | selected=[64, 86, 36, 51, 71, 58, 67, 68, 83, 11]
Round 306 | train_loss=0.8607 train_acc=0.7180 test_loss=2.0065 test_acc=0.2904
Round 307 | selected=[15, 75, 99, 73, 85, 98, 49, 83, 93, 23]
Round 307 | train_loss=1.0616 train_acc=0.6322 test_loss=1.7344 test_acc=0.3642
Round 308 | selected=[69, 28, 30, 84, 15, 86, 87, 7, 36, 59]
Round 308 | train_loss=1.0834 train_acc=0.6846 test_loss=2.2177 test_acc=0.2457
Round 309 | selected=[16, 19, 85, 9, 34, 64, 66, 25, 35, 86]
Round 309 | train_loss=1.0745 train_acc=0.6778 test_loss=1.5674 test_acc=0.4215
Round 310 | selected=[93, 20, 90, 69, 28, 18, 52, 15, 19, 3]
Round 310 | train_loss=0.8681 train_acc=0.7198 test_loss=1.6351 test_acc=0.3750
Round 311 | selected=[34, 77, 19, 88, 85, 9, 45, 5, 20, 39]
Round 311 | train_loss=0.9496 train_acc=0.6818 test_loss=1.5178 test_acc=0.4284
Round 312 | selected=[5, 14, 60, 30, 49, 71, 87, 35, 39, 80]
Round 312 | train_loss=0.8924 train_acc=0.7120 test_loss=1.4644 test_acc=0.4263
Round 313 | selected=[63, 69, 41, 25, 81, 3, 68, 49, 34, 89]
Round 313 | train_loss=0.7497 train_acc=0.7602 test_loss=1.7215 test_acc=0.3800
Round 314 | selected=[82, 39, 65, 22, 38, 51, 36, 50, 10, 75]
Round 314 | train_loss=1.1752 train_acc=0.6014 test_loss=1.6637 test_acc=0.3538
Round 315 | selected=[63, 38, 85, 47, 55, 86, 4, 44, 76, 36]
Round 315 | train_loss=1.0015 train_acc=0.6642 test_loss=1.6769 test_acc=0.3792
Round 316 | selected=[67, 32, 53, 11, 61, 28, 62, 44, 98, 43]
Round 316 | train_loss=1.0052 train_acc=0.6588 test_loss=1.5498 test_acc=0.4065
Round 317 | selected=[54, 42, 31, 56, 37, 38, 4, 26, 55, 47]
Round 317 | train_loss=0.8918 train_acc=0.7200 test_loss=1.6444 test_acc=0.4030
Round 318 | selected=[77, 24, 38, 71, 6, 43, 79, 12, 84, 69]
Round 318 | train_loss=0.9018 train_acc=0.7046 test_loss=1.6518 test_acc=0.3454
Round 319 | selected=[22, 47, 46, 87, 35, 90, 2, 33, 53, 99]
Round 319 | train_loss=0.7775 train_acc=0.7526 test_loss=1.5829 test_acc=0.3918
Round 320 | selected=[94, 86, 38, 85, 83, 29, 68, 97, 92, 55]
Round 320 | train_loss=0.9031 train_acc=0.6878 test_loss=1.9971 test_acc=0.2346
Round 321 | selected=[33, 52, 40, 54, 43, 85, 97, 59, 83, 71]
Round 321 | train_loss=0.9724 train_acc=0.6518 test_loss=1.6060 test_acc=0.4379
Round 322 | selected=[39, 18, 9, 77, 71, 38, 99, 74, 25, 52]
Round 322 | train_loss=0.9462 train_acc=0.6974 test_loss=1.9780 test_acc=0.2667
Round 323 | selected=[85, 22, 13, 49, 88, 7, 98, 16, 56, 24]
Round 323 | train_loss=0.9612 train_acc=0.6642 test_loss=2.1177 test_acc=0.2954
Round 324 | selected=[43, 83, 24, 21, 97, 76, 30, 84, 75, 82]
Round 324 | train_loss=1.0100 train_acc=0.6544 test_loss=1.7130 test_acc=0.3489
Round 325 | selected=[69, 34, 42, 37, 92, 81, 17, 60, 88, 16]
Round 325 | train_loss=0.8883 train_acc=0.7264 test_loss=1.7740 test_acc=0.3666
Round 326 | selected=[27, 7, 8, 71, 40, 1, 86, 12, 4, 44]
Round 326 | train_loss=0.9388 train_acc=0.6852 test_loss=1.6244 test_acc=0.4179
Round 327 | selected=[85, 99, 68, 3, 9, 72, 57, 36, 82, 47]
Round 327 | train_loss=0.8818 train_acc=0.7138 test_loss=1.6746 test_acc=0.3781
Round 328 | selected=[87, 32, 37, 52, 27, 54, 45, 80, 57, 73]
Round 328 | train_loss=1.0588 train_acc=0.6664 test_loss=1.6694 test_acc=0.3911
Round 329 | selected=[73, 13, 77, 46, 64, 91, 33, 36, 62, 15]
Round 329 | train_loss=0.9980 train_acc=0.6968 test_loss=1.6154 test_acc=0.3741
Round 330 | selected=[3, 79, 26, 43, 96, 6, 54, 45, 85, 59]
Round 330 | train_loss=1.0100 train_acc=0.6544 test_loss=1.6318 test_acc=0.3494
Round 331 | selected=[0, 29, 41, 44, 7, 51, 23, 84, 33, 43]
Round 331 | train_loss=0.9022 train_acc=0.7010 test_loss=1.6217 test_acc=0.3879
Round 332 | selected=[7, 27, 68, 57, 83, 43, 42, 25, 3, 17]
Round 332 | train_loss=0.7112 train_acc=0.7750 test_loss=1.7387 test_acc=0.3273
Round 333 | selected=[73, 8, 34, 79, 81, 70, 94, 5, 74, 98]
Round 333 | train_loss=1.1402 train_acc=0.6222 test_loss=2.1137 test_acc=0.2749
Round 334 | selected=[16, 75, 82, 12, 48, 57, 97, 34, 24, 36]
Round 334 | train_loss=1.1110 train_acc=0.6210 test_loss=1.6400 test_acc=0.3990
Round 335 | selected=[61, 68, 64, 45, 47, 90, 74, 31, 93, 16]
Round 335 | train_loss=0.9132 train_acc=0.6876 test_loss=1.7837 test_acc=0.3292
Round 336 | selected=[43, 53, 1, 92, 73, 15, 94, 87, 52, 41]
Round 336 | train_loss=1.0728 train_acc=0.6530 test_loss=1.8280 test_acc=0.3669
Round 337 | selected=[34, 58, 25, 90, 72, 1, 88, 28, 52, 96]
Round 337 | train_loss=0.9362 train_acc=0.7088 test_loss=1.6124 test_acc=0.3977
Round 338 | selected=[67, 52, 69, 46, 25, 55, 29, 68, 56, 64]
Round 338 | train_loss=0.8122 train_acc=0.7490 test_loss=1.7166 test_acc=0.3607
Round 339 | selected=[82, 52, 80, 63, 25, 12, 21, 73, 6, 33]
Round 339 | train_loss=0.9438 train_acc=0.6868 test_loss=1.5099 test_acc=0.4298
Round 340 | selected=[6, 82, 4, 28, 13, 10, 23, 5, 63, 55]
Round 340 | train_loss=0.9257 train_acc=0.6986 test_loss=1.6395 test_acc=0.3384
Round 341 | selected=[98, 40, 29, 90, 12, 94, 66, 88, 34, 42]
Round 341 | train_loss=0.8532 train_acc=0.7158 test_loss=1.4767 test_acc=0.4737
Round 342 | selected=[26, 41, 31, 47, 13, 78, 86, 33, 82, 10]
Round 342 | train_loss=0.8365 train_acc=0.7224 test_loss=1.7795 test_acc=0.2872
Round 343 | selected=[3, 73, 48, 97, 53, 0, 6, 34, 87, 44]
Round 343 | train_loss=1.0456 train_acc=0.6574 test_loss=1.9650 test_acc=0.3024
Round 344 | selected=[61, 26, 12, 8, 23, 84, 73, 4, 79, 77]
Round 344 | train_loss=0.9708 train_acc=0.6630 test_loss=1.6121 test_acc=0.3560
Round 345 | selected=[22, 13, 98, 18, 34, 76, 24, 52, 0, 78]
Round 345 | train_loss=0.9304 train_acc=0.6864 test_loss=2.0748 test_acc=0.2882
Round 346 | selected=[15, 91, 94, 56, 43, 58, 63, 69, 93, 47]
Round 346 | train_loss=0.9450 train_acc=0.7006 test_loss=1.7715 test_acc=0.3248
Round 347 | selected=[92, 49, 52, 29, 54, 0, 51, 42, 64, 82]
Round 347 | train_loss=1.1294 train_acc=0.6336 test_loss=1.7335 test_acc=0.3720
Round 348 | selected=[74, 28, 96, 92, 39, 64, 88, 80, 22, 25]
Round 348 | train_loss=1.0182 train_acc=0.6518 test_loss=1.7310 test_acc=0.3554
Round 349 | selected=[60, 54, 20, 21, 67, 98, 39, 52, 90, 59]
Round 349 | train_loss=0.9390 train_acc=0.7048 test_loss=1.6636 test_acc=0.3859
Round 350 | selected=[3, 53, 84, 93, 81, 50, 19, 1, 10, 89]
Round 350 | train_loss=0.9047 train_acc=0.6896 test_loss=2.0071 test_acc=0.2891
Round 351 | selected=[96, 5, 88, 48, 9, 60, 12, 65, 83, 22]
Round 351 | train_loss=1.0409 train_acc=0.6442 test_loss=1.5903 test_acc=0.4206
Round 352 | selected=[85, 43, 42, 29, 38, 46, 86, 12, 62, 51]
Round 352 | train_loss=0.8810 train_acc=0.7124 test_loss=1.4555 test_acc=0.4294
Round 353 | selected=[88, 58, 25, 67, 31, 28, 97, 15, 53, 8]
Round 353 | train_loss=0.7585 train_acc=0.7500 test_loss=1.5676 test_acc=0.4411
Round 354 | selected=[16, 14, 4, 49, 89, 11, 83, 42, 80, 95]
Round 354 | train_loss=1.0216 train_acc=0.6466 test_loss=1.6178 test_acc=0.3562
Round 355 | selected=[18, 58, 73, 34, 54, 2, 23, 69, 95, 61]
Round 355 | train_loss=0.8888 train_acc=0.7194 test_loss=1.5216 test_acc=0.4181
Round 356 | selected=[98, 64, 16, 20, 66, 76, 32, 91, 96, 9]
Round 356 | train_loss=0.8655 train_acc=0.7142 test_loss=1.8850 test_acc=0.3521
Round 357 | selected=[67, 29, 4, 11, 85, 87, 3, 30, 39, 45]
Round 357 | train_loss=0.9544 train_acc=0.6774 test_loss=1.5875 test_acc=0.3990
Round 358 | selected=[85, 75, 33, 64, 55, 50, 47, 26, 4, 67]
Round 358 | train_loss=1.0456 train_acc=0.6268 test_loss=1.9253 test_acc=0.2736
Round 359 | selected=[48, 62, 58, 3, 57, 95, 45, 26, 94, 29]
Round 359 | train_loss=1.0255 train_acc=0.6722 test_loss=1.5778 test_acc=0.3916
Round 360 | selected=[68, 86, 88, 57, 67, 30, 45, 41, 47, 95]
Round 360 | train_loss=0.7812 train_acc=0.7592 test_loss=1.7029 test_acc=0.3879
Round 361 | selected=[3, 20, 87, 48, 80, 71, 97, 8, 98, 18]
Round 361 | train_loss=1.0369 train_acc=0.6462 test_loss=1.7351 test_acc=0.3506
Round 362 | selected=[74, 49, 41, 88, 4, 19, 98, 46, 6, 90]
Round 362 | train_loss=0.8982 train_acc=0.6956 test_loss=1.8250 test_acc=0.3524
Round 363 | selected=[57, 35, 8, 59, 94, 49, 83, 23, 95, 85]
Round 363 | train_loss=0.9497 train_acc=0.6862 test_loss=1.5525 test_acc=0.4172
Round 364 | selected=[43, 77, 30, 89, 32, 61, 10, 82, 56, 54]
Round 364 | train_loss=0.9285 train_acc=0.6658 test_loss=1.8704 test_acc=0.3379
Round 365 | selected=[40, 55, 48, 89, 88, 49, 24, 28, 83, 75]
Round 365 | train_loss=1.0138 train_acc=0.6582 test_loss=1.4992 test_acc=0.4260
Round 366 | selected=[96, 72, 92, 13, 17, 15, 26, 41, 65, 78]
Round 366 | train_loss=0.7224 train_acc=0.7706 test_loss=1.6338 test_acc=0.3530
Round 367 | selected=[43, 47, 20, 3, 31, 81, 45, 68, 17, 82]
Round 367 | train_loss=0.8699 train_acc=0.6990 test_loss=1.5119 test_acc=0.4127
Round 368 | selected=[22, 19, 87, 79, 94, 91, 69, 17, 48, 49]
Round 368 | train_loss=0.7964 train_acc=0.7346 test_loss=1.6097 test_acc=0.3893
Round 369 | selected=[62, 7, 25, 85, 66, 38, 18, 50, 56, 37]
Round 369 | train_loss=0.7521 train_acc=0.7582 test_loss=1.7649 test_acc=0.3197
Round 370 | selected=[39, 24, 42, 3, 10, 75, 59, 49, 55, 46]
Round 370 | train_loss=0.9840 train_acc=0.6424 test_loss=1.7677 test_acc=0.3408
Round 371 | selected=[91, 8, 74, 84, 76, 82, 35, 42, 86, 59]
Round 371 | train_loss=0.8556 train_acc=0.7292 test_loss=1.5600 test_acc=0.4431
Round 372 | selected=[9, 79, 77, 68, 21, 63, 5, 53, 36, 86]
Round 372 | train_loss=0.7738 train_acc=0.7628 test_loss=1.4775 test_acc=0.4566
Round 373 | selected=[52, 33, 72, 14, 81, 77, 3, 61, 46, 76]
Round 373 | train_loss=0.8375 train_acc=0.7276 test_loss=1.4945 test_acc=0.4291
Round 374 | selected=[18, 57, 98, 58, 43, 87, 97, 64, 10, 22]
Round 374 | train_loss=0.9118 train_acc=0.6944 test_loss=1.5923 test_acc=0.3713
Round 375 | selected=[52, 94, 14, 5, 23, 38, 46, 16, 1, 17]
Round 375 | train_loss=0.7506 train_acc=0.7562 test_loss=1.7787 test_acc=0.3225
Round 376 | selected=[3, 76, 12, 15, 39, 7, 95, 54, 17, 88]
Round 376 | train_loss=0.8281 train_acc=0.7192 test_loss=1.5028 test_acc=0.4638
Round 377 | selected=[22, 46, 90, 2, 76, 36, 48, 23, 4, 42]
Round 377 | train_loss=0.7746 train_acc=0.7440 test_loss=1.3816 test_acc=0.5237
Round 378 | selected=[87, 45, 21, 19, 36, 4, 3, 1, 65, 86]
Round 378 | train_loss=0.7481 train_acc=0.7512 test_loss=1.8607 test_acc=0.3469
Round 379 | selected=[38, 83, 44, 5, 54, 85, 43, 86, 60, 68]
Round 379 | train_loss=0.8782 train_acc=0.7114 test_loss=1.5954 test_acc=0.4066
Round 380 | selected=[92, 42, 35, 15, 21, 37, 72, 4, 54, 51]
Round 380 | train_loss=0.8174 train_acc=0.7432 test_loss=1.5176 test_acc=0.4466
Round 381 | selected=[44, 82, 22, 37, 83, 55, 41, 20, 69, 56]
Round 381 | train_loss=0.7752 train_acc=0.7404 test_loss=1.6877 test_acc=0.3007
Round 382 | selected=[17, 69, 96, 11, 2, 86, 6, 77, 97, 56]
Round 382 | train_loss=0.8113 train_acc=0.7106 test_loss=1.7133 test_acc=0.3197
Round 383 | selected=[82, 27, 14, 71, 21, 94, 91, 45, 1, 77]
Round 383 | train_loss=0.9635 train_acc=0.6604 test_loss=1.5529 test_acc=0.4336
Round 384 | selected=[4, 6, 87, 81, 27, 51, 84, 7, 50, 82]
Round 384 | train_loss=0.9522 train_acc=0.6802 test_loss=1.6307 test_acc=0.3882
Round 385 | selected=[42, 51, 38, 98, 72, 3, 57, 0, 48, 13]
Round 385 | train_loss=0.8471 train_acc=0.7350 test_loss=1.6169 test_acc=0.4013
Round 386 | selected=[44, 3, 90, 56, 95, 66, 51, 54, 38, 60]
Round 386 | train_loss=0.7880 train_acc=0.7560 test_loss=1.9939 test_acc=0.3016
Round 387 | selected=[32, 61, 24, 5, 72, 51, 40, 73, 93, 18]
Round 387 | train_loss=0.9018 train_acc=0.6972 test_loss=1.5766 test_acc=0.3925
Round 388 | selected=[25, 47, 98, 42, 31, 81, 84, 57, 24, 62]
Round 388 | train_loss=0.7940 train_acc=0.7410 test_loss=1.4642 test_acc=0.4355
Round 389 | selected=[28, 16, 86, 62, 51, 35, 9, 37, 44, 57]
Round 389 | train_loss=0.8334 train_acc=0.7186 test_loss=1.5415 test_acc=0.4248
Round 390 | selected=[36, 37, 98, 66, 85, 38, 74, 52, 92, 87]
Round 390 | train_loss=0.8397 train_acc=0.7294 test_loss=2.0901 test_acc=0.2790
Round 391 | selected=[3, 77, 64, 49, 19, 55, 18, 68, 12, 35]
Round 391 | train_loss=0.9465 train_acc=0.6866 test_loss=1.6633 test_acc=0.4309
Round 392 | selected=[39, 51, 60, 72, 61, 38, 23, 4, 55, 88]
Round 392 | train_loss=1.0569 train_acc=0.6562 test_loss=1.7559 test_acc=0.3194
Round 393 | selected=[8, 77, 28, 38, 56, 79, 22, 48, 69, 53]
Round 393 | train_loss=0.9005 train_acc=0.6912 test_loss=1.7768 test_acc=0.3715
Round 394 | selected=[71, 20, 10, 26, 30, 84, 9, 14, 50, 47]
Round 394 | train_loss=0.9334 train_acc=0.6972 test_loss=1.6676 test_acc=0.3089
Round 395 | selected=[35, 56, 30, 19, 36, 83, 25, 28, 16, 13]
Round 395 | train_loss=0.7472 train_acc=0.7498 test_loss=1.5668 test_acc=0.4088
Round 396 | selected=[71, 79, 49, 61, 73, 59, 60, 83, 10, 81]
Round 396 | train_loss=0.7931 train_acc=0.7366 test_loss=1.8090 test_acc=0.3198
Round 397 | selected=[30, 94, 28, 68, 57, 74, 34, 81, 86, 33]
Round 397 | train_loss=0.8318 train_acc=0.7232 test_loss=1.6998 test_acc=0.3619
Round 398 | selected=[25, 45, 51, 62, 91, 55, 12, 46, 53, 63]
Round 398 | train_loss=0.9015 train_acc=0.7024 test_loss=1.5794 test_acc=0.4063
Round 399 | selected=[48, 60, 78, 39, 75, 72, 70, 59, 19, 27]
Round 399 | train_loss=0.9376 train_acc=0.6760 test_loss=1.8649 test_acc=0.3243
Round 400 | selected=[58, 16, 89, 40, 44, 53, 79, 93, 47, 69]
Round 400 | train_loss=0.8136 train_acc=0.7172 test_loss=1.7118 test_acc=0.3520
Round 401 | selected=[30, 61, 62, 45, 76, 60, 12, 78, 55, 71]
Round 401 | train_loss=0.9232 train_acc=0.6906 test_loss=1.5307 test_acc=0.4429
Round 402 | selected=[60, 0, 12, 33, 15, 49, 13, 48, 52, 58]
Round 402 | train_loss=0.8468 train_acc=0.7316 test_loss=1.6304 test_acc=0.3550
Round 403 | selected=[57, 52, 21, 55, 96, 33, 29, 71, 84, 48]
Round 403 | train_loss=0.9179 train_acc=0.6890 test_loss=1.5307 test_acc=0.4095
Round 404 | selected=[68, 83, 92, 91, 8, 13, 10, 25, 66, 53]
Round 404 | train_loss=0.6238 train_acc=0.8086 test_loss=1.4900 test_acc=0.4050
Round 405 | selected=[46, 36, 82, 76, 1, 51, 63, 65, 54, 70]
Round 405 | train_loss=0.8839 train_acc=0.6938 test_loss=1.9052 test_acc=0.3287
Round 406 | selected=[76, 86, 8, 30, 3, 91, 93, 16, 55, 57]
Round 406 | train_loss=0.9515 train_acc=0.6960 test_loss=1.8453 test_acc=0.3757
Round 407 | selected=[7, 3, 81, 70, 98, 24, 44, 8, 39, 16]
Round 407 | train_loss=0.8481 train_acc=0.7202 test_loss=1.6284 test_acc=0.3669
Round 408 | selected=[79, 44, 97, 35, 77, 6, 46, 29, 38, 82]
Round 408 | train_loss=0.9064 train_acc=0.6722 test_loss=1.7699 test_acc=0.3702
Round 409 | selected=[54, 0, 51, 65, 41, 34, 84, 70, 3, 36]
Round 409 | train_loss=0.9810 train_acc=0.6812 test_loss=1.5135 test_acc=0.4378
Round 410 | selected=[43, 11, 38, 47, 69, 30, 22, 88, 19, 24]
Round 410 | train_loss=0.8209 train_acc=0.7278 test_loss=1.5420 test_acc=0.3953
Round 411 | selected=[62, 98, 10, 76, 14, 25, 49, 7, 89, 17]
Round 411 | train_loss=0.8223 train_acc=0.7324 test_loss=1.5279 test_acc=0.3819
Round 412 | selected=[34, 19, 37, 70, 98, 64, 69, 5, 94, 3]
Round 412 | train_loss=0.7284 train_acc=0.7598 test_loss=1.7145 test_acc=0.3463
Round 413 | selected=[51, 28, 42, 21, 29, 30, 38, 96, 34, 97]
Round 413 | train_loss=0.8983 train_acc=0.6962 test_loss=1.4594 test_acc=0.4275
Round 414 | selected=[98, 67, 83, 59, 41, 45, 39, 70, 21, 25]
Round 414 | train_loss=0.7179 train_acc=0.7508 test_loss=1.6049 test_acc=0.4003
Round 415 | selected=[7, 15, 43, 85, 41, 50, 67, 21, 90, 5]
Round 415 | train_loss=0.8000 train_acc=0.7346 test_loss=1.7119 test_acc=0.3444
Round 416 | selected=[73, 77, 81, 41, 99, 10, 54, 89, 20, 85]
Round 416 | train_loss=0.8430 train_acc=0.7160 test_loss=1.6097 test_acc=0.3676
Round 417 | selected=[24, 60, 96, 79, 36, 56, 38, 74, 19, 35]
Round 417 | train_loss=0.7414 train_acc=0.7542 test_loss=1.8313 test_acc=0.3633
Round 418 | selected=[48, 82, 66, 74, 15, 51, 24, 98, 76, 33]
Round 418 | train_loss=0.7829 train_acc=0.7452 test_loss=1.4277 test_acc=0.4852
Round 419 | selected=[19, 88, 66, 76, 48, 37, 57, 0, 14, 62]
Round 419 | train_loss=0.6890 train_acc=0.7902 test_loss=1.5547 test_acc=0.4415
Round 420 | selected=[88, 77, 68, 0, 32, 9, 20, 90, 79, 8]
Round 420 | train_loss=0.7852 train_acc=0.7396 test_loss=1.4833 test_acc=0.4200
Round 421 | selected=[22, 71, 9, 65, 64, 7, 2, 73, 21, 40]
Round 421 | train_loss=0.8734 train_acc=0.6956 test_loss=1.5414 test_acc=0.4294
Round 422 | selected=[60, 73, 61, 4, 21, 48, 95, 51, 56, 55]
Round 422 | train_loss=0.8467 train_acc=0.7114 test_loss=1.4807 test_acc=0.4349
Round 423 | selected=[37, 74, 73, 36, 52, 33, 60, 31, 21, 43]
Round 423 | train_loss=0.8125 train_acc=0.7322 test_loss=1.4289 test_acc=0.4618
Round 424 | selected=[78, 56, 34, 12, 60, 65, 10, 39, 11, 57]
Round 424 | train_loss=0.7250 train_acc=0.7578 test_loss=1.5667 test_acc=0.3850
Round 425 | selected=[21, 93, 77, 97, 89, 4, 16, 56, 87, 63]
Round 425 | train_loss=0.7325 train_acc=0.7586 test_loss=2.2849 test_acc=0.2735
Round 426 | selected=[78, 64, 7, 94, 68, 10, 36, 39, 89, 23]
Round 426 | train_loss=0.8888 train_acc=0.7162 test_loss=1.5825 test_acc=0.3875
Round 427 | selected=[90, 27, 55, 44, 95, 51, 20, 50, 62, 69]
Round 427 | train_loss=0.9056 train_acc=0.6916 test_loss=1.6812 test_acc=0.3469
Round 428 | selected=[2, 98, 7, 73, 72, 14, 48, 56, 21, 92]
Round 428 | train_loss=0.7950 train_acc=0.7404 test_loss=1.8428 test_acc=0.3216
Round 429 | selected=[4, 34, 14, 68, 54, 17, 27, 57, 63, 16]
Round 429 | train_loss=0.9156 train_acc=0.6848 test_loss=1.5121 test_acc=0.4791
Round 430 | selected=[90, 85, 99, 60, 4, 5, 72, 57, 92, 20]
Round 430 | train_loss=0.8325 train_acc=0.7426 test_loss=1.4384 test_acc=0.4538
Round 431 | selected=[90, 29, 95, 23, 31, 97, 7, 16, 86, 34]
Round 431 | train_loss=0.7747 train_acc=0.7478 test_loss=1.3831 test_acc=0.4849
Round 432 | selected=[58, 95, 63, 60, 75, 37, 18, 45, 93, 42]
Round 432 | train_loss=0.7632 train_acc=0.7362 test_loss=1.5597 test_acc=0.3533
Round 433 | selected=[41, 10, 52, 79, 45, 94, 16, 20, 81, 80]
Round 433 | train_loss=0.8591 train_acc=0.6958 test_loss=1.7326 test_acc=0.3283
Round 434 | selected=[23, 86, 49, 93, 15, 71, 77, 5, 79, 70]
Round 434 | train_loss=0.7490 train_acc=0.7586 test_loss=1.5513 test_acc=0.4492
Round 435 | selected=[21, 34, 75, 43, 98, 99, 44, 35, 23, 64]
Round 435 | train_loss=0.7738 train_acc=0.7470 test_loss=1.4611 test_acc=0.4352
Round 436 | selected=[21, 89, 58, 75, 2, 46, 52, 40, 87, 10]
Round 436 | train_loss=0.7433 train_acc=0.7556 test_loss=1.5116 test_acc=0.4662
Round 437 | selected=[22, 59, 10, 94, 97, 87, 16, 33, 34, 57]
Round 437 | train_loss=0.8125 train_acc=0.7326 test_loss=1.3498 test_acc=0.4893
Round 438 | selected=[84, 50, 77, 39, 37, 4, 96, 53, 66, 6]
Round 438 | train_loss=0.8437 train_acc=0.7066 test_loss=2.0004 test_acc=0.2942
Round 439 | selected=[24, 81, 21, 69, 14, 52, 98, 78, 6, 86]
Round 439 | train_loss=0.6693 train_acc=0.7756 test_loss=1.7499 test_acc=0.3404
Round 440 | selected=[48, 10, 69, 43, 85, 59, 98, 19, 58, 64]
Round 440 | train_loss=0.8612 train_acc=0.7124 test_loss=1.6044 test_acc=0.3480
Round 441 | selected=[52, 78, 19, 11, 97, 91, 47, 63, 23, 72]
Round 441 | train_loss=0.7360 train_acc=0.7578 test_loss=1.5492 test_acc=0.4139
Round 442 | selected=[82, 10, 16, 61, 74, 37, 11, 99, 79, 65]
Round 442 | train_loss=0.7871 train_acc=0.7250 test_loss=1.5855 test_acc=0.4012
Round 443 | selected=[60, 97, 54, 99, 72, 78, 71, 40, 15, 52]
Round 443 | train_loss=0.7956 train_acc=0.7460 test_loss=1.7458 test_acc=0.3409
Round 444 | selected=[23, 24, 27, 34, 14, 95, 91, 63, 8, 60]
Round 444 | train_loss=0.8436 train_acc=0.7182 test_loss=1.7633 test_acc=0.3654
Round 445 | selected=[13, 29, 62, 97, 66, 45, 85, 38, 60, 52]
Round 445 | train_loss=0.9020 train_acc=0.7036 test_loss=1.4837 test_acc=0.4358
Round 446 | selected=[33, 44, 7, 84, 79, 35, 96, 48, 56, 83]
Round 446 | train_loss=0.7571 train_acc=0.7466 test_loss=1.5221 test_acc=0.3713
Round 447 | selected=[78, 25, 62, 11, 96, 50, 54, 31, 99, 86]
Round 447 | train_loss=0.8004 train_acc=0.7224 test_loss=1.4469 test_acc=0.4720
Round 448 | selected=[77, 5, 35, 11, 93, 38, 6, 36, 70, 75]
Round 448 | train_loss=0.8445 train_acc=0.7130 test_loss=1.6449 test_acc=0.4050
Round 449 | selected=[44, 41, 53, 99, 40, 70, 6, 11, 51, 47]
Round 449 | train_loss=0.8117 train_acc=0.7288 test_loss=1.3231 test_acc=0.5097
Round 450 | selected=[91, 34, 46, 68, 97, 37, 20, 81, 2, 40]
Round 450 | train_loss=0.6632 train_acc=0.7898 test_loss=1.5052 test_acc=0.4098
Round 451 | selected=[30, 62, 47, 57, 82, 68, 24, 77, 36, 31]
Round 451 | train_loss=0.8061 train_acc=0.7294 test_loss=1.3758 test_acc=0.4848
Round 452 | selected=[14, 88, 98, 74, 20, 16, 58, 77, 99, 62]
Round 452 | train_loss=0.8530 train_acc=0.7238 test_loss=1.6795 test_acc=0.3626
Round 453 | selected=[99, 50, 9, 2, 91, 73, 29, 68, 86, 62]
Round 453 | train_loss=0.7855 train_acc=0.7382 test_loss=1.5145 test_acc=0.4241
Round 454 | selected=[32, 36, 15, 28, 24, 80, 62, 71, 0, 43]
Round 454 | train_loss=0.8865 train_acc=0.7108 test_loss=1.6154 test_acc=0.4017
Round 455 | selected=[97, 14, 93, 26, 44, 60, 78, 91, 65, 83]
Round 455 | train_loss=0.7197 train_acc=0.7668 test_loss=1.7587 test_acc=0.3728
Round 456 | selected=[28, 52, 69, 85, 15, 41, 75, 48, 54, 73]
Round 456 | train_loss=1.1076 train_acc=0.6784 test_loss=1.8861 test_acc=0.3289
Round 457 | selected=[35, 89, 40, 61, 68, 90, 73, 51, 55, 4]
Round 457 | train_loss=1.0801 train_acc=0.6496 test_loss=1.4304 test_acc=0.4559
Round 458 | selected=[18, 0, 98, 28, 26, 93, 68, 95, 37, 29]
Round 458 | train_loss=0.8557 train_acc=0.7070 test_loss=1.3785 test_acc=0.4720
Round 459 | selected=[34, 69, 22, 91, 48, 66, 70, 94, 47, 99]
Round 459 | train_loss=0.6934 train_acc=0.7716 test_loss=1.5578 test_acc=0.4072
Round 460 | selected=[37, 13, 35, 34, 60, 90, 28, 50, 73, 40]
Round 460 | train_loss=0.8757 train_acc=0.7086 test_loss=1.7349 test_acc=0.4212
Round 461 | selected=[69, 27, 26, 89, 64, 93, 54, 67, 44, 57]
Round 461 | train_loss=0.9658 train_acc=0.6906 test_loss=1.9093 test_acc=0.3716
Round 462 | selected=[26, 83, 30, 5, 43, 44, 91, 8, 93, 6]
Round 462 | train_loss=0.9607 train_acc=0.6864 test_loss=1.6160 test_acc=0.3620
Round 463 | selected=[63, 2, 29, 62, 74, 69, 37, 91, 78, 14]
Round 463 | train_loss=0.7393 train_acc=0.7676 test_loss=1.5709 test_acc=0.3816
Round 464 | selected=[21, 59, 82, 78, 68, 99, 15, 47, 71, 93]
Round 464 | train_loss=0.6278 train_acc=0.7946 test_loss=1.6143 test_acc=0.3770
Round 465 | selected=[61, 99, 89, 95, 81, 71, 64, 42, 14, 35]
Round 465 | train_loss=0.9091 train_acc=0.7168 test_loss=1.5448 test_acc=0.3846
Round 466 | selected=[74, 69, 55, 29, 84, 19, 12, 73, 64, 94]
Round 466 | train_loss=0.8737 train_acc=0.7074 test_loss=1.4620 test_acc=0.4640
Round 467 | selected=[49, 23, 48, 90, 19, 29, 92, 63, 66, 6]
Round 467 | train_loss=0.6772 train_acc=0.7722 test_loss=1.4644 test_acc=0.4387
Round 468 | selected=[9, 49, 61, 94, 30, 79, 75, 36, 5, 4]
Round 468 | train_loss=0.8466 train_acc=0.7102 test_loss=1.4776 test_acc=0.4771
Round 469 | selected=[38, 21, 72, 77, 16, 18, 62, 46, 53, 78]
Round 469 | train_loss=0.7269 train_acc=0.7648 test_loss=1.4806 test_acc=0.4153
Round 470 | selected=[68, 51, 56, 72, 34, 27, 7, 65, 57, 73]
Round 470 | train_loss=0.7652 train_acc=0.7452 test_loss=1.4834 test_acc=0.4176
Round 471 | selected=[10, 43, 96, 4, 90, 36, 70, 48, 9, 87]
Round 471 | train_loss=0.9021 train_acc=0.6962 test_loss=1.6082 test_acc=0.3471
Round 472 | selected=[49, 92, 66, 45, 98, 85, 8, 5, 37, 27]
Round 472 | train_loss=0.9237 train_acc=0.6750 test_loss=1.6227 test_acc=0.3831
Round 473 | selected=[14, 26, 1, 60, 72, 16, 93, 24, 75, 40]
Round 473 | train_loss=0.8806 train_acc=0.7006 test_loss=1.4584 test_acc=0.5001
Round 474 | selected=[24, 81, 71, 51, 96, 40, 65, 68, 4, 19]
Round 474 | train_loss=0.7522 train_acc=0.7592 test_loss=1.5881 test_acc=0.4235
Round 475 | selected=[26, 80, 85, 71, 9, 68, 81, 54, 10, 34]
Round 475 | train_loss=0.8440 train_acc=0.7070 test_loss=1.3850 test_acc=0.4971
Round 476 | selected=[24, 8, 31, 71, 23, 79, 65, 21, 86, 38]
Round 476 | train_loss=0.6809 train_acc=0.7772 test_loss=1.6032 test_acc=0.4226
Round 477 | selected=[82, 97, 61, 42, 90, 7, 53, 44, 88, 17]
Round 477 | train_loss=0.7666 train_acc=0.7394 test_loss=1.6244 test_acc=0.3923
Round 478 | selected=[84, 73, 66, 47, 44, 75, 83, 55, 80, 11]
Round 478 | train_loss=0.8432 train_acc=0.7220 test_loss=1.6233 test_acc=0.3815
Round 479 | selected=[93, 40, 1, 66, 61, 99, 54, 2, 16, 96]
Round 479 | train_loss=0.7701 train_acc=0.7568 test_loss=1.5448 test_acc=0.4202
Round 480 | selected=[86, 94, 82, 23, 24, 71, 66, 36, 77, 16]
Round 480 | train_loss=0.7487 train_acc=0.7510 test_loss=1.6482 test_acc=0.3918
Round 481 | selected=[9, 7, 28, 65, 63, 32, 16, 87, 99, 15]
Round 481 | train_loss=0.6768 train_acc=0.7830 test_loss=1.4247 test_acc=0.4510
Round 482 | selected=[52, 75, 59, 72, 25, 39, 12, 64, 26, 78]
Round 482 | train_loss=0.7360 train_acc=0.7556 test_loss=1.5072 test_acc=0.4433
Round 483 | selected=[41, 19, 54, 29, 82, 4, 7, 9, 27, 50]
Round 483 | train_loss=0.8260 train_acc=0.7118 test_loss=1.5592 test_acc=0.4429
Round 484 | selected=[45, 55, 75, 58, 64, 3, 22, 53, 4, 97]
Round 484 | train_loss=0.8955 train_acc=0.7002 test_loss=1.4364 test_acc=0.4472
Round 485 | selected=[77, 57, 42, 0, 89, 58, 92, 5, 49, 11]
Round 485 | train_loss=0.8124 train_acc=0.7178 test_loss=1.6239 test_acc=0.4067
Round 486 | selected=[92, 18, 20, 58, 66, 59, 84, 62, 9, 64]
Round 486 | train_loss=0.8339 train_acc=0.7284 test_loss=1.3604 test_acc=0.4945
Round 487 | selected=[22, 8, 25, 80, 19, 96, 81, 69, 60, 68]
Round 487 | train_loss=0.6649 train_acc=0.7762 test_loss=1.3527 test_acc=0.5074
Round 488 | selected=[83, 74, 17, 10, 23, 36, 99, 87, 60, 81]
Round 488 | train_loss=0.6167 train_acc=0.8086 test_loss=1.2982 test_acc=0.5276
Round 489 | selected=[85, 64, 97, 13, 99, 40, 78, 35, 0, 10]
Round 489 | train_loss=0.6600 train_acc=0.7864 test_loss=1.3359 test_acc=0.5193
Round 490 | selected=[25, 22, 31, 56, 85, 74, 72, 7, 36, 63]
Round 490 | train_loss=0.6883 train_acc=0.7774 test_loss=1.3173 test_acc=0.5094
Round 491 | selected=[53, 32, 56, 99, 12, 98, 75, 89, 67, 72]
Round 491 | train_loss=0.6179 train_acc=0.8100 test_loss=1.4666 test_acc=0.4269
Round 492 | selected=[53, 80, 65, 64, 44, 6, 10, 41, 86, 77]
Round 492 | train_loss=0.8333 train_acc=0.7222 test_loss=1.5756 test_acc=0.4033
Round 493 | selected=[88, 97, 8, 19, 47, 18, 99, 73, 1, 85]
Round 493 | train_loss=0.7731 train_acc=0.7338 test_loss=1.4042 test_acc=0.5052
Round 494 | selected=[19, 42, 78, 33, 41, 50, 56, 72, 89, 98]
Round 494 | train_loss=0.7473 train_acc=0.7478 test_loss=1.8574 test_acc=0.3366
Round 495 | selected=[62, 39, 87, 74, 36, 91, 7, 37, 49, 10]
Round 495 | train_loss=0.8236 train_acc=0.7208 test_loss=1.5129 test_acc=0.4416
Round 496 | selected=[83, 22, 41, 7, 51, 8, 82, 45, 80, 36]
Round 496 | train_loss=0.8505 train_acc=0.7032 test_loss=1.3548 test_acc=0.5048
Round 497 | selected=[28, 23, 98, 24, 29, 46, 82, 40, 10, 77]
Round 497 | train_loss=0.6562 train_acc=0.7938 test_loss=1.3642 test_acc=0.4926
Round 498 | selected=[14, 6, 59, 49, 40, 97, 22, 86, 15, 99]
Round 498 | train_loss=0.6290 train_acc=0.7916 test_loss=1.2327 test_acc=0.5542
Round 499 | selected=[3, 94, 16, 47, 19, 20, 55, 51, 60, 89]
Round 499 | train_loss=0.7340 train_acc=0.7532 test_loss=1.3447 test_acc=0.4828
Round 500 | selected=[87, 19, 15, 59, 0, 7, 24, 38, 48, 8]
Round 500 | train_loss=0.6033 train_acc=0.8142 test_loss=1.2831 test_acc=0.5240
Saved: track1/results/cifar10/final_seed45/fedprox_alpha01_seed45.csv
COMPLETED: fedprox alpha01 seed=45
