========================================
JOB:       12009679
TASK:      54
ALGORITHM: fedprox
PARTITION: alpha03
SEED:      46
GPU:       0
========================================
Device: cuda
GPU: Tesla V100-PCIE-32GB
Round 0 | test_loss=3.1277 test_acc=0.0954
Round 1 | selected=[20, 26, 83, 93, 7, 60, 52, 24, 45, 13]
Round 1 | train_loss=1.7014 train_acc=0.4436 test_loss=2.4059 test_acc=0.1464
Round 2 | selected=[5, 81, 53, 62, 47, 68, 49, 77, 66, 75]
Round 2 | train_loss=1.8943 train_acc=0.4318 test_loss=2.6050 test_acc=0.1536
Round 3 | selected=[30, 93, 0, 98, 81, 24, 18, 94, 80, 23]
Round 3 | train_loss=1.6570 train_acc=0.5044 test_loss=2.4347 test_acc=0.1764
Round 4 | selected=[68, 96, 87, 66, 5, 62, 61, 57, 80, 99]
Round 4 | train_loss=1.6990 train_acc=0.4932 test_loss=3.1607 test_acc=0.1466
Round 5 | selected=[43, 63, 24, 13, 36, 72, 18, 51, 46, 15]
Round 5 | train_loss=2.0308 train_acc=0.4330 test_loss=3.4941 test_acc=0.1922
Round 6 | selected=[93, 15, 46, 55, 45, 4, 23, 83, 27, 40]
Round 6 | train_loss=1.6215 train_acc=0.5898 test_loss=2.4890 test_acc=0.1968
Round 7 | selected=[18, 23, 22, 31, 88, 68, 42, 38, 92, 98]
Round 7 | train_loss=1.5397 train_acc=0.5118 test_loss=3.1465 test_acc=0.2046
Round 8 | selected=[85, 34, 62, 61, 35, 72, 26, 71, 28, 9]
Round 8 | train_loss=1.7624 train_acc=0.4684 test_loss=2.6524 test_acc=0.2117
Round 9 | selected=[59, 12, 51, 64, 11, 73, 8, 38, 31, 63]
Round 9 | train_loss=1.7384 train_acc=0.5042 test_loss=3.0006 test_acc=0.2392
Round 10 | selected=[65, 57, 19, 80, 71, 67, 32, 59, 47, 58]
Round 10 | train_loss=1.6346 train_acc=0.5006 test_loss=2.6098 test_acc=0.2180
Round 11 | selected=[1, 49, 56, 28, 42, 16, 35, 11, 40, 61]
Round 11 | train_loss=1.8614 train_acc=0.4640 test_loss=3.6225 test_acc=0.1718
Round 12 | selected=[71, 22, 31, 34, 4, 78, 38, 11, 55, 82]
Round 12 | train_loss=1.8189 train_acc=0.4674 test_loss=2.1172 test_acc=0.2604
Round 13 | selected=[12, 80, 53, 65, 90, 75, 5, 16, 10, 43]
Round 13 | train_loss=1.4106 train_acc=0.5468 test_loss=2.4593 test_acc=0.1726
Round 14 | selected=[32, 76, 31, 47, 99, 18, 53, 8, 65, 51]
Round 14 | train_loss=1.6702 train_acc=0.4538 test_loss=2.5145 test_acc=0.2629
Round 15 | selected=[71, 40, 96, 38, 82, 7, 28, 24, 55, 13]
Round 15 | train_loss=1.7005 train_acc=0.5140 test_loss=2.2186 test_acc=0.2087
Round 16 | selected=[53, 33, 17, 23, 30, 28, 65, 13, 92, 19]
Round 16 | train_loss=1.3712 train_acc=0.5712 test_loss=2.3929 test_acc=0.2197
Round 17 | selected=[77, 54, 38, 21, 13, 2, 72, 51, 28, 66]
Round 17 | train_loss=1.7025 train_acc=0.4948 test_loss=2.5150 test_acc=0.2674
Round 18 | selected=[20, 65, 44, 11, 51, 22, 72, 37, 35, 96]
Round 18 | train_loss=1.6876 train_acc=0.4536 test_loss=2.5864 test_acc=0.2147
Round 19 | selected=[10, 94, 29, 60, 99, 16, 92, 35, 54, 96]
Round 19 | train_loss=1.6682 train_acc=0.4874 test_loss=3.6968 test_acc=0.1788
Round 20 | selected=[47, 20, 53, 40, 37, 75, 48, 27, 94, 4]
Round 20 | train_loss=2.0692 train_acc=0.4710 test_loss=3.9809 test_acc=0.1912
Round 21 | selected=[87, 63, 53, 36, 77, 37, 11, 24, 70, 28]
Round 21 | train_loss=1.8875 train_acc=0.4614 test_loss=2.1346 test_acc=0.2384
Round 22 | selected=[19, 94, 3, 74, 10, 66, 12, 15, 34, 96]
Round 22 | train_loss=1.4456 train_acc=0.5298 test_loss=2.2538 test_acc=0.2464
Round 23 | selected=[21, 65, 82, 31, 87, 4, 24, 43, 1, 37]
Round 23 | train_loss=1.4713 train_acc=0.5116 test_loss=2.0723 test_acc=0.2017
Round 24 | selected=[80, 26, 7, 40, 51, 3, 38, 69, 81, 6]
Round 24 | train_loss=1.4879 train_acc=0.4960 test_loss=2.6348 test_acc=0.2466
Round 25 | selected=[67, 33, 68, 23, 69, 46, 84, 74, 17, 39]
Round 25 | train_loss=1.4638 train_acc=0.5386 test_loss=2.4558 test_acc=0.2431
Round 26 | selected=[35, 73, 94, 20, 13, 11, 29, 70, 87, 55]
Round 26 | train_loss=1.5680 train_acc=0.5096 test_loss=2.9175 test_acc=0.1857
Round 27 | selected=[36, 34, 32, 97, 17, 73, 92, 31, 65, 22]
Round 27 | train_loss=1.5855 train_acc=0.4856 test_loss=2.2541 test_acc=0.2642
Round 28 | selected=[55, 47, 35, 83, 29, 69, 49, 84, 52, 80]
Round 28 | train_loss=1.6388 train_acc=0.5036 test_loss=2.6822 test_acc=0.2442
Round 29 | selected=[64, 84, 49, 55, 35, 88, 37, 68, 51, 77]
Round 29 | train_loss=1.4084 train_acc=0.5762 test_loss=2.2374 test_acc=0.2014
Round 30 | selected=[44, 58, 83, 37, 38, 24, 16, 86, 19, 97]
Round 30 | train_loss=1.2283 train_acc=0.6144 test_loss=1.8367 test_acc=0.2941
Round 31 | selected=[91, 12, 26, 97, 28, 19, 27, 29, 50, 37]
Round 31 | train_loss=1.3077 train_acc=0.5630 test_loss=1.7991 test_acc=0.2895
Round 32 | selected=[18, 48, 87, 47, 37, 8, 99, 29, 42, 27]
Round 32 | train_loss=1.3973 train_acc=0.5532 test_loss=2.0637 test_acc=0.2483
Round 33 | selected=[91, 10, 70, 33, 85, 48, 46, 36, 44, 68]
Round 33 | train_loss=1.4298 train_acc=0.4932 test_loss=1.8938 test_acc=0.2534
Round 34 | selected=[15, 77, 58, 63, 47, 18, 34, 98, 25, 97]
Round 34 | train_loss=1.3901 train_acc=0.5214 test_loss=1.8455 test_acc=0.2891
Round 35 | selected=[95, 82, 19, 77, 83, 25, 30, 0, 87, 69]
Round 35 | train_loss=1.3533 train_acc=0.5280 test_loss=2.2639 test_acc=0.2190
Round 36 | selected=[57, 41, 2, 99, 9, 38, 87, 39, 80, 48]
Round 36 | train_loss=1.4487 train_acc=0.5250 test_loss=2.0518 test_acc=0.2896
Round 37 | selected=[6, 47, 4, 5, 82, 33, 91, 38, 59, 98]
Round 37 | train_loss=1.4446 train_acc=0.5200 test_loss=1.8531 test_acc=0.2757
Round 38 | selected=[8, 30, 11, 0, 86, 68, 93, 67, 60, 40]
Round 38 | train_loss=1.2845 train_acc=0.5902 test_loss=2.2383 test_acc=0.2422
Round 39 | selected=[5, 84, 28, 83, 34, 74, 2, 3, 53, 50]
Round 39 | train_loss=1.5436 train_acc=0.5008 test_loss=1.7753 test_acc=0.3154
Round 40 | selected=[10, 22, 74, 23, 38, 30, 0, 93, 44, 57]
Round 40 | train_loss=1.3371 train_acc=0.5566 test_loss=2.0000 test_acc=0.2467
Round 41 | selected=[67, 8, 13, 28, 34, 37, 77, 14, 49, 47]
Round 41 | train_loss=1.3611 train_acc=0.5404 test_loss=1.9559 test_acc=0.3148
Round 42 | selected=[86, 57, 24, 4, 23, 55, 94, 59, 50, 21]
Round 42 | train_loss=1.2890 train_acc=0.6014 test_loss=1.8742 test_acc=0.2907
Round 43 | selected=[17, 72, 35, 18, 5, 86, 95, 23, 77, 25]
Round 43 | train_loss=1.3869 train_acc=0.5338 test_loss=1.9814 test_acc=0.2893
Round 44 | selected=[54, 13, 62, 81, 94, 17, 47, 22, 50, 21]
Round 44 | train_loss=1.4196 train_acc=0.5076 test_loss=1.8759 test_acc=0.3137
Round 45 | selected=[4, 35, 52, 85, 71, 51, 61, 3, 72, 91]
Round 45 | train_loss=1.3969 train_acc=0.5238 test_loss=2.2061 test_acc=0.2433
Round 46 | selected=[32, 47, 83, 65, 75, 56, 4, 51, 52, 79]
Round 46 | train_loss=1.5197 train_acc=0.5118 test_loss=1.9108 test_acc=0.2966
Round 47 | selected=[50, 13, 94, 72, 14, 31, 27, 97, 9, 59]
Round 47 | train_loss=1.4015 train_acc=0.5346 test_loss=1.8038 test_acc=0.3070
Round 48 | selected=[59, 80, 54, 0, 68, 39, 88, 72, 42, 5]
Round 48 | train_loss=1.2908 train_acc=0.5618 test_loss=2.0413 test_acc=0.2239
Round 49 | selected=[45, 33, 23, 97, 88, 1, 0, 58, 21, 74]
Round 49 | train_loss=1.4281 train_acc=0.5188 test_loss=2.1871 test_acc=0.2470
Round 50 | selected=[73, 88, 96, 64, 4, 0, 17, 86, 14, 95]
Round 50 | train_loss=1.3317 train_acc=0.5642 test_loss=2.1041 test_acc=0.2833
Round 51 | selected=[2, 25, 22, 72, 33, 66, 11, 56, 59, 4]
Round 51 | train_loss=1.6810 train_acc=0.4444 test_loss=2.2224 test_acc=0.2494
Round 52 | selected=[25, 55, 52, 51, 65, 15, 77, 67, 10, 49]
Round 52 | train_loss=1.4964 train_acc=0.4896 test_loss=2.0315 test_acc=0.2506
Round 53 | selected=[45, 17, 75, 29, 88, 55, 6, 34, 7, 22]
Round 53 | train_loss=1.4070 train_acc=0.5284 test_loss=1.8773 test_acc=0.3218
Round 54 | selected=[90, 89, 22, 45, 85, 2, 64, 27, 99, 34]
Round 54 | train_loss=1.3296 train_acc=0.5674 test_loss=1.8126 test_acc=0.2817
Round 55 | selected=[41, 82, 22, 88, 56, 8, 72, 93, 24, 5]
Round 55 | train_loss=1.5242 train_acc=0.4878 test_loss=1.9303 test_acc=0.2842
Round 56 | selected=[23, 38, 99, 11, 58, 0, 75, 34, 94, 74]
Round 56 | train_loss=1.3841 train_acc=0.5544 test_loss=1.8578 test_acc=0.3022
Round 57 | selected=[15, 97, 73, 19, 40, 83, 85, 58, 89, 45]
Round 57 | train_loss=1.3325 train_acc=0.5570 test_loss=1.8464 test_acc=0.2888
Round 58 | selected=[78, 55, 41, 22, 89, 88, 93, 85, 86, 98]
Round 58 | train_loss=1.3504 train_acc=0.5390 test_loss=1.6973 test_acc=0.3598
Round 59 | selected=[85, 47, 15, 62, 50, 82, 38, 90, 52, 33]
Round 59 | train_loss=1.2769 train_acc=0.5806 test_loss=1.6505 test_acc=0.3783
Round 60 | selected=[46, 25, 40, 86, 31, 50, 84, 13, 19, 72]
Round 60 | train_loss=1.3430 train_acc=0.5520 test_loss=1.7330 test_acc=0.3550
Round 61 | selected=[3, 8, 54, 52, 77, 81, 60, 93, 25, 79]
Round 61 | train_loss=1.4887 train_acc=0.5192 test_loss=1.8245 test_acc=0.2971
Round 62 | selected=[77, 76, 7, 30, 74, 47, 93, 33, 42, 98]
Round 62 | train_loss=1.3959 train_acc=0.5140 test_loss=1.6835 test_acc=0.3530
Round 63 | selected=[17, 52, 91, 21, 85, 47, 44, 87, 42, 10]
Round 63 | train_loss=1.3627 train_acc=0.5194 test_loss=1.7930 test_acc=0.3329
Round 64 | selected=[1, 79, 93, 32, 29, 10, 47, 78, 58, 19]
Round 64 | train_loss=1.4159 train_acc=0.4900 test_loss=1.8273 test_acc=0.3119
Round 65 | selected=[55, 10, 46, 74, 54, 15, 81, 66, 12, 93]
Round 65 | train_loss=1.3680 train_acc=0.5244 test_loss=1.9934 test_acc=0.2928
Round 66 | selected=[56, 11, 93, 73, 94, 26, 22, 52, 36, 29]
Round 66 | train_loss=1.3570 train_acc=0.5342 test_loss=1.7040 test_acc=0.3661
Round 67 | selected=[82, 22, 31, 16, 28, 33, 56, 41, 76, 11]
Round 67 | train_loss=1.4213 train_acc=0.5118 test_loss=1.8759 test_acc=0.3062
Round 68 | selected=[81, 97, 82, 70, 39, 55, 89, 85, 36, 83]
Round 68 | train_loss=1.2881 train_acc=0.5728 test_loss=1.6759 test_acc=0.3536
Round 69 | selected=[80, 73, 18, 98, 55, 49, 43, 61, 8, 82]
Round 69 | train_loss=1.2631 train_acc=0.5682 test_loss=1.8212 test_acc=0.3542
Round 70 | selected=[17, 6, 47, 63, 96, 3, 81, 41, 21, 46]
Round 70 | train_loss=1.4224 train_acc=0.5098 test_loss=2.0553 test_acc=0.2949
Round 71 | selected=[85, 20, 24, 98, 21, 64, 11, 58, 68, 62]
Round 71 | train_loss=1.3809 train_acc=0.5442 test_loss=1.9759 test_acc=0.2797
Round 72 | selected=[5, 16, 63, 59, 66, 92, 17, 31, 74, 64]
Round 72 | train_loss=1.2863 train_acc=0.5696 test_loss=1.5855 test_acc=0.3917
Round 73 | selected=[14, 92, 71, 69, 4, 54, 23, 62, 43, 7]
Round 73 | train_loss=1.2800 train_acc=0.5578 test_loss=1.6072 test_acc=0.3843
Round 74 | selected=[72, 6, 11, 52, 57, 59, 55, 28, 94, 82]
Round 74 | train_loss=1.3071 train_acc=0.5644 test_loss=1.6413 test_acc=0.3607
Round 75 | selected=[81, 43, 26, 4, 87, 50, 59, 40, 47, 95]
Round 75 | train_loss=1.2610 train_acc=0.5664 test_loss=1.6631 test_acc=0.3575
Round 76 | selected=[17, 59, 12, 15, 38, 40, 57, 21, 47, 49]
Round 76 | train_loss=1.2050 train_acc=0.5966 test_loss=1.9101 test_acc=0.2838
Round 77 | selected=[8, 57, 39, 27, 96, 6, 59, 44, 66, 86]
Round 77 | train_loss=1.3991 train_acc=0.5454 test_loss=1.9998 test_acc=0.3365
Round 78 | selected=[73, 79, 56, 35, 47, 30, 52, 15, 97, 66]
Round 78 | train_loss=1.3733 train_acc=0.5596 test_loss=1.8702 test_acc=0.3350
Round 79 | selected=[8, 44, 75, 17, 20, 80, 60, 53, 16, 95]
Round 79 | train_loss=1.3242 train_acc=0.5686 test_loss=1.8181 test_acc=0.2818
Round 80 | selected=[4, 88, 83, 15, 45, 78, 92, 58, 46, 52]
Round 80 | train_loss=1.3528 train_acc=0.5364 test_loss=1.8642 test_acc=0.3372
Round 81 | selected=[80, 91, 48, 38, 41, 49, 0, 71, 4, 1]
Round 81 | train_loss=1.4689 train_acc=0.5144 test_loss=2.0060 test_acc=0.3171
Round 82 | selected=[52, 98, 54, 45, 61, 36, 76, 27, 22, 25]
Round 82 | train_loss=1.5273 train_acc=0.4928 test_loss=1.8544 test_acc=0.3258
Round 83 | selected=[96, 15, 80, 66, 98, 0, 44, 70, 38, 10]
Round 83 | train_loss=1.4062 train_acc=0.5374 test_loss=1.6760 test_acc=0.3594
Round 84 | selected=[69, 9, 45, 35, 99, 84, 58, 73, 18, 3]
Round 84 | train_loss=1.3333 train_acc=0.5380 test_loss=1.7229 test_acc=0.3639
Round 85 | selected=[81, 71, 9, 53, 89, 98, 26, 91, 43, 68]
Round 85 | train_loss=1.2823 train_acc=0.5786 test_loss=1.8849 test_acc=0.3083
Round 86 | selected=[39, 82, 72, 29, 95, 53, 75, 79, 90, 32]
Round 86 | train_loss=1.3895 train_acc=0.5300 test_loss=1.6811 test_acc=0.3783
Round 87 | selected=[38, 81, 50, 19, 66, 9, 82, 61, 15, 72]
Round 87 | train_loss=1.2988 train_acc=0.5858 test_loss=1.6301 test_acc=0.3475
Round 88 | selected=[27, 5, 39, 61, 50, 67, 49, 31, 34, 79]
Round 88 | train_loss=1.3355 train_acc=0.5490 test_loss=1.6143 test_acc=0.3602
Round 89 | selected=[48, 42, 13, 22, 57, 15, 55, 56, 19, 36]
Round 89 | train_loss=1.2771 train_acc=0.5662 test_loss=1.6175 test_acc=0.3942
Round 90 | selected=[78, 81, 32, 27, 85, 58, 40, 11, 7, 39]
Round 90 | train_loss=1.3425 train_acc=0.5520 test_loss=1.6874 test_acc=0.3446
Round 91 | selected=[2, 24, 36, 13, 37, 98, 96, 67, 38, 83]
Round 91 | train_loss=1.1240 train_acc=0.6246 test_loss=1.5813 test_acc=0.4074
Round 92 | selected=[57, 54, 69, 47, 15, 32, 68, 59, 20, 90]
Round 92 | train_loss=1.2101 train_acc=0.5720 test_loss=1.6999 test_acc=0.3506
Round 93 | selected=[66, 19, 91, 63, 65, 60, 90, 18, 24, 68]
Round 93 | train_loss=1.1706 train_acc=0.6360 test_loss=1.7028 test_acc=0.3789
Round 94 | selected=[68, 51, 73, 29, 36, 48, 20, 86, 94, 87]
Round 94 | train_loss=1.1729 train_acc=0.6162 test_loss=1.6316 test_acc=0.3907
Round 95 | selected=[36, 74, 82, 80, 10, 28, 88, 17, 66, 13]
Round 95 | train_loss=1.2529 train_acc=0.5862 test_loss=1.7086 test_acc=0.3476
Round 96 | selected=[76, 36, 88, 15, 60, 12, 20, 78, 13, 9]
Round 96 | train_loss=1.2102 train_acc=0.5806 test_loss=1.6835 test_acc=0.3594
Round 97 | selected=[10, 34, 48, 70, 52, 79, 5, 56, 60, 50]
Round 97 | train_loss=1.3093 train_acc=0.5472 test_loss=1.8779 test_acc=0.3484
Round 98 | selected=[95, 69, 18, 64, 54, 31, 85, 15, 88, 48]
Round 98 | train_loss=1.1304 train_acc=0.5968 test_loss=1.9311 test_acc=0.3245
Round 99 | selected=[6, 4, 93, 38, 91, 64, 19, 12, 35, 5]
Round 99 | train_loss=1.2699 train_acc=0.5676 test_loss=1.8329 test_acc=0.3515
Round 100 | selected=[34, 52, 32, 95, 18, 79, 0, 81, 8, 92]
Round 100 | train_loss=1.2996 train_acc=0.5426 test_loss=1.8620 test_acc=0.3517
Round 101 | selected=[42, 20, 63, 46, 75, 93, 12, 37, 55, 61]
Round 101 | train_loss=1.4000 train_acc=0.5396 test_loss=1.9739 test_acc=0.3059
Round 102 | selected=[75, 15, 6, 90, 74, 24, 27, 78, 68, 79]
Round 102 | train_loss=1.2954 train_acc=0.5814 test_loss=1.7813 test_acc=0.3258
Round 103 | selected=[5, 29, 63, 18, 9, 87, 20, 62, 82, 49]
Round 103 | train_loss=1.3769 train_acc=0.5178 test_loss=1.7116 test_acc=0.3241
Round 104 | selected=[91, 66, 37, 23, 40, 27, 15, 65, 88, 78]
Round 104 | train_loss=1.1729 train_acc=0.6140 test_loss=1.7095 test_acc=0.3423
Round 105 | selected=[31, 91, 32, 14, 77, 35, 46, 17, 2, 86]
Round 105 | train_loss=1.2155 train_acc=0.5834 test_loss=1.6515 test_acc=0.3763
Round 106 | selected=[43, 62, 10, 45, 4, 38, 8, 49, 52, 84]
Round 106 | train_loss=1.3188 train_acc=0.5616 test_loss=1.5813 test_acc=0.3897
Round 107 | selected=[34, 19, 64, 70, 43, 29, 41, 4, 1, 37]
Round 107 | train_loss=1.1247 train_acc=0.6160 test_loss=1.6208 test_acc=0.3769
Round 108 | selected=[8, 22, 62, 30, 38, 64, 80, 56, 19, 29]
Round 108 | train_loss=1.0021 train_acc=0.6956 test_loss=2.2886 test_acc=0.2469
Round 109 | selected=[15, 16, 98, 34, 91, 38, 8, 43, 47, 35]
Round 109 | train_loss=1.2124 train_acc=0.6006 test_loss=2.0027 test_acc=0.2810
Round 110 | selected=[27, 16, 95, 72, 96, 63, 5, 24, 85, 3]
Round 110 | train_loss=1.3138 train_acc=0.5466 test_loss=1.8501 test_acc=0.3068
Round 111 | selected=[29, 42, 75, 4, 76, 83, 93, 72, 47, 73]
Round 111 | train_loss=1.4004 train_acc=0.5174 test_loss=1.8681 test_acc=0.3662
Round 112 | selected=[60, 39, 13, 43, 98, 49, 0, 79, 23, 66]
Round 112 | train_loss=1.2317 train_acc=0.5926 test_loss=1.7226 test_acc=0.3433
Round 113 | selected=[50, 68, 73, 44, 4, 14, 38, 32, 63, 77]
Round 113 | train_loss=1.2164 train_acc=0.5796 test_loss=1.7568 test_acc=0.3593
Round 114 | selected=[31, 69, 59, 15, 30, 37, 4, 78, 97, 34]
Round 114 | train_loss=1.1927 train_acc=0.5934 test_loss=1.6101 test_acc=0.3899
Round 115 | selected=[28, 20, 98, 85, 23, 22, 16, 60, 41, 36]
Round 115 | train_loss=1.2111 train_acc=0.5906 test_loss=1.6930 test_acc=0.3466
Round 116 | selected=[4, 35, 40, 44, 50, 41, 91, 11, 7, 88]
Round 116 | train_loss=1.2843 train_acc=0.5672 test_loss=1.5737 test_acc=0.3952
Round 117 | selected=[27, 50, 15, 67, 51, 77, 32, 66, 21, 48]
Round 117 | train_loss=1.1600 train_acc=0.6238 test_loss=1.4829 test_acc=0.4299
Round 118 | selected=[84, 34, 53, 82, 94, 61, 31, 14, 3, 51]
Round 118 | train_loss=1.2124 train_acc=0.5808 test_loss=1.5098 test_acc=0.4210
Round 119 | selected=[92, 28, 70, 45, 60, 30, 89, 27, 68, 56]
Round 119 | train_loss=1.1476 train_acc=0.6290 test_loss=1.8185 test_acc=0.3306
Round 120 | selected=[62, 69, 95, 53, 41, 5, 27, 8, 43, 13]
Round 120 | train_loss=1.2485 train_acc=0.5754 test_loss=1.6153 test_acc=0.3909
Round 121 | selected=[71, 77, 89, 7, 38, 56, 96, 15, 19, 43]
Round 121 | train_loss=1.3037 train_acc=0.5714 test_loss=1.6945 test_acc=0.3444
Round 122 | selected=[64, 37, 53, 94, 98, 21, 2, 24, 84, 4]
Round 122 | train_loss=1.2048 train_acc=0.5850 test_loss=1.6726 test_acc=0.3917
Round 123 | selected=[86, 25, 31, 15, 62, 95, 45, 91, 57, 14]
Round 123 | train_loss=1.1262 train_acc=0.6332 test_loss=1.6190 test_acc=0.3967
Round 124 | selected=[14, 47, 16, 5, 94, 8, 76, 71, 32, 81]
Round 124 | train_loss=1.2118 train_acc=0.5908 test_loss=1.5286 test_acc=0.4384
Round 125 | selected=[15, 43, 97, 55, 32, 99, 31, 92, 18, 78]
Round 125 | train_loss=1.1980 train_acc=0.5936 test_loss=1.4770 test_acc=0.4391
Round 126 | selected=[6, 64, 13, 31, 9, 23, 94, 37, 79, 74]
Round 126 | train_loss=1.0756 train_acc=0.6460 test_loss=1.6532 test_acc=0.3609
Round 127 | selected=[47, 4, 9, 44, 50, 96, 43, 63, 68, 6]
Round 127 | train_loss=1.1996 train_acc=0.5828 test_loss=1.8191 test_acc=0.3120
Round 128 | selected=[89, 80, 29, 51, 1, 14, 33, 57, 3, 6]
Round 128 | train_loss=1.1609 train_acc=0.6150 test_loss=1.6885 test_acc=0.3518
Round 129 | selected=[44, 18, 53, 66, 5, 99, 71, 30, 55, 63]
Round 129 | train_loss=1.2929 train_acc=0.5802 test_loss=1.4872 test_acc=0.4506
Round 130 | selected=[22, 62, 81, 37, 31, 77, 73, 3, 33, 46]
Round 130 | train_loss=1.1957 train_acc=0.5950 test_loss=1.5708 test_acc=0.3911
Round 131 | selected=[68, 35, 90, 12, 77, 3, 85, 0, 31, 33]
Round 131 | train_loss=1.1436 train_acc=0.6082 test_loss=1.6598 test_acc=0.3748
Round 132 | selected=[52, 62, 20, 40, 11, 7, 76, 93, 4, 78]
Round 132 | train_loss=1.4051 train_acc=0.5170 test_loss=1.7389 test_acc=0.3629
Round 133 | selected=[97, 12, 52, 74, 59, 24, 95, 51, 8, 9]
Round 133 | train_loss=1.2553 train_acc=0.5920 test_loss=1.5106 test_acc=0.4062
Round 134 | selected=[71, 92, 40, 49, 84, 82, 88, 28, 33, 22]
Round 134 | train_loss=1.2499 train_acc=0.5716 test_loss=1.4841 test_acc=0.4517
Round 135 | selected=[69, 8, 52, 23, 7, 18, 3, 9, 19, 60]
Round 135 | train_loss=1.1321 train_acc=0.6264 test_loss=1.5025 test_acc=0.4569
Round 136 | selected=[45, 19, 90, 58, 65, 18, 16, 21, 39, 69]
Round 136 | train_loss=1.0583 train_acc=0.6566 test_loss=1.5641 test_acc=0.4035
Round 137 | selected=[22, 66, 1, 85, 96, 9, 81, 78, 73, 91]
Round 137 | train_loss=1.2101 train_acc=0.5868 test_loss=2.0120 test_acc=0.3101
Round 138 | selected=[25, 2, 19, 62, 93, 31, 46, 6, 10, 63]
Round 138 | train_loss=1.4173 train_acc=0.5222 test_loss=1.7133 test_acc=0.3456
Round 139 | selected=[57, 15, 60, 54, 90, 45, 64, 97, 3, 85]
Round 139 | train_loss=1.1979 train_acc=0.6006 test_loss=1.4613 test_acc=0.4790
Round 140 | selected=[88, 68, 82, 2, 54, 57, 96, 33, 22, 89]
Round 140 | train_loss=1.1649 train_acc=0.6006 test_loss=1.5509 test_acc=0.4078
Round 141 | selected=[54, 10, 46, 37, 42, 38, 1, 80, 36, 45]
Round 141 | train_loss=1.1665 train_acc=0.5894 test_loss=1.6440 test_acc=0.3929
Round 142 | selected=[52, 31, 86, 11, 79, 83, 16, 6, 3, 20]
Round 142 | train_loss=1.1120 train_acc=0.6234 test_loss=1.4421 test_acc=0.4563
Round 143 | selected=[58, 46, 84, 39, 45, 93, 67, 36, 40, 16]
Round 143 | train_loss=1.1000 train_acc=0.6278 test_loss=1.5644 test_acc=0.4154
Round 144 | selected=[81, 11, 24, 76, 50, 7, 42, 49, 88, 26]
Round 144 | train_loss=1.2684 train_acc=0.5730 test_loss=1.4819 test_acc=0.4523
Round 145 | selected=[12, 79, 26, 41, 23, 95, 63, 58, 94, 20]
Round 145 | train_loss=1.1597 train_acc=0.6032 test_loss=1.3695 test_acc=0.4872
Round 146 | selected=[60, 24, 40, 83, 94, 64, 71, 95, 84, 5]
Round 146 | train_loss=1.0262 train_acc=0.6704 test_loss=1.4738 test_acc=0.4627
Round 147 | selected=[39, 51, 68, 53, 34, 42, 64, 44, 15, 67]
Round 147 | train_loss=1.0358 train_acc=0.6606 test_loss=1.4628 test_acc=0.4408
Round 148 | selected=[92, 85, 18, 97, 45, 65, 93, 63, 2, 36]
Round 148 | train_loss=1.0853 train_acc=0.6316 test_loss=1.3763 test_acc=0.4851
Round 149 | selected=[14, 25, 77, 59, 20, 42, 43, 55, 48, 86]
Round 149 | train_loss=1.1785 train_acc=0.6100 test_loss=1.4882 test_acc=0.4334
Round 150 | selected=[37, 21, 26, 74, 13, 19, 51, 96, 46, 73]
Round 150 | train_loss=1.0554 train_acc=0.6452 test_loss=1.3663 test_acc=0.4803
Round 151 | selected=[40, 2, 47, 60, 78, 76, 56, 71, 21, 53]
Round 151 | train_loss=1.1530 train_acc=0.6192 test_loss=1.5893 test_acc=0.3996
Round 152 | selected=[95, 45, 93, 78, 10, 83, 85, 33, 68, 55]
Round 152 | train_loss=1.0950 train_acc=0.6282 test_loss=1.5069 test_acc=0.4313
Round 153 | selected=[50, 92, 80, 68, 54, 75, 55, 20, 1, 16]
Round 153 | train_loss=1.1756 train_acc=0.6196 test_loss=1.6877 test_acc=0.3588
Round 154 | selected=[12, 64, 99, 17, 11, 4, 9, 82, 60, 8]
Round 154 | train_loss=1.1418 train_acc=0.6130 test_loss=1.4922 test_acc=0.4546
Round 155 | selected=[11, 75, 99, 24, 17, 95, 8, 34, 56, 90]
Round 155 | train_loss=1.1473 train_acc=0.6294 test_loss=1.6061 test_acc=0.3752
Round 156 | selected=[92, 29, 95, 44, 5, 39, 70, 38, 62, 76]
Round 156 | train_loss=1.1635 train_acc=0.6034 test_loss=1.4610 test_acc=0.4412
Round 157 | selected=[93, 29, 99, 27, 73, 89, 33, 51, 34, 42]
Round 157 | train_loss=1.1653 train_acc=0.6202 test_loss=1.3970 test_acc=0.4809
Round 158 | selected=[9, 29, 75, 78, 87, 52, 1, 36, 48, 37]
Round 158 | train_loss=1.1678 train_acc=0.6068 test_loss=1.4736 test_acc=0.4355
Round 159 | selected=[2, 77, 75, 60, 19, 11, 89, 20, 1, 91]
Round 159 | train_loss=1.1393 train_acc=0.6152 test_loss=1.5393 test_acc=0.4232
Round 160 | selected=[78, 3, 40, 74, 24, 90, 51, 22, 65, 38]
Round 160 | train_loss=1.0862 train_acc=0.6486 test_loss=1.4304 test_acc=0.4617
Round 161 | selected=[17, 23, 29, 44, 32, 97, 82, 4, 13, 55]
Round 161 | train_loss=1.0766 train_acc=0.6454 test_loss=1.3665 test_acc=0.4872
Round 162 | selected=[4, 83, 67, 55, 17, 93, 48, 18, 94, 86]
Round 162 | train_loss=1.0869 train_acc=0.6598 test_loss=1.3829 test_acc=0.4904
Round 163 | selected=[13, 86, 29, 48, 70, 94, 1, 54, 95, 69]
Round 163 | train_loss=1.0276 train_acc=0.6546 test_loss=1.4540 test_acc=0.4707
Round 164 | selected=[80, 3, 9, 10, 81, 37, 57, 97, 58, 24]
Round 164 | train_loss=1.0968 train_acc=0.6242 test_loss=1.6032 test_acc=0.4104
Round 165 | selected=[56, 90, 24, 74, 19, 45, 21, 97, 96, 95]
Round 165 | train_loss=1.0645 train_acc=0.6548 test_loss=1.4822 test_acc=0.4365
Round 166 | selected=[9, 71, 15, 75, 32, 18, 61, 63, 53, 80]
Round 166 | train_loss=1.0943 train_acc=0.6402 test_loss=1.3971 test_acc=0.4653
Round 167 | selected=[95, 97, 52, 12, 96, 77, 80, 74, 78, 98]
Round 167 | train_loss=1.0767 train_acc=0.6360 test_loss=1.7506 test_acc=0.3708
Round 168 | selected=[86, 55, 74, 26, 73, 62, 95, 88, 56, 83]
Round 168 | train_loss=1.1946 train_acc=0.6438 test_loss=1.6914 test_acc=0.4021
Round 169 | selected=[71, 42, 12, 36, 74, 11, 80, 78, 77, 9]
Round 169 | train_loss=1.2753 train_acc=0.5616 test_loss=1.6227 test_acc=0.4228
Round 170 | selected=[16, 65, 91, 57, 20, 60, 25, 4, 94, 58]
Round 170 | train_loss=1.0990 train_acc=0.6290 test_loss=1.6952 test_acc=0.3721
Round 171 | selected=[71, 8, 24, 37, 72, 62, 16, 19, 83, 84]
Round 171 | train_loss=1.0294 train_acc=0.6592 test_loss=1.6416 test_acc=0.4144
Round 172 | selected=[57, 23, 92, 98, 26, 36, 48, 14, 88, 50]
Round 172 | train_loss=1.0883 train_acc=0.6364 test_loss=1.4366 test_acc=0.4582
Round 173 | selected=[56, 51, 45, 0, 59, 55, 68, 33, 61, 80]
Round 173 | train_loss=1.0605 train_acc=0.6556 test_loss=1.4962 test_acc=0.4441
Round 174 | selected=[21, 87, 82, 58, 5, 4, 42, 97, 28, 31]
Round 174 | train_loss=1.1789 train_acc=0.6002 test_loss=1.3430 test_acc=0.4975
Round 175 | selected=[59, 15, 86, 23, 73, 88, 34, 83, 98, 43]
Round 175 | train_loss=0.9650 train_acc=0.6984 test_loss=1.6252 test_acc=0.4097
Round 176 | selected=[2, 59, 98, 12, 75, 63, 21, 86, 89, 19]
Round 176 | train_loss=1.0635 train_acc=0.6598 test_loss=1.5052 test_acc=0.4380
Round 177 | selected=[0, 69, 39, 84, 64, 2, 62, 45, 52, 77]
Round 177 | train_loss=1.0603 train_acc=0.6490 test_loss=1.3039 test_acc=0.5232
Round 178 | selected=[25, 89, 78, 42, 61, 59, 55, 88, 74, 3]
Round 178 | train_loss=1.1415 train_acc=0.6286 test_loss=1.3303 test_acc=0.5097
Round 179 | selected=[11, 28, 63, 57, 83, 70, 93, 50, 74, 18]
Round 179 | train_loss=1.1190 train_acc=0.6300 test_loss=1.2916 test_acc=0.5211
Round 180 | selected=[89, 53, 19, 81, 28, 93, 7, 55, 67, 60]
Round 180 | train_loss=1.0575 train_acc=0.6570 test_loss=1.3882 test_acc=0.4733
Round 181 | selected=[5, 63, 12, 76, 34, 9, 52, 8, 82, 58]
Round 181 | train_loss=1.1760 train_acc=0.6020 test_loss=1.3097 test_acc=0.5228
Round 182 | selected=[3, 5, 21, 29, 44, 62, 95, 17, 31, 93]
Round 182 | train_loss=1.0649 train_acc=0.6392 test_loss=1.5869 test_acc=0.4047
Round 183 | selected=[52, 37, 53, 35, 39, 96, 26, 24, 42, 95]
Round 183 | train_loss=1.0135 train_acc=0.6454 test_loss=1.4916 test_acc=0.4590
Round 184 | selected=[50, 43, 99, 20, 72, 45, 59, 40, 36, 74]
Round 184 | train_loss=1.1121 train_acc=0.6320 test_loss=1.2803 test_acc=0.5232
Round 185 | selected=[58, 98, 50, 82, 81, 7, 49, 1, 96, 48]
Round 185 | train_loss=1.0337 train_acc=0.6568 test_loss=1.2601 test_acc=0.5435
Round 186 | selected=[23, 84, 45, 76, 92, 10, 6, 68, 51, 20]
Round 186 | train_loss=1.0859 train_acc=0.6276 test_loss=1.3400 test_acc=0.4881
Round 187 | selected=[84, 33, 15, 79, 4, 21, 64, 14, 7, 98]
Round 187 | train_loss=0.9818 train_acc=0.6692 test_loss=1.6658 test_acc=0.3860
Round 188 | selected=[57, 47, 0, 85, 7, 54, 40, 66, 43, 36]
Round 188 | train_loss=1.2207 train_acc=0.5658 test_loss=1.5759 test_acc=0.4404
Round 189 | selected=[90, 91, 60, 37, 9, 1, 22, 15, 55, 33]
Round 189 | train_loss=1.0706 train_acc=0.6544 test_loss=1.9578 test_acc=0.3658
Round 190 | selected=[70, 54, 1, 87, 49, 59, 36, 20, 5, 12]
Round 190 | train_loss=1.3952 train_acc=0.5420 test_loss=1.6753 test_acc=0.4220
Round 191 | selected=[98, 7, 79, 0, 15, 13, 99, 32, 43, 12]
Round 191 | train_loss=1.1727 train_acc=0.5944 test_loss=1.7454 test_acc=0.3746
Round 192 | selected=[12, 16, 58, 74, 80, 63, 28, 89, 54, 75]
Round 192 | train_loss=1.1518 train_acc=0.6252 test_loss=2.0958 test_acc=0.3501
Round 193 | selected=[83, 59, 72, 27, 14, 61, 70, 2, 21, 54]
Round 193 | train_loss=1.2545 train_acc=0.5990 test_loss=1.8233 test_acc=0.3878
Round 194 | selected=[50, 69, 52, 76, 10, 15, 35, 94, 32, 82]
Round 194 | train_loss=1.1716 train_acc=0.5986 test_loss=1.4079 test_acc=0.4816
Round 195 | selected=[59, 18, 76, 83, 0, 69, 14, 55, 40, 5]
Round 195 | train_loss=1.0554 train_acc=0.6538 test_loss=1.3663 test_acc=0.4867
Round 196 | selected=[17, 14, 50, 2, 3, 56, 28, 88, 39, 54]
Round 196 | train_loss=1.0251 train_acc=0.6556 test_loss=1.4512 test_acc=0.4747
Round 197 | selected=[70, 97, 32, 90, 2, 35, 23, 94, 4, 68]
Round 197 | train_loss=1.0463 train_acc=0.6632 test_loss=1.3869 test_acc=0.4843
Round 198 | selected=[81, 80, 0, 17, 87, 25, 11, 69, 30, 16]
Round 198 | train_loss=0.9708 train_acc=0.6872 test_loss=1.5016 test_acc=0.4305
Round 199 | selected=[30, 98, 72, 60, 5, 21, 56, 64, 34, 24]
Round 199 | train_loss=0.9763 train_acc=0.6690 test_loss=1.3157 test_acc=0.5161
Round 200 | selected=[3, 57, 79, 20, 84, 21, 71, 76, 59, 60]
Round 200 | train_loss=1.1877 train_acc=0.5902 test_loss=1.3228 test_acc=0.5117
Round 201 | selected=[10, 61, 75, 47, 13, 46, 53, 52, 39, 34]
Round 201 | train_loss=1.0900 train_acc=0.6394 test_loss=1.4249 test_acc=0.4691
Round 202 | selected=[27, 2, 66, 63, 5, 97, 34, 51, 22, 60]
Round 202 | train_loss=1.0042 train_acc=0.6706 test_loss=1.4303 test_acc=0.4745
Round 203 | selected=[96, 74, 75, 25, 4, 98, 33, 70, 89, 95]
Round 203 | train_loss=1.1248 train_acc=0.6464 test_loss=1.4921 test_acc=0.4808
Round 204 | selected=[76, 40, 77, 14, 0, 34, 24, 91, 95, 56]
Round 204 | train_loss=0.9804 train_acc=0.6756 test_loss=1.4177 test_acc=0.4861
Round 205 | selected=[54, 74, 20, 71, 17, 27, 61, 83, 53, 23]
Round 205 | train_loss=1.1574 train_acc=0.6208 test_loss=1.7279 test_acc=0.4008
Round 206 | selected=[60, 74, 34, 53, 3, 35, 4, 6, 19, 91]
Round 206 | train_loss=1.0265 train_acc=0.6664 test_loss=1.4217 test_acc=0.4740
Round 207 | selected=[42, 89, 22, 55, 94, 2, 88, 98, 80, 45]
Round 207 | train_loss=1.0607 train_acc=0.6458 test_loss=1.2927 test_acc=0.5174
Round 208 | selected=[11, 26, 42, 33, 9, 17, 13, 97, 30, 22]
Round 208 | train_loss=1.1237 train_acc=0.6238 test_loss=1.3481 test_acc=0.4860
Round 209 | selected=[67, 23, 20, 18, 37, 58, 25, 52, 98, 3]
Round 209 | train_loss=0.9879 train_acc=0.6710 test_loss=1.2778 test_acc=0.5221
Round 210 | selected=[44, 6, 58, 57, 24, 32, 3, 67, 20, 91]
Round 210 | train_loss=1.0371 train_acc=0.6376 test_loss=1.6122 test_acc=0.3907
Round 211 | selected=[49, 76, 69, 70, 39, 8, 63, 71, 38, 9]
Round 211 | train_loss=1.1238 train_acc=0.6358 test_loss=1.3411 test_acc=0.5043
Round 212 | selected=[43, 48, 99, 93, 2, 67, 86, 18, 64, 39]
Round 212 | train_loss=0.9565 train_acc=0.6938 test_loss=1.2519 test_acc=0.5272
Round 213 | selected=[3, 49, 26, 15, 90, 25, 67, 99, 73, 63]
Round 213 | train_loss=0.9788 train_acc=0.6708 test_loss=1.5665 test_acc=0.4284
Round 214 | selected=[62, 22, 26, 67, 69, 96, 53, 77, 54, 49]
Round 214 | train_loss=1.1752 train_acc=0.5930 test_loss=1.4384 test_acc=0.5040
Round 215 | selected=[87, 42, 41, 25, 47, 93, 56, 68, 22, 72]
Round 215 | train_loss=1.1040 train_acc=0.6230 test_loss=1.3114 test_acc=0.5135
Round 216 | selected=[85, 35, 9, 62, 6, 75, 47, 18, 59, 58]
Round 216 | train_loss=1.1234 train_acc=0.6112 test_loss=1.4981 test_acc=0.4499
Round 217 | selected=[30, 15, 77, 93, 91, 98, 1, 60, 99, 17]
Round 217 | train_loss=0.9997 train_acc=0.6754 test_loss=1.3341 test_acc=0.5114
Round 218 | selected=[80, 51, 15, 25, 22, 23, 86, 49, 4, 72]
Round 218 | train_loss=1.0438 train_acc=0.6676 test_loss=1.2461 test_acc=0.5511
Round 219 | selected=[72, 30, 26, 62, 68, 27, 54, 56, 12, 38]
Round 219 | train_loss=1.0171 train_acc=0.6656 test_loss=1.6105 test_acc=0.4137
Round 220 | selected=[85, 12, 1, 74, 46, 92, 8, 49, 72, 64]
Round 220 | train_loss=1.1766 train_acc=0.6010 test_loss=1.6396 test_acc=0.4594
Round 221 | selected=[79, 21, 7, 2, 99, 34, 35, 80, 5, 69]
Round 221 | train_loss=1.2719 train_acc=0.6010 test_loss=1.4045 test_acc=0.4971
Round 222 | selected=[63, 55, 80, 93, 88, 51, 15, 68, 76, 32]
Round 222 | train_loss=0.9270 train_acc=0.6982 test_loss=1.4303 test_acc=0.4393
Round 223 | selected=[69, 22, 38, 44, 51, 57, 9, 99, 35, 79]
Round 223 | train_loss=1.1313 train_acc=0.6008 test_loss=1.4066 test_acc=0.5108
Round 224 | selected=[13, 54, 77, 75, 98, 81, 4, 65, 53, 45]
Round 224 | train_loss=1.0588 train_acc=0.6456 test_loss=1.2899 test_acc=0.5223
Round 225 | selected=[73, 41, 50, 83, 64, 54, 39, 7, 98, 34]
Round 225 | train_loss=0.9248 train_acc=0.6950 test_loss=1.2649 test_acc=0.5411
Round 226 | selected=[85, 45, 66, 87, 39, 60, 37, 50, 30, 54]
Round 226 | train_loss=0.9063 train_acc=0.6998 test_loss=1.3478 test_acc=0.5028
Round 227 | selected=[86, 1, 96, 4, 71, 99, 59, 44, 39, 76]
Round 227 | train_loss=1.1122 train_acc=0.6498 test_loss=1.2433 test_acc=0.5368
Round 228 | selected=[58, 29, 34, 31, 56, 3, 52, 7, 92, 14]
Round 228 | train_loss=0.9739 train_acc=0.6668 test_loss=1.3201 test_acc=0.5315
Round 229 | selected=[45, 47, 35, 42, 83, 5, 60, 21, 82, 38]
Round 229 | train_loss=1.0004 train_acc=0.6682 test_loss=1.4109 test_acc=0.4983
Round 230 | selected=[18, 79, 88, 65, 7, 83, 87, 35, 51, 98]
Round 230 | train_loss=1.0274 train_acc=0.6570 test_loss=1.1880 test_acc=0.5701
Round 231 | selected=[15, 9, 45, 35, 48, 97, 23, 62, 90, 68]
Round 231 | train_loss=0.8861 train_acc=0.7252 test_loss=1.3151 test_acc=0.5094
Round 232 | selected=[9, 68, 3, 33, 62, 35, 74, 1, 30, 7]
Round 232 | train_loss=0.9204 train_acc=0.7032 test_loss=1.1882 test_acc=0.5650
Round 233 | selected=[85, 32, 82, 39, 21, 72, 0, 84, 25, 49]
Round 233 | train_loss=1.0057 train_acc=0.6606 test_loss=1.3758 test_acc=0.5039
Round 234 | selected=[78, 42, 24, 38, 35, 51, 74, 75, 29, 57]
Round 234 | train_loss=1.1356 train_acc=0.6220 test_loss=1.7661 test_acc=0.4179
Round 235 | selected=[89, 4, 84, 66, 15, 45, 14, 0, 62, 2]
Round 235 | train_loss=1.0174 train_acc=0.6756 test_loss=1.6710 test_acc=0.4377
Round 236 | selected=[60, 31, 16, 81, 25, 90, 38, 21, 8, 91]
Round 236 | train_loss=0.9650 train_acc=0.6952 test_loss=2.0693 test_acc=0.3757
Round 237 | selected=[41, 21, 25, 56, 60, 82, 93, 70, 30, 33]
Round 237 | train_loss=1.1067 train_acc=0.6492 test_loss=1.4393 test_acc=0.5007
Round 238 | selected=[4, 38, 88, 89, 24, 33, 46, 45, 85, 77]
Round 238 | train_loss=1.1214 train_acc=0.6300 test_loss=1.5163 test_acc=0.4517
Round 239 | selected=[48, 79, 76, 5, 68, 95, 31, 1, 86, 73]
Round 239 | train_loss=1.0576 train_acc=0.6466 test_loss=1.4446 test_acc=0.4999
Round 240 | selected=[99, 49, 97, 65, 6, 71, 16, 5, 85, 47]
Round 240 | train_loss=1.0286 train_acc=0.6492 test_loss=1.1992 test_acc=0.5592
Round 241 | selected=[75, 20, 22, 64, 87, 25, 16, 76, 78, 81]
Round 241 | train_loss=0.9840 train_acc=0.6788 test_loss=1.3236 test_acc=0.5206
Round 242 | selected=[78, 1, 19, 37, 33, 75, 23, 60, 8, 87]
Round 242 | train_loss=0.9037 train_acc=0.7058 test_loss=1.2898 test_acc=0.5069
Round 243 | selected=[23, 85, 36, 35, 47, 84, 39, 58, 31, 95]
Round 243 | train_loss=1.0051 train_acc=0.6622 test_loss=1.5056 test_acc=0.4673
Round 244 | selected=[36, 23, 21, 44, 2, 22, 35, 76, 9, 49]
Round 244 | train_loss=1.0413 train_acc=0.6412 test_loss=1.2695 test_acc=0.5325
Round 245 | selected=[93, 47, 23, 83, 65, 53, 49, 50, 13, 95]
Round 245 | train_loss=0.9805 train_acc=0.6742 test_loss=1.3754 test_acc=0.4810
Round 246 | selected=[73, 6, 77, 95, 89, 32, 50, 52, 53, 64]
Round 246 | train_loss=0.8929 train_acc=0.6934 test_loss=1.2574 test_acc=0.5250
Round 247 | selected=[58, 36, 75, 66, 47, 62, 25, 83, 38, 1]
Round 247 | train_loss=1.0498 train_acc=0.6754 test_loss=1.5239 test_acc=0.4625
Round 248 | selected=[45, 57, 87, 53, 79, 10, 40, 56, 90, 18]
Round 248 | train_loss=1.0636 train_acc=0.6398 test_loss=1.3445 test_acc=0.5054
Round 249 | selected=[18, 63, 54, 32, 48, 42, 14, 7, 52, 76]
Round 249 | train_loss=1.0077 train_acc=0.6474 test_loss=1.4055 test_acc=0.5010
Round 250 | selected=[12, 64, 3, 91, 21, 52, 48, 9, 1, 22]
Round 250 | train_loss=0.9388 train_acc=0.6932 test_loss=1.3370 test_acc=0.5190
Round 251 | selected=[58, 8, 53, 54, 63, 25, 38, 57, 30, 90]
Round 251 | train_loss=0.9740 train_acc=0.6694 test_loss=1.5697 test_acc=0.4381
Round 252 | selected=[43, 4, 63, 55, 95, 5, 64, 86, 40, 30]
Round 252 | train_loss=0.9098 train_acc=0.7032 test_loss=1.2072 test_acc=0.5628
Round 253 | selected=[0, 41, 29, 19, 81, 58, 63, 64, 31, 3]
Round 253 | train_loss=0.8746 train_acc=0.7040 test_loss=1.1776 test_acc=0.5582
Round 254 | selected=[40, 42, 9, 48, 34, 46, 86, 71, 22, 60]
Round 254 | train_loss=0.9906 train_acc=0.6736 test_loss=1.2315 test_acc=0.5598
Round 255 | selected=[35, 12, 19, 99, 75, 6, 93, 91, 34, 71]
Round 255 | train_loss=0.9951 train_acc=0.6698 test_loss=1.3796 test_acc=0.4833
Round 256 | selected=[17, 92, 78, 49, 60, 45, 94, 76, 51, 20]
Round 256 | train_loss=1.0621 train_acc=0.6380 test_loss=1.3885 test_acc=0.5089
Round 257 | selected=[38, 11, 72, 73, 19, 23, 94, 75, 30, 55]
Round 257 | train_loss=0.9802 train_acc=0.6906 test_loss=1.4784 test_acc=0.4405
Round 258 | selected=[29, 25, 70, 18, 94, 67, 84, 66, 0, 77]
Round 258 | train_loss=0.9429 train_acc=0.6748 test_loss=1.3291 test_acc=0.5080
Round 259 | selected=[52, 19, 67, 94, 12, 57, 66, 99, 26, 41]
Round 259 | train_loss=0.8568 train_acc=0.7156 test_loss=1.2403 test_acc=0.5614
Round 260 | selected=[91, 35, 45, 56, 81, 83, 93, 60, 12, 65]
Round 260 | train_loss=0.8885 train_acc=0.7182 test_loss=1.4668 test_acc=0.4561
Round 261 | selected=[54, 18, 81, 50, 56, 43, 92, 32, 7, 15]
Round 261 | train_loss=0.9677 train_acc=0.6676 test_loss=1.2602 test_acc=0.5496
Round 262 | selected=[82, 21, 86, 12, 89, 14, 37, 38, 56, 7]
Round 262 | train_loss=0.8528 train_acc=0.7320 test_loss=1.2703 test_acc=0.5207
Round 263 | selected=[54, 91, 63, 39, 94, 16, 2, 52, 17, 21]
Round 263 | train_loss=0.8907 train_acc=0.7062 test_loss=1.3591 test_acc=0.5126
Round 264 | selected=[84, 47, 79, 39, 43, 25, 16, 85, 75, 5]
Round 264 | train_loss=1.0513 train_acc=0.6480 test_loss=1.3522 test_acc=0.4963
Round 265 | selected=[36, 72, 30, 68, 29, 7, 42, 10, 87, 23]
Round 265 | train_loss=0.9333 train_acc=0.6842 test_loss=1.2746 test_acc=0.5294
Round 266 | selected=[75, 76, 14, 48, 59, 28, 60, 23, 42, 66]
Round 266 | train_loss=1.0023 train_acc=0.6642 test_loss=1.2577 test_acc=0.5320
Round 267 | selected=[70, 10, 17, 3, 41, 11, 55, 38, 76, 44]
Round 267 | train_loss=1.0929 train_acc=0.6230 test_loss=1.4587 test_acc=0.4696
Round 268 | selected=[97, 49, 23, 34, 48, 59, 46, 96, 80, 70]
Round 268 | train_loss=1.1204 train_acc=0.6392 test_loss=1.4947 test_acc=0.4919
Round 269 | selected=[33, 79, 18, 68, 54, 87, 4, 56, 46, 44]
Round 269 | train_loss=1.1324 train_acc=0.6222 test_loss=1.2595 test_acc=0.5448
Round 270 | selected=[44, 51, 80, 99, 39, 66, 52, 68, 8, 89]
Round 270 | train_loss=0.8680 train_acc=0.7142 test_loss=1.3291 test_acc=0.5022
Round 271 | selected=[90, 77, 24, 13, 84, 11, 63, 2, 38, 65]
Round 271 | train_loss=0.9680 train_acc=0.6812 test_loss=1.4122 test_acc=0.4731
Round 272 | selected=[48, 83, 1, 59, 8, 65, 88, 31, 37, 61]
Round 272 | train_loss=1.0653 train_acc=0.6586 test_loss=1.6707 test_acc=0.4205
Round 273 | selected=[33, 47, 86, 28, 43, 88, 90, 46, 42, 97]
Round 273 | train_loss=1.0502 train_acc=0.6596 test_loss=1.3773 test_acc=0.4757
Round 274 | selected=[41, 46, 88, 66, 43, 23, 39, 62, 14, 13]
Round 274 | train_loss=0.9917 train_acc=0.6802 test_loss=1.3820 test_acc=0.4699
Round 275 | selected=[61, 49, 76, 43, 34, 75, 19, 77, 13, 96]
Round 275 | train_loss=1.0296 train_acc=0.6570 test_loss=1.3202 test_acc=0.5149
Round 276 | selected=[63, 14, 97, 54, 11, 13, 95, 53, 80, 50]
Round 276 | train_loss=0.9753 train_acc=0.6620 test_loss=1.6904 test_acc=0.3889
Round 277 | selected=[36, 0, 55, 23, 21, 84, 37, 43, 79, 51]
Round 277 | train_loss=1.1056 train_acc=0.6372 test_loss=1.5854 test_acc=0.4651
Round 278 | selected=[88, 16, 12, 33, 22, 77, 38, 87, 92, 24]
Round 278 | train_loss=1.1205 train_acc=0.6382 test_loss=1.5105 test_acc=0.4880
Round 279 | selected=[50, 1, 88, 64, 27, 11, 59, 91, 32, 78]
Round 279 | train_loss=1.0268 train_acc=0.6670 test_loss=1.1832 test_acc=0.5710
Round 280 | selected=[49, 54, 95, 5, 79, 4, 90, 22, 41, 46]
Round 280 | train_loss=0.9946 train_acc=0.6588 test_loss=1.1674 test_acc=0.5775
Round 281 | selected=[30, 44, 36, 49, 52, 58, 41, 65, 93, 75]
Round 281 | train_loss=0.8805 train_acc=0.7184 test_loss=1.1544 test_acc=0.5767
Round 282 | selected=[22, 85, 29, 18, 19, 7, 40, 70, 88, 83]
Round 282 | train_loss=0.8737 train_acc=0.7154 test_loss=1.1466 test_acc=0.5893
Round 283 | selected=[84, 8, 42, 58, 65, 97, 26, 74, 5, 95]
Round 283 | train_loss=0.9790 train_acc=0.6766 test_loss=1.1337 test_acc=0.5979
Round 284 | selected=[93, 42, 37, 78, 6, 35, 86, 70, 13, 83]
Round 284 | train_loss=0.9312 train_acc=0.6952 test_loss=1.1802 test_acc=0.5768
Round 285 | selected=[21, 98, 36, 86, 47, 90, 69, 48, 97, 75]
Round 285 | train_loss=0.8248 train_acc=0.7292 test_loss=1.2240 test_acc=0.5554
Round 286 | selected=[86, 3, 51, 72, 66, 17, 48, 56, 43, 9]
Round 286 | train_loss=0.9059 train_acc=0.7012 test_loss=1.3669 test_acc=0.5336
Round 287 | selected=[77, 47, 18, 84, 2, 34, 15, 0, 63, 91]
Round 287 | train_loss=0.9913 train_acc=0.6774 test_loss=1.4728 test_acc=0.4617
Round 288 | selected=[70, 7, 18, 56, 15, 51, 42, 0, 28, 2]
Round 288 | train_loss=1.0348 train_acc=0.6366 test_loss=1.4600 test_acc=0.4877
Round 289 | selected=[0, 20, 50, 48, 42, 15, 26, 64, 30, 46]
Round 289 | train_loss=0.8900 train_acc=0.7014 test_loss=1.3591 test_acc=0.5061
Round 290 | selected=[58, 43, 87, 13, 83, 56, 66, 78, 39, 25]
Round 290 | train_loss=0.9480 train_acc=0.6952 test_loss=1.6643 test_acc=0.4641
Round 291 | selected=[97, 98, 38, 37, 11, 1, 23, 71, 50, 66]
Round 291 | train_loss=0.9627 train_acc=0.6878 test_loss=1.3085 test_acc=0.5137
Round 292 | selected=[80, 50, 82, 7, 95, 75, 3, 56, 72, 66]
Round 292 | train_loss=0.9702 train_acc=0.6710 test_loss=1.2530 test_acc=0.5352
Round 293 | selected=[95, 7, 20, 34, 4, 62, 84, 91, 73, 98]
Round 293 | train_loss=0.9676 train_acc=0.6856 test_loss=1.4847 test_acc=0.4596
Round 294 | selected=[69, 12, 11, 48, 39, 90, 21, 53, 4, 94]
Round 294 | train_loss=0.9450 train_acc=0.6862 test_loss=1.1479 test_acc=0.5790
Round 295 | selected=[47, 84, 55, 14, 77, 50, 69, 29, 66, 24]
Round 295 | train_loss=0.8858 train_acc=0.7002 test_loss=1.3843 test_acc=0.4846
Round 296 | selected=[8, 64, 63, 88, 95, 47, 14, 98, 86, 76]
Round 296 | train_loss=0.7869 train_acc=0.7452 test_loss=1.2385 test_acc=0.5473
Round 297 | selected=[94, 42, 5, 52, 69, 16, 93, 50, 78, 44]
Round 297 | train_loss=1.0235 train_acc=0.6498 test_loss=1.1760 test_acc=0.5759
Round 298 | selected=[81, 3, 93, 73, 43, 91, 53, 21, 19, 18]
Round 298 | train_loss=0.8624 train_acc=0.7148 test_loss=1.1214 test_acc=0.5896
Round 299 | selected=[77, 32, 91, 48, 59, 29, 14, 22, 46, 65]
Round 299 | train_loss=0.8746 train_acc=0.7172 test_loss=1.1119 test_acc=0.5878
Round 300 | selected=[98, 5, 90, 73, 35, 13, 34, 82, 30, 0]
Round 300 | train_loss=0.8259 train_acc=0.7232 test_loss=1.2266 test_acc=0.5435
Round 301 | selected=[93, 98, 83, 65, 91, 13, 20, 60, 11, 62]
Round 301 | train_loss=0.8968 train_acc=0.7102 test_loss=1.2441 test_acc=0.5669
Round 302 | selected=[7, 78, 60, 95, 98, 21, 71, 79, 69, 11]
Round 302 | train_loss=0.9252 train_acc=0.6888 test_loss=1.1399 test_acc=0.5836
Round 303 | selected=[45, 38, 77, 21, 1, 9, 76, 47, 60, 80]
Round 303 | train_loss=0.8438 train_acc=0.7240 test_loss=1.0584 test_acc=0.6104
Round 304 | selected=[77, 70, 6, 89, 20, 42, 47, 75, 43, 96]
Round 304 | train_loss=0.9919 train_acc=0.6698 test_loss=1.3260 test_acc=0.4961
Round 305 | selected=[29, 35, 80, 62, 28, 94, 83, 69, 8, 25]
Round 305 | train_loss=0.9179 train_acc=0.6938 test_loss=1.7494 test_acc=0.4524
Round 306 | selected=[6, 44, 41, 43, 88, 85, 1, 39, 30, 47]
Round 306 | train_loss=0.9972 train_acc=0.6578 test_loss=1.6027 test_acc=0.4337
Round 307 | selected=[48, 39, 6, 83, 14, 84, 3, 44, 70, 58]
Round 307 | train_loss=0.9059 train_acc=0.6864 test_loss=1.1312 test_acc=0.5853
Round 308 | selected=[7, 71, 22, 27, 64, 42, 1, 44, 81, 9]
Round 308 | train_loss=0.9837 train_acc=0.6638 test_loss=1.2169 test_acc=0.5649
Round 309 | selected=[57, 74, 5, 3, 97, 71, 43, 63, 23, 96]
Round 309 | train_loss=0.9748 train_acc=0.6812 test_loss=1.2028 test_acc=0.5438
Round 310 | selected=[2, 62, 79, 16, 44, 42, 12, 78, 58, 99]
Round 310 | train_loss=0.9849 train_acc=0.6660 test_loss=1.2615 test_acc=0.5236
Round 311 | selected=[22, 46, 57, 81, 15, 51, 30, 88, 17, 56]
Round 311 | train_loss=0.9070 train_acc=0.6954 test_loss=1.2269 test_acc=0.5379
Round 312 | selected=[70, 46, 11, 62, 56, 73, 13, 40, 59, 94]
Round 312 | train_loss=0.9523 train_acc=0.6898 test_loss=1.2481 test_acc=0.5323
Round 313 | selected=[71, 90, 56, 25, 50, 73, 43, 51, 61, 11]
Round 313 | train_loss=0.9640 train_acc=0.6772 test_loss=1.3034 test_acc=0.5419
Round 314 | selected=[50, 13, 46, 30, 6, 91, 38, 18, 36, 9]
Round 314 | train_loss=0.8532 train_acc=0.7206 test_loss=1.1928 test_acc=0.5499
Round 315 | selected=[61, 51, 54, 99, 69, 58, 31, 20, 70, 83]
Round 315 | train_loss=1.0138 train_acc=0.6518 test_loss=1.2174 test_acc=0.5597
Round 316 | selected=[84, 88, 34, 18, 13, 68, 23, 92, 73, 31]
Round 316 | train_loss=0.8915 train_acc=0.7054 test_loss=1.3461 test_acc=0.5210
Round 317 | selected=[36, 71, 44, 74, 31, 14, 88, 17, 10, 78]
Round 317 | train_loss=1.0050 train_acc=0.6598 test_loss=1.3977 test_acc=0.5094
Round 318 | selected=[34, 66, 9, 76, 94, 59, 87, 80, 33, 26]
Round 318 | train_loss=0.9407 train_acc=0.6894 test_loss=1.1717 test_acc=0.5862
Round 319 | selected=[93, 46, 87, 25, 14, 83, 65, 10, 49, 98]
Round 319 | train_loss=0.9412 train_acc=0.6800 test_loss=1.1507 test_acc=0.5777
Round 320 | selected=[90, 75, 10, 24, 15, 53, 49, 58, 28, 1]
Round 320 | train_loss=0.8622 train_acc=0.7242 test_loss=1.1569 test_acc=0.5525
Round 321 | selected=[94, 27, 28, 3, 16, 2, 17, 68, 96, 24]
Round 321 | train_loss=0.8102 train_acc=0.7388 test_loss=1.3669 test_acc=0.4902
Round 322 | selected=[5, 23, 97, 7, 65, 63, 33, 53, 70, 42]
Round 322 | train_loss=1.0661 train_acc=0.6314 test_loss=1.3552 test_acc=0.5100
Round 323 | selected=[24, 87, 54, 18, 30, 2, 34, 59, 72, 12]
Round 323 | train_loss=0.9928 train_acc=0.6706 test_loss=1.4466 test_acc=0.4731
Round 324 | selected=[31, 20, 15, 95, 51, 24, 11, 97, 45, 59]
Round 324 | train_loss=0.9105 train_acc=0.6990 test_loss=1.3001 test_acc=0.5096
Round 325 | selected=[30, 93, 94, 31, 97, 81, 99, 48, 32, 45]
Round 325 | train_loss=0.9007 train_acc=0.6996 test_loss=1.2069 test_acc=0.5578
Round 326 | selected=[35, 31, 2, 85, 33, 78, 96, 70, 71, 37]
Round 326 | train_loss=0.9413 train_acc=0.6772 test_loss=1.1159 test_acc=0.5900
Round 327 | selected=[20, 75, 16, 83, 4, 67, 1, 55, 88, 7]
Round 327 | train_loss=0.9118 train_acc=0.7032 test_loss=1.1375 test_acc=0.5888
Round 328 | selected=[46, 9, 25, 1, 74, 8, 56, 59, 0, 10]
Round 328 | train_loss=0.9410 train_acc=0.6820 test_loss=1.0586 test_acc=0.6116
Round 329 | selected=[86, 51, 65, 17, 85, 95, 88, 22, 12, 23]
Round 329 | train_loss=0.8972 train_acc=0.7014 test_loss=1.0471 test_acc=0.6218
Round 330 | selected=[51, 24, 81, 80, 1, 74, 26, 54, 57, 18]
Round 330 | train_loss=0.9043 train_acc=0.6870 test_loss=1.1139 test_acc=0.5764
Round 331 | selected=[69, 75, 92, 82, 73, 80, 14, 50, 10, 2]
Round 331 | train_loss=0.9036 train_acc=0.6822 test_loss=1.2535 test_acc=0.5488
Round 332 | selected=[1, 8, 83, 97, 66, 92, 69, 78, 81, 6]
Round 332 | train_loss=0.9414 train_acc=0.6862 test_loss=1.7522 test_acc=0.4326
Round 333 | selected=[85, 94, 51, 2, 33, 89, 49, 32, 52, 78]
Round 333 | train_loss=0.9245 train_acc=0.6908 test_loss=1.0786 test_acc=0.6103
Round 334 | selected=[58, 0, 47, 95, 28, 94, 11, 18, 39, 62]
Round 334 | train_loss=0.8486 train_acc=0.7270 test_loss=1.0869 test_acc=0.6186
Round 335 | selected=[86, 16, 7, 19, 29, 76, 57, 18, 83, 41]
Round 335 | train_loss=0.8224 train_acc=0.7304 test_loss=1.1026 test_acc=0.6014
Round 336 | selected=[14, 87, 91, 38, 51, 6, 64, 0, 53, 58]
Round 336 | train_loss=0.8165 train_acc=0.7284 test_loss=1.0901 test_acc=0.5898
Round 337 | selected=[51, 34, 43, 66, 0, 99, 73, 74, 38, 83]
Round 337 | train_loss=0.9454 train_acc=0.6944 test_loss=1.3380 test_acc=0.5395
Round 338 | selected=[66, 53, 20, 91, 36, 59, 9, 55, 28, 64]
Round 338 | train_loss=0.9484 train_acc=0.6974 test_loss=1.2678 test_acc=0.5254
Round 339 | selected=[56, 55, 24, 48, 87, 20, 51, 18, 41, 69]
Round 339 | train_loss=0.9454 train_acc=0.6858 test_loss=1.2372 test_acc=0.5521
Round 340 | selected=[1, 68, 80, 17, 28, 69, 88, 54, 90, 15]
Round 340 | train_loss=0.9069 train_acc=0.6950 test_loss=1.3207 test_acc=0.4892
Round 341 | selected=[74, 46, 14, 39, 38, 56, 18, 44, 0, 6]
Round 341 | train_loss=0.9965 train_acc=0.6646 test_loss=1.2330 test_acc=0.5605
Round 342 | selected=[19, 36, 85, 47, 32, 99, 65, 93, 72, 2]
Round 342 | train_loss=0.9274 train_acc=0.6870 test_loss=1.1399 test_acc=0.5761
Round 343 | selected=[87, 83, 91, 90, 70, 55, 89, 32, 23, 7]
Round 343 | train_loss=0.8642 train_acc=0.7268 test_loss=1.1828 test_acc=0.5609
Round 344 | selected=[15, 4, 80, 16, 22, 91, 81, 36, 32, 24]
Round 344 | train_loss=0.7511 train_acc=0.7590 test_loss=1.2281 test_acc=0.5354
Round 345 | selected=[17, 24, 36, 58, 84, 10, 83, 18, 52, 28]
Round 345 | train_loss=0.8195 train_acc=0.7262 test_loss=1.0233 test_acc=0.6355
Round 346 | selected=[31, 54, 17, 29, 4, 44, 63, 93, 71, 23]
Round 346 | train_loss=0.8926 train_acc=0.6894 test_loss=1.1004 test_acc=0.5934
Round 347 | selected=[11, 34, 27, 94, 55, 87, 60, 10, 32, 52]
Round 347 | train_loss=0.8716 train_acc=0.7260 test_loss=1.3647 test_acc=0.5266
Round 348 | selected=[86, 4, 26, 69, 33, 40, 53, 44, 28, 99]
Round 348 | train_loss=0.9810 train_acc=0.6864 test_loss=1.3722 test_acc=0.5381
Round 349 | selected=[52, 50, 2, 0, 46, 44, 77, 16, 25, 13]
Round 349 | train_loss=0.8656 train_acc=0.7100 test_loss=1.0474 test_acc=0.6181
Round 350 | selected=[47, 66, 30, 70, 15, 85, 96, 13, 34, 77]
Round 350 | train_loss=0.8277 train_acc=0.7198 test_loss=1.1820 test_acc=0.5402
Round 351 | selected=[1, 51, 81, 97, 23, 27, 29, 30, 71, 77]
Round 351 | train_loss=0.8815 train_acc=0.7036 test_loss=1.1175 test_acc=0.5986
Round 352 | selected=[52, 8, 3, 68, 77, 94, 46, 49, 81, 7]
Round 352 | train_loss=0.7904 train_acc=0.7418 test_loss=1.1511 test_acc=0.5914
Round 353 | selected=[29, 33, 15, 72, 68, 75, 27, 28, 55, 45]
Round 353 | train_loss=0.8582 train_acc=0.7236 test_loss=1.1392 test_acc=0.5838
Round 354 | selected=[75, 27, 15, 70, 7, 9, 52, 11, 49, 81]
Round 354 | train_loss=0.8756 train_acc=0.7166 test_loss=1.0638 test_acc=0.6151
Round 355 | selected=[64, 16, 99, 76, 15, 79, 65, 20, 12, 0]
Round 355 | train_loss=0.8155 train_acc=0.7274 test_loss=1.1408 test_acc=0.5878
Round 356 | selected=[57, 94, 82, 91, 58, 77, 78, 99, 51, 88]
Round 356 | train_loss=0.8680 train_acc=0.7008 test_loss=1.1270 test_acc=0.5830
Round 357 | selected=[38, 77, 39, 31, 11, 3, 90, 84, 17, 0]
Round 357 | train_loss=0.8276 train_acc=0.7188 test_loss=1.4392 test_acc=0.5074
Round 358 | selected=[69, 91, 75, 26, 17, 85, 80, 61, 14, 34]
Round 358 | train_loss=0.8649 train_acc=0.7150 test_loss=1.0832 test_acc=0.6128
Round 359 | selected=[4, 34, 85, 38, 25, 73, 44, 65, 22, 74]
Round 359 | train_loss=0.8631 train_acc=0.7200 test_loss=1.1299 test_acc=0.6070
Round 360 | selected=[10, 25, 2, 27, 38, 45, 18, 57, 86, 36]
Round 360 | train_loss=0.8499 train_acc=0.7162 test_loss=1.3009 test_acc=0.5274
Round 361 | selected=[1, 99, 97, 39, 12, 41, 11, 21, 83, 86]
Round 361 | train_loss=0.9632 train_acc=0.6878 test_loss=1.3986 test_acc=0.5148
Round 362 | selected=[17, 15, 30, 13, 9, 85, 71, 49, 55, 78]
Round 362 | train_loss=0.8928 train_acc=0.7062 test_loss=1.1192 test_acc=0.5947
Round 363 | selected=[57, 62, 16, 78, 39, 7, 2, 76, 67, 4]
Round 363 | train_loss=0.8927 train_acc=0.7084 test_loss=1.2189 test_acc=0.5517
Round 364 | selected=[13, 43, 3, 50, 4, 27, 60, 32, 46, 90]
Round 364 | train_loss=0.7985 train_acc=0.7390 test_loss=1.0414 test_acc=0.6135
Round 365 | selected=[13, 65, 18, 9, 45, 98, 91, 44, 51, 64]
Round 365 | train_loss=0.7382 train_acc=0.7560 test_loss=1.0289 test_acc=0.6293
Round 366 | selected=[14, 81, 21, 69, 26, 62, 25, 29, 68, 63]
Round 366 | train_loss=0.7288 train_acc=0.7600 test_loss=1.2806 test_acc=0.5426
Round 367 | selected=[46, 11, 67, 44, 17, 79, 84, 31, 66, 12]
Round 367 | train_loss=0.9257 train_acc=0.6938 test_loss=1.2193 test_acc=0.5618
Round 368 | selected=[58, 72, 78, 24, 88, 77, 64, 65, 14, 15]
Round 368 | train_loss=0.8501 train_acc=0.7162 test_loss=1.7401 test_acc=0.4094
Round 369 | selected=[78, 9, 91, 30, 79, 84, 5, 48, 92, 98]
Round 369 | train_loss=1.0730 train_acc=0.6448 test_loss=1.3870 test_acc=0.5786
Round 370 | selected=[85, 50, 25, 24, 46, 6, 55, 96, 15, 62]
Round 370 | train_loss=1.1664 train_acc=0.6600 test_loss=1.1900 test_acc=0.5614
Round 371 | selected=[94, 65, 79, 96, 85, 9, 91, 21, 2, 53]
Round 371 | train_loss=0.8267 train_acc=0.7282 test_loss=1.2322 test_acc=0.5629
Round 372 | selected=[18, 65, 68, 16, 6, 53, 75, 24, 60, 54]
Round 372 | train_loss=0.8372 train_acc=0.7222 test_loss=1.2424 test_acc=0.5399
Round 373 | selected=[90, 32, 77, 89, 85, 19, 12, 10, 75, 13]
Round 373 | train_loss=0.9001 train_acc=0.6978 test_loss=1.0771 test_acc=0.6177
Round 374 | selected=[20, 17, 76, 10, 44, 48, 46, 38, 96, 19]
Round 374 | train_loss=0.9229 train_acc=0.7004 test_loss=1.2532 test_acc=0.5518
Round 375 | selected=[56, 84, 70, 49, 74, 90, 80, 54, 23, 68]
Round 375 | train_loss=0.8876 train_acc=0.7046 test_loss=1.0683 test_acc=0.6206
Round 376 | selected=[52, 72, 19, 82, 65, 68, 64, 84, 58, 35]
Round 376 | train_loss=0.7217 train_acc=0.7560 test_loss=1.0649 test_acc=0.6090
Round 377 | selected=[33, 82, 67, 92, 4, 30, 68, 37, 96, 17]
Round 377 | train_loss=0.7699 train_acc=0.7536 test_loss=1.0553 test_acc=0.6136
Round 378 | selected=[47, 77, 30, 84, 76, 63, 19, 73, 26, 9]
Round 378 | train_loss=0.7988 train_acc=0.7254 test_loss=1.1839 test_acc=0.5734
Round 379 | selected=[70, 92, 88, 99, 94, 81, 98, 74, 93, 79]
Round 379 | train_loss=0.9516 train_acc=0.6828 test_loss=1.4657 test_acc=0.5007
Round 380 | selected=[79, 54, 74, 28, 53, 10, 75, 34, 73, 20]
Round 380 | train_loss=0.9599 train_acc=0.6640 test_loss=1.0701 test_acc=0.5968
Round 381 | selected=[42, 70, 62, 81, 8, 68, 48, 82, 72, 92]
Round 381 | train_loss=0.8731 train_acc=0.7052 test_loss=1.1945 test_acc=0.5694
Round 382 | selected=[79, 43, 59, 46, 18, 36, 78, 17, 64, 57]
Round 382 | train_loss=1.0053 train_acc=0.6526 test_loss=1.3818 test_acc=0.5103
Round 383 | selected=[74, 11, 68, 5, 22, 79, 83, 29, 63, 86]
Round 383 | train_loss=0.8820 train_acc=0.7084 test_loss=1.1171 test_acc=0.6157
Round 384 | selected=[55, 96, 75, 41, 14, 21, 46, 22, 56, 37]
Round 384 | train_loss=0.7551 train_acc=0.7524 test_loss=1.2119 test_acc=0.5659
Round 385 | selected=[92, 37, 51, 74, 52, 26, 47, 86, 63, 27]
Round 385 | train_loss=0.8600 train_acc=0.7226 test_loss=1.1600 test_acc=0.5648
Round 386 | selected=[0, 1, 58, 23, 40, 67, 66, 90, 19, 38]
Round 386 | train_loss=0.8219 train_acc=0.7310 test_loss=1.0210 test_acc=0.6269
Round 387 | selected=[31, 70, 62, 64, 12, 27, 83, 63, 55, 49]
Round 387 | train_loss=0.8239 train_acc=0.7196 test_loss=1.1561 test_acc=0.5864
Round 388 | selected=[57, 91, 58, 26, 67, 77, 15, 54, 0, 16]
Round 388 | train_loss=0.8929 train_acc=0.6932 test_loss=1.1889 test_acc=0.5554
Round 389 | selected=[44, 48, 57, 98, 76, 71, 59, 7, 65, 34]
Round 389 | train_loss=0.9350 train_acc=0.6864 test_loss=1.1248 test_acc=0.5944
Round 390 | selected=[61, 12, 42, 88, 53, 17, 58, 77, 34, 26]
Round 390 | train_loss=0.8940 train_acc=0.6892 test_loss=1.0618 test_acc=0.6095
Round 391 | selected=[95, 86, 87, 42, 13, 90, 66, 19, 88, 58]
Round 391 | train_loss=0.7968 train_acc=0.7378 test_loss=1.0220 test_acc=0.6243
Round 392 | selected=[55, 70, 22, 8, 25, 47, 98, 27, 13, 12]
Round 392 | train_loss=0.7408 train_acc=0.7568 test_loss=1.0701 test_acc=0.6195
Round 393 | selected=[75, 84, 48, 0, 19, 57, 16, 78, 27, 45]
Round 393 | train_loss=0.8076 train_acc=0.7382 test_loss=1.4169 test_acc=0.4860
Round 394 | selected=[96, 40, 71, 3, 41, 80, 0, 10, 32, 67]
Round 394 | train_loss=0.8787 train_acc=0.6946 test_loss=1.3795 test_acc=0.5585
Round 395 | selected=[58, 21, 17, 54, 89, 96, 64, 92, 35, 7]
Round 395 | train_loss=0.8924 train_acc=0.7054 test_loss=1.3639 test_acc=0.5227
Round 396 | selected=[84, 94, 4, 38, 69, 85, 81, 35, 52, 83]
Round 396 | train_loss=0.9114 train_acc=0.7040 test_loss=1.3160 test_acc=0.5403
Round 397 | selected=[39, 74, 40, 55, 56, 54, 45, 41, 3, 24]
Round 397 | train_loss=0.8080 train_acc=0.7284 test_loss=1.3283 test_acc=0.5347
Round 398 | selected=[38, 67, 5, 11, 0, 16, 49, 90, 15, 92]
Round 398 | train_loss=0.8090 train_acc=0.7286 test_loss=1.5069 test_acc=0.5530
Round 399 | selected=[74, 62, 26, 49, 15, 11, 8, 10, 0, 20]
Round 399 | train_loss=0.9286 train_acc=0.6866 test_loss=1.0476 test_acc=0.6250
Round 400 | selected=[88, 55, 91, 92, 74, 87, 67, 97, 44, 93]
Round 400 | train_loss=0.7677 train_acc=0.7410 test_loss=1.0060 test_acc=0.6486
Round 401 | selected=[66, 51, 90, 69, 8, 32, 9, 93, 34, 94]
Round 401 | train_loss=0.7771 train_acc=0.7438 test_loss=1.1144 test_acc=0.5900
Round 402 | selected=[49, 90, 97, 22, 25, 50, 16, 15, 12, 84]
Round 402 | train_loss=0.7349 train_acc=0.7640 test_loss=1.0347 test_acc=0.6315
Round 403 | selected=[42, 62, 15, 77, 83, 48, 2, 79, 27, 8]
Round 403 | train_loss=0.8891 train_acc=0.7088 test_loss=1.0705 test_acc=0.6265
Round 404 | selected=[12, 15, 32, 7, 89, 13, 4, 98, 11, 86]
Round 404 | train_loss=0.8032 train_acc=0.7392 test_loss=1.2754 test_acc=0.5412
Round 405 | selected=[1, 53, 89, 50, 20, 57, 68, 23, 96, 41]
Round 405 | train_loss=0.8457 train_acc=0.7178 test_loss=1.1566 test_acc=0.6056
Round 406 | selected=[82, 95, 18, 19, 28, 94, 92, 62, 17, 64]
Round 406 | train_loss=0.7272 train_acc=0.7534 test_loss=1.2069 test_acc=0.5636
Round 407 | selected=[86, 97, 47, 42, 70, 15, 68, 12, 13, 48]
Round 407 | train_loss=0.8157 train_acc=0.7244 test_loss=1.0770 test_acc=0.6135
Round 408 | selected=[24, 81, 82, 48, 35, 79, 50, 52, 14, 85]
Round 408 | train_loss=0.7874 train_acc=0.7472 test_loss=1.0528 test_acc=0.6174
Round 409 | selected=[35, 22, 45, 20, 42, 67, 59, 66, 9, 63]
Round 409 | train_loss=0.8432 train_acc=0.7134 test_loss=1.0711 test_acc=0.6191
Round 410 | selected=[10, 57, 36, 6, 81, 2, 23, 35, 11, 76]
Round 410 | train_loss=0.8060 train_acc=0.7254 test_loss=1.1028 test_acc=0.5931
Round 411 | selected=[96, 86, 30, 58, 71, 23, 48, 7, 79, 57]
Round 411 | train_loss=0.7973 train_acc=0.7382 test_loss=1.2147 test_acc=0.5732
Round 412 | selected=[11, 25, 20, 27, 49, 63, 72, 71, 93, 95]
Round 412 | train_loss=0.8452 train_acc=0.7164 test_loss=1.1183 test_acc=0.6077
Round 413 | selected=[5, 58, 1, 82, 39, 70, 18, 11, 34, 62]
Round 413 | train_loss=0.9081 train_acc=0.6958 test_loss=1.1906 test_acc=0.5716
Round 414 | selected=[34, 35, 56, 7, 24, 67, 88, 71, 50, 16]
Round 414 | train_loss=0.8329 train_acc=0.7300 test_loss=1.2861 test_acc=0.5393
Round 415 | selected=[76, 69, 59, 0, 81, 64, 56, 60, 63, 9]
Round 415 | train_loss=0.8410 train_acc=0.7294 test_loss=1.0738 test_acc=0.6131
Round 416 | selected=[73, 98, 44, 24, 95, 70, 71, 96, 76, 36]
Round 416 | train_loss=0.7823 train_acc=0.7318 test_loss=1.2191 test_acc=0.5552
Round 417 | selected=[7, 38, 36, 75, 81, 49, 31, 1, 35, 90]
Round 417 | train_loss=0.8324 train_acc=0.7258 test_loss=1.1765 test_acc=0.5986
Round 418 | selected=[9, 74, 43, 21, 88, 5, 91, 46, 42, 58]
Round 418 | train_loss=0.9310 train_acc=0.6814 test_loss=1.0259 test_acc=0.6292
Round 419 | selected=[6, 43, 11, 12, 41, 47, 21, 48, 99, 18]
Round 419 | train_loss=0.8514 train_acc=0.7084 test_loss=0.9754 test_acc=0.6596
Round 420 | selected=[13, 35, 81, 31, 3, 10, 15, 80, 17, 87]
Round 420 | train_loss=0.7721 train_acc=0.7342 test_loss=1.0312 test_acc=0.6213
Round 421 | selected=[83, 29, 35, 82, 98, 97, 76, 77, 40, 17]
Round 421 | train_loss=0.8702 train_acc=0.7166 test_loss=1.0817 test_acc=0.6088
Round 422 | selected=[37, 34, 75, 16, 12, 98, 64, 92, 56, 11]
Round 422 | train_loss=0.7337 train_acc=0.7618 test_loss=1.1120 test_acc=0.6198
Round 423 | selected=[44, 73, 32, 27, 20, 19, 82, 63, 65, 95]
Round 423 | train_loss=0.8130 train_acc=0.7234 test_loss=1.3357 test_acc=0.5294
Round 424 | selected=[11, 55, 33, 62, 83, 32, 17, 38, 61, 86]
Round 424 | train_loss=0.9335 train_acc=0.7080 test_loss=1.2587 test_acc=0.5337
Round 425 | selected=[87, 66, 31, 76, 22, 36, 17, 7, 64, 99]
Round 425 | train_loss=0.8336 train_acc=0.7178 test_loss=1.1570 test_acc=0.5892
Round 426 | selected=[45, 31, 73, 94, 28, 49, 71, 34, 97, 26]
Round 426 | train_loss=0.7726 train_acc=0.7430 test_loss=0.9978 test_acc=0.6279
Round 427 | selected=[85, 17, 20, 49, 35, 76, 65, 93, 7, 2]
Round 427 | train_loss=0.8200 train_acc=0.7158 test_loss=0.9302 test_acc=0.6752
Round 428 | selected=[61, 79, 58, 26, 51, 16, 8, 35, 64, 19]
Round 428 | train_loss=0.6827 train_acc=0.7724 test_loss=1.0358 test_acc=0.6096
Round 429 | selected=[73, 72, 9, 1, 51, 67, 24, 95, 44, 85]
Round 429 | train_loss=0.7435 train_acc=0.7422 test_loss=1.1210 test_acc=0.5914
Round 430 | selected=[16, 18, 39, 7, 53, 56, 13, 67, 49, 59]
Round 430 | train_loss=0.7865 train_acc=0.7376 test_loss=1.0848 test_acc=0.6051
Round 431 | selected=[37, 85, 62, 7, 73, 53, 39, 74, 71, 93]
Round 431 | train_loss=0.8454 train_acc=0.7228 test_loss=1.2884 test_acc=0.5560
Round 432 | selected=[39, 1, 15, 46, 49, 94, 24, 51, 19, 10]
Round 432 | train_loss=0.8018 train_acc=0.7212 test_loss=1.3644 test_acc=0.5283
Round 433 | selected=[25, 97, 77, 80, 82, 90, 88, 37, 78, 27]
Round 433 | train_loss=0.8631 train_acc=0.7100 test_loss=1.1020 test_acc=0.6069
Round 434 | selected=[66, 76, 47, 42, 46, 25, 96, 19, 61, 72]
Round 434 | train_loss=0.8351 train_acc=0.7096 test_loss=1.0168 test_acc=0.6221
Round 435 | selected=[19, 28, 0, 96, 71, 1, 99, 2, 43, 81]
Round 435 | train_loss=0.7902 train_acc=0.7320 test_loss=0.9490 test_acc=0.6610
Round 436 | selected=[1, 16, 9, 90, 68, 94, 12, 19, 40, 54]
Round 436 | train_loss=0.6715 train_acc=0.7808 test_loss=1.0356 test_acc=0.6335
Round 437 | selected=[27, 89, 97, 86, 12, 15, 55, 50, 99, 47]
Round 437 | train_loss=0.8014 train_acc=0.7412 test_loss=1.0947 test_acc=0.6018
Round 438 | selected=[46, 52, 88, 24, 5, 90, 42, 4, 83, 1]
Round 438 | train_loss=0.8470 train_acc=0.7232 test_loss=0.9714 test_acc=0.6443
Round 439 | selected=[58, 51, 54, 15, 96, 67, 11, 13, 25, 18]
Round 439 | train_loss=0.7963 train_acc=0.7216 test_loss=1.0536 test_acc=0.6228
Round 440 | selected=[88, 98, 4, 34, 96, 41, 86, 5, 62, 59]
Round 440 | train_loss=0.7697 train_acc=0.7438 test_loss=0.9863 test_acc=0.6467
Round 441 | selected=[18, 68, 15, 26, 47, 53, 74, 38, 51, 28]
Round 441 | train_loss=0.8005 train_acc=0.7352 test_loss=1.1138 test_acc=0.5936
Round 442 | selected=[40, 97, 21, 85, 11, 3, 28, 18, 0, 49]
Round 442 | train_loss=0.7970 train_acc=0.7380 test_loss=0.9257 test_acc=0.6665
Round 443 | selected=[17, 83, 28, 54, 19, 24, 23, 97, 38, 11]
Round 443 | train_loss=0.7747 train_acc=0.7534 test_loss=1.1779 test_acc=0.5830
Round 444 | selected=[33, 29, 52, 30, 69, 81, 97, 16, 28, 3]
Round 444 | train_loss=0.7588 train_acc=0.7624 test_loss=1.2277 test_acc=0.5770
Round 445 | selected=[62, 16, 94, 91, 52, 44, 71, 34, 99, 1]
Round 445 | train_loss=0.7867 train_acc=0.7444 test_loss=1.1318 test_acc=0.5951
Round 446 | selected=[27, 46, 45, 22, 41, 44, 74, 73, 47, 64]
Round 446 | train_loss=0.7857 train_acc=0.7402 test_loss=1.0786 test_acc=0.6042
Round 447 | selected=[18, 86, 55, 76, 4, 87, 77, 78, 79, 22]
Round 447 | train_loss=0.8523 train_acc=0.7158 test_loss=1.0406 test_acc=0.6247
Round 448 | selected=[8, 22, 75, 24, 5, 58, 92, 66, 73, 43]
Round 448 | train_loss=0.7771 train_acc=0.7360 test_loss=1.0522 test_acc=0.6105
Round 449 | selected=[5, 84, 33, 77, 20, 73, 98, 31, 97, 51]
Round 449 | train_loss=0.8224 train_acc=0.7272 test_loss=1.0512 test_acc=0.6078
Round 450 | selected=[14, 51, 76, 93, 32, 85, 42, 5, 90, 0]
Round 450 | train_loss=0.8221 train_acc=0.7100 test_loss=1.1336 test_acc=0.5885
Round 451 | selected=[50, 40, 28, 24, 48, 3, 47, 94, 44, 73]
Round 451 | train_loss=0.7765 train_acc=0.7368 test_loss=1.1526 test_acc=0.6037
Round 452 | selected=[36, 8, 29, 72, 33, 65, 60, 56, 74, 71]
Round 452 | train_loss=0.7587 train_acc=0.7594 test_loss=1.2243 test_acc=0.5702
Round 453 | selected=[72, 81, 0, 91, 33, 73, 79, 59, 48, 40]
Round 453 | train_loss=0.6766 train_acc=0.7764 test_loss=0.9493 test_acc=0.6532
Round 454 | selected=[26, 91, 25, 8, 81, 52, 64, 98, 36, 58]
Round 454 | train_loss=0.6387 train_acc=0.7944 test_loss=0.9834 test_acc=0.6377
Round 455 | selected=[95, 3, 16, 65, 29, 48, 82, 50, 10, 96]
Round 455 | train_loss=0.7682 train_acc=0.7374 test_loss=1.0694 test_acc=0.6015
Round 456 | selected=[20, 94, 16, 70, 43, 10, 30, 92, 72, 0]
Round 456 | train_loss=0.7509 train_acc=0.7398 test_loss=1.0839 test_acc=0.6090
Round 457 | selected=[77, 55, 53, 85, 54, 71, 29, 76, 10, 93]
Round 457 | train_loss=0.9025 train_acc=0.6758 test_loss=1.0523 test_acc=0.6225
Round 458 | selected=[13, 50, 84, 46, 35, 0, 53, 39, 44, 48]
Round 458 | train_loss=0.7904 train_acc=0.7348 test_loss=0.9834 test_acc=0.6533
Round 459 | selected=[74, 78, 56, 7, 20, 75, 26, 1, 86, 43]
Round 459 | train_loss=0.7911 train_acc=0.7442 test_loss=1.1274 test_acc=0.6084
Round 460 | selected=[39, 30, 75, 40, 76, 85, 17, 94, 67, 4]
Round 460 | train_loss=0.7442 train_acc=0.7464 test_loss=1.1257 test_acc=0.5885
Round 461 | selected=[18, 24, 5, 36, 94, 57, 92, 35, 6, 17]
Round 461 | train_loss=0.7521 train_acc=0.7418 test_loss=0.9364 test_acc=0.6703
Round 462 | selected=[72, 81, 35, 77, 92, 20, 27, 41, 59, 12]
Round 462 | train_loss=0.7556 train_acc=0.7466 test_loss=0.9623 test_acc=0.6549
Round 463 | selected=[6, 56, 93, 82, 69, 40, 70, 30, 4, 75]
Round 463 | train_loss=0.7737 train_acc=0.7530 test_loss=1.1928 test_acc=0.5764
Round 464 | selected=[66, 73, 37, 39, 8, 77, 68, 79, 18, 83]
Round 464 | train_loss=0.7570 train_acc=0.7422 test_loss=1.0060 test_acc=0.6503
Round 465 | selected=[82, 78, 52, 17, 81, 46, 39, 91, 12, 66]
Round 465 | train_loss=0.6513 train_acc=0.7892 test_loss=1.1611 test_acc=0.5823
Round 466 | selected=[34, 42, 27, 56, 52, 59, 98, 29, 18, 79]
Round 466 | train_loss=0.8252 train_acc=0.7286 test_loss=0.9579 test_acc=0.6592
Round 467 | selected=[38, 9, 59, 32, 16, 93, 98, 58, 65, 44]
Round 467 | train_loss=0.7335 train_acc=0.7604 test_loss=0.9937 test_acc=0.6382
Round 468 | selected=[84, 61, 98, 21, 66, 33, 48, 97, 15, 64]
Round 468 | train_loss=0.6825 train_acc=0.7786 test_loss=1.0199 test_acc=0.6256
Round 469 | selected=[84, 2, 76, 63, 58, 47, 10, 60, 98, 43]
Round 469 | train_loss=0.7551 train_acc=0.7370 test_loss=0.9881 test_acc=0.6391
Round 470 | selected=[34, 50, 99, 66, 8, 31, 2, 9, 21, 96]
Round 470 | train_loss=0.7657 train_acc=0.7456 test_loss=0.9013 test_acc=0.6796
Round 471 | selected=[21, 30, 74, 27, 79, 55, 95, 83, 63, 81]
Round 471 | train_loss=0.7076 train_acc=0.7664 test_loss=0.9384 test_acc=0.6642
Round 472 | selected=[35, 59, 94, 89, 63, 21, 53, 79, 49, 30]
Round 472 | train_loss=0.6815 train_acc=0.7794 test_loss=0.9777 test_acc=0.6449
Round 473 | selected=[6, 93, 36, 81, 74, 31, 84, 14, 37, 46]
Round 473 | train_loss=0.7758 train_acc=0.7388 test_loss=1.0360 test_acc=0.6460
Round 474 | selected=[16, 50, 52, 94, 96, 14, 75, 35, 76, 12]
Round 474 | train_loss=0.7207 train_acc=0.7656 test_loss=0.9434 test_acc=0.6595
Round 475 | selected=[87, 24, 93, 91, 10, 96, 3, 0, 52, 32]
Round 475 | train_loss=0.7458 train_acc=0.7410 test_loss=1.2297 test_acc=0.5619
Round 476 | selected=[0, 43, 81, 58, 52, 16, 99, 61, 74, 23]
Round 476 | train_loss=0.7627 train_acc=0.7536 test_loss=1.1653 test_acc=0.6063
Round 477 | selected=[89, 34, 31, 29, 95, 93, 23, 54, 92, 98]
Round 477 | train_loss=0.7693 train_acc=0.7308 test_loss=0.9889 test_acc=0.6511
Round 478 | selected=[60, 74, 50, 19, 88, 34, 90, 5, 73, 53]
Round 478 | train_loss=0.7100 train_acc=0.7696 test_loss=0.8740 test_acc=0.6951
Round 479 | selected=[23, 70, 60, 28, 7, 54, 94, 33, 79, 56]
Round 479 | train_loss=0.7445 train_acc=0.7544 test_loss=1.0550 test_acc=0.6204
Round 480 | selected=[61, 16, 71, 97, 48, 0, 64, 56, 22, 31]
Round 480 | train_loss=0.6806 train_acc=0.7752 test_loss=1.1739 test_acc=0.6052
Round 481 | selected=[66, 3, 27, 6, 67, 86, 98, 49, 68, 84]
Round 481 | train_loss=0.6815 train_acc=0.7798 test_loss=0.9916 test_acc=0.6558
Round 482 | selected=[85, 6, 20, 49, 0, 93, 38, 98, 77, 90]
Round 482 | train_loss=0.7887 train_acc=0.7330 test_loss=0.9406 test_acc=0.6540
Round 483 | selected=[57, 19, 28, 84, 31, 79, 63, 42, 72, 35]
Round 483 | train_loss=0.7488 train_acc=0.7414 test_loss=0.9116 test_acc=0.6781
Round 484 | selected=[80, 94, 79, 87, 97, 81, 91, 72, 69, 42]
Round 484 | train_loss=0.7179 train_acc=0.7566 test_loss=1.2811 test_acc=0.5726
Round 485 | selected=[22, 81, 95, 32, 38, 0, 57, 62, 17, 6]
Round 485 | train_loss=0.7065 train_acc=0.7598 test_loss=1.0789 test_acc=0.6185
Round 486 | selected=[56, 18, 4, 62, 45, 74, 92, 96, 34, 30]
Round 486 | train_loss=0.7812 train_acc=0.7494 test_loss=1.0338 test_acc=0.6317
Round 487 | selected=[81, 91, 90, 60, 33, 14, 61, 84, 49, 9]
Round 487 | train_loss=0.6491 train_acc=0.7876 test_loss=1.6530 test_acc=0.4931
Round 488 | selected=[39, 28, 65, 87, 66, 33, 88, 23, 41, 11]
Round 488 | train_loss=0.8699 train_acc=0.7332 test_loss=1.3724 test_acc=0.5794
Round 489 | selected=[65, 78, 33, 93, 19, 21, 4, 74, 7, 56]
Round 489 | train_loss=0.8375 train_acc=0.7270 test_loss=0.9612 test_acc=0.6633
Round 490 | selected=[33, 29, 98, 75, 19, 87, 34, 22, 58, 90]
Round 490 | train_loss=0.6311 train_acc=0.7940 test_loss=0.9447 test_acc=0.6563
Round 491 | selected=[97, 15, 37, 90, 16, 79, 7, 50, 80, 47]
Round 491 | train_loss=0.7135 train_acc=0.7666 test_loss=1.1654 test_acc=0.5811
Round 492 | selected=[49, 14, 92, 94, 9, 85, 87, 1, 97, 91]
Round 492 | train_loss=0.7219 train_acc=0.7596 test_loss=1.0816 test_acc=0.6262
Round 493 | selected=[36, 18, 3, 31, 40, 51, 70, 0, 14, 15]
Round 493 | train_loss=0.8309 train_acc=0.7266 test_loss=1.2696 test_acc=0.5544
Round 494 | selected=[47, 65, 71, 99, 14, 20, 24, 92, 73, 67]
Round 494 | train_loss=0.7223 train_acc=0.7554 test_loss=1.2273 test_acc=0.5479
Round 495 | selected=[40, 29, 84, 51, 4, 74, 11, 71, 72, 28]
Round 495 | train_loss=0.8758 train_acc=0.7110 test_loss=1.3184 test_acc=0.5359
Round 496 | selected=[35, 51, 82, 61, 78, 73, 38, 56, 30, 67]
Round 496 | train_loss=0.7465 train_acc=0.7524 test_loss=1.1029 test_acc=0.6200
Round 497 | selected=[0, 76, 84, 62, 87, 9, 12, 26, 46, 51]
Round 497 | train_loss=0.7918 train_acc=0.7348 test_loss=1.2436 test_acc=0.5907
Round 498 | selected=[53, 52, 6, 38, 84, 12, 89, 82, 55, 16]
Round 498 | train_loss=0.7213 train_acc=0.7620 test_loss=0.9649 test_acc=0.6467
Round 499 | selected=[70, 6, 25, 3, 54, 18, 91, 50, 55, 20]
Round 499 | train_loss=0.7729 train_acc=0.7292 test_loss=1.0327 test_acc=0.6319
Round 500 | selected=[45, 48, 51, 86, 12, 72, 76, 68, 18, 44]
Round 500 | train_loss=0.7157 train_acc=0.7568 test_loss=1.0581 test_acc=0.6352
Saved: track1/results/cifar10/final_seed46/fedprox_alpha03_seed46.csv
COMPLETED: fedprox alpha03 seed=46
