========================================
JOB:       12008251
TASK:      44
ALGORITHM: fedadam
PARTITION: iid
SEED:      45
GPU:       0
========================================
Device: cuda
GPU: Tesla V100-PCIE-32GB
Round 0 | test_loss=2.8279 test_acc=0.0938
Round 1 | selected=[84, 96, 49, 52, 68, 55, 73, 51, 79, 50]
Round 1 | train_loss=2.3511 train_acc=0.1186 test_loss=7.5664 test_acc=0.1000
Round 2 | selected=[61, 70, 47, 11, 92, 52, 58, 77, 79, 57]
Round 2 | train_loss=2.3944 train_acc=0.1906 test_loss=2.3845 test_acc=0.1909
Round 3 | selected=[68, 28, 99, 76, 4, 11, 39, 98, 40, 5]
Round 3 | train_loss=2.0917 train_acc=0.2226 test_loss=3.0778 test_acc=0.2064
Round 4 | selected=[26, 11, 9, 16, 70, 81, 96, 73, 29, 19]
Round 4 | train_loss=1.9948 train_acc=0.2668 test_loss=1.9417 test_acc=0.3196
Round 5 | selected=[11, 19, 35, 99, 1, 3, 45, 97, 31, 91]
Round 5 | train_loss=1.8192 train_acc=0.3150 test_loss=1.8405 test_acc=0.3544
Round 6 | selected=[65, 92, 81, 94, 48, 86, 77, 43, 30, 68]
Round 6 | train_loss=1.7921 train_acc=0.3286 test_loss=1.7563 test_acc=0.3515
Round 7 | selected=[35, 74, 98, 56, 37, 62, 89, 49, 80, 13]
Round 7 | train_loss=1.7238 train_acc=0.3614 test_loss=1.8159 test_acc=0.3841
Round 8 | selected=[29, 13, 46, 2, 67, 30, 38, 4, 60, 73]
Round 8 | train_loss=1.6656 train_acc=0.3878 test_loss=1.9340 test_acc=0.3636
Round 9 | selected=[69, 44, 76, 74, 34, 79, 22, 60, 16, 15]
Round 9 | train_loss=1.6222 train_acc=0.4018 test_loss=1.6870 test_acc=0.4110
Round 10 | selected=[8, 64, 44, 23, 48, 9, 69, 1, 29, 86]
Round 10 | train_loss=1.5877 train_acc=0.4176 test_loss=1.5761 test_acc=0.4161
Round 11 | selected=[73, 27, 86, 10, 22, 92, 9, 36, 43, 21]
Round 11 | train_loss=1.5577 train_acc=0.4288 test_loss=1.5940 test_acc=0.4188
Round 12 | selected=[19, 10, 46, 11, 4, 42, 16, 99, 96, 21]
Round 12 | train_loss=1.5472 train_acc=0.4368 test_loss=1.5319 test_acc=0.4429
Round 13 | selected=[31, 94, 27, 21, 48, 46, 69, 72, 24, 19]
Round 13 | train_loss=1.5209 train_acc=0.4298 test_loss=1.4456 test_acc=0.4730
Round 14 | selected=[25, 64, 96, 46, 42, 85, 98, 20, 65, 89]
Round 14 | train_loss=1.4713 train_acc=0.4576 test_loss=1.4529 test_acc=0.4709
Round 15 | selected=[94, 59, 89, 13, 76, 48, 39, 55, 44, 60]
Round 15 | train_loss=1.4351 train_acc=0.4718 test_loss=1.4269 test_acc=0.4968
Round 16 | selected=[44, 33, 28, 69, 36, 32, 46, 3, 35, 5]
Round 16 | train_loss=1.3780 train_acc=0.5024 test_loss=1.4556 test_acc=0.4849
Round 17 | selected=[56, 86, 33, 90, 8, 44, 94, 74, 83, 93]
Round 17 | train_loss=1.4079 train_acc=0.4840 test_loss=1.3455 test_acc=0.5136
Round 18 | selected=[37, 96, 61, 80, 73, 86, 52, 2, 81, 38]
Round 18 | train_loss=1.3839 train_acc=0.4936 test_loss=1.3555 test_acc=0.5115
Round 19 | selected=[66, 82, 91, 49, 25, 42, 15, 74, 75, 13]
Round 19 | train_loss=1.3578 train_acc=0.4966 test_loss=1.3126 test_acc=0.5229
Round 20 | selected=[99, 42, 96, 30, 8, 88, 93, 46, 90, 82]
Round 20 | train_loss=1.3263 train_acc=0.5056 test_loss=1.2977 test_acc=0.5266
Round 21 | selected=[91, 8, 48, 72, 47, 73, 24, 60, 98, 50]
Round 21 | train_loss=1.2818 train_acc=0.5256 test_loss=1.3280 test_acc=0.5242
Round 22 | selected=[77, 27, 23, 18, 4, 45, 66, 71, 72, 51]
Round 22 | train_loss=1.3179 train_acc=0.5212 test_loss=1.3672 test_acc=0.5158
Round 23 | selected=[5, 69, 78, 15, 35, 44, 28, 19, 61, 59]
Round 23 | train_loss=1.2542 train_acc=0.5486 test_loss=1.2841 test_acc=0.5451
Round 24 | selected=[85, 67, 48, 41, 94, 11, 53, 22, 20, 52]
Round 24 | train_loss=1.2826 train_acc=0.5350 test_loss=1.2268 test_acc=0.5689
Round 25 | selected=[46, 96, 40, 57, 45, 30, 99, 94, 9, 5]
Round 25 | train_loss=1.2298 train_acc=0.5542 test_loss=1.1595 test_acc=0.5873
Round 26 | selected=[60, 99, 84, 0, 28, 13, 19, 55, 9, 96]
Round 26 | train_loss=1.2047 train_acc=0.5622 test_loss=1.1612 test_acc=0.5808
Round 27 | selected=[85, 18, 27, 88, 21, 73, 6, 62, 2, 82]
Round 27 | train_loss=1.1982 train_acc=0.5672 test_loss=1.1338 test_acc=0.5896
Round 28 | selected=[59, 40, 9, 65, 22, 53, 44, 72, 79, 45]
Round 28 | train_loss=1.1814 train_acc=0.5762 test_loss=1.1199 test_acc=0.5910
Round 29 | selected=[15, 11, 81, 91, 12, 35, 43, 26, 44, 94]
Round 29 | train_loss=1.1404 train_acc=0.5856 test_loss=1.1552 test_acc=0.5825
Round 30 | selected=[61, 1, 5, 70, 21, 6, 92, 75, 45, 40]
Round 30 | train_loss=1.1400 train_acc=0.5968 test_loss=1.0876 test_acc=0.6058
Round 31 | selected=[3, 14, 15, 90, 86, 96, 47, 45, 63, 10]
Round 31 | train_loss=1.1103 train_acc=0.6014 test_loss=1.0710 test_acc=0.6120
Round 32 | selected=[33, 35, 79, 59, 54, 96, 60, 67, 61, 39]
Round 32 | train_loss=1.1092 train_acc=0.6038 test_loss=1.0625 test_acc=0.6207
Round 33 | selected=[72, 49, 39, 77, 98, 10, 59, 17, 29, 9]
Round 33 | train_loss=1.0675 train_acc=0.6230 test_loss=1.0722 test_acc=0.6193
Round 34 | selected=[15, 59, 57, 88, 60, 13, 70, 47, 76, 26]
Round 34 | train_loss=1.0506 train_acc=0.6214 test_loss=1.1337 test_acc=0.6055
Round 35 | selected=[76, 4, 23, 69, 56, 13, 43, 54, 99, 88]
Round 35 | train_loss=1.0775 train_acc=0.6166 test_loss=1.0812 test_acc=0.6229
Round 36 | selected=[3, 50, 71, 29, 88, 11, 13, 2, 7, 47]
Round 36 | train_loss=1.0260 train_acc=0.6370 test_loss=0.9987 test_acc=0.6429
Round 37 | selected=[47, 27, 28, 8, 2, 88, 30, 16, 45, 60]
Round 37 | train_loss=1.0021 train_acc=0.6426 test_loss=1.0730 test_acc=0.6250
Round 38 | selected=[50, 29, 85, 86, 64, 10, 7, 16, 49, 48]
Round 38 | train_loss=1.0316 train_acc=0.6284 test_loss=1.0986 test_acc=0.6191
Round 39 | selected=[3, 88, 98, 97, 23, 40, 74, 61, 79, 59]
Round 39 | train_loss=1.0074 train_acc=0.6496 test_loss=1.0052 test_acc=0.6458
Round 40 | selected=[29, 47, 55, 25, 13, 65, 91, 10, 8, 89]
Round 40 | train_loss=0.9891 train_acc=0.6468 test_loss=0.9720 test_acc=0.6535
Round 41 | selected=[51, 18, 44, 36, 79, 62, 64, 43, 11, 96]
Round 41 | train_loss=0.9980 train_acc=0.6558 test_loss=0.9929 test_acc=0.6531
Round 42 | selected=[41, 24, 80, 14, 5, 27, 42, 90, 73, 47]
Round 42 | train_loss=0.9997 train_acc=0.6410 test_loss=0.9413 test_acc=0.6696
Round 43 | selected=[23, 81, 54, 52, 62, 9, 6, 38, 79, 2]
Round 43 | train_loss=0.9904 train_acc=0.6534 test_loss=1.0087 test_acc=0.6514
Round 44 | selected=[47, 85, 84, 78, 86, 3, 36, 7, 5, 81]
Round 44 | train_loss=0.9476 train_acc=0.6648 test_loss=0.9494 test_acc=0.6700
Round 45 | selected=[11, 75, 46, 15, 87, 21, 51, 99, 61, 90]
Round 45 | train_loss=0.9533 train_acc=0.6608 test_loss=0.9827 test_acc=0.6643
Round 46 | selected=[69, 76, 10, 45, 22, 62, 23, 65, 12, 3]
Round 46 | train_loss=0.9300 train_acc=0.6704 test_loss=0.9519 test_acc=0.6655
Round 47 | selected=[67, 90, 35, 54, 81, 44, 49, 39, 59, 23]
Round 47 | train_loss=0.9345 train_acc=0.6684 test_loss=0.9336 test_acc=0.6716
Round 48 | selected=[21, 14, 50, 90, 26, 19, 13, 68, 34, 48]
Round 48 | train_loss=0.9373 train_acc=0.6644 test_loss=0.9075 test_acc=0.6830
Round 49 | selected=[54, 25, 65, 52, 28, 81, 63, 5, 74, 91]
Round 49 | train_loss=0.9080 train_acc=0.6856 test_loss=0.9057 test_acc=0.6881
Round 50 | selected=[71, 16, 75, 59, 89, 46, 84, 44, 60, 37]
Round 50 | train_loss=0.8923 train_acc=0.6772 test_loss=0.9172 test_acc=0.6845
Round 51 | selected=[68, 88, 39, 89, 20, 76, 95, 70, 81, 26]
Round 51 | train_loss=0.8703 train_acc=0.6912 test_loss=0.8717 test_acc=0.6928
Round 52 | selected=[2, 9, 53, 58, 82, 81, 77, 74, 40, 95]
Round 52 | train_loss=0.8667 train_acc=0.6938 test_loss=0.8541 test_acc=0.6965
Round 53 | selected=[91, 64, 55, 94, 70, 61, 93, 71, 56, 63]
Round 53 | train_loss=0.8862 train_acc=0.6880 test_loss=0.8234 test_acc=0.7093
Round 54 | selected=[59, 24, 95, 36, 63, 16, 76, 94, 42, 51]
Round 54 | train_loss=0.8693 train_acc=0.6922 test_loss=0.8115 test_acc=0.7141
Round 55 | selected=[2, 85, 78, 67, 42, 69, 86, 31, 90, 57]
Round 55 | train_loss=0.8553 train_acc=0.6968 test_loss=0.8385 test_acc=0.7044
Round 56 | selected=[86, 69, 52, 75, 71, 66, 57, 37, 12, 77]
Round 56 | train_loss=0.8636 train_acc=0.6984 test_loss=0.8532 test_acc=0.7028
Round 57 | selected=[60, 27, 8, 63, 19, 52, 90, 30, 29, 57]
Round 57 | train_loss=0.8098 train_acc=0.7132 test_loss=0.8371 test_acc=0.7068
Round 58 | selected=[44, 8, 64, 25, 74, 77, 42, 81, 43, 55]
Round 58 | train_loss=0.7950 train_acc=0.7190 test_loss=0.8557 test_acc=0.7021
Round 59 | selected=[44, 0, 23, 91, 9, 5, 37, 62, 12, 24]
Round 59 | train_loss=0.7946 train_acc=0.7184 test_loss=0.8232 test_acc=0.7082
Round 60 | selected=[27, 89, 95, 51, 21, 17, 94, 46, 24, 14]
Round 60 | train_loss=0.8205 train_acc=0.7034 test_loss=0.8207 test_acc=0.7142
Round 61 | selected=[3, 17, 86, 96, 49, 24, 78, 79, 92, 14]
Round 61 | train_loss=0.7739 train_acc=0.7276 test_loss=0.8870 test_acc=0.6977
Round 62 | selected=[43, 95, 8, 94, 90, 22, 28, 12, 1, 11]
Round 62 | train_loss=0.7738 train_acc=0.7290 test_loss=0.9331 test_acc=0.6872
Round 63 | selected=[87, 26, 19, 31, 37, 54, 55, 93, 67, 65]
Round 63 | train_loss=0.7915 train_acc=0.7334 test_loss=0.9314 test_acc=0.6936
Round 64 | selected=[37, 76, 80, 61, 9, 65, 84, 69, 95, 72]
Round 64 | train_loss=0.7637 train_acc=0.7258 test_loss=0.8541 test_acc=0.7162
Round 65 | selected=[32, 78, 54, 85, 58, 86, 57, 60, 76, 56]
Round 65 | train_loss=0.7518 train_acc=0.7302 test_loss=0.8583 test_acc=0.7154
Round 66 | selected=[45, 26, 67, 90, 8, 3, 37, 15, 29, 18]
Round 66 | train_loss=0.7442 train_acc=0.7416 test_loss=0.8170 test_acc=0.7220
Round 67 | selected=[18, 35, 94, 9, 30, 39, 48, 97, 19, 96]
Round 67 | train_loss=0.7820 train_acc=0.7226 test_loss=0.7681 test_acc=0.7327
Round 68 | selected=[86, 41, 45, 81, 62, 43, 3, 9, 91, 63]
Round 68 | train_loss=0.7152 train_acc=0.7530 test_loss=0.7621 test_acc=0.7333
Round 69 | selected=[47, 88, 22, 84, 75, 80, 46, 37, 34, 2]
Round 69 | train_loss=0.7461 train_acc=0.7358 test_loss=0.7784 test_acc=0.7316
Round 70 | selected=[81, 48, 10, 38, 56, 21, 69, 85, 53, 5]
Round 70 | train_loss=0.7583 train_acc=0.7288 test_loss=0.8046 test_acc=0.7257
Round 71 | selected=[63, 19, 5, 92, 36, 43, 94, 99, 45, 18]
Round 71 | train_loss=0.6970 train_acc=0.7502 test_loss=0.7293 test_acc=0.7418
Round 72 | selected=[51, 3, 83, 10, 39, 15, 87, 6, 12, 62]
Round 72 | train_loss=0.7196 train_acc=0.7452 test_loss=0.7367 test_acc=0.7428
Round 73 | selected=[3, 70, 15, 1, 83, 5, 94, 77, 24, 75]
Round 73 | train_loss=0.6701 train_acc=0.7704 test_loss=0.7474 test_acc=0.7404
Round 74 | selected=[71, 75, 73, 62, 48, 56, 80, 29, 51, 37]
Round 74 | train_loss=0.6953 train_acc=0.7536 test_loss=0.7229 test_acc=0.7465
Round 75 | selected=[99, 7, 11, 35, 74, 59, 23, 19, 68, 13]
Round 75 | train_loss=0.7133 train_acc=0.7464 test_loss=0.7390 test_acc=0.7452
Round 76 | selected=[85, 57, 37, 71, 18, 9, 47, 58, 66, 2]
Round 76 | train_loss=0.6917 train_acc=0.7570 test_loss=0.7234 test_acc=0.7549
Round 77 | selected=[68, 92, 73, 45, 46, 72, 34, 25, 4, 0]
Round 77 | train_loss=0.7045 train_acc=0.7572 test_loss=0.7373 test_acc=0.7509
Round 78 | selected=[50, 61, 77, 51, 7, 26, 34, 58, 62, 33]
Round 78 | train_loss=0.6591 train_acc=0.7668 test_loss=0.8401 test_acc=0.7251
Round 79 | selected=[40, 68, 80, 67, 84, 74, 25, 93, 19, 14]
Round 79 | train_loss=0.6543 train_acc=0.7670 test_loss=0.7978 test_acc=0.7354
Round 80 | selected=[88, 51, 95, 64, 11, 83, 44, 99, 78, 89]
Round 80 | train_loss=0.6374 train_acc=0.7736 test_loss=0.7571 test_acc=0.7450
Round 81 | selected=[98, 73, 9, 96, 21, 33, 44, 89, 50, 61]
Round 81 | train_loss=0.6513 train_acc=0.7738 test_loss=0.7749 test_acc=0.7392
Round 82 | selected=[58, 51, 48, 54, 80, 38, 20, 83, 6, 14]
Round 82 | train_loss=0.6832 train_acc=0.7652 test_loss=0.7047 test_acc=0.7618
Round 83 | selected=[99, 66, 71, 70, 40, 12, 33, 50, 67, 1]
Round 83 | train_loss=0.6111 train_acc=0.7896 test_loss=0.6589 test_acc=0.7733
Round 84 | selected=[25, 75, 86, 41, 95, 65, 31, 66, 60, 15]
Round 84 | train_loss=0.6393 train_acc=0.7678 test_loss=0.6688 test_acc=0.7714
Round 85 | selected=[26, 73, 10, 18, 86, 79, 39, 97, 0, 76]
Round 85 | train_loss=0.6295 train_acc=0.7848 test_loss=0.6808 test_acc=0.7626
Round 86 | selected=[40, 7, 15, 29, 13, 89, 85, 46, 10, 84]
Round 86 | train_loss=0.5893 train_acc=0.7878 test_loss=0.6615 test_acc=0.7730
Round 87 | selected=[0, 43, 52, 5, 42, 14, 88, 63, 77, 74]
Round 87 | train_loss=0.6190 train_acc=0.7836 test_loss=0.6794 test_acc=0.7689
Round 88 | selected=[45, 9, 95, 94, 75, 33, 12, 25, 36, 24]
Round 88 | train_loss=0.6080 train_acc=0.7896 test_loss=0.7299 test_acc=0.7605
Round 89 | selected=[21, 56, 47, 38, 83, 81, 19, 95, 64, 70]
Round 89 | train_loss=0.6288 train_acc=0.7808 test_loss=0.7606 test_acc=0.7486
Round 90 | selected=[39, 29, 23, 41, 7, 84, 42, 34, 67, 22]
Round 90 | train_loss=0.6196 train_acc=0.7832 test_loss=0.6790 test_acc=0.7667
Round 91 | selected=[56, 60, 6, 0, 17, 95, 23, 48, 29, 87]
Round 91 | train_loss=0.6075 train_acc=0.7892 test_loss=0.6578 test_acc=0.7756
Round 92 | selected=[56, 66, 36, 89, 41, 74, 61, 9, 34, 8]
Round 92 | train_loss=0.5870 train_acc=0.7966 test_loss=0.7291 test_acc=0.7577
Round 93 | selected=[60, 88, 58, 61, 14, 5, 66, 49, 83, 1]
Round 93 | train_loss=0.5719 train_acc=0.7984 test_loss=0.6906 test_acc=0.7725
Round 94 | selected=[59, 44, 52, 11, 32, 4, 81, 91, 6, 3]
Round 94 | train_loss=0.6275 train_acc=0.7806 test_loss=0.6576 test_acc=0.7781
Round 95 | selected=[19, 48, 34, 50, 8, 70, 63, 88, 46, 51]
Round 95 | train_loss=0.5647 train_acc=0.8018 test_loss=0.7111 test_acc=0.7616
Round 96 | selected=[63, 29, 43, 11, 81, 61, 70, 94, 3, 55]
Round 96 | train_loss=0.5622 train_acc=0.8032 test_loss=0.6804 test_acc=0.7725
Round 97 | selected=[39, 40, 22, 32, 12, 34, 67, 3, 35, 50]
Round 97 | train_loss=0.5702 train_acc=0.8018 test_loss=0.7061 test_acc=0.7648
Round 98 | selected=[58, 74, 98, 93, 22, 21, 28, 43, 94, 26]
Round 98 | train_loss=0.5760 train_acc=0.7970 test_loss=0.7265 test_acc=0.7620
Round 99 | selected=[95, 9, 57, 78, 38, 54, 55, 43, 72, 40]
Round 99 | train_loss=0.5885 train_acc=0.7896 test_loss=0.7157 test_acc=0.7646
Round 100 | selected=[66, 84, 7, 3, 17, 72, 23, 11, 91, 57]
Round 100 | train_loss=0.5366 train_acc=0.8058 test_loss=0.6376 test_acc=0.7827
Round 101 | selected=[14, 28, 15, 86, 89, 81, 40, 19, 35, 1]
Round 101 | train_loss=0.5172 train_acc=0.8140 test_loss=0.6438 test_acc=0.7825
Round 102 | selected=[7, 3, 46, 8, 74, 65, 17, 70, 10, 88]
Round 102 | train_loss=0.5492 train_acc=0.8046 test_loss=0.6293 test_acc=0.7862
Round 103 | selected=[11, 33, 62, 32, 95, 9, 12, 77, 35, 28]
Round 103 | train_loss=0.5495 train_acc=0.8088 test_loss=0.6055 test_acc=0.7961
Round 104 | selected=[43, 37, 72, 22, 0, 98, 79, 78, 51, 20]
Round 104 | train_loss=0.5595 train_acc=0.8100 test_loss=0.5956 test_acc=0.7987
Round 105 | selected=[22, 88, 68, 39, 90, 46, 44, 45, 78, 29]
Round 105 | train_loss=0.5451 train_acc=0.8094 test_loss=0.6080 test_acc=0.7959
Round 106 | selected=[38, 39, 34, 99, 78, 42, 37, 2, 10, 45]
Round 106 | train_loss=0.5396 train_acc=0.8146 test_loss=0.6531 test_acc=0.7789
Round 107 | selected=[28, 54, 61, 86, 3, 48, 97, 82, 35, 24]
Round 107 | train_loss=0.5394 train_acc=0.8136 test_loss=0.5860 test_acc=0.8055
Round 108 | selected=[84, 8, 19, 14, 93, 73, 79, 27, 70, 22]
Round 108 | train_loss=0.5471 train_acc=0.8136 test_loss=0.5883 test_acc=0.8055
Round 109 | selected=[53, 66, 15, 37, 76, 57, 80, 40, 13, 83]
Round 109 | train_loss=0.5207 train_acc=0.8142 test_loss=0.6125 test_acc=0.7962
Round 110 | selected=[50, 44, 37, 11, 64, 48, 12, 69, 31, 75]
Round 110 | train_loss=0.5243 train_acc=0.8158 test_loss=0.5843 test_acc=0.7989
Round 111 | selected=[8, 16, 20, 51, 12, 99, 75, 71, 94, 11]
Round 111 | train_loss=0.5227 train_acc=0.8176 test_loss=0.5756 test_acc=0.8026
Round 112 | selected=[38, 98, 73, 46, 9, 93, 90, 97, 8, 25]
Round 112 | train_loss=0.5370 train_acc=0.8106 test_loss=0.5994 test_acc=0.7939
Round 113 | selected=[38, 99, 89, 63, 90, 9, 69, 67, 40, 56]
Round 113 | train_loss=0.4837 train_acc=0.8276 test_loss=0.6093 test_acc=0.7985
Round 114 | selected=[36, 91, 82, 59, 87, 61, 75, 85, 3, 83]
Round 114 | train_loss=0.5387 train_acc=0.8092 test_loss=0.6163 test_acc=0.7979
Round 115 | selected=[52, 71, 12, 3, 5, 27, 90, 87, 15, 55]
Round 115 | train_loss=0.5011 train_acc=0.8266 test_loss=0.6556 test_acc=0.7878
Round 116 | selected=[83, 74, 2, 68, 5, 40, 73, 69, 92, 78]
Round 116 | train_loss=0.4970 train_acc=0.8260 test_loss=0.5907 test_acc=0.8013
Round 117 | selected=[29, 36, 35, 63, 92, 71, 51, 84, 7, 25]
Round 117 | train_loss=0.4831 train_acc=0.8336 test_loss=0.6049 test_acc=0.7962
Round 118 | selected=[2, 95, 88, 35, 43, 7, 38, 79, 48, 74]
Round 118 | train_loss=0.4804 train_acc=0.8282 test_loss=0.6101 test_acc=0.7959
Round 119 | selected=[67, 37, 65, 53, 79, 34, 94, 15, 13, 62]
Round 119 | train_loss=0.5070 train_acc=0.8236 test_loss=0.6080 test_acc=0.7981
Round 120 | selected=[1, 35, 6, 65, 51, 7, 31, 94, 77, 71]
Round 120 | train_loss=0.4998 train_acc=0.8282 test_loss=0.6787 test_acc=0.7743
Round 121 | selected=[90, 76, 30, 20, 69, 92, 67, 72, 58, 35]
Round 121 | train_loss=0.4912 train_acc=0.8248 test_loss=0.6540 test_acc=0.7809
Round 122 | selected=[49, 66, 29, 55, 18, 54, 57, 77, 14, 27]
Round 122 | train_loss=0.5321 train_acc=0.8124 test_loss=0.5807 test_acc=0.8050
Round 123 | selected=[9, 36, 44, 73, 23, 64, 58, 4, 95, 87]
Round 123 | train_loss=0.5087 train_acc=0.8248 test_loss=0.5796 test_acc=0.8063
Round 124 | selected=[13, 0, 76, 96, 59, 36, 72, 68, 4, 20]
Round 124 | train_loss=0.5056 train_acc=0.8236 test_loss=0.5688 test_acc=0.8085
Round 125 | selected=[48, 37, 94, 90, 25, 92, 95, 79, 59, 46]
Round 125 | train_loss=0.4521 train_acc=0.8416 test_loss=0.6124 test_acc=0.7954
Round 126 | selected=[77, 88, 94, 4, 9, 24, 80, 32, 75, 39]
Round 126 | train_loss=0.4863 train_acc=0.8272 test_loss=0.5912 test_acc=0.8026
Round 127 | selected=[76, 91, 89, 54, 79, 92, 15, 94, 68, 85]
Round 127 | train_loss=0.4597 train_acc=0.8412 test_loss=0.5901 test_acc=0.8073
Round 128 | selected=[62, 49, 80, 96, 68, 12, 95, 71, 2, 47]
Round 128 | train_loss=0.4661 train_acc=0.8340 test_loss=0.6005 test_acc=0.8056
Round 129 | selected=[69, 99, 82, 43, 34, 3, 73, 4, 77, 96]
Round 129 | train_loss=0.4520 train_acc=0.8392 test_loss=0.6245 test_acc=0.7995
Round 130 | selected=[1, 38, 37, 7, 78, 21, 42, 54, 18, 99]
Round 130 | train_loss=0.4939 train_acc=0.8314 test_loss=0.5848 test_acc=0.8123
Round 131 | selected=[11, 71, 57, 27, 98, 19, 89, 30, 44, 50]
Round 131 | train_loss=0.4536 train_acc=0.8402 test_loss=0.5654 test_acc=0.8110
Round 132 | selected=[25, 57, 74, 87, 17, 99, 61, 68, 0, 12]
Round 132 | train_loss=0.4379 train_acc=0.8480 test_loss=0.5721 test_acc=0.8112
Round 133 | selected=[18, 39, 13, 63, 29, 41, 45, 17, 20, 3]
Round 133 | train_loss=0.4784 train_acc=0.8376 test_loss=0.5559 test_acc=0.8136
Round 134 | selected=[93, 62, 95, 33, 77, 1, 67, 73, 35, 43]
Round 134 | train_loss=0.4347 train_acc=0.8524 test_loss=0.5244 test_acc=0.8202
Round 135 | selected=[57, 38, 58, 16, 23, 7, 70, 76, 5, 4]
Round 135 | train_loss=0.4516 train_acc=0.8426 test_loss=0.5135 test_acc=0.8282
Round 136 | selected=[20, 8, 56, 19, 18, 47, 61, 66, 84, 62]
Round 136 | train_loss=0.4505 train_acc=0.8416 test_loss=0.5171 test_acc=0.8290
Round 137 | selected=[45, 3, 78, 20, 36, 51, 98, 89, 41, 29]
Round 137 | train_loss=0.4367 train_acc=0.8448 test_loss=0.5302 test_acc=0.8231
Round 138 | selected=[37, 71, 8, 7, 28, 96, 38, 22, 94, 60]
Round 138 | train_loss=0.4383 train_acc=0.8484 test_loss=0.5296 test_acc=0.8263
Round 139 | selected=[42, 47, 54, 72, 48, 60, 12, 79, 87, 86]
Round 139 | train_loss=0.4297 train_acc=0.8492 test_loss=0.5506 test_acc=0.8180
Round 140 | selected=[75, 11, 90, 15, 6, 58, 63, 8, 25, 84]
Round 140 | train_loss=0.4240 train_acc=0.8494 test_loss=0.5668 test_acc=0.8132
Round 141 | selected=[62, 37, 94, 51, 95, 0, 82, 29, 74, 83]
Round 141 | train_loss=0.4197 train_acc=0.8508 test_loss=0.5375 test_acc=0.8205
Round 142 | selected=[47, 95, 64, 30, 55, 32, 24, 71, 73, 90]
Round 142 | train_loss=0.4178 train_acc=0.8560 test_loss=0.5345 test_acc=0.8208
Round 143 | selected=[37, 12, 10, 30, 20, 38, 66, 34, 0, 50]
Round 143 | train_loss=0.4296 train_acc=0.8516 test_loss=0.5572 test_acc=0.8108
Round 144 | selected=[17, 26, 43, 32, 49, 95, 66, 2, 5, 83]
Round 144 | train_loss=0.4226 train_acc=0.8470 test_loss=0.5872 test_acc=0.8046
Round 145 | selected=[3, 94, 98, 88, 50, 54, 40, 38, 80, 49]
Round 145 | train_loss=0.3972 train_acc=0.8620 test_loss=0.5549 test_acc=0.8182
Round 146 | selected=[75, 36, 71, 76, 48, 3, 57, 14, 27, 74]
Round 146 | train_loss=0.4203 train_acc=0.8498 test_loss=0.5708 test_acc=0.8134
Round 147 | selected=[31, 9, 45, 81, 14, 95, 62, 5, 69, 34]
Round 147 | train_loss=0.4138 train_acc=0.8518 test_loss=0.5888 test_acc=0.8052
Round 148 | selected=[50, 74, 99, 1, 20, 70, 58, 59, 83, 80]
Round 148 | train_loss=0.3941 train_acc=0.8634 test_loss=0.5467 test_acc=0.8198
Round 149 | selected=[46, 79, 54, 41, 43, 83, 40, 50, 1, 18]
Round 149 | train_loss=0.4059 train_acc=0.8570 test_loss=0.5493 test_acc=0.8178
Round 150 | selected=[70, 53, 4, 36, 68, 28, 16, 47, 17, 38]
Round 150 | train_loss=0.4394 train_acc=0.8534 test_loss=0.6139 test_acc=0.8054
Round 151 | selected=[24, 79, 58, 50, 38, 45, 59, 9, 27, 7]
Round 151 | train_loss=0.3866 train_acc=0.8662 test_loss=0.5583 test_acc=0.8227
Round 152 | selected=[95, 74, 41, 81, 55, 22, 62, 25, 17, 34]
Round 152 | train_loss=0.4080 train_acc=0.8562 test_loss=0.5191 test_acc=0.8327
Round 153 | selected=[28, 98, 99, 27, 65, 71, 17, 95, 6, 46]
Round 153 | train_loss=0.4038 train_acc=0.8558 test_loss=0.5234 test_acc=0.8291
Round 154 | selected=[13, 56, 26, 83, 48, 65, 12, 14, 32, 41]
Round 154 | train_loss=0.4291 train_acc=0.8502 test_loss=0.5566 test_acc=0.8215
Round 155 | selected=[5, 74, 68, 19, 71, 80, 69, 11, 96, 90]
Round 155 | train_loss=0.3802 train_acc=0.8684 test_loss=0.5702 test_acc=0.8186
Round 156 | selected=[58, 94, 30, 45, 14, 50, 66, 84, 85, 57]
Round 156 | train_loss=0.3967 train_acc=0.8612 test_loss=0.5083 test_acc=0.8333
Round 157 | selected=[78, 23, 56, 99, 68, 17, 58, 76, 7, 74]
Round 157 | train_loss=0.3529 train_acc=0.8740 test_loss=0.5825 test_acc=0.8124
Round 158 | selected=[0, 12, 93, 19, 41, 28, 86, 31, 96, 54]
Round 158 | train_loss=0.4201 train_acc=0.8578 test_loss=0.5521 test_acc=0.8236
Round 159 | selected=[85, 14, 35, 56, 59, 94, 9, 43, 72, 89]
Round 159 | train_loss=0.3864 train_acc=0.8576 test_loss=0.5189 test_acc=0.8321
Round 160 | selected=[13, 59, 24, 85, 19, 32, 3, 79, 25, 68]
Round 160 | train_loss=0.3932 train_acc=0.8608 test_loss=0.5265 test_acc=0.8284
Round 161 | selected=[6, 97, 95, 9, 96, 5, 81, 65, 42, 43]
Round 161 | train_loss=0.4138 train_acc=0.8590 test_loss=0.5175 test_acc=0.8282
Round 162 | selected=[18, 6, 24, 95, 26, 58, 19, 46, 44, 41]
Round 162 | train_loss=0.3764 train_acc=0.8692 test_loss=0.5161 test_acc=0.8282
Round 163 | selected=[84, 5, 85, 80, 3, 21, 92, 75, 76, 98]
Round 163 | train_loss=0.3931 train_acc=0.8608 test_loss=0.4836 test_acc=0.8416
Round 164 | selected=[26, 17, 54, 89, 51, 44, 23, 73, 82, 24]
Round 164 | train_loss=0.3853 train_acc=0.8690 test_loss=0.4793 test_acc=0.8408
Round 165 | selected=[33, 12, 19, 10, 1, 27, 96, 17, 25, 97]
Round 165 | train_loss=0.3595 train_acc=0.8782 test_loss=0.5416 test_acc=0.8237
Round 166 | selected=[68, 62, 0, 59, 86, 63, 94, 33, 67, 10]
Round 166 | train_loss=0.3942 train_acc=0.8682 test_loss=0.5381 test_acc=0.8265
Round 167 | selected=[61, 64, 89, 30, 19, 44, 2, 97, 15, 37]
Round 167 | train_loss=0.3903 train_acc=0.8640 test_loss=0.5171 test_acc=0.8308
Round 168 | selected=[11, 52, 21, 99, 83, 30, 62, 61, 10, 74]
Round 168 | train_loss=0.3800 train_acc=0.8656 test_loss=0.5444 test_acc=0.8232
Round 169 | selected=[74, 1, 75, 34, 21, 9, 6, 85, 65, 13]
Round 169 | train_loss=0.3840 train_acc=0.8658 test_loss=0.6165 test_acc=0.8033
Round 170 | selected=[35, 86, 45, 12, 49, 13, 10, 43, 32, 88]
Round 170 | train_loss=0.3751 train_acc=0.8656 test_loss=0.5653 test_acc=0.8178
Round 171 | selected=[89, 42, 46, 19, 77, 59, 44, 17, 71, 6]
Round 171 | train_loss=0.3673 train_acc=0.8750 test_loss=0.4768 test_acc=0.8411
Round 172 | selected=[35, 65, 4, 72, 29, 46, 44, 56, 61, 87]
Round 172 | train_loss=0.3712 train_acc=0.8670 test_loss=0.5271 test_acc=0.8277
Round 173 | selected=[67, 56, 34, 48, 77, 44, 16, 1, 83, 19]
Round 173 | train_loss=0.3609 train_acc=0.8730 test_loss=0.5341 test_acc=0.8291
Round 174 | selected=[41, 30, 8, 94, 74, 96, 90, 79, 61, 15]
Round 174 | train_loss=0.3459 train_acc=0.8750 test_loss=0.5248 test_acc=0.8272
Round 175 | selected=[90, 45, 16, 55, 47, 69, 9, 80, 76, 62]
Round 175 | train_loss=0.3776 train_acc=0.8670 test_loss=0.5563 test_acc=0.8192
Round 176 | selected=[68, 7, 87, 9, 48, 37, 90, 12, 67, 32]
Round 176 | train_loss=0.3474 train_acc=0.8796 test_loss=0.5164 test_acc=0.8301
Round 177 | selected=[99, 89, 94, 88, 25, 84, 97, 2, 15, 74]
Round 177 | train_loss=0.3331 train_acc=0.8866 test_loss=0.4666 test_acc=0.8489
Round 178 | selected=[93, 26, 75, 83, 25, 50, 65, 1, 96, 22]
Round 178 | train_loss=0.3540 train_acc=0.8748 test_loss=0.4804 test_acc=0.8482
Round 179 | selected=[24, 18, 13, 21, 55, 11, 73, 30, 10, 16]
Round 179 | train_loss=0.3589 train_acc=0.8764 test_loss=0.5033 test_acc=0.8363
Round 180 | selected=[88, 6, 34, 3, 1, 58, 21, 42, 47, 81]
Round 180 | train_loss=0.3807 train_acc=0.8684 test_loss=0.4956 test_acc=0.8378
Round 181 | selected=[51, 56, 29, 6, 20, 64, 75, 30, 16, 94]
Round 181 | train_loss=0.3345 train_acc=0.8826 test_loss=0.4866 test_acc=0.8407
Round 182 | selected=[1, 25, 75, 80, 95, 72, 43, 11, 24, 99]
Round 182 | train_loss=0.3194 train_acc=0.8906 test_loss=0.4930 test_acc=0.8415
Round 183 | selected=[63, 11, 60, 61, 95, 8, 32, 94, 55, 24]
Round 183 | train_loss=0.3370 train_acc=0.8820 test_loss=0.4922 test_acc=0.8405
Round 184 | selected=[39, 8, 43, 50, 12, 22, 23, 52, 75, 25]
Round 184 | train_loss=0.3567 train_acc=0.8720 test_loss=0.4963 test_acc=0.8405
Round 185 | selected=[71, 46, 83, 90, 55, 24, 8, 30, 87, 63]
Round 185 | train_loss=0.3289 train_acc=0.8794 test_loss=0.5030 test_acc=0.8399
Round 186 | selected=[67, 66, 36, 50, 78, 90, 99, 44, 33, 37]
Round 186 | train_loss=0.3458 train_acc=0.8782 test_loss=0.4981 test_acc=0.8393
Round 187 | selected=[53, 45, 0, 89, 5, 68, 18, 92, 54, 74]
Round 187 | train_loss=0.3548 train_acc=0.8774 test_loss=0.5211 test_acc=0.8379
Round 188 | selected=[7, 80, 22, 17, 66, 79, 87, 63, 33, 64]
Round 188 | train_loss=0.3241 train_acc=0.8820 test_loss=0.4794 test_acc=0.8469
Round 189 | selected=[39, 59, 66, 51, 90, 86, 31, 81, 26, 6]
Round 189 | train_loss=0.3490 train_acc=0.8824 test_loss=0.4697 test_acc=0.8493
Round 190 | selected=[97, 30, 67, 35, 51, 96, 80, 81, 44, 71]
Round 190 | train_loss=0.3202 train_acc=0.8862 test_loss=0.5399 test_acc=0.8304
Round 191 | selected=[49, 54, 28, 75, 89, 61, 77, 43, 0, 53]
Round 191 | train_loss=0.3335 train_acc=0.8796 test_loss=0.6858 test_acc=0.7904
Round 192 | selected=[48, 60, 6, 66, 29, 63, 77, 55, 2, 82]
Round 192 | train_loss=0.3298 train_acc=0.8856 test_loss=0.6746 test_acc=0.7906
Round 193 | selected=[56, 48, 24, 58, 97, 75, 60, 31, 68, 63]
Round 193 | train_loss=0.3099 train_acc=0.8952 test_loss=0.5497 test_acc=0.8196
Round 194 | selected=[67, 61, 34, 64, 91, 3, 99, 80, 32, 26]
Round 194 | train_loss=0.3124 train_acc=0.8878 test_loss=0.5524 test_acc=0.8239
Round 195 | selected=[36, 3, 1, 7, 60, 11, 19, 23, 9, 57]
Round 195 | train_loss=0.3062 train_acc=0.8930 test_loss=0.5387 test_acc=0.8293
Round 196 | selected=[63, 0, 41, 36, 78, 85, 19, 49, 13, 55]
Round 196 | train_loss=0.3495 train_acc=0.8816 test_loss=0.4519 test_acc=0.8503
Round 197 | selected=[39, 25, 22, 27, 14, 99, 73, 93, 96, 88]
Round 197 | train_loss=0.3116 train_acc=0.8916 test_loss=0.4733 test_acc=0.8436
Round 198 | selected=[42, 89, 50, 4, 56, 86, 2, 19, 67, 10]
Round 198 | train_loss=0.3226 train_acc=0.8908 test_loss=0.5511 test_acc=0.8256
Round 199 | selected=[72, 81, 34, 35, 50, 49, 55, 67, 69, 28]
Round 199 | train_loss=0.3113 train_acc=0.8904 test_loss=0.5627 test_acc=0.8271
Round 200 | selected=[65, 93, 92, 19, 98, 27, 43, 59, 56, 62]
Round 200 | train_loss=0.3295 train_acc=0.8820 test_loss=0.5534 test_acc=0.8289
Round 201 | selected=[48, 14, 1, 11, 26, 68, 8, 52, 32, 66]
Round 201 | train_loss=0.2913 train_acc=0.8972 test_loss=0.6048 test_acc=0.8166
Round 202 | selected=[22, 4, 74, 1, 76, 12, 68, 81, 5, 98]
Round 202 | train_loss=0.3171 train_acc=0.8906 test_loss=0.5400 test_acc=0.8368
Round 203 | selected=[9, 18, 69, 47, 74, 0, 88, 71, 75, 34]
Round 203 | train_loss=0.2937 train_acc=0.8952 test_loss=0.5263 test_acc=0.8380
Round 204 | selected=[45, 67, 86, 7, 8, 65, 36, 9, 46, 11]
Round 204 | train_loss=0.3127 train_acc=0.8936 test_loss=0.5125 test_acc=0.8412
Round 205 | selected=[53, 57, 76, 29, 13, 84, 98, 10, 38, 18]
Round 205 | train_loss=0.3526 train_acc=0.8768 test_loss=0.4791 test_acc=0.8512
Round 206 | selected=[59, 89, 44, 39, 58, 94, 2, 26, 81, 87]
Round 206 | train_loss=0.2902 train_acc=0.9018 test_loss=0.4962 test_acc=0.8440
Round 207 | selected=[72, 57, 60, 22, 47, 69, 21, 61, 46, 35]
Round 207 | train_loss=0.3155 train_acc=0.8916 test_loss=0.5166 test_acc=0.8337
Round 208 | selected=[86, 88, 12, 90, 15, 13, 10, 5, 54, 29]
Round 208 | train_loss=0.2891 train_acc=0.9000 test_loss=0.4845 test_acc=0.8424
Round 209 | selected=[42, 19, 53, 43, 77, 70, 7, 94, 87, 15]
Round 209 | train_loss=0.2858 train_acc=0.9016 test_loss=0.4543 test_acc=0.8497
Round 210 | selected=[30, 7, 46, 85, 87, 40, 63, 12, 15, 16]
Round 210 | train_loss=0.3043 train_acc=0.8916 test_loss=0.4628 test_acc=0.8508
Round 211 | selected=[3, 5, 70, 7, 60, 24, 51, 4, 35, 21]
Round 211 | train_loss=0.3034 train_acc=0.8960 test_loss=0.4744 test_acc=0.8497
Round 212 | selected=[0, 36, 46, 44, 88, 11, 83, 15, 77, 50]
Round 212 | train_loss=0.2810 train_acc=0.9022 test_loss=0.4466 test_acc=0.8563
Round 213 | selected=[42, 58, 19, 39, 49, 53, 83, 23, 25, 7]
Round 213 | train_loss=0.3008 train_acc=0.8964 test_loss=0.4320 test_acc=0.8639
Round 214 | selected=[36, 55, 29, 12, 88, 44, 63, 57, 69, 50]
Round 214 | train_loss=0.2541 train_acc=0.9096 test_loss=0.4475 test_acc=0.8557
Round 215 | selected=[63, 89, 71, 37, 59, 88, 69, 93, 95, 72]
Round 215 | train_loss=0.2767 train_acc=0.9060 test_loss=0.5128 test_acc=0.8393
Round 216 | selected=[28, 18, 95, 50, 14, 17, 24, 92, 73, 49]
Round 216 | train_loss=0.3121 train_acc=0.8930 test_loss=0.5378 test_acc=0.8361
Round 217 | selected=[69, 46, 18, 26, 39, 6, 70, 22, 83, 11]
Round 217 | train_loss=0.2858 train_acc=0.9028 test_loss=0.4918 test_acc=0.8522
Round 218 | selected=[59, 16, 4, 83, 18, 63, 36, 11, 1, 85]
Round 218 | train_loss=0.2687 train_acc=0.9086 test_loss=0.4817 test_acc=0.8517
Round 219 | selected=[3, 63, 98, 99, 81, 93, 74, 25, 47, 28]
Round 219 | train_loss=0.2794 train_acc=0.9014 test_loss=0.5231 test_acc=0.8418
Round 220 | selected=[92, 14, 37, 19, 8, 36, 9, 65, 58, 10]
Round 220 | train_loss=0.2700 train_acc=0.9030 test_loss=0.4875 test_acc=0.8489
Round 221 | selected=[54, 60, 8, 71, 75, 43, 19, 81, 64, 58]
Round 221 | train_loss=0.2651 train_acc=0.9098 test_loss=0.4880 test_acc=0.8499
Round 222 | selected=[11, 84, 10, 39, 0, 36, 58, 92, 77, 66]
Round 222 | train_loss=0.2654 train_acc=0.9094 test_loss=0.5020 test_acc=0.8476
Round 223 | selected=[51, 75, 84, 87, 77, 31, 54, 38, 15, 29]
Round 223 | train_loss=0.3057 train_acc=0.8952 test_loss=0.4577 test_acc=0.8555
Round 224 | selected=[42, 54, 89, 3, 32, 49, 12, 61, 82, 68]
Round 224 | train_loss=0.2905 train_acc=0.8942 test_loss=0.4702 test_acc=0.8544
Round 225 | selected=[26, 79, 18, 19, 38, 89, 53, 86, 29, 51]
Round 225 | train_loss=0.2823 train_acc=0.8984 test_loss=0.5421 test_acc=0.8366
Round 226 | selected=[51, 18, 99, 33, 28, 72, 34, 27, 26, 75]
Round 226 | train_loss=0.2726 train_acc=0.9070 test_loss=0.4817 test_acc=0.8499
Round 227 | selected=[24, 37, 5, 23, 38, 6, 78, 80, 66, 0]
Round 227 | train_loss=0.3215 train_acc=0.8868 test_loss=0.5175 test_acc=0.8425
Round 228 | selected=[72, 37, 51, 6, 63, 90, 49, 22, 56, 92]
Round 228 | train_loss=0.2584 train_acc=0.9104 test_loss=0.5134 test_acc=0.8410
Round 229 | selected=[27, 34, 70, 12, 99, 76, 48, 98, 26, 42]
Round 229 | train_loss=0.2953 train_acc=0.8990 test_loss=0.4863 test_acc=0.8498
Round 230 | selected=[22, 92, 19, 6, 28, 78, 98, 43, 83, 74]
Round 230 | train_loss=0.2627 train_acc=0.9064 test_loss=0.4777 test_acc=0.8513
Round 231 | selected=[71, 16, 18, 51, 63, 39, 86, 15, 25, 45]
Round 231 | train_loss=0.2515 train_acc=0.9132 test_loss=0.4820 test_acc=0.8504
Round 232 | selected=[56, 66, 7, 43, 6, 84, 24, 60, 0, 15]
Round 232 | train_loss=0.2458 train_acc=0.9158 test_loss=0.4543 test_acc=0.8582
Round 233 | selected=[51, 58, 46, 86, 28, 47, 32, 92, 64, 56]
Round 233 | train_loss=0.2482 train_acc=0.9124 test_loss=0.4510 test_acc=0.8583
Round 234 | selected=[34, 87, 21, 85, 8, 32, 43, 73, 55, 74]
Round 234 | train_loss=0.2724 train_acc=0.9004 test_loss=0.4691 test_acc=0.8547
Round 235 | selected=[63, 38, 29, 96, 51, 94, 16, 25, 30, 36]
Round 235 | train_loss=0.2592 train_acc=0.9110 test_loss=0.4752 test_acc=0.8526
Round 236 | selected=[29, 97, 82, 88, 15, 98, 0, 95, 67, 41]
Round 236 | train_loss=0.2774 train_acc=0.9072 test_loss=0.4479 test_acc=0.8581
Round 237 | selected=[2, 43, 91, 7, 80, 51, 82, 78, 92, 76]
Round 237 | train_loss=0.2678 train_acc=0.9078 test_loss=0.4459 test_acc=0.8580
Round 238 | selected=[31, 43, 0, 6, 21, 47, 57, 88, 83, 25]
Round 238 | train_loss=0.2382 train_acc=0.9212 test_loss=0.4683 test_acc=0.8506
Round 239 | selected=[82, 33, 25, 68, 10, 87, 62, 56, 81, 23]
Round 239 | train_loss=0.2601 train_acc=0.9124 test_loss=0.4823 test_acc=0.8515
Round 240 | selected=[51, 69, 73, 10, 67, 24, 50, 41, 43, 58]
Round 240 | train_loss=0.2500 train_acc=0.9118 test_loss=0.4734 test_acc=0.8550
Round 241 | selected=[4, 49, 89, 19, 29, 9, 45, 22, 0, 18]
Round 241 | train_loss=0.2463 train_acc=0.9082 test_loss=0.4546 test_acc=0.8588
Round 242 | selected=[88, 17, 67, 51, 56, 49, 59, 14, 10, 45]
Round 242 | train_loss=0.2453 train_acc=0.9166 test_loss=0.4500 test_acc=0.8622
Round 243 | selected=[75, 16, 36, 70, 17, 5, 53, 14, 47, 66]
Round 243 | train_loss=0.2645 train_acc=0.9088 test_loss=0.4440 test_acc=0.8630
Round 244 | selected=[8, 40, 45, 53, 32, 55, 25, 12, 87, 91]
Round 244 | train_loss=0.2554 train_acc=0.9068 test_loss=0.4224 test_acc=0.8658
Round 245 | selected=[56, 87, 80, 82, 68, 75, 2, 53, 64, 6]
Round 245 | train_loss=0.2571 train_acc=0.9132 test_loss=0.4181 test_acc=0.8692
Round 246 | selected=[55, 95, 57, 32, 33, 35, 96, 0, 5, 50]
Round 246 | train_loss=0.2400 train_acc=0.9168 test_loss=0.4159 test_acc=0.8689
Round 247 | selected=[89, 42, 97, 18, 61, 10, 12, 80, 77, 4]
Round 247 | train_loss=0.2664 train_acc=0.9062 test_loss=0.4267 test_acc=0.8667
Round 248 | selected=[31, 76, 62, 86, 32, 20, 71, 72, 5, 21]
Round 248 | train_loss=0.2713 train_acc=0.9072 test_loss=0.4389 test_acc=0.8624
Round 249 | selected=[27, 75, 3, 19, 92, 94, 41, 7, 24, 32]
Round 249 | train_loss=0.2385 train_acc=0.9214 test_loss=0.4368 test_acc=0.8617
Round 250 | selected=[87, 36, 46, 53, 56, 34, 17, 33, 25, 49]
Round 250 | train_loss=0.2297 train_acc=0.9192 test_loss=0.4850 test_acc=0.8503
Round 251 | selected=[5, 53, 59, 49, 78, 71, 4, 70, 66, 76]
Round 251 | train_loss=0.2473 train_acc=0.9152 test_loss=0.4712 test_acc=0.8575
Round 252 | selected=[77, 33, 1, 71, 67, 70, 22, 75, 27, 48]
Round 252 | train_loss=0.2528 train_acc=0.9092 test_loss=0.5056 test_acc=0.8489
Round 253 | selected=[32, 63, 85, 55, 47, 93, 15, 46, 2, 13]
Round 253 | train_loss=0.2447 train_acc=0.9160 test_loss=0.4835 test_acc=0.8541
Round 254 | selected=[35, 38, 68, 58, 91, 59, 82, 69, 75, 81]
Round 254 | train_loss=0.2537 train_acc=0.9112 test_loss=0.4290 test_acc=0.8646
Round 255 | selected=[37, 30, 71, 7, 40, 60, 64, 74, 72, 79]
Round 255 | train_loss=0.2459 train_acc=0.9156 test_loss=0.4312 test_acc=0.8683
Round 256 | selected=[91, 66, 73, 33, 84, 22, 99, 32, 75, 1]
Round 256 | train_loss=0.2247 train_acc=0.9244 test_loss=0.4920 test_acc=0.8535
Round 257 | selected=[23, 36, 53, 18, 33, 70, 9, 80, 96, 20]
Round 257 | train_loss=0.2476 train_acc=0.9140 test_loss=0.5170 test_acc=0.8522
Round 258 | selected=[33, 47, 48, 59, 76, 8, 17, 45, 81, 23]
Round 258 | train_loss=0.2500 train_acc=0.9104 test_loss=0.4683 test_acc=0.8628
Round 259 | selected=[95, 97, 84, 45, 26, 53, 65, 92, 5, 60]
Round 259 | train_loss=0.2521 train_acc=0.9068 test_loss=0.4658 test_acc=0.8578
Round 260 | selected=[46, 69, 36, 77, 30, 71, 72, 81, 43, 27]
Round 260 | train_loss=0.2229 train_acc=0.9238 test_loss=0.4919 test_acc=0.8479
Round 261 | selected=[0, 18, 32, 17, 80, 3, 23, 58, 73, 19]
Round 261 | train_loss=0.2256 train_acc=0.9264 test_loss=0.4761 test_acc=0.8536
Round 262 | selected=[80, 30, 37, 28, 68, 96, 18, 57, 97, 27]
Round 262 | train_loss=0.2460 train_acc=0.9110 test_loss=0.4899 test_acc=0.8484
Round 263 | selected=[3, 46, 10, 17, 24, 66, 75, 36, 62, 14]
Round 263 | train_loss=0.2277 train_acc=0.9224 test_loss=0.4759 test_acc=0.8523
Round 264 | selected=[11, 56, 23, 12, 73, 55, 41, 75, 92, 64]
Round 264 | train_loss=0.2253 train_acc=0.9212 test_loss=0.5006 test_acc=0.8489
Round 265 | selected=[19, 93, 29, 59, 50, 24, 96, 75, 16, 23]
Round 265 | train_loss=0.2273 train_acc=0.9230 test_loss=0.4526 test_acc=0.8601
Round 266 | selected=[66, 62, 0, 92, 56, 22, 67, 91, 88, 34]
Round 266 | train_loss=0.2364 train_acc=0.9182 test_loss=0.4499 test_acc=0.8613
Round 267 | selected=[40, 31, 96, 76, 72, 0, 54, 69, 52, 29]
Round 267 | train_loss=0.2462 train_acc=0.9142 test_loss=0.4927 test_acc=0.8517
Round 268 | selected=[25, 58, 64, 4, 97, 83, 17, 78, 50, 77]
Round 268 | train_loss=0.2408 train_acc=0.9162 test_loss=0.4291 test_acc=0.8665
Round 269 | selected=[20, 30, 81, 11, 76, 77, 49, 88, 75, 23]
Round 269 | train_loss=0.2152 train_acc=0.9260 test_loss=0.5124 test_acc=0.8468
Round 270 | selected=[81, 92, 39, 1, 62, 28, 19, 91, 80, 69]
Round 270 | train_loss=0.2158 train_acc=0.9238 test_loss=0.5092 test_acc=0.8501
Round 271 | selected=[61, 17, 39, 59, 67, 57, 81, 66, 29, 28]
Round 271 | train_loss=0.2169 train_acc=0.9240 test_loss=0.4315 test_acc=0.8679
Round 272 | selected=[63, 42, 80, 78, 36, 83, 17, 84, 43, 93]
Round 272 | train_loss=0.2334 train_acc=0.9158 test_loss=0.4595 test_acc=0.8622
Round 273 | selected=[16, 69, 98, 24, 35, 13, 56, 10, 55, 65]
Round 273 | train_loss=0.2489 train_acc=0.9164 test_loss=0.4478 test_acc=0.8658
Round 274 | selected=[35, 86, 50, 82, 5, 47, 63, 91, 11, 19]
Round 274 | train_loss=0.2195 train_acc=0.9216 test_loss=0.4236 test_acc=0.8717
Round 275 | selected=[2, 12, 33, 17, 1, 62, 47, 6, 58, 91]
Round 275 | train_loss=0.2240 train_acc=0.9224 test_loss=0.4253 test_acc=0.8693
Round 276 | selected=[86, 31, 87, 77, 78, 83, 14, 91, 62, 38]
Round 276 | train_loss=0.2354 train_acc=0.9164 test_loss=0.4797 test_acc=0.8552
Round 277 | selected=[6, 13, 27, 15, 78, 16, 89, 21, 69, 68]
Round 277 | train_loss=0.2362 train_acc=0.9186 test_loss=0.5171 test_acc=0.8448
Round 278 | selected=[30, 68, 21, 98, 81, 52, 61, 78, 95, 48]
Round 278 | train_loss=0.2419 train_acc=0.9130 test_loss=0.4492 test_acc=0.8573
Round 279 | selected=[67, 93, 74, 79, 3, 89, 17, 33, 85, 70]
Round 279 | train_loss=0.2340 train_acc=0.9168 test_loss=0.4609 test_acc=0.8552
Round 280 | selected=[82, 22, 0, 83, 76, 52, 53, 27, 69, 65]
Round 280 | train_loss=0.2191 train_acc=0.9236 test_loss=0.4949 test_acc=0.8464
Round 281 | selected=[42, 73, 78, 93, 48, 84, 26, 19, 17, 7]
Round 281 | train_loss=0.2304 train_acc=0.9160 test_loss=0.4684 test_acc=0.8547
Round 282 | selected=[16, 0, 87, 31, 62, 74, 50, 48, 10, 54]
Round 282 | train_loss=0.2199 train_acc=0.9218 test_loss=0.4424 test_acc=0.8632
Round 283 | selected=[31, 89, 64, 51, 1, 68, 61, 23, 91, 2]
Round 283 | train_loss=0.2125 train_acc=0.9256 test_loss=0.4471 test_acc=0.8668
Round 284 | selected=[29, 54, 23, 66, 36, 20, 24, 63, 47, 95]
Round 284 | train_loss=0.2156 train_acc=0.9252 test_loss=0.4771 test_acc=0.8587
Round 285 | selected=[19, 33, 55, 93, 21, 39, 59, 4, 84, 29]
Round 285 | train_loss=0.2091 train_acc=0.9298 test_loss=0.4482 test_acc=0.8666
Round 286 | selected=[27, 98, 60, 85, 11, 62, 44, 65, 22, 36]
Round 286 | train_loss=0.2227 train_acc=0.9214 test_loss=0.4301 test_acc=0.8695
Round 287 | selected=[1, 90, 38, 54, 53, 4, 42, 60, 6, 30]
Round 287 | train_loss=0.2269 train_acc=0.9170 test_loss=0.4321 test_acc=0.8681
Round 288 | selected=[97, 71, 60, 27, 90, 22, 58, 0, 3, 11]
Round 288 | train_loss=0.2118 train_acc=0.9282 test_loss=0.4597 test_acc=0.8610
Round 289 | selected=[1, 14, 13, 85, 0, 64, 95, 61, 19, 84]
Round 289 | train_loss=0.2108 train_acc=0.9244 test_loss=0.4496 test_acc=0.8656
Round 290 | selected=[84, 79, 54, 32, 2, 86, 67, 56, 19, 39]
Round 290 | train_loss=0.2006 train_acc=0.9298 test_loss=0.4271 test_acc=0.8698
Round 291 | selected=[72, 98, 30, 21, 75, 54, 77, 79, 32, 45]
Round 291 | train_loss=0.2066 train_acc=0.9278 test_loss=0.4107 test_acc=0.8753
Round 292 | selected=[9, 88, 5, 27, 42, 69, 70, 10, 31, 7]
Round 292 | train_loss=0.1982 train_acc=0.9308 test_loss=0.4250 test_acc=0.8686
Round 293 | selected=[61, 97, 34, 23, 62, 20, 42, 41, 72, 51]
Round 293 | train_loss=0.2140 train_acc=0.9280 test_loss=0.4349 test_acc=0.8660
Round 294 | selected=[25, 34, 3, 1, 19, 97, 84, 65, 90, 58]
Round 294 | train_loss=0.1942 train_acc=0.9354 test_loss=0.4534 test_acc=0.8625
Round 295 | selected=[97, 83, 12, 47, 82, 49, 58, 34, 37, 94]
Round 295 | train_loss=0.2180 train_acc=0.9244 test_loss=0.4941 test_acc=0.8558
Round 296 | selected=[79, 20, 3, 49, 4, 82, 75, 83, 57, 64]
Round 296 | train_loss=0.2092 train_acc=0.9274 test_loss=0.5027 test_acc=0.8561
Round 297 | selected=[26, 85, 13, 95, 36, 96, 12, 70, 91, 24]
Round 297 | train_loss=0.2094 train_acc=0.9266 test_loss=0.4779 test_acc=0.8588
Round 298 | selected=[25, 99, 43, 49, 78, 12, 51, 18, 75, 8]
Round 298 | train_loss=0.1996 train_acc=0.9280 test_loss=0.4336 test_acc=0.8678
Round 299 | selected=[97, 28, 49, 67, 30, 54, 16, 21, 33, 76]
Round 299 | train_loss=0.1952 train_acc=0.9292 test_loss=0.4757 test_acc=0.8564
Round 300 | selected=[13, 65, 5, 92, 95, 60, 26, 39, 78, 66]
Round 300 | train_loss=0.1992 train_acc=0.9258 test_loss=0.4629 test_acc=0.8610
Round 301 | selected=[9, 7, 93, 98, 56, 68, 45, 54, 61, 55]
Round 301 | train_loss=0.1929 train_acc=0.9320 test_loss=0.4554 test_acc=0.8642
Round 302 | selected=[70, 15, 24, 86, 52, 20, 89, 39, 26, 29]
Round 302 | train_loss=0.2033 train_acc=0.9282 test_loss=0.4554 test_acc=0.8657
Round 303 | selected=[88, 70, 93, 14, 40, 54, 38, 11, 83, 68]
Round 303 | train_loss=0.2072 train_acc=0.9266 test_loss=0.4516 test_acc=0.8664
Round 304 | selected=[32, 7, 18, 89, 71, 28, 47, 27, 8, 11]
Round 304 | train_loss=0.2149 train_acc=0.9246 test_loss=0.4666 test_acc=0.8636
Round 305 | selected=[45, 20, 3, 79, 63, 59, 56, 57, 16, 51]
Round 305 | train_loss=0.1997 train_acc=0.9316 test_loss=0.5411 test_acc=0.8487
Round 306 | selected=[64, 86, 36, 51, 71, 58, 67, 68, 83, 11]
Round 306 | train_loss=0.1774 train_acc=0.9390 test_loss=0.4608 test_acc=0.8617
Round 307 | selected=[15, 75, 99, 73, 85, 98, 49, 83, 93, 23]
Round 307 | train_loss=0.2013 train_acc=0.9284 test_loss=0.4186 test_acc=0.8723
Round 308 | selected=[69, 28, 30, 84, 15, 86, 87, 7, 36, 59]
Round 308 | train_loss=0.1742 train_acc=0.9370 test_loss=0.4653 test_acc=0.8621
Round 309 | selected=[16, 19, 85, 9, 34, 64, 66, 25, 35, 86]
Round 309 | train_loss=0.2082 train_acc=0.9248 test_loss=0.4555 test_acc=0.8643
Round 310 | selected=[93, 20, 90, 69, 28, 18, 52, 15, 19, 3]
Round 310 | train_loss=0.1892 train_acc=0.9324 test_loss=0.4279 test_acc=0.8728
Round 311 | selected=[34, 77, 19, 88, 85, 9, 45, 5, 20, 39]
Round 311 | train_loss=0.1765 train_acc=0.9392 test_loss=0.4844 test_acc=0.8562
Round 312 | selected=[5, 14, 60, 30, 49, 71, 87, 35, 39, 80]
Round 312 | train_loss=0.2038 train_acc=0.9280 test_loss=0.4813 test_acc=0.8578
Round 313 | selected=[63, 69, 41, 25, 81, 3, 68, 49, 34, 89]
Round 313 | train_loss=0.1852 train_acc=0.9368 test_loss=0.4441 test_acc=0.8673
Round 314 | selected=[82, 39, 65, 22, 38, 51, 36, 50, 10, 75]
Round 314 | train_loss=0.1825 train_acc=0.9372 test_loss=0.5071 test_acc=0.8530
Round 315 | selected=[63, 38, 85, 47, 55, 86, 4, 44, 76, 36]
Round 315 | train_loss=0.1759 train_acc=0.9364 test_loss=0.5529 test_acc=0.8446
Round 316 | selected=[67, 32, 53, 11, 61, 28, 62, 44, 98, 43]
Round 316 | train_loss=0.1797 train_acc=0.9362 test_loss=0.5100 test_acc=0.8550
Round 317 | selected=[54, 42, 31, 56, 37, 38, 4, 26, 55, 47]
Round 317 | train_loss=0.2043 train_acc=0.9292 test_loss=0.4583 test_acc=0.8668
Round 318 | selected=[77, 24, 38, 71, 6, 43, 79, 12, 84, 69]
Round 318 | train_loss=0.1811 train_acc=0.9386 test_loss=0.4616 test_acc=0.8659
Round 319 | selected=[22, 47, 46, 87, 35, 90, 2, 33, 53, 99]
Round 319 | train_loss=0.2142 train_acc=0.9214 test_loss=0.4643 test_acc=0.8650
Round 320 | selected=[94, 86, 38, 85, 83, 29, 68, 97, 92, 55]
Round 320 | train_loss=0.1867 train_acc=0.9336 test_loss=0.4490 test_acc=0.8688
Round 321 | selected=[33, 52, 40, 54, 43, 85, 97, 59, 83, 71]
Round 321 | train_loss=0.1811 train_acc=0.9358 test_loss=0.4307 test_acc=0.8742
Round 322 | selected=[39, 18, 9, 77, 71, 38, 99, 74, 25, 52]
Round 322 | train_loss=0.1715 train_acc=0.9398 test_loss=0.4712 test_acc=0.8607
Round 323 | selected=[85, 22, 13, 49, 88, 7, 98, 16, 56, 24]
Round 323 | train_loss=0.1944 train_acc=0.9318 test_loss=0.4595 test_acc=0.8646
Round 324 | selected=[43, 83, 24, 21, 97, 76, 30, 84, 75, 82]
Round 324 | train_loss=0.1608 train_acc=0.9418 test_loss=0.4599 test_acc=0.8621
Round 325 | selected=[69, 34, 42, 37, 92, 81, 17, 60, 88, 16]
Round 325 | train_loss=0.1889 train_acc=0.9332 test_loss=0.4443 test_acc=0.8672
Round 326 | selected=[27, 7, 8, 71, 40, 1, 86, 12, 4, 44]
Round 326 | train_loss=0.1610 train_acc=0.9450 test_loss=0.4251 test_acc=0.8758
Round 327 | selected=[85, 99, 68, 3, 9, 72, 57, 36, 82, 47]
Round 327 | train_loss=0.1623 train_acc=0.9412 test_loss=0.4208 test_acc=0.8781
Round 328 | selected=[87, 32, 37, 52, 27, 54, 45, 80, 57, 73]
Round 328 | train_loss=0.1958 train_acc=0.9326 test_loss=0.4428 test_acc=0.8725
Round 329 | selected=[73, 13, 77, 46, 64, 91, 33, 36, 62, 15]
Round 329 | train_loss=0.1831 train_acc=0.9330 test_loss=0.4269 test_acc=0.8765
Round 330 | selected=[3, 79, 26, 43, 96, 6, 54, 45, 85, 59]
Round 330 | train_loss=0.1641 train_acc=0.9382 test_loss=0.4499 test_acc=0.8700
Round 331 | selected=[0, 29, 41, 44, 7, 51, 23, 84, 33, 43]
Round 331 | train_loss=0.1619 train_acc=0.9424 test_loss=0.4469 test_acc=0.8716
Round 332 | selected=[7, 27, 68, 57, 83, 43, 42, 25, 3, 17]
Round 332 | train_loss=0.1589 train_acc=0.9472 test_loss=0.4016 test_acc=0.8788
Round 333 | selected=[73, 8, 34, 79, 81, 70, 94, 5, 74, 98]
Round 333 | train_loss=0.1779 train_acc=0.9354 test_loss=0.4181 test_acc=0.8801
Round 334 | selected=[16, 75, 82, 12, 48, 57, 97, 34, 24, 36]
Round 334 | train_loss=0.1606 train_acc=0.9448 test_loss=0.4452 test_acc=0.8741
Round 335 | selected=[61, 68, 64, 45, 47, 90, 74, 31, 93, 16]
Round 335 | train_loss=0.1755 train_acc=0.9366 test_loss=0.4243 test_acc=0.8753
Round 336 | selected=[43, 53, 1, 92, 73, 15, 94, 87, 52, 41]
Round 336 | train_loss=0.1791 train_acc=0.9382 test_loss=0.4779 test_acc=0.8625
Round 337 | selected=[34, 58, 25, 90, 72, 1, 88, 28, 52, 96]
Round 337 | train_loss=0.1706 train_acc=0.9378 test_loss=0.4646 test_acc=0.8668
Round 338 | selected=[67, 52, 69, 46, 25, 55, 29, 68, 56, 64]
Round 338 | train_loss=0.1621 train_acc=0.9440 test_loss=0.5257 test_acc=0.8544
Round 339 | selected=[82, 52, 80, 63, 25, 12, 21, 73, 6, 33]
Round 339 | train_loss=0.1751 train_acc=0.9388 test_loss=0.5148 test_acc=0.8548
Round 340 | selected=[6, 82, 4, 28, 13, 10, 23, 5, 63, 55]
Round 340 | train_loss=0.1723 train_acc=0.9394 test_loss=0.4524 test_acc=0.8695
Round 341 | selected=[98, 40, 29, 90, 12, 94, 66, 88, 34, 42]
Round 341 | train_loss=0.1648 train_acc=0.9438 test_loss=0.4640 test_acc=0.8688
Round 342 | selected=[26, 41, 31, 47, 13, 78, 86, 33, 82, 10]
Round 342 | train_loss=0.1581 train_acc=0.9450 test_loss=0.4807 test_acc=0.8682
Round 343 | selected=[3, 73, 48, 97, 53, 0, 6, 34, 87, 44]
Round 343 | train_loss=0.1814 train_acc=0.9350 test_loss=0.4372 test_acc=0.8774
Round 344 | selected=[61, 26, 12, 8, 23, 84, 73, 4, 79, 77]
Round 344 | train_loss=0.1648 train_acc=0.9414 test_loss=0.4384 test_acc=0.8771
Round 345 | selected=[22, 13, 98, 18, 34, 76, 24, 52, 0, 78]
Round 345 | train_loss=0.1617 train_acc=0.9442 test_loss=0.5161 test_acc=0.8579
Round 346 | selected=[15, 91, 94, 56, 43, 58, 63, 69, 93, 47]
Round 346 | train_loss=0.1612 train_acc=0.9434 test_loss=0.5106 test_acc=0.8584
Round 347 | selected=[92, 49, 52, 29, 54, 0, 51, 42, 64, 82]
Round 347 | train_loss=0.1612 train_acc=0.9448 test_loss=0.4281 test_acc=0.8786
Round 348 | selected=[74, 28, 96, 92, 39, 64, 88, 80, 22, 25]
Round 348 | train_loss=0.1685 train_acc=0.9386 test_loss=0.4468 test_acc=0.8782
Round 349 | selected=[60, 54, 20, 21, 67, 98, 39, 52, 90, 59]
Round 349 | train_loss=0.1710 train_acc=0.9344 test_loss=0.4739 test_acc=0.8673
Round 350 | selected=[3, 53, 84, 93, 81, 50, 19, 1, 10, 89]
Round 350 | train_loss=0.1764 train_acc=0.9356 test_loss=0.4798 test_acc=0.8676
Round 351 | selected=[96, 5, 88, 48, 9, 60, 12, 65, 83, 22]
Round 351 | train_loss=0.1875 train_acc=0.9306 test_loss=0.4267 test_acc=0.8791
Round 352 | selected=[85, 43, 42, 29, 38, 46, 86, 12, 62, 51]
Round 352 | train_loss=0.1555 train_acc=0.9454 test_loss=0.4856 test_acc=0.8624
Round 353 | selected=[88, 58, 25, 67, 31, 28, 97, 15, 53, 8]
Round 353 | train_loss=0.1571 train_acc=0.9458 test_loss=0.5237 test_acc=0.8575
Round 354 | selected=[16, 14, 4, 49, 89, 11, 83, 42, 80, 95]
Round 354 | train_loss=0.1849 train_acc=0.9352 test_loss=0.4536 test_acc=0.8725
Round 355 | selected=[18, 58, 73, 34, 54, 2, 23, 69, 95, 61]
Round 355 | train_loss=0.1638 train_acc=0.9438 test_loss=0.4642 test_acc=0.8707
Round 356 | selected=[98, 64, 16, 20, 66, 76, 32, 91, 96, 9]
Round 356 | train_loss=0.1837 train_acc=0.9354 test_loss=0.4491 test_acc=0.8771
Round 357 | selected=[67, 29, 4, 11, 85, 87, 3, 30, 39, 45]
Round 357 | train_loss=0.1656 train_acc=0.9458 test_loss=0.4674 test_acc=0.8694
Round 358 | selected=[85, 75, 33, 64, 55, 50, 47, 26, 4, 67]
Round 358 | train_loss=0.1477 train_acc=0.9444 test_loss=0.4776 test_acc=0.8647
Round 359 | selected=[48, 62, 58, 3, 57, 95, 45, 26, 94, 29]
Round 359 | train_loss=0.1641 train_acc=0.9414 test_loss=0.4409 test_acc=0.8708
Round 360 | selected=[68, 86, 88, 57, 67, 30, 45, 41, 47, 95]
Round 360 | train_loss=0.1479 train_acc=0.9432 test_loss=0.4726 test_acc=0.8654
Round 361 | selected=[3, 20, 87, 48, 80, 71, 97, 8, 98, 18]
Round 361 | train_loss=0.1664 train_acc=0.9410 test_loss=0.4814 test_acc=0.8641
Round 362 | selected=[74, 49, 41, 88, 4, 19, 98, 46, 6, 90]
Round 362 | train_loss=0.1484 train_acc=0.9500 test_loss=0.4083 test_acc=0.8819
Round 363 | selected=[57, 35, 8, 59, 94, 49, 83, 23, 95, 85]
Round 363 | train_loss=0.1666 train_acc=0.9406 test_loss=0.4045 test_acc=0.8785
Round 364 | selected=[43, 77, 30, 89, 32, 61, 10, 82, 56, 54]
Round 364 | train_loss=0.1451 train_acc=0.9498 test_loss=0.4506 test_acc=0.8695
Round 365 | selected=[40, 55, 48, 89, 88, 49, 24, 28, 83, 75]
Round 365 | train_loss=0.1404 train_acc=0.9508 test_loss=0.4840 test_acc=0.8634
Round 366 | selected=[96, 72, 92, 13, 17, 15, 26, 41, 65, 78]
Round 366 | train_loss=0.1754 train_acc=0.9362 test_loss=0.5068 test_acc=0.8569
Round 367 | selected=[43, 47, 20, 3, 31, 81, 45, 68, 17, 82]
Round 367 | train_loss=0.1384 train_acc=0.9536 test_loss=0.4616 test_acc=0.8703
Round 368 | selected=[22, 19, 87, 79, 94, 91, 69, 17, 48, 49]
Round 368 | train_loss=0.1582 train_acc=0.9428 test_loss=0.4797 test_acc=0.8686
Round 369 | selected=[62, 7, 25, 85, 66, 38, 18, 50, 56, 37]
Round 369 | train_loss=0.1631 train_acc=0.9412 test_loss=0.4907 test_acc=0.8647
Round 370 | selected=[39, 24, 42, 3, 10, 75, 59, 49, 55, 46]
Round 370 | train_loss=0.1353 train_acc=0.9530 test_loss=0.4200 test_acc=0.8802
Round 371 | selected=[91, 8, 74, 84, 76, 82, 35, 42, 86, 59]
Round 371 | train_loss=0.1531 train_acc=0.9414 test_loss=0.4210 test_acc=0.8803
Round 372 | selected=[9, 79, 77, 68, 21, 63, 5, 53, 36, 86]
Round 372 | train_loss=0.1500 train_acc=0.9440 test_loss=0.4643 test_acc=0.8719
Round 373 | selected=[52, 33, 72, 14, 81, 77, 3, 61, 46, 76]
Round 373 | train_loss=0.1528 train_acc=0.9434 test_loss=0.4771 test_acc=0.8706
Round 374 | selected=[18, 57, 98, 58, 43, 87, 97, 64, 10, 22]
Round 374 | train_loss=0.1196 train_acc=0.9572 test_loss=0.4526 test_acc=0.8754
Round 375 | selected=[52, 94, 14, 5, 23, 38, 46, 16, 1, 17]
Round 375 | train_loss=0.1565 train_acc=0.9444 test_loss=0.4495 test_acc=0.8743
Round 376 | selected=[3, 76, 12, 15, 39, 7, 95, 54, 17, 88]
Round 376 | train_loss=0.1150 train_acc=0.9596 test_loss=0.4318 test_acc=0.8774
Round 377 | selected=[22, 46, 90, 2, 76, 36, 48, 23, 4, 42]
Round 377 | train_loss=0.1594 train_acc=0.9448 test_loss=0.4193 test_acc=0.8818
Round 378 | selected=[87, 45, 21, 19, 36, 4, 3, 1, 65, 86]
Round 378 | train_loss=0.1359 train_acc=0.9552 test_loss=0.4747 test_acc=0.8697
Round 379 | selected=[38, 83, 44, 5, 54, 85, 43, 86, 60, 68]
Round 379 | train_loss=0.1307 train_acc=0.9570 test_loss=0.4533 test_acc=0.8768
Round 380 | selected=[92, 42, 35, 15, 21, 37, 72, 4, 54, 51]
Round 380 | train_loss=0.1536 train_acc=0.9468 test_loss=0.4265 test_acc=0.8832
Round 381 | selected=[44, 82, 22, 37, 83, 55, 41, 20, 69, 56]
Round 381 | train_loss=0.1331 train_acc=0.9536 test_loss=0.4700 test_acc=0.8734
Round 382 | selected=[17, 69, 96, 11, 2, 86, 6, 77, 97, 56]
Round 382 | train_loss=0.1453 train_acc=0.9492 test_loss=0.4898 test_acc=0.8662
Round 383 | selected=[82, 27, 14, 71, 21, 94, 91, 45, 1, 77]
Round 383 | train_loss=0.1358 train_acc=0.9498 test_loss=0.4897 test_acc=0.8633
Round 384 | selected=[4, 6, 87, 81, 27, 51, 84, 7, 50, 82]
Round 384 | train_loss=0.1438 train_acc=0.9478 test_loss=0.4582 test_acc=0.8700
Round 385 | selected=[42, 51, 38, 98, 72, 3, 57, 0, 48, 13]
Round 385 | train_loss=0.1332 train_acc=0.9498 test_loss=0.4215 test_acc=0.8819
Round 386 | selected=[44, 3, 90, 56, 95, 66, 51, 54, 38, 60]
Round 386 | train_loss=0.1262 train_acc=0.9552 test_loss=0.4192 test_acc=0.8820
Round 387 | selected=[32, 61, 24, 5, 72, 51, 40, 73, 93, 18]
Round 387 | train_loss=0.1489 train_acc=0.9464 test_loss=0.4157 test_acc=0.8820
Round 388 | selected=[25, 47, 98, 42, 31, 81, 84, 57, 24, 62]
Round 388 | train_loss=0.1223 train_acc=0.9570 test_loss=0.4463 test_acc=0.8744
Round 389 | selected=[28, 16, 86, 62, 51, 35, 9, 37, 44, 57]
Round 389 | train_loss=0.1375 train_acc=0.9520 test_loss=0.4492 test_acc=0.8768
Round 390 | selected=[36, 37, 98, 66, 85, 38, 74, 52, 92, 87]
Round 390 | train_loss=0.1347 train_acc=0.9518 test_loss=0.4216 test_acc=0.8835
Round 391 | selected=[3, 77, 64, 49, 19, 55, 18, 68, 12, 35]
Round 391 | train_loss=0.1218 train_acc=0.9570 test_loss=0.4322 test_acc=0.8841
Round 392 | selected=[39, 51, 60, 72, 61, 38, 23, 4, 55, 88]
Round 392 | train_loss=0.1172 train_acc=0.9612 test_loss=0.4338 test_acc=0.8841
Round 393 | selected=[8, 77, 28, 38, 56, 79, 22, 48, 69, 53]
Round 393 | train_loss=0.1262 train_acc=0.9560 test_loss=0.4229 test_acc=0.8863
Round 394 | selected=[71, 20, 10, 26, 30, 84, 9, 14, 50, 47]
Round 394 | train_loss=0.1459 train_acc=0.9496 test_loss=0.4332 test_acc=0.8826
Round 395 | selected=[35, 56, 30, 19, 36, 83, 25, 28, 16, 13]
Round 395 | train_loss=0.1156 train_acc=0.9602 test_loss=0.4516 test_acc=0.8772
Round 396 | selected=[71, 79, 49, 61, 73, 59, 60, 83, 10, 81]
Round 396 | train_loss=0.1202 train_acc=0.9580 test_loss=0.4533 test_acc=0.8760
Round 397 | selected=[30, 94, 28, 68, 57, 74, 34, 81, 86, 33]
Round 397 | train_loss=0.1118 train_acc=0.9598 test_loss=0.4198 test_acc=0.8824
Round 398 | selected=[25, 45, 51, 62, 91, 55, 12, 46, 53, 63]
Round 398 | train_loss=0.1210 train_acc=0.9594 test_loss=0.4062 test_acc=0.8876
Round 399 | selected=[48, 60, 78, 39, 75, 72, 70, 59, 19, 27]
Round 399 | train_loss=0.1219 train_acc=0.9570 test_loss=0.4050 test_acc=0.8876
Round 400 | selected=[58, 16, 89, 40, 44, 53, 79, 93, 47, 69]
Round 400 | train_loss=0.1277 train_acc=0.9546 test_loss=0.4087 test_acc=0.8867
Round 401 | selected=[30, 61, 62, 45, 76, 60, 12, 78, 55, 71]
Round 401 | train_loss=0.1138 train_acc=0.9604 test_loss=0.4210 test_acc=0.8832
Round 402 | selected=[60, 0, 12, 33, 15, 49, 13, 48, 52, 58]
Round 402 | train_loss=0.1193 train_acc=0.9580 test_loss=0.4167 test_acc=0.8853
Round 403 | selected=[57, 52, 21, 55, 96, 33, 29, 71, 84, 48]
Round 403 | train_loss=0.1186 train_acc=0.9600 test_loss=0.4081 test_acc=0.8875
Round 404 | selected=[68, 83, 92, 91, 8, 13, 10, 25, 66, 53]
Round 404 | train_loss=0.1050 train_acc=0.9640 test_loss=0.4406 test_acc=0.8826
Round 405 | selected=[46, 36, 82, 76, 1, 51, 63, 65, 54, 70]
Round 405 | train_loss=0.1287 train_acc=0.9518 test_loss=0.4323 test_acc=0.8838
Round 406 | selected=[76, 86, 8, 30, 3, 91, 93, 16, 55, 57]
Round 406 | train_loss=0.1018 train_acc=0.9646 test_loss=0.4322 test_acc=0.8853
Round 407 | selected=[7, 3, 81, 70, 98, 24, 44, 8, 39, 16]
Round 407 | train_loss=0.1027 train_acc=0.9638 test_loss=0.4385 test_acc=0.8836
Round 408 | selected=[79, 44, 97, 35, 77, 6, 46, 29, 38, 82]
Round 408 | train_loss=0.1165 train_acc=0.9606 test_loss=0.4262 test_acc=0.8838
Round 409 | selected=[54, 0, 51, 65, 41, 34, 84, 70, 3, 36]
Round 409 | train_loss=0.1076 train_acc=0.9622 test_loss=0.4268 test_acc=0.8825
Round 410 | selected=[43, 11, 38, 47, 69, 30, 22, 88, 19, 24]
Round 410 | train_loss=0.1117 train_acc=0.9606 test_loss=0.4116 test_acc=0.8858
Round 411 | selected=[62, 98, 10, 76, 14, 25, 49, 7, 89, 17]
Round 411 | train_loss=0.1072 train_acc=0.9626 test_loss=0.4185 test_acc=0.8838
Round 412 | selected=[34, 19, 37, 70, 98, 64, 69, 5, 94, 3]
Round 412 | train_loss=0.1123 train_acc=0.9618 test_loss=0.4241 test_acc=0.8859
Round 413 | selected=[51, 28, 42, 21, 29, 30, 38, 96, 34, 97]
Round 413 | train_loss=0.1108 train_acc=0.9638 test_loss=0.4382 test_acc=0.8839
Round 414 | selected=[98, 67, 83, 59, 41, 45, 39, 70, 21, 25]
Round 414 | train_loss=0.1084 train_acc=0.9634 test_loss=0.4663 test_acc=0.8779
Round 415 | selected=[7, 15, 43, 85, 41, 50, 67, 21, 90, 5]
Round 415 | train_loss=0.1352 train_acc=0.9514 test_loss=0.4157 test_acc=0.8870
Round 416 | selected=[73, 77, 81, 41, 99, 10, 54, 89, 20, 85]
Round 416 | train_loss=0.1417 train_acc=0.9526 test_loss=0.4727 test_acc=0.8750
Round 417 | selected=[24, 60, 96, 79, 36, 56, 38, 74, 19, 35]
Round 417 | train_loss=0.1102 train_acc=0.9622 test_loss=0.4851 test_acc=0.8736
Round 418 | selected=[48, 82, 66, 74, 15, 51, 24, 98, 76, 33]
Round 418 | train_loss=0.1073 train_acc=0.9598 test_loss=0.4487 test_acc=0.8830
Round 419 | selected=[19, 88, 66, 76, 48, 37, 57, 0, 14, 62]
Round 419 | train_loss=0.1157 train_acc=0.9592 test_loss=0.4397 test_acc=0.8830
Round 420 | selected=[88, 77, 68, 0, 32, 9, 20, 90, 79, 8]
Round 420 | train_loss=0.1168 train_acc=0.9594 test_loss=0.4715 test_acc=0.8764
Round 421 | selected=[22, 71, 9, 65, 64, 7, 2, 73, 21, 40]
Round 421 | train_loss=0.1407 train_acc=0.9490 test_loss=0.5230 test_acc=0.8679
Round 422 | selected=[60, 73, 61, 4, 21, 48, 95, 51, 56, 55]
Round 422 | train_loss=0.1182 train_acc=0.9582 test_loss=0.4715 test_acc=0.8737
Round 423 | selected=[37, 74, 73, 36, 52, 33, 60, 31, 21, 43]
Round 423 | train_loss=0.1245 train_acc=0.9576 test_loss=0.4801 test_acc=0.8764
Round 424 | selected=[78, 56, 34, 12, 60, 65, 10, 39, 11, 57]
Round 424 | train_loss=0.1170 train_acc=0.9580 test_loss=0.4515 test_acc=0.8825
Round 425 | selected=[21, 93, 77, 97, 89, 4, 16, 56, 87, 63]
Round 425 | train_loss=0.1208 train_acc=0.9564 test_loss=0.4961 test_acc=0.8720
Round 426 | selected=[78, 64, 7, 94, 68, 10, 36, 39, 89, 23]
Round 426 | train_loss=0.1321 train_acc=0.9542 test_loss=0.5154 test_acc=0.8678
Round 427 | selected=[90, 27, 55, 44, 95, 51, 20, 50, 62, 69]
Round 427 | train_loss=0.1148 train_acc=0.9584 test_loss=0.4676 test_acc=0.8788
Round 428 | selected=[2, 98, 7, 73, 72, 14, 48, 56, 21, 92]
Round 428 | train_loss=0.1126 train_acc=0.9626 test_loss=0.4755 test_acc=0.8800
Round 429 | selected=[4, 34, 14, 68, 54, 17, 27, 57, 63, 16]
Round 429 | train_loss=0.1139 train_acc=0.9614 test_loss=0.4552 test_acc=0.8823
Round 430 | selected=[90, 85, 99, 60, 4, 5, 72, 57, 92, 20]
Round 430 | train_loss=0.1126 train_acc=0.9616 test_loss=0.4359 test_acc=0.8835
Round 431 | selected=[90, 29, 95, 23, 31, 97, 7, 16, 86, 34]
Round 431 | train_loss=0.1121 train_acc=0.9598 test_loss=0.4333 test_acc=0.8834
Round 432 | selected=[58, 95, 63, 60, 75, 37, 18, 45, 93, 42]
Round 432 | train_loss=0.1355 train_acc=0.9544 test_loss=0.4753 test_acc=0.8747
Round 433 | selected=[41, 10, 52, 79, 45, 94, 16, 20, 81, 80]
Round 433 | train_loss=0.1219 train_acc=0.9570 test_loss=0.5190 test_acc=0.8658
Round 434 | selected=[23, 86, 49, 93, 15, 71, 77, 5, 79, 70]
Round 434 | train_loss=0.1229 train_acc=0.9552 test_loss=0.4311 test_acc=0.8846
Round 435 | selected=[21, 34, 75, 43, 98, 99, 44, 35, 23, 64]
Round 435 | train_loss=0.1023 train_acc=0.9630 test_loss=0.4457 test_acc=0.8806
Round 436 | selected=[21, 89, 58, 75, 2, 46, 52, 40, 87, 10]
Round 436 | train_loss=0.1155 train_acc=0.9586 test_loss=0.4591 test_acc=0.8792
Round 437 | selected=[22, 59, 10, 94, 97, 87, 16, 33, 34, 57]
Round 437 | train_loss=0.1078 train_acc=0.9606 test_loss=0.4480 test_acc=0.8819
Round 438 | selected=[84, 50, 77, 39, 37, 4, 96, 53, 66, 6]
Round 438 | train_loss=0.1395 train_acc=0.9508 test_loss=0.4309 test_acc=0.8840
Round 439 | selected=[24, 81, 21, 69, 14, 52, 98, 78, 6, 86]
Round 439 | train_loss=0.1006 train_acc=0.9662 test_loss=0.4337 test_acc=0.8824
Round 440 | selected=[48, 10, 69, 43, 85, 59, 98, 19, 58, 64]
Round 440 | train_loss=0.0990 train_acc=0.9658 test_loss=0.4360 test_acc=0.8808
Round 441 | selected=[52, 78, 19, 11, 97, 91, 47, 63, 23, 72]
Round 441 | train_loss=0.1234 train_acc=0.9548 test_loss=0.3982 test_acc=0.8874
Round 442 | selected=[82, 10, 16, 61, 74, 37, 11, 99, 79, 65]
Round 442 | train_loss=0.1081 train_acc=0.9650 test_loss=0.4137 test_acc=0.8873
Round 443 | selected=[60, 97, 54, 99, 72, 78, 71, 40, 15, 52]
Round 443 | train_loss=0.1179 train_acc=0.9580 test_loss=0.4097 test_acc=0.8882
Round 444 | selected=[23, 24, 27, 34, 14, 95, 91, 63, 8, 60]
Round 444 | train_loss=0.1096 train_acc=0.9620 test_loss=0.4606 test_acc=0.8771
Round 445 | selected=[13, 29, 62, 97, 66, 45, 85, 38, 60, 52]
Round 445 | train_loss=0.1069 train_acc=0.9604 test_loss=0.5052 test_acc=0.8684
Round 446 | selected=[33, 44, 7, 84, 79, 35, 96, 48, 56, 83]
Round 446 | train_loss=0.1165 train_acc=0.9572 test_loss=0.4586 test_acc=0.8792
Round 447 | selected=[78, 25, 62, 11, 96, 50, 54, 31, 99, 86]
Round 447 | train_loss=0.1063 train_acc=0.9610 test_loss=0.4270 test_acc=0.8876
Round 448 | selected=[77, 5, 35, 11, 93, 38, 6, 36, 70, 75]
Round 448 | train_loss=0.1101 train_acc=0.9598 test_loss=0.4357 test_acc=0.8836
Round 449 | selected=[44, 41, 53, 99, 40, 70, 6, 11, 51, 47]
Round 449 | train_loss=0.1133 train_acc=0.9628 test_loss=0.4340 test_acc=0.8862
Round 450 | selected=[91, 34, 46, 68, 97, 37, 20, 81, 2, 40]
Round 450 | train_loss=0.1113 train_acc=0.9624 test_loss=0.4389 test_acc=0.8847
Round 451 | selected=[30, 62, 47, 57, 82, 68, 24, 77, 36, 31]
Round 451 | train_loss=0.1061 train_acc=0.9614 test_loss=0.4175 test_acc=0.8887
Round 452 | selected=[14, 88, 98, 74, 20, 16, 58, 77, 99, 62]
Round 452 | train_loss=0.1065 train_acc=0.9632 test_loss=0.4334 test_acc=0.8861
Round 453 | selected=[99, 50, 9, 2, 91, 73, 29, 68, 86, 62]
Round 453 | train_loss=0.1071 train_acc=0.9636 test_loss=0.4623 test_acc=0.8803
Round 454 | selected=[32, 36, 15, 28, 24, 80, 62, 71, 0, 43]
Round 454 | train_loss=0.1133 train_acc=0.9626 test_loss=0.4819 test_acc=0.8771
Round 455 | selected=[97, 14, 93, 26, 44, 60, 78, 91, 65, 83]
Round 455 | train_loss=0.1072 train_acc=0.9616 test_loss=0.5286 test_acc=0.8695
Round 456 | selected=[28, 52, 69, 85, 15, 41, 75, 48, 54, 73]
Round 456 | train_loss=0.0953 train_acc=0.9650 test_loss=0.4735 test_acc=0.8801
Round 457 | selected=[35, 89, 40, 61, 68, 90, 73, 51, 55, 4]
Round 457 | train_loss=0.1176 train_acc=0.9578 test_loss=0.4442 test_acc=0.8831
Round 458 | selected=[18, 0, 98, 28, 26, 93, 68, 95, 37, 29]
Round 458 | train_loss=0.1035 train_acc=0.9632 test_loss=0.4424 test_acc=0.8813
Round 459 | selected=[34, 69, 22, 91, 48, 66, 70, 94, 47, 99]
Round 459 | train_loss=0.0881 train_acc=0.9700 test_loss=0.4390 test_acc=0.8846
Round 460 | selected=[37, 13, 35, 34, 60, 90, 28, 50, 73, 40]
Round 460 | train_loss=0.0818 train_acc=0.9740 test_loss=0.4202 test_acc=0.8893
Round 461 | selected=[69, 27, 26, 89, 64, 93, 54, 67, 44, 57]
Round 461 | train_loss=0.1044 train_acc=0.9642 test_loss=0.4063 test_acc=0.8898
Round 462 | selected=[26, 83, 30, 5, 43, 44, 91, 8, 93, 6]
Round 462 | train_loss=0.0946 train_acc=0.9670 test_loss=0.4241 test_acc=0.8881
Round 463 | selected=[63, 2, 29, 62, 74, 69, 37, 91, 78, 14]
Round 463 | train_loss=0.0930 train_acc=0.9662 test_loss=0.4274 test_acc=0.8861
Round 464 | selected=[21, 59, 82, 78, 68, 99, 15, 47, 71, 93]
Round 464 | train_loss=0.0855 train_acc=0.9690 test_loss=0.4337 test_acc=0.8840
Round 465 | selected=[61, 99, 89, 95, 81, 71, 64, 42, 14, 35]
Round 465 | train_loss=0.1011 train_acc=0.9670 test_loss=0.4492 test_acc=0.8789
Round 466 | selected=[74, 69, 55, 29, 84, 19, 12, 73, 64, 94]
Round 466 | train_loss=0.0954 train_acc=0.9652 test_loss=0.4469 test_acc=0.8816
Round 467 | selected=[49, 23, 48, 90, 19, 29, 92, 63, 66, 6]
Round 467 | train_loss=0.1006 train_acc=0.9654 test_loss=0.4518 test_acc=0.8799
Round 468 | selected=[9, 49, 61, 94, 30, 79, 75, 36, 5, 4]
Round 468 | train_loss=0.1024 train_acc=0.9614 test_loss=0.4506 test_acc=0.8787
Round 469 | selected=[38, 21, 72, 77, 16, 18, 62, 46, 53, 78]
Round 469 | train_loss=0.1019 train_acc=0.9644 test_loss=0.4579 test_acc=0.8773
Round 470 | selected=[68, 51, 56, 72, 34, 27, 7, 65, 57, 73]
Round 470 | train_loss=0.0906 train_acc=0.9688 test_loss=0.4757 test_acc=0.8736
Round 471 | selected=[10, 43, 96, 4, 90, 36, 70, 48, 9, 87]
Round 471 | train_loss=0.0983 train_acc=0.9650 test_loss=0.4426 test_acc=0.8864
Round 472 | selected=[49, 92, 66, 45, 98, 85, 8, 5, 37, 27]
Round 472 | train_loss=0.0976 train_acc=0.9672 test_loss=0.4264 test_acc=0.8916
Round 473 | selected=[14, 26, 1, 60, 72, 16, 93, 24, 75, 40]
Round 473 | train_loss=0.0875 train_acc=0.9690 test_loss=0.4304 test_acc=0.8911
Round 474 | selected=[24, 81, 71, 51, 96, 40, 65, 68, 4, 19]
Round 474 | train_loss=0.0911 train_acc=0.9678 test_loss=0.4497 test_acc=0.8857
Round 475 | selected=[26, 80, 85, 71, 9, 68, 81, 54, 10, 34]
Round 475 | train_loss=0.0864 train_acc=0.9680 test_loss=0.4882 test_acc=0.8796
Round 476 | selected=[24, 8, 31, 71, 23, 79, 65, 21, 86, 38]
Round 476 | train_loss=0.0957 train_acc=0.9668 test_loss=0.4639 test_acc=0.8825
Round 477 | selected=[82, 97, 61, 42, 90, 7, 53, 44, 88, 17]
Round 477 | train_loss=0.1088 train_acc=0.9602 test_loss=0.4028 test_acc=0.8961
Round 478 | selected=[84, 73, 66, 47, 44, 75, 83, 55, 80, 11]
Round 478 | train_loss=0.0867 train_acc=0.9692 test_loss=0.4678 test_acc=0.8801
Round 479 | selected=[93, 40, 1, 66, 61, 99, 54, 2, 16, 96]
Round 479 | train_loss=0.0979 train_acc=0.9636 test_loss=0.5012 test_acc=0.8747
Round 480 | selected=[86, 94, 82, 23, 24, 71, 66, 36, 77, 16]
Round 480 | train_loss=0.0781 train_acc=0.9720 test_loss=0.4394 test_acc=0.8885
Round 481 | selected=[9, 7, 28, 65, 63, 32, 16, 87, 99, 15]
Round 481 | train_loss=0.0957 train_acc=0.9654 test_loss=0.4330 test_acc=0.8885
Round 482 | selected=[52, 75, 59, 72, 25, 39, 12, 64, 26, 78]
Round 482 | train_loss=0.0996 train_acc=0.9660 test_loss=0.4581 test_acc=0.8841
Round 483 | selected=[41, 19, 54, 29, 82, 4, 7, 9, 27, 50]
Round 483 | train_loss=0.0821 train_acc=0.9710 test_loss=0.4430 test_acc=0.8866
Round 484 | selected=[45, 55, 75, 58, 64, 3, 22, 53, 4, 97]
Round 484 | train_loss=0.0990 train_acc=0.9640 test_loss=0.4464 test_acc=0.8864
Round 485 | selected=[77, 57, 42, 0, 89, 58, 92, 5, 49, 11]
Round 485 | train_loss=0.1088 train_acc=0.9626 test_loss=0.4237 test_acc=0.8880
Round 486 | selected=[92, 18, 20, 58, 66, 59, 84, 62, 9, 64]
Round 486 | train_loss=0.0933 train_acc=0.9668 test_loss=0.4317 test_acc=0.8859
Round 487 | selected=[22, 8, 25, 80, 19, 96, 81, 69, 60, 68]
Round 487 | train_loss=0.0900 train_acc=0.9670 test_loss=0.4656 test_acc=0.8778
Round 488 | selected=[83, 74, 17, 10, 23, 36, 99, 87, 60, 81]
Round 488 | train_loss=0.0823 train_acc=0.9698 test_loss=0.4686 test_acc=0.8814
Round 489 | selected=[85, 64, 97, 13, 99, 40, 78, 35, 0, 10]
Round 489 | train_loss=0.1093 train_acc=0.9632 test_loss=0.4495 test_acc=0.8867
Round 490 | selected=[25, 22, 31, 56, 85, 74, 72, 7, 36, 63]
Round 490 | train_loss=0.0939 train_acc=0.9654 test_loss=0.4423 test_acc=0.8844
Round 491 | selected=[53, 32, 56, 99, 12, 98, 75, 89, 67, 72]
Round 491 | train_loss=0.0892 train_acc=0.9684 test_loss=0.4473 test_acc=0.8867
Round 492 | selected=[53, 80, 65, 64, 44, 6, 10, 41, 86, 77]
Round 492 | train_loss=0.1013 train_acc=0.9644 test_loss=0.4398 test_acc=0.8891
Round 493 | selected=[88, 97, 8, 19, 47, 18, 99, 73, 1, 85]
Round 493 | train_loss=0.0949 train_acc=0.9650 test_loss=0.4528 test_acc=0.8852
Round 494 | selected=[19, 42, 78, 33, 41, 50, 56, 72, 89, 98]
Round 494 | train_loss=0.0903 train_acc=0.9660 test_loss=0.4449 test_acc=0.8867
Round 495 | selected=[62, 39, 87, 74, 36, 91, 7, 37, 49, 10]
Round 495 | train_loss=0.0824 train_acc=0.9716 test_loss=0.4532 test_acc=0.8861
Round 496 | selected=[83, 22, 41, 7, 51, 8, 82, 45, 80, 36]
Round 496 | train_loss=0.0840 train_acc=0.9706 test_loss=0.4700 test_acc=0.8828
Round 497 | selected=[28, 23, 98, 24, 29, 46, 82, 40, 10, 77]
Round 497 | train_loss=0.0787 train_acc=0.9698 test_loss=0.4220 test_acc=0.8903
Round 498 | selected=[14, 6, 59, 49, 40, 97, 22, 86, 15, 99]
Round 498 | train_loss=0.0937 train_acc=0.9670 test_loss=0.4143 test_acc=0.8921
Round 499 | selected=[3, 94, 16, 47, 19, 20, 55, 51, 60, 89]
Round 499 | train_loss=0.0771 train_acc=0.9736 test_loss=0.4653 test_acc=0.8803
Round 500 | selected=[87, 19, 15, 59, 0, 7, 24, 38, 48, 8]
Round 500 | train_loss=0.0895 train_acc=0.9670 test_loss=0.4348 test_acc=0.8882
Saved: track1/results/cifar10/final_seed45/fedadam_iid_seed45.csv
COMPLETED: fedadam iid seed=45
