========================================
JOB:       12008626
TASK:      49
ALGORITHM: fedavg
PARTITION: alpha1
SEED:      46
GPU:       0
========================================
Device: cuda
GPU: Tesla V100-PCIE-32GB
Round 0 | test_loss=3.1277 test_acc=0.0954
Round 1 | selected=[20, 26, 83, 93, 7, 60, 52, 24, 45, 13]
Round 1 | train_loss=2.1416 train_acc=0.2374 test_loss=2.3478 test_acc=0.1353
Round 2 | selected=[5, 81, 53, 62, 47, 68, 49, 77, 66, 75]
Round 2 | train_loss=2.1015 train_acc=0.2754 test_loss=2.3796 test_acc=0.1497
Round 3 | selected=[30, 93, 0, 98, 81, 24, 18, 94, 80, 23]
Round 3 | train_loss=2.0736 train_acc=0.3194 test_loss=2.4297 test_acc=0.1987
Round 4 | selected=[68, 96, 87, 66, 5, 62, 61, 57, 80, 99]
Round 4 | train_loss=2.1126 train_acc=0.3204 test_loss=2.5431 test_acc=0.2217
Round 5 | selected=[43, 63, 24, 13, 36, 72, 18, 51, 46, 15]
Round 5 | train_loss=2.0257 train_acc=0.3524 test_loss=2.4727 test_acc=0.2016
Round 6 | selected=[93, 15, 46, 55, 45, 4, 23, 83, 27, 40]
Round 6 | train_loss=1.9428 train_acc=0.3416 test_loss=1.9597 test_acc=0.2427
Round 7 | selected=[18, 23, 22, 31, 88, 68, 42, 38, 92, 98]
Round 7 | train_loss=1.6875 train_acc=0.3884 test_loss=2.1085 test_acc=0.2649
Round 8 | selected=[85, 34, 62, 61, 35, 72, 26, 71, 28, 9]
Round 8 | train_loss=1.8308 train_acc=0.3606 test_loss=2.2656 test_acc=0.2419
Round 9 | selected=[59, 12, 51, 64, 11, 73, 8, 38, 31, 63]
Round 9 | train_loss=1.7173 train_acc=0.3920 test_loss=2.3054 test_acc=0.2205
Round 10 | selected=[65, 57, 19, 80, 71, 67, 32, 59, 47, 58]
Round 10 | train_loss=1.8394 train_acc=0.3808 test_loss=1.9510 test_acc=0.2744
Round 11 | selected=[1, 49, 56, 28, 42, 16, 35, 11, 40, 61]
Round 11 | train_loss=1.7511 train_acc=0.3702 test_loss=1.9564 test_acc=0.2610
Round 12 | selected=[71, 22, 31, 34, 4, 78, 38, 11, 55, 82]
Round 12 | train_loss=1.7120 train_acc=0.4004 test_loss=2.3843 test_acc=0.2542
Round 13 | selected=[12, 80, 53, 65, 90, 75, 5, 16, 10, 43]
Round 13 | train_loss=1.6940 train_acc=0.4398 test_loss=1.9962 test_acc=0.2740
Round 14 | selected=[32, 76, 31, 47, 99, 18, 53, 8, 65, 51]
Round 14 | train_loss=1.6960 train_acc=0.4104 test_loss=1.8752 test_acc=0.2919
Round 15 | selected=[71, 40, 96, 38, 82, 7, 28, 24, 55, 13]
Round 15 | train_loss=1.6749 train_acc=0.3986 test_loss=1.9557 test_acc=0.2590
Round 16 | selected=[53, 33, 17, 23, 30, 28, 65, 13, 92, 19]
Round 16 | train_loss=1.6652 train_acc=0.4050 test_loss=1.9663 test_acc=0.2898
Round 17 | selected=[77, 54, 38, 21, 13, 2, 72, 51, 28, 66]
Round 17 | train_loss=1.7603 train_acc=0.3950 test_loss=1.9093 test_acc=0.3243
Round 18 | selected=[20, 65, 44, 11, 51, 22, 72, 37, 35, 96]
Round 18 | train_loss=1.6600 train_acc=0.4108 test_loss=1.8639 test_acc=0.3215
Round 19 | selected=[10, 94, 29, 60, 99, 16, 92, 35, 54, 96]
Round 19 | train_loss=1.5246 train_acc=0.4528 test_loss=1.9275 test_acc=0.3015
Round 20 | selected=[47, 20, 53, 40, 37, 75, 48, 27, 94, 4]
Round 20 | train_loss=1.6941 train_acc=0.4010 test_loss=1.8429 test_acc=0.2991
Round 21 | selected=[87, 63, 53, 36, 77, 37, 11, 24, 70, 28]
Round 21 | train_loss=1.6174 train_acc=0.4258 test_loss=1.6281 test_acc=0.3898
Round 22 | selected=[19, 94, 3, 74, 10, 66, 12, 15, 34, 96]
Round 22 | train_loss=1.5510 train_acc=0.4404 test_loss=1.7965 test_acc=0.3189
Round 23 | selected=[21, 65, 82, 31, 87, 4, 24, 43, 1, 37]
Round 23 | train_loss=1.5912 train_acc=0.4320 test_loss=1.8471 test_acc=0.3234
Round 24 | selected=[80, 26, 7, 40, 51, 3, 38, 69, 81, 6]
Round 24 | train_loss=1.6435 train_acc=0.4326 test_loss=1.8079 test_acc=0.3362
Round 25 | selected=[67, 33, 68, 23, 69, 46, 84, 74, 17, 39]
Round 25 | train_loss=1.6444 train_acc=0.4334 test_loss=1.8779 test_acc=0.2964
Round 26 | selected=[35, 73, 94, 20, 13, 11, 29, 70, 87, 55]
Round 26 | train_loss=1.5326 train_acc=0.4706 test_loss=2.0438 test_acc=0.3539
Round 27 | selected=[36, 34, 32, 97, 17, 73, 92, 31, 65, 22]
Round 27 | train_loss=1.6430 train_acc=0.4266 test_loss=1.9547 test_acc=0.3101
Round 28 | selected=[55, 47, 35, 83, 29, 69, 49, 84, 52, 80]
Round 28 | train_loss=1.6046 train_acc=0.4468 test_loss=2.1702 test_acc=0.3374
Round 29 | selected=[64, 84, 49, 55, 35, 88, 37, 68, 51, 77]
Round 29 | train_loss=1.6011 train_acc=0.4536 test_loss=1.7076 test_acc=0.3681
Round 30 | selected=[44, 58, 83, 37, 38, 24, 16, 86, 19, 97]
Round 30 | train_loss=1.4526 train_acc=0.4840 test_loss=1.6210 test_acc=0.3814
Round 31 | selected=[91, 12, 26, 97, 28, 19, 27, 29, 50, 37]
Round 31 | train_loss=1.5366 train_acc=0.4464 test_loss=1.9528 test_acc=0.3221
Round 32 | selected=[18, 48, 87, 47, 37, 8, 99, 29, 42, 27]
Round 32 | train_loss=1.4469 train_acc=0.4986 test_loss=1.6293 test_acc=0.3766
Round 33 | selected=[91, 10, 70, 33, 85, 48, 46, 36, 44, 68]
Round 33 | train_loss=1.5070 train_acc=0.4658 test_loss=1.8586 test_acc=0.3617
Round 34 | selected=[15, 77, 58, 63, 47, 18, 34, 98, 25, 97]
Round 34 | train_loss=1.6241 train_acc=0.4598 test_loss=1.7638 test_acc=0.3593
Round 35 | selected=[95, 82, 19, 77, 83, 25, 30, 0, 87, 69]
Round 35 | train_loss=1.6439 train_acc=0.4312 test_loss=1.7091 test_acc=0.3704
Round 36 | selected=[57, 41, 2, 99, 9, 38, 87, 39, 80, 48]
Round 36 | train_loss=1.4916 train_acc=0.4870 test_loss=1.7557 test_acc=0.3886
Round 37 | selected=[6, 47, 4, 5, 82, 33, 91, 38, 59, 98]
Round 37 | train_loss=1.4990 train_acc=0.4670 test_loss=1.6687 test_acc=0.3960
Round 38 | selected=[8, 30, 11, 0, 86, 68, 93, 67, 60, 40]
Round 38 | train_loss=1.5028 train_acc=0.4714 test_loss=1.7135 test_acc=0.3501
Round 39 | selected=[5, 84, 28, 83, 34, 74, 2, 3, 53, 50]
Round 39 | train_loss=1.5127 train_acc=0.4690 test_loss=1.6257 test_acc=0.3966
Round 40 | selected=[10, 22, 74, 23, 38, 30, 0, 93, 44, 57]
Round 40 | train_loss=1.4705 train_acc=0.4834 test_loss=1.6668 test_acc=0.3875
Round 41 | selected=[67, 8, 13, 28, 34, 37, 77, 14, 49, 47]
Round 41 | train_loss=1.4912 train_acc=0.4836 test_loss=1.7087 test_acc=0.3616
Round 42 | selected=[86, 57, 24, 4, 23, 55, 94, 59, 50, 21]
Round 42 | train_loss=1.5278 train_acc=0.4626 test_loss=1.9567 test_acc=0.3674
Round 43 | selected=[17, 72, 35, 18, 5, 86, 95, 23, 77, 25]
Round 43 | train_loss=1.5183 train_acc=0.4726 test_loss=1.7783 test_acc=0.3863
Round 44 | selected=[54, 13, 62, 81, 94, 17, 47, 22, 50, 21]
Round 44 | train_loss=1.5459 train_acc=0.4650 test_loss=1.5583 test_acc=0.4232
Round 45 | selected=[4, 35, 52, 85, 71, 51, 61, 3, 72, 91]
Round 45 | train_loss=1.4661 train_acc=0.4864 test_loss=1.7328 test_acc=0.4025
Round 46 | selected=[32, 47, 83, 65, 75, 56, 4, 51, 52, 79]
Round 46 | train_loss=1.5344 train_acc=0.4692 test_loss=1.6069 test_acc=0.3833
Round 47 | selected=[50, 13, 94, 72, 14, 31, 27, 97, 9, 59]
Round 47 | train_loss=1.3977 train_acc=0.5060 test_loss=1.5820 test_acc=0.4120
Round 48 | selected=[59, 80, 54, 0, 68, 39, 88, 72, 42, 5]
Round 48 | train_loss=1.4159 train_acc=0.4966 test_loss=1.6322 test_acc=0.4163
Round 49 | selected=[45, 33, 23, 97, 88, 1, 0, 58, 21, 74]
Round 49 | train_loss=1.5157 train_acc=0.4802 test_loss=1.6808 test_acc=0.3911
Round 50 | selected=[73, 88, 96, 64, 4, 0, 17, 86, 14, 95]
Round 50 | train_loss=1.4893 train_acc=0.4894 test_loss=1.6751 test_acc=0.4150
Round 51 | selected=[2, 25, 22, 72, 33, 66, 11, 56, 59, 4]
Round 51 | train_loss=1.4675 train_acc=0.4830 test_loss=1.8403 test_acc=0.3756
Round 52 | selected=[25, 55, 52, 51, 65, 15, 77, 67, 10, 49]
Round 52 | train_loss=1.5282 train_acc=0.4756 test_loss=1.8013 test_acc=0.3730
Round 53 | selected=[45, 17, 75, 29, 88, 55, 6, 34, 7, 22]
Round 53 | train_loss=1.4756 train_acc=0.4850 test_loss=1.7746 test_acc=0.3978
Round 54 | selected=[90, 89, 22, 45, 85, 2, 64, 27, 99, 34]
Round 54 | train_loss=1.3832 train_acc=0.5184 test_loss=1.4042 test_acc=0.4814
Round 55 | selected=[41, 82, 22, 88, 56, 8, 72, 93, 24, 5]
Round 55 | train_loss=1.3207 train_acc=0.5416 test_loss=1.5226 test_acc=0.4326
Round 56 | selected=[23, 38, 99, 11, 58, 0, 75, 34, 94, 74]
Round 56 | train_loss=1.4668 train_acc=0.4850 test_loss=1.5709 test_acc=0.4302
Round 57 | selected=[15, 97, 73, 19, 40, 83, 85, 58, 89, 45]
Round 57 | train_loss=1.4031 train_acc=0.5044 test_loss=1.4555 test_acc=0.4489
Round 58 | selected=[78, 55, 41, 22, 89, 88, 93, 85, 86, 98]
Round 58 | train_loss=1.3288 train_acc=0.5540 test_loss=1.8069 test_acc=0.3719
Round 59 | selected=[85, 47, 15, 62, 50, 82, 38, 90, 52, 33]
Round 59 | train_loss=1.4443 train_acc=0.5078 test_loss=1.5087 test_acc=0.4505
Round 60 | selected=[46, 25, 40, 86, 31, 50, 84, 13, 19, 72]
Round 60 | train_loss=1.3588 train_acc=0.5240 test_loss=1.7792 test_acc=0.4243
Round 61 | selected=[3, 8, 54, 52, 77, 81, 60, 93, 25, 79]
Round 61 | train_loss=1.3777 train_acc=0.5240 test_loss=1.5618 test_acc=0.4193
Round 62 | selected=[77, 76, 7, 30, 74, 47, 93, 33, 42, 98]
Round 62 | train_loss=1.4501 train_acc=0.5102 test_loss=1.4579 test_acc=0.4570
Round 63 | selected=[17, 52, 91, 21, 85, 47, 44, 87, 42, 10]
Round 63 | train_loss=1.3572 train_acc=0.5154 test_loss=1.4858 test_acc=0.4646
Round 64 | selected=[1, 79, 93, 32, 29, 10, 47, 78, 58, 19]
Round 64 | train_loss=1.3380 train_acc=0.5394 test_loss=1.6917 test_acc=0.4539
Round 65 | selected=[55, 10, 46, 74, 54, 15, 81, 66, 12, 93]
Round 65 | train_loss=1.4182 train_acc=0.5180 test_loss=1.5994 test_acc=0.4395
Round 66 | selected=[56, 11, 93, 73, 94, 26, 22, 52, 36, 29]
Round 66 | train_loss=1.3331 train_acc=0.5352 test_loss=1.7850 test_acc=0.3799
Round 67 | selected=[82, 22, 31, 16, 28, 33, 56, 41, 76, 11]
Round 67 | train_loss=1.3747 train_acc=0.5280 test_loss=1.8104 test_acc=0.3980
Round 68 | selected=[81, 97, 82, 70, 39, 55, 89, 85, 36, 83]
Round 68 | train_loss=1.4837 train_acc=0.4948 test_loss=1.7299 test_acc=0.4345
Round 69 | selected=[80, 73, 18, 98, 55, 49, 43, 61, 8, 82]
Round 69 | train_loss=1.2926 train_acc=0.5620 test_loss=1.5346 test_acc=0.4335
Round 70 | selected=[17, 6, 47, 63, 96, 3, 81, 41, 21, 46]
Round 70 | train_loss=1.3868 train_acc=0.5114 test_loss=1.4529 test_acc=0.4557
Round 71 | selected=[85, 20, 24, 98, 21, 64, 11, 58, 68, 62]
Round 71 | train_loss=1.3910 train_acc=0.5078 test_loss=1.3423 test_acc=0.5059
Round 72 | selected=[5, 16, 63, 59, 66, 92, 17, 31, 74, 64]
Round 72 | train_loss=1.2731 train_acc=0.5624 test_loss=1.4414 test_acc=0.4797
Round 73 | selected=[14, 92, 71, 69, 4, 54, 23, 62, 43, 7]
Round 73 | train_loss=1.3698 train_acc=0.5384 test_loss=1.4963 test_acc=0.4566
Round 74 | selected=[72, 6, 11, 52, 57, 59, 55, 28, 94, 82]
Round 74 | train_loss=1.4596 train_acc=0.4986 test_loss=1.8267 test_acc=0.3803
Round 75 | selected=[81, 43, 26, 4, 87, 50, 59, 40, 47, 95]
Round 75 | train_loss=1.4812 train_acc=0.5032 test_loss=1.8726 test_acc=0.4022
Round 76 | selected=[17, 59, 12, 15, 38, 40, 57, 21, 47, 49]
Round 76 | train_loss=1.4285 train_acc=0.5174 test_loss=1.7061 test_acc=0.4233
Round 77 | selected=[8, 57, 39, 27, 96, 6, 59, 44, 66, 86]
Round 77 | train_loss=1.3424 train_acc=0.5548 test_loss=1.4907 test_acc=0.4720
Round 78 | selected=[73, 79, 56, 35, 47, 30, 52, 15, 97, 66]
Round 78 | train_loss=1.2542 train_acc=0.5702 test_loss=1.3129 test_acc=0.5057
Round 79 | selected=[8, 44, 75, 17, 20, 80, 60, 53, 16, 95]
Round 79 | train_loss=1.1915 train_acc=0.6020 test_loss=1.5764 test_acc=0.4345
Round 80 | selected=[4, 88, 83, 15, 45, 78, 92, 58, 46, 52]
Round 80 | train_loss=1.4228 train_acc=0.5186 test_loss=1.6215 test_acc=0.4458
Round 81 | selected=[80, 91, 48, 38, 41, 49, 0, 71, 4, 1]
Round 81 | train_loss=1.3784 train_acc=0.5348 test_loss=1.6446 test_acc=0.4524
Round 82 | selected=[52, 98, 54, 45, 61, 36, 76, 27, 22, 25]
Round 82 | train_loss=1.4578 train_acc=0.5114 test_loss=1.6332 test_acc=0.4216
Round 83 | selected=[96, 15, 80, 66, 98, 0, 44, 70, 38, 10]
Round 83 | train_loss=1.2838 train_acc=0.5578 test_loss=1.7898 test_acc=0.4184
Round 84 | selected=[69, 9, 45, 35, 99, 84, 58, 73, 18, 3]
Round 84 | train_loss=1.2637 train_acc=0.5618 test_loss=1.4015 test_acc=0.4797
Round 85 | selected=[81, 71, 9, 53, 89, 98, 26, 91, 43, 68]
Round 85 | train_loss=1.2775 train_acc=0.5560 test_loss=1.4620 test_acc=0.4898
Round 86 | selected=[39, 82, 72, 29, 95, 53, 75, 79, 90, 32]
Round 86 | train_loss=1.3015 train_acc=0.5726 test_loss=1.5569 test_acc=0.4730
Round 87 | selected=[38, 81, 50, 19, 66, 9, 82, 61, 15, 72]
Round 87 | train_loss=1.3285 train_acc=0.5318 test_loss=1.4470 test_acc=0.4760
Round 88 | selected=[27, 5, 39, 61, 50, 67, 49, 31, 34, 79]
Round 88 | train_loss=1.3447 train_acc=0.5342 test_loss=1.6426 test_acc=0.4429
Round 89 | selected=[48, 42, 13, 22, 57, 15, 55, 56, 19, 36]
Round 89 | train_loss=1.3822 train_acc=0.5306 test_loss=1.6520 test_acc=0.4321
Round 90 | selected=[78, 81, 32, 27, 85, 58, 40, 11, 7, 39]
Round 90 | train_loss=1.4057 train_acc=0.5122 test_loss=1.7370 test_acc=0.4433
Round 91 | selected=[2, 24, 36, 13, 37, 98, 96, 67, 38, 83]
Round 91 | train_loss=1.3255 train_acc=0.5352 test_loss=1.4538 test_acc=0.4764
Round 92 | selected=[57, 54, 69, 47, 15, 32, 68, 59, 20, 90]
Round 92 | train_loss=1.2114 train_acc=0.5794 test_loss=1.2500 test_acc=0.5429
Round 93 | selected=[66, 19, 91, 63, 65, 60, 90, 18, 24, 68]
Round 93 | train_loss=1.1993 train_acc=0.5758 test_loss=1.3181 test_acc=0.5123
Round 94 | selected=[68, 51, 73, 29, 36, 48, 20, 86, 94, 87]
Round 94 | train_loss=1.2978 train_acc=0.5486 test_loss=1.6424 test_acc=0.4799
Round 95 | selected=[36, 74, 82, 80, 10, 28, 88, 17, 66, 13]
Round 95 | train_loss=1.3333 train_acc=0.5584 test_loss=1.5869 test_acc=0.4817
Round 96 | selected=[76, 36, 88, 15, 60, 12, 20, 78, 13, 9]
Round 96 | train_loss=1.2824 train_acc=0.5704 test_loss=1.3060 test_acc=0.5279
Round 97 | selected=[10, 34, 48, 70, 52, 79, 5, 56, 60, 50]
Round 97 | train_loss=1.2816 train_acc=0.5470 test_loss=1.1790 test_acc=0.5681
Round 98 | selected=[95, 69, 18, 64, 54, 31, 85, 15, 88, 48]
Round 98 | train_loss=1.2236 train_acc=0.5820 test_loss=1.4251 test_acc=0.5089
Round 99 | selected=[6, 4, 93, 38, 91, 64, 19, 12, 35, 5]
Round 99 | train_loss=1.2152 train_acc=0.5792 test_loss=1.2917 test_acc=0.5317
Round 100 | selected=[34, 52, 32, 95, 18, 79, 0, 81, 8, 92]
Round 100 | train_loss=1.2577 train_acc=0.5572 test_loss=1.3128 test_acc=0.5232
Round 101 | selected=[42, 20, 63, 46, 75, 93, 12, 37, 55, 61]
Round 101 | train_loss=1.2494 train_acc=0.5674 test_loss=1.4645 test_acc=0.4977
Round 102 | selected=[75, 15, 6, 90, 74, 24, 27, 78, 68, 79]
Round 102 | train_loss=1.2669 train_acc=0.5748 test_loss=1.4335 test_acc=0.4933
Round 103 | selected=[5, 29, 63, 18, 9, 87, 20, 62, 82, 49]
Round 103 | train_loss=1.2780 train_acc=0.5552 test_loss=1.3782 test_acc=0.4939
Round 104 | selected=[91, 66, 37, 23, 40, 27, 15, 65, 88, 78]
Round 104 | train_loss=1.2695 train_acc=0.5634 test_loss=1.4465 test_acc=0.5036
Round 105 | selected=[31, 91, 32, 14, 77, 35, 46, 17, 2, 86]
Round 105 | train_loss=1.2364 train_acc=0.5714 test_loss=1.4742 test_acc=0.5113
Round 106 | selected=[43, 62, 10, 45, 4, 38, 8, 49, 52, 84]
Round 106 | train_loss=1.2230 train_acc=0.5738 test_loss=1.2359 test_acc=0.5462
Round 107 | selected=[34, 19, 64, 70, 43, 29, 41, 4, 1, 37]
Round 107 | train_loss=1.1502 train_acc=0.5994 test_loss=1.3196 test_acc=0.5130
Round 108 | selected=[8, 22, 62, 30, 38, 64, 80, 56, 19, 29]
Round 108 | train_loss=1.1417 train_acc=0.6100 test_loss=1.4020 test_acc=0.5026
Round 109 | selected=[15, 16, 98, 34, 91, 38, 8, 43, 47, 35]
Round 109 | train_loss=1.0600 train_acc=0.6430 test_loss=1.3255 test_acc=0.5218
Round 110 | selected=[27, 16, 95, 72, 96, 63, 5, 24, 85, 3]
Round 110 | train_loss=1.1952 train_acc=0.5952 test_loss=1.2778 test_acc=0.5450
Round 111 | selected=[29, 42, 75, 4, 76, 83, 93, 72, 47, 73]
Round 111 | train_loss=1.1731 train_acc=0.5970 test_loss=1.2835 test_acc=0.5464
Round 112 | selected=[60, 39, 13, 43, 98, 49, 0, 79, 23, 66]
Round 112 | train_loss=1.1529 train_acc=0.6062 test_loss=1.2308 test_acc=0.5543
Round 113 | selected=[50, 68, 73, 44, 4, 14, 38, 32, 63, 77]
Round 113 | train_loss=1.1628 train_acc=0.5952 test_loss=1.3891 test_acc=0.4974
Round 114 | selected=[31, 69, 59, 15, 30, 37, 4, 78, 97, 34]
Round 114 | train_loss=1.3119 train_acc=0.5504 test_loss=1.4564 test_acc=0.5055
Round 115 | selected=[28, 20, 98, 85, 23, 22, 16, 60, 41, 36]
Round 115 | train_loss=1.1371 train_acc=0.6090 test_loss=1.2574 test_acc=0.5555
Round 116 | selected=[4, 35, 40, 44, 50, 41, 91, 11, 7, 88]
Round 116 | train_loss=1.1859 train_acc=0.5868 test_loss=1.1617 test_acc=0.5739
Round 117 | selected=[27, 50, 15, 67, 51, 77, 32, 66, 21, 48]
Round 117 | train_loss=1.1528 train_acc=0.5966 test_loss=1.2819 test_acc=0.5324
Round 118 | selected=[84, 34, 53, 82, 94, 61, 31, 14, 3, 51]
Round 118 | train_loss=1.1829 train_acc=0.5970 test_loss=1.3876 test_acc=0.5098
Round 119 | selected=[92, 28, 70, 45, 60, 30, 89, 27, 68, 56]
Round 119 | train_loss=1.2056 train_acc=0.5836 test_loss=1.1936 test_acc=0.5681
Round 120 | selected=[62, 69, 95, 53, 41, 5, 27, 8, 43, 13]
Round 120 | train_loss=1.1342 train_acc=0.6176 test_loss=1.3100 test_acc=0.5277
Round 121 | selected=[71, 77, 89, 7, 38, 56, 96, 15, 19, 43]
Round 121 | train_loss=1.0903 train_acc=0.6246 test_loss=1.2450 test_acc=0.5561
Round 122 | selected=[64, 37, 53, 94, 98, 21, 2, 24, 84, 4]
Round 122 | train_loss=1.1921 train_acc=0.5872 test_loss=1.3753 test_acc=0.5114
Round 123 | selected=[86, 25, 31, 15, 62, 95, 45, 91, 57, 14]
Round 123 | train_loss=1.1342 train_acc=0.6130 test_loss=1.3262 test_acc=0.5524
Round 124 | selected=[14, 47, 16, 5, 94, 8, 76, 71, 32, 81]
Round 124 | train_loss=1.0838 train_acc=0.6408 test_loss=1.5284 test_acc=0.4887
Round 125 | selected=[15, 43, 97, 55, 32, 99, 31, 92, 18, 78]
Round 125 | train_loss=1.1266 train_acc=0.6172 test_loss=1.4373 test_acc=0.5027
Round 126 | selected=[6, 64, 13, 31, 9, 23, 94, 37, 79, 74]
Round 126 | train_loss=1.2197 train_acc=0.5790 test_loss=1.5508 test_acc=0.4984
Round 127 | selected=[47, 4, 9, 44, 50, 96, 43, 63, 68, 6]
Round 127 | train_loss=1.2123 train_acc=0.5906 test_loss=1.7202 test_acc=0.4585
Round 128 | selected=[89, 80, 29, 51, 1, 14, 33, 57, 3, 6]
Round 128 | train_loss=1.2270 train_acc=0.5984 test_loss=1.4897 test_acc=0.4814
Round 129 | selected=[44, 18, 53, 66, 5, 99, 71, 30, 55, 63]
Round 129 | train_loss=1.1609 train_acc=0.6066 test_loss=1.6041 test_acc=0.4682
Round 130 | selected=[22, 62, 81, 37, 31, 77, 73, 3, 33, 46]
Round 130 | train_loss=1.2857 train_acc=0.5728 test_loss=1.6653 test_acc=0.4419
Round 131 | selected=[68, 35, 90, 12, 77, 3, 85, 0, 31, 33]
Round 131 | train_loss=1.2481 train_acc=0.5896 test_loss=1.5007 test_acc=0.5104
Round 132 | selected=[52, 62, 20, 40, 11, 7, 76, 93, 4, 78]
Round 132 | train_loss=1.2832 train_acc=0.5680 test_loss=1.7129 test_acc=0.4396
Round 133 | selected=[97, 12, 52, 74, 59, 24, 95, 51, 8, 9]
Round 133 | train_loss=1.1650 train_acc=0.6034 test_loss=1.3815 test_acc=0.5446
Round 134 | selected=[71, 92, 40, 49, 84, 82, 88, 28, 33, 22]
Round 134 | train_loss=1.1137 train_acc=0.6206 test_loss=1.2788 test_acc=0.5433
Round 135 | selected=[69, 8, 52, 23, 7, 18, 3, 9, 19, 60]
Round 135 | train_loss=1.0578 train_acc=0.6406 test_loss=1.3020 test_acc=0.5470
Round 136 | selected=[45, 19, 90, 58, 65, 18, 16, 21, 39, 69]
Round 136 | train_loss=1.0738 train_acc=0.6360 test_loss=1.1252 test_acc=0.5959
Round 137 | selected=[22, 66, 1, 85, 96, 9, 81, 78, 73, 91]
Round 137 | train_loss=1.0614 train_acc=0.6310 test_loss=1.2398 test_acc=0.5590
Round 138 | selected=[25, 2, 19, 62, 93, 31, 46, 6, 10, 63]
Round 138 | train_loss=1.1292 train_acc=0.6158 test_loss=1.3839 test_acc=0.5225
Round 139 | selected=[57, 15, 60, 54, 90, 45, 64, 97, 3, 85]
Round 139 | train_loss=1.1004 train_acc=0.6272 test_loss=1.5153 test_acc=0.5221
Round 140 | selected=[88, 68, 82, 2, 54, 57, 96, 33, 22, 89]
Round 140 | train_loss=1.0572 train_acc=0.6202 test_loss=1.3513 test_acc=0.5423
Round 141 | selected=[54, 10, 46, 37, 42, 38, 1, 80, 36, 45]
Round 141 | train_loss=1.0952 train_acc=0.6216 test_loss=1.2381 test_acc=0.5695
Round 142 | selected=[52, 31, 86, 11, 79, 83, 16, 6, 3, 20]
Round 142 | train_loss=1.0407 train_acc=0.6370 test_loss=1.2648 test_acc=0.5588
Round 143 | selected=[58, 46, 84, 39, 45, 93, 67, 36, 40, 16]
Round 143 | train_loss=1.0641 train_acc=0.6410 test_loss=1.1857 test_acc=0.5670
Round 144 | selected=[81, 11, 24, 76, 50, 7, 42, 49, 88, 26]
Round 144 | train_loss=1.1773 train_acc=0.5784 test_loss=1.1635 test_acc=0.5756
Round 145 | selected=[12, 79, 26, 41, 23, 95, 63, 58, 94, 20]
Round 145 | train_loss=1.1079 train_acc=0.6248 test_loss=1.2110 test_acc=0.5638
Round 146 | selected=[60, 24, 40, 83, 94, 64, 71, 95, 84, 5]
Round 146 | train_loss=1.1553 train_acc=0.6068 test_loss=1.3477 test_acc=0.5449
Round 147 | selected=[39, 51, 68, 53, 34, 42, 64, 44, 15, 67]
Round 147 | train_loss=1.0869 train_acc=0.6250 test_loss=1.3334 test_acc=0.5255
Round 148 | selected=[92, 85, 18, 97, 45, 65, 93, 63, 2, 36]
Round 148 | train_loss=1.0668 train_acc=0.6322 test_loss=1.1869 test_acc=0.5674
Round 149 | selected=[14, 25, 77, 59, 20, 42, 43, 55, 48, 86]
Round 149 | train_loss=1.1395 train_acc=0.6174 test_loss=1.2718 test_acc=0.5499
Round 150 | selected=[37, 21, 26, 74, 13, 19, 51, 96, 46, 73]
Round 150 | train_loss=1.0697 train_acc=0.6250 test_loss=1.1177 test_acc=0.6022
Round 151 | selected=[40, 2, 47, 60, 78, 76, 56, 71, 21, 53]
Round 151 | train_loss=1.0529 train_acc=0.6468 test_loss=1.1144 test_acc=0.5951
Round 152 | selected=[95, 45, 93, 78, 10, 83, 85, 33, 68, 55]
Round 152 | train_loss=1.1149 train_acc=0.6160 test_loss=1.1532 test_acc=0.5941
Round 153 | selected=[50, 92, 80, 68, 54, 75, 55, 20, 1, 16]
Round 153 | train_loss=1.0450 train_acc=0.6466 test_loss=1.2698 test_acc=0.5642
Round 154 | selected=[12, 64, 99, 17, 11, 4, 9, 82, 60, 8]
Round 154 | train_loss=1.1223 train_acc=0.6160 test_loss=1.1181 test_acc=0.5958
Round 155 | selected=[11, 75, 99, 24, 17, 95, 8, 34, 56, 90]
Round 155 | train_loss=1.0209 train_acc=0.6458 test_loss=1.0726 test_acc=0.6180
Round 156 | selected=[92, 29, 95, 44, 5, 39, 70, 38, 62, 76]
Round 156 | train_loss=1.0078 train_acc=0.6634 test_loss=1.4071 test_acc=0.5256
Round 157 | selected=[93, 29, 99, 27, 73, 89, 33, 51, 34, 42]
Round 157 | train_loss=1.0882 train_acc=0.6254 test_loss=1.2955 test_acc=0.5504
Round 158 | selected=[9, 29, 75, 78, 87, 52, 1, 36, 48, 37]
Round 158 | train_loss=1.0456 train_acc=0.6370 test_loss=1.1192 test_acc=0.6049
Round 159 | selected=[2, 77, 75, 60, 19, 11, 89, 20, 1, 91]
Round 159 | train_loss=1.0825 train_acc=0.6314 test_loss=1.1965 test_acc=0.5689
Round 160 | selected=[78, 3, 40, 74, 24, 90, 51, 22, 65, 38]
Round 160 | train_loss=1.0748 train_acc=0.6268 test_loss=1.2684 test_acc=0.5662
Round 161 | selected=[17, 23, 29, 44, 32, 97, 82, 4, 13, 55]
Round 161 | train_loss=1.0716 train_acc=0.6346 test_loss=1.2329 test_acc=0.5717
Round 162 | selected=[4, 83, 67, 55, 17, 93, 48, 18, 94, 86]
Round 162 | train_loss=1.0991 train_acc=0.6262 test_loss=1.2052 test_acc=0.5835
Round 163 | selected=[13, 86, 29, 48, 70, 94, 1, 54, 95, 69]
Round 163 | train_loss=1.0331 train_acc=0.6552 test_loss=1.0940 test_acc=0.6095
Round 164 | selected=[80, 3, 9, 10, 81, 37, 57, 97, 58, 24]
Round 164 | train_loss=1.0534 train_acc=0.6332 test_loss=1.1622 test_acc=0.5913
Round 165 | selected=[56, 90, 24, 74, 19, 45, 21, 97, 96, 95]
Round 165 | train_loss=1.0493 train_acc=0.6322 test_loss=1.0497 test_acc=0.6230
Round 166 | selected=[9, 71, 15, 75, 32, 18, 61, 63, 53, 80]
Round 166 | train_loss=0.9524 train_acc=0.6794 test_loss=1.0763 test_acc=0.6175
Round 167 | selected=[95, 97, 52, 12, 96, 77, 80, 74, 78, 98]
Round 167 | train_loss=1.0873 train_acc=0.6320 test_loss=1.4409 test_acc=0.5185
Round 168 | selected=[86, 55, 74, 26, 73, 62, 95, 88, 56, 83]
Round 168 | train_loss=1.0688 train_acc=0.6382 test_loss=1.2227 test_acc=0.5856
Round 169 | selected=[71, 42, 12, 36, 74, 11, 80, 78, 77, 9]
Round 169 | train_loss=1.1405 train_acc=0.6250 test_loss=1.1963 test_acc=0.5921
Round 170 | selected=[16, 65, 91, 57, 20, 60, 25, 4, 94, 58]
Round 170 | train_loss=1.0392 train_acc=0.6452 test_loss=1.1819 test_acc=0.5737
Round 171 | selected=[71, 8, 24, 37, 72, 62, 16, 19, 83, 84]
Round 171 | train_loss=1.0137 train_acc=0.6586 test_loss=1.2578 test_acc=0.5866
Round 172 | selected=[57, 23, 92, 98, 26, 36, 48, 14, 88, 50]
Round 172 | train_loss=1.0523 train_acc=0.6480 test_loss=1.4529 test_acc=0.5194
Round 173 | selected=[56, 51, 45, 0, 59, 55, 68, 33, 61, 80]
Round 173 | train_loss=1.0840 train_acc=0.6352 test_loss=1.3403 test_acc=0.5634
Round 174 | selected=[21, 87, 82, 58, 5, 4, 42, 97, 28, 31]
Round 174 | train_loss=1.0688 train_acc=0.6398 test_loss=1.1879 test_acc=0.5819
Round 175 | selected=[59, 15, 86, 23, 73, 88, 34, 83, 98, 43]
Round 175 | train_loss=0.9718 train_acc=0.6686 test_loss=1.0621 test_acc=0.6214
Round 176 | selected=[2, 59, 98, 12, 75, 63, 21, 86, 89, 19]
Round 176 | train_loss=1.0129 train_acc=0.6516 test_loss=1.2674 test_acc=0.5537
Round 177 | selected=[0, 69, 39, 84, 64, 2, 62, 45, 52, 77]
Round 177 | train_loss=1.0435 train_acc=0.6436 test_loss=1.5326 test_acc=0.5377
Round 178 | selected=[25, 89, 78, 42, 61, 59, 55, 88, 74, 3]
Round 178 | train_loss=1.0780 train_acc=0.6388 test_loss=1.4688 test_acc=0.5150
Round 179 | selected=[11, 28, 63, 57, 83, 70, 93, 50, 74, 18]
Round 179 | train_loss=1.0789 train_acc=0.6284 test_loss=1.1413 test_acc=0.5994
Round 180 | selected=[89, 53, 19, 81, 28, 93, 7, 55, 67, 60]
Round 180 | train_loss=1.0534 train_acc=0.6438 test_loss=1.0570 test_acc=0.6256
Round 181 | selected=[5, 63, 12, 76, 34, 9, 52, 8, 82, 58]
Round 181 | train_loss=1.0205 train_acc=0.6486 test_loss=1.1067 test_acc=0.6116
Round 182 | selected=[3, 5, 21, 29, 44, 62, 95, 17, 31, 93]
Round 182 | train_loss=0.9555 train_acc=0.6778 test_loss=1.2958 test_acc=0.5607
Round 183 | selected=[52, 37, 53, 35, 39, 96, 26, 24, 42, 95]
Round 183 | train_loss=0.9711 train_acc=0.6598 test_loss=1.0276 test_acc=0.6313
Round 184 | selected=[50, 43, 99, 20, 72, 45, 59, 40, 36, 74]
Round 184 | train_loss=1.0000 train_acc=0.6558 test_loss=0.9440 test_acc=0.6623
Round 185 | selected=[58, 98, 50, 82, 81, 7, 49, 1, 96, 48]
Round 185 | train_loss=1.0351 train_acc=0.6366 test_loss=1.1109 test_acc=0.5941
Round 186 | selected=[23, 84, 45, 76, 92, 10, 6, 68, 51, 20]
Round 186 | train_loss=1.0266 train_acc=0.6518 test_loss=1.4997 test_acc=0.5463
Round 187 | selected=[84, 33, 15, 79, 4, 21, 64, 14, 7, 98]
Round 187 | train_loss=1.0169 train_acc=0.6568 test_loss=1.3607 test_acc=0.5244
Round 188 | selected=[57, 47, 0, 85, 7, 54, 40, 66, 43, 36]
Round 188 | train_loss=1.0077 train_acc=0.6514 test_loss=1.0933 test_acc=0.6131
Round 189 | selected=[90, 91, 60, 37, 9, 1, 22, 15, 55, 33]
Round 189 | train_loss=0.9276 train_acc=0.6780 test_loss=1.1410 test_acc=0.6015
Round 190 | selected=[70, 54, 1, 87, 49, 59, 36, 20, 5, 12]
Round 190 | train_loss=0.9987 train_acc=0.6512 test_loss=1.0763 test_acc=0.6207
Round 191 | selected=[98, 7, 79, 0, 15, 13, 99, 32, 43, 12]
Round 191 | train_loss=0.9899 train_acc=0.6684 test_loss=1.1478 test_acc=0.5896
Round 192 | selected=[12, 16, 58, 74, 80, 63, 28, 89, 54, 75]
Round 192 | train_loss=1.0019 train_acc=0.6538 test_loss=1.0821 test_acc=0.6135
Round 193 | selected=[83, 59, 72, 27, 14, 61, 70, 2, 21, 54]
Round 193 | train_loss=0.9997 train_acc=0.6538 test_loss=0.9879 test_acc=0.6516
Round 194 | selected=[50, 69, 52, 76, 10, 15, 35, 94, 32, 82]
Round 194 | train_loss=1.0099 train_acc=0.6498 test_loss=0.9482 test_acc=0.6593
Round 195 | selected=[59, 18, 76, 83, 0, 69, 14, 55, 40, 5]
Round 195 | train_loss=0.9302 train_acc=0.6690 test_loss=1.0974 test_acc=0.6186
Round 196 | selected=[17, 14, 50, 2, 3, 56, 28, 88, 39, 54]
Round 196 | train_loss=0.9940 train_acc=0.6616 test_loss=1.1061 test_acc=0.6172
Round 197 | selected=[70, 97, 32, 90, 2, 35, 23, 94, 4, 68]
Round 197 | train_loss=0.8914 train_acc=0.6918 test_loss=0.9962 test_acc=0.6466
Round 198 | selected=[81, 80, 0, 17, 87, 25, 11, 69, 30, 16]
Round 198 | train_loss=1.0813 train_acc=0.6364 test_loss=1.2001 test_acc=0.5771
Round 199 | selected=[30, 98, 72, 60, 5, 21, 56, 64, 34, 24]
Round 199 | train_loss=1.0268 train_acc=0.6482 test_loss=1.1446 test_acc=0.6158
Round 200 | selected=[3, 57, 79, 20, 84, 21, 71, 76, 59, 60]
Round 200 | train_loss=0.8868 train_acc=0.6952 test_loss=1.1899 test_acc=0.5850
Round 201 | selected=[10, 61, 75, 47, 13, 46, 53, 52, 39, 34]
Round 201 | train_loss=1.0015 train_acc=0.6538 test_loss=1.0702 test_acc=0.6174
Round 202 | selected=[27, 2, 66, 63, 5, 97, 34, 51, 22, 60]
Round 202 | train_loss=0.9074 train_acc=0.6890 test_loss=1.1561 test_acc=0.6087
Round 203 | selected=[96, 74, 75, 25, 4, 98, 33, 70, 89, 95]
Round 203 | train_loss=0.9923 train_acc=0.6658 test_loss=1.2136 test_acc=0.5827
Round 204 | selected=[76, 40, 77, 14, 0, 34, 24, 91, 95, 56]
Round 204 | train_loss=1.0368 train_acc=0.6414 test_loss=1.0611 test_acc=0.6301
Round 205 | selected=[54, 74, 20, 71, 17, 27, 61, 83, 53, 23]
Round 205 | train_loss=0.9676 train_acc=0.6640 test_loss=0.9623 test_acc=0.6611
Round 206 | selected=[60, 74, 34, 53, 3, 35, 4, 6, 19, 91]
Round 206 | train_loss=0.8864 train_acc=0.6886 test_loss=0.9269 test_acc=0.6614
Round 207 | selected=[42, 89, 22, 55, 94, 2, 88, 98, 80, 45]
Round 207 | train_loss=0.9176 train_acc=0.6864 test_loss=1.0052 test_acc=0.6386
Round 208 | selected=[11, 26, 42, 33, 9, 17, 13, 97, 30, 22]
Round 208 | train_loss=0.9613 train_acc=0.6676 test_loss=1.0660 test_acc=0.6321
Round 209 | selected=[67, 23, 20, 18, 37, 58, 25, 52, 98, 3]
Round 209 | train_loss=0.9535 train_acc=0.6662 test_loss=1.1320 test_acc=0.6091
Round 210 | selected=[44, 6, 58, 57, 24, 32, 3, 67, 20, 91]
Round 210 | train_loss=0.9749 train_acc=0.6686 test_loss=0.9664 test_acc=0.6576
Round 211 | selected=[49, 76, 69, 70, 39, 8, 63, 71, 38, 9]
Round 211 | train_loss=0.8774 train_acc=0.6970 test_loss=1.0101 test_acc=0.6441
Round 212 | selected=[43, 48, 99, 93, 2, 67, 86, 18, 64, 39]
Round 212 | train_loss=0.8863 train_acc=0.6952 test_loss=1.0146 test_acc=0.6388
Round 213 | selected=[3, 49, 26, 15, 90, 25, 67, 99, 73, 63]
Round 213 | train_loss=0.8718 train_acc=0.7002 test_loss=0.9809 test_acc=0.6580
Round 214 | selected=[62, 22, 26, 67, 69, 96, 53, 77, 54, 49]
Round 214 | train_loss=0.9427 train_acc=0.6706 test_loss=0.9890 test_acc=0.6437
Round 215 | selected=[87, 42, 41, 25, 47, 93, 56, 68, 22, 72]
Round 215 | train_loss=0.9303 train_acc=0.6806 test_loss=1.0485 test_acc=0.6330
Round 216 | selected=[85, 35, 9, 62, 6, 75, 47, 18, 59, 58]
Round 216 | train_loss=0.9406 train_acc=0.6752 test_loss=1.4100 test_acc=0.5656
Round 217 | selected=[30, 15, 77, 93, 91, 98, 1, 60, 99, 17]
Round 217 | train_loss=0.9188 train_acc=0.6914 test_loss=1.0902 test_acc=0.6204
Round 218 | selected=[80, 51, 15, 25, 22, 23, 86, 49, 4, 72]
Round 218 | train_loss=0.9030 train_acc=0.6914 test_loss=1.1538 test_acc=0.5983
Round 219 | selected=[72, 30, 26, 62, 68, 27, 54, 56, 12, 38]
Round 219 | train_loss=0.9167 train_acc=0.6832 test_loss=0.9614 test_acc=0.6540
Round 220 | selected=[85, 12, 1, 74, 46, 92, 8, 49, 72, 64]
Round 220 | train_loss=0.8989 train_acc=0.6894 test_loss=1.1973 test_acc=0.6000
Round 221 | selected=[79, 21, 7, 2, 99, 34, 35, 80, 5, 69]
Round 221 | train_loss=0.9391 train_acc=0.6788 test_loss=1.2998 test_acc=0.5665
Round 222 | selected=[63, 55, 80, 93, 88, 51, 15, 68, 76, 32]
Round 222 | train_loss=0.9085 train_acc=0.6860 test_loss=0.9689 test_acc=0.6576
Round 223 | selected=[69, 22, 38, 44, 51, 57, 9, 99, 35, 79]
Round 223 | train_loss=0.8668 train_acc=0.6992 test_loss=1.0694 test_acc=0.6295
Round 224 | selected=[13, 54, 77, 75, 98, 81, 4, 65, 53, 45]
Round 224 | train_loss=0.9506 train_acc=0.6808 test_loss=1.1414 test_acc=0.6110
Round 225 | selected=[73, 41, 50, 83, 64, 54, 39, 7, 98, 34]
Round 225 | train_loss=0.9175 train_acc=0.6714 test_loss=1.1227 test_acc=0.6281
Round 226 | selected=[85, 45, 66, 87, 39, 60, 37, 50, 30, 54]
Round 226 | train_loss=0.9239 train_acc=0.6850 test_loss=0.9334 test_acc=0.6695
Round 227 | selected=[86, 1, 96, 4, 71, 99, 59, 44, 39, 76]
Round 227 | train_loss=0.8382 train_acc=0.7112 test_loss=1.1049 test_acc=0.6269
Round 228 | selected=[58, 29, 34, 31, 56, 3, 52, 7, 92, 14]
Round 228 | train_loss=1.0199 train_acc=0.6610 test_loss=1.0428 test_acc=0.6363
Round 229 | selected=[45, 47, 35, 42, 83, 5, 60, 21, 82, 38]
Round 229 | train_loss=0.9029 train_acc=0.6846 test_loss=1.2698 test_acc=0.6022
Round 230 | selected=[18, 79, 88, 65, 7, 83, 87, 35, 51, 98]
Round 230 | train_loss=0.9211 train_acc=0.6906 test_loss=1.1282 test_acc=0.6164
Round 231 | selected=[15, 9, 45, 35, 48, 97, 23, 62, 90, 68]
Round 231 | train_loss=0.9169 train_acc=0.7014 test_loss=1.2652 test_acc=0.5885
Round 232 | selected=[9, 68, 3, 33, 62, 35, 74, 1, 30, 7]
Round 232 | train_loss=0.8996 train_acc=0.6882 test_loss=1.0467 test_acc=0.6341
Round 233 | selected=[85, 32, 82, 39, 21, 72, 0, 84, 25, 49]
Round 233 | train_loss=0.9689 train_acc=0.6636 test_loss=1.0703 test_acc=0.6294
Round 234 | selected=[78, 42, 24, 38, 35, 51, 74, 75, 29, 57]
Round 234 | train_loss=0.9245 train_acc=0.6852 test_loss=1.2217 test_acc=0.5953
Round 235 | selected=[89, 4, 84, 66, 15, 45, 14, 0, 62, 2]
Round 235 | train_loss=0.9550 train_acc=0.6764 test_loss=1.0818 test_acc=0.6255
Round 236 | selected=[60, 31, 16, 81, 25, 90, 38, 21, 8, 91]
Round 236 | train_loss=0.8430 train_acc=0.7114 test_loss=1.1400 test_acc=0.6119
Round 237 | selected=[41, 21, 25, 56, 60, 82, 93, 70, 30, 33]
Round 237 | train_loss=0.9530 train_acc=0.6710 test_loss=1.0061 test_acc=0.6447
Round 238 | selected=[4, 38, 88, 89, 24, 33, 46, 45, 85, 77]
Round 238 | train_loss=0.9250 train_acc=0.6850 test_loss=1.0238 test_acc=0.6492
Round 239 | selected=[48, 79, 76, 5, 68, 95, 31, 1, 86, 73]
Round 239 | train_loss=0.9045 train_acc=0.7002 test_loss=0.9153 test_acc=0.6720
Round 240 | selected=[99, 49, 97, 65, 6, 71, 16, 5, 85, 47]
Round 240 | train_loss=0.8313 train_acc=0.7138 test_loss=1.1147 test_acc=0.6194
Round 241 | selected=[75, 20, 22, 64, 87, 25, 16, 76, 78, 81]
Round 241 | train_loss=0.8870 train_acc=0.7048 test_loss=0.9527 test_acc=0.6653
Round 242 | selected=[78, 1, 19, 37, 33, 75, 23, 60, 8, 87]
Round 242 | train_loss=0.8133 train_acc=0.7176 test_loss=1.1685 test_acc=0.6109
Round 243 | selected=[23, 85, 36, 35, 47, 84, 39, 58, 31, 95]
Round 243 | train_loss=0.8599 train_acc=0.7152 test_loss=1.4537 test_acc=0.5958
Round 244 | selected=[36, 23, 21, 44, 2, 22, 35, 76, 9, 49]
Round 244 | train_loss=0.8679 train_acc=0.6988 test_loss=1.1934 test_acc=0.6014
Round 245 | selected=[93, 47, 23, 83, 65, 53, 49, 50, 13, 95]
Round 245 | train_loss=0.8395 train_acc=0.7070 test_loss=0.9216 test_acc=0.6663
Round 246 | selected=[73, 6, 77, 95, 89, 32, 50, 52, 53, 64]
Round 246 | train_loss=0.8483 train_acc=0.7048 test_loss=0.8495 test_acc=0.6984
Round 247 | selected=[58, 36, 75, 66, 47, 62, 25, 83, 38, 1]
Round 247 | train_loss=0.8619 train_acc=0.7064 test_loss=0.9953 test_acc=0.6496
Round 248 | selected=[45, 57, 87, 53, 79, 10, 40, 56, 90, 18]
Round 248 | train_loss=0.8470 train_acc=0.7142 test_loss=1.0050 test_acc=0.6565
Round 249 | selected=[18, 63, 54, 32, 48, 42, 14, 7, 52, 76]
Round 249 | train_loss=0.9478 train_acc=0.6784 test_loss=1.0444 test_acc=0.6357
Round 250 | selected=[12, 64, 3, 91, 21, 52, 48, 9, 1, 22]
Round 250 | train_loss=0.8664 train_acc=0.7106 test_loss=1.1845 test_acc=0.6150
Round 251 | selected=[58, 8, 53, 54, 63, 25, 38, 57, 30, 90]
Round 251 | train_loss=0.8446 train_acc=0.7190 test_loss=0.9300 test_acc=0.6734
Round 252 | selected=[43, 4, 63, 55, 95, 5, 64, 86, 40, 30]
Round 252 | train_loss=0.8508 train_acc=0.7058 test_loss=0.9628 test_acc=0.6579
Round 253 | selected=[0, 41, 29, 19, 81, 58, 63, 64, 31, 3]
Round 253 | train_loss=0.9452 train_acc=0.6778 test_loss=1.1219 test_acc=0.6123
Round 254 | selected=[40, 42, 9, 48, 34, 46, 86, 71, 22, 60]
Round 254 | train_loss=0.8988 train_acc=0.6894 test_loss=0.9970 test_acc=0.6454
Round 255 | selected=[35, 12, 19, 99, 75, 6, 93, 91, 34, 71]
Round 255 | train_loss=0.8690 train_acc=0.6984 test_loss=0.8925 test_acc=0.6820
Round 256 | selected=[17, 92, 78, 49, 60, 45, 94, 76, 51, 20]
Round 256 | train_loss=0.8910 train_acc=0.6914 test_loss=0.9619 test_acc=0.6578
Round 257 | selected=[38, 11, 72, 73, 19, 23, 94, 75, 30, 55]
Round 257 | train_loss=0.8247 train_acc=0.7058 test_loss=0.8297 test_acc=0.7015
Round 258 | selected=[29, 25, 70, 18, 94, 67, 84, 66, 0, 77]
Round 258 | train_loss=0.8353 train_acc=0.7120 test_loss=0.9223 test_acc=0.6695
Round 259 | selected=[52, 19, 67, 94, 12, 57, 66, 99, 26, 41]
Round 259 | train_loss=0.8773 train_acc=0.6988 test_loss=1.1199 test_acc=0.6079
Round 260 | selected=[91, 35, 45, 56, 81, 83, 93, 60, 12, 65]
Round 260 | train_loss=0.8973 train_acc=0.6960 test_loss=0.9514 test_acc=0.6743
Round 261 | selected=[54, 18, 81, 50, 56, 43, 92, 32, 7, 15]
Round 261 | train_loss=0.8132 train_acc=0.7128 test_loss=0.8584 test_acc=0.6931
Round 262 | selected=[82, 21, 86, 12, 89, 14, 37, 38, 56, 7]
Round 262 | train_loss=0.8225 train_acc=0.7160 test_loss=0.9332 test_acc=0.6835
Round 263 | selected=[54, 91, 63, 39, 94, 16, 2, 52, 17, 21]
Round 263 | train_loss=0.8506 train_acc=0.7084 test_loss=0.9475 test_acc=0.6691
Round 264 | selected=[84, 47, 79, 39, 43, 25, 16, 85, 75, 5]
Round 264 | train_loss=0.7699 train_acc=0.7324 test_loss=1.1913 test_acc=0.6127
Round 265 | selected=[36, 72, 30, 68, 29, 7, 42, 10, 87, 23]
Round 265 | train_loss=0.9333 train_acc=0.6860 test_loss=1.1631 test_acc=0.6132
Round 266 | selected=[75, 76, 14, 48, 59, 28, 60, 23, 42, 66]
Round 266 | train_loss=0.9470 train_acc=0.6782 test_loss=0.9867 test_acc=0.6723
Round 267 | selected=[70, 10, 17, 3, 41, 11, 55, 38, 76, 44]
Round 267 | train_loss=0.9030 train_acc=0.6894 test_loss=0.8408 test_acc=0.7079
Round 268 | selected=[97, 49, 23, 34, 48, 59, 46, 96, 80, 70]
Round 268 | train_loss=0.8410 train_acc=0.7172 test_loss=0.9057 test_acc=0.6796
Round 269 | selected=[33, 79, 18, 68, 54, 87, 4, 56, 46, 44]
Round 269 | train_loss=0.8135 train_acc=0.7300 test_loss=0.9706 test_acc=0.6687
Round 270 | selected=[44, 51, 80, 99, 39, 66, 52, 68, 8, 89]
Round 270 | train_loss=0.7860 train_acc=0.7344 test_loss=0.8523 test_acc=0.6994
Round 271 | selected=[90, 77, 24, 13, 84, 11, 63, 2, 38, 65]
Round 271 | train_loss=0.8110 train_acc=0.7224 test_loss=0.8135 test_acc=0.7162
Round 272 | selected=[48, 83, 1, 59, 8, 65, 88, 31, 37, 61]
Round 272 | train_loss=0.8311 train_acc=0.7132 test_loss=1.0754 test_acc=0.6247
Round 273 | selected=[33, 47, 86, 28, 43, 88, 90, 46, 42, 97]
Round 273 | train_loss=0.7921 train_acc=0.7314 test_loss=0.9466 test_acc=0.6759
Round 274 | selected=[41, 46, 88, 66, 43, 23, 39, 62, 14, 13]
Round 274 | train_loss=0.7964 train_acc=0.7298 test_loss=0.9202 test_acc=0.6620
Round 275 | selected=[61, 49, 76, 43, 34, 75, 19, 77, 13, 96]
Round 275 | train_loss=0.8935 train_acc=0.6878 test_loss=1.0142 test_acc=0.6458
Round 276 | selected=[63, 14, 97, 54, 11, 13, 95, 53, 80, 50]
Round 276 | train_loss=0.8753 train_acc=0.6934 test_loss=1.1072 test_acc=0.6206
Round 277 | selected=[36, 0, 55, 23, 21, 84, 37, 43, 79, 51]
Round 277 | train_loss=0.8394 train_acc=0.7106 test_loss=0.9023 test_acc=0.6867
Round 278 | selected=[88, 16, 12, 33, 22, 77, 38, 87, 92, 24]
Round 278 | train_loss=0.7625 train_acc=0.7452 test_loss=0.8752 test_acc=0.6950
Round 279 | selected=[50, 1, 88, 64, 27, 11, 59, 91, 32, 78]
Round 279 | train_loss=0.8654 train_acc=0.7058 test_loss=0.9322 test_acc=0.6687
Round 280 | selected=[49, 54, 95, 5, 79, 4, 90, 22, 41, 46]
Round 280 | train_loss=0.8189 train_acc=0.7180 test_loss=1.0334 test_acc=0.6577
Round 281 | selected=[30, 44, 36, 49, 52, 58, 41, 65, 93, 75]
Round 281 | train_loss=0.9145 train_acc=0.6846 test_loss=1.2681 test_acc=0.5750
Round 282 | selected=[22, 85, 29, 18, 19, 7, 40, 70, 88, 83]
Round 282 | train_loss=0.9493 train_acc=0.6708 test_loss=1.3151 test_acc=0.6026
Round 283 | selected=[84, 8, 42, 58, 65, 97, 26, 74, 5, 95]
Round 283 | train_loss=0.8889 train_acc=0.7016 test_loss=0.8523 test_acc=0.7003
Round 284 | selected=[93, 42, 37, 78, 6, 35, 86, 70, 13, 83]
Round 284 | train_loss=0.8364 train_acc=0.7134 test_loss=0.8873 test_acc=0.6993
Round 285 | selected=[21, 98, 36, 86, 47, 90, 69, 48, 97, 75]
Round 285 | train_loss=0.7931 train_acc=0.7334 test_loss=0.8032 test_acc=0.7144
Round 286 | selected=[86, 3, 51, 72, 66, 17, 48, 56, 43, 9]
Round 286 | train_loss=0.7735 train_acc=0.7318 test_loss=0.8746 test_acc=0.6916
Round 287 | selected=[77, 47, 18, 84, 2, 34, 15, 0, 63, 91]
Round 287 | train_loss=0.8292 train_acc=0.7184 test_loss=0.9926 test_acc=0.6600
Round 288 | selected=[70, 7, 18, 56, 15, 51, 42, 0, 28, 2]
Round 288 | train_loss=0.7844 train_acc=0.7246 test_loss=0.8009 test_acc=0.7171
Round 289 | selected=[0, 20, 50, 48, 42, 15, 26, 64, 30, 46]
Round 289 | train_loss=0.8113 train_acc=0.7182 test_loss=0.8423 test_acc=0.7027
Round 290 | selected=[58, 43, 87, 13, 83, 56, 66, 78, 39, 25]
Round 290 | train_loss=0.7856 train_acc=0.7336 test_loss=0.9344 test_acc=0.6734
Round 291 | selected=[97, 98, 38, 37, 11, 1, 23, 71, 50, 66]
Round 291 | train_loss=0.8003 train_acc=0.7322 test_loss=0.9295 test_acc=0.6790
Round 292 | selected=[80, 50, 82, 7, 95, 75, 3, 56, 72, 66]
Round 292 | train_loss=0.8002 train_acc=0.7322 test_loss=0.8022 test_acc=0.7160
Round 293 | selected=[95, 7, 20, 34, 4, 62, 84, 91, 73, 98]
Round 293 | train_loss=0.7628 train_acc=0.7364 test_loss=0.9106 test_acc=0.6813
Round 294 | selected=[69, 12, 11, 48, 39, 90, 21, 53, 4, 94]
Round 294 | train_loss=0.8869 train_acc=0.7034 test_loss=1.0387 test_acc=0.6590
Round 295 | selected=[47, 84, 55, 14, 77, 50, 69, 29, 66, 24]
Round 295 | train_loss=0.8028 train_acc=0.7288 test_loss=1.1382 test_acc=0.6345
Round 296 | selected=[8, 64, 63, 88, 95, 47, 14, 98, 86, 76]
Round 296 | train_loss=0.7848 train_acc=0.7362 test_loss=1.0265 test_acc=0.6608
Round 297 | selected=[94, 42, 5, 52, 69, 16, 93, 50, 78, 44]
Round 297 | train_loss=0.9454 train_acc=0.6876 test_loss=1.0860 test_acc=0.6339
Round 298 | selected=[81, 3, 93, 73, 43, 91, 53, 21, 19, 18]
Round 298 | train_loss=0.8484 train_acc=0.7106 test_loss=1.1352 test_acc=0.6181
Round 299 | selected=[77, 32, 91, 48, 59, 29, 14, 22, 46, 65]
Round 299 | train_loss=0.8083 train_acc=0.7344 test_loss=0.9065 test_acc=0.6851
Round 300 | selected=[98, 5, 90, 73, 35, 13, 34, 82, 30, 0]
Round 300 | train_loss=0.7865 train_acc=0.7314 test_loss=0.8183 test_acc=0.7131
Round 301 | selected=[93, 98, 83, 65, 91, 13, 20, 60, 11, 62]
Round 301 | train_loss=0.8249 train_acc=0.7222 test_loss=0.7591 test_acc=0.7336
Round 302 | selected=[7, 78, 60, 95, 98, 21, 71, 79, 69, 11]
Round 302 | train_loss=0.7402 train_acc=0.7496 test_loss=0.8300 test_acc=0.7160
Round 303 | selected=[45, 38, 77, 21, 1, 9, 76, 47, 60, 80]
Round 303 | train_loss=0.7053 train_acc=0.7570 test_loss=0.7681 test_acc=0.7329
Round 304 | selected=[77, 70, 6, 89, 20, 42, 47, 75, 43, 96]
Round 304 | train_loss=0.6931 train_acc=0.7574 test_loss=0.7711 test_acc=0.7306
Round 305 | selected=[29, 35, 80, 62, 28, 94, 83, 69, 8, 25]
Round 305 | train_loss=0.8058 train_acc=0.7262 test_loss=0.7964 test_acc=0.7214
Round 306 | selected=[6, 44, 41, 43, 88, 85, 1, 39, 30, 47]
Round 306 | train_loss=0.7578 train_acc=0.7404 test_loss=1.1111 test_acc=0.6420
Round 307 | selected=[48, 39, 6, 83, 14, 84, 3, 44, 70, 58]
Round 307 | train_loss=0.8511 train_acc=0.7116 test_loss=1.0248 test_acc=0.6544
Round 308 | selected=[7, 71, 22, 27, 64, 42, 1, 44, 81, 9]
Round 308 | train_loss=0.7768 train_acc=0.7306 test_loss=0.8136 test_acc=0.7178
Round 309 | selected=[57, 74, 5, 3, 97, 71, 43, 63, 23, 96]
Round 309 | train_loss=0.6779 train_acc=0.7632 test_loss=0.7422 test_acc=0.7426
Round 310 | selected=[2, 62, 79, 16, 44, 42, 12, 78, 58, 99]
Round 310 | train_loss=0.7760 train_acc=0.7404 test_loss=0.8864 test_acc=0.6937
Round 311 | selected=[22, 46, 57, 81, 15, 51, 30, 88, 17, 56]
Round 311 | train_loss=0.8095 train_acc=0.7238 test_loss=0.8771 test_acc=0.6925
Round 312 | selected=[70, 46, 11, 62, 56, 73, 13, 40, 59, 94]
Round 312 | train_loss=0.9206 train_acc=0.6932 test_loss=1.0594 test_acc=0.6454
Round 313 | selected=[71, 90, 56, 25, 50, 73, 43, 51, 61, 11]
Round 313 | train_loss=0.7543 train_acc=0.7428 test_loss=0.8677 test_acc=0.6992
Round 314 | selected=[50, 13, 46, 30, 6, 91, 38, 18, 36, 9]
Round 314 | train_loss=0.7898 train_acc=0.7262 test_loss=0.8552 test_acc=0.6947
Round 315 | selected=[61, 51, 54, 99, 69, 58, 31, 20, 70, 83]
Round 315 | train_loss=0.8046 train_acc=0.7260 test_loss=0.8236 test_acc=0.7151
Round 316 | selected=[84, 88, 34, 18, 13, 68, 23, 92, 73, 31]
Round 316 | train_loss=0.7297 train_acc=0.7450 test_loss=0.7936 test_acc=0.7253
Round 317 | selected=[36, 71, 44, 74, 31, 14, 88, 17, 10, 78]
Round 317 | train_loss=0.7690 train_acc=0.7426 test_loss=0.8228 test_acc=0.7047
Round 318 | selected=[34, 66, 9, 76, 94, 59, 87, 80, 33, 26]
Round 318 | train_loss=0.7775 train_acc=0.7328 test_loss=0.7866 test_acc=0.7263
Round 319 | selected=[93, 46, 87, 25, 14, 83, 65, 10, 49, 98]
Round 319 | train_loss=0.7597 train_acc=0.7428 test_loss=0.8102 test_acc=0.7164
Round 320 | selected=[90, 75, 10, 24, 15, 53, 49, 58, 28, 1]
Round 320 | train_loss=0.7666 train_acc=0.7414 test_loss=0.7831 test_acc=0.7340
Round 321 | selected=[94, 27, 28, 3, 16, 2, 17, 68, 96, 24]
Round 321 | train_loss=0.7546 train_acc=0.7484 test_loss=0.7506 test_acc=0.7354
Round 322 | selected=[5, 23, 97, 7, 65, 63, 33, 53, 70, 42]
Round 322 | train_loss=0.7115 train_acc=0.7636 test_loss=0.8952 test_acc=0.7020
Round 323 | selected=[24, 87, 54, 18, 30, 2, 34, 59, 72, 12]
Round 323 | train_loss=0.8104 train_acc=0.7270 test_loss=0.9605 test_acc=0.6735
Round 324 | selected=[31, 20, 15, 95, 51, 24, 11, 97, 45, 59]
Round 324 | train_loss=0.7694 train_acc=0.7370 test_loss=0.9878 test_acc=0.6765
Round 325 | selected=[30, 93, 94, 31, 97, 81, 99, 48, 32, 45]
Round 325 | train_loss=0.8541 train_acc=0.7142 test_loss=0.7984 test_acc=0.7221
Round 326 | selected=[35, 31, 2, 85, 33, 78, 96, 70, 71, 37]
Round 326 | train_loss=0.7259 train_acc=0.7544 test_loss=0.7783 test_acc=0.7327
Round 327 | selected=[20, 75, 16, 83, 4, 67, 1, 55, 88, 7]
Round 327 | train_loss=0.6753 train_acc=0.7696 test_loss=0.7763 test_acc=0.7275
Round 328 | selected=[46, 9, 25, 1, 74, 8, 56, 59, 0, 10]
Round 328 | train_loss=0.7475 train_acc=0.7532 test_loss=0.9556 test_acc=0.6754
Round 329 | selected=[86, 51, 65, 17, 85, 95, 88, 22, 12, 23]
Round 329 | train_loss=0.7817 train_acc=0.7398 test_loss=1.0578 test_acc=0.6577
Round 330 | selected=[51, 24, 81, 80, 1, 74, 26, 54, 57, 18]
Round 330 | train_loss=0.7596 train_acc=0.7380 test_loss=0.7526 test_acc=0.7295
Round 331 | selected=[69, 75, 92, 82, 73, 80, 14, 50, 10, 2]
Round 331 | train_loss=0.7074 train_acc=0.7512 test_loss=0.7410 test_acc=0.7475
Round 332 | selected=[1, 8, 83, 97, 66, 92, 69, 78, 81, 6]
Round 332 | train_loss=0.7745 train_acc=0.7454 test_loss=1.0854 test_acc=0.6552
Round 333 | selected=[85, 94, 51, 2, 33, 89, 49, 32, 52, 78]
Round 333 | train_loss=0.7909 train_acc=0.7286 test_loss=1.2061 test_acc=0.6241
Round 334 | selected=[58, 0, 47, 95, 28, 94, 11, 18, 39, 62]
Round 334 | train_loss=0.7913 train_acc=0.7300 test_loss=0.8767 test_acc=0.6980
Round 335 | selected=[86, 16, 7, 19, 29, 76, 57, 18, 83, 41]
Round 335 | train_loss=0.6904 train_acc=0.7628 test_loss=0.7788 test_acc=0.7284
Round 336 | selected=[14, 87, 91, 38, 51, 6, 64, 0, 53, 58]
Round 336 | train_loss=0.7072 train_acc=0.7554 test_loss=0.7654 test_acc=0.7320
Round 337 | selected=[51, 34, 43, 66, 0, 99, 73, 74, 38, 83]
Round 337 | train_loss=0.7357 train_acc=0.7384 test_loss=0.8982 test_acc=0.6878
Round 338 | selected=[66, 53, 20, 91, 36, 59, 9, 55, 28, 64]
Round 338 | train_loss=0.7255 train_acc=0.7504 test_loss=0.8269 test_acc=0.7156
Round 339 | selected=[56, 55, 24, 48, 87, 20, 51, 18, 41, 69]
Round 339 | train_loss=0.7518 train_acc=0.7414 test_loss=0.7758 test_acc=0.7253
Round 340 | selected=[1, 68, 80, 17, 28, 69, 88, 54, 90, 15]
Round 340 | train_loss=0.7421 train_acc=0.7540 test_loss=0.8763 test_acc=0.7028
Round 341 | selected=[74, 46, 14, 39, 38, 56, 18, 44, 0, 6]
Round 341 | train_loss=0.7548 train_acc=0.7444 test_loss=1.4733 test_acc=0.6306
Round 342 | selected=[19, 36, 85, 47, 32, 99, 65, 93, 72, 2]
Round 342 | train_loss=0.8442 train_acc=0.7298 test_loss=1.6584 test_acc=0.6350
Round 343 | selected=[87, 83, 91, 90, 70, 55, 89, 32, 23, 7]
Round 343 | train_loss=0.8076 train_acc=0.7282 test_loss=1.6022 test_acc=0.5759
Round 344 | selected=[15, 4, 80, 16, 22, 91, 81, 36, 32, 24]
Round 344 | train_loss=0.7798 train_acc=0.7424 test_loss=1.1883 test_acc=0.6522
Round 345 | selected=[17, 24, 36, 58, 84, 10, 83, 18, 52, 28]
Round 345 | train_loss=0.8116 train_acc=0.7210 test_loss=1.0203 test_acc=0.6662
Round 346 | selected=[31, 54, 17, 29, 4, 44, 63, 93, 71, 23]
Round 346 | train_loss=0.7425 train_acc=0.7578 test_loss=0.9363 test_acc=0.6920
Round 347 | selected=[11, 34, 27, 94, 55, 87, 60, 10, 32, 52]
Round 347 | train_loss=0.8653 train_acc=0.7076 test_loss=0.9669 test_acc=0.6725
Round 348 | selected=[86, 4, 26, 69, 33, 40, 53, 44, 28, 99]
Round 348 | train_loss=0.7675 train_acc=0.7408 test_loss=0.8987 test_acc=0.7044
Round 349 | selected=[52, 50, 2, 0, 46, 44, 77, 16, 25, 13]
Round 349 | train_loss=0.7098 train_acc=0.7618 test_loss=0.8873 test_acc=0.6975
Round 350 | selected=[47, 66, 30, 70, 15, 85, 96, 13, 34, 77]
Round 350 | train_loss=0.7519 train_acc=0.7398 test_loss=1.0928 test_acc=0.6445
Round 351 | selected=[1, 51, 81, 97, 23, 27, 29, 30, 71, 77]
Round 351 | train_loss=0.7249 train_acc=0.7572 test_loss=0.7706 test_acc=0.7265
Round 352 | selected=[52, 8, 3, 68, 77, 94, 46, 49, 81, 7]
Round 352 | train_loss=0.7656 train_acc=0.7398 test_loss=0.8085 test_acc=0.7150
Round 353 | selected=[29, 33, 15, 72, 68, 75, 27, 28, 55, 45]
Round 353 | train_loss=0.7631 train_acc=0.7378 test_loss=0.9653 test_acc=0.6761
Round 354 | selected=[75, 27, 15, 70, 7, 9, 52, 11, 49, 81]
Round 354 | train_loss=0.8011 train_acc=0.7232 test_loss=0.8155 test_acc=0.7209
Round 355 | selected=[64, 16, 99, 76, 15, 79, 65, 20, 12, 0]
Round 355 | train_loss=0.7137 train_acc=0.7584 test_loss=0.8743 test_acc=0.7078
Round 356 | selected=[57, 94, 82, 91, 58, 77, 78, 99, 51, 88]
Round 356 | train_loss=0.7436 train_acc=0.7492 test_loss=0.8416 test_acc=0.7083
Round 357 | selected=[38, 77, 39, 31, 11, 3, 90, 84, 17, 0]
Round 357 | train_loss=0.6903 train_acc=0.7692 test_loss=0.8072 test_acc=0.7286
Round 358 | selected=[69, 91, 75, 26, 17, 85, 80, 61, 14, 34]
Round 358 | train_loss=0.7518 train_acc=0.7416 test_loss=0.7641 test_acc=0.7316
Round 359 | selected=[4, 34, 85, 38, 25, 73, 44, 65, 22, 74]
Round 359 | train_loss=0.6890 train_acc=0.7558 test_loss=0.7192 test_acc=0.7478
Round 360 | selected=[10, 25, 2, 27, 38, 45, 18, 57, 86, 36]
Round 360 | train_loss=0.7019 train_acc=0.7554 test_loss=0.8087 test_acc=0.7247
Round 361 | selected=[1, 99, 97, 39, 12, 41, 11, 21, 83, 86]
Round 361 | train_loss=0.7028 train_acc=0.7612 test_loss=0.7336 test_acc=0.7433
Round 362 | selected=[17, 15, 30, 13, 9, 85, 71, 49, 55, 78]
Round 362 | train_loss=0.7283 train_acc=0.7528 test_loss=0.7783 test_acc=0.7242
Round 363 | selected=[57, 62, 16, 78, 39, 7, 2, 76, 67, 4]
Round 363 | train_loss=0.6639 train_acc=0.7736 test_loss=0.7237 test_acc=0.7487
Round 364 | selected=[13, 43, 3, 50, 4, 27, 60, 32, 46, 90]
Round 364 | train_loss=0.6541 train_acc=0.7716 test_loss=0.7495 test_acc=0.7401
Round 365 | selected=[13, 65, 18, 9, 45, 98, 91, 44, 51, 64]
Round 365 | train_loss=0.6799 train_acc=0.7694 test_loss=0.7563 test_acc=0.7375
Round 366 | selected=[14, 81, 21, 69, 26, 62, 25, 29, 68, 63]
Round 366 | train_loss=0.7248 train_acc=0.7488 test_loss=0.7684 test_acc=0.7364
Round 367 | selected=[46, 11, 67, 44, 17, 79, 84, 31, 66, 12]
Round 367 | train_loss=0.7162 train_acc=0.7604 test_loss=0.8119 test_acc=0.7240
Round 368 | selected=[58, 72, 78, 24, 88, 77, 64, 65, 14, 15]
Round 368 | train_loss=0.7512 train_acc=0.7508 test_loss=1.1586 test_acc=0.6349
Round 369 | selected=[78, 9, 91, 30, 79, 84, 5, 48, 92, 98]
Round 369 | train_loss=0.7257 train_acc=0.7558 test_loss=1.0210 test_acc=0.6741
Round 370 | selected=[85, 50, 25, 24, 46, 6, 55, 96, 15, 62]
Round 370 | train_loss=0.7703 train_acc=0.7354 test_loss=0.7684 test_acc=0.7293
Round 371 | selected=[94, 65, 79, 96, 85, 9, 91, 21, 2, 53]
Round 371 | train_loss=0.6916 train_acc=0.7532 test_loss=0.7819 test_acc=0.7382
Round 372 | selected=[18, 65, 68, 16, 6, 53, 75, 24, 60, 54]
Round 372 | train_loss=0.6368 train_acc=0.7836 test_loss=0.7907 test_acc=0.7287
Round 373 | selected=[90, 32, 77, 89, 85, 19, 12, 10, 75, 13]
Round 373 | train_loss=0.6782 train_acc=0.7740 test_loss=0.8096 test_acc=0.7246
Round 374 | selected=[20, 17, 76, 10, 44, 48, 46, 38, 96, 19]
Round 374 | train_loss=0.7556 train_acc=0.7360 test_loss=0.9172 test_acc=0.6885
Round 375 | selected=[56, 84, 70, 49, 74, 90, 80, 54, 23, 68]
Round 375 | train_loss=0.7191 train_acc=0.7604 test_loss=0.7441 test_acc=0.7419
Round 376 | selected=[52, 72, 19, 82, 65, 68, 64, 84, 58, 35]
Round 376 | train_loss=0.7180 train_acc=0.7508 test_loss=0.7618 test_acc=0.7311
Round 377 | selected=[33, 82, 67, 92, 4, 30, 68, 37, 96, 17]
Round 377 | train_loss=0.7047 train_acc=0.7600 test_loss=0.7144 test_acc=0.7575
Round 378 | selected=[47, 77, 30, 84, 76, 63, 19, 73, 26, 9]
Round 378 | train_loss=0.6405 train_acc=0.7804 test_loss=0.6750 test_acc=0.7643
Round 379 | selected=[70, 92, 88, 99, 94, 81, 98, 74, 93, 79]
Round 379 | train_loss=0.6936 train_acc=0.7700 test_loss=0.7544 test_acc=0.7366
Round 380 | selected=[79, 54, 74, 28, 53, 10, 75, 34, 73, 20]
Round 380 | train_loss=0.6821 train_acc=0.7618 test_loss=0.7021 test_acc=0.7583
Round 381 | selected=[42, 70, 62, 81, 8, 68, 48, 82, 72, 92]
Round 381 | train_loss=0.6495 train_acc=0.7792 test_loss=0.7698 test_acc=0.7327
Round 382 | selected=[79, 43, 59, 46, 18, 36, 78, 17, 64, 57]
Round 382 | train_loss=0.6568 train_acc=0.7784 test_loss=0.8189 test_acc=0.7269
Round 383 | selected=[74, 11, 68, 5, 22, 79, 83, 29, 63, 86]
Round 383 | train_loss=0.6678 train_acc=0.7718 test_loss=0.8038 test_acc=0.7223
Round 384 | selected=[55, 96, 75, 41, 14, 21, 46, 22, 56, 37]
Round 384 | train_loss=0.7313 train_acc=0.7532 test_loss=0.8167 test_acc=0.7135
Round 385 | selected=[92, 37, 51, 74, 52, 26, 47, 86, 63, 27]
Round 385 | train_loss=0.7692 train_acc=0.7434 test_loss=0.8285 test_acc=0.7199
Round 386 | selected=[0, 1, 58, 23, 40, 67, 66, 90, 19, 38]
Round 386 | train_loss=0.7650 train_acc=0.7422 test_loss=0.8891 test_acc=0.6825
Round 387 | selected=[31, 70, 62, 64, 12, 27, 83, 63, 55, 49]
Round 387 | train_loss=0.7404 train_acc=0.7512 test_loss=0.8185 test_acc=0.7227
Round 388 | selected=[57, 91, 58, 26, 67, 77, 15, 54, 0, 16]
Round 388 | train_loss=0.6911 train_acc=0.7656 test_loss=0.9755 test_acc=0.6832
Round 389 | selected=[44, 48, 57, 98, 76, 71, 59, 7, 65, 34]
Round 389 | train_loss=0.7399 train_acc=0.7478 test_loss=0.9055 test_acc=0.6947
Round 390 | selected=[61, 12, 42, 88, 53, 17, 58, 77, 34, 26]
Round 390 | train_loss=0.6801 train_acc=0.7646 test_loss=0.6748 test_acc=0.7614
Round 391 | selected=[95, 86, 87, 42, 13, 90, 66, 19, 88, 58]
Round 391 | train_loss=0.6228 train_acc=0.7904 test_loss=0.7206 test_acc=0.7480
Round 392 | selected=[55, 70, 22, 8, 25, 47, 98, 27, 13, 12]
Round 392 | train_loss=0.6333 train_acc=0.7894 test_loss=0.6886 test_acc=0.7591
Round 393 | selected=[75, 84, 48, 0, 19, 57, 16, 78, 27, 45]
Round 393 | train_loss=0.6496 train_acc=0.7802 test_loss=0.7030 test_acc=0.7508
Round 394 | selected=[96, 40, 71, 3, 41, 80, 0, 10, 32, 67]
Round 394 | train_loss=0.6671 train_acc=0.7766 test_loss=0.6987 test_acc=0.7590
Round 395 | selected=[58, 21, 17, 54, 89, 96, 64, 92, 35, 7]
Round 395 | train_loss=0.6427 train_acc=0.7778 test_loss=0.7912 test_acc=0.7244
Round 396 | selected=[84, 94, 4, 38, 69, 85, 81, 35, 52, 83]
Round 396 | train_loss=0.7012 train_acc=0.7590 test_loss=0.7354 test_acc=0.7500
Round 397 | selected=[39, 74, 40, 55, 56, 54, 45, 41, 3, 24]
Round 397 | train_loss=0.6758 train_acc=0.7688 test_loss=0.7063 test_acc=0.7569
Round 398 | selected=[38, 67, 5, 11, 0, 16, 49, 90, 15, 92]
Round 398 | train_loss=0.6296 train_acc=0.7888 test_loss=0.7995 test_acc=0.7257
Round 399 | selected=[74, 62, 26, 49, 15, 11, 8, 10, 0, 20]
Round 399 | train_loss=0.7143 train_acc=0.7640 test_loss=0.6381 test_acc=0.7784
Round 400 | selected=[88, 55, 91, 92, 74, 87, 67, 97, 44, 93]
Round 400 | train_loss=0.6267 train_acc=0.7874 test_loss=0.7987 test_acc=0.7295
Round 401 | selected=[66, 51, 90, 69, 8, 32, 9, 93, 34, 94]
Round 401 | train_loss=0.6939 train_acc=0.7672 test_loss=1.0422 test_acc=0.6899
Round 402 | selected=[49, 90, 97, 22, 25, 50, 16, 15, 12, 84]
Round 402 | train_loss=0.6304 train_acc=0.7872 test_loss=0.9068 test_acc=0.6993
Round 403 | selected=[42, 62, 15, 77, 83, 48, 2, 79, 27, 8]
Round 403 | train_loss=0.6531 train_acc=0.7830 test_loss=0.9530 test_acc=0.6899
Round 404 | selected=[12, 15, 32, 7, 89, 13, 4, 98, 11, 86]
Round 404 | train_loss=0.6796 train_acc=0.7654 test_loss=0.8389 test_acc=0.7228
Round 405 | selected=[1, 53, 89, 50, 20, 57, 68, 23, 96, 41]
Round 405 | train_loss=0.6671 train_acc=0.7794 test_loss=0.8373 test_acc=0.7180
Round 406 | selected=[82, 95, 18, 19, 28, 94, 92, 62, 17, 64]
Round 406 | train_loss=0.7009 train_acc=0.7604 test_loss=0.6735 test_acc=0.7676
Round 407 | selected=[86, 97, 47, 42, 70, 15, 68, 12, 13, 48]
Round 407 | train_loss=0.6186 train_acc=0.7926 test_loss=0.6547 test_acc=0.7724
Round 408 | selected=[24, 81, 82, 48, 35, 79, 50, 52, 14, 85]
Round 408 | train_loss=0.6802 train_acc=0.7642 test_loss=0.7612 test_acc=0.7400
Round 409 | selected=[35, 22, 45, 20, 42, 67, 59, 66, 9, 63]
Round 409 | train_loss=0.6594 train_acc=0.7776 test_loss=0.9689 test_acc=0.6910
Round 410 | selected=[10, 57, 36, 6, 81, 2, 23, 35, 11, 76]
Round 410 | train_loss=0.6738 train_acc=0.7630 test_loss=0.8525 test_acc=0.7224
Round 411 | selected=[96, 86, 30, 58, 71, 23, 48, 7, 79, 57]
Round 411 | train_loss=0.6218 train_acc=0.7884 test_loss=0.6624 test_acc=0.7651
Round 412 | selected=[11, 25, 20, 27, 49, 63, 72, 71, 93, 95]
Round 412 | train_loss=0.6383 train_acc=0.7834 test_loss=0.6800 test_acc=0.7614
Round 413 | selected=[5, 58, 1, 82, 39, 70, 18, 11, 34, 62]
Round 413 | train_loss=0.6323 train_acc=0.7776 test_loss=0.6908 test_acc=0.7568
Round 414 | selected=[34, 35, 56, 7, 24, 67, 88, 71, 50, 16]
Round 414 | train_loss=0.6177 train_acc=0.7906 test_loss=0.7361 test_acc=0.7472
Round 415 | selected=[76, 69, 59, 0, 81, 64, 56, 60, 63, 9]
Round 415 | train_loss=0.7431 train_acc=0.7538 test_loss=0.7307 test_acc=0.7463
Round 416 | selected=[73, 98, 44, 24, 95, 70, 71, 96, 76, 36]
Round 416 | train_loss=0.6838 train_acc=0.7636 test_loss=0.8924 test_acc=0.7132
Round 417 | selected=[7, 38, 36, 75, 81, 49, 31, 1, 35, 90]
Round 417 | train_loss=0.6574 train_acc=0.7788 test_loss=0.7467 test_acc=0.7446
Round 418 | selected=[9, 74, 43, 21, 88, 5, 91, 46, 42, 58]
Round 418 | train_loss=0.6414 train_acc=0.7780 test_loss=0.6807 test_acc=0.7675
Round 419 | selected=[6, 43, 11, 12, 41, 47, 21, 48, 99, 18]
Round 419 | train_loss=0.6438 train_acc=0.7776 test_loss=0.6028 test_acc=0.7910
Round 420 | selected=[13, 35, 81, 31, 3, 10, 15, 80, 17, 87]
Round 420 | train_loss=0.6468 train_acc=0.7804 test_loss=0.6219 test_acc=0.7816
Round 421 | selected=[83, 29, 35, 82, 98, 97, 76, 77, 40, 17]
Round 421 | train_loss=0.6206 train_acc=0.7878 test_loss=0.6455 test_acc=0.7763
Round 422 | selected=[37, 34, 75, 16, 12, 98, 64, 92, 56, 11]
Round 422 | train_loss=0.6451 train_acc=0.7874 test_loss=0.8380 test_acc=0.7180
Round 423 | selected=[44, 73, 32, 27, 20, 19, 82, 63, 65, 95]
Round 423 | train_loss=0.7135 train_acc=0.7636 test_loss=1.0905 test_acc=0.6701
Round 424 | selected=[11, 55, 33, 62, 83, 32, 17, 38, 61, 86]
Round 424 | train_loss=0.7011 train_acc=0.7496 test_loss=0.8415 test_acc=0.7129
Round 425 | selected=[87, 66, 31, 76, 22, 36, 17, 7, 64, 99]
Round 425 | train_loss=0.6235 train_acc=0.7886 test_loss=0.7270 test_acc=0.7565
Round 426 | selected=[45, 31, 73, 94, 28, 49, 71, 34, 97, 26]
Round 426 | train_loss=0.6477 train_acc=0.7816 test_loss=0.6485 test_acc=0.7743
Round 427 | selected=[85, 17, 20, 49, 35, 76, 65, 93, 7, 2]
Round 427 | train_loss=0.6488 train_acc=0.7802 test_loss=0.8037 test_acc=0.7324
Round 428 | selected=[61, 79, 58, 26, 51, 16, 8, 35, 64, 19]
Round 428 | train_loss=0.5607 train_acc=0.8108 test_loss=0.6860 test_acc=0.7655
Round 429 | selected=[73, 72, 9, 1, 51, 67, 24, 95, 44, 85]
Round 429 | train_loss=0.7021 train_acc=0.7640 test_loss=0.7820 test_acc=0.7346
Round 430 | selected=[16, 18, 39, 7, 53, 56, 13, 67, 49, 59]
Round 430 | train_loss=0.6264 train_acc=0.7928 test_loss=0.7428 test_acc=0.7445
Round 431 | selected=[37, 85, 62, 7, 73, 53, 39, 74, 71, 93]
Round 431 | train_loss=0.6447 train_acc=0.7832 test_loss=0.7747 test_acc=0.7386
Round 432 | selected=[39, 1, 15, 46, 49, 94, 24, 51, 19, 10]
Round 432 | train_loss=0.7266 train_acc=0.7584 test_loss=1.0935 test_acc=0.6989
Round 433 | selected=[25, 97, 77, 80, 82, 90, 88, 37, 78, 27]
Round 433 | train_loss=0.7104 train_acc=0.7698 test_loss=0.9378 test_acc=0.7039
Round 434 | selected=[66, 76, 47, 42, 46, 25, 96, 19, 61, 72]
Round 434 | train_loss=0.6455 train_acc=0.7788 test_loss=0.7902 test_acc=0.7279
Round 435 | selected=[19, 28, 0, 96, 71, 1, 99, 2, 43, 81]
Round 435 | train_loss=0.6207 train_acc=0.7880 test_loss=0.7009 test_acc=0.7558
Round 436 | selected=[1, 16, 9, 90, 68, 94, 12, 19, 40, 54]
Round 436 | train_loss=0.6095 train_acc=0.7950 test_loss=0.6639 test_acc=0.7725
Round 437 | selected=[27, 89, 97, 86, 12, 15, 55, 50, 99, 47]
Round 437 | train_loss=0.6104 train_acc=0.7988 test_loss=0.7493 test_acc=0.7463
Round 438 | selected=[46, 52, 88, 24, 5, 90, 42, 4, 83, 1]
Round 438 | train_loss=0.5934 train_acc=0.7986 test_loss=0.7107 test_acc=0.7621
Round 439 | selected=[58, 51, 54, 15, 96, 67, 11, 13, 25, 18]
Round 439 | train_loss=0.6449 train_acc=0.7760 test_loss=0.8089 test_acc=0.7235
Round 440 | selected=[88, 98, 4, 34, 96, 41, 86, 5, 62, 59]
Round 440 | train_loss=0.6699 train_acc=0.7748 test_loss=0.6810 test_acc=0.7645
Round 441 | selected=[18, 68, 15, 26, 47, 53, 74, 38, 51, 28]
Round 441 | train_loss=0.6238 train_acc=0.7860 test_loss=0.8133 test_acc=0.7277
Round 442 | selected=[40, 97, 21, 85, 11, 3, 28, 18, 0, 49]
Round 442 | train_loss=0.6631 train_acc=0.7770 test_loss=0.7357 test_acc=0.7420
Round 443 | selected=[17, 83, 28, 54, 19, 24, 23, 97, 38, 11]
Round 443 | train_loss=0.6505 train_acc=0.7788 test_loss=0.6878 test_acc=0.7602
Round 444 | selected=[33, 29, 52, 30, 69, 81, 97, 16, 28, 3]
Round 444 | train_loss=0.6399 train_acc=0.7816 test_loss=0.7273 test_acc=0.7512
Round 445 | selected=[62, 16, 94, 91, 52, 44, 71, 34, 99, 1]
Round 445 | train_loss=0.6499 train_acc=0.7842 test_loss=0.6426 test_acc=0.7793
Round 446 | selected=[27, 46, 45, 22, 41, 44, 74, 73, 47, 64]
Round 446 | train_loss=0.5959 train_acc=0.8016 test_loss=0.6201 test_acc=0.7869
Round 447 | selected=[18, 86, 55, 76, 4, 87, 77, 78, 79, 22]
Round 447 | train_loss=0.5959 train_acc=0.8064 test_loss=0.6862 test_acc=0.7592
Round 448 | selected=[8, 22, 75, 24, 5, 58, 92, 66, 73, 43]
Round 448 | train_loss=0.5286 train_acc=0.8230 test_loss=0.6688 test_acc=0.7705
Round 449 | selected=[5, 84, 33, 77, 20, 73, 98, 31, 97, 51]
Round 449 | train_loss=0.5616 train_acc=0.8098 test_loss=0.8748 test_acc=0.7040
Round 450 | selected=[14, 51, 76, 93, 32, 85, 42, 5, 90, 0]
Round 450 | train_loss=0.6319 train_acc=0.7880 test_loss=0.7549 test_acc=0.7401
Round 451 | selected=[50, 40, 28, 24, 48, 3, 47, 94, 44, 73]
Round 451 | train_loss=0.6482 train_acc=0.7774 test_loss=0.8487 test_acc=0.7160
Round 452 | selected=[36, 8, 29, 72, 33, 65, 60, 56, 74, 71]
Round 452 | train_loss=0.6443 train_acc=0.7872 test_loss=0.9678 test_acc=0.6930
Round 453 | selected=[72, 81, 0, 91, 33, 73, 79, 59, 48, 40]
Round 453 | train_loss=0.7322 train_acc=0.7430 test_loss=0.9871 test_acc=0.6811
Round 454 | selected=[26, 91, 25, 8, 81, 52, 64, 98, 36, 58]
Round 454 | train_loss=0.7244 train_acc=0.7644 test_loss=0.9576 test_acc=0.6951
Round 455 | selected=[95, 3, 16, 65, 29, 48, 82, 50, 10, 96]
Round 455 | train_loss=0.6216 train_acc=0.7954 test_loss=0.6031 test_acc=0.7943
Round 456 | selected=[20, 94, 16, 70, 43, 10, 30, 92, 72, 0]
Round 456 | train_loss=0.5718 train_acc=0.8116 test_loss=0.8271 test_acc=0.7266
Round 457 | selected=[77, 55, 53, 85, 54, 71, 29, 76, 10, 93]
Round 457 | train_loss=0.6182 train_acc=0.7986 test_loss=0.7183 test_acc=0.7613
Round 458 | selected=[13, 50, 84, 46, 35, 0, 53, 39, 44, 48]
Round 458 | train_loss=0.5839 train_acc=0.8026 test_loss=0.6579 test_acc=0.7724
Round 459 | selected=[74, 78, 56, 7, 20, 75, 26, 1, 86, 43]
Round 459 | train_loss=0.6205 train_acc=0.7890 test_loss=0.7194 test_acc=0.7548
Round 460 | selected=[39, 30, 75, 40, 76, 85, 17, 94, 67, 4]
Round 460 | train_loss=0.6848 train_acc=0.7596 test_loss=0.8993 test_acc=0.7108
Round 461 | selected=[18, 24, 5, 36, 94, 57, 92, 35, 6, 17]
Round 461 | train_loss=0.6409 train_acc=0.7860 test_loss=0.6848 test_acc=0.7694
Round 462 | selected=[72, 81, 35, 77, 92, 20, 27, 41, 59, 12]
Round 462 | train_loss=0.6087 train_acc=0.7978 test_loss=0.7044 test_acc=0.7645
Round 463 | selected=[6, 56, 93, 82, 69, 40, 70, 30, 4, 75]
Round 463 | train_loss=0.5941 train_acc=0.7974 test_loss=0.7019 test_acc=0.7574
Round 464 | selected=[66, 73, 37, 39, 8, 77, 68, 79, 18, 83]
Round 464 | train_loss=0.5479 train_acc=0.8114 test_loss=0.6622 test_acc=0.7690
Round 465 | selected=[82, 78, 52, 17, 81, 46, 39, 91, 12, 66]
Round 465 | train_loss=0.6488 train_acc=0.7760 test_loss=0.7499 test_acc=0.7432
Round 466 | selected=[34, 42, 27, 56, 52, 59, 98, 29, 18, 79]
Round 466 | train_loss=0.5981 train_acc=0.7978 test_loss=0.6535 test_acc=0.7776
Round 467 | selected=[38, 9, 59, 32, 16, 93, 98, 58, 65, 44]
Round 467 | train_loss=0.5765 train_acc=0.8150 test_loss=0.6069 test_acc=0.7935
Round 468 | selected=[84, 61, 98, 21, 66, 33, 48, 97, 15, 64]
Round 468 | train_loss=0.5417 train_acc=0.8164 test_loss=0.5979 test_acc=0.7977
Round 469 | selected=[84, 2, 76, 63, 58, 47, 10, 60, 98, 43]
Round 469 | train_loss=0.5256 train_acc=0.8260 test_loss=0.6276 test_acc=0.7869
Round 470 | selected=[34, 50, 99, 66, 8, 31, 2, 9, 21, 96]
Round 470 | train_loss=0.5642 train_acc=0.8106 test_loss=0.6413 test_acc=0.7751
Round 471 | selected=[21, 30, 74, 27, 79, 55, 95, 83, 63, 81]
Round 471 | train_loss=0.6119 train_acc=0.7894 test_loss=0.6371 test_acc=0.7792
Round 472 | selected=[35, 59, 94, 89, 63, 21, 53, 79, 49, 30]
Round 472 | train_loss=0.5994 train_acc=0.7994 test_loss=0.7347 test_acc=0.7508
Round 473 | selected=[6, 93, 36, 81, 74, 31, 84, 14, 37, 46]
Round 473 | train_loss=0.6417 train_acc=0.7766 test_loss=0.6821 test_acc=0.7646
Round 474 | selected=[16, 50, 52, 94, 96, 14, 75, 35, 76, 12]
Round 474 | train_loss=0.6440 train_acc=0.7826 test_loss=0.6939 test_acc=0.7688
Round 475 | selected=[87, 24, 93, 91, 10, 96, 3, 0, 52, 32]
Round 475 | train_loss=0.6386 train_acc=0.7780 test_loss=0.6488 test_acc=0.7764
Round 476 | selected=[0, 43, 81, 58, 52, 16, 99, 61, 74, 23]
Round 476 | train_loss=0.6169 train_acc=0.7874 test_loss=0.7160 test_acc=0.7600
Round 477 | selected=[89, 34, 31, 29, 95, 93, 23, 54, 92, 98]
Round 477 | train_loss=0.6068 train_acc=0.8008 test_loss=0.7805 test_acc=0.7366
Round 478 | selected=[60, 74, 50, 19, 88, 34, 90, 5, 73, 53]
Round 478 | train_loss=0.5954 train_acc=0.7934 test_loss=0.7216 test_acc=0.7535
Round 479 | selected=[23, 70, 60, 28, 7, 54, 94, 33, 79, 56]
Round 479 | train_loss=0.5921 train_acc=0.7990 test_loss=0.7126 test_acc=0.7549
Round 480 | selected=[61, 16, 71, 97, 48, 0, 64, 56, 22, 31]
Round 480 | train_loss=0.5119 train_acc=0.8264 test_loss=0.6753 test_acc=0.7773
Round 481 | selected=[66, 3, 27, 6, 67, 86, 98, 49, 68, 84]
Round 481 | train_loss=0.6229 train_acc=0.7878 test_loss=0.6728 test_acc=0.7710
Round 482 | selected=[85, 6, 20, 49, 0, 93, 38, 98, 77, 90]
Round 482 | train_loss=0.5514 train_acc=0.8116 test_loss=0.7717 test_acc=0.7395
Round 483 | selected=[57, 19, 28, 84, 31, 79, 63, 42, 72, 35]
Round 483 | train_loss=0.5758 train_acc=0.8014 test_loss=0.6787 test_acc=0.7646
Round 484 | selected=[80, 94, 79, 87, 97, 81, 91, 72, 69, 42]
Round 484 | train_loss=0.6038 train_acc=0.7944 test_loss=0.6752 test_acc=0.7676
Round 485 | selected=[22, 81, 95, 32, 38, 0, 57, 62, 17, 6]
Round 485 | train_loss=0.6206 train_acc=0.7832 test_loss=0.8665 test_acc=0.7101
Round 486 | selected=[56, 18, 4, 62, 45, 74, 92, 96, 34, 30]
Round 486 | train_loss=0.6322 train_acc=0.7800 test_loss=0.7750 test_acc=0.7442
Round 487 | selected=[81, 91, 90, 60, 33, 14, 61, 84, 49, 9]
Round 487 | train_loss=0.5844 train_acc=0.7980 test_loss=0.6815 test_acc=0.7623
Round 488 | selected=[39, 28, 65, 87, 66, 33, 88, 23, 41, 11]
Round 488 | train_loss=0.5796 train_acc=0.8008 test_loss=0.6720 test_acc=0.7712
Round 489 | selected=[65, 78, 33, 93, 19, 21, 4, 74, 7, 56]
Round 489 | train_loss=0.6265 train_acc=0.7840 test_loss=0.7013 test_acc=0.7583
Round 490 | selected=[33, 29, 98, 75, 19, 87, 34, 22, 58, 90]
Round 490 | train_loss=0.5479 train_acc=0.8160 test_loss=0.7145 test_acc=0.7558
Round 491 | selected=[97, 15, 37, 90, 16, 79, 7, 50, 80, 47]
Round 491 | train_loss=0.5680 train_acc=0.8086 test_loss=0.7813 test_acc=0.7462
Round 492 | selected=[49, 14, 92, 94, 9, 85, 87, 1, 97, 91]
Round 492 | train_loss=0.6202 train_acc=0.7946 test_loss=0.6488 test_acc=0.7745
Round 493 | selected=[36, 18, 3, 31, 40, 51, 70, 0, 14, 15]
Round 493 | train_loss=0.5601 train_acc=0.8068 test_loss=0.6791 test_acc=0.7723
Round 494 | selected=[47, 65, 71, 99, 14, 20, 24, 92, 73, 67]
Round 494 | train_loss=0.5633 train_acc=0.8114 test_loss=0.5851 test_acc=0.8008
Round 495 | selected=[40, 29, 84, 51, 4, 74, 11, 71, 72, 28]
Round 495 | train_loss=0.5547 train_acc=0.8088 test_loss=0.6836 test_acc=0.7631
Round 496 | selected=[35, 51, 82, 61, 78, 73, 38, 56, 30, 67]
Round 496 | train_loss=0.5860 train_acc=0.7974 test_loss=0.6071 test_acc=0.7917
Round 497 | selected=[0, 76, 84, 62, 87, 9, 12, 26, 46, 51]
Round 497 | train_loss=0.5641 train_acc=0.8076 test_loss=0.6085 test_acc=0.7932
Round 498 | selected=[53, 52, 6, 38, 84, 12, 89, 82, 55, 16]
Round 498 | train_loss=0.5385 train_acc=0.8188 test_loss=0.6047 test_acc=0.7919
Round 499 | selected=[70, 6, 25, 3, 54, 18, 91, 50, 55, 20]
Round 499 | train_loss=0.5558 train_acc=0.8108 test_loss=0.6264 test_acc=0.7836
Round 500 | selected=[45, 48, 51, 86, 12, 72, 76, 68, 18, 44]
Round 500 | train_loss=0.5533 train_acc=0.8144 test_loss=0.8141 test_acc=0.7331
Saved: track1/results/cifar10/final_seed46/fedavg_alpha1_seed46.csv
COMPLETED: fedavg alpha1 seed=46
