========================================
JOB:       12005128
TASK:      28
ALGORITHM: fedadam
PARTITION: iid
SEED:      44
GPU:       0
========================================
Device: cuda
GPU: Tesla V100-PCIE-32GB
Round 0 | test_loss=3.0410 test_acc=0.1229
Round 1 | selected=[38, 24, 76, 63, 8, 52, 11, 60, 94, 16]
Round 1 | train_loss=2.3220 train_acc=0.1240 test_loss=9.4495 test_acc=0.1005
Round 2 | selected=[38, 88, 40, 98, 58, 91, 39, 56, 35, 96]
Round 2 | train_loss=2.3041 train_acc=0.2134 test_loss=2.3485 test_acc=0.1579
Round 3 | selected=[63, 8, 77, 16, 70, 81, 90, 68, 18, 54]
Round 3 | train_loss=2.0303 train_acc=0.2656 test_loss=2.2945 test_acc=0.2145
Round 4 | selected=[62, 58, 33, 61, 76, 14, 29, 71, 39, 27]
Round 4 | train_loss=1.9116 train_acc=0.3160 test_loss=3.3502 test_acc=0.2049
Round 5 | selected=[10, 71, 32, 79, 27, 87, 48, 53, 59, 76]
Round 5 | train_loss=1.8815 train_acc=0.3072 test_loss=2.1680 test_acc=0.3055
Round 6 | selected=[96, 43, 42, 70, 26, 67, 35, 12, 51, 55]
Round 6 | train_loss=1.8012 train_acc=0.3430 test_loss=1.7056 test_acc=0.3809
Round 7 | selected=[41, 62, 97, 46, 72, 24, 32, 30, 19, 21]
Round 7 | train_loss=1.7025 train_acc=0.3802 test_loss=1.7475 test_acc=0.3848
Round 8 | selected=[14, 39, 84, 69, 58, 11, 79, 44, 99, 86]
Round 8 | train_loss=1.6806 train_acc=0.3778 test_loss=1.6383 test_acc=0.4060
Round 9 | selected=[65, 67, 19, 15, 83, 72, 91, 25, 0, 3]
Round 9 | train_loss=1.6022 train_acc=0.4052 test_loss=1.6705 test_acc=0.4000
Round 10 | selected=[41, 79, 99, 18, 46, 7, 20, 74, 73, 33]
Round 10 | train_loss=1.5902 train_acc=0.4180 test_loss=1.5978 test_acc=0.4188
Round 11 | selected=[26, 48, 65, 63, 77, 20, 12, 81, 83, 30]
Round 11 | train_loss=1.5677 train_acc=0.4182 test_loss=1.4811 test_acc=0.4561
Round 12 | selected=[17, 12, 30, 9, 67, 97, 87, 35, 65, 14]
Round 12 | train_loss=1.5311 train_acc=0.4400 test_loss=1.4522 test_acc=0.4679
Round 13 | selected=[38, 49, 87, 82, 5, 97, 31, 93, 80, 58]
Round 13 | train_loss=1.5084 train_acc=0.4526 test_loss=1.4660 test_acc=0.4671
Round 14 | selected=[76, 65, 90, 20, 87, 52, 7, 28, 4, 81]
Round 14 | train_loss=1.4598 train_acc=0.4626 test_loss=1.4749 test_acc=0.4650
Round 15 | selected=[67, 29, 12, 96, 70, 48, 17, 83, 93, 62]
Round 15 | train_loss=1.4263 train_acc=0.4794 test_loss=1.5013 test_acc=0.4649
Round 16 | selected=[31, 16, 28, 87, 57, 21, 71, 24, 37, 83]
Round 16 | train_loss=1.4562 train_acc=0.4676 test_loss=1.3966 test_acc=0.4987
Round 17 | selected=[11, 21, 65, 34, 43, 10, 99, 71, 40, 14]
Round 17 | train_loss=1.4318 train_acc=0.4838 test_loss=1.3384 test_acc=0.5151
Round 18 | selected=[49, 17, 56, 0, 16, 99, 80, 6, 44, 40]
Round 18 | train_loss=1.3672 train_acc=0.4960 test_loss=1.3297 test_acc=0.5194
Round 19 | selected=[70, 38, 57, 98, 74, 14, 71, 81, 28, 97]
Round 19 | train_loss=1.3487 train_acc=0.5090 test_loss=1.3274 test_acc=0.5139
Round 20 | selected=[1, 16, 49, 67, 22, 27, 88, 76, 21, 15]
Round 20 | train_loss=1.3266 train_acc=0.5132 test_loss=1.3007 test_acc=0.5221
Round 21 | selected=[83, 43, 56, 50, 16, 18, 32, 15, 74, 62]
Round 21 | train_loss=1.3100 train_acc=0.5228 test_loss=1.3137 test_acc=0.5327
Round 22 | selected=[24, 34, 96, 18, 44, 92, 8, 32, 95, 90]
Round 22 | train_loss=1.3232 train_acc=0.5204 test_loss=1.3206 test_acc=0.5404
Round 23 | selected=[64, 65, 0, 57, 52, 97, 73, 19, 58, 4]
Round 23 | train_loss=1.2662 train_acc=0.5420 test_loss=1.2210 test_acc=0.5685
Round 24 | selected=[19, 94, 23, 25, 64, 77, 8, 81, 41, 10]
Round 24 | train_loss=1.2890 train_acc=0.5324 test_loss=1.1885 test_acc=0.5761
Round 25 | selected=[70, 34, 47, 84, 12, 40, 32, 64, 18, 83]
Round 25 | train_loss=1.2521 train_acc=0.5414 test_loss=1.1635 test_acc=0.5891
Round 26 | selected=[43, 79, 40, 96, 47, 24, 64, 11, 48, 42]
Round 26 | train_loss=1.2301 train_acc=0.5582 test_loss=1.1280 test_acc=0.5978
Round 27 | selected=[67, 41, 12, 54, 98, 21, 83, 13, 30, 1]
Round 27 | train_loss=1.2193 train_acc=0.5598 test_loss=1.1362 test_acc=0.5929
Round 28 | selected=[92, 72, 96, 76, 33, 15, 30, 46, 74, 23]
Round 28 | train_loss=1.2323 train_acc=0.5612 test_loss=1.1338 test_acc=0.5912
Round 29 | selected=[82, 77, 28, 32, 37, 26, 55, 67, 71, 44]
Round 29 | train_loss=1.1956 train_acc=0.5740 test_loss=1.2341 test_acc=0.5579
Round 30 | selected=[31, 96, 80, 66, 34, 26, 33, 3, 52, 11]
Round 30 | train_loss=1.1873 train_acc=0.5706 test_loss=1.1805 test_acc=0.5788
Round 31 | selected=[58, 10, 95, 55, 69, 25, 1, 13, 77, 65]
Round 31 | train_loss=1.1692 train_acc=0.5764 test_loss=1.0708 test_acc=0.6162
Round 32 | selected=[53, 30, 66, 76, 6, 85, 81, 48, 54, 5]
Round 32 | train_loss=1.1658 train_acc=0.5938 test_loss=1.1260 test_acc=0.6062
Round 33 | selected=[91, 75, 14, 11, 33, 80, 8, 47, 82, 37]
Round 33 | train_loss=1.1521 train_acc=0.5784 test_loss=1.1246 test_acc=0.6033
Round 34 | selected=[54, 94, 5, 99, 64, 91, 80, 62, 36, 52]
Round 34 | train_loss=1.0897 train_acc=0.6062 test_loss=1.1081 test_acc=0.6049
Round 35 | selected=[5, 20, 50, 98, 84, 74, 51, 91, 44, 78]
Round 35 | train_loss=1.0920 train_acc=0.6072 test_loss=1.0980 test_acc=0.6076
Round 36 | selected=[78, 31, 53, 12, 21, 49, 76, 46, 80, 2]
Round 36 | train_loss=1.0847 train_acc=0.6156 test_loss=1.0067 test_acc=0.6420
Round 37 | selected=[61, 19, 23, 45, 12, 65, 27, 39, 85, 24]
Round 37 | train_loss=1.0811 train_acc=0.6142 test_loss=1.0509 test_acc=0.6226
Round 38 | selected=[24, 92, 93, 64, 44, 89, 42, 35, 45, 20]
Round 38 | train_loss=1.0835 train_acc=0.6208 test_loss=1.0271 test_acc=0.6371
Round 39 | selected=[95, 2, 21, 56, 41, 52, 31, 55, 23, 57]
Round 39 | train_loss=1.0476 train_acc=0.6282 test_loss=0.9974 test_acc=0.6472
Round 40 | selected=[80, 69, 90, 46, 78, 67, 38, 55, 10, 49]
Round 40 | train_loss=1.0225 train_acc=0.6374 test_loss=1.0023 test_acc=0.6427
Round 41 | selected=[70, 76, 56, 97, 71, 44, 64, 94, 4, 36]
Round 41 | train_loss=1.0056 train_acc=0.6462 test_loss=1.0552 test_acc=0.6286
Round 42 | selected=[94, 14, 80, 79, 17, 23, 33, 2, 44, 88]
Round 42 | train_loss=1.0123 train_acc=0.6408 test_loss=0.9988 test_acc=0.6450
Round 43 | selected=[66, 91, 58, 96, 1, 49, 38, 16, 89, 39]
Round 43 | train_loss=0.9912 train_acc=0.6438 test_loss=0.9515 test_acc=0.6605
Round 44 | selected=[91, 90, 7, 26, 99, 12, 54, 48, 0, 36]
Round 44 | train_loss=0.9642 train_acc=0.6528 test_loss=0.9497 test_acc=0.6661
Round 45 | selected=[47, 6, 4, 38, 14, 62, 40, 63, 41, 99]
Round 45 | train_loss=0.9986 train_acc=0.6498 test_loss=1.0326 test_acc=0.6360
Round 46 | selected=[2, 52, 60, 29, 57, 71, 33, 39, 75, 95]
Round 46 | train_loss=0.9607 train_acc=0.6538 test_loss=1.0555 test_acc=0.6335
Round 47 | selected=[92, 35, 28, 54, 74, 46, 49, 13, 62, 4]
Round 47 | train_loss=0.9368 train_acc=0.6714 test_loss=0.9690 test_acc=0.6622
Round 48 | selected=[97, 40, 62, 82, 13, 85, 78, 32, 63, 43]
Round 48 | train_loss=0.9269 train_acc=0.6758 test_loss=0.9699 test_acc=0.6577
Round 49 | selected=[5, 6, 35, 70, 67, 94, 82, 33, 45, 91]
Round 49 | train_loss=0.9279 train_acc=0.6668 test_loss=0.9458 test_acc=0.6671
Round 50 | selected=[58, 48, 26, 18, 85, 14, 75, 81, 29, 47]
Round 50 | train_loss=0.9099 train_acc=0.6802 test_loss=0.9153 test_acc=0.6783
Round 51 | selected=[5, 11, 20, 81, 75, 4, 32, 86, 17, 7]
Round 51 | train_loss=0.9438 train_acc=0.6662 test_loss=0.8977 test_acc=0.6849
Round 52 | selected=[41, 98, 97, 1, 93, 3, 33, 87, 88, 31]
Round 52 | train_loss=0.9170 train_acc=0.6804 test_loss=0.8996 test_acc=0.6888
Round 53 | selected=[66, 26, 17, 68, 79, 88, 27, 25, 89, 12]
Round 53 | train_loss=0.9075 train_acc=0.6794 test_loss=0.8779 test_acc=0.6914
Round 54 | selected=[13, 22, 89, 3, 91, 63, 61, 14, 90, 95]
Round 54 | train_loss=0.8730 train_acc=0.6950 test_loss=0.8781 test_acc=0.6954
Round 55 | selected=[18, 90, 57, 2, 98, 61, 67, 51, 60, 76]
Round 55 | train_loss=0.8726 train_acc=0.6870 test_loss=0.9253 test_acc=0.6836
Round 56 | selected=[20, 50, 90, 10, 18, 73, 52, 26, 41, 76]
Round 56 | train_loss=0.8503 train_acc=0.6908 test_loss=0.8793 test_acc=0.6994
Round 57 | selected=[44, 6, 91, 4, 15, 23, 76, 36, 73, 50]
Round 57 | train_loss=0.8484 train_acc=0.7012 test_loss=0.9023 test_acc=0.6913
Round 58 | selected=[76, 70, 99, 41, 38, 17, 77, 34, 21, 59]
Round 58 | train_loss=0.8440 train_acc=0.7076 test_loss=0.8656 test_acc=0.7038
Round 59 | selected=[31, 41, 12, 17, 67, 42, 84, 82, 16, 69]
Round 59 | train_loss=0.8146 train_acc=0.7118 test_loss=0.9157 test_acc=0.6911
Round 60 | selected=[6, 43, 10, 86, 28, 11, 19, 79, 39, 60]
Round 60 | train_loss=0.8474 train_acc=0.6984 test_loss=0.9224 test_acc=0.6912
Round 61 | selected=[46, 2, 96, 11, 65, 66, 23, 24, 78, 19]
Round 61 | train_loss=0.8379 train_acc=0.7010 test_loss=0.7846 test_acc=0.7273
Round 62 | selected=[88, 68, 83, 23, 30, 86, 70, 0, 97, 75]
Round 62 | train_loss=0.8173 train_acc=0.7104 test_loss=0.9092 test_acc=0.6891
Round 63 | selected=[16, 27, 68, 1, 40, 96, 88, 34, 77, 53]
Round 63 | train_loss=0.8236 train_acc=0.7128 test_loss=0.9191 test_acc=0.6855
Round 64 | selected=[9, 76, 78, 87, 2, 79, 65, 37, 60, 64]
Round 64 | train_loss=0.7789 train_acc=0.7256 test_loss=1.0450 test_acc=0.6565
Round 65 | selected=[79, 96, 86, 98, 9, 75, 58, 87, 51, 17]
Round 65 | train_loss=0.7793 train_acc=0.7204 test_loss=0.8557 test_acc=0.7055
Round 66 | selected=[3, 41, 39, 35, 38, 13, 11, 31, 81, 1]
Round 66 | train_loss=0.7682 train_acc=0.7262 test_loss=0.8304 test_acc=0.7191
Round 67 | selected=[45, 75, 3, 47, 57, 56, 88, 79, 8, 22]
Round 67 | train_loss=0.7704 train_acc=0.7270 test_loss=0.8657 test_acc=0.7084
Round 68 | selected=[65, 16, 0, 7, 40, 77, 81, 41, 60, 83]
Round 68 | train_loss=0.7423 train_acc=0.7376 test_loss=0.8987 test_acc=0.6975
Round 69 | selected=[18, 68, 89, 15, 88, 93, 49, 92, 67, 38]
Round 69 | train_loss=0.7387 train_acc=0.7374 test_loss=0.8103 test_acc=0.7220
Round 70 | selected=[1, 99, 7, 54, 51, 92, 67, 95, 88, 50]
Round 70 | train_loss=0.7264 train_acc=0.7478 test_loss=0.7648 test_acc=0.7323
Round 71 | selected=[45, 20, 79, 28, 66, 94, 35, 11, 93, 33]
Round 71 | train_loss=0.7476 train_acc=0.7398 test_loss=0.7944 test_acc=0.7258
Round 72 | selected=[64, 43, 83, 81, 5, 71, 95, 58, 11, 74]
Round 72 | train_loss=0.7266 train_acc=0.7448 test_loss=0.8375 test_acc=0.7158
Round 73 | selected=[50, 32, 0, 81, 8, 64, 66, 60, 70, 45]
Round 73 | train_loss=0.7170 train_acc=0.7460 test_loss=0.7884 test_acc=0.7318
Round 74 | selected=[92, 58, 39, 11, 3, 84, 97, 85, 20, 65]
Round 74 | train_loss=0.6996 train_acc=0.7512 test_loss=0.7439 test_acc=0.7489
Round 75 | selected=[92, 29, 28, 26, 10, 65, 85, 84, 43, 42]
Round 75 | train_loss=0.7211 train_acc=0.7486 test_loss=0.7351 test_acc=0.7486
Round 76 | selected=[93, 19, 91, 29, 14, 4, 88, 32, 0, 11]
Round 76 | train_loss=0.7082 train_acc=0.7446 test_loss=0.8073 test_acc=0.7302
Round 77 | selected=[58, 76, 51, 88, 10, 37, 94, 99, 69, 89]
Round 77 | train_loss=0.7086 train_acc=0.7538 test_loss=0.7738 test_acc=0.7358
Round 78 | selected=[6, 3, 33, 78, 32, 97, 83, 86, 80, 62]
Round 78 | train_loss=0.6991 train_acc=0.7546 test_loss=0.7638 test_acc=0.7408
Round 79 | selected=[88, 71, 8, 85, 82, 50, 51, 44, 14, 56]
Round 79 | train_loss=0.6895 train_acc=0.7606 test_loss=0.7916 test_acc=0.7335
Round 80 | selected=[2, 7, 13, 46, 71, 19, 24, 77, 86, 79]
Round 80 | train_loss=0.6858 train_acc=0.7624 test_loss=0.7080 test_acc=0.7584
Round 81 | selected=[25, 90, 13, 32, 59, 66, 54, 81, 67, 16]
Round 81 | train_loss=0.6649 train_acc=0.7648 test_loss=0.7238 test_acc=0.7547
Round 82 | selected=[85, 20, 54, 73, 50, 70, 71, 51, 99, 74]
Round 82 | train_loss=0.6458 train_acc=0.7698 test_loss=0.6743 test_acc=0.7722
Round 83 | selected=[42, 20, 17, 11, 98, 10, 46, 84, 38, 53]
Round 83 | train_loss=0.6668 train_acc=0.7688 test_loss=0.7882 test_acc=0.7409
Round 84 | selected=[72, 1, 52, 21, 9, 5, 69, 45, 74, 58]
Round 84 | train_loss=0.6837 train_acc=0.7614 test_loss=0.8198 test_acc=0.7343
Round 85 | selected=[74, 13, 75, 78, 80, 24, 8, 30, 97, 20]
Round 85 | train_loss=0.6403 train_acc=0.7786 test_loss=0.7071 test_acc=0.7633
Round 86 | selected=[48, 45, 38, 10, 71, 84, 82, 53, 42, 7]
Round 86 | train_loss=0.6299 train_acc=0.7812 test_loss=0.7602 test_acc=0.7468
Round 87 | selected=[98, 54, 40, 95, 59, 88, 92, 93, 28, 97]
Round 87 | train_loss=0.6391 train_acc=0.7850 test_loss=0.6671 test_acc=0.7760
Round 88 | selected=[16, 44, 9, 82, 81, 18, 85, 94, 64, 88]
Round 88 | train_loss=0.6339 train_acc=0.7818 test_loss=0.6708 test_acc=0.7735
Round 89 | selected=[18, 61, 27, 67, 48, 57, 95, 49, 76, 30]
Round 89 | train_loss=0.6177 train_acc=0.7860 test_loss=0.7117 test_acc=0.7616
Round 90 | selected=[90, 31, 36, 67, 7, 93, 1, 77, 11, 15]
Round 90 | train_loss=0.6463 train_acc=0.7804 test_loss=0.7310 test_acc=0.7530
Round 91 | selected=[50, 15, 33, 91, 99, 98, 2, 67, 49, 43]
Round 91 | train_loss=0.6251 train_acc=0.7854 test_loss=0.7053 test_acc=0.7587
Round 92 | selected=[47, 23, 16, 25, 85, 13, 15, 12, 55, 97]
Round 92 | train_loss=0.6267 train_acc=0.7822 test_loss=0.6800 test_acc=0.7714
Round 93 | selected=[10, 5, 36, 2, 76, 89, 40, 12, 58, 47]
Round 93 | train_loss=0.6065 train_acc=0.7944 test_loss=0.7402 test_acc=0.7556
Round 94 | selected=[56, 51, 89, 78, 22, 87, 67, 62, 11, 91]
Round 94 | train_loss=0.5767 train_acc=0.7944 test_loss=0.7624 test_acc=0.7522
Round 95 | selected=[36, 56, 50, 92, 13, 42, 93, 8, 20, 45]
Round 95 | train_loss=0.5777 train_acc=0.8000 test_loss=0.6958 test_acc=0.7673
Round 96 | selected=[42, 2, 44, 21, 74, 82, 34, 83, 49, 31]
Round 96 | train_loss=0.5913 train_acc=0.7878 test_loss=0.7184 test_acc=0.7617
Round 97 | selected=[20, 33, 86, 30, 23, 31, 71, 2, 50, 69]
Round 97 | train_loss=0.5805 train_acc=0.7952 test_loss=0.7118 test_acc=0.7633
Round 98 | selected=[75, 45, 13, 32, 12, 54, 16, 80, 83, 86]
Round 98 | train_loss=0.5781 train_acc=0.7970 test_loss=0.6383 test_acc=0.7828
Round 99 | selected=[31, 83, 63, 91, 90, 35, 69, 82, 16, 49]
Round 99 | train_loss=0.5556 train_acc=0.8052 test_loss=0.6947 test_acc=0.7697
Round 100 | selected=[45, 35, 10, 6, 64, 72, 34, 37, 75, 7]
Round 100 | train_loss=0.5955 train_acc=0.7900 test_loss=0.7057 test_acc=0.7674
Round 101 | selected=[1, 11, 21, 12, 36, 50, 53, 52, 9, 37]
Round 101 | train_loss=0.5827 train_acc=0.7924 test_loss=0.6731 test_acc=0.7769
Round 102 | selected=[78, 94, 38, 97, 29, 51, 73, 52, 76, 1]
Round 102 | train_loss=0.5748 train_acc=0.7960 test_loss=0.6400 test_acc=0.7871
Round 103 | selected=[48, 85, 24, 15, 40, 35, 70, 43, 90, 26]
Round 103 | train_loss=0.5686 train_acc=0.8050 test_loss=0.6623 test_acc=0.7843
Round 104 | selected=[37, 29, 21, 85, 7, 4, 79, 76, 47, 23]
Round 104 | train_loss=0.5539 train_acc=0.8108 test_loss=0.6193 test_acc=0.7950
Round 105 | selected=[42, 23, 78, 32, 19, 3, 21, 57, 24, 98]
Round 105 | train_loss=0.5530 train_acc=0.8012 test_loss=0.6415 test_acc=0.7883
Round 106 | selected=[25, 82, 31, 36, 65, 7, 41, 66, 75, 58]
Round 106 | train_loss=0.5256 train_acc=0.8166 test_loss=0.6490 test_acc=0.7866
Round 107 | selected=[37, 63, 64, 13, 73, 79, 33, 56, 10, 99]
Round 107 | train_loss=0.5403 train_acc=0.8160 test_loss=0.6066 test_acc=0.7993
Round 108 | selected=[66, 64, 2, 75, 29, 4, 16, 99, 77, 0]
Round 108 | train_loss=0.5467 train_acc=0.8064 test_loss=0.5869 test_acc=0.8031
Round 109 | selected=[43, 74, 18, 13, 17, 91, 71, 82, 85, 35]
Round 109 | train_loss=0.5160 train_acc=0.8202 test_loss=0.5902 test_acc=0.8050
Round 110 | selected=[49, 89, 46, 3, 79, 82, 16, 90, 57, 58]
Round 110 | train_loss=0.4927 train_acc=0.8240 test_loss=0.6100 test_acc=0.7953
Round 111 | selected=[12, 41, 68, 0, 93, 29, 81, 54, 44, 57]
Round 111 | train_loss=0.5500 train_acc=0.8090 test_loss=0.6485 test_acc=0.7883
Round 112 | selected=[16, 86, 51, 25, 57, 48, 34, 36, 63, 76]
Round 112 | train_loss=0.5261 train_acc=0.8136 test_loss=0.5942 test_acc=0.8026
Round 113 | selected=[70, 34, 33, 48, 27, 16, 50, 44, 24, 75]
Round 113 | train_loss=0.5263 train_acc=0.8140 test_loss=0.6026 test_acc=0.8006
Round 114 | selected=[26, 31, 15, 13, 51, 96, 86, 39, 90, 19]
Round 114 | train_loss=0.5183 train_acc=0.8224 test_loss=0.6378 test_acc=0.7871
Round 115 | selected=[71, 72, 74, 12, 84, 99, 76, 68, 59, 36]
Round 115 | train_loss=0.5265 train_acc=0.8190 test_loss=0.6121 test_acc=0.7984
Round 116 | selected=[6, 35, 55, 52, 97, 78, 5, 76, 53, 56]
Round 116 | train_loss=0.5451 train_acc=0.8128 test_loss=0.6954 test_acc=0.7772
Round 117 | selected=[33, 96, 7, 4, 53, 81, 67, 24, 88, 64]
Round 117 | train_loss=0.5190 train_acc=0.8190 test_loss=0.6442 test_acc=0.7834
Round 118 | selected=[24, 17, 90, 76, 39, 34, 35, 2, 66, 12]
Round 118 | train_loss=0.5112 train_acc=0.8210 test_loss=0.6173 test_acc=0.7914
Round 119 | selected=[64, 97, 94, 24, 45, 22, 48, 25, 81, 57]
Round 119 | train_loss=0.4916 train_acc=0.8366 test_loss=0.6122 test_acc=0.7960
Round 120 | selected=[28, 38, 41, 36, 30, 79, 5, 61, 50, 20]
Round 120 | train_loss=0.5043 train_acc=0.8218 test_loss=0.6062 test_acc=0.7996
Round 121 | selected=[34, 62, 94, 41, 27, 64, 96, 72, 45, 18]
Round 121 | train_loss=0.4840 train_acc=0.8332 test_loss=0.6161 test_acc=0.7991
Round 122 | selected=[76, 61, 9, 70, 37, 74, 85, 89, 64, 94]
Round 122 | train_loss=0.4902 train_acc=0.8280 test_loss=0.5996 test_acc=0.8029
Round 123 | selected=[28, 25, 19, 75, 43, 44, 87, 20, 38, 53]
Round 123 | train_loss=0.4789 train_acc=0.8304 test_loss=0.6190 test_acc=0.7985
Round 124 | selected=[99, 88, 92, 27, 57, 41, 61, 5, 11, 0]
Round 124 | train_loss=0.4976 train_acc=0.8258 test_loss=0.5592 test_acc=0.8110
Round 125 | selected=[20, 74, 28, 12, 55, 44, 81, 15, 50, 40]
Round 125 | train_loss=0.4889 train_acc=0.8338 test_loss=0.5598 test_acc=0.8144
Round 126 | selected=[71, 60, 16, 46, 39, 69, 48, 52, 23, 78]
Round 126 | train_loss=0.4995 train_acc=0.8232 test_loss=0.6219 test_acc=0.7932
Round 127 | selected=[61, 57, 4, 87, 66, 58, 82, 28, 26, 52]
Round 127 | train_loss=0.4738 train_acc=0.8374 test_loss=0.6029 test_acc=0.7984
Round 128 | selected=[68, 7, 43, 81, 46, 88, 94, 48, 47, 31]
Round 128 | train_loss=0.4754 train_acc=0.8356 test_loss=0.5636 test_acc=0.8112
Round 129 | selected=[68, 3, 51, 92, 84, 88, 79, 56, 85, 75]
Round 129 | train_loss=0.4531 train_acc=0.8436 test_loss=0.5712 test_acc=0.8068
Round 130 | selected=[38, 15, 69, 9, 21, 82, 43, 18, 92, 87]
Round 130 | train_loss=0.4727 train_acc=0.8324 test_loss=0.5574 test_acc=0.8137
Round 131 | selected=[3, 43, 73, 91, 81, 80, 55, 40, 14, 58]
Round 131 | train_loss=0.4751 train_acc=0.8356 test_loss=0.5593 test_acc=0.8126
Round 132 | selected=[93, 63, 46, 12, 78, 82, 52, 26, 86, 70]
Round 132 | train_loss=0.4886 train_acc=0.8284 test_loss=0.5863 test_acc=0.8064
Round 133 | selected=[51, 1, 92, 77, 82, 49, 75, 97, 36, 56]
Round 133 | train_loss=0.4624 train_acc=0.8404 test_loss=0.5815 test_acc=0.8050
Round 134 | selected=[80, 73, 62, 87, 45, 83, 89, 75, 46, 17]
Round 134 | train_loss=0.4403 train_acc=0.8450 test_loss=0.5987 test_acc=0.8025
Round 135 | selected=[8, 60, 45, 32, 28, 74, 93, 84, 29, 49]
Round 135 | train_loss=0.4759 train_acc=0.8376 test_loss=0.5927 test_acc=0.8056
Round 136 | selected=[69, 97, 91, 1, 40, 67, 98, 13, 56, 36]
Round 136 | train_loss=0.4509 train_acc=0.8462 test_loss=0.6494 test_acc=0.7850
Round 137 | selected=[54, 78, 37, 13, 5, 57, 2, 44, 48, 28]
Round 137 | train_loss=0.4335 train_acc=0.8482 test_loss=0.6237 test_acc=0.7951
Round 138 | selected=[26, 13, 33, 8, 77, 31, 28, 70, 47, 57]
Round 138 | train_loss=0.4530 train_acc=0.8432 test_loss=0.6139 test_acc=0.7957
Round 139 | selected=[74, 93, 85, 18, 84, 21, 68, 62, 72, 7]
Round 139 | train_loss=0.4488 train_acc=0.8428 test_loss=0.5293 test_acc=0.8233
Round 140 | selected=[63, 1, 77, 51, 48, 30, 67, 55, 36, 13]
Round 140 | train_loss=0.4361 train_acc=0.8442 test_loss=0.5329 test_acc=0.8242
Round 141 | selected=[48, 91, 29, 60, 4, 9, 22, 27, 45, 21]
Round 141 | train_loss=0.4576 train_acc=0.8360 test_loss=0.5353 test_acc=0.8212
Round 142 | selected=[22, 18, 17, 0, 42, 24, 13, 91, 35, 88]
Round 142 | train_loss=0.4218 train_acc=0.8504 test_loss=0.5364 test_acc=0.8245
Round 143 | selected=[5, 48, 37, 43, 54, 88, 30, 61, 34, 79]
Round 143 | train_loss=0.4237 train_acc=0.8516 test_loss=0.5512 test_acc=0.8172
Round 144 | selected=[2, 85, 26, 42, 67, 68, 93, 76, 58, 74]
Round 144 | train_loss=0.4212 train_acc=0.8560 test_loss=0.5391 test_acc=0.8188
Round 145 | selected=[52, 31, 1, 92, 23, 96, 40, 0, 16, 9]
Round 145 | train_loss=0.4169 train_acc=0.8516 test_loss=0.5166 test_acc=0.8270
Round 146 | selected=[34, 88, 98, 86, 89, 59, 60, 81, 28, 9]
Round 146 | train_loss=0.4341 train_acc=0.8480 test_loss=0.5327 test_acc=0.8237
Round 147 | selected=[59, 37, 57, 27, 82, 44, 83, 51, 92, 99]
Round 147 | train_loss=0.4196 train_acc=0.8568 test_loss=0.5692 test_acc=0.8128
Round 148 | selected=[73, 1, 71, 81, 14, 65, 8, 89, 67, 80]
Round 148 | train_loss=0.4415 train_acc=0.8478 test_loss=0.5317 test_acc=0.8247
Round 149 | selected=[87, 89, 42, 75, 8, 47, 19, 48, 50, 34]
Round 149 | train_loss=0.3919 train_acc=0.8654 test_loss=0.5148 test_acc=0.8257
Round 150 | selected=[92, 9, 4, 32, 53, 80, 22, 68, 2, 31]
Round 150 | train_loss=0.4360 train_acc=0.8478 test_loss=0.5046 test_acc=0.8283
Round 151 | selected=[79, 95, 42, 6, 1, 17, 76, 83, 73, 3]
Round 151 | train_loss=0.4144 train_acc=0.8538 test_loss=0.5420 test_acc=0.8227
Round 152 | selected=[93, 44, 6, 0, 10, 82, 81, 86, 48, 89]
Round 152 | train_loss=0.4040 train_acc=0.8634 test_loss=0.5150 test_acc=0.8297
Round 153 | selected=[32, 72, 9, 43, 55, 67, 78, 4, 6, 66]
Round 153 | train_loss=0.4166 train_acc=0.8514 test_loss=0.5215 test_acc=0.8302
Round 154 | selected=[31, 20, 52, 36, 15, 99, 72, 26, 40, 63]
Round 154 | train_loss=0.4009 train_acc=0.8598 test_loss=0.5544 test_acc=0.8243
Round 155 | selected=[78, 96, 56, 75, 63, 93, 38, 45, 89, 55]
Round 155 | train_loss=0.3953 train_acc=0.8628 test_loss=0.5622 test_acc=0.8213
Round 156 | selected=[64, 4, 87, 76, 91, 15, 95, 13, 83, 26]
Round 156 | train_loss=0.3901 train_acc=0.8596 test_loss=0.5441 test_acc=0.8224
Round 157 | selected=[0, 94, 14, 44, 90, 39, 93, 9, 96, 28]
Round 157 | train_loss=0.3999 train_acc=0.8594 test_loss=0.5305 test_acc=0.8259
Round 158 | selected=[35, 68, 67, 0, 54, 29, 85, 38, 47, 62]
Round 158 | train_loss=0.3764 train_acc=0.8702 test_loss=0.5670 test_acc=0.8185
Round 159 | selected=[87, 9, 16, 11, 92, 98, 24, 59, 46, 5]
Round 159 | train_loss=0.3863 train_acc=0.8700 test_loss=0.5555 test_acc=0.8204
Round 160 | selected=[16, 73, 81, 92, 30, 45, 27, 55, 80, 67]
Round 160 | train_loss=0.3610 train_acc=0.8760 test_loss=0.4914 test_acc=0.8383
Round 161 | selected=[77, 1, 56, 94, 89, 2, 20, 63, 72, 10]
Round 161 | train_loss=0.4024 train_acc=0.8550 test_loss=0.5017 test_acc=0.8313
Round 162 | selected=[8, 60, 47, 67, 14, 15, 43, 6, 85, 73]
Round 162 | train_loss=0.3576 train_acc=0.8770 test_loss=0.5478 test_acc=0.8161
Round 163 | selected=[13, 25, 29, 69, 22, 95, 50, 91, 38, 58]
Round 163 | train_loss=0.3743 train_acc=0.8694 test_loss=0.5078 test_acc=0.8292
Round 164 | selected=[63, 27, 66, 11, 8, 33, 28, 51, 97, 46]
Round 164 | train_loss=0.4107 train_acc=0.8628 test_loss=0.5115 test_acc=0.8283
Round 165 | selected=[68, 28, 63, 42, 10, 36, 34, 17, 25, 82]
Round 165 | train_loss=0.3779 train_acc=0.8676 test_loss=0.5221 test_acc=0.8266
Round 166 | selected=[22, 85, 98, 52, 86, 9, 88, 33, 80, 83]
Round 166 | train_loss=0.3697 train_acc=0.8698 test_loss=0.5099 test_acc=0.8314
Round 167 | selected=[27, 14, 36, 1, 31, 93, 56, 13, 35, 12]
Round 167 | train_loss=0.3695 train_acc=0.8716 test_loss=0.4773 test_acc=0.8396
Round 168 | selected=[22, 70, 43, 62, 93, 20, 1, 74, 92, 4]
Round 168 | train_loss=0.3440 train_acc=0.8764 test_loss=0.5245 test_acc=0.8314
Round 169 | selected=[77, 37, 53, 68, 18, 0, 74, 71, 40, 91]
Round 169 | train_loss=0.3767 train_acc=0.8750 test_loss=0.5417 test_acc=0.8254
Round 170 | selected=[90, 83, 81, 84, 56, 64, 42, 15, 99, 97]
Round 170 | train_loss=0.3648 train_acc=0.8716 test_loss=0.5204 test_acc=0.8344
Round 171 | selected=[11, 16, 40, 42, 64, 45, 33, 52, 4, 56]
Round 171 | train_loss=0.3425 train_acc=0.8800 test_loss=0.5223 test_acc=0.8332
Round 172 | selected=[56, 48, 57, 69, 58, 18, 21, 79, 59, 81]
Round 172 | train_loss=0.3775 train_acc=0.8702 test_loss=0.5058 test_acc=0.8397
Round 173 | selected=[38, 78, 27, 77, 11, 34, 92, 6, 63, 44]
Round 173 | train_loss=0.3423 train_acc=0.8798 test_loss=0.4905 test_acc=0.8446
Round 174 | selected=[14, 51, 84, 53, 69, 43, 13, 17, 16, 58]
Round 174 | train_loss=0.3603 train_acc=0.8736 test_loss=0.5246 test_acc=0.8338
Round 175 | selected=[75, 1, 58, 97, 62, 9, 19, 14, 71, 99]
Round 175 | train_loss=0.3617 train_acc=0.8716 test_loss=0.5395 test_acc=0.8313
Round 176 | selected=[25, 8, 30, 37, 35, 72, 67, 53, 83, 2]
Round 176 | train_loss=0.3769 train_acc=0.8676 test_loss=0.5416 test_acc=0.8274
Round 177 | selected=[9, 87, 86, 78, 33, 39, 10, 59, 58, 48]
Round 177 | train_loss=0.3665 train_acc=0.8694 test_loss=0.4932 test_acc=0.8389
Round 178 | selected=[40, 86, 7, 66, 69, 49, 13, 28, 75, 39]
Round 178 | train_loss=0.3625 train_acc=0.8744 test_loss=0.5704 test_acc=0.8188
Round 179 | selected=[8, 1, 83, 97, 43, 90, 21, 93, 62, 69]
Round 179 | train_loss=0.3336 train_acc=0.8854 test_loss=0.5227 test_acc=0.8316
Round 180 | selected=[31, 61, 2, 26, 28, 67, 44, 22, 24, 98]
Round 180 | train_loss=0.3418 train_acc=0.8788 test_loss=0.4751 test_acc=0.8423
Round 181 | selected=[54, 43, 64, 94, 18, 90, 39, 66, 78, 12]
Round 181 | train_loss=0.3426 train_acc=0.8796 test_loss=0.4768 test_acc=0.8407
Round 182 | selected=[89, 29, 33, 0, 84, 64, 60, 25, 79, 96]
Round 182 | train_loss=0.3292 train_acc=0.8830 test_loss=0.4786 test_acc=0.8373
Round 183 | selected=[44, 47, 24, 89, 68, 57, 80, 76, 28, 82]
Round 183 | train_loss=0.3436 train_acc=0.8824 test_loss=0.4893 test_acc=0.8414
Round 184 | selected=[33, 67, 90, 36, 56, 81, 34, 10, 97, 49]
Round 184 | train_loss=0.3205 train_acc=0.8904 test_loss=0.4919 test_acc=0.8421
Round 185 | selected=[48, 42, 79, 56, 0, 43, 76, 78, 7, 38]
Round 185 | train_loss=0.3056 train_acc=0.8962 test_loss=0.4912 test_acc=0.8421
Round 186 | selected=[79, 82, 47, 46, 59, 96, 85, 0, 50, 31]
Round 186 | train_loss=0.3200 train_acc=0.8860 test_loss=0.4790 test_acc=0.8474
Round 187 | selected=[98, 69, 25, 4, 57, 41, 47, 13, 16, 31]
Round 187 | train_loss=0.3276 train_acc=0.8870 test_loss=0.4602 test_acc=0.8479
Round 188 | selected=[0, 9, 55, 4, 32, 5, 22, 79, 46, 18]
Round 188 | train_loss=0.3166 train_acc=0.8868 test_loss=0.4657 test_acc=0.8488
Round 189 | selected=[44, 11, 7, 29, 65, 0, 99, 55, 93, 86]
Round 189 | train_loss=0.3395 train_acc=0.8832 test_loss=0.4803 test_acc=0.8441
Round 190 | selected=[41, 25, 89, 74, 31, 21, 34, 6, 27, 20]
Round 190 | train_loss=0.3317 train_acc=0.8818 test_loss=0.5009 test_acc=0.8389
Round 191 | selected=[5, 4, 95, 69, 91, 42, 77, 56, 29, 13]
Round 191 | train_loss=0.3243 train_acc=0.8860 test_loss=0.4905 test_acc=0.8448
Round 192 | selected=[77, 20, 65, 82, 52, 29, 60, 88, 74, 36]
Round 192 | train_loss=0.3346 train_acc=0.8802 test_loss=0.4695 test_acc=0.8470
Round 193 | selected=[37, 72, 48, 32, 79, 78, 82, 42, 28, 52]
Round 193 | train_loss=0.3040 train_acc=0.8938 test_loss=0.4681 test_acc=0.8451
Round 194 | selected=[87, 22, 15, 79, 38, 54, 56, 50, 20, 14]
Round 194 | train_loss=0.2810 train_acc=0.9076 test_loss=0.4842 test_acc=0.8430
Round 195 | selected=[19, 88, 26, 22, 10, 55, 25, 45, 89, 8]
Round 195 | train_loss=0.3324 train_acc=0.8850 test_loss=0.4975 test_acc=0.8419
Round 196 | selected=[4, 39, 95, 45, 27, 94, 10, 15, 12, 58]
Round 196 | train_loss=0.3292 train_acc=0.8846 test_loss=0.4783 test_acc=0.8476
Round 197 | selected=[13, 78, 76, 95, 20, 94, 70, 62, 90, 34]
Round 197 | train_loss=0.3066 train_acc=0.8876 test_loss=0.4868 test_acc=0.8493
Round 198 | selected=[79, 56, 26, 35, 22, 57, 20, 0, 11, 5]
Round 198 | train_loss=0.2797 train_acc=0.9048 test_loss=0.5031 test_acc=0.8461
Round 199 | selected=[65, 68, 20, 67, 93, 91, 21, 11, 33, 38]
Round 199 | train_loss=0.3191 train_acc=0.8910 test_loss=0.5306 test_acc=0.8390
Round 200 | selected=[64, 90, 8, 33, 75, 32, 66, 37, 31, 17]
Round 200 | train_loss=0.3283 train_acc=0.8852 test_loss=0.5322 test_acc=0.8372
Round 201 | selected=[77, 9, 70, 84, 8, 3, 32, 56, 27, 88]
Round 201 | train_loss=0.3323 train_acc=0.8790 test_loss=0.5352 test_acc=0.8353
Round 202 | selected=[72, 50, 81, 11, 75, 64, 80, 55, 10, 9]
Round 202 | train_loss=0.3192 train_acc=0.8866 test_loss=0.5038 test_acc=0.8431
Round 203 | selected=[62, 75, 2, 59, 43, 39, 11, 85, 98, 72]
Round 203 | train_loss=0.3139 train_acc=0.8884 test_loss=0.5820 test_acc=0.8233
Round 204 | selected=[12, 63, 70, 98, 17, 72, 27, 96, 21, 47]
Round 204 | train_loss=0.3316 train_acc=0.8842 test_loss=0.7424 test_acc=0.7875
Round 205 | selected=[36, 19, 77, 68, 14, 69, 53, 94, 76, 32]
Round 205 | train_loss=0.3282 train_acc=0.8848 test_loss=0.6148 test_acc=0.8154
Round 206 | selected=[46, 12, 29, 33, 79, 78, 67, 49, 61, 53]
Round 206 | train_loss=0.3146 train_acc=0.8884 test_loss=0.4841 test_acc=0.8461
Round 207 | selected=[85, 99, 2, 29, 54, 67, 31, 78, 52, 44]
Round 207 | train_loss=0.2977 train_acc=0.8968 test_loss=0.5229 test_acc=0.8354
Round 208 | selected=[85, 89, 73, 55, 66, 97, 27, 3, 75, 32]
Round 208 | train_loss=0.3126 train_acc=0.8896 test_loss=0.5271 test_acc=0.8338
Round 209 | selected=[65, 16, 41, 78, 73, 48, 3, 66, 90, 33]
Round 209 | train_loss=0.3161 train_acc=0.8924 test_loss=0.4997 test_acc=0.8408
Round 210 | selected=[95, 31, 82, 25, 67, 93, 73, 16, 22, 40]
Round 210 | train_loss=0.2743 train_acc=0.9046 test_loss=0.5018 test_acc=0.8446
Round 211 | selected=[44, 34, 32, 13, 37, 61, 25, 53, 21, 78]
Round 211 | train_loss=0.2944 train_acc=0.8904 test_loss=0.5294 test_acc=0.8386
Round 212 | selected=[48, 57, 11, 53, 14, 40, 62, 31, 83, 98]
Round 212 | train_loss=0.2844 train_acc=0.9054 test_loss=0.5133 test_acc=0.8430
Round 213 | selected=[74, 64, 18, 85, 44, 70, 7, 29, 56, 26]
Round 213 | train_loss=0.2913 train_acc=0.8956 test_loss=0.4933 test_acc=0.8507
Round 214 | selected=[69, 37, 68, 65, 38, 89, 86, 15, 61, 1]
Round 214 | train_loss=0.3139 train_acc=0.8934 test_loss=0.5146 test_acc=0.8442
Round 215 | selected=[76, 61, 41, 43, 55, 46, 62, 99, 14, 19]
Round 215 | train_loss=0.3214 train_acc=0.8856 test_loss=0.5318 test_acc=0.8330
Round 216 | selected=[36, 99, 80, 59, 93, 37, 33, 91, 90, 0]
Round 216 | train_loss=0.2715 train_acc=0.9072 test_loss=0.5455 test_acc=0.8281
Round 217 | selected=[35, 27, 97, 39, 66, 69, 43, 64, 70, 54]
Round 217 | train_loss=0.2884 train_acc=0.9014 test_loss=0.5067 test_acc=0.8382
Round 218 | selected=[65, 11, 90, 26, 94, 71, 10, 68, 16, 88]
Round 218 | train_loss=0.2837 train_acc=0.9030 test_loss=0.5579 test_acc=0.8261
Round 219 | selected=[85, 31, 30, 65, 86, 4, 90, 50, 82, 91]
Round 219 | train_loss=0.2669 train_acc=0.9026 test_loss=0.5753 test_acc=0.8245
Round 220 | selected=[4, 43, 56, 30, 51, 76, 95, 97, 86, 48]
Round 220 | train_loss=0.2877 train_acc=0.9026 test_loss=0.5831 test_acc=0.8214
Round 221 | selected=[5, 27, 8, 28, 41, 88, 24, 38, 21, 10]
Round 221 | train_loss=0.3159 train_acc=0.8892 test_loss=0.5057 test_acc=0.8450
Round 222 | selected=[15, 0, 49, 2, 72, 63, 5, 97, 94, 12]
Round 222 | train_loss=0.3029 train_acc=0.9022 test_loss=0.4814 test_acc=0.8477
Round 223 | selected=[37, 65, 7, 96, 13, 79, 36, 53, 38, 19]
Round 223 | train_loss=0.2638 train_acc=0.9086 test_loss=0.4734 test_acc=0.8499
Round 224 | selected=[18, 96, 26, 33, 54, 84, 76, 36, 95, 34]
Round 224 | train_loss=0.2782 train_acc=0.9032 test_loss=0.4646 test_acc=0.8511
Round 225 | selected=[54, 0, 59, 50, 13, 49, 65, 33, 5, 44]
Round 225 | train_loss=0.2624 train_acc=0.9076 test_loss=0.4738 test_acc=0.8470
Round 226 | selected=[18, 58, 96, 24, 20, 68, 19, 94, 54, 83]
Round 226 | train_loss=0.2642 train_acc=0.9072 test_loss=0.4881 test_acc=0.8424
Round 227 | selected=[93, 77, 5, 55, 10, 86, 98, 57, 54, 84]
Round 227 | train_loss=0.2943 train_acc=0.9024 test_loss=0.4739 test_acc=0.8509
Round 228 | selected=[1, 13, 45, 81, 23, 59, 6, 22, 71, 66]
Round 228 | train_loss=0.3095 train_acc=0.8934 test_loss=0.4697 test_acc=0.8511
Round 229 | selected=[8, 28, 38, 54, 36, 44, 75, 17, 91, 1]
Round 229 | train_loss=0.2653 train_acc=0.9072 test_loss=0.4869 test_acc=0.8481
Round 230 | selected=[18, 22, 92, 57, 86, 93, 17, 34, 78, 74]
Round 230 | train_loss=0.2674 train_acc=0.9050 test_loss=0.4836 test_acc=0.8480
Round 231 | selected=[14, 93, 63, 52, 98, 49, 15, 67, 51, 80]
Round 231 | train_loss=0.2751 train_acc=0.9038 test_loss=0.5319 test_acc=0.8399
Round 232 | selected=[73, 16, 43, 44, 66, 7, 99, 80, 10, 78]
Round 232 | train_loss=0.2448 train_acc=0.9142 test_loss=0.5513 test_acc=0.8302
Round 233 | selected=[1, 99, 18, 98, 15, 59, 97, 32, 82, 6]
Round 233 | train_loss=0.2608 train_acc=0.9112 test_loss=0.4416 test_acc=0.8574
Round 234 | selected=[13, 28, 43, 69, 45, 63, 57, 90, 32, 71]
Round 234 | train_loss=0.2598 train_acc=0.9130 test_loss=0.4410 test_acc=0.8575
Round 235 | selected=[3, 48, 54, 24, 74, 76, 65, 97, 77, 85]
Round 235 | train_loss=0.2584 train_acc=0.9160 test_loss=0.4666 test_acc=0.8541
Round 236 | selected=[73, 90, 61, 99, 16, 79, 6, 43, 98, 84]
Round 236 | train_loss=0.2411 train_acc=0.9138 test_loss=0.4523 test_acc=0.8596
Round 237 | selected=[98, 22, 3, 71, 23, 50, 67, 40, 66, 45]
Round 237 | train_loss=0.2605 train_acc=0.9064 test_loss=0.4450 test_acc=0.8645
Round 238 | selected=[27, 61, 46, 93, 48, 14, 62, 15, 33, 82]
Round 238 | train_loss=0.2343 train_acc=0.9204 test_loss=0.4505 test_acc=0.8604
Round 239 | selected=[34, 93, 9, 99, 2, 38, 6, 62, 74, 54]
Round 239 | train_loss=0.2428 train_acc=0.9134 test_loss=0.4958 test_acc=0.8461
Round 240 | selected=[77, 85, 7, 21, 84, 8, 79, 96, 5, 64]
Round 240 | train_loss=0.2631 train_acc=0.9086 test_loss=0.4653 test_acc=0.8565
Round 241 | selected=[46, 96, 53, 27, 16, 37, 84, 3, 89, 73]
Round 241 | train_loss=0.2477 train_acc=0.9132 test_loss=0.4757 test_acc=0.8543
Round 242 | selected=[32, 55, 44, 43, 26, 72, 81, 91, 25, 95]
Round 242 | train_loss=0.2591 train_acc=0.9098 test_loss=0.4742 test_acc=0.8542
Round 243 | selected=[84, 80, 6, 71, 29, 49, 36, 98, 75, 65]
Round 243 | train_loss=0.2380 train_acc=0.9184 test_loss=0.4661 test_acc=0.8521
Round 244 | selected=[74, 25, 27, 87, 50, 85, 21, 29, 18, 51]
Round 244 | train_loss=0.2545 train_acc=0.9116 test_loss=0.4800 test_acc=0.8475
Round 245 | selected=[69, 63, 56, 23, 14, 26, 37, 0, 59, 85]
Round 245 | train_loss=0.2406 train_acc=0.9160 test_loss=0.4667 test_acc=0.8585
Round 246 | selected=[45, 48, 55, 47, 3, 66, 90, 94, 98, 63]
Round 246 | train_loss=0.2421 train_acc=0.9158 test_loss=0.4326 test_acc=0.8679
Round 247 | selected=[26, 4, 25, 45, 32, 16, 75, 40, 10, 76]
Round 247 | train_loss=0.2304 train_acc=0.9206 test_loss=0.4608 test_acc=0.8608
Round 248 | selected=[86, 13, 60, 95, 99, 62, 0, 30, 48, 93]
Round 248 | train_loss=0.2448 train_acc=0.9146 test_loss=0.5509 test_acc=0.8403
Round 249 | selected=[82, 56, 19, 7, 35, 92, 8, 62, 23, 31]
Round 249 | train_loss=0.2479 train_acc=0.9134 test_loss=0.4840 test_acc=0.8529
Round 250 | selected=[75, 41, 91, 78, 34, 7, 51, 79, 6, 38]
Round 250 | train_loss=0.2398 train_acc=0.9150 test_loss=0.4638 test_acc=0.8550
Round 251 | selected=[84, 4, 27, 99, 3, 69, 18, 70, 19, 44]
Round 251 | train_loss=0.2307 train_acc=0.9220 test_loss=0.4940 test_acc=0.8467
Round 252 | selected=[22, 9, 12, 27, 46, 35, 14, 78, 34, 90]
Round 252 | train_loss=0.2310 train_acc=0.9216 test_loss=0.4858 test_acc=0.8471
Round 253 | selected=[13, 25, 53, 3, 16, 70, 34, 98, 8, 17]
Round 253 | train_loss=0.2347 train_acc=0.9182 test_loss=0.4459 test_acc=0.8586
Round 254 | selected=[90, 61, 39, 79, 22, 6, 51, 87, 98, 15]
Round 254 | train_loss=0.2447 train_acc=0.9168 test_loss=0.4732 test_acc=0.8516
Round 255 | selected=[67, 47, 18, 12, 63, 46, 51, 56, 9, 69]
Round 255 | train_loss=0.2312 train_acc=0.9198 test_loss=0.4746 test_acc=0.8569
Round 256 | selected=[52, 74, 75, 98, 46, 26, 69, 6, 68, 49]
Round 256 | train_loss=0.2177 train_acc=0.9226 test_loss=0.5011 test_acc=0.8499
Round 257 | selected=[51, 66, 9, 84, 96, 32, 57, 17, 11, 95]
Round 257 | train_loss=0.2284 train_acc=0.9194 test_loss=0.4905 test_acc=0.8522
Round 258 | selected=[84, 1, 95, 8, 57, 51, 62, 35, 55, 81]
Round 258 | train_loss=0.2309 train_acc=0.9200 test_loss=0.4331 test_acc=0.8660
Round 259 | selected=[15, 47, 91, 93, 41, 49, 46, 87, 59, 14]
Round 259 | train_loss=0.2494 train_acc=0.9150 test_loss=0.4400 test_acc=0.8624
Round 260 | selected=[21, 70, 7, 34, 29, 14, 19, 98, 30, 68]
Round 260 | train_loss=0.2144 train_acc=0.9260 test_loss=0.4807 test_acc=0.8538
Round 261 | selected=[14, 53, 2, 92, 71, 64, 8, 56, 61, 76]
Round 261 | train_loss=0.2506 train_acc=0.9142 test_loss=0.4510 test_acc=0.8600
Round 262 | selected=[18, 99, 62, 45, 10, 0, 30, 81, 65, 27]
Round 262 | train_loss=0.2037 train_acc=0.9320 test_loss=0.4606 test_acc=0.8596
Round 263 | selected=[99, 84, 57, 83, 76, 24, 31, 85, 60, 44]
Round 263 | train_loss=0.2345 train_acc=0.9198 test_loss=0.4694 test_acc=0.8606
Round 264 | selected=[23, 24, 57, 82, 12, 4, 47, 85, 2, 3]
Round 264 | train_loss=0.2249 train_acc=0.9220 test_loss=0.4593 test_acc=0.8597
Round 265 | selected=[42, 3, 18, 76, 12, 51, 93, 63, 53, 70]
Round 265 | train_loss=0.2256 train_acc=0.9264 test_loss=0.4502 test_acc=0.8611
Round 266 | selected=[54, 31, 34, 88, 37, 44, 59, 26, 1, 42]
Round 266 | train_loss=0.2387 train_acc=0.9142 test_loss=0.4823 test_acc=0.8494
Round 267 | selected=[33, 93, 30, 20, 70, 60, 59, 98, 44, 22]
Round 267 | train_loss=0.2126 train_acc=0.9228 test_loss=0.5074 test_acc=0.8473
Round 268 | selected=[5, 66, 60, 92, 57, 16, 74, 56, 18, 24]
Round 268 | train_loss=0.2255 train_acc=0.9216 test_loss=0.4502 test_acc=0.8589
Round 269 | selected=[29, 67, 22, 79, 57, 16, 49, 5, 66, 34]
Round 269 | train_loss=0.2139 train_acc=0.9306 test_loss=0.5092 test_acc=0.8498
Round 270 | selected=[4, 92, 67, 47, 37, 64, 77, 56, 24, 80]
Round 270 | train_loss=0.2203 train_acc=0.9244 test_loss=0.5633 test_acc=0.8371
Round 271 | selected=[89, 42, 70, 98, 28, 51, 29, 77, 73, 75]
Round 271 | train_loss=0.2322 train_acc=0.9190 test_loss=0.5109 test_acc=0.8478
Round 272 | selected=[90, 47, 71, 58, 34, 29, 10, 49, 46, 94]
Round 272 | train_loss=0.2143 train_acc=0.9258 test_loss=0.4538 test_acc=0.8624
Round 273 | selected=[88, 9, 15, 5, 98, 90, 55, 79, 13, 31]
Round 273 | train_loss=0.2264 train_acc=0.9212 test_loss=0.4654 test_acc=0.8628
Round 274 | selected=[10, 29, 8, 40, 34, 30, 5, 19, 55, 56]
Round 274 | train_loss=0.2031 train_acc=0.9258 test_loss=0.4889 test_acc=0.8566
Round 275 | selected=[15, 32, 6, 49, 74, 29, 71, 69, 14, 81]
Round 275 | train_loss=0.2118 train_acc=0.9250 test_loss=0.4733 test_acc=0.8619
Round 276 | selected=[91, 5, 57, 10, 27, 42, 6, 86, 26, 51]
Round 276 | train_loss=0.2008 train_acc=0.9338 test_loss=0.4840 test_acc=0.8569
Round 277 | selected=[38, 2, 37, 95, 45, 94, 88, 31, 25, 82]
Round 277 | train_loss=0.2241 train_acc=0.9190 test_loss=0.4961 test_acc=0.8560
Round 278 | selected=[5, 56, 52, 46, 64, 67, 87, 1, 90, 6]
Round 278 | train_loss=0.2102 train_acc=0.9270 test_loss=0.4942 test_acc=0.8577
Round 279 | selected=[58, 27, 30, 78, 93, 72, 4, 15, 28, 14]
Round 279 | train_loss=0.2200 train_acc=0.9182 test_loss=0.5355 test_acc=0.8471
Round 280 | selected=[87, 16, 41, 8, 44, 34, 74, 27, 84, 20]
Round 280 | train_loss=0.2106 train_acc=0.9240 test_loss=0.4579 test_acc=0.8653
Round 281 | selected=[83, 21, 77, 85, 1, 98, 72, 44, 2, 88]
Round 281 | train_loss=0.2256 train_acc=0.9218 test_loss=0.4907 test_acc=0.8570
Round 282 | selected=[5, 33, 64, 79, 0, 48, 62, 68, 99, 47]
Round 282 | train_loss=0.2008 train_acc=0.9306 test_loss=0.5462 test_acc=0.8470
Round 283 | selected=[90, 58, 4, 82, 80, 93, 70, 38, 8, 29]
Round 283 | train_loss=0.2000 train_acc=0.9302 test_loss=0.5124 test_acc=0.8542
Round 284 | selected=[21, 97, 72, 99, 11, 19, 93, 31, 24, 94]
Round 284 | train_loss=0.1888 train_acc=0.9358 test_loss=0.4956 test_acc=0.8568
Round 285 | selected=[85, 84, 63, 6, 68, 69, 45, 8, 55, 81]
Round 285 | train_loss=0.1870 train_acc=0.9322 test_loss=0.4489 test_acc=0.8674
Round 286 | selected=[86, 65, 19, 92, 67, 32, 35, 91, 20, 14]
Round 286 | train_loss=0.2107 train_acc=0.9278 test_loss=0.5144 test_acc=0.8495
Round 287 | selected=[37, 81, 84, 87, 63, 34, 19, 9, 91, 73]
Round 287 | train_loss=0.2052 train_acc=0.9288 test_loss=0.5591 test_acc=0.8391
Round 288 | selected=[70, 14, 62, 56, 69, 10, 22, 34, 84, 21]
Round 288 | train_loss=0.1819 train_acc=0.9360 test_loss=0.4709 test_acc=0.8594
Round 289 | selected=[23, 39, 18, 75, 11, 48, 33, 34, 58, 7]
Round 289 | train_loss=0.2204 train_acc=0.9192 test_loss=0.4694 test_acc=0.8561
Round 290 | selected=[87, 59, 79, 60, 92, 48, 39, 64, 38, 85]
Round 290 | train_loss=0.2066 train_acc=0.9242 test_loss=0.4861 test_acc=0.8536
Round 291 | selected=[42, 31, 27, 35, 1, 26, 50, 78, 72, 92]
Round 291 | train_loss=0.1984 train_acc=0.9306 test_loss=0.4387 test_acc=0.8680
Round 292 | selected=[33, 60, 76, 28, 53, 97, 27, 88, 26, 38]
Round 292 | train_loss=0.2210 train_acc=0.9216 test_loss=0.4352 test_acc=0.8642
Round 293 | selected=[30, 28, 89, 61, 95, 29, 5, 16, 1, 8]
Round 293 | train_loss=0.1969 train_acc=0.9294 test_loss=0.5838 test_acc=0.8292
Round 294 | selected=[88, 86, 34, 75, 69, 73, 59, 4, 57, 65]
Round 294 | train_loss=0.1904 train_acc=0.9334 test_loss=0.4999 test_acc=0.8474
Round 295 | selected=[10, 95, 40, 43, 6, 17, 9, 30, 1, 47]
Round 295 | train_loss=0.2167 train_acc=0.9270 test_loss=0.4176 test_acc=0.8688
Round 296 | selected=[15, 78, 11, 88, 18, 51, 53, 99, 75, 82]
Round 296 | train_loss=0.1967 train_acc=0.9324 test_loss=0.5182 test_acc=0.8449
Round 297 | selected=[8, 76, 91, 9, 59, 2, 17, 73, 43, 47]
Round 297 | train_loss=0.2043 train_acc=0.9274 test_loss=0.5304 test_acc=0.8453
Round 298 | selected=[22, 38, 50, 98, 71, 47, 36, 94, 5, 55]
Round 298 | train_loss=0.1991 train_acc=0.9324 test_loss=0.4604 test_acc=0.8617
Round 299 | selected=[84, 36, 47, 95, 3, 76, 38, 43, 37, 88]
Round 299 | train_loss=0.1842 train_acc=0.9348 test_loss=0.4657 test_acc=0.8621
Round 300 | selected=[6, 8, 48, 93, 64, 4, 91, 99, 43, 53]
Round 300 | train_loss=0.1684 train_acc=0.9424 test_loss=0.4763 test_acc=0.8638
Round 301 | selected=[19, 42, 87, 57, 66, 58, 67, 18, 95, 84]
Round 301 | train_loss=0.1771 train_acc=0.9406 test_loss=0.4794 test_acc=0.8619
Round 302 | selected=[15, 86, 34, 66, 82, 59, 13, 83, 65, 35]
Round 302 | train_loss=0.1816 train_acc=0.9340 test_loss=0.4885 test_acc=0.8585
Round 303 | selected=[15, 39, 68, 7, 83, 42, 33, 45, 94, 0]
Round 303 | train_loss=0.1997 train_acc=0.9266 test_loss=0.4756 test_acc=0.8638
Round 304 | selected=[3, 45, 68, 86, 18, 7, 28, 63, 36, 42]
Round 304 | train_loss=0.2009 train_acc=0.9268 test_loss=0.5213 test_acc=0.8542
Round 305 | selected=[38, 13, 95, 71, 94, 54, 81, 12, 11, 29]
Round 305 | train_loss=0.2009 train_acc=0.9286 test_loss=0.4903 test_acc=0.8598
Round 306 | selected=[32, 12, 26, 1, 68, 0, 39, 84, 51, 58]
Round 306 | train_loss=0.1917 train_acc=0.9286 test_loss=0.4503 test_acc=0.8685
Round 307 | selected=[54, 97, 68, 26, 84, 8, 30, 56, 42, 53]
Round 307 | train_loss=0.1722 train_acc=0.9382 test_loss=0.4492 test_acc=0.8681
Round 308 | selected=[74, 34, 38, 96, 73, 15, 90, 45, 39, 94]
Round 308 | train_loss=0.1870 train_acc=0.9354 test_loss=0.4499 test_acc=0.8701
Round 309 | selected=[64, 65, 12, 14, 27, 53, 5, 10, 89, 88]
Round 309 | train_loss=0.1861 train_acc=0.9334 test_loss=0.4570 test_acc=0.8693
Round 310 | selected=[77, 92, 46, 49, 76, 48, 95, 13, 27, 50]
Round 310 | train_loss=0.1912 train_acc=0.9342 test_loss=0.4345 test_acc=0.8703
Round 311 | selected=[77, 69, 64, 35, 50, 5, 46, 10, 18, 27]
Round 311 | train_loss=0.1797 train_acc=0.9312 test_loss=0.4506 test_acc=0.8680
Round 312 | selected=[94, 43, 0, 33, 78, 72, 47, 89, 41, 73]
Round 312 | train_loss=0.1890 train_acc=0.9320 test_loss=0.4256 test_acc=0.8725
Round 313 | selected=[89, 66, 68, 39, 60, 46, 19, 42, 11, 36]
Round 313 | train_loss=0.1786 train_acc=0.9358 test_loss=0.4302 test_acc=0.8720
Round 314 | selected=[26, 14, 18, 23, 28, 45, 24, 19, 31, 87]
Round 314 | train_loss=0.1759 train_acc=0.9390 test_loss=0.4518 test_acc=0.8690
Round 315 | selected=[73, 34, 70, 50, 5, 46, 35, 92, 23, 2]
Round 315 | train_loss=0.1879 train_acc=0.9344 test_loss=0.4598 test_acc=0.8698
Round 316 | selected=[65, 72, 83, 13, 25, 68, 20, 62, 57, 76]
Round 316 | train_loss=0.1786 train_acc=0.9394 test_loss=0.4676 test_acc=0.8651
Round 317 | selected=[13, 71, 19, 70, 61, 77, 89, 75, 25, 54]
Round 317 | train_loss=0.1857 train_acc=0.9358 test_loss=0.4312 test_acc=0.8709
Round 318 | selected=[50, 33, 30, 85, 59, 41, 76, 99, 87, 29]
Round 318 | train_loss=0.1683 train_acc=0.9432 test_loss=0.4427 test_acc=0.8716
Round 319 | selected=[45, 43, 82, 41, 68, 93, 14, 62, 54, 77]
Round 319 | train_loss=0.1641 train_acc=0.9406 test_loss=0.4775 test_acc=0.8647
Round 320 | selected=[44, 33, 53, 26, 11, 15, 35, 37, 45, 96]
Round 320 | train_loss=0.1692 train_acc=0.9400 test_loss=0.4473 test_acc=0.8698
Round 321 | selected=[24, 79, 19, 10, 51, 92, 61, 0, 18, 34]
Round 321 | train_loss=0.1668 train_acc=0.9408 test_loss=0.4319 test_acc=0.8723
Round 322 | selected=[59, 14, 35, 92, 86, 91, 4, 48, 69, 20]
Round 322 | train_loss=0.1772 train_acc=0.9346 test_loss=0.4806 test_acc=0.8642
Round 323 | selected=[73, 8, 97, 57, 67, 2, 48, 34, 89, 18]
Round 323 | train_loss=0.1575 train_acc=0.9456 test_loss=0.4656 test_acc=0.8707
Round 324 | selected=[95, 67, 93, 52, 82, 70, 87, 83, 57, 53]
Round 324 | train_loss=0.1746 train_acc=0.9392 test_loss=0.4332 test_acc=0.8738
Round 325 | selected=[36, 97, 37, 31, 28, 51, 8, 15, 16, 66]
Round 325 | train_loss=0.1718 train_acc=0.9396 test_loss=0.4538 test_acc=0.8674
Round 326 | selected=[10, 17, 35, 66, 50, 90, 86, 63, 36, 87]
Round 326 | train_loss=0.1707 train_acc=0.9386 test_loss=0.4162 test_acc=0.8745
Round 327 | selected=[84, 20, 82, 53, 68, 3, 31, 97, 61, 90]
Round 327 | train_loss=0.1639 train_acc=0.9374 test_loss=0.4294 test_acc=0.8692
Round 328 | selected=[9, 63, 78, 28, 69, 35, 73, 57, 44, 15]
Round 328 | train_loss=0.1641 train_acc=0.9450 test_loss=0.4451 test_acc=0.8681
Round 329 | selected=[32, 72, 88, 12, 64, 15, 46, 86, 45, 10]
Round 329 | train_loss=0.1653 train_acc=0.9452 test_loss=0.4421 test_acc=0.8711
Round 330 | selected=[88, 68, 58, 38, 77, 80, 31, 12, 92, 72]
Round 330 | train_loss=0.1754 train_acc=0.9400 test_loss=0.4348 test_acc=0.8717
Round 331 | selected=[32, 57, 46, 5, 30, 84, 1, 27, 99, 49]
Round 331 | train_loss=0.1526 train_acc=0.9464 test_loss=0.4480 test_acc=0.8647
Round 332 | selected=[47, 29, 69, 98, 45, 31, 13, 5, 73, 55]
Round 332 | train_loss=0.1492 train_acc=0.9478 test_loss=0.4309 test_acc=0.8712
Round 333 | selected=[41, 88, 27, 1, 49, 64, 57, 97, 26, 75]
Round 333 | train_loss=0.1679 train_acc=0.9410 test_loss=0.4586 test_acc=0.8710
Round 334 | selected=[46, 68, 56, 71, 49, 76, 93, 43, 4, 53]
Round 334 | train_loss=0.1571 train_acc=0.9444 test_loss=0.4896 test_acc=0.8633
Round 335 | selected=[18, 9, 62, 26, 63, 56, 65, 85, 37, 98]
Round 335 | train_loss=0.1655 train_acc=0.9422 test_loss=0.4325 test_acc=0.8754
Round 336 | selected=[29, 44, 88, 33, 65, 81, 34, 86, 57, 99]
Round 336 | train_loss=0.1437 train_acc=0.9480 test_loss=0.4292 test_acc=0.8754
Round 337 | selected=[33, 77, 68, 37, 39, 70, 29, 66, 41, 23]
Round 337 | train_loss=0.1602 train_acc=0.9416 test_loss=0.4582 test_acc=0.8673
Round 338 | selected=[5, 13, 3, 32, 71, 41, 74, 94, 45, 82]
Round 338 | train_loss=0.1548 train_acc=0.9460 test_loss=0.4451 test_acc=0.8706
Round 339 | selected=[52, 48, 16, 6, 43, 19, 56, 46, 75, 20]
Round 339 | train_loss=0.1708 train_acc=0.9404 test_loss=0.4465 test_acc=0.8721
Round 340 | selected=[12, 14, 92, 86, 31, 63, 36, 65, 81, 24]
Round 340 | train_loss=0.1428 train_acc=0.9518 test_loss=0.5134 test_acc=0.8592
Round 341 | selected=[67, 64, 8, 33, 51, 41, 68, 43, 1, 82]
Round 341 | train_loss=0.1416 train_acc=0.9502 test_loss=0.5097 test_acc=0.8582
Round 342 | selected=[52, 79, 34, 65, 60, 73, 83, 87, 94, 35]
Round 342 | train_loss=0.1771 train_acc=0.9352 test_loss=0.4251 test_acc=0.8780
Round 343 | selected=[84, 91, 87, 33, 67, 11, 48, 4, 54, 97]
Round 343 | train_loss=0.1463 train_acc=0.9484 test_loss=0.4558 test_acc=0.8691
Round 344 | selected=[67, 15, 84, 29, 54, 50, 34, 63, 43, 7]
Round 344 | train_loss=0.1527 train_acc=0.9470 test_loss=0.4456 test_acc=0.8725
Round 345 | selected=[3, 4, 46, 79, 83, 13, 48, 91, 5, 52]
Round 345 | train_loss=0.1522 train_acc=0.9448 test_loss=0.4719 test_acc=0.8669
Round 346 | selected=[60, 49, 71, 83, 17, 59, 62, 79, 85, 48]
Round 346 | train_loss=0.1747 train_acc=0.9420 test_loss=0.4853 test_acc=0.8623
Round 347 | selected=[75, 44, 68, 72, 1, 52, 42, 41, 18, 74]
Round 347 | train_loss=0.1674 train_acc=0.9430 test_loss=0.4747 test_acc=0.8667
Round 348 | selected=[13, 59, 43, 30, 1, 22, 53, 70, 28, 24]
Round 348 | train_loss=0.1633 train_acc=0.9400 test_loss=0.4706 test_acc=0.8680
Round 349 | selected=[27, 66, 26, 44, 22, 64, 23, 38, 63, 98]
Round 349 | train_loss=0.1681 train_acc=0.9414 test_loss=0.4548 test_acc=0.8736
Round 350 | selected=[65, 66, 61, 78, 37, 69, 47, 55, 27, 88]
Round 350 | train_loss=0.1631 train_acc=0.9400 test_loss=0.4564 test_acc=0.8694
Round 351 | selected=[8, 42, 70, 7, 91, 45, 3, 89, 6, 30]
Round 351 | train_loss=0.1575 train_acc=0.9458 test_loss=0.4715 test_acc=0.8654
Round 352 | selected=[41, 11, 20, 4, 95, 30, 3, 42, 81, 91]
Round 352 | train_loss=0.1446 train_acc=0.9520 test_loss=0.4862 test_acc=0.8619
Round 353 | selected=[23, 96, 82, 34, 43, 10, 48, 17, 49, 80]
Round 353 | train_loss=0.1569 train_acc=0.9434 test_loss=0.4574 test_acc=0.8692
Round 354 | selected=[69, 4, 64, 47, 79, 65, 9, 90, 46, 62]
Round 354 | train_loss=0.1530 train_acc=0.9472 test_loss=0.4511 test_acc=0.8747
Round 355 | selected=[85, 32, 23, 35, 17, 77, 6, 34, 87, 59]
Round 355 | train_loss=0.1607 train_acc=0.9430 test_loss=0.4947 test_acc=0.8688
Round 356 | selected=[43, 65, 71, 57, 12, 86, 90, 62, 2, 15]
Round 356 | train_loss=0.1530 train_acc=0.9476 test_loss=0.5145 test_acc=0.8587
Round 357 | selected=[53, 83, 64, 93, 4, 2, 15, 35, 72, 51]
Round 357 | train_loss=0.1524 train_acc=0.9458 test_loss=0.4544 test_acc=0.8745
Round 358 | selected=[17, 46, 60, 25, 88, 52, 85, 97, 16, 98]
Round 358 | train_loss=0.1518 train_acc=0.9464 test_loss=0.4250 test_acc=0.8778
Round 359 | selected=[7, 47, 96, 95, 78, 48, 90, 14, 23, 87]
Round 359 | train_loss=0.1541 train_acc=0.9442 test_loss=0.4651 test_acc=0.8677
Round 360 | selected=[74, 24, 2, 43, 70, 86, 57, 3, 61, 93]
Round 360 | train_loss=0.1598 train_acc=0.9412 test_loss=0.4372 test_acc=0.8723
Round 361 | selected=[36, 92, 37, 64, 31, 19, 52, 98, 54, 50]
Round 361 | train_loss=0.1352 train_acc=0.9520 test_loss=0.4214 test_acc=0.8793
Round 362 | selected=[32, 80, 69, 46, 42, 61, 81, 12, 96, 59]
Round 362 | train_loss=0.1446 train_acc=0.9494 test_loss=0.4225 test_acc=0.8793
Round 363 | selected=[45, 38, 7, 19, 58, 20, 51, 16, 44, 89]
Round 363 | train_loss=0.1643 train_acc=0.9440 test_loss=0.4219 test_acc=0.8785
Round 364 | selected=[68, 13, 39, 96, 35, 70, 89, 75, 76, 83]
Round 364 | train_loss=0.1496 train_acc=0.9470 test_loss=0.4184 test_acc=0.8793
Round 365 | selected=[71, 66, 72, 19, 89, 4, 54, 59, 3, 20]
Round 365 | train_loss=0.1281 train_acc=0.9526 test_loss=0.4156 test_acc=0.8814
Round 366 | selected=[17, 16, 61, 18, 59, 9, 6, 77, 78, 29]
Round 366 | train_loss=0.1626 train_acc=0.9422 test_loss=0.4043 test_acc=0.8829
Round 367 | selected=[64, 63, 66, 80, 42, 7, 62, 15, 37, 32]
Round 367 | train_loss=0.1347 train_acc=0.9526 test_loss=0.4144 test_acc=0.8812
Round 368 | selected=[55, 99, 16, 41, 39, 26, 50, 63, 94, 5]
Round 368 | train_loss=0.1468 train_acc=0.9452 test_loss=0.4325 test_acc=0.8765
Round 369 | selected=[55, 85, 87, 99, 13, 26, 74, 5, 93, 48]
Round 369 | train_loss=0.1349 train_acc=0.9544 test_loss=0.4446 test_acc=0.8744
Round 370 | selected=[25, 17, 70, 73, 83, 42, 82, 97, 41, 66]
Round 370 | train_loss=0.1406 train_acc=0.9526 test_loss=0.4531 test_acc=0.8733
Round 371 | selected=[41, 57, 33, 83, 79, 53, 1, 3, 40, 18]
Round 371 | train_loss=0.1382 train_acc=0.9556 test_loss=0.4569 test_acc=0.8688
Round 372 | selected=[94, 57, 39, 5, 1, 58, 18, 0, 95, 98]
Round 372 | train_loss=0.1356 train_acc=0.9490 test_loss=0.4996 test_acc=0.8596
Round 373 | selected=[24, 42, 16, 27, 87, 85, 50, 35, 36, 34]
Round 373 | train_loss=0.1179 train_acc=0.9574 test_loss=0.5112 test_acc=0.8557
Round 374 | selected=[57, 22, 59, 64, 88, 14, 8, 82, 16, 68]
Round 374 | train_loss=0.1255 train_acc=0.9568 test_loss=0.4691 test_acc=0.8692
Round 375 | selected=[59, 46, 45, 9, 56, 79, 97, 51, 81, 50]
Round 375 | train_loss=0.1329 train_acc=0.9550 test_loss=0.4570 test_acc=0.8743
Round 376 | selected=[55, 72, 88, 11, 81, 27, 22, 35, 76, 18]
Round 376 | train_loss=0.1326 train_acc=0.9520 test_loss=0.4439 test_acc=0.8767
Round 377 | selected=[15, 4, 78, 12, 1, 81, 67, 68, 22, 23]
Round 377 | train_loss=0.1235 train_acc=0.9578 test_loss=0.4616 test_acc=0.8718
Round 378 | selected=[79, 44, 87, 6, 93, 84, 50, 16, 64, 61]
Round 378 | train_loss=0.1323 train_acc=0.9564 test_loss=0.4351 test_acc=0.8776
Round 379 | selected=[57, 33, 47, 74, 50, 1, 89, 75, 85, 0]
Round 379 | train_loss=0.1411 train_acc=0.9538 test_loss=0.4377 test_acc=0.8788
Round 380 | selected=[93, 84, 58, 17, 71, 2, 87, 73, 46, 67]
Round 380 | train_loss=0.1276 train_acc=0.9542 test_loss=0.4755 test_acc=0.8719
Round 381 | selected=[86, 10, 52, 95, 25, 31, 75, 24, 8, 51]
Round 381 | train_loss=0.1499 train_acc=0.9456 test_loss=0.4619 test_acc=0.8729
Round 382 | selected=[35, 8, 11, 78, 45, 46, 53, 88, 77, 89]
Round 382 | train_loss=0.1364 train_acc=0.9530 test_loss=0.4589 test_acc=0.8726
Round 383 | selected=[80, 58, 31, 43, 35, 30, 92, 26, 60, 4]
Round 383 | train_loss=0.1488 train_acc=0.9484 test_loss=0.4674 test_acc=0.8723
Round 384 | selected=[48, 47, 67, 89, 77, 41, 99, 0, 51, 52]
Round 384 | train_loss=0.1254 train_acc=0.9564 test_loss=0.4265 test_acc=0.8789
Round 385 | selected=[34, 75, 10, 44, 89, 33, 15, 16, 45, 71]
Round 385 | train_loss=0.1158 train_acc=0.9566 test_loss=0.4262 test_acc=0.8781
Round 386 | selected=[32, 58, 49, 88, 11, 64, 22, 73, 43, 57]
Round 386 | train_loss=0.1279 train_acc=0.9566 test_loss=0.4597 test_acc=0.8732
Round 387 | selected=[88, 63, 29, 67, 0, 46, 37, 68, 51, 71]
Round 387 | train_loss=0.1210 train_acc=0.9588 test_loss=0.4349 test_acc=0.8802
Round 388 | selected=[66, 51, 90, 42, 38, 45, 22, 58, 73, 37]
Round 388 | train_loss=0.1271 train_acc=0.9534 test_loss=0.4331 test_acc=0.8810
Round 389 | selected=[46, 91, 59, 15, 39, 94, 83, 33, 63, 60]
Round 389 | train_loss=0.1350 train_acc=0.9526 test_loss=0.4483 test_acc=0.8786
Round 390 | selected=[34, 70, 93, 66, 42, 65, 6, 28, 3, 13]
Round 390 | train_loss=0.1387 train_acc=0.9514 test_loss=0.4328 test_acc=0.8830
Round 391 | selected=[52, 42, 68, 88, 58, 19, 44, 65, 7, 11]
Round 391 | train_loss=0.1158 train_acc=0.9578 test_loss=0.4587 test_acc=0.8769
Round 392 | selected=[76, 68, 52, 70, 44, 63, 15, 47, 57, 23]
Round 392 | train_loss=0.1288 train_acc=0.9532 test_loss=0.4934 test_acc=0.8708
Round 393 | selected=[48, 81, 11, 54, 29, 21, 22, 78, 56, 26]
Round 393 | train_loss=0.1422 train_acc=0.9506 test_loss=0.5338 test_acc=0.8633
Round 394 | selected=[42, 63, 92, 58, 39, 77, 48, 6, 32, 72]
Round 394 | train_loss=0.1328 train_acc=0.9534 test_loss=0.4681 test_acc=0.8729
Round 395 | selected=[23, 65, 97, 98, 12, 5, 14, 39, 91, 20]
Round 395 | train_loss=0.1503 train_acc=0.9468 test_loss=0.4192 test_acc=0.8830
Round 396 | selected=[18, 93, 83, 50, 61, 78, 86, 75, 23, 56]
Round 396 | train_loss=0.1299 train_acc=0.9522 test_loss=0.4367 test_acc=0.8793
Round 397 | selected=[50, 57, 61, 97, 49, 68, 55, 65, 48, 28]
Round 397 | train_loss=0.1279 train_acc=0.9552 test_loss=0.4633 test_acc=0.8700
Round 398 | selected=[14, 18, 78, 51, 8, 33, 68, 6, 35, 22]
Round 398 | train_loss=0.1072 train_acc=0.9610 test_loss=0.4383 test_acc=0.8779
Round 399 | selected=[67, 33, 68, 29, 25, 78, 26, 58, 6, 31]
Round 399 | train_loss=0.1192 train_acc=0.9612 test_loss=0.4983 test_acc=0.8663
Round 400 | selected=[17, 35, 98, 39, 89, 68, 67, 95, 34, 26]
Round 400 | train_loss=0.1196 train_acc=0.9564 test_loss=0.5184 test_acc=0.8645
Round 401 | selected=[68, 0, 85, 24, 26, 51, 74, 98, 89, 61]
Round 401 | train_loss=0.1248 train_acc=0.9538 test_loss=0.4971 test_acc=0.8683
Round 402 | selected=[40, 66, 41, 47, 23, 77, 80, 89, 95, 11]
Round 402 | train_loss=0.1520 train_acc=0.9518 test_loss=0.5823 test_acc=0.8478
Round 403 | selected=[70, 90, 28, 35, 96, 88, 47, 72, 24, 0]
Round 403 | train_loss=0.1353 train_acc=0.9530 test_loss=0.5803 test_acc=0.8515
Round 404 | selected=[40, 15, 3, 82, 97, 16, 37, 70, 63, 6]
Round 404 | train_loss=0.1426 train_acc=0.9510 test_loss=0.5274 test_acc=0.8613
Round 405 | selected=[18, 69, 43, 94, 97, 93, 4, 48, 60, 28]
Round 405 | train_loss=0.1342 train_acc=0.9520 test_loss=0.5743 test_acc=0.8540
Round 406 | selected=[33, 64, 93, 80, 11, 89, 92, 10, 85, 65]
Round 406 | train_loss=0.1235 train_acc=0.9554 test_loss=0.5550 test_acc=0.8539
Round 407 | selected=[44, 67, 1, 17, 19, 28, 69, 49, 42, 45]
Round 407 | train_loss=0.1313 train_acc=0.9486 test_loss=0.5151 test_acc=0.8647
Round 408 | selected=[35, 44, 21, 86, 91, 74, 42, 79, 9, 11]
Round 408 | train_loss=0.1538 train_acc=0.9440 test_loss=0.4608 test_acc=0.8728
Round 409 | selected=[42, 14, 96, 17, 80, 79, 65, 16, 8, 34]
Round 409 | train_loss=0.1199 train_acc=0.9598 test_loss=0.4313 test_acc=0.8795
Round 410 | selected=[50, 48, 3, 53, 88, 96, 91, 8, 80, 82]
Round 410 | train_loss=0.1266 train_acc=0.9558 test_loss=0.4232 test_acc=0.8786
Round 411 | selected=[33, 19, 99, 3, 61, 46, 43, 48, 84, 50]
Round 411 | train_loss=0.1146 train_acc=0.9568 test_loss=0.4551 test_acc=0.8721
Round 412 | selected=[36, 80, 91, 26, 53, 28, 78, 92, 8, 93]
Round 412 | train_loss=0.1185 train_acc=0.9594 test_loss=0.4942 test_acc=0.8673
Round 413 | selected=[35, 88, 70, 19, 71, 7, 83, 79, 50, 85]
Round 413 | train_loss=0.1187 train_acc=0.9570 test_loss=0.4558 test_acc=0.8748
Round 414 | selected=[47, 67, 28, 63, 19, 90, 69, 35, 10, 16]
Round 414 | train_loss=0.1130 train_acc=0.9634 test_loss=0.5018 test_acc=0.8644
Round 415 | selected=[47, 19, 85, 86, 94, 83, 24, 63, 65, 57]
Round 415 | train_loss=0.1078 train_acc=0.9630 test_loss=0.5440 test_acc=0.8537
Round 416 | selected=[15, 3, 0, 19, 78, 73, 38, 51, 35, 43]
Round 416 | train_loss=0.1193 train_acc=0.9582 test_loss=0.4407 test_acc=0.8783
Round 417 | selected=[13, 24, 14, 15, 78, 61, 97, 3, 90, 48]
Round 417 | train_loss=0.1050 train_acc=0.9610 test_loss=0.4513 test_acc=0.8786
Round 418 | selected=[46, 16, 6, 83, 79, 28, 23, 20, 24, 66]
Round 418 | train_loss=0.1123 train_acc=0.9622 test_loss=0.4419 test_acc=0.8803
Round 419 | selected=[48, 76, 47, 21, 67, 80, 13, 0, 9, 35]
Round 419 | train_loss=0.1186 train_acc=0.9566 test_loss=0.4450 test_acc=0.8759
Round 420 | selected=[65, 71, 28, 55, 68, 30, 32, 60, 31, 2]
Round 420 | train_loss=0.1427 train_acc=0.9480 test_loss=0.4501 test_acc=0.8774
Round 421 | selected=[30, 22, 50, 17, 29, 76, 91, 16, 1, 31]
Round 421 | train_loss=0.1265 train_acc=0.9524 test_loss=0.4455 test_acc=0.8795
Round 422 | selected=[49, 60, 0, 29, 96, 16, 48, 47, 4, 79]
Round 422 | train_loss=0.0995 train_acc=0.9646 test_loss=0.4566 test_acc=0.8770
Round 423 | selected=[81, 65, 94, 22, 74, 62, 27, 90, 71, 72]
Round 423 | train_loss=0.1322 train_acc=0.9530 test_loss=0.4433 test_acc=0.8824
Round 424 | selected=[69, 70, 82, 45, 75, 21, 11, 64, 44, 79]
Round 424 | train_loss=0.1159 train_acc=0.9584 test_loss=0.4428 test_acc=0.8835
Round 425 | selected=[3, 67, 78, 0, 46, 99, 61, 73, 34, 83]
Round 425 | train_loss=0.1062 train_acc=0.9622 test_loss=0.4359 test_acc=0.8865
Round 426 | selected=[53, 63, 98, 39, 96, 79, 61, 58, 36, 91]
Round 426 | train_loss=0.1124 train_acc=0.9608 test_loss=0.4263 test_acc=0.8854
Round 427 | selected=[69, 99, 48, 80, 13, 62, 93, 43, 19, 16]
Round 427 | train_loss=0.1114 train_acc=0.9604 test_loss=0.4360 test_acc=0.8845
Round 428 | selected=[18, 28, 43, 54, 58, 92, 45, 32, 4, 29]
Round 428 | train_loss=0.1043 train_acc=0.9648 test_loss=0.4450 test_acc=0.8841
Round 429 | selected=[64, 6, 28, 31, 80, 33, 21, 83, 89, 25]
Round 429 | train_loss=0.1056 train_acc=0.9612 test_loss=0.4381 test_acc=0.8817
Round 430 | selected=[34, 17, 70, 50, 10, 89, 94, 37, 23, 22]
Round 430 | train_loss=0.1154 train_acc=0.9588 test_loss=0.4352 test_acc=0.8828
Round 431 | selected=[19, 30, 54, 20, 68, 3, 82, 73, 96, 90]
Round 431 | train_loss=0.1028 train_acc=0.9626 test_loss=0.4334 test_acc=0.8809
Round 432 | selected=[45, 29, 26, 16, 80, 56, 49, 89, 53, 34]
Round 432 | train_loss=0.0933 train_acc=0.9686 test_loss=0.4534 test_acc=0.8774
Round 433 | selected=[43, 49, 22, 74, 47, 54, 77, 56, 23, 80]
Round 433 | train_loss=0.1095 train_acc=0.9602 test_loss=0.4590 test_acc=0.8766
Round 434 | selected=[65, 23, 87, 33, 86, 91, 59, 21, 58, 31]
Round 434 | train_loss=0.1128 train_acc=0.9604 test_loss=0.4494 test_acc=0.8806
Round 435 | selected=[90, 10, 23, 47, 26, 99, 61, 96, 28, 48]
Round 435 | train_loss=0.0880 train_acc=0.9690 test_loss=0.4657 test_acc=0.8786
Round 436 | selected=[30, 22, 98, 18, 55, 90, 93, 65, 31, 71]
Round 436 | train_loss=0.1010 train_acc=0.9650 test_loss=0.4784 test_acc=0.8805
Round 437 | selected=[52, 41, 99, 59, 37, 92, 43, 38, 14, 70]
Round 437 | train_loss=0.1363 train_acc=0.9556 test_loss=0.4754 test_acc=0.8802
Round 438 | selected=[67, 30, 25, 60, 35, 6, 79, 31, 32, 81]
Round 438 | train_loss=0.1045 train_acc=0.9642 test_loss=0.4469 test_acc=0.8821
Round 439 | selected=[74, 80, 38, 13, 69, 90, 89, 60, 65, 7]
Round 439 | train_loss=0.1112 train_acc=0.9604 test_loss=0.4282 test_acc=0.8831
Round 440 | selected=[80, 43, 79, 67, 0, 78, 10, 87, 83, 74]
Round 440 | train_loss=0.0926 train_acc=0.9670 test_loss=0.4384 test_acc=0.8805
Round 441 | selected=[90, 53, 68, 49, 51, 8, 29, 46, 45, 96]
Round 441 | train_loss=0.0996 train_acc=0.9646 test_loss=0.4394 test_acc=0.8816
Round 442 | selected=[83, 9, 86, 78, 72, 20, 33, 55, 74, 66]
Round 442 | train_loss=0.1185 train_acc=0.9552 test_loss=0.4184 test_acc=0.8861
Round 443 | selected=[79, 29, 39, 26, 77, 99, 9, 61, 33, 46]
Round 443 | train_loss=0.1069 train_acc=0.9614 test_loss=0.4167 test_acc=0.8842
Round 444 | selected=[90, 95, 16, 40, 94, 93, 7, 69, 10, 78]
Round 444 | train_loss=0.1002 train_acc=0.9652 test_loss=0.4837 test_acc=0.8725
Round 445 | selected=[49, 53, 39, 84, 32, 33, 91, 46, 77, 42]
Round 445 | train_loss=0.0979 train_acc=0.9616 test_loss=0.5058 test_acc=0.8689
Round 446 | selected=[10, 27, 15, 69, 93, 35, 80, 78, 57, 19]
Round 446 | train_loss=0.0804 train_acc=0.9716 test_loss=0.5235 test_acc=0.8657
Round 447 | selected=[83, 42, 29, 31, 84, 94, 71, 92, 13, 44]
Round 447 | train_loss=0.0971 train_acc=0.9674 test_loss=0.4858 test_acc=0.8723
Round 448 | selected=[41, 27, 52, 81, 32, 66, 51, 34, 5, 17]
Round 448 | train_loss=0.1235 train_acc=0.9558 test_loss=0.4794 test_acc=0.8768
Round 449 | selected=[67, 91, 72, 57, 13, 34, 8, 33, 94, 74]
Round 449 | train_loss=0.1007 train_acc=0.9656 test_loss=0.6124 test_acc=0.8531
Round 450 | selected=[71, 6, 5, 64, 32, 60, 74, 37, 96, 0]
Round 450 | train_loss=0.1084 train_acc=0.9600 test_loss=0.4820 test_acc=0.8765
Round 451 | selected=[34, 97, 45, 54, 67, 61, 85, 80, 5, 82]
Round 451 | train_loss=0.0922 train_acc=0.9690 test_loss=0.4619 test_acc=0.8810
Round 452 | selected=[21, 76, 78, 81, 33, 25, 79, 18, 56, 58]
Round 452 | train_loss=0.1098 train_acc=0.9586 test_loss=0.5608 test_acc=0.8613
Round 453 | selected=[70, 61, 50, 55, 41, 73, 91, 90, 86, 77]
Round 453 | train_loss=0.1054 train_acc=0.9630 test_loss=0.5027 test_acc=0.8726
Round 454 | selected=[98, 83, 13, 29, 84, 80, 75, 88, 33, 26]
Round 454 | train_loss=0.0962 train_acc=0.9666 test_loss=0.4459 test_acc=0.8822
Round 455 | selected=[5, 85, 67, 70, 68, 46, 97, 9, 55, 13]
Round 455 | train_loss=0.0977 train_acc=0.9658 test_loss=0.4283 test_acc=0.8878
Round 456 | selected=[17, 14, 22, 26, 50, 67, 84, 64, 82, 38]
Round 456 | train_loss=0.0867 train_acc=0.9700 test_loss=0.4890 test_acc=0.8764
Round 457 | selected=[83, 39, 25, 79, 51, 92, 73, 76, 44, 61]
Round 457 | train_loss=0.1001 train_acc=0.9626 test_loss=0.4796 test_acc=0.8801
Round 458 | selected=[96, 95, 74, 50, 90, 73, 63, 48, 53, 17]
Round 458 | train_loss=0.0912 train_acc=0.9688 test_loss=0.4904 test_acc=0.8753
Round 459 | selected=[77, 45, 44, 26, 19, 5, 73, 27, 70, 23]
Round 459 | train_loss=0.1015 train_acc=0.9658 test_loss=0.4758 test_acc=0.8764
Round 460 | selected=[58, 95, 64, 55, 38, 8, 52, 96, 90, 26]
Round 460 | train_loss=0.1027 train_acc=0.9618 test_loss=0.4376 test_acc=0.8817
Round 461 | selected=[29, 0, 82, 80, 41, 66, 15, 88, 11, 75]
Round 461 | train_loss=0.0953 train_acc=0.9670 test_loss=0.4821 test_acc=0.8769
Round 462 | selected=[14, 27, 52, 70, 71, 1, 91, 68, 41, 55]
Round 462 | train_loss=0.1010 train_acc=0.9660 test_loss=0.5177 test_acc=0.8701
Round 463 | selected=[55, 97, 96, 65, 89, 20, 56, 32, 88, 7]
Round 463 | train_loss=0.0985 train_acc=0.9660 test_loss=0.4977 test_acc=0.8736
Round 464 | selected=[55, 57, 98, 47, 14, 44, 62, 43, 72, 46]
Round 464 | train_loss=0.1028 train_acc=0.9660 test_loss=0.4615 test_acc=0.8817
Round 465 | selected=[73, 59, 64, 23, 88, 1, 29, 57, 71, 58]
Round 465 | train_loss=0.0903 train_acc=0.9686 test_loss=0.4739 test_acc=0.8795
Round 466 | selected=[17, 7, 74, 85, 44, 20, 24, 47, 80, 68]
Round 466 | train_loss=0.0873 train_acc=0.9696 test_loss=0.5080 test_acc=0.8757
Round 467 | selected=[26, 94, 63, 78, 5, 29, 92, 27, 76, 39]
Round 467 | train_loss=0.0976 train_acc=0.9620 test_loss=0.4308 test_acc=0.8888
Round 468 | selected=[52, 54, 33, 37, 69, 56, 23, 12, 89, 90]
Round 468 | train_loss=0.1088 train_acc=0.9616 test_loss=0.4644 test_acc=0.8786
Round 469 | selected=[6, 51, 31, 37, 43, 82, 46, 16, 99, 67]
Round 469 | train_loss=0.0973 train_acc=0.9626 test_loss=0.4415 test_acc=0.8849
Round 470 | selected=[77, 61, 78, 64, 63, 67, 40, 68, 53, 76]
Round 470 | train_loss=0.0948 train_acc=0.9658 test_loss=0.5222 test_acc=0.8718
Round 471 | selected=[65, 87, 48, 90, 12, 27, 73, 77, 52, 37]
Round 471 | train_loss=0.0923 train_acc=0.9666 test_loss=0.5103 test_acc=0.8711
Round 472 | selected=[67, 21, 90, 78, 82, 37, 63, 93, 76, 81]
Round 472 | train_loss=0.0940 train_acc=0.9672 test_loss=0.4451 test_acc=0.8843
Round 473 | selected=[55, 64, 41, 77, 25, 23, 70, 49, 61, 1]
Round 473 | train_loss=0.0992 train_acc=0.9678 test_loss=0.4570 test_acc=0.8826
Round 474 | selected=[27, 51, 2, 90, 24, 54, 50, 45, 69, 63]
Round 474 | train_loss=0.1008 train_acc=0.9666 test_loss=0.5246 test_acc=0.8732
Round 475 | selected=[8, 37, 48, 38, 24, 57, 26, 40, 91, 12]
Round 475 | train_loss=0.1105 train_acc=0.9624 test_loss=0.5206 test_acc=0.8740
Round 476 | selected=[20, 4, 37, 81, 12, 71, 67, 29, 66, 82]
Round 476 | train_loss=0.0888 train_acc=0.9706 test_loss=0.4881 test_acc=0.8784
Round 477 | selected=[81, 89, 20, 17, 11, 12, 41, 15, 70, 40]
Round 477 | train_loss=0.0938 train_acc=0.9668 test_loss=0.4851 test_acc=0.8787
Round 478 | selected=[33, 41, 51, 94, 43, 74, 22, 0, 21, 15]
Round 478 | train_loss=0.0793 train_acc=0.9718 test_loss=0.5169 test_acc=0.8721
Round 479 | selected=[90, 97, 1, 46, 79, 84, 3, 42, 33, 86]
Round 479 | train_loss=0.1025 train_acc=0.9644 test_loss=0.5072 test_acc=0.8719
Round 480 | selected=[75, 12, 87, 85, 26, 69, 44, 43, 99, 31]
Round 480 | train_loss=0.0821 train_acc=0.9728 test_loss=0.4882 test_acc=0.8742
Round 481 | selected=[49, 90, 1, 33, 67, 45, 82, 97, 76, 29]
Round 481 | train_loss=0.0781 train_acc=0.9738 test_loss=0.4917 test_acc=0.8761
Round 482 | selected=[36, 72, 35, 42, 59, 71, 62, 43, 29, 48]
Round 482 | train_loss=0.0993 train_acc=0.9664 test_loss=0.4926 test_acc=0.8763
Round 483 | selected=[99, 22, 35, 19, 78, 79, 34, 46, 3, 33]
Round 483 | train_loss=0.0690 train_acc=0.9760 test_loss=0.5070 test_acc=0.8732
Round 484 | selected=[61, 74, 30, 64, 71, 27, 38, 45, 76, 18]
Round 484 | train_loss=0.0811 train_acc=0.9718 test_loss=0.5126 test_acc=0.8741
Round 485 | selected=[77, 25, 84, 83, 44, 26, 3, 81, 47, 53]
Round 485 | train_loss=0.1004 train_acc=0.9660 test_loss=0.4689 test_acc=0.8830
Round 486 | selected=[26, 82, 53, 85, 57, 56, 17, 68, 78, 22]
Round 486 | train_loss=0.0774 train_acc=0.9720 test_loss=0.4576 test_acc=0.8850
Round 487 | selected=[71, 54, 16, 76, 19, 92, 84, 33, 20, 12]
Round 487 | train_loss=0.0853 train_acc=0.9692 test_loss=0.4810 test_acc=0.8803
Round 488 | selected=[92, 38, 8, 2, 1, 47, 74, 50, 29, 41]
Round 488 | train_loss=0.1048 train_acc=0.9642 test_loss=0.5102 test_acc=0.8783
Round 489 | selected=[99, 83, 21, 29, 11, 28, 97, 56, 91, 85]
Round 489 | train_loss=0.0938 train_acc=0.9674 test_loss=0.5181 test_acc=0.8774
Round 490 | selected=[75, 36, 30, 79, 59, 28, 41, 39, 80, 8]
Round 490 | train_loss=0.0976 train_acc=0.9646 test_loss=0.5383 test_acc=0.8717
Round 491 | selected=[84, 13, 91, 28, 5, 62, 64, 20, 29, 89]
Round 491 | train_loss=0.0927 train_acc=0.9672 test_loss=0.4871 test_acc=0.8800
Round 492 | selected=[56, 51, 91, 64, 67, 18, 69, 31, 65, 80]
Round 492 | train_loss=0.0686 train_acc=0.9756 test_loss=0.4721 test_acc=0.8800
Round 493 | selected=[72, 56, 62, 79, 97, 19, 92, 57, 96, 43]
Round 493 | train_loss=0.0905 train_acc=0.9680 test_loss=0.4762 test_acc=0.8788
Round 494 | selected=[75, 20, 23, 79, 69, 49, 76, 52, 53, 39]
Round 494 | train_loss=0.0920 train_acc=0.9672 test_loss=0.4643 test_acc=0.8827
Round 495 | selected=[16, 34, 76, 1, 25, 61, 46, 98, 44, 31]
Round 495 | train_loss=0.0868 train_acc=0.9690 test_loss=0.5021 test_acc=0.8791
Round 496 | selected=[33, 2, 99, 61, 30, 93, 21, 22, 36, 20]
Round 496 | train_loss=0.1063 train_acc=0.9622 test_loss=0.5038 test_acc=0.8781
Round 497 | selected=[59, 80, 95, 32, 35, 54, 58, 17, 18, 30]
Round 497 | train_loss=0.0811 train_acc=0.9712 test_loss=0.4844 test_acc=0.8822
Round 498 | selected=[90, 10, 37, 76, 45, 62, 89, 20, 85, 70]
Round 498 | train_loss=0.0907 train_acc=0.9700 test_loss=0.5055 test_acc=0.8801
Round 499 | selected=[39, 87, 86, 15, 18, 10, 57, 75, 74, 95]
Round 499 | train_loss=0.0918 train_acc=0.9676 test_loss=0.4648 test_acc=0.8835
Round 500 | selected=[53, 83, 34, 22, 85, 50, 9, 98, 67, 90]
Round 500 | train_loss=0.0862 train_acc=0.9706 test_loss=0.4902 test_acc=0.8767
Saved: track1/results/cifar10/final_seed44/fedadam_iid_seed44.csv
COMPLETED: fedadam iid seed=44
