========================================
JOB:       12005100
TASK:      27
ALGORITHM: fedavgm
PARTITION: alpha01
SEED:      44
GPU:       0
========================================
Device: cuda
GPU: Tesla V100-PCIE-32GB
Round 0 | test_loss=3.0410 test_acc=0.1229
Round 1 | selected=[38, 24, 76, 63, 8, 52, 11, 60, 94, 16]
Round 1 | train_loss=1.2966 train_acc=0.7026 test_loss=2.9642 test_acc=0.1000
Round 2 | selected=[38, 88, 40, 98, 58, 91, 39, 56, 35, 96]
Round 2 | train_loss=1.9502 train_acc=0.5624 test_loss=3.6037 test_acc=0.1260
Round 3 | selected=[63, 8, 77, 16, 70, 81, 90, 68, 18, 54]
Round 3 | train_loss=1.6590 train_acc=0.5860 test_loss=6.6459 test_acc=0.1262
Round 4 | selected=[62, 58, 33, 61, 76, 14, 29, 71, 39, 27]
Round 4 | train_loss=1.8189 train_acc=0.5904 test_loss=8.9301 test_acc=0.1051
Round 5 | selected=[10, 71, 32, 79, 27, 87, 48, 53, 59, 76]
Round 5 | train_loss=1.5118 train_acc=0.5790 test_loss=32.1856 test_acc=0.1195
Round 6 | selected=[96, 43, 42, 70, 26, 67, 35, 12, 51, 55]
Round 6 | train_loss=2.3173 train_acc=0.5002 test_loss=15.5235 test_acc=0.1346
Round 7 | selected=[41, 62, 97, 46, 72, 24, 32, 30, 19, 21]
Round 7 | train_loss=1.6616 train_acc=0.5766 test_loss=13.2878 test_acc=0.1075
Round 8 | selected=[14, 39, 84, 69, 58, 11, 79, 44, 99, 86]
Round 8 | train_loss=1.7970 train_acc=0.5046 test_loss=20.8571 test_acc=0.1000
Round 9 | selected=[65, 67, 19, 15, 83, 72, 91, 25, 0, 3]
Round 9 | train_loss=1.7876 train_acc=0.4848 test_loss=7.8178 test_acc=0.0942
Round 10 | selected=[41, 79, 99, 18, 46, 7, 20, 74, 73, 33]
Round 10 | train_loss=1.7640 train_acc=0.4884 test_loss=3.7352 test_acc=0.1049
Round 11 | selected=[26, 48, 65, 63, 77, 20, 12, 81, 83, 30]
Round 11 | train_loss=1.4439 train_acc=0.6280 test_loss=4.6352 test_acc=0.1301
Round 12 | selected=[17, 12, 30, 9, 67, 97, 87, 35, 65, 14]
Round 12 | train_loss=1.7055 train_acc=0.4740 test_loss=3.4925 test_acc=0.0996
Round 13 | selected=[38, 49, 87, 82, 5, 97, 31, 93, 80, 58]
Round 13 | train_loss=1.5035 train_acc=0.5144 test_loss=2.6143 test_acc=0.1652
Round 14 | selected=[76, 65, 90, 20, 87, 52, 7, 28, 4, 81]
Round 14 | train_loss=1.5505 train_acc=0.5254 test_loss=3.2646 test_acc=0.1496
Round 15 | selected=[67, 29, 12, 96, 70, 48, 17, 83, 93, 62]
Round 15 | train_loss=1.7453 train_acc=0.4342 test_loss=2.5698 test_acc=0.1198
Round 16 | selected=[31, 16, 28, 87, 57, 21, 71, 24, 37, 83]
Round 16 | train_loss=1.3938 train_acc=0.6280 test_loss=2.4713 test_acc=0.1874
Round 17 | selected=[11, 21, 65, 34, 43, 10, 99, 71, 40, 14]
Round 17 | train_loss=1.4774 train_acc=0.5526 test_loss=2.6986 test_acc=0.1910
Round 18 | selected=[49, 17, 56, 0, 16, 99, 80, 6, 44, 40]
Round 18 | train_loss=1.4845 train_acc=0.5790 test_loss=2.5025 test_acc=0.1994
Round 19 | selected=[70, 38, 57, 98, 74, 14, 71, 81, 28, 97]
Round 19 | train_loss=1.7322 train_acc=0.4806 test_loss=2.2939 test_acc=0.2029
Round 20 | selected=[1, 16, 49, 67, 22, 27, 88, 76, 21, 15]
Round 20 | train_loss=1.6197 train_acc=0.4912 test_loss=2.3728 test_acc=0.1896
Round 21 | selected=[83, 43, 56, 50, 16, 18, 32, 15, 74, 62]
Round 21 | train_loss=1.4589 train_acc=0.5696 test_loss=2.7223 test_acc=0.1340
Round 22 | selected=[24, 34, 96, 18, 44, 92, 8, 32, 95, 90]
Round 22 | train_loss=1.8964 train_acc=0.4076 test_loss=2.4182 test_acc=0.1796
Round 23 | selected=[64, 65, 0, 57, 52, 97, 73, 19, 58, 4]
Round 23 | train_loss=1.6173 train_acc=0.5324 test_loss=2.4120 test_acc=0.1515
Round 24 | selected=[19, 94, 23, 25, 64, 77, 8, 81, 41, 10]
Round 24 | train_loss=1.4797 train_acc=0.5214 test_loss=2.8398 test_acc=0.1656
Round 25 | selected=[70, 34, 47, 84, 12, 40, 32, 64, 18, 83]
Round 25 | train_loss=1.8799 train_acc=0.4350 test_loss=3.1872 test_acc=0.1636
Round 26 | selected=[43, 79, 40, 96, 47, 24, 64, 11, 48, 42]
Round 26 | train_loss=2.4530 train_acc=0.3546 test_loss=2.8790 test_acc=0.1607
Round 27 | selected=[67, 41, 12, 54, 98, 21, 83, 13, 30, 1]
Round 27 | train_loss=1.8625 train_acc=0.4164 test_loss=2.8889 test_acc=0.1522
Round 28 | selected=[92, 72, 96, 76, 33, 15, 30, 46, 74, 23]
Round 28 | train_loss=2.4804 train_acc=0.3782 test_loss=2.9249 test_acc=0.1464
Round 29 | selected=[82, 77, 28, 32, 37, 26, 55, 67, 71, 44]
Round 29 | train_loss=2.0821 train_acc=0.3214 test_loss=3.0467 test_acc=0.1329
Round 30 | selected=[31, 96, 80, 66, 34, 26, 33, 3, 52, 11]
Round 30 | train_loss=1.9057 train_acc=0.3984 test_loss=2.8991 test_acc=0.1568
Round 31 | selected=[58, 10, 95, 55, 69, 25, 1, 13, 77, 65]
Round 31 | train_loss=2.0359 train_acc=0.3252 test_loss=2.5429 test_acc=0.1749
Round 32 | selected=[53, 30, 66, 76, 6, 85, 81, 48, 54, 5]
Round 32 | train_loss=1.7453 train_acc=0.4200 test_loss=2.6533 test_acc=0.1822
Round 33 | selected=[91, 75, 14, 11, 33, 80, 8, 47, 82, 37]
Round 33 | train_loss=2.0298 train_acc=0.3448 test_loss=2.6281 test_acc=0.1764
Round 34 | selected=[54, 94, 5, 99, 64, 91, 80, 62, 36, 52]
Round 34 | train_loss=1.7775 train_acc=0.4726 test_loss=2.6503 test_acc=0.1264
Round 35 | selected=[5, 20, 50, 98, 84, 74, 51, 91, 44, 78]
Round 35 | train_loss=2.0594 train_acc=0.3322 test_loss=2.5451 test_acc=0.1846
Round 36 | selected=[78, 31, 53, 12, 21, 49, 76, 46, 80, 2]
Round 36 | train_loss=2.0965 train_acc=0.4028 test_loss=2.5778 test_acc=0.1547
Round 37 | selected=[61, 19, 23, 45, 12, 65, 27, 39, 85, 24]
Round 37 | train_loss=2.0141 train_acc=0.3848 test_loss=2.3990 test_acc=0.1203
Round 38 | selected=[24, 92, 93, 64, 44, 89, 42, 35, 45, 20]
Round 38 | train_loss=2.2352 train_acc=0.2102 test_loss=2.2616 test_acc=0.1358
Round 39 | selected=[95, 2, 21, 56, 41, 52, 31, 55, 23, 57]
Round 39 | train_loss=2.0539 train_acc=0.3018 test_loss=2.2028 test_acc=0.1532
Round 40 | selected=[80, 69, 90, 46, 78, 67, 38, 55, 10, 49]
Round 40 | train_loss=2.0746 train_acc=0.3186 test_loss=2.3184 test_acc=0.1213
Round 41 | selected=[70, 76, 56, 97, 71, 44, 64, 94, 4, 36]
Round 41 | train_loss=2.1423 train_acc=0.2516 test_loss=2.4043 test_acc=0.1197
Round 42 | selected=[94, 14, 80, 79, 17, 23, 33, 2, 44, 88]
Round 42 | train_loss=2.3502 train_acc=0.1864 test_loss=2.3374 test_acc=0.1457
Round 43 | selected=[66, 91, 58, 96, 1, 49, 38, 16, 89, 39]
Round 43 | train_loss=2.3759 train_acc=0.0924 test_loss=2.2178 test_acc=0.1553
Round 44 | selected=[91, 90, 7, 26, 99, 12, 54, 48, 0, 36]
Round 44 | train_loss=2.2083 train_acc=0.2294 test_loss=2.1451 test_acc=0.1830
Round 45 | selected=[47, 6, 4, 38, 14, 62, 40, 63, 41, 99]
Round 45 | train_loss=2.0437 train_acc=0.3114 test_loss=2.1129 test_acc=0.1723
Round 46 | selected=[2, 52, 60, 29, 57, 71, 33, 39, 75, 95]
Round 46 | train_loss=2.0468 train_acc=0.2300 test_loss=2.1411 test_acc=0.1757
Round 47 | selected=[92, 35, 28, 54, 74, 46, 49, 13, 62, 4]
Round 47 | train_loss=2.1541 train_acc=0.2638 test_loss=3.3012 test_acc=0.1491
Round 48 | selected=[97, 40, 62, 82, 13, 85, 78, 32, 63, 43]
Round 48 | train_loss=2.0888 train_acc=0.3566 test_loss=3.2337 test_acc=0.1167
Round 49 | selected=[5, 6, 35, 70, 67, 94, 82, 33, 45, 91]
Round 49 | train_loss=2.1929 train_acc=0.2122 test_loss=2.4777 test_acc=0.1609
Round 50 | selected=[58, 48, 26, 18, 85, 14, 75, 81, 29, 47]
Round 50 | train_loss=2.0131 train_acc=0.3102 test_loss=2.3010 test_acc=0.1928
Round 51 | selected=[5, 11, 20, 81, 75, 4, 32, 86, 17, 7]
Round 51 | train_loss=2.2044 train_acc=0.2626 test_loss=2.3576 test_acc=0.2049
Round 52 | selected=[41, 98, 97, 1, 93, 3, 33, 87, 88, 31]
Round 52 | train_loss=2.2411 train_acc=0.2228 test_loss=2.2440 test_acc=0.1937
Round 53 | selected=[66, 26, 17, 68, 79, 88, 27, 25, 89, 12]
Round 53 | train_loss=1.9313 train_acc=0.3652 test_loss=2.3444 test_acc=0.1638
Round 54 | selected=[13, 22, 89, 3, 91, 63, 61, 14, 90, 95]
Round 54 | train_loss=2.1021 train_acc=0.2824 test_loss=2.3719 test_acc=0.1849
Round 55 | selected=[18, 90, 57, 2, 98, 61, 67, 51, 60, 76]
Round 55 | train_loss=2.1544 train_acc=0.2098 test_loss=2.3592 test_acc=0.1889
Round 56 | selected=[20, 50, 90, 10, 18, 73, 52, 26, 41, 76]
Round 56 | train_loss=1.9984 train_acc=0.3004 test_loss=2.2913 test_acc=0.2003
Round 57 | selected=[44, 6, 91, 4, 15, 23, 76, 36, 73, 50]
Round 57 | train_loss=2.1482 train_acc=0.2660 test_loss=2.2494 test_acc=0.1970
Round 58 | selected=[76, 70, 99, 41, 38, 17, 77, 34, 21, 59]
Round 58 | train_loss=2.0044 train_acc=0.3626 test_loss=2.2426 test_acc=0.1602
Round 59 | selected=[31, 41, 12, 17, 67, 42, 84, 82, 16, 69]
Round 59 | train_loss=1.9930 train_acc=0.3122 test_loss=2.1478 test_acc=0.1611
Round 60 | selected=[6, 43, 10, 86, 28, 11, 19, 79, 39, 60]
Round 60 | train_loss=1.9816 train_acc=0.3810 test_loss=2.2118 test_acc=0.1890
Round 61 | selected=[46, 2, 96, 11, 65, 66, 23, 24, 78, 19]
Round 61 | train_loss=1.9325 train_acc=0.3636 test_loss=2.2637 test_acc=0.1556
Round 62 | selected=[88, 68, 83, 23, 30, 86, 70, 0, 97, 75]
Round 62 | train_loss=1.7990 train_acc=0.3660 test_loss=2.1894 test_acc=0.2014
Round 63 | selected=[16, 27, 68, 1, 40, 96, 88, 34, 77, 53]
Round 63 | train_loss=2.0979 train_acc=0.2542 test_loss=2.1214 test_acc=0.1961
Round 64 | selected=[9, 76, 78, 87, 2, 79, 65, 37, 60, 64]
Round 64 | train_loss=1.9770 train_acc=0.4502 test_loss=2.2204 test_acc=0.2004
Round 65 | selected=[79, 96, 86, 98, 9, 75, 58, 87, 51, 17]
Round 65 | train_loss=1.8542 train_acc=0.4260 test_loss=2.2125 test_acc=0.1987
Round 66 | selected=[3, 41, 39, 35, 38, 13, 11, 31, 81, 1]
Round 66 | train_loss=1.8435 train_acc=0.4558 test_loss=2.3695 test_acc=0.1640
Round 67 | selected=[45, 75, 3, 47, 57, 56, 88, 79, 8, 22]
Round 67 | train_loss=2.1741 train_acc=0.1700 test_loss=2.3520 test_acc=0.1472
Round 68 | selected=[65, 16, 0, 7, 40, 77, 81, 41, 60, 83]
Round 68 | train_loss=1.8464 train_acc=0.3462 test_loss=2.2139 test_acc=0.1782
Round 69 | selected=[18, 68, 89, 15, 88, 93, 49, 92, 67, 38]
Round 69 | train_loss=1.9917 train_acc=0.2770 test_loss=2.1528 test_acc=0.2149
Round 70 | selected=[1, 99, 7, 54, 51, 92, 67, 95, 88, 50]
Round 70 | train_loss=2.0094 train_acc=0.3364 test_loss=2.1375 test_acc=0.1867
Round 71 | selected=[45, 20, 79, 28, 66, 94, 35, 11, 93, 33]
Round 71 | train_loss=2.1866 train_acc=0.2314 test_loss=2.1197 test_acc=0.1940
Round 72 | selected=[64, 43, 83, 81, 5, 71, 95, 58, 11, 74]
Round 72 | train_loss=1.8693 train_acc=0.4254 test_loss=2.1556 test_acc=0.1957
Round 73 | selected=[50, 32, 0, 81, 8, 64, 66, 60, 70, 45]
Round 73 | train_loss=1.7155 train_acc=0.4546 test_loss=2.2915 test_acc=0.1764
Round 74 | selected=[92, 58, 39, 11, 3, 84, 97, 85, 20, 65]
Round 74 | train_loss=1.9004 train_acc=0.2560 test_loss=2.3983 test_acc=0.1825
Round 75 | selected=[92, 29, 28, 26, 10, 65, 85, 84, 43, 42]
Round 75 | train_loss=1.8927 train_acc=0.3988 test_loss=2.4485 test_acc=0.2092
Round 76 | selected=[93, 19, 91, 29, 14, 4, 88, 32, 0, 11]
Round 76 | train_loss=1.9819 train_acc=0.3936 test_loss=2.4134 test_acc=0.1739
Round 77 | selected=[58, 76, 51, 88, 10, 37, 94, 99, 69, 89]
Round 77 | train_loss=1.9560 train_acc=0.3382 test_loss=2.3172 test_acc=0.1950
Round 78 | selected=[6, 3, 33, 78, 32, 97, 83, 86, 80, 62]
Round 78 | train_loss=1.9688 train_acc=0.2404 test_loss=2.2521 test_acc=0.1755
Round 79 | selected=[88, 71, 8, 85, 82, 50, 51, 44, 14, 56]
Round 79 | train_loss=1.7847 train_acc=0.3320 test_loss=2.1380 test_acc=0.1897
Round 80 | selected=[2, 7, 13, 46, 71, 19, 24, 77, 86, 79]
Round 80 | train_loss=2.0629 train_acc=0.2786 test_loss=2.1489 test_acc=0.2161
Round 81 | selected=[25, 90, 13, 32, 59, 66, 54, 81, 67, 16]
Round 81 | train_loss=1.9594 train_acc=0.3582 test_loss=2.1083 test_acc=0.2327
Round 82 | selected=[85, 20, 54, 73, 50, 70, 71, 51, 99, 74]
Round 82 | train_loss=1.6985 train_acc=0.4694 test_loss=2.0566 test_acc=0.2163
Round 83 | selected=[42, 20, 17, 11, 98, 10, 46, 84, 38, 53]
Round 83 | train_loss=2.0832 train_acc=0.2206 test_loss=2.1610 test_acc=0.1944
Round 84 | selected=[72, 1, 52, 21, 9, 5, 69, 45, 74, 58]
Round 84 | train_loss=1.9091 train_acc=0.3058 test_loss=2.1923 test_acc=0.1908
Round 85 | selected=[74, 13, 75, 78, 80, 24, 8, 30, 97, 20]
Round 85 | train_loss=1.8618 train_acc=0.3440 test_loss=2.0734 test_acc=0.1915
Round 86 | selected=[48, 45, 38, 10, 71, 84, 82, 53, 42, 7]
Round 86 | train_loss=1.6592 train_acc=0.4492 test_loss=1.9838 test_acc=0.2144
Round 87 | selected=[98, 54, 40, 95, 59, 88, 92, 93, 28, 97]
Round 87 | train_loss=1.6913 train_acc=0.4696 test_loss=2.0353 test_acc=0.2385
Round 88 | selected=[16, 44, 9, 82, 81, 18, 85, 94, 64, 88]
Round 88 | train_loss=1.7902 train_acc=0.4318 test_loss=2.0940 test_acc=0.2312
Round 89 | selected=[18, 61, 27, 67, 48, 57, 95, 49, 76, 30]
Round 89 | train_loss=1.8094 train_acc=0.3584 test_loss=2.1178 test_acc=0.2086
Round 90 | selected=[90, 31, 36, 67, 7, 93, 1, 77, 11, 15]
Round 90 | train_loss=1.7410 train_acc=0.3552 test_loss=2.1507 test_acc=0.1915
Round 91 | selected=[50, 15, 33, 91, 99, 98, 2, 67, 49, 43]
Round 91 | train_loss=1.9335 train_acc=0.2752 test_loss=2.1124 test_acc=0.1969
Round 92 | selected=[47, 23, 16, 25, 85, 13, 15, 12, 55, 97]
Round 92 | train_loss=1.8389 train_acc=0.2450 test_loss=2.1082 test_acc=0.2117
Round 93 | selected=[10, 5, 36, 2, 76, 89, 40, 12, 58, 47]
Round 93 | train_loss=1.6757 train_acc=0.4596 test_loss=2.0580 test_acc=0.1951
Round 94 | selected=[56, 51, 89, 78, 22, 87, 67, 62, 11, 91]
Round 94 | train_loss=1.7299 train_acc=0.4330 test_loss=2.0531 test_acc=0.1823
Round 95 | selected=[36, 56, 50, 92, 13, 42, 93, 8, 20, 45]
Round 95 | train_loss=1.8250 train_acc=0.3232 test_loss=2.1664 test_acc=0.1610
Round 96 | selected=[42, 2, 44, 21, 74, 82, 34, 83, 49, 31]
Round 96 | train_loss=1.6974 train_acc=0.3550 test_loss=2.0158 test_acc=0.2042
Round 97 | selected=[20, 33, 86, 30, 23, 31, 71, 2, 50, 69]
Round 97 | train_loss=1.6288 train_acc=0.3720 test_loss=2.0478 test_acc=0.1863
Round 98 | selected=[75, 45, 13, 32, 12, 54, 16, 80, 83, 86]
Round 98 | train_loss=1.4764 train_acc=0.4998 test_loss=2.0322 test_acc=0.1737
Round 99 | selected=[31, 83, 63, 91, 90, 35, 69, 82, 16, 49]
Round 99 | train_loss=1.4774 train_acc=0.4878 test_loss=2.0856 test_acc=0.1684
Round 100 | selected=[45, 35, 10, 6, 64, 72, 34, 37, 75, 7]
Round 100 | train_loss=1.6216 train_acc=0.4034 test_loss=2.1316 test_acc=0.1881
Round 101 | selected=[1, 11, 21, 12, 36, 50, 53, 52, 9, 37]
Round 101 | train_loss=1.6716 train_acc=0.4414 test_loss=2.1574 test_acc=0.2274
Round 102 | selected=[78, 94, 38, 97, 29, 51, 73, 52, 76, 1]
Round 102 | train_loss=1.8186 train_acc=0.3312 test_loss=2.1372 test_acc=0.2176
Round 103 | selected=[48, 85, 24, 15, 40, 35, 70, 43, 90, 26]
Round 103 | train_loss=1.7975 train_acc=0.3972 test_loss=2.0034 test_acc=0.2285
Round 104 | selected=[37, 29, 21, 85, 7, 4, 79, 76, 47, 23]
Round 104 | train_loss=1.8282 train_acc=0.2820 test_loss=1.9261 test_acc=0.2617
Round 105 | selected=[42, 23, 78, 32, 19, 3, 21, 57, 24, 98]
Round 105 | train_loss=1.6394 train_acc=0.4812 test_loss=1.9961 test_acc=0.1977
Round 106 | selected=[25, 82, 31, 36, 65, 7, 41, 66, 75, 58]
Round 106 | train_loss=1.5159 train_acc=0.5042 test_loss=1.9811 test_acc=0.2063
Round 107 | selected=[37, 63, 64, 13, 73, 79, 33, 56, 10, 99]
Round 107 | train_loss=1.7496 train_acc=0.3224 test_loss=2.1254 test_acc=0.1567
Round 108 | selected=[66, 64, 2, 75, 29, 4, 16, 99, 77, 0]
Round 108 | train_loss=1.5609 train_acc=0.3882 test_loss=2.0335 test_acc=0.2214
Round 109 | selected=[43, 74, 18, 13, 17, 91, 71, 82, 85, 35]
Round 109 | train_loss=1.7176 train_acc=0.3746 test_loss=2.0588 test_acc=0.1814
Round 110 | selected=[49, 89, 46, 3, 79, 82, 16, 90, 57, 58]
Round 110 | train_loss=1.3786 train_acc=0.5290 test_loss=2.0933 test_acc=0.1794
Round 111 | selected=[12, 41, 68, 0, 93, 29, 81, 54, 44, 57]
Round 111 | train_loss=1.6316 train_acc=0.3680 test_loss=2.0749 test_acc=0.1828
Round 112 | selected=[16, 86, 51, 25, 57, 48, 34, 36, 63, 76]
Round 112 | train_loss=1.6457 train_acc=0.3828 test_loss=2.0316 test_acc=0.1944
Round 113 | selected=[70, 34, 33, 48, 27, 16, 50, 44, 24, 75]
Round 113 | train_loss=1.2682 train_acc=0.5428 test_loss=2.0201 test_acc=0.2346
Round 114 | selected=[26, 31, 15, 13, 51, 96, 86, 39, 90, 19]
Round 114 | train_loss=1.5512 train_acc=0.5412 test_loss=2.1605 test_acc=0.1991
Round 115 | selected=[71, 72, 74, 12, 84, 99, 76, 68, 59, 36]
Round 115 | train_loss=1.6708 train_acc=0.4220 test_loss=2.2450 test_acc=0.2014
Round 116 | selected=[6, 35, 55, 52, 97, 78, 5, 76, 53, 56]
Round 116 | train_loss=1.5955 train_acc=0.4380 test_loss=2.1172 test_acc=0.2024
Round 117 | selected=[33, 96, 7, 4, 53, 81, 67, 24, 88, 64]
Round 117 | train_loss=1.6221 train_acc=0.3952 test_loss=2.1436 test_acc=0.1849
Round 118 | selected=[24, 17, 90, 76, 39, 34, 35, 2, 66, 12]
Round 118 | train_loss=1.7677 train_acc=0.3420 test_loss=2.3462 test_acc=0.1392
Round 119 | selected=[64, 97, 94, 24, 45, 22, 48, 25, 81, 57]
Round 119 | train_loss=1.7831 train_acc=0.3496 test_loss=2.3151 test_acc=0.1770
Round 120 | selected=[28, 38, 41, 36, 30, 79, 5, 61, 50, 20]
Round 120 | train_loss=1.5275 train_acc=0.4608 test_loss=2.0870 test_acc=0.2254
Round 121 | selected=[34, 62, 94, 41, 27, 64, 96, 72, 45, 18]
Round 121 | train_loss=1.8038 train_acc=0.4132 test_loss=1.9911 test_acc=0.2303
Round 122 | selected=[76, 61, 9, 70, 37, 74, 85, 89, 64, 94]
Round 122 | train_loss=1.6494 train_acc=0.4492 test_loss=2.0052 test_acc=0.2382
Round 123 | selected=[28, 25, 19, 75, 43, 44, 87, 20, 38, 53]
Round 123 | train_loss=1.5647 train_acc=0.4172 test_loss=2.0037 test_acc=0.2617
Round 124 | selected=[99, 88, 92, 27, 57, 41, 61, 5, 11, 0]
Round 124 | train_loss=1.7062 train_acc=0.3616 test_loss=1.9526 test_acc=0.2769
Round 125 | selected=[20, 74, 28, 12, 55, 44, 81, 15, 50, 40]
Round 125 | train_loss=1.4838 train_acc=0.5388 test_loss=1.9776 test_acc=0.2576
Round 126 | selected=[71, 60, 16, 46, 39, 69, 48, 52, 23, 78]
Round 126 | train_loss=1.6297 train_acc=0.4440 test_loss=2.0444 test_acc=0.2056
Round 127 | selected=[61, 57, 4, 87, 66, 58, 82, 28, 26, 52]
Round 127 | train_loss=1.5653 train_acc=0.4616 test_loss=2.0300 test_acc=0.2453
Round 128 | selected=[68, 7, 43, 81, 46, 88, 94, 48, 47, 31]
Round 128 | train_loss=1.5279 train_acc=0.4640 test_loss=1.9223 test_acc=0.2333
Round 129 | selected=[68, 3, 51, 92, 84, 88, 79, 56, 85, 75]
Round 129 | train_loss=1.5866 train_acc=0.4932 test_loss=1.8929 test_acc=0.2068
Round 130 | selected=[38, 15, 69, 9, 21, 82, 43, 18, 92, 87]
Round 130 | train_loss=1.6722 train_acc=0.3942 test_loss=1.9581 test_acc=0.1980
Round 131 | selected=[3, 43, 73, 91, 81, 80, 55, 40, 14, 58]
Round 131 | train_loss=1.5933 train_acc=0.4130 test_loss=1.9181 test_acc=0.2185
Round 132 | selected=[93, 63, 46, 12, 78, 82, 52, 26, 86, 70]
Round 132 | train_loss=1.4318 train_acc=0.5696 test_loss=1.9717 test_acc=0.2064
Round 133 | selected=[51, 1, 92, 77, 82, 49, 75, 97, 36, 56]
Round 133 | train_loss=1.5530 train_acc=0.4398 test_loss=1.9565 test_acc=0.2479
Round 134 | selected=[80, 73, 62, 87, 45, 83, 89, 75, 46, 17]
Round 134 | train_loss=1.2497 train_acc=0.6080 test_loss=1.9137 test_acc=0.2659
Round 135 | selected=[8, 60, 45, 32, 28, 74, 93, 84, 29, 49]
Round 135 | train_loss=1.9209 train_acc=0.2912 test_loss=1.9686 test_acc=0.2264
Round 136 | selected=[69, 97, 91, 1, 40, 67, 98, 13, 56, 36]
Round 136 | train_loss=1.4032 train_acc=0.5116 test_loss=1.9855 test_acc=0.2543
Round 137 | selected=[54, 78, 37, 13, 5, 57, 2, 44, 48, 28]
Round 137 | train_loss=1.6932 train_acc=0.3996 test_loss=1.9385 test_acc=0.2609
Round 138 | selected=[26, 13, 33, 8, 77, 31, 28, 70, 47, 57]
Round 138 | train_loss=1.4071 train_acc=0.6080 test_loss=2.1023 test_acc=0.1905
Round 139 | selected=[74, 93, 85, 18, 84, 21, 68, 62, 72, 7]
Round 139 | train_loss=1.6723 train_acc=0.3624 test_loss=2.1589 test_acc=0.1901
Round 140 | selected=[63, 1, 77, 51, 48, 30, 67, 55, 36, 13]
Round 140 | train_loss=1.3577 train_acc=0.5026 test_loss=2.1055 test_acc=0.2120
Round 141 | selected=[48, 91, 29, 60, 4, 9, 22, 27, 45, 21]
Round 141 | train_loss=1.6900 train_acc=0.3456 test_loss=1.9933 test_acc=0.2458
Round 142 | selected=[22, 18, 17, 0, 42, 24, 13, 91, 35, 88]
Round 142 | train_loss=1.4438 train_acc=0.5424 test_loss=2.2471 test_acc=0.2089
Round 143 | selected=[5, 48, 37, 43, 54, 88, 30, 61, 34, 79]
Round 143 | train_loss=1.2735 train_acc=0.5962 test_loss=1.9643 test_acc=0.2399
Round 144 | selected=[2, 85, 26, 42, 67, 68, 93, 76, 58, 74]
Round 144 | train_loss=1.5523 train_acc=0.4712 test_loss=1.8935 test_acc=0.2478
Round 145 | selected=[52, 31, 1, 92, 23, 96, 40, 0, 16, 9]
Round 145 | train_loss=0.9928 train_acc=0.7186 test_loss=1.8638 test_acc=0.2678
Round 146 | selected=[34, 88, 98, 86, 89, 59, 60, 81, 28, 9]
Round 146 | train_loss=1.7571 train_acc=0.3090 test_loss=1.9963 test_acc=0.2140
Round 147 | selected=[59, 37, 57, 27, 82, 44, 83, 51, 92, 99]
Round 147 | train_loss=1.4977 train_acc=0.4392 test_loss=1.9957 test_acc=0.2318
Round 148 | selected=[73, 1, 71, 81, 14, 65, 8, 89, 67, 80]
Round 148 | train_loss=1.5023 train_acc=0.4228 test_loss=1.8742 test_acc=0.2668
Round 149 | selected=[87, 89, 42, 75, 8, 47, 19, 48, 50, 34]
Round 149 | train_loss=1.2793 train_acc=0.5540 test_loss=1.8717 test_acc=0.2732
Round 150 | selected=[92, 9, 4, 32, 53, 80, 22, 68, 2, 31]
Round 150 | train_loss=1.6526 train_acc=0.3950 test_loss=1.9731 test_acc=0.2443
Round 151 | selected=[79, 95, 42, 6, 1, 17, 76, 83, 73, 3]
Round 151 | train_loss=1.4054 train_acc=0.5408 test_loss=2.1200 test_acc=0.2160
Round 152 | selected=[93, 44, 6, 0, 10, 82, 81, 86, 48, 89]
Round 152 | train_loss=1.2339 train_acc=0.6246 test_loss=2.0759 test_acc=0.2394
Round 153 | selected=[32, 72, 9, 43, 55, 67, 78, 4, 6, 66]
Round 153 | train_loss=1.8355 train_acc=0.2690 test_loss=1.9287 test_acc=0.2423
Round 154 | selected=[31, 20, 52, 36, 15, 99, 72, 26, 40, 63]
Round 154 | train_loss=1.5540 train_acc=0.4024 test_loss=1.8405 test_acc=0.2963
Round 155 | selected=[78, 96, 56, 75, 63, 93, 38, 45, 89, 55]
Round 155 | train_loss=1.4010 train_acc=0.5548 test_loss=1.8849 test_acc=0.2548
Round 156 | selected=[64, 4, 87, 76, 91, 15, 95, 13, 83, 26]
Round 156 | train_loss=1.5270 train_acc=0.4486 test_loss=2.0704 test_acc=0.2113
Round 157 | selected=[0, 94, 14, 44, 90, 39, 93, 9, 96, 28]
Round 157 | train_loss=1.6444 train_acc=0.3382 test_loss=2.0893 test_acc=0.2044
Round 158 | selected=[35, 68, 67, 0, 54, 29, 85, 38, 47, 62]
Round 158 | train_loss=1.4766 train_acc=0.4404 test_loss=2.0487 test_acc=0.2005
Round 159 | selected=[87, 9, 16, 11, 92, 98, 24, 59, 46, 5]
Round 159 | train_loss=1.3951 train_acc=0.5442 test_loss=2.0579 test_acc=0.2181
Round 160 | selected=[16, 73, 81, 92, 30, 45, 27, 55, 80, 67]
Round 160 | train_loss=1.1241 train_acc=0.6116 test_loss=2.0495 test_acc=0.2311
Round 161 | selected=[77, 1, 56, 94, 89, 2, 20, 63, 72, 10]
Round 161 | train_loss=1.7214 train_acc=0.3460 test_loss=1.9686 test_acc=0.2425
Round 162 | selected=[8, 60, 47, 67, 14, 15, 43, 6, 85, 73]
Round 162 | train_loss=1.5187 train_acc=0.4440 test_loss=1.8925 test_acc=0.2607
Round 163 | selected=[13, 25, 29, 69, 22, 95, 50, 91, 38, 58]
Round 163 | train_loss=1.4755 train_acc=0.4814 test_loss=1.8561 test_acc=0.2823
Round 164 | selected=[63, 27, 66, 11, 8, 33, 28, 51, 97, 46]
Round 164 | train_loss=1.4867 train_acc=0.4608 test_loss=1.8855 test_acc=0.2456
Round 165 | selected=[68, 28, 63, 42, 10, 36, 34, 17, 25, 82]
Round 165 | train_loss=1.3595 train_acc=0.5280 test_loss=1.9741 test_acc=0.2465
Round 166 | selected=[22, 85, 98, 52, 86, 9, 88, 33, 80, 83]
Round 166 | train_loss=1.3750 train_acc=0.4618 test_loss=2.0438 test_acc=0.2225
Round 167 | selected=[27, 14, 36, 1, 31, 93, 56, 13, 35, 12]
Round 167 | train_loss=1.2498 train_acc=0.5412 test_loss=2.0326 test_acc=0.2207
Round 168 | selected=[22, 70, 43, 62, 93, 20, 1, 74, 92, 4]
Round 168 | train_loss=1.5458 train_acc=0.4134 test_loss=1.9183 test_acc=0.2949
Round 169 | selected=[77, 37, 53, 68, 18, 0, 74, 71, 40, 91]
Round 169 | train_loss=1.6283 train_acc=0.4002 test_loss=1.8440 test_acc=0.2876
Round 170 | selected=[90, 83, 81, 84, 56, 64, 42, 15, 99, 97]
Round 170 | train_loss=1.3195 train_acc=0.5570 test_loss=1.8080 test_acc=0.3069
Round 171 | selected=[11, 16, 40, 42, 64, 45, 33, 52, 4, 56]
Round 171 | train_loss=1.0703 train_acc=0.6832 test_loss=1.9530 test_acc=0.2457
Round 172 | selected=[56, 48, 57, 69, 58, 18, 21, 79, 59, 81]
Round 172 | train_loss=1.4248 train_acc=0.5344 test_loss=2.1989 test_acc=0.2071
Round 173 | selected=[38, 78, 27, 77, 11, 34, 92, 6, 63, 44]
Round 173 | train_loss=1.6320 train_acc=0.4528 test_loss=2.4356 test_acc=0.1777
Round 174 | selected=[14, 51, 84, 53, 69, 43, 13, 17, 16, 58]
Round 174 | train_loss=1.5055 train_acc=0.4916 test_loss=2.1758 test_acc=0.1880
Round 175 | selected=[75, 1, 58, 97, 62, 9, 19, 14, 71, 99]
Round 175 | train_loss=1.3915 train_acc=0.5640 test_loss=1.8474 test_acc=0.2970
Round 176 | selected=[25, 8, 30, 37, 35, 72, 67, 53, 83, 2]
Round 176 | train_loss=1.4738 train_acc=0.4722 test_loss=1.8149 test_acc=0.3047
Round 177 | selected=[9, 87, 86, 78, 33, 39, 10, 59, 58, 48]
Round 177 | train_loss=1.6015 train_acc=0.4456 test_loss=1.8618 test_acc=0.3187
Round 178 | selected=[40, 86, 7, 66, 69, 49, 13, 28, 75, 39]
Round 178 | train_loss=1.3126 train_acc=0.5370 test_loss=2.5130 test_acc=0.2443
Round 179 | selected=[8, 1, 83, 97, 43, 90, 21, 93, 62, 69]
Round 179 | train_loss=1.7346 train_acc=0.3866 test_loss=2.2507 test_acc=0.2064
Round 180 | selected=[31, 61, 2, 26, 28, 67, 44, 22, 24, 98]
Round 180 | train_loss=1.3773 train_acc=0.5576 test_loss=2.1106 test_acc=0.2121
Round 181 | selected=[54, 43, 64, 94, 18, 90, 39, 66, 78, 12]
Round 181 | train_loss=1.5592 train_acc=0.4542 test_loss=2.0533 test_acc=0.2189
Round 182 | selected=[89, 29, 33, 0, 84, 64, 60, 25, 79, 96]
Round 182 | train_loss=1.2554 train_acc=0.5732 test_loss=2.0231 test_acc=0.2637
Round 183 | selected=[44, 47, 24, 89, 68, 57, 80, 76, 28, 82]
Round 183 | train_loss=1.3002 train_acc=0.5452 test_loss=2.0225 test_acc=0.2719
Round 184 | selected=[33, 67, 90, 36, 56, 81, 34, 10, 97, 49]
Round 184 | train_loss=1.4754 train_acc=0.4794 test_loss=1.9994 test_acc=0.2631
Round 185 | selected=[48, 42, 79, 56, 0, 43, 76, 78, 7, 38]
Round 185 | train_loss=1.2130 train_acc=0.5828 test_loss=1.9686 test_acc=0.2500
Round 186 | selected=[79, 82, 47, 46, 59, 96, 85, 0, 50, 31]
Round 186 | train_loss=1.0116 train_acc=0.6926 test_loss=1.9994 test_acc=0.2546
Round 187 | selected=[98, 69, 25, 4, 57, 41, 47, 13, 16, 31]
Round 187 | train_loss=1.4383 train_acc=0.4938 test_loss=1.9850 test_acc=0.2392
Round 188 | selected=[0, 9, 55, 4, 32, 5, 22, 79, 46, 18]
Round 188 | train_loss=1.3644 train_acc=0.5438 test_loss=1.9926 test_acc=0.2441
Round 189 | selected=[44, 11, 7, 29, 65, 0, 99, 55, 93, 86]
Round 189 | train_loss=1.2824 train_acc=0.6070 test_loss=1.9581 test_acc=0.2948
Round 190 | selected=[41, 25, 89, 74, 31, 21, 34, 6, 27, 20]
Round 190 | train_loss=1.3280 train_acc=0.5424 test_loss=1.8529 test_acc=0.3121
Round 191 | selected=[5, 4, 95, 69, 91, 42, 77, 56, 29, 13]
Round 191 | train_loss=1.2943 train_acc=0.5734 test_loss=1.8441 test_acc=0.3203
Round 192 | selected=[77, 20, 65, 82, 52, 29, 60, 88, 74, 36]
Round 192 | train_loss=1.3388 train_acc=0.5634 test_loss=1.8508 test_acc=0.3054
Round 193 | selected=[37, 72, 48, 32, 79, 78, 82, 42, 28, 52]
Round 193 | train_loss=1.3800 train_acc=0.5340 test_loss=1.8942 test_acc=0.2551
Round 194 | selected=[87, 22, 15, 79, 38, 54, 56, 50, 20, 14]
Round 194 | train_loss=1.4241 train_acc=0.5166 test_loss=1.8720 test_acc=0.2789
Round 195 | selected=[19, 88, 26, 22, 10, 55, 25, 45, 89, 8]
Round 195 | train_loss=1.2541 train_acc=0.6052 test_loss=1.9224 test_acc=0.2355
Round 196 | selected=[4, 39, 95, 45, 27, 94, 10, 15, 12, 58]
Round 196 | train_loss=1.1900 train_acc=0.5950 test_loss=2.0069 test_acc=0.2579
Round 197 | selected=[13, 78, 76, 95, 20, 94, 70, 62, 90, 34]
Round 197 | train_loss=1.3246 train_acc=0.5344 test_loss=2.1078 test_acc=0.2840
Round 198 | selected=[79, 56, 26, 35, 22, 57, 20, 0, 11, 5]
Round 198 | train_loss=1.2785 train_acc=0.5804 test_loss=2.2545 test_acc=0.2874
Round 199 | selected=[65, 68, 20, 67, 93, 91, 21, 11, 33, 38]
Round 199 | train_loss=1.5454 train_acc=0.4918 test_loss=2.3973 test_acc=0.2308
Round 200 | selected=[64, 90, 8, 33, 75, 32, 66, 37, 31, 17]
Round 200 | train_loss=1.5786 train_acc=0.4926 test_loss=2.2608 test_acc=0.2168
Round 201 | selected=[77, 9, 70, 84, 8, 3, 32, 56, 27, 88]
Round 201 | train_loss=1.5297 train_acc=0.4710 test_loss=2.0515 test_acc=0.2496
Round 202 | selected=[72, 50, 81, 11, 75, 64, 80, 55, 10, 9]
Round 202 | train_loss=1.3988 train_acc=0.5198 test_loss=1.8559 test_acc=0.3036
Round 203 | selected=[62, 75, 2, 59, 43, 39, 11, 85, 98, 72]
Round 203 | train_loss=1.6321 train_acc=0.3770 test_loss=1.7526 test_acc=0.3268
Round 204 | selected=[12, 63, 70, 98, 17, 72, 27, 96, 21, 47]
Round 204 | train_loss=1.2827 train_acc=0.5692 test_loss=1.7931 test_acc=0.2935
Round 205 | selected=[36, 19, 77, 68, 14, 69, 53, 94, 76, 32]
Round 205 | train_loss=1.5928 train_acc=0.3924 test_loss=1.9123 test_acc=0.2519
Round 206 | selected=[46, 12, 29, 33, 79, 78, 67, 49, 61, 53]
Round 206 | train_loss=1.3655 train_acc=0.4934 test_loss=1.9471 test_acc=0.2740
Round 207 | selected=[85, 99, 2, 29, 54, 67, 31, 78, 52, 44]
Round 207 | train_loss=1.1649 train_acc=0.6206 test_loss=2.1250 test_acc=0.2831
Round 208 | selected=[85, 89, 73, 55, 66, 97, 27, 3, 75, 32]
Round 208 | train_loss=1.2554 train_acc=0.5638 test_loss=2.2300 test_acc=0.2858
Round 209 | selected=[65, 16, 41, 78, 73, 48, 3, 66, 90, 33]
Round 209 | train_loss=1.3231 train_acc=0.5558 test_loss=2.0698 test_acc=0.2934
Round 210 | selected=[95, 31, 82, 25, 67, 93, 73, 16, 22, 40]
Round 210 | train_loss=1.3216 train_acc=0.5000 test_loss=1.9154 test_acc=0.3080
Round 211 | selected=[44, 34, 32, 13, 37, 61, 25, 53, 21, 78]
Round 211 | train_loss=1.4442 train_acc=0.5014 test_loss=1.8901 test_acc=0.3183
Round 212 | selected=[48, 57, 11, 53, 14, 40, 62, 31, 83, 98]
Round 212 | train_loss=1.2848 train_acc=0.5950 test_loss=1.8613 test_acc=0.2721
Round 213 | selected=[74, 64, 18, 85, 44, 70, 7, 29, 56, 26]
Round 213 | train_loss=1.5242 train_acc=0.4424 test_loss=1.9057 test_acc=0.2568
Round 214 | selected=[69, 37, 68, 65, 38, 89, 86, 15, 61, 1]
Round 214 | train_loss=1.3106 train_acc=0.5788 test_loss=1.9470 test_acc=0.2731
Round 215 | selected=[76, 61, 41, 43, 55, 46, 62, 99, 14, 19]
Round 215 | train_loss=1.7712 train_acc=0.4262 test_loss=1.8495 test_acc=0.2992
Round 216 | selected=[36, 99, 80, 59, 93, 37, 33, 91, 90, 0]
Round 216 | train_loss=1.5066 train_acc=0.4510 test_loss=1.8622 test_acc=0.2853
Round 217 | selected=[35, 27, 97, 39, 66, 69, 43, 64, 70, 54]
Round 217 | train_loss=1.3984 train_acc=0.5114 test_loss=1.9260 test_acc=0.2772
Round 218 | selected=[65, 11, 90, 26, 94, 71, 10, 68, 16, 88]
Round 218 | train_loss=1.4320 train_acc=0.5402 test_loss=2.0377 test_acc=0.2651
Round 219 | selected=[85, 31, 30, 65, 86, 4, 90, 50, 82, 91]
Round 219 | train_loss=1.1996 train_acc=0.5988 test_loss=2.0159 test_acc=0.2966
Round 220 | selected=[4, 43, 56, 30, 51, 76, 95, 97, 86, 48]
Round 220 | train_loss=1.3528 train_acc=0.4916 test_loss=2.0270 test_acc=0.2918
Round 221 | selected=[5, 27, 8, 28, 41, 88, 24, 38, 21, 10]
Round 221 | train_loss=1.3156 train_acc=0.5738 test_loss=2.0380 test_acc=0.2598
Round 222 | selected=[15, 0, 49, 2, 72, 63, 5, 97, 94, 12]
Round 222 | train_loss=1.2256 train_acc=0.6080 test_loss=2.0518 test_acc=0.2497
Round 223 | selected=[37, 65, 7, 96, 13, 79, 36, 53, 38, 19]
Round 223 | train_loss=1.3352 train_acc=0.5200 test_loss=1.9945 test_acc=0.2439
Round 224 | selected=[18, 96, 26, 33, 54, 84, 76, 36, 95, 34]
Round 224 | train_loss=1.3092 train_acc=0.5820 test_loss=1.8706 test_acc=0.2687
Round 225 | selected=[54, 0, 59, 50, 13, 49, 65, 33, 5, 44]
Round 225 | train_loss=1.1166 train_acc=0.6802 test_loss=1.8803 test_acc=0.2841
Round 226 | selected=[18, 58, 96, 24, 20, 68, 19, 94, 54, 83]
Round 226 | train_loss=1.2720 train_acc=0.5918 test_loss=1.8688 test_acc=0.3102
Round 227 | selected=[93, 77, 5, 55, 10, 86, 98, 57, 54, 84]
Round 227 | train_loss=1.2564 train_acc=0.5396 test_loss=1.9552 test_acc=0.2599
Round 228 | selected=[1, 13, 45, 81, 23, 59, 6, 22, 71, 66]
Round 228 | train_loss=1.2846 train_acc=0.5712 test_loss=2.0441 test_acc=0.2611
Round 229 | selected=[8, 28, 38, 54, 36, 44, 75, 17, 91, 1]
Round 229 | train_loss=1.1484 train_acc=0.6342 test_loss=1.9686 test_acc=0.2596
Round 230 | selected=[18, 22, 92, 57, 86, 93, 17, 34, 78, 74]
Round 230 | train_loss=1.3340 train_acc=0.5492 test_loss=1.9595 test_acc=0.2665
Round 231 | selected=[14, 93, 63, 52, 98, 49, 15, 67, 51, 80]
Round 231 | train_loss=1.1769 train_acc=0.6100 test_loss=1.8356 test_acc=0.3134
Round 232 | selected=[73, 16, 43, 44, 66, 7, 99, 80, 10, 78]
Round 232 | train_loss=0.9321 train_acc=0.7124 test_loss=1.7646 test_acc=0.3257
Round 233 | selected=[1, 99, 18, 98, 15, 59, 97, 32, 82, 6]
Round 233 | train_loss=1.1772 train_acc=0.5944 test_loss=1.7610 test_acc=0.3329
Round 234 | selected=[13, 28, 43, 69, 45, 63, 57, 90, 32, 71]
Round 234 | train_loss=1.3181 train_acc=0.5256 test_loss=1.8288 test_acc=0.3160
Round 235 | selected=[3, 48, 54, 24, 74, 76, 65, 97, 77, 85]
Round 235 | train_loss=1.1575 train_acc=0.6254 test_loss=2.0518 test_acc=0.2734
Round 236 | selected=[73, 90, 61, 99, 16, 79, 6, 43, 98, 84]
Round 236 | train_loss=1.1922 train_acc=0.5632 test_loss=1.9321 test_acc=0.2637
Round 237 | selected=[98, 22, 3, 71, 23, 50, 67, 40, 66, 45]
Round 237 | train_loss=1.1095 train_acc=0.6284 test_loss=1.8655 test_acc=0.2857
Round 238 | selected=[27, 61, 46, 93, 48, 14, 62, 15, 33, 82]
Round 238 | train_loss=1.1538 train_acc=0.5900 test_loss=1.8216 test_acc=0.2788
Round 239 | selected=[34, 93, 9, 99, 2, 38, 6, 62, 74, 54]
Round 239 | train_loss=1.3394 train_acc=0.5552 test_loss=1.8508 test_acc=0.3035
Round 240 | selected=[77, 85, 7, 21, 84, 8, 79, 96, 5, 64]
Round 240 | train_loss=1.1136 train_acc=0.6204 test_loss=1.9360 test_acc=0.2932
Round 241 | selected=[46, 96, 53, 27, 16, 37, 84, 3, 89, 73]
Round 241 | train_loss=1.0450 train_acc=0.6320 test_loss=1.9484 test_acc=0.3092
Round 242 | selected=[32, 55, 44, 43, 26, 72, 81, 91, 25, 95]
Round 242 | train_loss=1.4018 train_acc=0.5060 test_loss=1.8587 test_acc=0.3403
Round 243 | selected=[84, 80, 6, 71, 29, 49, 36, 98, 75, 65]
Round 243 | train_loss=1.0220 train_acc=0.7054 test_loss=1.8964 test_acc=0.3082
Round 244 | selected=[74, 25, 27, 87, 50, 85, 21, 29, 18, 51]
Round 244 | train_loss=1.2697 train_acc=0.5476 test_loss=1.7945 test_acc=0.3366
Round 245 | selected=[69, 63, 56, 23, 14, 26, 37, 0, 59, 85]
Round 245 | train_loss=1.2866 train_acc=0.5556 test_loss=1.8380 test_acc=0.3191
Round 246 | selected=[45, 48, 55, 47, 3, 66, 90, 94, 98, 63]
Round 246 | train_loss=1.2187 train_acc=0.5834 test_loss=1.9489 test_acc=0.3058
Round 247 | selected=[26, 4, 25, 45, 32, 16, 75, 40, 10, 76]
Round 247 | train_loss=1.0373 train_acc=0.6508 test_loss=1.9336 test_acc=0.2943
Round 248 | selected=[86, 13, 60, 95, 99, 62, 0, 30, 48, 93]
Round 248 | train_loss=1.1258 train_acc=0.6102 test_loss=1.9299 test_acc=0.2888
Round 249 | selected=[82, 56, 19, 7, 35, 92, 8, 62, 23, 31]
Round 249 | train_loss=1.1029 train_acc=0.6360 test_loss=1.9755 test_acc=0.2704
Round 250 | selected=[75, 41, 91, 78, 34, 7, 51, 79, 6, 38]
Round 250 | train_loss=1.4346 train_acc=0.4592 test_loss=1.7217 test_acc=0.3473
Round 251 | selected=[84, 4, 27, 99, 3, 69, 18, 70, 19, 44]
Round 251 | train_loss=1.1888 train_acc=0.5682 test_loss=1.6708 test_acc=0.3702
Round 252 | selected=[22, 9, 12, 27, 46, 35, 14, 78, 34, 90]
Round 252 | train_loss=1.1369 train_acc=0.5936 test_loss=1.9149 test_acc=0.2983
Round 253 | selected=[13, 25, 53, 3, 16, 70, 34, 98, 8, 17]
Round 253 | train_loss=1.4000 train_acc=0.4832 test_loss=2.0549 test_acc=0.2826
Round 254 | selected=[90, 61, 39, 79, 22, 6, 51, 87, 98, 15]
Round 254 | train_loss=1.3703 train_acc=0.5256 test_loss=1.9622 test_acc=0.2940
Round 255 | selected=[67, 47, 18, 12, 63, 46, 51, 56, 9, 69]
Round 255 | train_loss=1.2279 train_acc=0.5580 test_loss=2.0085 test_acc=0.2850
Round 256 | selected=[52, 74, 75, 98, 46, 26, 69, 6, 68, 49]
Round 256 | train_loss=1.3084 train_acc=0.5478 test_loss=2.0819 test_acc=0.2798
Round 257 | selected=[51, 66, 9, 84, 96, 32, 57, 17, 11, 95]
Round 257 | train_loss=1.3559 train_acc=0.5182 test_loss=1.8402 test_acc=0.3249
Round 258 | selected=[84, 1, 95, 8, 57, 51, 62, 35, 55, 81]
Round 258 | train_loss=1.1795 train_acc=0.6102 test_loss=1.6782 test_acc=0.3549
Round 259 | selected=[15, 47, 91, 93, 41, 49, 46, 87, 59, 14]
Round 259 | train_loss=1.3118 train_acc=0.5768 test_loss=1.7236 test_acc=0.3295
Round 260 | selected=[21, 70, 7, 34, 29, 14, 19, 98, 30, 68]
Round 260 | train_loss=1.0794 train_acc=0.6468 test_loss=1.7718 test_acc=0.3203
Round 261 | selected=[14, 53, 2, 92, 71, 64, 8, 56, 61, 76]
Round 261 | train_loss=1.3196 train_acc=0.5440 test_loss=1.9834 test_acc=0.2817
Round 262 | selected=[18, 99, 62, 45, 10, 0, 30, 81, 65, 27]
Round 262 | train_loss=0.9773 train_acc=0.6844 test_loss=1.9911 test_acc=0.2766
Round 263 | selected=[99, 84, 57, 83, 76, 24, 31, 85, 60, 44]
Round 263 | train_loss=1.1712 train_acc=0.6196 test_loss=1.8542 test_acc=0.3218
Round 264 | selected=[23, 24, 57, 82, 12, 4, 47, 85, 2, 3]
Round 264 | train_loss=1.1131 train_acc=0.6482 test_loss=1.9634 test_acc=0.3005
Round 265 | selected=[42, 3, 18, 76, 12, 51, 93, 63, 53, 70]
Round 265 | train_loss=1.3170 train_acc=0.5138 test_loss=1.9664 test_acc=0.3119
Round 266 | selected=[54, 31, 34, 88, 37, 44, 59, 26, 1, 42]
Round 266 | train_loss=1.1839 train_acc=0.5888 test_loss=1.8705 test_acc=0.3091
Round 267 | selected=[33, 93, 30, 20, 70, 60, 59, 98, 44, 22]
Round 267 | train_loss=1.4377 train_acc=0.4942 test_loss=1.7605 test_acc=0.3240
Round 268 | selected=[5, 66, 60, 92, 57, 16, 74, 56, 18, 24]
Round 268 | train_loss=1.1727 train_acc=0.6462 test_loss=1.8496 test_acc=0.2874
Round 269 | selected=[29, 67, 22, 79, 57, 16, 49, 5, 66, 34]
Round 269 | train_loss=1.2700 train_acc=0.5468 test_loss=1.7823 test_acc=0.3015
Round 270 | selected=[4, 92, 67, 47, 37, 64, 77, 56, 24, 80]
Round 270 | train_loss=1.2536 train_acc=0.6010 test_loss=1.7934 test_acc=0.3463
Round 271 | selected=[89, 42, 70, 98, 28, 51, 29, 77, 73, 75]
Round 271 | train_loss=1.2407 train_acc=0.5562 test_loss=1.7300 test_acc=0.3529
Round 272 | selected=[90, 47, 71, 58, 34, 29, 10, 49, 46, 94]
Round 272 | train_loss=1.3566 train_acc=0.5456 test_loss=1.6826 test_acc=0.3681
Round 273 | selected=[88, 9, 15, 5, 98, 90, 55, 79, 13, 31]
Round 273 | train_loss=1.1773 train_acc=0.5848 test_loss=1.7304 test_acc=0.3420
Round 274 | selected=[10, 29, 8, 40, 34, 30, 5, 19, 55, 56]
Round 274 | train_loss=1.0807 train_acc=0.6498 test_loss=1.7555 test_acc=0.3323
Round 275 | selected=[15, 32, 6, 49, 74, 29, 71, 69, 14, 81]
Round 275 | train_loss=1.2116 train_acc=0.6198 test_loss=1.8191 test_acc=0.3083
Round 276 | selected=[91, 5, 57, 10, 27, 42, 6, 86, 26, 51]
Round 276 | train_loss=1.1059 train_acc=0.6358 test_loss=1.9085 test_acc=0.3045
Round 277 | selected=[38, 2, 37, 95, 45, 94, 88, 31, 25, 82]
Round 277 | train_loss=1.4854 train_acc=0.5150 test_loss=1.7383 test_acc=0.3856
Round 278 | selected=[5, 56, 52, 46, 64, 67, 87, 1, 90, 6]
Round 278 | train_loss=1.1308 train_acc=0.5934 test_loss=1.7756 test_acc=0.3582
Round 279 | selected=[58, 27, 30, 78, 93, 72, 4, 15, 28, 14]
Round 279 | train_loss=1.1799 train_acc=0.6000 test_loss=1.8237 test_acc=0.3113
Round 280 | selected=[87, 16, 41, 8, 44, 34, 74, 27, 84, 20]
Round 280 | train_loss=1.2778 train_acc=0.5668 test_loss=1.7703 test_acc=0.3419
Round 281 | selected=[83, 21, 77, 85, 1, 98, 72, 44, 2, 88]
Round 281 | train_loss=1.1943 train_acc=0.5930 test_loss=1.8334 test_acc=0.2983
Round 282 | selected=[5, 33, 64, 79, 0, 48, 62, 68, 99, 47]
Round 282 | train_loss=1.3083 train_acc=0.5436 test_loss=1.9463 test_acc=0.2775
Round 283 | selected=[90, 58, 4, 82, 80, 93, 70, 38, 8, 29]
Round 283 | train_loss=1.2487 train_acc=0.5702 test_loss=1.8558 test_acc=0.2907
Round 284 | selected=[21, 97, 72, 99, 11, 19, 93, 31, 24, 94]
Round 284 | train_loss=1.1305 train_acc=0.5850 test_loss=1.9845 test_acc=0.2693
Round 285 | selected=[85, 84, 63, 6, 68, 69, 45, 8, 55, 81]
Round 285 | train_loss=1.5080 train_acc=0.4376 test_loss=1.9378 test_acc=0.2943
Round 286 | selected=[86, 65, 19, 92, 67, 32, 35, 91, 20, 14]
Round 286 | train_loss=1.2874 train_acc=0.5950 test_loss=1.8737 test_acc=0.2749
Round 287 | selected=[37, 81, 84, 87, 63, 34, 19, 9, 91, 73]
Round 287 | train_loss=1.1851 train_acc=0.5688 test_loss=1.9421 test_acc=0.2978
Round 288 | selected=[70, 14, 62, 56, 69, 10, 22, 34, 84, 21]
Round 288 | train_loss=1.8766 train_acc=0.3784 test_loss=1.8284 test_acc=0.3375
Round 289 | selected=[23, 39, 18, 75, 11, 48, 33, 34, 58, 7]
Round 289 | train_loss=1.2863 train_acc=0.5756 test_loss=1.8739 test_acc=0.3418
Round 290 | selected=[87, 59, 79, 60, 92, 48, 39, 64, 38, 85]
Round 290 | train_loss=1.2470 train_acc=0.6004 test_loss=1.8987 test_acc=0.3220
Round 291 | selected=[42, 31, 27, 35, 1, 26, 50, 78, 72, 92]
Round 291 | train_loss=1.0449 train_acc=0.6908 test_loss=1.9090 test_acc=0.2945
Round 292 | selected=[33, 60, 76, 28, 53, 97, 27, 88, 26, 38]
Round 292 | train_loss=1.3455 train_acc=0.5172 test_loss=1.8686 test_acc=0.2985
Round 293 | selected=[30, 28, 89, 61, 95, 29, 5, 16, 1, 8]
Round 293 | train_loss=1.1353 train_acc=0.6234 test_loss=1.9187 test_acc=0.3086
Round 294 | selected=[88, 86, 34, 75, 69, 73, 59, 4, 57, 65]
Round 294 | train_loss=1.3002 train_acc=0.5696 test_loss=2.0078 test_acc=0.2635
Round 295 | selected=[10, 95, 40, 43, 6, 17, 9, 30, 1, 47]
Round 295 | train_loss=1.3065 train_acc=0.5532 test_loss=1.7971 test_acc=0.3230
Round 296 | selected=[15, 78, 11, 88, 18, 51, 53, 99, 75, 82]
Round 296 | train_loss=1.1294 train_acc=0.6500 test_loss=1.7121 test_acc=0.3617
Round 297 | selected=[8, 76, 91, 9, 59, 2, 17, 73, 43, 47]
Round 297 | train_loss=1.1874 train_acc=0.6034 test_loss=1.8304 test_acc=0.3076
Round 298 | selected=[22, 38, 50, 98, 71, 47, 36, 94, 5, 55]
Round 298 | train_loss=1.2782 train_acc=0.5958 test_loss=1.8840 test_acc=0.2971
Round 299 | selected=[84, 36, 47, 95, 3, 76, 38, 43, 37, 88]
Round 299 | train_loss=1.2685 train_acc=0.5890 test_loss=1.8908 test_acc=0.2913
Round 300 | selected=[6, 8, 48, 93, 64, 4, 91, 99, 43, 53]
Round 300 | train_loss=1.2890 train_acc=0.5276 test_loss=1.8310 test_acc=0.3405
Round 301 | selected=[19, 42, 87, 57, 66, 58, 67, 18, 95, 84]
Round 301 | train_loss=1.0882 train_acc=0.6368 test_loss=1.8003 test_acc=0.3403
Round 302 | selected=[15, 86, 34, 66, 82, 59, 13, 83, 65, 35]
Round 302 | train_loss=1.1565 train_acc=0.6262 test_loss=1.8043 test_acc=0.3048
Round 303 | selected=[15, 39, 68, 7, 83, 42, 33, 45, 94, 0]
Round 303 | train_loss=1.0493 train_acc=0.6556 test_loss=1.8137 test_acc=0.2918
Round 304 | selected=[3, 45, 68, 86, 18, 7, 28, 63, 36, 42]
Round 304 | train_loss=1.1288 train_acc=0.6142 test_loss=1.8634 test_acc=0.2913
Round 305 | selected=[38, 13, 95, 71, 94, 54, 81, 12, 11, 29]
Round 305 | train_loss=1.0793 train_acc=0.6462 test_loss=1.8967 test_acc=0.2894
Round 306 | selected=[32, 12, 26, 1, 68, 0, 39, 84, 51, 58]
Round 306 | train_loss=0.8982 train_acc=0.7418 test_loss=1.9018 test_acc=0.2947
Round 307 | selected=[54, 97, 68, 26, 84, 8, 30, 56, 42, 53]
Round 307 | train_loss=0.9452 train_acc=0.6584 test_loss=2.0031 test_acc=0.2981
Round 308 | selected=[74, 34, 38, 96, 73, 15, 90, 45, 39, 94]
Round 308 | train_loss=1.0741 train_acc=0.6228 test_loss=2.0071 test_acc=0.3091
Round 309 | selected=[64, 65, 12, 14, 27, 53, 5, 10, 89, 88]
Round 309 | train_loss=1.2405 train_acc=0.5720 test_loss=1.8777 test_acc=0.3274
Round 310 | selected=[77, 92, 46, 49, 76, 48, 95, 13, 27, 50]
Round 310 | train_loss=1.2784 train_acc=0.5550 test_loss=1.8277 test_acc=0.3140
Round 311 | selected=[77, 69, 64, 35, 50, 5, 46, 10, 18, 27]
Round 311 | train_loss=1.3548 train_acc=0.5028 test_loss=1.8701 test_acc=0.3087
Round 312 | selected=[94, 43, 0, 33, 78, 72, 47, 89, 41, 73]
Round 312 | train_loss=1.3739 train_acc=0.5302 test_loss=1.9353 test_acc=0.2851
Round 313 | selected=[89, 66, 68, 39, 60, 46, 19, 42, 11, 36]
Round 313 | train_loss=1.1132 train_acc=0.6336 test_loss=1.8814 test_acc=0.3004
Round 314 | selected=[26, 14, 18, 23, 28, 45, 24, 19, 31, 87]
Round 314 | train_loss=1.3181 train_acc=0.5708 test_loss=1.8402 test_acc=0.3271
Round 315 | selected=[73, 34, 70, 50, 5, 46, 35, 92, 23, 2]
Round 315 | train_loss=1.1801 train_acc=0.6176 test_loss=1.9712 test_acc=0.2929
Round 316 | selected=[65, 72, 83, 13, 25, 68, 20, 62, 57, 76]
Round 316 | train_loss=1.1774 train_acc=0.6072 test_loss=2.1156 test_acc=0.2531
Round 317 | selected=[13, 71, 19, 70, 61, 77, 89, 75, 25, 54]
Round 317 | train_loss=1.2283 train_acc=0.5968 test_loss=1.9350 test_acc=0.3034
Round 318 | selected=[50, 33, 30, 85, 59, 41, 76, 99, 87, 29]
Round 318 | train_loss=1.0940 train_acc=0.6514 test_loss=1.8659 test_acc=0.3377
Round 319 | selected=[45, 43, 82, 41, 68, 93, 14, 62, 54, 77]
Round 319 | train_loss=1.4195 train_acc=0.5420 test_loss=1.7033 test_acc=0.3628
Round 320 | selected=[44, 33, 53, 26, 11, 15, 35, 37, 45, 96]
Round 320 | train_loss=1.1865 train_acc=0.6102 test_loss=1.6305 test_acc=0.3780
Round 321 | selected=[24, 79, 19, 10, 51, 92, 61, 0, 18, 34]
Round 321 | train_loss=0.9110 train_acc=0.7026 test_loss=1.6679 test_acc=0.3757
Round 322 | selected=[59, 14, 35, 92, 86, 91, 4, 48, 69, 20]
Round 322 | train_loss=1.0870 train_acc=0.6508 test_loss=1.7759 test_acc=0.3518
Round 323 | selected=[73, 8, 97, 57, 67, 2, 48, 34, 89, 18]
Round 323 | train_loss=1.1478 train_acc=0.5838 test_loss=1.7685 test_acc=0.3326
Round 324 | selected=[95, 67, 93, 52, 82, 70, 87, 83, 57, 53]
Round 324 | train_loss=1.1648 train_acc=0.5698 test_loss=1.9141 test_acc=0.3230
Round 325 | selected=[36, 97, 37, 31, 28, 51, 8, 15, 16, 66]
Round 325 | train_loss=0.8808 train_acc=0.7280 test_loss=1.9386 test_acc=0.3295
Round 326 | selected=[10, 17, 35, 66, 50, 90, 86, 63, 36, 87]
Round 326 | train_loss=1.3382 train_acc=0.4996 test_loss=1.6836 test_acc=0.3598
Round 327 | selected=[84, 20, 82, 53, 68, 3, 31, 97, 61, 90]
Round 327 | train_loss=1.1314 train_acc=0.5560 test_loss=1.7022 test_acc=0.3744
Round 328 | selected=[9, 63, 78, 28, 69, 35, 73, 57, 44, 15]
Round 328 | train_loss=1.2382 train_acc=0.5988 test_loss=1.9587 test_acc=0.2921
Round 329 | selected=[32, 72, 88, 12, 64, 15, 46, 86, 45, 10]
Round 329 | train_loss=1.3193 train_acc=0.5516 test_loss=1.8259 test_acc=0.3151
Round 330 | selected=[88, 68, 58, 38, 77, 80, 31, 12, 92, 72]
Round 330 | train_loss=1.1209 train_acc=0.6336 test_loss=1.7155 test_acc=0.3393
Round 331 | selected=[32, 57, 46, 5, 30, 84, 1, 27, 99, 49]
Round 331 | train_loss=1.0377 train_acc=0.6298 test_loss=1.8830 test_acc=0.2996
Round 332 | selected=[47, 29, 69, 98, 45, 31, 13, 5, 73, 55]
Round 332 | train_loss=1.1654 train_acc=0.6036 test_loss=1.9741 test_acc=0.2774
Round 333 | selected=[41, 88, 27, 1, 49, 64, 57, 97, 26, 75]
Round 333 | train_loss=1.1970 train_acc=0.5428 test_loss=1.8154 test_acc=0.3072
Round 334 | selected=[46, 68, 56, 71, 49, 76, 93, 43, 4, 53]
Round 334 | train_loss=1.3533 train_acc=0.4900 test_loss=1.9148 test_acc=0.3027
Round 335 | selected=[18, 9, 62, 26, 63, 56, 65, 85, 37, 98]
Round 335 | train_loss=1.3884 train_acc=0.5426 test_loss=1.9718 test_acc=0.3024
Round 336 | selected=[29, 44, 88, 33, 65, 81, 34, 86, 57, 99]
Round 336 | train_loss=1.3120 train_acc=0.5962 test_loss=1.8704 test_acc=0.3187
Round 337 | selected=[33, 77, 68, 37, 39, 70, 29, 66, 41, 23]
Round 337 | train_loss=1.2926 train_acc=0.5686 test_loss=1.7865 test_acc=0.3231
Round 338 | selected=[5, 13, 3, 32, 71, 41, 74, 94, 45, 82]
Round 338 | train_loss=1.4263 train_acc=0.4854 test_loss=1.6419 test_acc=0.3693
Round 339 | selected=[52, 48, 16, 6, 43, 19, 56, 46, 75, 20]
Round 339 | train_loss=1.0220 train_acc=0.6570 test_loss=1.5711 test_acc=0.4077
Round 340 | selected=[12, 14, 92, 86, 31, 63, 36, 65, 81, 24]
Round 340 | train_loss=1.1216 train_acc=0.6448 test_loss=1.6507 test_acc=0.3719
Round 341 | selected=[67, 64, 8, 33, 51, 41, 68, 43, 1, 82]
Round 341 | train_loss=1.1355 train_acc=0.6216 test_loss=1.7491 test_acc=0.3217
Round 342 | selected=[52, 79, 34, 65, 60, 73, 83, 87, 94, 35]
Round 342 | train_loss=1.1194 train_acc=0.6320 test_loss=1.8297 test_acc=0.3055
Round 343 | selected=[84, 91, 87, 33, 67, 11, 48, 4, 54, 97]
Round 343 | train_loss=1.0763 train_acc=0.6582 test_loss=1.8333 test_acc=0.3072
Round 344 | selected=[67, 15, 84, 29, 54, 50, 34, 63, 43, 7]
Round 344 | train_loss=1.1119 train_acc=0.6318 test_loss=1.7095 test_acc=0.3430
Round 345 | selected=[3, 4, 46, 79, 83, 13, 48, 91, 5, 52]
Round 345 | train_loss=1.1001 train_acc=0.6266 test_loss=1.6424 test_acc=0.3765
Round 346 | selected=[60, 49, 71, 83, 17, 59, 62, 79, 85, 48]
Round 346 | train_loss=1.0220 train_acc=0.6790 test_loss=1.6775 test_acc=0.3660
Round 347 | selected=[75, 44, 68, 72, 1, 52, 42, 41, 18, 74]
Round 347 | train_loss=1.1021 train_acc=0.6020 test_loss=1.6311 test_acc=0.3699
Round 348 | selected=[13, 59, 43, 30, 1, 22, 53, 70, 28, 24]
Round 348 | train_loss=1.0547 train_acc=0.6226 test_loss=1.5724 test_acc=0.4077
Round 349 | selected=[27, 66, 26, 44, 22, 64, 23, 38, 63, 98]
Round 349 | train_loss=1.1319 train_acc=0.6182 test_loss=1.6016 test_acc=0.3994
Round 350 | selected=[65, 66, 61, 78, 37, 69, 47, 55, 27, 88]
Round 350 | train_loss=0.9008 train_acc=0.7274 test_loss=1.6427 test_acc=0.3807
Round 351 | selected=[8, 42, 70, 7, 91, 45, 3, 89, 6, 30]
Round 351 | train_loss=0.8835 train_acc=0.7214 test_loss=1.5400 test_acc=0.4111
Round 352 | selected=[41, 11, 20, 4, 95, 30, 3, 42, 81, 91]
Round 352 | train_loss=0.9154 train_acc=0.7166 test_loss=1.6326 test_acc=0.3722
Round 353 | selected=[23, 96, 82, 34, 43, 10, 48, 17, 49, 80]
Round 353 | train_loss=0.9324 train_acc=0.6596 test_loss=1.6088 test_acc=0.3771
Round 354 | selected=[69, 4, 64, 47, 79, 65, 9, 90, 46, 62]
Round 354 | train_loss=1.0581 train_acc=0.6344 test_loss=1.6866 test_acc=0.3404
Round 355 | selected=[85, 32, 23, 35, 17, 77, 6, 34, 87, 59]
Round 355 | train_loss=1.1945 train_acc=0.5768 test_loss=1.6233 test_acc=0.3808
Round 356 | selected=[43, 65, 71, 57, 12, 86, 90, 62, 2, 15]
Round 356 | train_loss=0.9352 train_acc=0.6960 test_loss=1.6727 test_acc=0.3720
Round 357 | selected=[53, 83, 64, 93, 4, 2, 15, 35, 72, 51]
Round 357 | train_loss=1.1752 train_acc=0.5710 test_loss=1.6317 test_acc=0.3845
Round 358 | selected=[17, 46, 60, 25, 88, 52, 85, 97, 16, 98]
Round 358 | train_loss=0.9736 train_acc=0.6452 test_loss=1.6494 test_acc=0.3686
Round 359 | selected=[7, 47, 96, 95, 78, 48, 90, 14, 23, 87]
Round 359 | train_loss=0.9932 train_acc=0.6498 test_loss=1.6705 test_acc=0.3733
Round 360 | selected=[74, 24, 2, 43, 70, 86, 57, 3, 61, 93]
Round 360 | train_loss=1.1012 train_acc=0.6192 test_loss=1.7913 test_acc=0.3194
Round 361 | selected=[36, 92, 37, 64, 31, 19, 52, 98, 54, 50]
Round 361 | train_loss=0.7799 train_acc=0.7506 test_loss=1.6458 test_acc=0.3773
Round 362 | selected=[32, 80, 69, 46, 42, 61, 81, 12, 96, 59]
Round 362 | train_loss=0.7526 train_acc=0.7504 test_loss=1.5968 test_acc=0.4047
Round 363 | selected=[45, 38, 7, 19, 58, 20, 51, 16, 44, 89]
Round 363 | train_loss=0.8493 train_acc=0.7150 test_loss=1.5721 test_acc=0.4011
Round 364 | selected=[68, 13, 39, 96, 35, 70, 89, 75, 76, 83]
Round 364 | train_loss=0.9177 train_acc=0.6988 test_loss=1.5340 test_acc=0.4026
Round 365 | selected=[71, 66, 72, 19, 89, 4, 54, 59, 3, 20]
Round 365 | train_loss=0.9262 train_acc=0.6954 test_loss=1.5582 test_acc=0.3935
Round 366 | selected=[17, 16, 61, 18, 59, 9, 6, 77, 78, 29]
Round 366 | train_loss=0.9839 train_acc=0.6592 test_loss=1.4899 test_acc=0.4274
Round 367 | selected=[64, 63, 66, 80, 42, 7, 62, 15, 37, 32]
Round 367 | train_loss=0.8481 train_acc=0.7128 test_loss=1.5081 test_acc=0.4294
Round 368 | selected=[55, 99, 16, 41, 39, 26, 50, 63, 94, 5]
Round 368 | train_loss=0.8871 train_acc=0.7044 test_loss=1.6769 test_acc=0.3820
Round 369 | selected=[55, 85, 87, 99, 13, 26, 74, 5, 93, 48]
Round 369 | train_loss=0.9184 train_acc=0.6750 test_loss=1.8183 test_acc=0.3503
Round 370 | selected=[25, 17, 70, 73, 83, 42, 82, 97, 41, 66]
Round 370 | train_loss=0.9845 train_acc=0.6526 test_loss=1.7399 test_acc=0.3987
Round 371 | selected=[41, 57, 33, 83, 79, 53, 1, 3, 40, 18]
Round 371 | train_loss=0.9477 train_acc=0.6928 test_loss=1.7130 test_acc=0.4038
Round 372 | selected=[94, 57, 39, 5, 1, 58, 18, 0, 95, 98]
Round 372 | train_loss=0.7835 train_acc=0.7358 test_loss=1.8299 test_acc=0.3611
Round 373 | selected=[24, 42, 16, 27, 87, 85, 50, 35, 36, 34]
Round 373 | train_loss=0.8977 train_acc=0.6886 test_loss=1.7502 test_acc=0.3604
Round 374 | selected=[57, 22, 59, 64, 88, 14, 8, 82, 16, 68]
Round 374 | train_loss=1.0316 train_acc=0.6248 test_loss=1.5794 test_acc=0.3947
Round 375 | selected=[59, 46, 45, 9, 56, 79, 97, 51, 81, 50]
Round 375 | train_loss=0.9729 train_acc=0.6576 test_loss=1.7358 test_acc=0.3431
Round 376 | selected=[55, 72, 88, 11, 81, 27, 22, 35, 76, 18]
Round 376 | train_loss=0.9763 train_acc=0.6726 test_loss=1.8932 test_acc=0.3008
Round 377 | selected=[15, 4, 78, 12, 1, 81, 67, 68, 22, 23]
Round 377 | train_loss=0.7701 train_acc=0.7586 test_loss=2.0760 test_acc=0.2946
Round 378 | selected=[79, 44, 87, 6, 93, 84, 50, 16, 64, 61]
Round 378 | train_loss=1.0129 train_acc=0.6610 test_loss=1.9890 test_acc=0.3366
Round 379 | selected=[57, 33, 47, 74, 50, 1, 89, 75, 85, 0]
Round 379 | train_loss=0.9811 train_acc=0.6898 test_loss=1.7528 test_acc=0.3686
Round 380 | selected=[93, 84, 58, 17, 71, 2, 87, 73, 46, 67]
Round 380 | train_loss=1.0101 train_acc=0.6444 test_loss=1.5914 test_acc=0.3864
Round 381 | selected=[86, 10, 52, 95, 25, 31, 75, 24, 8, 51]
Round 381 | train_loss=0.8225 train_acc=0.7228 test_loss=1.6160 test_acc=0.3848
Round 382 | selected=[35, 8, 11, 78, 45, 46, 53, 88, 77, 89]
Round 382 | train_loss=0.9345 train_acc=0.6950 test_loss=1.6592 test_acc=0.3736
Round 383 | selected=[80, 58, 31, 43, 35, 30, 92, 26, 60, 4]
Round 383 | train_loss=0.9267 train_acc=0.6956 test_loss=1.7337 test_acc=0.3752
Round 384 | selected=[48, 47, 67, 89, 77, 41, 99, 0, 51, 52]
Round 384 | train_loss=0.8941 train_acc=0.6982 test_loss=1.7299 test_acc=0.3969
Round 385 | selected=[34, 75, 10, 44, 89, 33, 15, 16, 45, 71]
Round 385 | train_loss=0.8534 train_acc=0.7304 test_loss=1.6804 test_acc=0.4243
Round 386 | selected=[32, 58, 49, 88, 11, 64, 22, 73, 43, 57]
Round 386 | train_loss=0.9303 train_acc=0.6838 test_loss=1.6129 test_acc=0.4395
Round 387 | selected=[88, 63, 29, 67, 0, 46, 37, 68, 51, 71]
Round 387 | train_loss=1.0008 train_acc=0.6594 test_loss=1.5836 test_acc=0.4369
Round 388 | selected=[66, 51, 90, 42, 38, 45, 22, 58, 73, 37]
Round 388 | train_loss=0.7521 train_acc=0.7598 test_loss=1.6281 test_acc=0.4161
Round 389 | selected=[46, 91, 59, 15, 39, 94, 83, 33, 63, 60]
Round 389 | train_loss=1.0215 train_acc=0.6516 test_loss=1.6800 test_acc=0.3792
Round 390 | selected=[34, 70, 93, 66, 42, 65, 6, 28, 3, 13]
Round 390 | train_loss=0.8863 train_acc=0.7292 test_loss=1.7389 test_acc=0.3374
Round 391 | selected=[52, 42, 68, 88, 58, 19, 44, 65, 7, 11]
Round 391 | train_loss=0.7350 train_acc=0.7572 test_loss=1.7252 test_acc=0.3404
Round 392 | selected=[76, 68, 52, 70, 44, 63, 15, 47, 57, 23]
Round 392 | train_loss=1.0352 train_acc=0.6320 test_loss=1.7424 test_acc=0.3859
Round 393 | selected=[48, 81, 11, 54, 29, 21, 22, 78, 56, 26]
Round 393 | train_loss=0.8279 train_acc=0.7464 test_loss=1.8775 test_acc=0.3498
Round 394 | selected=[42, 63, 92, 58, 39, 77, 48, 6, 32, 72]
Round 394 | train_loss=0.9689 train_acc=0.6696 test_loss=1.8630 test_acc=0.3505
Round 395 | selected=[23, 65, 97, 98, 12, 5, 14, 39, 91, 20]
Round 395 | train_loss=0.8643 train_acc=0.7148 test_loss=1.8194 test_acc=0.3128
Round 396 | selected=[18, 93, 83, 50, 61, 78, 86, 75, 23, 56]
Round 396 | train_loss=0.8866 train_acc=0.7036 test_loss=1.7628 test_acc=0.3303
Round 397 | selected=[50, 57, 61, 97, 49, 68, 55, 65, 48, 28]
Round 397 | train_loss=0.7972 train_acc=0.7046 test_loss=1.7800 test_acc=0.3497
Round 398 | selected=[14, 18, 78, 51, 8, 33, 68, 6, 35, 22]
Round 398 | train_loss=1.2284 train_acc=0.5174 test_loss=1.6199 test_acc=0.3954
Round 399 | selected=[67, 33, 68, 29, 25, 78, 26, 58, 6, 31]
Round 399 | train_loss=0.9657 train_acc=0.6712 test_loss=1.4963 test_acc=0.4475
Round 400 | selected=[17, 35, 98, 39, 89, 68, 67, 95, 34, 26]
Round 400 | train_loss=1.0222 train_acc=0.6136 test_loss=1.5697 test_acc=0.4245
Round 401 | selected=[68, 0, 85, 24, 26, 51, 74, 98, 89, 61]
Round 401 | train_loss=0.8965 train_acc=0.6568 test_loss=1.6431 test_acc=0.4026
Round 402 | selected=[40, 66, 41, 47, 23, 77, 80, 89, 95, 11]
Round 402 | train_loss=1.0651 train_acc=0.6344 test_loss=1.6349 test_acc=0.3866
Round 403 | selected=[70, 90, 28, 35, 96, 88, 47, 72, 24, 0]
Round 403 | train_loss=0.9594 train_acc=0.6822 test_loss=1.7350 test_acc=0.3586
Round 404 | selected=[40, 15, 3, 82, 97, 16, 37, 70, 63, 6]
Round 404 | train_loss=0.8938 train_acc=0.7108 test_loss=1.8045 test_acc=0.3505
Round 405 | selected=[18, 69, 43, 94, 97, 93, 4, 48, 60, 28]
Round 405 | train_loss=0.9122 train_acc=0.6894 test_loss=1.9105 test_acc=0.3303
Round 406 | selected=[33, 64, 93, 80, 11, 89, 92, 10, 85, 65]
Round 406 | train_loss=0.7447 train_acc=0.7710 test_loss=1.8402 test_acc=0.3361
Round 407 | selected=[44, 67, 1, 17, 19, 28, 69, 49, 42, 45]
Round 407 | train_loss=0.8601 train_acc=0.7012 test_loss=1.8287 test_acc=0.3611
Round 408 | selected=[35, 44, 21, 86, 91, 74, 42, 79, 9, 11]
Round 408 | train_loss=1.1395 train_acc=0.5926 test_loss=1.6113 test_acc=0.4071
Round 409 | selected=[42, 14, 96, 17, 80, 79, 65, 16, 8, 34]
Round 409 | train_loss=0.6773 train_acc=0.7880 test_loss=1.5295 test_acc=0.4274
Round 410 | selected=[50, 48, 3, 53, 88, 96, 91, 8, 80, 82]
Round 410 | train_loss=0.8838 train_acc=0.6668 test_loss=1.4103 test_acc=0.4764
Round 411 | selected=[33, 19, 99, 3, 61, 46, 43, 48, 84, 50]
Round 411 | train_loss=0.8489 train_acc=0.7176 test_loss=1.4320 test_acc=0.4637
Round 412 | selected=[36, 80, 91, 26, 53, 28, 78, 92, 8, 93]
Round 412 | train_loss=0.7108 train_acc=0.7866 test_loss=1.6140 test_acc=0.3921
Round 413 | selected=[35, 88, 70, 19, 71, 7, 83, 79, 50, 85]
Round 413 | train_loss=0.9288 train_acc=0.6978 test_loss=1.7205 test_acc=0.3844
Round 414 | selected=[47, 67, 28, 63, 19, 90, 69, 35, 10, 16]
Round 414 | train_loss=0.8744 train_acc=0.7134 test_loss=1.7745 test_acc=0.3581
Round 415 | selected=[47, 19, 85, 86, 94, 83, 24, 63, 65, 57]
Round 415 | train_loss=0.8385 train_acc=0.7198 test_loss=1.7767 test_acc=0.3790
Round 416 | selected=[15, 3, 0, 19, 78, 73, 38, 51, 35, 43]
Round 416 | train_loss=0.8324 train_acc=0.7262 test_loss=1.7195 test_acc=0.4006
Round 417 | selected=[13, 24, 14, 15, 78, 61, 97, 3, 90, 48]
Round 417 | train_loss=0.8772 train_acc=0.7034 test_loss=1.6638 test_acc=0.3950
Round 418 | selected=[46, 16, 6, 83, 79, 28, 23, 20, 24, 66]
Round 418 | train_loss=0.7474 train_acc=0.7656 test_loss=1.6041 test_acc=0.4114
Round 419 | selected=[48, 76, 47, 21, 67, 80, 13, 0, 9, 35]
Round 419 | train_loss=0.8755 train_acc=0.7280 test_loss=1.5668 test_acc=0.3937
Round 420 | selected=[65, 71, 28, 55, 68, 30, 32, 60, 31, 2]
Round 420 | train_loss=0.8551 train_acc=0.7194 test_loss=1.6513 test_acc=0.3762
Round 421 | selected=[30, 22, 50, 17, 29, 76, 91, 16, 1, 31]
Round 421 | train_loss=0.7728 train_acc=0.7380 test_loss=1.6825 test_acc=0.3520
Round 422 | selected=[49, 60, 0, 29, 96, 16, 48, 47, 4, 79]
Round 422 | train_loss=0.8634 train_acc=0.7124 test_loss=1.6608 test_acc=0.3579
Round 423 | selected=[81, 65, 94, 22, 74, 62, 27, 90, 71, 72]
Round 423 | train_loss=0.9409 train_acc=0.6684 test_loss=1.6147 test_acc=0.3853
Round 424 | selected=[69, 70, 82, 45, 75, 21, 11, 64, 44, 79]
Round 424 | train_loss=0.8023 train_acc=0.7314 test_loss=1.5881 test_acc=0.3972
Round 425 | selected=[3, 67, 78, 0, 46, 99, 61, 73, 34, 83]
Round 425 | train_loss=0.7728 train_acc=0.7448 test_loss=1.5533 test_acc=0.4126
Round 426 | selected=[53, 63, 98, 39, 96, 79, 61, 58, 36, 91]
Round 426 | train_loss=0.8379 train_acc=0.7190 test_loss=1.6073 test_acc=0.4021
Round 427 | selected=[69, 99, 48, 80, 13, 62, 93, 43, 19, 16]
Round 427 | train_loss=0.7635 train_acc=0.7312 test_loss=1.5581 test_acc=0.4026
Round 428 | selected=[18, 28, 43, 54, 58, 92, 45, 32, 4, 29]
Round 428 | train_loss=0.8601 train_acc=0.6868 test_loss=1.5797 test_acc=0.4232
Round 429 | selected=[64, 6, 28, 31, 80, 33, 21, 83, 89, 25]
Round 429 | train_loss=0.7979 train_acc=0.7446 test_loss=1.4706 test_acc=0.4458
Round 430 | selected=[34, 17, 70, 50, 10, 89, 94, 37, 23, 22]
Round 430 | train_loss=0.7013 train_acc=0.7768 test_loss=1.6191 test_acc=0.4282
Round 431 | selected=[19, 30, 54, 20, 68, 3, 82, 73, 96, 90]
Round 431 | train_loss=0.9819 train_acc=0.6742 test_loss=1.7318 test_acc=0.4141
Round 432 | selected=[45, 29, 26, 16, 80, 56, 49, 89, 53, 34]
Round 432 | train_loss=0.8696 train_acc=0.7232 test_loss=1.6999 test_acc=0.4018
Round 433 | selected=[43, 49, 22, 74, 47, 54, 77, 56, 23, 80]
Round 433 | train_loss=0.9935 train_acc=0.6730 test_loss=1.6670 test_acc=0.4044
Round 434 | selected=[65, 23, 87, 33, 86, 91, 59, 21, 58, 31]
Round 434 | train_loss=0.9205 train_acc=0.6882 test_loss=1.5754 test_acc=0.4224
Round 435 | selected=[90, 10, 23, 47, 26, 99, 61, 96, 28, 48]
Round 435 | train_loss=0.6884 train_acc=0.7780 test_loss=1.5155 test_acc=0.4198
Round 436 | selected=[30, 22, 98, 18, 55, 90, 93, 65, 31, 71]
Round 436 | train_loss=0.8202 train_acc=0.6976 test_loss=1.5591 test_acc=0.4211
Round 437 | selected=[52, 41, 99, 59, 37, 92, 43, 38, 14, 70]
Round 437 | train_loss=0.7005 train_acc=0.7818 test_loss=1.6211 test_acc=0.3937
Round 438 | selected=[67, 30, 25, 60, 35, 6, 79, 31, 32, 81]
Round 438 | train_loss=0.9093 train_acc=0.6846 test_loss=1.6443 test_acc=0.3887
Round 439 | selected=[74, 80, 38, 13, 69, 90, 89, 60, 65, 7]
Round 439 | train_loss=0.7841 train_acc=0.7226 test_loss=1.6352 test_acc=0.4013
Round 440 | selected=[80, 43, 79, 67, 0, 78, 10, 87, 83, 74]
Round 440 | train_loss=0.7673 train_acc=0.7656 test_loss=1.6480 test_acc=0.4082
Round 441 | selected=[90, 53, 68, 49, 51, 8, 29, 46, 45, 96]
Round 441 | train_loss=1.0560 train_acc=0.6394 test_loss=1.6585 test_acc=0.3817
Round 442 | selected=[83, 9, 86, 78, 72, 20, 33, 55, 74, 66]
Round 442 | train_loss=0.9124 train_acc=0.7190 test_loss=1.7327 test_acc=0.3520
Round 443 | selected=[79, 29, 39, 26, 77, 99, 9, 61, 33, 46]
Round 443 | train_loss=0.8908 train_acc=0.7040 test_loss=1.6941 test_acc=0.3597
Round 444 | selected=[90, 95, 16, 40, 94, 93, 7, 69, 10, 78]
Round 444 | train_loss=0.7983 train_acc=0.7344 test_loss=1.5645 test_acc=0.3831
Round 445 | selected=[49, 53, 39, 84, 32, 33, 91, 46, 77, 42]
Round 445 | train_loss=0.8230 train_acc=0.7168 test_loss=1.5599 test_acc=0.4108
Round 446 | selected=[10, 27, 15, 69, 93, 35, 80, 78, 57, 19]
Round 446 | train_loss=0.7688 train_acc=0.7334 test_loss=1.4815 test_acc=0.4509
Round 447 | selected=[83, 42, 29, 31, 84, 94, 71, 92, 13, 44]
Round 447 | train_loss=0.6692 train_acc=0.7790 test_loss=1.4801 test_acc=0.4535
Round 448 | selected=[41, 27, 52, 81, 32, 66, 51, 34, 5, 17]
Round 448 | train_loss=0.9390 train_acc=0.6504 test_loss=1.5574 test_acc=0.4211
Round 449 | selected=[67, 91, 72, 57, 13, 34, 8, 33, 94, 74]
Round 449 | train_loss=0.8132 train_acc=0.7256 test_loss=1.7619 test_acc=0.3647
Round 450 | selected=[71, 6, 5, 64, 32, 60, 74, 37, 96, 0]
Round 450 | train_loss=0.7671 train_acc=0.7456 test_loss=1.8415 test_acc=0.3464
Round 451 | selected=[34, 97, 45, 54, 67, 61, 85, 80, 5, 82]
Round 451 | train_loss=0.7230 train_acc=0.7712 test_loss=1.7957 test_acc=0.3666
Round 452 | selected=[21, 76, 78, 81, 33, 25, 79, 18, 56, 58]
Round 452 | train_loss=1.1084 train_acc=0.6014 test_loss=1.4637 test_acc=0.4403
Round 453 | selected=[70, 61, 50, 55, 41, 73, 91, 90, 86, 77]
Round 453 | train_loss=0.9628 train_acc=0.6518 test_loss=1.4762 test_acc=0.4455
Round 454 | selected=[98, 83, 13, 29, 84, 80, 75, 88, 33, 26]
Round 454 | train_loss=0.8330 train_acc=0.7252 test_loss=1.4989 test_acc=0.4318
Round 455 | selected=[5, 85, 67, 70, 68, 46, 97, 9, 55, 13]
Round 455 | train_loss=0.8984 train_acc=0.6970 test_loss=1.5413 test_acc=0.4233
Round 456 | selected=[17, 14, 22, 26, 50, 67, 84, 64, 82, 38]
Round 456 | train_loss=0.9170 train_acc=0.6736 test_loss=1.5293 test_acc=0.4359
Round 457 | selected=[83, 39, 25, 79, 51, 92, 73, 76, 44, 61]
Round 457 | train_loss=0.7822 train_acc=0.7242 test_loss=1.5310 test_acc=0.4333
Round 458 | selected=[96, 95, 74, 50, 90, 73, 63, 48, 53, 17]
Round 458 | train_loss=0.8561 train_acc=0.7164 test_loss=1.6056 test_acc=0.4158
Round 459 | selected=[77, 45, 44, 26, 19, 5, 73, 27, 70, 23]
Round 459 | train_loss=0.7780 train_acc=0.7342 test_loss=1.6250 test_acc=0.4328
Round 460 | selected=[58, 95, 64, 55, 38, 8, 52, 96, 90, 26]
Round 460 | train_loss=0.8692 train_acc=0.6810 test_loss=1.5522 test_acc=0.4368
Round 461 | selected=[29, 0, 82, 80, 41, 66, 15, 88, 11, 75]
Round 461 | train_loss=0.7005 train_acc=0.7830 test_loss=1.4645 test_acc=0.4218
Round 462 | selected=[14, 27, 52, 70, 71, 1, 91, 68, 41, 55]
Round 462 | train_loss=0.8057 train_acc=0.7358 test_loss=1.4233 test_acc=0.4612
Round 463 | selected=[55, 97, 96, 65, 89, 20, 56, 32, 88, 7]
Round 463 | train_loss=0.7750 train_acc=0.7346 test_loss=1.3956 test_acc=0.4678
Round 464 | selected=[55, 57, 98, 47, 14, 44, 62, 43, 72, 46]
Round 464 | train_loss=1.0121 train_acc=0.6570 test_loss=1.3122 test_acc=0.5121
Round 465 | selected=[73, 59, 64, 23, 88, 1, 29, 57, 71, 58]
Round 465 | train_loss=0.7757 train_acc=0.7440 test_loss=1.3724 test_acc=0.4889
Round 466 | selected=[17, 7, 74, 85, 44, 20, 24, 47, 80, 68]
Round 466 | train_loss=0.8737 train_acc=0.7090 test_loss=1.4649 test_acc=0.4616
Round 467 | selected=[26, 94, 63, 78, 5, 29, 92, 27, 76, 39]
Round 467 | train_loss=0.8982 train_acc=0.7014 test_loss=1.4811 test_acc=0.4591
Round 468 | selected=[52, 54, 33, 37, 69, 56, 23, 12, 89, 90]
Round 468 | train_loss=0.6363 train_acc=0.8156 test_loss=1.5566 test_acc=0.4318
Round 469 | selected=[6, 51, 31, 37, 43, 82, 46, 16, 99, 67]
Round 469 | train_loss=0.7473 train_acc=0.7526 test_loss=1.4846 test_acc=0.4371
Round 470 | selected=[77, 61, 78, 64, 63, 67, 40, 68, 53, 76]
Round 470 | train_loss=0.8279 train_acc=0.6838 test_loss=1.4198 test_acc=0.4658
Round 471 | selected=[65, 87, 48, 90, 12, 27, 73, 77, 52, 37]
Round 471 | train_loss=0.5880 train_acc=0.7876 test_loss=1.4323 test_acc=0.4664
Round 472 | selected=[67, 21, 90, 78, 82, 37, 63, 93, 76, 81]
Round 472 | train_loss=0.7137 train_acc=0.7782 test_loss=1.4762 test_acc=0.4352
Round 473 | selected=[55, 64, 41, 77, 25, 23, 70, 49, 61, 1]
Round 473 | train_loss=0.7265 train_acc=0.7646 test_loss=1.5460 test_acc=0.4207
Round 474 | selected=[27, 51, 2, 90, 24, 54, 50, 45, 69, 63]
Round 474 | train_loss=0.8526 train_acc=0.6976 test_loss=1.5500 test_acc=0.4066
Round 475 | selected=[8, 37, 48, 38, 24, 57, 26, 40, 91, 12]
Round 475 | train_loss=0.5690 train_acc=0.8058 test_loss=1.4971 test_acc=0.4279
Round 476 | selected=[20, 4, 37, 81, 12, 71, 67, 29, 66, 82]
Round 476 | train_loss=0.5993 train_acc=0.8244 test_loss=1.4954 test_acc=0.4320
Round 477 | selected=[81, 89, 20, 17, 11, 12, 41, 15, 70, 40]
Round 477 | train_loss=0.6119 train_acc=0.8108 test_loss=1.4780 test_acc=0.4340
Round 478 | selected=[33, 41, 51, 94, 43, 74, 22, 0, 21, 15]
Round 478 | train_loss=0.8355 train_acc=0.7066 test_loss=1.4621 test_acc=0.4447
Round 479 | selected=[90, 97, 1, 46, 79, 84, 3, 42, 33, 86]
Round 479 | train_loss=0.7139 train_acc=0.7612 test_loss=1.5488 test_acc=0.4133
Round 480 | selected=[75, 12, 87, 85, 26, 69, 44, 43, 99, 31]
Round 480 | train_loss=0.5894 train_acc=0.8004 test_loss=1.6386 test_acc=0.3934
Round 481 | selected=[49, 90, 1, 33, 67, 45, 82, 97, 76, 29]
Round 481 | train_loss=0.7875 train_acc=0.7124 test_loss=1.5328 test_acc=0.4143
Round 482 | selected=[36, 72, 35, 42, 59, 71, 62, 43, 29, 48]
Round 482 | train_loss=0.7449 train_acc=0.7486 test_loss=1.4259 test_acc=0.4667
Round 483 | selected=[99, 22, 35, 19, 78, 79, 34, 46, 3, 33]
Round 483 | train_loss=0.8076 train_acc=0.7212 test_loss=1.3904 test_acc=0.4913
Round 484 | selected=[61, 74, 30, 64, 71, 27, 38, 45, 76, 18]
Round 484 | train_loss=0.6289 train_acc=0.7934 test_loss=1.4205 test_acc=0.4727
Round 485 | selected=[77, 25, 84, 83, 44, 26, 3, 81, 47, 53]
Round 485 | train_loss=0.8109 train_acc=0.7014 test_loss=1.4182 test_acc=0.4650
Round 486 | selected=[26, 82, 53, 85, 57, 56, 17, 68, 78, 22]
Round 486 | train_loss=0.7136 train_acc=0.7480 test_loss=1.4641 test_acc=0.4508
Round 487 | selected=[71, 54, 16, 76, 19, 92, 84, 33, 20, 12]
Round 487 | train_loss=0.6742 train_acc=0.7788 test_loss=1.3971 test_acc=0.4606
Round 488 | selected=[92, 38, 8, 2, 1, 47, 74, 50, 29, 41]
Round 488 | train_loss=0.6278 train_acc=0.8002 test_loss=1.3913 test_acc=0.4557
Round 489 | selected=[99, 83, 21, 29, 11, 28, 97, 56, 91, 85]
Round 489 | train_loss=0.6153 train_acc=0.7912 test_loss=1.3625 test_acc=0.4835
Round 490 | selected=[75, 36, 30, 79, 59, 28, 41, 39, 80, 8]
Round 490 | train_loss=0.4941 train_acc=0.8458 test_loss=1.4510 test_acc=0.4666
Round 491 | selected=[84, 13, 91, 28, 5, 62, 64, 20, 29, 89]
Round 491 | train_loss=0.6316 train_acc=0.7894 test_loss=1.4781 test_acc=0.4505
Round 492 | selected=[56, 51, 91, 64, 67, 18, 69, 31, 65, 80]
Round 492 | train_loss=0.5850 train_acc=0.8148 test_loss=1.5026 test_acc=0.4474
Round 493 | selected=[72, 56, 62, 79, 97, 19, 92, 57, 96, 43]
Round 493 | train_loss=0.7232 train_acc=0.7428 test_loss=1.3326 test_acc=0.5012
Round 494 | selected=[75, 20, 23, 79, 69, 49, 76, 52, 53, 39]
Round 494 | train_loss=0.7695 train_acc=0.6946 test_loss=1.3663 test_acc=0.4933
Round 495 | selected=[16, 34, 76, 1, 25, 61, 46, 98, 44, 31]
Round 495 | train_loss=0.5853 train_acc=0.7974 test_loss=1.5160 test_acc=0.4170
Round 496 | selected=[33, 2, 99, 61, 30, 93, 21, 22, 36, 20]
Round 496 | train_loss=0.7727 train_acc=0.7314 test_loss=1.7095 test_acc=0.3702
Round 497 | selected=[59, 80, 95, 32, 35, 54, 58, 17, 18, 30]
Round 497 | train_loss=0.7561 train_acc=0.7418 test_loss=1.6910 test_acc=0.4032
Round 498 | selected=[90, 10, 37, 76, 45, 62, 89, 20, 85, 70]
Round 498 | train_loss=0.6633 train_acc=0.7846 test_loss=1.5695 test_acc=0.4404
Round 499 | selected=[39, 87, 86, 15, 18, 10, 57, 75, 74, 95]
Round 499 | train_loss=0.7504 train_acc=0.7618 test_loss=1.4025 test_acc=0.4610
Round 500 | selected=[53, 83, 34, 22, 85, 50, 9, 98, 67, 90]
Round 500 | train_loss=0.7667 train_acc=0.7316 test_loss=1.4652 test_acc=0.4453
Saved: track1/results/cifar10/final_seed44/fedavgm_alpha01_seed44.csv
COMPLETED: fedavgm alpha01 seed=44
