========================================
JOB:       12008579
TASK:      48
ALGORITHM: fedavg
PARTITION: iid
SEED:      46
GPU:       0
========================================
Device: cuda
GPU: Tesla V100-PCIE-32GB
Round 0 | test_loss=3.1277 test_acc=0.0954
Round 1 | selected=[20, 26, 83, 93, 7, 60, 52, 24, 45, 13]
Round 1 | train_loss=2.3535 train_acc=0.1202 test_loss=2.2552 test_acc=0.1513
Round 2 | selected=[5, 81, 53, 62, 47, 68, 49, 77, 66, 75]
Round 2 | train_loss=2.2128 train_acc=0.1672 test_loss=2.1366 test_acc=0.2103
Round 3 | selected=[30, 93, 0, 98, 81, 24, 18, 94, 80, 23]
Round 3 | train_loss=2.1299 train_acc=0.2082 test_loss=2.0381 test_acc=0.2215
Round 4 | selected=[68, 96, 87, 66, 5, 62, 61, 57, 80, 99]
Round 4 | train_loss=2.0433 train_acc=0.2228 test_loss=1.9549 test_acc=0.2654
Round 5 | selected=[43, 63, 24, 13, 36, 72, 18, 51, 46, 15]
Round 5 | train_loss=1.9879 train_acc=0.2474 test_loss=1.9270 test_acc=0.2575
Round 6 | selected=[93, 15, 46, 55, 45, 4, 23, 83, 27, 40]
Round 6 | train_loss=1.9544 train_acc=0.2540 test_loss=1.8802 test_acc=0.2841
Round 7 | selected=[18, 23, 22, 31, 88, 68, 42, 38, 92, 98]
Round 7 | train_loss=1.9247 train_acc=0.2768 test_loss=1.8212 test_acc=0.3136
Round 8 | selected=[85, 34, 62, 61, 35, 72, 26, 71, 28, 9]
Round 8 | train_loss=1.8923 train_acc=0.2848 test_loss=1.7787 test_acc=0.3341
Round 9 | selected=[59, 12, 51, 64, 11, 73, 8, 38, 31, 63]
Round 9 | train_loss=1.8575 train_acc=0.2974 test_loss=1.7982 test_acc=0.3129
Round 10 | selected=[65, 57, 19, 80, 71, 67, 32, 59, 47, 58]
Round 10 | train_loss=1.8391 train_acc=0.2974 test_loss=1.7622 test_acc=0.3295
Round 11 | selected=[1, 49, 56, 28, 42, 16, 35, 11, 40, 61]
Round 11 | train_loss=1.8200 train_acc=0.3048 test_loss=1.7661 test_acc=0.3223
Round 12 | selected=[71, 22, 31, 34, 4, 78, 38, 11, 55, 82]
Round 12 | train_loss=1.7958 train_acc=0.3104 test_loss=1.7063 test_acc=0.3533
Round 13 | selected=[12, 80, 53, 65, 90, 75, 5, 16, 10, 43]
Round 13 | train_loss=1.7908 train_acc=0.3214 test_loss=1.7003 test_acc=0.3520
Round 14 | selected=[32, 76, 31, 47, 99, 18, 53, 8, 65, 51]
Round 14 | train_loss=1.7728 train_acc=0.3252 test_loss=1.6803 test_acc=0.3601
Round 15 | selected=[71, 40, 96, 38, 82, 7, 28, 24, 55, 13]
Round 15 | train_loss=1.7467 train_acc=0.3376 test_loss=1.6504 test_acc=0.3776
Round 16 | selected=[53, 33, 17, 23, 30, 28, 65, 13, 92, 19]
Round 16 | train_loss=1.7341 train_acc=0.3462 test_loss=1.6691 test_acc=0.3750
Round 17 | selected=[77, 54, 38, 21, 13, 2, 72, 51, 28, 66]
Round 17 | train_loss=1.7151 train_acc=0.3454 test_loss=1.6704 test_acc=0.3739
Round 18 | selected=[20, 65, 44, 11, 51, 22, 72, 37, 35, 96]
Round 18 | train_loss=1.7127 train_acc=0.3450 test_loss=1.7645 test_acc=0.3476
Round 19 | selected=[10, 94, 29, 60, 99, 16, 92, 35, 54, 96]
Round 19 | train_loss=1.7047 train_acc=0.3606 test_loss=1.8852 test_acc=0.3558
Round 20 | selected=[47, 20, 53, 40, 37, 75, 48, 27, 94, 4]
Round 20 | train_loss=1.6764 train_acc=0.3596 test_loss=1.6335 test_acc=0.3878
Round 21 | selected=[87, 63, 53, 36, 77, 37, 11, 24, 70, 28]
Round 21 | train_loss=1.6458 train_acc=0.3690 test_loss=1.6926 test_acc=0.3822
Round 22 | selected=[19, 94, 3, 74, 10, 66, 12, 15, 34, 96]
Round 22 | train_loss=1.6581 train_acc=0.3774 test_loss=1.6174 test_acc=0.4000
Round 23 | selected=[21, 65, 82, 31, 87, 4, 24, 43, 1, 37]
Round 23 | train_loss=1.6449 train_acc=0.3828 test_loss=1.5796 test_acc=0.4087
Round 24 | selected=[80, 26, 7, 40, 51, 3, 38, 69, 81, 6]
Round 24 | train_loss=1.6287 train_acc=0.3816 test_loss=1.5172 test_acc=0.4351
Round 25 | selected=[67, 33, 68, 23, 69, 46, 84, 74, 17, 39]
Round 25 | train_loss=1.6374 train_acc=0.3856 test_loss=1.6751 test_acc=0.3706
Round 26 | selected=[35, 73, 94, 20, 13, 11, 29, 70, 87, 55]
Round 26 | train_loss=1.6196 train_acc=0.3980 test_loss=1.5417 test_acc=0.4260
Round 27 | selected=[36, 34, 32, 97, 17, 73, 92, 31, 65, 22]
Round 27 | train_loss=1.5910 train_acc=0.3970 test_loss=1.5289 test_acc=0.4331
Round 28 | selected=[55, 47, 35, 83, 29, 69, 49, 84, 52, 80]
Round 28 | train_loss=1.5840 train_acc=0.4042 test_loss=1.5048 test_acc=0.4480
Round 29 | selected=[64, 84, 49, 55, 35, 88, 37, 68, 51, 77]
Round 29 | train_loss=1.5934 train_acc=0.4024 test_loss=1.5307 test_acc=0.4322
Round 30 | selected=[44, 58, 83, 37, 38, 24, 16, 86, 19, 97]
Round 30 | train_loss=1.5597 train_acc=0.4148 test_loss=1.4838 test_acc=0.4416
Round 31 | selected=[91, 12, 26, 97, 28, 19, 27, 29, 50, 37]
Round 31 | train_loss=1.5659 train_acc=0.4156 test_loss=1.5344 test_acc=0.4426
Round 32 | selected=[18, 48, 87, 47, 37, 8, 99, 29, 42, 27]
Round 32 | train_loss=1.5395 train_acc=0.4290 test_loss=1.4742 test_acc=0.4563
Round 33 | selected=[91, 10, 70, 33, 85, 48, 46, 36, 44, 68]
Round 33 | train_loss=1.5672 train_acc=0.4174 test_loss=1.4833 test_acc=0.4492
Round 34 | selected=[15, 77, 58, 63, 47, 18, 34, 98, 25, 97]
Round 34 | train_loss=1.5392 train_acc=0.4290 test_loss=1.4522 test_acc=0.4581
Round 35 | selected=[95, 82, 19, 77, 83, 25, 30, 0, 87, 69]
Round 35 | train_loss=1.5206 train_acc=0.4274 test_loss=1.4066 test_acc=0.4798
Round 36 | selected=[57, 41, 2, 99, 9, 38, 87, 39, 80, 48]
Round 36 | train_loss=1.5230 train_acc=0.4374 test_loss=1.4108 test_acc=0.4748
Round 37 | selected=[6, 47, 4, 5, 82, 33, 91, 38, 59, 98]
Round 37 | train_loss=1.5436 train_acc=0.4220 test_loss=1.4414 test_acc=0.4699
Round 38 | selected=[8, 30, 11, 0, 86, 68, 93, 67, 60, 40]
Round 38 | train_loss=1.5430 train_acc=0.4242 test_loss=1.3920 test_acc=0.4863
Round 39 | selected=[5, 84, 28, 83, 34, 74, 2, 3, 53, 50]
Round 39 | train_loss=1.4778 train_acc=0.4440 test_loss=1.4420 test_acc=0.4671
Round 40 | selected=[10, 22, 74, 23, 38, 30, 0, 93, 44, 57]
Round 40 | train_loss=1.4927 train_acc=0.4392 test_loss=1.4436 test_acc=0.4705
Round 41 | selected=[67, 8, 13, 28, 34, 37, 77, 14, 49, 47]
Round 41 | train_loss=1.5156 train_acc=0.4322 test_loss=1.4362 test_acc=0.4659
Round 42 | selected=[86, 57, 24, 4, 23, 55, 94, 59, 50, 21]
Round 42 | train_loss=1.5016 train_acc=0.4420 test_loss=1.4494 test_acc=0.4710
Round 43 | selected=[17, 72, 35, 18, 5, 86, 95, 23, 77, 25]
Round 43 | train_loss=1.4752 train_acc=0.4534 test_loss=1.3820 test_acc=0.4927
Round 44 | selected=[54, 13, 62, 81, 94, 17, 47, 22, 50, 21]
Round 44 | train_loss=1.4570 train_acc=0.4598 test_loss=1.4041 test_acc=0.4826
Round 45 | selected=[4, 35, 52, 85, 71, 51, 61, 3, 72, 91]
Round 45 | train_loss=1.4650 train_acc=0.4504 test_loss=1.3492 test_acc=0.5007
Round 46 | selected=[32, 47, 83, 65, 75, 56, 4, 51, 52, 79]
Round 46 | train_loss=1.4764 train_acc=0.4548 test_loss=1.4187 test_acc=0.4744
Round 47 | selected=[50, 13, 94, 72, 14, 31, 27, 97, 9, 59]
Round 47 | train_loss=1.4510 train_acc=0.4690 test_loss=1.4572 test_acc=0.4770
Round 48 | selected=[59, 80, 54, 0, 68, 39, 88, 72, 42, 5]
Round 48 | train_loss=1.4490 train_acc=0.4588 test_loss=1.3368 test_acc=0.5092
Round 49 | selected=[45, 33, 23, 97, 88, 1, 0, 58, 21, 74]
Round 49 | train_loss=1.4675 train_acc=0.4580 test_loss=1.3285 test_acc=0.5062
Round 50 | selected=[73, 88, 96, 64, 4, 0, 17, 86, 14, 95]
Round 50 | train_loss=1.4347 train_acc=0.4700 test_loss=1.3282 test_acc=0.5103
Round 51 | selected=[2, 25, 22, 72, 33, 66, 11, 56, 59, 4]
Round 51 | train_loss=1.4280 train_acc=0.4790 test_loss=1.3564 test_acc=0.5025
Round 52 | selected=[25, 55, 52, 51, 65, 15, 77, 67, 10, 49]
Round 52 | train_loss=1.4191 train_acc=0.4876 test_loss=1.3798 test_acc=0.5007
Round 53 | selected=[45, 17, 75, 29, 88, 55, 6, 34, 7, 22]
Round 53 | train_loss=1.4383 train_acc=0.4806 test_loss=1.3804 test_acc=0.4905
Round 54 | selected=[90, 89, 22, 45, 85, 2, 64, 27, 99, 34]
Round 54 | train_loss=1.4075 train_acc=0.4846 test_loss=1.3175 test_acc=0.5169
Round 55 | selected=[41, 82, 22, 88, 56, 8, 72, 93, 24, 5]
Round 55 | train_loss=1.3980 train_acc=0.4894 test_loss=1.4391 test_acc=0.4796
Round 56 | selected=[23, 38, 99, 11, 58, 0, 75, 34, 94, 74]
Round 56 | train_loss=1.4297 train_acc=0.4780 test_loss=1.2989 test_acc=0.5237
Round 57 | selected=[15, 97, 73, 19, 40, 83, 85, 58, 89, 45]
Round 57 | train_loss=1.3600 train_acc=0.5084 test_loss=1.2957 test_acc=0.5258
Round 58 | selected=[78, 55, 41, 22, 89, 88, 93, 85, 86, 98]
Round 58 | train_loss=1.3648 train_acc=0.5050 test_loss=1.3217 test_acc=0.5125
Round 59 | selected=[85, 47, 15, 62, 50, 82, 38, 90, 52, 33]
Round 59 | train_loss=1.3902 train_acc=0.4916 test_loss=1.2976 test_acc=0.5298
Round 60 | selected=[46, 25, 40, 86, 31, 50, 84, 13, 19, 72]
Round 60 | train_loss=1.3586 train_acc=0.4996 test_loss=1.2646 test_acc=0.5380
Round 61 | selected=[3, 8, 54, 52, 77, 81, 60, 93, 25, 79]
Round 61 | train_loss=1.4011 train_acc=0.4862 test_loss=1.2975 test_acc=0.5210
Round 62 | selected=[77, 76, 7, 30, 74, 47, 93, 33, 42, 98]
Round 62 | train_loss=1.4069 train_acc=0.4868 test_loss=1.2698 test_acc=0.5336
Round 63 | selected=[17, 52, 91, 21, 85, 47, 44, 87, 42, 10]
Round 63 | train_loss=1.3701 train_acc=0.5034 test_loss=1.2544 test_acc=0.5400
Round 64 | selected=[1, 79, 93, 32, 29, 10, 47, 78, 58, 19]
Round 64 | train_loss=1.3567 train_acc=0.5072 test_loss=1.2874 test_acc=0.5327
Round 65 | selected=[55, 10, 46, 74, 54, 15, 81, 66, 12, 93]
Round 65 | train_loss=1.3541 train_acc=0.5128 test_loss=1.2856 test_acc=0.5346
Round 66 | selected=[56, 11, 93, 73, 94, 26, 22, 52, 36, 29]
Round 66 | train_loss=1.3470 train_acc=0.5116 test_loss=1.3117 test_acc=0.5217
Round 67 | selected=[82, 22, 31, 16, 28, 33, 56, 41, 76, 11]
Round 67 | train_loss=1.3474 train_acc=0.5154 test_loss=1.2387 test_acc=0.5447
Round 68 | selected=[81, 97, 82, 70, 39, 55, 89, 85, 36, 83]
Round 68 | train_loss=1.3077 train_acc=0.5308 test_loss=1.2727 test_acc=0.5369
Round 69 | selected=[80, 73, 18, 98, 55, 49, 43, 61, 8, 82]
Round 69 | train_loss=1.3059 train_acc=0.5226 test_loss=1.2002 test_acc=0.5605
Round 70 | selected=[17, 6, 47, 63, 96, 3, 81, 41, 21, 46]
Round 70 | train_loss=1.3102 train_acc=0.5232 test_loss=1.2245 test_acc=0.5555
Round 71 | selected=[85, 20, 24, 98, 21, 64, 11, 58, 68, 62]
Round 71 | train_loss=1.3275 train_acc=0.5190 test_loss=1.2640 test_acc=0.5421
Round 72 | selected=[5, 16, 63, 59, 66, 92, 17, 31, 74, 64]
Round 72 | train_loss=1.3290 train_acc=0.5184 test_loss=1.2476 test_acc=0.5446
Round 73 | selected=[14, 92, 71, 69, 4, 54, 23, 62, 43, 7]
Round 73 | train_loss=1.3097 train_acc=0.5246 test_loss=1.2306 test_acc=0.5596
Round 74 | selected=[72, 6, 11, 52, 57, 59, 55, 28, 94, 82]
Round 74 | train_loss=1.3010 train_acc=0.5282 test_loss=1.1979 test_acc=0.5589
Round 75 | selected=[81, 43, 26, 4, 87, 50, 59, 40, 47, 95]
Round 75 | train_loss=1.2728 train_acc=0.5264 test_loss=1.1922 test_acc=0.5679
Round 76 | selected=[17, 59, 12, 15, 38, 40, 57, 21, 47, 49]
Round 76 | train_loss=1.3303 train_acc=0.5154 test_loss=1.2066 test_acc=0.5579
Round 77 | selected=[8, 57, 39, 27, 96, 6, 59, 44, 66, 86]
Round 77 | train_loss=1.2742 train_acc=0.5284 test_loss=1.1975 test_acc=0.5583
Round 78 | selected=[73, 79, 56, 35, 47, 30, 52, 15, 97, 66]
Round 78 | train_loss=1.2819 train_acc=0.5322 test_loss=1.1848 test_acc=0.5651
Round 79 | selected=[8, 44, 75, 17, 20, 80, 60, 53, 16, 95]
Round 79 | train_loss=1.2883 train_acc=0.5356 test_loss=1.1752 test_acc=0.5669
Round 80 | selected=[4, 88, 83, 15, 45, 78, 92, 58, 46, 52]
Round 80 | train_loss=1.2984 train_acc=0.5226 test_loss=1.1736 test_acc=0.5735
Round 81 | selected=[80, 91, 48, 38, 41, 49, 0, 71, 4, 1]
Round 81 | train_loss=1.2661 train_acc=0.5380 test_loss=1.1959 test_acc=0.5717
Round 82 | selected=[52, 98, 54, 45, 61, 36, 76, 27, 22, 25]
Round 82 | train_loss=1.2794 train_acc=0.5264 test_loss=1.1955 test_acc=0.5623
Round 83 | selected=[96, 15, 80, 66, 98, 0, 44, 70, 38, 10]
Round 83 | train_loss=1.2474 train_acc=0.5418 test_loss=1.1444 test_acc=0.5839
Round 84 | selected=[69, 9, 45, 35, 99, 84, 58, 73, 18, 3]
Round 84 | train_loss=1.2459 train_acc=0.5464 test_loss=1.1748 test_acc=0.5759
Round 85 | selected=[81, 71, 9, 53, 89, 98, 26, 91, 43, 68]
Round 85 | train_loss=1.2335 train_acc=0.5530 test_loss=1.1869 test_acc=0.5663
Round 86 | selected=[39, 82, 72, 29, 95, 53, 75, 79, 90, 32]
Round 86 | train_loss=1.2420 train_acc=0.5550 test_loss=1.1576 test_acc=0.5801
Round 87 | selected=[38, 81, 50, 19, 66, 9, 82, 61, 15, 72]
Round 87 | train_loss=1.2133 train_acc=0.5598 test_loss=1.1566 test_acc=0.5809
Round 88 | selected=[27, 5, 39, 61, 50, 67, 49, 31, 34, 79]
Round 88 | train_loss=1.2441 train_acc=0.5446 test_loss=1.2076 test_acc=0.5682
Round 89 | selected=[48, 42, 13, 22, 57, 15, 55, 56, 19, 36]
Round 89 | train_loss=1.1895 train_acc=0.5782 test_loss=1.1922 test_acc=0.5655
Round 90 | selected=[78, 81, 32, 27, 85, 58, 40, 11, 7, 39]
Round 90 | train_loss=1.2200 train_acc=0.5630 test_loss=1.1111 test_acc=0.5966
Round 91 | selected=[2, 24, 36, 13, 37, 98, 96, 67, 38, 83]
Round 91 | train_loss=1.2099 train_acc=0.5546 test_loss=1.1660 test_acc=0.5783
Round 92 | selected=[57, 54, 69, 47, 15, 32, 68, 59, 20, 90]
Round 92 | train_loss=1.2178 train_acc=0.5578 test_loss=1.1694 test_acc=0.5898
Round 93 | selected=[66, 19, 91, 63, 65, 60, 90, 18, 24, 68]
Round 93 | train_loss=1.2302 train_acc=0.5586 test_loss=1.1562 test_acc=0.5834
Round 94 | selected=[68, 51, 73, 29, 36, 48, 20, 86, 94, 87]
Round 94 | train_loss=1.1904 train_acc=0.5720 test_loss=1.0998 test_acc=0.6009
Round 95 | selected=[36, 74, 82, 80, 10, 28, 88, 17, 66, 13]
Round 95 | train_loss=1.2018 train_acc=0.5694 test_loss=1.1076 test_acc=0.6023
Round 96 | selected=[76, 36, 88, 15, 60, 12, 20, 78, 13, 9]
Round 96 | train_loss=1.2010 train_acc=0.5644 test_loss=1.1149 test_acc=0.5936
Round 97 | selected=[10, 34, 48, 70, 52, 79, 5, 56, 60, 50]
Round 97 | train_loss=1.2030 train_acc=0.5634 test_loss=1.1774 test_acc=0.5732
Round 98 | selected=[95, 69, 18, 64, 54, 31, 85, 15, 88, 48]
Round 98 | train_loss=1.1811 train_acc=0.5730 test_loss=1.0786 test_acc=0.6090
Round 99 | selected=[6, 4, 93, 38, 91, 64, 19, 12, 35, 5]
Round 99 | train_loss=1.1988 train_acc=0.5626 test_loss=1.1023 test_acc=0.5997
Round 100 | selected=[34, 52, 32, 95, 18, 79, 0, 81, 8, 92]
Round 100 | train_loss=1.1939 train_acc=0.5742 test_loss=1.0834 test_acc=0.6128
Round 101 | selected=[42, 20, 63, 46, 75, 93, 12, 37, 55, 61]
Round 101 | train_loss=1.1531 train_acc=0.5812 test_loss=1.0711 test_acc=0.6148
Round 102 | selected=[75, 15, 6, 90, 74, 24, 27, 78, 68, 79]
Round 102 | train_loss=1.1754 train_acc=0.5844 test_loss=1.0865 test_acc=0.6163
Round 103 | selected=[5, 29, 63, 18, 9, 87, 20, 62, 82, 49]
Round 103 | train_loss=1.1583 train_acc=0.5888 test_loss=1.0709 test_acc=0.6160
Round 104 | selected=[91, 66, 37, 23, 40, 27, 15, 65, 88, 78]
Round 104 | train_loss=1.1776 train_acc=0.5712 test_loss=1.0627 test_acc=0.6140
Round 105 | selected=[31, 91, 32, 14, 77, 35, 46, 17, 2, 86]
Round 105 | train_loss=1.1677 train_acc=0.5742 test_loss=1.0936 test_acc=0.6037
Round 106 | selected=[43, 62, 10, 45, 4, 38, 8, 49, 52, 84]
Round 106 | train_loss=1.1685 train_acc=0.5760 test_loss=1.0477 test_acc=0.6135
Round 107 | selected=[34, 19, 64, 70, 43, 29, 41, 4, 1, 37]
Round 107 | train_loss=1.1181 train_acc=0.5938 test_loss=1.0696 test_acc=0.6193
Round 108 | selected=[8, 22, 62, 30, 38, 64, 80, 56, 19, 29]
Round 108 | train_loss=1.1201 train_acc=0.5996 test_loss=1.0318 test_acc=0.6244
Round 109 | selected=[15, 16, 98, 34, 91, 38, 8, 43, 47, 35]
Round 109 | train_loss=1.1418 train_acc=0.5900 test_loss=1.0678 test_acc=0.6124
Round 110 | selected=[27, 16, 95, 72, 96, 63, 5, 24, 85, 3]
Round 110 | train_loss=1.1146 train_acc=0.5926 test_loss=1.0680 test_acc=0.6131
Round 111 | selected=[29, 42, 75, 4, 76, 83, 93, 72, 47, 73]
Round 111 | train_loss=1.1422 train_acc=0.5814 test_loss=1.0757 test_acc=0.6124
Round 112 | selected=[60, 39, 13, 43, 98, 49, 0, 79, 23, 66]
Round 112 | train_loss=1.1229 train_acc=0.5900 test_loss=1.0308 test_acc=0.6327
Round 113 | selected=[50, 68, 73, 44, 4, 14, 38, 32, 63, 77]
Round 113 | train_loss=1.1308 train_acc=0.5904 test_loss=1.0615 test_acc=0.6226
Round 114 | selected=[31, 69, 59, 15, 30, 37, 4, 78, 97, 34]
Round 114 | train_loss=1.1147 train_acc=0.5966 test_loss=1.0688 test_acc=0.6201
Round 115 | selected=[28, 20, 98, 85, 23, 22, 16, 60, 41, 36]
Round 115 | train_loss=1.1127 train_acc=0.5914 test_loss=1.0240 test_acc=0.6346
Round 116 | selected=[4, 35, 40, 44, 50, 41, 91, 11, 7, 88]
Round 116 | train_loss=1.1230 train_acc=0.5958 test_loss=1.0344 test_acc=0.6271
Round 117 | selected=[27, 50, 15, 67, 51, 77, 32, 66, 21, 48]
Round 117 | train_loss=1.1083 train_acc=0.5988 test_loss=1.0235 test_acc=0.6331
Round 118 | selected=[84, 34, 53, 82, 94, 61, 31, 14, 3, 51]
Round 118 | train_loss=1.0885 train_acc=0.6224 test_loss=1.0325 test_acc=0.6316
Round 119 | selected=[92, 28, 70, 45, 60, 30, 89, 27, 68, 56]
Round 119 | train_loss=1.1297 train_acc=0.5948 test_loss=1.0489 test_acc=0.6241
Round 120 | selected=[62, 69, 95, 53, 41, 5, 27, 8, 43, 13]
Round 120 | train_loss=1.0490 train_acc=0.6152 test_loss=0.9911 test_acc=0.6470
Round 121 | selected=[71, 77, 89, 7, 38, 56, 96, 15, 19, 43]
Round 121 | train_loss=1.0893 train_acc=0.6108 test_loss=1.0892 test_acc=0.6040
Round 122 | selected=[64, 37, 53, 94, 98, 21, 2, 24, 84, 4]
Round 122 | train_loss=1.0795 train_acc=0.6162 test_loss=1.0383 test_acc=0.6285
Round 123 | selected=[86, 25, 31, 15, 62, 95, 45, 91, 57, 14]
Round 123 | train_loss=1.1437 train_acc=0.5882 test_loss=1.0150 test_acc=0.6390
Round 124 | selected=[14, 47, 16, 5, 94, 8, 76, 71, 32, 81]
Round 124 | train_loss=1.0600 train_acc=0.6192 test_loss=1.0006 test_acc=0.6466
Round 125 | selected=[15, 43, 97, 55, 32, 99, 31, 92, 18, 78]
Round 125 | train_loss=1.0845 train_acc=0.6168 test_loss=1.0006 test_acc=0.6444
Round 126 | selected=[6, 64, 13, 31, 9, 23, 94, 37, 79, 74]
Round 126 | train_loss=1.0561 train_acc=0.6242 test_loss=1.0036 test_acc=0.6402
Round 127 | selected=[47, 4, 9, 44, 50, 96, 43, 63, 68, 6]
Round 127 | train_loss=1.0708 train_acc=0.6134 test_loss=0.9843 test_acc=0.6432
Round 128 | selected=[89, 80, 29, 51, 1, 14, 33, 57, 3, 6]
Round 128 | train_loss=1.0438 train_acc=0.6260 test_loss=1.0103 test_acc=0.6398
Round 129 | selected=[44, 18, 53, 66, 5, 99, 71, 30, 55, 63]
Round 129 | train_loss=1.0481 train_acc=0.6260 test_loss=1.0155 test_acc=0.6324
Round 130 | selected=[22, 62, 81, 37, 31, 77, 73, 3, 33, 46]
Round 130 | train_loss=1.0322 train_acc=0.6292 test_loss=1.0230 test_acc=0.6333
Round 131 | selected=[68, 35, 90, 12, 77, 3, 85, 0, 31, 33]
Round 131 | train_loss=1.0646 train_acc=0.6058 test_loss=0.9799 test_acc=0.6455
Round 132 | selected=[52, 62, 20, 40, 11, 7, 76, 93, 4, 78]
Round 132 | train_loss=1.0692 train_acc=0.6118 test_loss=0.9698 test_acc=0.6527
Round 133 | selected=[97, 12, 52, 74, 59, 24, 95, 51, 8, 9]
Round 133 | train_loss=1.0786 train_acc=0.6122 test_loss=0.9764 test_acc=0.6529
Round 134 | selected=[71, 92, 40, 49, 84, 82, 88, 28, 33, 22]
Round 134 | train_loss=1.0707 train_acc=0.6106 test_loss=1.0054 test_acc=0.6442
Round 135 | selected=[69, 8, 52, 23, 7, 18, 3, 9, 19, 60]
Round 135 | train_loss=1.0308 train_acc=0.6286 test_loss=0.9873 test_acc=0.6543
Round 136 | selected=[45, 19, 90, 58, 65, 18, 16, 21, 39, 69]
Round 136 | train_loss=1.0398 train_acc=0.6294 test_loss=0.9922 test_acc=0.6431
Round 137 | selected=[22, 66, 1, 85, 96, 9, 81, 78, 73, 91]
Round 137 | train_loss=1.0075 train_acc=0.6394 test_loss=0.9507 test_acc=0.6616
Round 138 | selected=[25, 2, 19, 62, 93, 31, 46, 6, 10, 63]
Round 138 | train_loss=1.0326 train_acc=0.6332 test_loss=0.9413 test_acc=0.6645
Round 139 | selected=[57, 15, 60, 54, 90, 45, 64, 97, 3, 85]
Round 139 | train_loss=1.0420 train_acc=0.6276 test_loss=0.9236 test_acc=0.6657
Round 140 | selected=[88, 68, 82, 2, 54, 57, 96, 33, 22, 89]
Round 140 | train_loss=1.0356 train_acc=0.6304 test_loss=0.9266 test_acc=0.6688
Round 141 | selected=[54, 10, 46, 37, 42, 38, 1, 80, 36, 45]
Round 141 | train_loss=1.0239 train_acc=0.6348 test_loss=0.9131 test_acc=0.6752
Round 142 | selected=[52, 31, 86, 11, 79, 83, 16, 6, 3, 20]
Round 142 | train_loss=1.0216 train_acc=0.6310 test_loss=0.9508 test_acc=0.6649
Round 143 | selected=[58, 46, 84, 39, 45, 93, 67, 36, 40, 16]
Round 143 | train_loss=1.0442 train_acc=0.6326 test_loss=0.9541 test_acc=0.6618
Round 144 | selected=[81, 11, 24, 76, 50, 7, 42, 49, 88, 26]
Round 144 | train_loss=1.0314 train_acc=0.6290 test_loss=0.9708 test_acc=0.6562
Round 145 | selected=[12, 79, 26, 41, 23, 95, 63, 58, 94, 20]
Round 145 | train_loss=1.0267 train_acc=0.6324 test_loss=0.9409 test_acc=0.6564
Round 146 | selected=[60, 24, 40, 83, 94, 64, 71, 95, 84, 5]
Round 146 | train_loss=1.0042 train_acc=0.6414 test_loss=0.9485 test_acc=0.6628
Round 147 | selected=[39, 51, 68, 53, 34, 42, 64, 44, 15, 67]
Round 147 | train_loss=1.0189 train_acc=0.6430 test_loss=0.9854 test_acc=0.6503
Round 148 | selected=[92, 85, 18, 97, 45, 65, 93, 63, 2, 36]
Round 148 | train_loss=1.0178 train_acc=0.6378 test_loss=0.9432 test_acc=0.6670
Round 149 | selected=[14, 25, 77, 59, 20, 42, 43, 55, 48, 86]
Round 149 | train_loss=0.9983 train_acc=0.6362 test_loss=0.9792 test_acc=0.6514
Round 150 | selected=[37, 21, 26, 74, 13, 19, 51, 96, 46, 73]
Round 150 | train_loss=1.0091 train_acc=0.6426 test_loss=0.9458 test_acc=0.6672
Round 151 | selected=[40, 2, 47, 60, 78, 76, 56, 71, 21, 53]
Round 151 | train_loss=0.9911 train_acc=0.6482 test_loss=0.9306 test_acc=0.6692
Round 152 | selected=[95, 45, 93, 78, 10, 83, 85, 33, 68, 55]
Round 152 | train_loss=0.9783 train_acc=0.6472 test_loss=0.9583 test_acc=0.6589
Round 153 | selected=[50, 92, 80, 68, 54, 75, 55, 20, 1, 16]
Round 153 | train_loss=1.0256 train_acc=0.6264 test_loss=0.8944 test_acc=0.6825
Round 154 | selected=[12, 64, 99, 17, 11, 4, 9, 82, 60, 8]
Round 154 | train_loss=1.0132 train_acc=0.6290 test_loss=0.9046 test_acc=0.6780
Round 155 | selected=[11, 75, 99, 24, 17, 95, 8, 34, 56, 90]
Round 155 | train_loss=1.0027 train_acc=0.6442 test_loss=0.9137 test_acc=0.6794
Round 156 | selected=[92, 29, 95, 44, 5, 39, 70, 38, 62, 76]
Round 156 | train_loss=0.9913 train_acc=0.6408 test_loss=0.8967 test_acc=0.6782
Round 157 | selected=[93, 29, 99, 27, 73, 89, 33, 51, 34, 42]
Round 157 | train_loss=0.9607 train_acc=0.6552 test_loss=0.8990 test_acc=0.6800
Round 158 | selected=[9, 29, 75, 78, 87, 52, 1, 36, 48, 37]
Round 158 | train_loss=0.9773 train_acc=0.6556 test_loss=0.9111 test_acc=0.6712
Round 159 | selected=[2, 77, 75, 60, 19, 11, 89, 20, 1, 91]
Round 159 | train_loss=0.9620 train_acc=0.6568 test_loss=0.8957 test_acc=0.6830
Round 160 | selected=[78, 3, 40, 74, 24, 90, 51, 22, 65, 38]
Round 160 | train_loss=0.9608 train_acc=0.6594 test_loss=0.8906 test_acc=0.6829
Round 161 | selected=[17, 23, 29, 44, 32, 97, 82, 4, 13, 55]
Round 161 | train_loss=0.9845 train_acc=0.6388 test_loss=0.8859 test_acc=0.6786
Round 162 | selected=[4, 83, 67, 55, 17, 93, 48, 18, 94, 86]
Round 162 | train_loss=0.9544 train_acc=0.6634 test_loss=0.8906 test_acc=0.6790
Round 163 | selected=[13, 86, 29, 48, 70, 94, 1, 54, 95, 69]
Round 163 | train_loss=0.9305 train_acc=0.6660 test_loss=0.8839 test_acc=0.6888
Round 164 | selected=[80, 3, 9, 10, 81, 37, 57, 97, 58, 24]
Round 164 | train_loss=0.9343 train_acc=0.6630 test_loss=0.8980 test_acc=0.6761
Round 165 | selected=[56, 90, 24, 74, 19, 45, 21, 97, 96, 95]
Round 165 | train_loss=0.9967 train_acc=0.6376 test_loss=0.8913 test_acc=0.6819
Round 166 | selected=[9, 71, 15, 75, 32, 18, 61, 63, 53, 80]
Round 166 | train_loss=0.9438 train_acc=0.6622 test_loss=0.8600 test_acc=0.6883
Round 167 | selected=[95, 97, 52, 12, 96, 77, 80, 74, 78, 98]
Round 167 | train_loss=0.9631 train_acc=0.6534 test_loss=0.8928 test_acc=0.6836
Round 168 | selected=[86, 55, 74, 26, 73, 62, 95, 88, 56, 83]
Round 168 | train_loss=0.9703 train_acc=0.6484 test_loss=0.8848 test_acc=0.6857
Round 169 | selected=[71, 42, 12, 36, 74, 11, 80, 78, 77, 9]
Round 169 | train_loss=0.9567 train_acc=0.6598 test_loss=0.9159 test_acc=0.6780
Round 170 | selected=[16, 65, 91, 57, 20, 60, 25, 4, 94, 58]
Round 170 | train_loss=0.9489 train_acc=0.6574 test_loss=0.8751 test_acc=0.6868
Round 171 | selected=[71, 8, 24, 37, 72, 62, 16, 19, 83, 84]
Round 171 | train_loss=0.9198 train_acc=0.6802 test_loss=0.8854 test_acc=0.6884
Round 172 | selected=[57, 23, 92, 98, 26, 36, 48, 14, 88, 50]
Round 172 | train_loss=0.9565 train_acc=0.6636 test_loss=0.8343 test_acc=0.7017
Round 173 | selected=[56, 51, 45, 0, 59, 55, 68, 33, 61, 80]
Round 173 | train_loss=0.9472 train_acc=0.6592 test_loss=0.8706 test_acc=0.6918
Round 174 | selected=[21, 87, 82, 58, 5, 4, 42, 97, 28, 31]
Round 174 | train_loss=0.9659 train_acc=0.6572 test_loss=0.8718 test_acc=0.6868
Round 175 | selected=[59, 15, 86, 23, 73, 88, 34, 83, 98, 43]
Round 175 | train_loss=0.9235 train_acc=0.6678 test_loss=0.8388 test_acc=0.6992
Round 176 | selected=[2, 59, 98, 12, 75, 63, 21, 86, 89, 19]
Round 176 | train_loss=0.9129 train_acc=0.6742 test_loss=0.8744 test_acc=0.6856
Round 177 | selected=[0, 69, 39, 84, 64, 2, 62, 45, 52, 77]
Round 177 | train_loss=0.9232 train_acc=0.6686 test_loss=0.9093 test_acc=0.6844
Round 178 | selected=[25, 89, 78, 42, 61, 59, 55, 88, 74, 3]
Round 178 | train_loss=0.9191 train_acc=0.6768 test_loss=0.9311 test_acc=0.6770
Round 179 | selected=[11, 28, 63, 57, 83, 70, 93, 50, 74, 18]
Round 179 | train_loss=0.9476 train_acc=0.6540 test_loss=0.9339 test_acc=0.6741
Round 180 | selected=[89, 53, 19, 81, 28, 93, 7, 55, 67, 60]
Round 180 | train_loss=0.8976 train_acc=0.6846 test_loss=0.9821 test_acc=0.6557
Round 181 | selected=[5, 63, 12, 76, 34, 9, 52, 8, 82, 58]
Round 181 | train_loss=0.9278 train_acc=0.6690 test_loss=0.9071 test_acc=0.6776
Round 182 | selected=[3, 5, 21, 29, 44, 62, 95, 17, 31, 93]
Round 182 | train_loss=0.9311 train_acc=0.6682 test_loss=0.8325 test_acc=0.7029
Round 183 | selected=[52, 37, 53, 35, 39, 96, 26, 24, 42, 95]
Round 183 | train_loss=0.9105 train_acc=0.6764 test_loss=0.8731 test_acc=0.6912
Round 184 | selected=[50, 43, 99, 20, 72, 45, 59, 40, 36, 74]
Round 184 | train_loss=0.9118 train_acc=0.6716 test_loss=0.9394 test_acc=0.6855
Round 185 | selected=[58, 98, 50, 82, 81, 7, 49, 1, 96, 48]
Round 185 | train_loss=0.9254 train_acc=0.6714 test_loss=0.8654 test_acc=0.6929
Round 186 | selected=[23, 84, 45, 76, 92, 10, 6, 68, 51, 20]
Round 186 | train_loss=0.9447 train_acc=0.6576 test_loss=0.8506 test_acc=0.6936
Round 187 | selected=[84, 33, 15, 79, 4, 21, 64, 14, 7, 98]
Round 187 | train_loss=0.9313 train_acc=0.6632 test_loss=0.8212 test_acc=0.7041
Round 188 | selected=[57, 47, 0, 85, 7, 54, 40, 66, 43, 36]
Round 188 | train_loss=0.9127 train_acc=0.6780 test_loss=0.8379 test_acc=0.7026
Round 189 | selected=[90, 91, 60, 37, 9, 1, 22, 15, 55, 33]
Round 189 | train_loss=0.8916 train_acc=0.6868 test_loss=0.8377 test_acc=0.6986
Round 190 | selected=[70, 54, 1, 87, 49, 59, 36, 20, 5, 12]
Round 190 | train_loss=0.8925 train_acc=0.6896 test_loss=0.8275 test_acc=0.7065
Round 191 | selected=[98, 7, 79, 0, 15, 13, 99, 32, 43, 12]
Round 191 | train_loss=0.8672 train_acc=0.6896 test_loss=0.8399 test_acc=0.7056
Round 192 | selected=[12, 16, 58, 74, 80, 63, 28, 89, 54, 75]
Round 192 | train_loss=0.9100 train_acc=0.6754 test_loss=0.8240 test_acc=0.7065
Round 193 | selected=[83, 59, 72, 27, 14, 61, 70, 2, 21, 54]
Round 193 | train_loss=0.8816 train_acc=0.6860 test_loss=0.8102 test_acc=0.7117
Round 194 | selected=[50, 69, 52, 76, 10, 15, 35, 94, 32, 82]
Round 194 | train_loss=0.8902 train_acc=0.6816 test_loss=0.8532 test_acc=0.7033
Round 195 | selected=[59, 18, 76, 83, 0, 69, 14, 55, 40, 5]
Round 195 | train_loss=0.8446 train_acc=0.6992 test_loss=0.8433 test_acc=0.6994
Round 196 | selected=[17, 14, 50, 2, 3, 56, 28, 88, 39, 54]
Round 196 | train_loss=0.8901 train_acc=0.6852 test_loss=0.8091 test_acc=0.7088
Round 197 | selected=[70, 97, 32, 90, 2, 35, 23, 94, 4, 68]
Round 197 | train_loss=0.8901 train_acc=0.6774 test_loss=0.8284 test_acc=0.7038
Round 198 | selected=[81, 80, 0, 17, 87, 25, 11, 69, 30, 16]
Round 198 | train_loss=0.8726 train_acc=0.6954 test_loss=0.8035 test_acc=0.7161
Round 199 | selected=[30, 98, 72, 60, 5, 21, 56, 64, 34, 24]
Round 199 | train_loss=0.8877 train_acc=0.6862 test_loss=0.8243 test_acc=0.7098
Round 200 | selected=[3, 57, 79, 20, 84, 21, 71, 76, 59, 60]
Round 200 | train_loss=0.8722 train_acc=0.6906 test_loss=0.8425 test_acc=0.7016
Round 201 | selected=[10, 61, 75, 47, 13, 46, 53, 52, 39, 34]
Round 201 | train_loss=0.8689 train_acc=0.6888 test_loss=0.8000 test_acc=0.7146
Round 202 | selected=[27, 2, 66, 63, 5, 97, 34, 51, 22, 60]
Round 202 | train_loss=0.8482 train_acc=0.6982 test_loss=0.8062 test_acc=0.7147
Round 203 | selected=[96, 74, 75, 25, 4, 98, 33, 70, 89, 95]
Round 203 | train_loss=0.8806 train_acc=0.6874 test_loss=0.8583 test_acc=0.7017
Round 204 | selected=[76, 40, 77, 14, 0, 34, 24, 91, 95, 56]
Round 204 | train_loss=0.8728 train_acc=0.6836 test_loss=0.7951 test_acc=0.7178
Round 205 | selected=[54, 74, 20, 71, 17, 27, 61, 83, 53, 23]
Round 205 | train_loss=0.8383 train_acc=0.6966 test_loss=0.8578 test_acc=0.6994
Round 206 | selected=[60, 74, 34, 53, 3, 35, 4, 6, 19, 91]
Round 206 | train_loss=0.8616 train_acc=0.6934 test_loss=0.8015 test_acc=0.7177
Round 207 | selected=[42, 89, 22, 55, 94, 2, 88, 98, 80, 45]
Round 207 | train_loss=0.8271 train_acc=0.7064 test_loss=0.8191 test_acc=0.7072
Round 208 | selected=[11, 26, 42, 33, 9, 17, 13, 97, 30, 22]
Round 208 | train_loss=0.8490 train_acc=0.6956 test_loss=0.8547 test_acc=0.6981
Round 209 | selected=[67, 23, 20, 18, 37, 58, 25, 52, 98, 3]
Round 209 | train_loss=0.8795 train_acc=0.6920 test_loss=0.8310 test_acc=0.7063
Round 210 | selected=[44, 6, 58, 57, 24, 32, 3, 67, 20, 91]
Round 210 | train_loss=0.8571 train_acc=0.6964 test_loss=0.7903 test_acc=0.7140
Round 211 | selected=[49, 76, 69, 70, 39, 8, 63, 71, 38, 9]
Round 211 | train_loss=0.8475 train_acc=0.6924 test_loss=0.8107 test_acc=0.7177
Round 212 | selected=[43, 48, 99, 93, 2, 67, 86, 18, 64, 39]
Round 212 | train_loss=0.8582 train_acc=0.6884 test_loss=0.7910 test_acc=0.7158
Round 213 | selected=[3, 49, 26, 15, 90, 25, 67, 99, 73, 63]
Round 213 | train_loss=0.8591 train_acc=0.7042 test_loss=0.7800 test_acc=0.7229
Round 214 | selected=[62, 22, 26, 67, 69, 96, 53, 77, 54, 49]
Round 214 | train_loss=0.8580 train_acc=0.6962 test_loss=0.8171 test_acc=0.7124
Round 215 | selected=[87, 42, 41, 25, 47, 93, 56, 68, 22, 72]
Round 215 | train_loss=0.8668 train_acc=0.6920 test_loss=0.8115 test_acc=0.7195
Round 216 | selected=[85, 35, 9, 62, 6, 75, 47, 18, 59, 58]
Round 216 | train_loss=0.8704 train_acc=0.6896 test_loss=0.7933 test_acc=0.7200
Round 217 | selected=[30, 15, 77, 93, 91, 98, 1, 60, 99, 17]
Round 217 | train_loss=0.8378 train_acc=0.7036 test_loss=0.7741 test_acc=0.7258
Round 218 | selected=[80, 51, 15, 25, 22, 23, 86, 49, 4, 72]
Round 218 | train_loss=0.8504 train_acc=0.6912 test_loss=0.8280 test_acc=0.7122
Round 219 | selected=[72, 30, 26, 62, 68, 27, 54, 56, 12, 38]
Round 219 | train_loss=0.8464 train_acc=0.7054 test_loss=0.7509 test_acc=0.7322
Round 220 | selected=[85, 12, 1, 74, 46, 92, 8, 49, 72, 64]
Round 220 | train_loss=0.8612 train_acc=0.6922 test_loss=0.7835 test_acc=0.7240
Round 221 | selected=[79, 21, 7, 2, 99, 34, 35, 80, 5, 69]
Round 221 | train_loss=0.8177 train_acc=0.7142 test_loss=0.7914 test_acc=0.7227
Round 222 | selected=[63, 55, 80, 93, 88, 51, 15, 68, 76, 32]
Round 222 | train_loss=0.8064 train_acc=0.7078 test_loss=0.7726 test_acc=0.7309
Round 223 | selected=[69, 22, 38, 44, 51, 57, 9, 99, 35, 79]
Round 223 | train_loss=0.8207 train_acc=0.7136 test_loss=0.7700 test_acc=0.7270
Round 224 | selected=[13, 54, 77, 75, 98, 81, 4, 65, 53, 45]
Round 224 | train_loss=0.8199 train_acc=0.7098 test_loss=0.7550 test_acc=0.7341
Round 225 | selected=[73, 41, 50, 83, 64, 54, 39, 7, 98, 34]
Round 225 | train_loss=0.8337 train_acc=0.6964 test_loss=0.7512 test_acc=0.7315
Round 226 | selected=[85, 45, 66, 87, 39, 60, 37, 50, 30, 54]
Round 226 | train_loss=0.8254 train_acc=0.7026 test_loss=0.7856 test_acc=0.7255
Round 227 | selected=[86, 1, 96, 4, 71, 99, 59, 44, 39, 76]
Round 227 | train_loss=0.8123 train_acc=0.7030 test_loss=0.7495 test_acc=0.7300
Round 228 | selected=[58, 29, 34, 31, 56, 3, 52, 7, 92, 14]
Round 228 | train_loss=0.8282 train_acc=0.7078 test_loss=0.7412 test_acc=0.7349
Round 229 | selected=[45, 47, 35, 42, 83, 5, 60, 21, 82, 38]
Round 229 | train_loss=0.8265 train_acc=0.7040 test_loss=0.7542 test_acc=0.7351
Round 230 | selected=[18, 79, 88, 65, 7, 83, 87, 35, 51, 98]
Round 230 | train_loss=0.8007 train_acc=0.7132 test_loss=0.7934 test_acc=0.7212
Round 231 | selected=[15, 9, 45, 35, 48, 97, 23, 62, 90, 68]
Round 231 | train_loss=0.8063 train_acc=0.7116 test_loss=0.7509 test_acc=0.7386
Round 232 | selected=[9, 68, 3, 33, 62, 35, 74, 1, 30, 7]
Round 232 | train_loss=0.7996 train_acc=0.7258 test_loss=0.7445 test_acc=0.7332
Round 233 | selected=[85, 32, 82, 39, 21, 72, 0, 84, 25, 49]
Round 233 | train_loss=0.8584 train_acc=0.6994 test_loss=0.7545 test_acc=0.7356
Round 234 | selected=[78, 42, 24, 38, 35, 51, 74, 75, 29, 57]
Round 234 | train_loss=0.8143 train_acc=0.7172 test_loss=0.7921 test_acc=0.7249
Round 235 | selected=[89, 4, 84, 66, 15, 45, 14, 0, 62, 2]
Round 235 | train_loss=0.8052 train_acc=0.7160 test_loss=0.8009 test_acc=0.7169
Round 236 | selected=[60, 31, 16, 81, 25, 90, 38, 21, 8, 91]
Round 236 | train_loss=0.8053 train_acc=0.7156 test_loss=0.8211 test_acc=0.7159
Round 237 | selected=[41, 21, 25, 56, 60, 82, 93, 70, 30, 33]
Round 237 | train_loss=0.8080 train_acc=0.7188 test_loss=0.7452 test_acc=0.7354
Round 238 | selected=[4, 38, 88, 89, 24, 33, 46, 45, 85, 77]
Round 238 | train_loss=0.7928 train_acc=0.7178 test_loss=0.7360 test_acc=0.7389
Round 239 | selected=[48, 79, 76, 5, 68, 95, 31, 1, 86, 73]
Round 239 | train_loss=0.7662 train_acc=0.7284 test_loss=0.7474 test_acc=0.7350
Round 240 | selected=[99, 49, 97, 65, 6, 71, 16, 5, 85, 47]
Round 240 | train_loss=0.7835 train_acc=0.7258 test_loss=0.7514 test_acc=0.7383
Round 241 | selected=[75, 20, 22, 64, 87, 25, 16, 76, 78, 81]
Round 241 | train_loss=0.7746 train_acc=0.7344 test_loss=0.7329 test_acc=0.7391
Round 242 | selected=[78, 1, 19, 37, 33, 75, 23, 60, 8, 87]
Round 242 | train_loss=0.7638 train_acc=0.7344 test_loss=0.8285 test_acc=0.7215
Round 243 | selected=[23, 85, 36, 35, 47, 84, 39, 58, 31, 95]
Round 243 | train_loss=0.7721 train_acc=0.7264 test_loss=0.7511 test_acc=0.7348
Round 244 | selected=[36, 23, 21, 44, 2, 22, 35, 76, 9, 49]
Round 244 | train_loss=0.7742 train_acc=0.7208 test_loss=0.7436 test_acc=0.7417
Round 245 | selected=[93, 47, 23, 83, 65, 53, 49, 50, 13, 95]
Round 245 | train_loss=0.7811 train_acc=0.7238 test_loss=0.7331 test_acc=0.7426
Round 246 | selected=[73, 6, 77, 95, 89, 32, 50, 52, 53, 64]
Round 246 | train_loss=0.7635 train_acc=0.7312 test_loss=0.7691 test_acc=0.7366
Round 247 | selected=[58, 36, 75, 66, 47, 62, 25, 83, 38, 1]
Round 247 | train_loss=0.7825 train_acc=0.7200 test_loss=0.7573 test_acc=0.7335
Round 248 | selected=[45, 57, 87, 53, 79, 10, 40, 56, 90, 18]
Round 248 | train_loss=0.7977 train_acc=0.7220 test_loss=0.7765 test_acc=0.7304
Round 249 | selected=[18, 63, 54, 32, 48, 42, 14, 7, 52, 76]
Round 249 | train_loss=0.7932 train_acc=0.7206 test_loss=0.7513 test_acc=0.7381
Round 250 | selected=[12, 64, 3, 91, 21, 52, 48, 9, 1, 22]
Round 250 | train_loss=0.7574 train_acc=0.7358 test_loss=0.7128 test_acc=0.7474
Round 251 | selected=[58, 8, 53, 54, 63, 25, 38, 57, 30, 90]
Round 251 | train_loss=0.7660 train_acc=0.7296 test_loss=0.7010 test_acc=0.7556
Round 252 | selected=[43, 4, 63, 55, 95, 5, 64, 86, 40, 30]
Round 252 | train_loss=0.7275 train_acc=0.7432 test_loss=0.7016 test_acc=0.7527
Round 253 | selected=[0, 41, 29, 19, 81, 58, 63, 64, 31, 3]
Round 253 | train_loss=0.7534 train_acc=0.7420 test_loss=0.7203 test_acc=0.7474
Round 254 | selected=[40, 42, 9, 48, 34, 46, 86, 71, 22, 60]
Round 254 | train_loss=0.7608 train_acc=0.7354 test_loss=0.7110 test_acc=0.7490
Round 255 | selected=[35, 12, 19, 99, 75, 6, 93, 91, 34, 71]
Round 255 | train_loss=0.7586 train_acc=0.7306 test_loss=0.7091 test_acc=0.7534
Round 256 | selected=[17, 92, 78, 49, 60, 45, 94, 76, 51, 20]
Round 256 | train_loss=0.7509 train_acc=0.7308 test_loss=0.6953 test_acc=0.7551
Round 257 | selected=[38, 11, 72, 73, 19, 23, 94, 75, 30, 55]
Round 257 | train_loss=0.7519 train_acc=0.7404 test_loss=0.7255 test_acc=0.7476
Round 258 | selected=[29, 25, 70, 18, 94, 67, 84, 66, 0, 77]
Round 258 | train_loss=0.7772 train_acc=0.7280 test_loss=0.7388 test_acc=0.7468
Round 259 | selected=[52, 19, 67, 94, 12, 57, 66, 99, 26, 41]
Round 259 | train_loss=0.7480 train_acc=0.7368 test_loss=0.7736 test_acc=0.7351
Round 260 | selected=[91, 35, 45, 56, 81, 83, 93, 60, 12, 65]
Round 260 | train_loss=0.7579 train_acc=0.7294 test_loss=0.7315 test_acc=0.7438
Round 261 | selected=[54, 18, 81, 50, 56, 43, 92, 32, 7, 15]
Round 261 | train_loss=0.7683 train_acc=0.7306 test_loss=0.7366 test_acc=0.7436
Round 262 | selected=[82, 21, 86, 12, 89, 14, 37, 38, 56, 7]
Round 262 | train_loss=0.7549 train_acc=0.7304 test_loss=0.6969 test_acc=0.7567
Round 263 | selected=[54, 91, 63, 39, 94, 16, 2, 52, 17, 21]
Round 263 | train_loss=0.7413 train_acc=0.7406 test_loss=0.7425 test_acc=0.7370
Round 264 | selected=[84, 47, 79, 39, 43, 25, 16, 85, 75, 5]
Round 264 | train_loss=0.7278 train_acc=0.7362 test_loss=0.7143 test_acc=0.7517
Round 265 | selected=[36, 72, 30, 68, 29, 7, 42, 10, 87, 23]
Round 265 | train_loss=0.7257 train_acc=0.7486 test_loss=0.7063 test_acc=0.7475
Round 266 | selected=[75, 76, 14, 48, 59, 28, 60, 23, 42, 66]
Round 266 | train_loss=0.7430 train_acc=0.7386 test_loss=0.7212 test_acc=0.7505
Round 267 | selected=[70, 10, 17, 3, 41, 11, 55, 38, 76, 44]
Round 267 | train_loss=0.7496 train_acc=0.7370 test_loss=0.7152 test_acc=0.7486
Round 268 | selected=[97, 49, 23, 34, 48, 59, 46, 96, 80, 70]
Round 268 | train_loss=0.7720 train_acc=0.7206 test_loss=0.7163 test_acc=0.7530
Round 269 | selected=[33, 79, 18, 68, 54, 87, 4, 56, 46, 44]
Round 269 | train_loss=0.7708 train_acc=0.7286 test_loss=0.7221 test_acc=0.7445
Round 270 | selected=[44, 51, 80, 99, 39, 66, 52, 68, 8, 89]
Round 270 | train_loss=0.7189 train_acc=0.7472 test_loss=0.7077 test_acc=0.7562
Round 271 | selected=[90, 77, 24, 13, 84, 11, 63, 2, 38, 65]
Round 271 | train_loss=0.7247 train_acc=0.7434 test_loss=0.6899 test_acc=0.7542
Round 272 | selected=[48, 83, 1, 59, 8, 65, 88, 31, 37, 61]
Round 272 | train_loss=0.7331 train_acc=0.7420 test_loss=0.7276 test_acc=0.7472
Round 273 | selected=[33, 47, 86, 28, 43, 88, 90, 46, 42, 97]
Round 273 | train_loss=0.7374 train_acc=0.7390 test_loss=0.6775 test_acc=0.7610
Round 274 | selected=[41, 46, 88, 66, 43, 23, 39, 62, 14, 13]
Round 274 | train_loss=0.7205 train_acc=0.7450 test_loss=0.6879 test_acc=0.7605
Round 275 | selected=[61, 49, 76, 43, 34, 75, 19, 77, 13, 96]
Round 275 | train_loss=0.7301 train_acc=0.7408 test_loss=0.6969 test_acc=0.7545
Round 276 | selected=[63, 14, 97, 54, 11, 13, 95, 53, 80, 50]
Round 276 | train_loss=0.7024 train_acc=0.7552 test_loss=0.6740 test_acc=0.7622
Round 277 | selected=[36, 0, 55, 23, 21, 84, 37, 43, 79, 51]
Round 277 | train_loss=0.6864 train_acc=0.7584 test_loss=0.7093 test_acc=0.7479
Round 278 | selected=[88, 16, 12, 33, 22, 77, 38, 87, 92, 24]
Round 278 | train_loss=0.7108 train_acc=0.7514 test_loss=0.7042 test_acc=0.7559
Round 279 | selected=[50, 1, 88, 64, 27, 11, 59, 91, 32, 78]
Round 279 | train_loss=0.7016 train_acc=0.7524 test_loss=0.7073 test_acc=0.7537
Round 280 | selected=[49, 54, 95, 5, 79, 4, 90, 22, 41, 46]
Round 280 | train_loss=0.7084 train_acc=0.7532 test_loss=0.6819 test_acc=0.7617
Round 281 | selected=[30, 44, 36, 49, 52, 58, 41, 65, 93, 75]
Round 281 | train_loss=0.7227 train_acc=0.7494 test_loss=0.6983 test_acc=0.7605
Round 282 | selected=[22, 85, 29, 18, 19, 7, 40, 70, 88, 83]
Round 282 | train_loss=0.7205 train_acc=0.7498 test_loss=0.6808 test_acc=0.7607
Round 283 | selected=[84, 8, 42, 58, 65, 97, 26, 74, 5, 95]
Round 283 | train_loss=0.7155 train_acc=0.7484 test_loss=0.6873 test_acc=0.7646
Round 284 | selected=[93, 42, 37, 78, 6, 35, 86, 70, 13, 83]
Round 284 | train_loss=0.7132 train_acc=0.7462 test_loss=0.6890 test_acc=0.7601
Round 285 | selected=[21, 98, 36, 86, 47, 90, 69, 48, 97, 75]
Round 285 | train_loss=0.6955 train_acc=0.7556 test_loss=0.7166 test_acc=0.7538
Round 286 | selected=[86, 3, 51, 72, 66, 17, 48, 56, 43, 9]
Round 286 | train_loss=0.7305 train_acc=0.7356 test_loss=0.6470 test_acc=0.7700
Round 287 | selected=[77, 47, 18, 84, 2, 34, 15, 0, 63, 91]
Round 287 | train_loss=0.7052 train_acc=0.7504 test_loss=0.7237 test_acc=0.7543
Round 288 | selected=[70, 7, 18, 56, 15, 51, 42, 0, 28, 2]
Round 288 | train_loss=0.6995 train_acc=0.7540 test_loss=0.6736 test_acc=0.7657
Round 289 | selected=[0, 20, 50, 48, 42, 15, 26, 64, 30, 46]
Round 289 | train_loss=0.7096 train_acc=0.7514 test_loss=0.7210 test_acc=0.7541
Round 290 | selected=[58, 43, 87, 13, 83, 56, 66, 78, 39, 25]
Round 290 | train_loss=0.6936 train_acc=0.7620 test_loss=0.6849 test_acc=0.7559
Round 291 | selected=[97, 98, 38, 37, 11, 1, 23, 71, 50, 66]
Round 291 | train_loss=0.6691 train_acc=0.7570 test_loss=0.7077 test_acc=0.7534
Round 292 | selected=[80, 50, 82, 7, 95, 75, 3, 56, 72, 66]
Round 292 | train_loss=0.7093 train_acc=0.7492 test_loss=0.7057 test_acc=0.7550
Round 293 | selected=[95, 7, 20, 34, 4, 62, 84, 91, 73, 98]
Round 293 | train_loss=0.7381 train_acc=0.7418 test_loss=0.6853 test_acc=0.7604
Round 294 | selected=[69, 12, 11, 48, 39, 90, 21, 53, 4, 94]
Round 294 | train_loss=0.6916 train_acc=0.7596 test_loss=0.6840 test_acc=0.7632
Round 295 | selected=[47, 84, 55, 14, 77, 50, 69, 29, 66, 24]
Round 295 | train_loss=0.6629 train_acc=0.7718 test_loss=0.6534 test_acc=0.7757
Round 296 | selected=[8, 64, 63, 88, 95, 47, 14, 98, 86, 76]
Round 296 | train_loss=0.6701 train_acc=0.7612 test_loss=0.7028 test_acc=0.7600
Round 297 | selected=[94, 42, 5, 52, 69, 16, 93, 50, 78, 44]
Round 297 | train_loss=0.6688 train_acc=0.7628 test_loss=0.6750 test_acc=0.7684
Round 298 | selected=[81, 3, 93, 73, 43, 91, 53, 21, 19, 18]
Round 298 | train_loss=0.6921 train_acc=0.7610 test_loss=0.6738 test_acc=0.7625
Round 299 | selected=[77, 32, 91, 48, 59, 29, 14, 22, 46, 65]
Round 299 | train_loss=0.7039 train_acc=0.7530 test_loss=0.6601 test_acc=0.7731
Round 300 | selected=[98, 5, 90, 73, 35, 13, 34, 82, 30, 0]
Round 300 | train_loss=0.6983 train_acc=0.7610 test_loss=0.6477 test_acc=0.7696
Round 301 | selected=[93, 98, 83, 65, 91, 13, 20, 60, 11, 62]
Round 301 | train_loss=0.6724 train_acc=0.7678 test_loss=0.6443 test_acc=0.7756
Round 302 | selected=[7, 78, 60, 95, 98, 21, 71, 79, 69, 11]
Round 302 | train_loss=0.6461 train_acc=0.7708 test_loss=0.6772 test_acc=0.7665
Round 303 | selected=[45, 38, 77, 21, 1, 9, 76, 47, 60, 80]
Round 303 | train_loss=0.6914 train_acc=0.7518 test_loss=0.6664 test_acc=0.7717
Round 304 | selected=[77, 70, 6, 89, 20, 42, 47, 75, 43, 96]
Round 304 | train_loss=0.6851 train_acc=0.7546 test_loss=0.6782 test_acc=0.7663
Round 305 | selected=[29, 35, 80, 62, 28, 94, 83, 69, 8, 25]
Round 305 | train_loss=0.6724 train_acc=0.7642 test_loss=0.6623 test_acc=0.7754
Round 306 | selected=[6, 44, 41, 43, 88, 85, 1, 39, 30, 47]
Round 306 | train_loss=0.6724 train_acc=0.7580 test_loss=0.6727 test_acc=0.7696
Round 307 | selected=[48, 39, 6, 83, 14, 84, 3, 44, 70, 58]
Round 307 | train_loss=0.6852 train_acc=0.7602 test_loss=0.6650 test_acc=0.7696
Round 308 | selected=[7, 71, 22, 27, 64, 42, 1, 44, 81, 9]
Round 308 | train_loss=0.6430 train_acc=0.7796 test_loss=0.6482 test_acc=0.7726
Round 309 | selected=[57, 74, 5, 3, 97, 71, 43, 63, 23, 96]
Round 309 | train_loss=0.6787 train_acc=0.7592 test_loss=0.6629 test_acc=0.7746
Round 310 | selected=[2, 62, 79, 16, 44, 42, 12, 78, 58, 99]
Round 310 | train_loss=0.6743 train_acc=0.7670 test_loss=0.6697 test_acc=0.7634
Round 311 | selected=[22, 46, 57, 81, 15, 51, 30, 88, 17, 56]
Round 311 | train_loss=0.6765 train_acc=0.7576 test_loss=0.6744 test_acc=0.7658
Round 312 | selected=[70, 46, 11, 62, 56, 73, 13, 40, 59, 94]
Round 312 | train_loss=0.6849 train_acc=0.7642 test_loss=0.6763 test_acc=0.7672
Round 313 | selected=[71, 90, 56, 25, 50, 73, 43, 51, 61, 11]
Round 313 | train_loss=0.6676 train_acc=0.7612 test_loss=0.6472 test_acc=0.7772
Round 314 | selected=[50, 13, 46, 30, 6, 91, 38, 18, 36, 9]
Round 314 | train_loss=0.6744 train_acc=0.7652 test_loss=0.6388 test_acc=0.7777
Round 315 | selected=[61, 51, 54, 99, 69, 58, 31, 20, 70, 83]
Round 315 | train_loss=0.6686 train_acc=0.7678 test_loss=0.7112 test_acc=0.7560
Round 316 | selected=[84, 88, 34, 18, 13, 68, 23, 92, 73, 31]
Round 316 | train_loss=0.6711 train_acc=0.7626 test_loss=0.6824 test_acc=0.7637
Round 317 | selected=[36, 71, 44, 74, 31, 14, 88, 17, 10, 78]
Round 317 | train_loss=0.6633 train_acc=0.7698 test_loss=0.6950 test_acc=0.7635
Round 318 | selected=[34, 66, 9, 76, 94, 59, 87, 80, 33, 26]
Round 318 | train_loss=0.6798 train_acc=0.7652 test_loss=0.6892 test_acc=0.7661
Round 319 | selected=[93, 46, 87, 25, 14, 83, 65, 10, 49, 98]
Round 319 | train_loss=0.6624 train_acc=0.7702 test_loss=0.6405 test_acc=0.7812
Round 320 | selected=[90, 75, 10, 24, 15, 53, 49, 58, 28, 1]
Round 320 | train_loss=0.6545 train_acc=0.7682 test_loss=0.6643 test_acc=0.7717
Round 321 | selected=[94, 27, 28, 3, 16, 2, 17, 68, 96, 24]
Round 321 | train_loss=0.6574 train_acc=0.7682 test_loss=0.6964 test_acc=0.7618
Round 322 | selected=[5, 23, 97, 7, 65, 63, 33, 53, 70, 42]
Round 322 | train_loss=0.6361 train_acc=0.7776 test_loss=0.6629 test_acc=0.7756
Round 323 | selected=[24, 87, 54, 18, 30, 2, 34, 59, 72, 12]
Round 323 | train_loss=0.6695 train_acc=0.7640 test_loss=0.6540 test_acc=0.7675
Round 324 | selected=[31, 20, 15, 95, 51, 24, 11, 97, 45, 59]
Round 324 | train_loss=0.6538 train_acc=0.7678 test_loss=0.6438 test_acc=0.7822
Round 325 | selected=[30, 93, 94, 31, 97, 81, 99, 48, 32, 45]
Round 325 | train_loss=0.6422 train_acc=0.7766 test_loss=0.6392 test_acc=0.7787
Round 326 | selected=[35, 31, 2, 85, 33, 78, 96, 70, 71, 37]
Round 326 | train_loss=0.6666 train_acc=0.7636 test_loss=0.6309 test_acc=0.7809
Round 327 | selected=[20, 75, 16, 83, 4, 67, 1, 55, 88, 7]
Round 327 | train_loss=0.6459 train_acc=0.7754 test_loss=0.6274 test_acc=0.7820
Round 328 | selected=[46, 9, 25, 1, 74, 8, 56, 59, 0, 10]
Round 328 | train_loss=0.6710 train_acc=0.7678 test_loss=0.6564 test_acc=0.7725
Round 329 | selected=[86, 51, 65, 17, 85, 95, 88, 22, 12, 23]
Round 329 | train_loss=0.6454 train_acc=0.7710 test_loss=0.6375 test_acc=0.7760
Round 330 | selected=[51, 24, 81, 80, 1, 74, 26, 54, 57, 18]
Round 330 | train_loss=0.6586 train_acc=0.7720 test_loss=0.6776 test_acc=0.7697
Round 331 | selected=[69, 75, 92, 82, 73, 80, 14, 50, 10, 2]
Round 331 | train_loss=0.6397 train_acc=0.7692 test_loss=0.7215 test_acc=0.7578
Round 332 | selected=[1, 8, 83, 97, 66, 92, 69, 78, 81, 6]
Round 332 | train_loss=0.6076 train_acc=0.7798 test_loss=0.6675 test_acc=0.7732
Round 333 | selected=[85, 94, 51, 2, 33, 89, 49, 32, 52, 78]
Round 333 | train_loss=0.6531 train_acc=0.7716 test_loss=0.6658 test_acc=0.7741
Round 334 | selected=[58, 0, 47, 95, 28, 94, 11, 18, 39, 62]
Round 334 | train_loss=0.6714 train_acc=0.7638 test_loss=0.6451 test_acc=0.7747
Round 335 | selected=[86, 16, 7, 19, 29, 76, 57, 18, 83, 41]
Round 335 | train_loss=0.6375 train_acc=0.7784 test_loss=0.6382 test_acc=0.7813
Round 336 | selected=[14, 87, 91, 38, 51, 6, 64, 0, 53, 58]
Round 336 | train_loss=0.6378 train_acc=0.7740 test_loss=0.6441 test_acc=0.7801
Round 337 | selected=[51, 34, 43, 66, 0, 99, 73, 74, 38, 83]
Round 337 | train_loss=0.6445 train_acc=0.7734 test_loss=0.6762 test_acc=0.7705
Round 338 | selected=[66, 53, 20, 91, 36, 59, 9, 55, 28, 64]
Round 338 | train_loss=0.6376 train_acc=0.7762 test_loss=0.7029 test_acc=0.7644
Round 339 | selected=[56, 55, 24, 48, 87, 20, 51, 18, 41, 69]
Round 339 | train_loss=0.6195 train_acc=0.7826 test_loss=0.6309 test_acc=0.7835
Round 340 | selected=[1, 68, 80, 17, 28, 69, 88, 54, 90, 15]
Round 340 | train_loss=0.6501 train_acc=0.7692 test_loss=0.7241 test_acc=0.7602
Round 341 | selected=[74, 46, 14, 39, 38, 56, 18, 44, 0, 6]
Round 341 | train_loss=0.6558 train_acc=0.7716 test_loss=0.6915 test_acc=0.7587
Round 342 | selected=[19, 36, 85, 47, 32, 99, 65, 93, 72, 2]
Round 342 | train_loss=0.6431 train_acc=0.7774 test_loss=0.6422 test_acc=0.7764
Round 343 | selected=[87, 83, 91, 90, 70, 55, 89, 32, 23, 7]
Round 343 | train_loss=0.6499 train_acc=0.7734 test_loss=0.6158 test_acc=0.7897
Round 344 | selected=[15, 4, 80, 16, 22, 91, 81, 36, 32, 24]
Round 344 | train_loss=0.6133 train_acc=0.7876 test_loss=0.6484 test_acc=0.7790
Round 345 | selected=[17, 24, 36, 58, 84, 10, 83, 18, 52, 28]
Round 345 | train_loss=0.6229 train_acc=0.7840 test_loss=0.6180 test_acc=0.7873
Round 346 | selected=[31, 54, 17, 29, 4, 44, 63, 93, 71, 23]
Round 346 | train_loss=0.6134 train_acc=0.7820 test_loss=0.6351 test_acc=0.7870
Round 347 | selected=[11, 34, 27, 94, 55, 87, 60, 10, 32, 52]
Round 347 | train_loss=0.6164 train_acc=0.7910 test_loss=0.6281 test_acc=0.7834
Round 348 | selected=[86, 4, 26, 69, 33, 40, 53, 44, 28, 99]
Round 348 | train_loss=0.6416 train_acc=0.7762 test_loss=0.6813 test_acc=0.7700
Round 349 | selected=[52, 50, 2, 0, 46, 44, 77, 16, 25, 13]
Round 349 | train_loss=0.6161 train_acc=0.7816 test_loss=0.6279 test_acc=0.7831
Round 350 | selected=[47, 66, 30, 70, 15, 85, 96, 13, 34, 77]
Round 350 | train_loss=0.6127 train_acc=0.7842 test_loss=0.6245 test_acc=0.7886
Round 351 | selected=[1, 51, 81, 97, 23, 27, 29, 30, 71, 77]
Round 351 | train_loss=0.5843 train_acc=0.7886 test_loss=0.6358 test_acc=0.7831
Round 352 | selected=[52, 8, 3, 68, 77, 94, 46, 49, 81, 7]
Round 352 | train_loss=0.6077 train_acc=0.7866 test_loss=0.5918 test_acc=0.7926
Round 353 | selected=[29, 33, 15, 72, 68, 75, 27, 28, 55, 45]
Round 353 | train_loss=0.6261 train_acc=0.7804 test_loss=0.5933 test_acc=0.7946
Round 354 | selected=[75, 27, 15, 70, 7, 9, 52, 11, 49, 81]
Round 354 | train_loss=0.6164 train_acc=0.7850 test_loss=0.6341 test_acc=0.7827
Round 355 | selected=[64, 16, 99, 76, 15, 79, 65, 20, 12, 0]
Round 355 | train_loss=0.6089 train_acc=0.7856 test_loss=0.6197 test_acc=0.7884
Round 356 | selected=[57, 94, 82, 91, 58, 77, 78, 99, 51, 88]
Round 356 | train_loss=0.6282 train_acc=0.7800 test_loss=0.6394 test_acc=0.7832
Round 357 | selected=[38, 77, 39, 31, 11, 3, 90, 84, 17, 0]
Round 357 | train_loss=0.6501 train_acc=0.7690 test_loss=0.5980 test_acc=0.7932
Round 358 | selected=[69, 91, 75, 26, 17, 85, 80, 61, 14, 34]
Round 358 | train_loss=0.6271 train_acc=0.7818 test_loss=0.6215 test_acc=0.7879
Round 359 | selected=[4, 34, 85, 38, 25, 73, 44, 65, 22, 74]
Round 359 | train_loss=0.6273 train_acc=0.7784 test_loss=0.6336 test_acc=0.7779
Round 360 | selected=[10, 25, 2, 27, 38, 45, 18, 57, 86, 36]
Round 360 | train_loss=0.6032 train_acc=0.7880 test_loss=0.6145 test_acc=0.7933
Round 361 | selected=[1, 99, 97, 39, 12, 41, 11, 21, 83, 86]
Round 361 | train_loss=0.5975 train_acc=0.7908 test_loss=0.6098 test_acc=0.7897
Round 362 | selected=[17, 15, 30, 13, 9, 85, 71, 49, 55, 78]
Round 362 | train_loss=0.6003 train_acc=0.7876 test_loss=0.5803 test_acc=0.7965
Round 363 | selected=[57, 62, 16, 78, 39, 7, 2, 76, 67, 4]
Round 363 | train_loss=0.6009 train_acc=0.7892 test_loss=0.6079 test_acc=0.7940
Round 364 | selected=[13, 43, 3, 50, 4, 27, 60, 32, 46, 90]
Round 364 | train_loss=0.6023 train_acc=0.7920 test_loss=0.5848 test_acc=0.7997
Round 365 | selected=[13, 65, 18, 9, 45, 98, 91, 44, 51, 64]
Round 365 | train_loss=0.6150 train_acc=0.7804 test_loss=0.5920 test_acc=0.7967
Round 366 | selected=[14, 81, 21, 69, 26, 62, 25, 29, 68, 63]
Round 366 | train_loss=0.6019 train_acc=0.7822 test_loss=0.6384 test_acc=0.7822
Round 367 | selected=[46, 11, 67, 44, 17, 79, 84, 31, 66, 12]
Round 367 | train_loss=0.5989 train_acc=0.7870 test_loss=0.5862 test_acc=0.7949
Round 368 | selected=[58, 72, 78, 24, 88, 77, 64, 65, 14, 15]
Round 368 | train_loss=0.5895 train_acc=0.7908 test_loss=0.6262 test_acc=0.7890
Round 369 | selected=[78, 9, 91, 30, 79, 84, 5, 48, 92, 98]
Round 369 | train_loss=0.6009 train_acc=0.7866 test_loss=0.5937 test_acc=0.7974
Round 370 | selected=[85, 50, 25, 24, 46, 6, 55, 96, 15, 62]
Round 370 | train_loss=0.5919 train_acc=0.7964 test_loss=0.6011 test_acc=0.7921
Round 371 | selected=[94, 65, 79, 96, 85, 9, 91, 21, 2, 53]
Round 371 | train_loss=0.5738 train_acc=0.7938 test_loss=0.6461 test_acc=0.7793
Round 372 | selected=[18, 65, 68, 16, 6, 53, 75, 24, 60, 54]
Round 372 | train_loss=0.5901 train_acc=0.7986 test_loss=0.5974 test_acc=0.7954
Round 373 | selected=[90, 32, 77, 89, 85, 19, 12, 10, 75, 13]
Round 373 | train_loss=0.5950 train_acc=0.7952 test_loss=0.5746 test_acc=0.8007
Round 374 | selected=[20, 17, 76, 10, 44, 48, 46, 38, 96, 19]
Round 374 | train_loss=0.5774 train_acc=0.7966 test_loss=0.5734 test_acc=0.8015
Round 375 | selected=[56, 84, 70, 49, 74, 90, 80, 54, 23, 68]
Round 375 | train_loss=0.6484 train_acc=0.7718 test_loss=0.6091 test_acc=0.7916
Round 376 | selected=[52, 72, 19, 82, 65, 68, 64, 84, 58, 35]
Round 376 | train_loss=0.6041 train_acc=0.7856 test_loss=0.5913 test_acc=0.7974
Round 377 | selected=[33, 82, 67, 92, 4, 30, 68, 37, 96, 17]
Round 377 | train_loss=0.6077 train_acc=0.7988 test_loss=0.6158 test_acc=0.7873
Round 378 | selected=[47, 77, 30, 84, 76, 63, 19, 73, 26, 9]
Round 378 | train_loss=0.5909 train_acc=0.7946 test_loss=0.6044 test_acc=0.7904
Round 379 | selected=[70, 92, 88, 99, 94, 81, 98, 74, 93, 79]
Round 379 | train_loss=0.6000 train_acc=0.7800 test_loss=0.6210 test_acc=0.7888
Round 380 | selected=[79, 54, 74, 28, 53, 10, 75, 34, 73, 20]
Round 380 | train_loss=0.5973 train_acc=0.7934 test_loss=0.5704 test_acc=0.8066
Round 381 | selected=[42, 70, 62, 81, 8, 68, 48, 82, 72, 92]
Round 381 | train_loss=0.6220 train_acc=0.7818 test_loss=0.5797 test_acc=0.8047
Round 382 | selected=[79, 43, 59, 46, 18, 36, 78, 17, 64, 57]
Round 382 | train_loss=0.5911 train_acc=0.7882 test_loss=0.6107 test_acc=0.7944
Round 383 | selected=[74, 11, 68, 5, 22, 79, 83, 29, 63, 86]
Round 383 | train_loss=0.5733 train_acc=0.7968 test_loss=0.6001 test_acc=0.7957
Round 384 | selected=[55, 96, 75, 41, 14, 21, 46, 22, 56, 37]
Round 384 | train_loss=0.6102 train_acc=0.7858 test_loss=0.6761 test_acc=0.7749
Round 385 | selected=[92, 37, 51, 74, 52, 26, 47, 86, 63, 27]
Round 385 | train_loss=0.6086 train_acc=0.7858 test_loss=0.5907 test_acc=0.7990
Round 386 | selected=[0, 1, 58, 23, 40, 67, 66, 90, 19, 38]
Round 386 | train_loss=0.5953 train_acc=0.7908 test_loss=0.5783 test_acc=0.7987
Round 387 | selected=[31, 70, 62, 64, 12, 27, 83, 63, 55, 49]
Round 387 | train_loss=0.5921 train_acc=0.7956 test_loss=0.6225 test_acc=0.7898
Round 388 | selected=[57, 91, 58, 26, 67, 77, 15, 54, 0, 16]
Round 388 | train_loss=0.6009 train_acc=0.7896 test_loss=0.6223 test_acc=0.7909
Round 389 | selected=[44, 48, 57, 98, 76, 71, 59, 7, 65, 34]
Round 389 | train_loss=0.5779 train_acc=0.7946 test_loss=0.5651 test_acc=0.8037
Round 390 | selected=[61, 12, 42, 88, 53, 17, 58, 77, 34, 26]
Round 390 | train_loss=0.5815 train_acc=0.8006 test_loss=0.5927 test_acc=0.7951
Round 391 | selected=[95, 86, 87, 42, 13, 90, 66, 19, 88, 58]
Round 391 | train_loss=0.5723 train_acc=0.8016 test_loss=0.5899 test_acc=0.8001
Round 392 | selected=[55, 70, 22, 8, 25, 47, 98, 27, 13, 12]
Round 392 | train_loss=0.5587 train_acc=0.8012 test_loss=0.5946 test_acc=0.7976
Round 393 | selected=[75, 84, 48, 0, 19, 57, 16, 78, 27, 45]
Round 393 | train_loss=0.5751 train_acc=0.8016 test_loss=0.5923 test_acc=0.7996
Round 394 | selected=[96, 40, 71, 3, 41, 80, 0, 10, 32, 67]
Round 394 | train_loss=0.5656 train_acc=0.8096 test_loss=0.5658 test_acc=0.8064
Round 395 | selected=[58, 21, 17, 54, 89, 96, 64, 92, 35, 7]
Round 395 | train_loss=0.5946 train_acc=0.7874 test_loss=0.6193 test_acc=0.7892
Round 396 | selected=[84, 94, 4, 38, 69, 85, 81, 35, 52, 83]
Round 396 | train_loss=0.5551 train_acc=0.7998 test_loss=0.6758 test_acc=0.7787
Round 397 | selected=[39, 74, 40, 55, 56, 54, 45, 41, 3, 24]
Round 397 | train_loss=0.5885 train_acc=0.7948 test_loss=0.6122 test_acc=0.7918
Round 398 | selected=[38, 67, 5, 11, 0, 16, 49, 90, 15, 92]
Round 398 | train_loss=0.5833 train_acc=0.7978 test_loss=0.6071 test_acc=0.7939
Round 399 | selected=[74, 62, 26, 49, 15, 11, 8, 10, 0, 20]
Round 399 | train_loss=0.5694 train_acc=0.7976 test_loss=0.5711 test_acc=0.8035
Round 400 | selected=[88, 55, 91, 92, 74, 87, 67, 97, 44, 93]
Round 400 | train_loss=0.5657 train_acc=0.8052 test_loss=0.6395 test_acc=0.7840
Round 401 | selected=[66, 51, 90, 69, 8, 32, 9, 93, 34, 94]
Round 401 | train_loss=0.5713 train_acc=0.7988 test_loss=0.6108 test_acc=0.7943
Round 402 | selected=[49, 90, 97, 22, 25, 50, 16, 15, 12, 84]
Round 402 | train_loss=0.5438 train_acc=0.8082 test_loss=0.5513 test_acc=0.8109
Round 403 | selected=[42, 62, 15, 77, 83, 48, 2, 79, 27, 8]
Round 403 | train_loss=0.5541 train_acc=0.8042 test_loss=0.5711 test_acc=0.8039
Round 404 | selected=[12, 15, 32, 7, 89, 13, 4, 98, 11, 86]
Round 404 | train_loss=0.5477 train_acc=0.8122 test_loss=0.5630 test_acc=0.8065
Round 405 | selected=[1, 53, 89, 50, 20, 57, 68, 23, 96, 41]
Round 405 | train_loss=0.5711 train_acc=0.7994 test_loss=0.5682 test_acc=0.8063
Round 406 | selected=[82, 95, 18, 19, 28, 94, 92, 62, 17, 64]
Round 406 | train_loss=0.5755 train_acc=0.8054 test_loss=0.5988 test_acc=0.7975
Round 407 | selected=[86, 97, 47, 42, 70, 15, 68, 12, 13, 48]
Round 407 | train_loss=0.5433 train_acc=0.8046 test_loss=0.6115 test_acc=0.7947
Round 408 | selected=[24, 81, 82, 48, 35, 79, 50, 52, 14, 85]
Round 408 | train_loss=0.5565 train_acc=0.8094 test_loss=0.6088 test_acc=0.7998
Round 409 | selected=[35, 22, 45, 20, 42, 67, 59, 66, 9, 63]
Round 409 | train_loss=0.5794 train_acc=0.7976 test_loss=0.6166 test_acc=0.7907
Round 410 | selected=[10, 57, 36, 6, 81, 2, 23, 35, 11, 76]
Round 410 | train_loss=0.5384 train_acc=0.8124 test_loss=0.5487 test_acc=0.8122
Round 411 | selected=[96, 86, 30, 58, 71, 23, 48, 7, 79, 57]
Round 411 | train_loss=0.5373 train_acc=0.8158 test_loss=0.5758 test_acc=0.8025
Round 412 | selected=[11, 25, 20, 27, 49, 63, 72, 71, 93, 95]
Round 412 | train_loss=0.5438 train_acc=0.8060 test_loss=0.6047 test_acc=0.7988
Round 413 | selected=[5, 58, 1, 82, 39, 70, 18, 11, 34, 62]
Round 413 | train_loss=0.5843 train_acc=0.7940 test_loss=0.5815 test_acc=0.8020
Round 414 | selected=[34, 35, 56, 7, 24, 67, 88, 71, 50, 16]
Round 414 | train_loss=0.5495 train_acc=0.8050 test_loss=0.5531 test_acc=0.8091
Round 415 | selected=[76, 69, 59, 0, 81, 64, 56, 60, 63, 9]
Round 415 | train_loss=0.5409 train_acc=0.8108 test_loss=0.5796 test_acc=0.8064
Round 416 | selected=[73, 98, 44, 24, 95, 70, 71, 96, 76, 36]
Round 416 | train_loss=0.5348 train_acc=0.8166 test_loss=0.5708 test_acc=0.8070
Round 417 | selected=[7, 38, 36, 75, 81, 49, 31, 1, 35, 90]
Round 417 | train_loss=0.5436 train_acc=0.8112 test_loss=0.5718 test_acc=0.8088
Round 418 | selected=[9, 74, 43, 21, 88, 5, 91, 46, 42, 58]
Round 418 | train_loss=0.5625 train_acc=0.8038 test_loss=0.5897 test_acc=0.8034
Round 419 | selected=[6, 43, 11, 12, 41, 47, 21, 48, 99, 18]
Round 419 | train_loss=0.5514 train_acc=0.8014 test_loss=0.5529 test_acc=0.8083
Round 420 | selected=[13, 35, 81, 31, 3, 10, 15, 80, 17, 87]
Round 420 | train_loss=0.5183 train_acc=0.8142 test_loss=0.5545 test_acc=0.8159
Round 421 | selected=[83, 29, 35, 82, 98, 97, 76, 77, 40, 17]
Round 421 | train_loss=0.5453 train_acc=0.8112 test_loss=0.5430 test_acc=0.8163
Round 422 | selected=[37, 34, 75, 16, 12, 98, 64, 92, 56, 11]
Round 422 | train_loss=0.5220 train_acc=0.8186 test_loss=0.5540 test_acc=0.8086
Round 423 | selected=[44, 73, 32, 27, 20, 19, 82, 63, 65, 95]
Round 423 | train_loss=0.5483 train_acc=0.8028 test_loss=0.5635 test_acc=0.8078
Round 424 | selected=[11, 55, 33, 62, 83, 32, 17, 38, 61, 86]
Round 424 | train_loss=0.5329 train_acc=0.8148 test_loss=0.5904 test_acc=0.7980
Round 425 | selected=[87, 66, 31, 76, 22, 36, 17, 7, 64, 99]
Round 425 | train_loss=0.5288 train_acc=0.8126 test_loss=0.5750 test_acc=0.8043
Round 426 | selected=[45, 31, 73, 94, 28, 49, 71, 34, 97, 26]
Round 426 | train_loss=0.5630 train_acc=0.8018 test_loss=0.5715 test_acc=0.8050
Round 427 | selected=[85, 17, 20, 49, 35, 76, 65, 93, 7, 2]
Round 427 | train_loss=0.5331 train_acc=0.8124 test_loss=0.5620 test_acc=0.8105
Round 428 | selected=[61, 79, 58, 26, 51, 16, 8, 35, 64, 19]
Round 428 | train_loss=0.5327 train_acc=0.8170 test_loss=0.5478 test_acc=0.8133
Round 429 | selected=[73, 72, 9, 1, 51, 67, 24, 95, 44, 85]
Round 429 | train_loss=0.5528 train_acc=0.8072 test_loss=0.5781 test_acc=0.8084
Round 430 | selected=[16, 18, 39, 7, 53, 56, 13, 67, 49, 59]
Round 430 | train_loss=0.5240 train_acc=0.8178 test_loss=0.5329 test_acc=0.8135
Round 431 | selected=[37, 85, 62, 7, 73, 53, 39, 74, 71, 93]
Round 431 | train_loss=0.5198 train_acc=0.8226 test_loss=0.5905 test_acc=0.8016
Round 432 | selected=[39, 1, 15, 46, 49, 94, 24, 51, 19, 10]
Round 432 | train_loss=0.5073 train_acc=0.8192 test_loss=0.5685 test_acc=0.8090
Round 433 | selected=[25, 97, 77, 80, 82, 90, 88, 37, 78, 27]
Round 433 | train_loss=0.5725 train_acc=0.7970 test_loss=0.5736 test_acc=0.8094
Round 434 | selected=[66, 76, 47, 42, 46, 25, 96, 19, 61, 72]
Round 434 | train_loss=0.5485 train_acc=0.8028 test_loss=0.5676 test_acc=0.8045
Round 435 | selected=[19, 28, 0, 96, 71, 1, 99, 2, 43, 81]
Round 435 | train_loss=0.5194 train_acc=0.8122 test_loss=0.5876 test_acc=0.7999
Round 436 | selected=[1, 16, 9, 90, 68, 94, 12, 19, 40, 54]
Round 436 | train_loss=0.5328 train_acc=0.8120 test_loss=0.5401 test_acc=0.8192
Round 437 | selected=[27, 89, 97, 86, 12, 15, 55, 50, 99, 47]
Round 437 | train_loss=0.5306 train_acc=0.8056 test_loss=0.5752 test_acc=0.8098
Round 438 | selected=[46, 52, 88, 24, 5, 90, 42, 4, 83, 1]
Round 438 | train_loss=0.5405 train_acc=0.8194 test_loss=0.5658 test_acc=0.8111
Round 439 | selected=[58, 51, 54, 15, 96, 67, 11, 13, 25, 18]
Round 439 | train_loss=0.5182 train_acc=0.8264 test_loss=0.5373 test_acc=0.8165
Round 440 | selected=[88, 98, 4, 34, 96, 41, 86, 5, 62, 59]
Round 440 | train_loss=0.5175 train_acc=0.8204 test_loss=0.5425 test_acc=0.8161
Round 441 | selected=[18, 68, 15, 26, 47, 53, 74, 38, 51, 28]
Round 441 | train_loss=0.5251 train_acc=0.8176 test_loss=0.5660 test_acc=0.8101
Round 442 | selected=[40, 97, 21, 85, 11, 3, 28, 18, 0, 49]
Round 442 | train_loss=0.5155 train_acc=0.8188 test_loss=0.6005 test_acc=0.7985
Round 443 | selected=[17, 83, 28, 54, 19, 24, 23, 97, 38, 11]
Round 443 | train_loss=0.5220 train_acc=0.8174 test_loss=0.5778 test_acc=0.8066
Round 444 | selected=[33, 29, 52, 30, 69, 81, 97, 16, 28, 3]
Round 444 | train_loss=0.5199 train_acc=0.8188 test_loss=0.5496 test_acc=0.8150
Round 445 | selected=[62, 16, 94, 91, 52, 44, 71, 34, 99, 1]
Round 445 | train_loss=0.5283 train_acc=0.8186 test_loss=0.5539 test_acc=0.8122
Round 446 | selected=[27, 46, 45, 22, 41, 44, 74, 73, 47, 64]
Round 446 | train_loss=0.5187 train_acc=0.8160 test_loss=0.5409 test_acc=0.8194
Round 447 | selected=[18, 86, 55, 76, 4, 87, 77, 78, 79, 22]
Round 447 | train_loss=0.5279 train_acc=0.8112 test_loss=0.5219 test_acc=0.8232
Round 448 | selected=[8, 22, 75, 24, 5, 58, 92, 66, 73, 43]
Round 448 | train_loss=0.5243 train_acc=0.8138 test_loss=0.5353 test_acc=0.8180
Round 449 | selected=[5, 84, 33, 77, 20, 73, 98, 31, 97, 51]
Round 449 | train_loss=0.5109 train_acc=0.8164 test_loss=0.5684 test_acc=0.8113
Round 450 | selected=[14, 51, 76, 93, 32, 85, 42, 5, 90, 0]
Round 450 | train_loss=0.5003 train_acc=0.8208 test_loss=0.5452 test_acc=0.8176
Round 451 | selected=[50, 40, 28, 24, 48, 3, 47, 94, 44, 73]
Round 451 | train_loss=0.5066 train_acc=0.8224 test_loss=0.5514 test_acc=0.8149
Round 452 | selected=[36, 8, 29, 72, 33, 65, 60, 56, 74, 71]
Round 452 | train_loss=0.5311 train_acc=0.8198 test_loss=0.5470 test_acc=0.8126
Round 453 | selected=[72, 81, 0, 91, 33, 73, 79, 59, 48, 40]
Round 453 | train_loss=0.5180 train_acc=0.8152 test_loss=0.5684 test_acc=0.8094
Round 454 | selected=[26, 91, 25, 8, 81, 52, 64, 98, 36, 58]
Round 454 | train_loss=0.5009 train_acc=0.8244 test_loss=0.5414 test_acc=0.8175
Round 455 | selected=[95, 3, 16, 65, 29, 48, 82, 50, 10, 96]
Round 455 | train_loss=0.5084 train_acc=0.8150 test_loss=0.5506 test_acc=0.8152
Round 456 | selected=[20, 94, 16, 70, 43, 10, 30, 92, 72, 0]
Round 456 | train_loss=0.5125 train_acc=0.8230 test_loss=0.5274 test_acc=0.8226
Round 457 | selected=[77, 55, 53, 85, 54, 71, 29, 76, 10, 93]
Round 457 | train_loss=0.4880 train_acc=0.8294 test_loss=0.6116 test_acc=0.8010
Round 458 | selected=[13, 50, 84, 46, 35, 0, 53, 39, 44, 48]
Round 458 | train_loss=0.5030 train_acc=0.8196 test_loss=0.5245 test_acc=0.8240
Round 459 | selected=[74, 78, 56, 7, 20, 75, 26, 1, 86, 43]
Round 459 | train_loss=0.5308 train_acc=0.8122 test_loss=0.5564 test_acc=0.8152
Round 460 | selected=[39, 30, 75, 40, 76, 85, 17, 94, 67, 4]
Round 460 | train_loss=0.5145 train_acc=0.8256 test_loss=0.5677 test_acc=0.8113
Round 461 | selected=[18, 24, 5, 36, 94, 57, 92, 35, 6, 17]
Round 461 | train_loss=0.5040 train_acc=0.8218 test_loss=0.5412 test_acc=0.8198
Round 462 | selected=[72, 81, 35, 77, 92, 20, 27, 41, 59, 12]
Round 462 | train_loss=0.5087 train_acc=0.8240 test_loss=0.5277 test_acc=0.8236
Round 463 | selected=[6, 56, 93, 82, 69, 40, 70, 30, 4, 75]
Round 463 | train_loss=0.5466 train_acc=0.8124 test_loss=0.5779 test_acc=0.8072
Round 464 | selected=[66, 73, 37, 39, 8, 77, 68, 79, 18, 83]
Round 464 | train_loss=0.5151 train_acc=0.8224 test_loss=0.5637 test_acc=0.8116
Round 465 | selected=[82, 78, 52, 17, 81, 46, 39, 91, 12, 66]
Round 465 | train_loss=0.5088 train_acc=0.8222 test_loss=0.5340 test_acc=0.8213
Round 466 | selected=[34, 42, 27, 56, 52, 59, 98, 29, 18, 79]
Round 466 | train_loss=0.5035 train_acc=0.8194 test_loss=0.5452 test_acc=0.8122
Round 467 | selected=[38, 9, 59, 32, 16, 93, 98, 58, 65, 44]
Round 467 | train_loss=0.5130 train_acc=0.8186 test_loss=0.5464 test_acc=0.8217
Round 468 | selected=[84, 61, 98, 21, 66, 33, 48, 97, 15, 64]
Round 468 | train_loss=0.5083 train_acc=0.8256 test_loss=0.5414 test_acc=0.8190
Round 469 | selected=[84, 2, 76, 63, 58, 47, 10, 60, 98, 43]
Round 469 | train_loss=0.5038 train_acc=0.8236 test_loss=0.5552 test_acc=0.8156
Round 470 | selected=[34, 50, 99, 66, 8, 31, 2, 9, 21, 96]
Round 470 | train_loss=0.5116 train_acc=0.8172 test_loss=0.5507 test_acc=0.8179
Round 471 | selected=[21, 30, 74, 27, 79, 55, 95, 83, 63, 81]
Round 471 | train_loss=0.4906 train_acc=0.8278 test_loss=0.5527 test_acc=0.8213
Round 472 | selected=[35, 59, 94, 89, 63, 21, 53, 79, 49, 30]
Round 472 | train_loss=0.5082 train_acc=0.8194 test_loss=0.5551 test_acc=0.8120
Round 473 | selected=[6, 93, 36, 81, 74, 31, 84, 14, 37, 46]
Round 473 | train_loss=0.4957 train_acc=0.8298 test_loss=0.5669 test_acc=0.8115
Round 474 | selected=[16, 50, 52, 94, 96, 14, 75, 35, 76, 12]
Round 474 | train_loss=0.4912 train_acc=0.8298 test_loss=0.5381 test_acc=0.8157
Round 475 | selected=[87, 24, 93, 91, 10, 96, 3, 0, 52, 32]
Round 475 | train_loss=0.5179 train_acc=0.8172 test_loss=0.5163 test_acc=0.8250
Round 476 | selected=[0, 43, 81, 58, 52, 16, 99, 61, 74, 23]
Round 476 | train_loss=0.4680 train_acc=0.8446 test_loss=0.5265 test_acc=0.8229
Round 477 | selected=[89, 34, 31, 29, 95, 93, 23, 54, 92, 98]
Round 477 | train_loss=0.5213 train_acc=0.8136 test_loss=0.5347 test_acc=0.8202
Round 478 | selected=[60, 74, 50, 19, 88, 34, 90, 5, 73, 53]
Round 478 | train_loss=0.4962 train_acc=0.8266 test_loss=0.5374 test_acc=0.8244
Round 479 | selected=[23, 70, 60, 28, 7, 54, 94, 33, 79, 56]
Round 479 | train_loss=0.5128 train_acc=0.8186 test_loss=0.5185 test_acc=0.8252
Round 480 | selected=[61, 16, 71, 97, 48, 0, 64, 56, 22, 31]
Round 480 | train_loss=0.4703 train_acc=0.8330 test_loss=0.5166 test_acc=0.8241
Round 481 | selected=[66, 3, 27, 6, 67, 86, 98, 49, 68, 84]
Round 481 | train_loss=0.5008 train_acc=0.8194 test_loss=0.5071 test_acc=0.8298
Round 482 | selected=[85, 6, 20, 49, 0, 93, 38, 98, 77, 90]
Round 482 | train_loss=0.4888 train_acc=0.8262 test_loss=0.5245 test_acc=0.8211
Round 483 | selected=[57, 19, 28, 84, 31, 79, 63, 42, 72, 35]
Round 483 | train_loss=0.5017 train_acc=0.8278 test_loss=0.5616 test_acc=0.8178
Round 484 | selected=[80, 94, 79, 87, 97, 81, 91, 72, 69, 42]
Round 484 | train_loss=0.4768 train_acc=0.8322 test_loss=0.5239 test_acc=0.8239
Round 485 | selected=[22, 81, 95, 32, 38, 0, 57, 62, 17, 6]
Round 485 | train_loss=0.5121 train_acc=0.8254 test_loss=0.5133 test_acc=0.8227
Round 486 | selected=[56, 18, 4, 62, 45, 74, 92, 96, 34, 30]
Round 486 | train_loss=0.5232 train_acc=0.8164 test_loss=0.5202 test_acc=0.8241
Round 487 | selected=[81, 91, 90, 60, 33, 14, 61, 84, 49, 9]
Round 487 | train_loss=0.4947 train_acc=0.8232 test_loss=0.5388 test_acc=0.8206
Round 488 | selected=[39, 28, 65, 87, 66, 33, 88, 23, 41, 11]
Round 488 | train_loss=0.4909 train_acc=0.8318 test_loss=0.4938 test_acc=0.8330
Round 489 | selected=[65, 78, 33, 93, 19, 21, 4, 74, 7, 56]
Round 489 | train_loss=0.4955 train_acc=0.8244 test_loss=0.5254 test_acc=0.8240
Round 490 | selected=[33, 29, 98, 75, 19, 87, 34, 22, 58, 90]
Round 490 | train_loss=0.4747 train_acc=0.8328 test_loss=0.5174 test_acc=0.8225
Round 491 | selected=[97, 15, 37, 90, 16, 79, 7, 50, 80, 47]
Round 491 | train_loss=0.4758 train_acc=0.8368 test_loss=0.5584 test_acc=0.8180
Round 492 | selected=[49, 14, 92, 94, 9, 85, 87, 1, 97, 91]
Round 492 | train_loss=0.5131 train_acc=0.8242 test_loss=0.5230 test_acc=0.8254
Round 493 | selected=[36, 18, 3, 31, 40, 51, 70, 0, 14, 15]
Round 493 | train_loss=0.4775 train_acc=0.8324 test_loss=0.5185 test_acc=0.8262
Round 494 | selected=[47, 65, 71, 99, 14, 20, 24, 92, 73, 67]
Round 494 | train_loss=0.4622 train_acc=0.8378 test_loss=0.5296 test_acc=0.8223
Round 495 | selected=[40, 29, 84, 51, 4, 74, 11, 71, 72, 28]
Round 495 | train_loss=0.5016 train_acc=0.8250 test_loss=0.5270 test_acc=0.8248
Round 496 | selected=[35, 51, 82, 61, 78, 73, 38, 56, 30, 67]
Round 496 | train_loss=0.4982 train_acc=0.8276 test_loss=0.5309 test_acc=0.8238
Round 497 | selected=[0, 76, 84, 62, 87, 9, 12, 26, 46, 51]
Round 497 | train_loss=0.4956 train_acc=0.8304 test_loss=0.5123 test_acc=0.8293
Round 498 | selected=[53, 52, 6, 38, 84, 12, 89, 82, 55, 16]
Round 498 | train_loss=0.4934 train_acc=0.8310 test_loss=0.5096 test_acc=0.8302
Round 499 | selected=[70, 6, 25, 3, 54, 18, 91, 50, 55, 20]
Round 499 | train_loss=0.5114 train_acc=0.8180 test_loss=0.6033 test_acc=0.8003
Round 500 | selected=[45, 48, 51, 86, 12, 72, 76, 68, 18, 44]
Round 500 | train_loss=0.4931 train_acc=0.8240 test_loss=0.5618 test_acc=0.8122
Saved: track1/results/cifar10/final_seed46/fedavg_iid_seed46.csv
COMPLETED: fedavg iid seed=46
