========================================
JOB:       12005510
TASK:      32
ALGORITHM: fedavg
PARTITION: iid
SEED:      45
GPU:       0
========================================
Device: cuda
GPU: Tesla V100-PCIE-32GB
Round 0 | test_loss=2.8279 test_acc=0.0938
Round 1 | selected=[84, 96, 49, 52, 68, 55, 73, 51, 79, 50]
Round 1 | train_loss=2.3508 train_acc=0.1176 test_loss=2.2630 test_acc=0.1425
Round 2 | selected=[61, 70, 47, 11, 92, 52, 58, 77, 79, 57]
Round 2 | train_loss=2.2695 train_acc=0.1528 test_loss=2.2011 test_acc=0.1980
Round 3 | selected=[68, 28, 99, 76, 4, 11, 39, 98, 40, 5]
Round 3 | train_loss=2.1784 train_acc=0.1810 test_loss=2.1017 test_acc=0.2156
Round 4 | selected=[26, 11, 9, 16, 70, 81, 96, 73, 29, 19]
Round 4 | train_loss=2.0983 train_acc=0.2092 test_loss=2.0627 test_acc=0.2111
Round 5 | selected=[11, 19, 35, 99, 1, 3, 45, 97, 31, 91]
Round 5 | train_loss=2.0265 train_acc=0.2238 test_loss=1.9732 test_acc=0.2465
Round 6 | selected=[65, 92, 81, 94, 48, 86, 77, 43, 30, 68]
Round 6 | train_loss=2.0044 train_acc=0.2422 test_loss=1.9057 test_acc=0.2649
Round 7 | selected=[35, 74, 98, 56, 37, 62, 89, 49, 80, 13]
Round 7 | train_loss=1.9400 train_acc=0.2608 test_loss=1.8751 test_acc=0.2704
Round 8 | selected=[29, 13, 46, 2, 67, 30, 38, 4, 60, 73]
Round 8 | train_loss=1.9077 train_acc=0.2718 test_loss=1.8263 test_acc=0.3073
Round 9 | selected=[69, 44, 76, 74, 34, 79, 22, 60, 16, 15]
Round 9 | train_loss=1.8883 train_acc=0.2798 test_loss=1.8466 test_acc=0.2914
Round 10 | selected=[8, 64, 44, 23, 48, 9, 69, 1, 29, 86]
Round 10 | train_loss=1.8692 train_acc=0.2794 test_loss=1.7863 test_acc=0.3152
Round 11 | selected=[73, 27, 86, 10, 22, 92, 9, 36, 43, 21]
Round 11 | train_loss=1.8315 train_acc=0.3092 test_loss=1.7691 test_acc=0.3265
Round 12 | selected=[19, 10, 46, 11, 4, 42, 16, 99, 96, 21]
Round 12 | train_loss=1.8176 train_acc=0.3060 test_loss=1.7477 test_acc=0.3310
Round 13 | selected=[31, 94, 27, 21, 48, 46, 69, 72, 24, 19]
Round 13 | train_loss=1.8111 train_acc=0.3074 test_loss=1.7278 test_acc=0.3339
Round 14 | selected=[25, 64, 96, 46, 42, 85, 98, 20, 65, 89]
Round 14 | train_loss=1.7915 train_acc=0.3198 test_loss=1.7115 test_acc=0.3402
Round 15 | selected=[94, 59, 89, 13, 76, 48, 39, 55, 44, 60]
Round 15 | train_loss=1.7536 train_acc=0.3302 test_loss=1.7233 test_acc=0.3598
Round 16 | selected=[44, 33, 28, 69, 36, 32, 46, 3, 35, 5]
Round 16 | train_loss=1.7091 train_acc=0.3548 test_loss=1.8199 test_acc=0.3438
Round 17 | selected=[56, 86, 33, 90, 8, 44, 94, 74, 83, 93]
Round 17 | train_loss=1.7479 train_acc=0.3436 test_loss=1.6876 test_acc=0.3721
Round 18 | selected=[37, 96, 61, 80, 73, 86, 52, 2, 81, 38]
Round 18 | train_loss=1.7253 train_acc=0.3544 test_loss=1.6348 test_acc=0.3815
Round 19 | selected=[66, 82, 91, 49, 25, 42, 15, 74, 75, 13]
Round 19 | train_loss=1.6770 train_acc=0.3574 test_loss=1.5965 test_acc=0.3999
Round 20 | selected=[99, 42, 96, 30, 8, 88, 93, 46, 90, 82]
Round 20 | train_loss=1.6934 train_acc=0.3618 test_loss=1.6272 test_acc=0.3929
Round 21 | selected=[91, 8, 48, 72, 47, 73, 24, 60, 98, 50]
Round 21 | train_loss=1.6615 train_acc=0.3724 test_loss=1.6141 test_acc=0.3991
Round 22 | selected=[77, 27, 23, 18, 4, 45, 66, 71, 72, 51]
Round 22 | train_loss=1.6711 train_acc=0.3640 test_loss=1.5705 test_acc=0.4039
Round 23 | selected=[5, 69, 78, 15, 35, 44, 28, 19, 61, 59]
Round 23 | train_loss=1.6356 train_acc=0.3768 test_loss=1.6482 test_acc=0.3877
Round 24 | selected=[85, 67, 48, 41, 94, 11, 53, 22, 20, 52]
Round 24 | train_loss=1.6779 train_acc=0.3704 test_loss=1.5558 test_acc=0.4202
Round 25 | selected=[46, 96, 40, 57, 45, 30, 99, 94, 9, 5]
Round 25 | train_loss=1.6409 train_acc=0.3818 test_loss=1.5418 test_acc=0.4274
Round 26 | selected=[60, 99, 84, 0, 28, 13, 19, 55, 9, 96]
Round 26 | train_loss=1.5934 train_acc=0.4070 test_loss=1.4992 test_acc=0.4401
Round 27 | selected=[85, 18, 27, 88, 21, 73, 6, 62, 2, 82]
Round 27 | train_loss=1.5969 train_acc=0.3980 test_loss=1.5558 test_acc=0.4223
Round 28 | selected=[59, 40, 9, 65, 22, 53, 44, 72, 79, 45]
Round 28 | train_loss=1.5893 train_acc=0.3962 test_loss=1.4764 test_acc=0.4465
Round 29 | selected=[15, 11, 81, 91, 12, 35, 43, 26, 44, 94]
Round 29 | train_loss=1.5780 train_acc=0.4038 test_loss=1.5218 test_acc=0.4395
Round 30 | selected=[61, 1, 5, 70, 21, 6, 92, 75, 45, 40]
Round 30 | train_loss=1.5604 train_acc=0.4160 test_loss=1.4463 test_acc=0.4581
Round 31 | selected=[3, 14, 15, 90, 86, 96, 47, 45, 63, 10]
Round 31 | train_loss=1.5480 train_acc=0.4164 test_loss=1.5017 test_acc=0.4458
Round 32 | selected=[33, 35, 79, 59, 54, 96, 60, 67, 61, 39]
Round 32 | train_loss=1.5520 train_acc=0.4234 test_loss=1.4966 test_acc=0.4443
Round 33 | selected=[72, 49, 39, 77, 98, 10, 59, 17, 29, 9]
Round 33 | train_loss=1.5006 train_acc=0.4332 test_loss=1.4572 test_acc=0.4589
Round 34 | selected=[15, 59, 57, 88, 60, 13, 70, 47, 76, 26]
Round 34 | train_loss=1.5173 train_acc=0.4276 test_loss=1.4855 test_acc=0.4424
Round 35 | selected=[76, 4, 23, 69, 56, 13, 43, 54, 99, 88]
Round 35 | train_loss=1.5184 train_acc=0.4320 test_loss=1.4172 test_acc=0.4678
Round 36 | selected=[3, 50, 71, 29, 88, 11, 13, 2, 7, 47]
Round 36 | train_loss=1.4962 train_acc=0.4348 test_loss=1.4463 test_acc=0.4644
Round 37 | selected=[47, 27, 28, 8, 2, 88, 30, 16, 45, 60]
Round 37 | train_loss=1.4844 train_acc=0.4486 test_loss=1.3838 test_acc=0.4909
Round 38 | selected=[50, 29, 85, 86, 64, 10, 7, 16, 49, 48]
Round 38 | train_loss=1.5107 train_acc=0.4424 test_loss=1.4581 test_acc=0.4636
Round 39 | selected=[3, 88, 98, 97, 23, 40, 74, 61, 79, 59]
Round 39 | train_loss=1.4720 train_acc=0.4652 test_loss=1.3772 test_acc=0.4902
Round 40 | selected=[29, 47, 55, 25, 13, 65, 91, 10, 8, 89]
Round 40 | train_loss=1.4701 train_acc=0.4598 test_loss=1.3623 test_acc=0.4935
Round 41 | selected=[51, 18, 44, 36, 79, 62, 64, 43, 11, 96]
Round 41 | train_loss=1.4865 train_acc=0.4472 test_loss=1.3590 test_acc=0.4973
Round 42 | selected=[41, 24, 80, 14, 5, 27, 42, 90, 73, 47]
Round 42 | train_loss=1.4690 train_acc=0.4644 test_loss=1.4051 test_acc=0.4804
Round 43 | selected=[23, 81, 54, 52, 62, 9, 6, 38, 79, 2]
Round 43 | train_loss=1.4863 train_acc=0.4600 test_loss=1.4026 test_acc=0.4862
Round 44 | selected=[47, 85, 84, 78, 86, 3, 36, 7, 5, 81]
Round 44 | train_loss=1.4470 train_acc=0.4734 test_loss=1.3691 test_acc=0.4927
Round 45 | selected=[11, 75, 46, 15, 87, 21, 51, 99, 61, 90]
Round 45 | train_loss=1.4422 train_acc=0.4648 test_loss=1.3752 test_acc=0.4963
Round 46 | selected=[69, 76, 10, 45, 22, 62, 23, 65, 12, 3]
Round 46 | train_loss=1.4278 train_acc=0.4740 test_loss=1.3600 test_acc=0.5035
Round 47 | selected=[67, 90, 35, 54, 81, 44, 49, 39, 59, 23]
Round 47 | train_loss=1.4368 train_acc=0.4654 test_loss=1.3596 test_acc=0.5049
Round 48 | selected=[21, 14, 50, 90, 26, 19, 13, 68, 34, 48]
Round 48 | train_loss=1.4416 train_acc=0.4688 test_loss=1.3248 test_acc=0.5133
Round 49 | selected=[54, 25, 65, 52, 28, 81, 63, 5, 74, 91]
Round 49 | train_loss=1.4337 train_acc=0.4678 test_loss=1.3288 test_acc=0.5152
Round 50 | selected=[71, 16, 75, 59, 89, 46, 84, 44, 60, 37]
Round 50 | train_loss=1.4211 train_acc=0.4744 test_loss=1.3170 test_acc=0.5174
Round 51 | selected=[68, 88, 39, 89, 20, 76, 95, 70, 81, 26]
Round 51 | train_loss=1.3981 train_acc=0.4890 test_loss=1.2795 test_acc=0.5345
Round 52 | selected=[2, 9, 53, 58, 82, 81, 77, 74, 40, 95]
Round 52 | train_loss=1.3927 train_acc=0.4848 test_loss=1.3041 test_acc=0.5204
Round 53 | selected=[91, 64, 55, 94, 70, 61, 93, 71, 56, 63]
Round 53 | train_loss=1.4253 train_acc=0.4790 test_loss=1.2671 test_acc=0.5321
Round 54 | selected=[59, 24, 95, 36, 63, 16, 76, 94, 42, 51]
Round 54 | train_loss=1.4067 train_acc=0.4846 test_loss=1.3027 test_acc=0.5180
Round 55 | selected=[2, 85, 78, 67, 42, 69, 86, 31, 90, 57]
Round 55 | train_loss=1.3904 train_acc=0.4832 test_loss=1.2842 test_acc=0.5279
Round 56 | selected=[86, 69, 52, 75, 71, 66, 57, 37, 12, 77]
Round 56 | train_loss=1.4024 train_acc=0.4814 test_loss=1.3779 test_acc=0.5010
Round 57 | selected=[60, 27, 8, 63, 19, 52, 90, 30, 29, 57]
Round 57 | train_loss=1.3751 train_acc=0.4934 test_loss=1.3022 test_acc=0.5214
Round 58 | selected=[44, 8, 64, 25, 74, 77, 42, 81, 43, 55]
Round 58 | train_loss=1.3914 train_acc=0.4888 test_loss=1.2986 test_acc=0.5260
Round 59 | selected=[44, 0, 23, 91, 9, 5, 37, 62, 12, 24]
Round 59 | train_loss=1.3617 train_acc=0.5146 test_loss=1.3059 test_acc=0.5307
Round 60 | selected=[27, 89, 95, 51, 21, 17, 94, 46, 24, 14]
Round 60 | train_loss=1.3658 train_acc=0.4992 test_loss=1.2543 test_acc=0.5437
Round 61 | selected=[3, 17, 86, 96, 49, 24, 78, 79, 92, 14]
Round 61 | train_loss=1.3425 train_acc=0.5098 test_loss=1.2717 test_acc=0.5294
Round 62 | selected=[43, 95, 8, 94, 90, 22, 28, 12, 1, 11]
Round 62 | train_loss=1.3643 train_acc=0.4936 test_loss=1.2261 test_acc=0.5533
Round 63 | selected=[87, 26, 19, 31, 37, 54, 55, 93, 67, 65]
Round 63 | train_loss=1.3534 train_acc=0.5078 test_loss=1.2151 test_acc=0.5552
Round 64 | selected=[37, 76, 80, 61, 9, 65, 84, 69, 95, 72]
Round 64 | train_loss=1.3287 train_acc=0.5156 test_loss=1.2476 test_acc=0.5416
Round 65 | selected=[32, 78, 54, 85, 58, 86, 57, 60, 76, 56]
Round 65 | train_loss=1.3254 train_acc=0.5162 test_loss=1.2345 test_acc=0.5494
Round 66 | selected=[45, 26, 67, 90, 8, 3, 37, 15, 29, 18]
Round 66 | train_loss=1.3509 train_acc=0.5126 test_loss=1.2151 test_acc=0.5575
Round 67 | selected=[18, 35, 94, 9, 30, 39, 48, 97, 19, 96]
Round 67 | train_loss=1.3344 train_acc=0.5128 test_loss=1.2173 test_acc=0.5585
Round 68 | selected=[86, 41, 45, 81, 62, 43, 3, 9, 91, 63]
Round 68 | train_loss=1.3069 train_acc=0.5268 test_loss=1.2448 test_acc=0.5498
Round 69 | selected=[47, 88, 22, 84, 75, 80, 46, 37, 34, 2]
Round 69 | train_loss=1.3140 train_acc=0.5254 test_loss=1.2328 test_acc=0.5576
Round 70 | selected=[81, 48, 10, 38, 56, 21, 69, 85, 53, 5]
Round 70 | train_loss=1.3277 train_acc=0.5184 test_loss=1.2365 test_acc=0.5501
Round 71 | selected=[63, 19, 5, 92, 36, 43, 94, 99, 45, 18]
Round 71 | train_loss=1.2679 train_acc=0.5354 test_loss=1.1683 test_acc=0.5787
Round 72 | selected=[51, 3, 83, 10, 39, 15, 87, 6, 12, 62]
Round 72 | train_loss=1.2804 train_acc=0.5240 test_loss=1.1741 test_acc=0.5731
Round 73 | selected=[3, 70, 15, 1, 83, 5, 94, 77, 24, 75]
Round 73 | train_loss=1.2674 train_acc=0.5338 test_loss=1.2099 test_acc=0.5666
Round 74 | selected=[71, 75, 73, 62, 48, 56, 80, 29, 51, 37]
Round 74 | train_loss=1.2879 train_acc=0.5272 test_loss=1.1845 test_acc=0.5720
Round 75 | selected=[99, 7, 11, 35, 74, 59, 23, 19, 68, 13]
Round 75 | train_loss=1.2651 train_acc=0.5464 test_loss=1.1552 test_acc=0.5759
Round 76 | selected=[85, 57, 37, 71, 18, 9, 47, 58, 66, 2]
Round 76 | train_loss=1.2830 train_acc=0.5312 test_loss=1.1703 test_acc=0.5768
Round 77 | selected=[68, 92, 73, 45, 46, 72, 34, 25, 4, 0]
Round 77 | train_loss=1.2737 train_acc=0.5398 test_loss=1.1868 test_acc=0.5700
Round 78 | selected=[50, 61, 77, 51, 7, 26, 34, 58, 62, 33]
Round 78 | train_loss=1.2301 train_acc=0.5492 test_loss=1.1985 test_acc=0.5722
Round 79 | selected=[40, 68, 80, 67, 84, 74, 25, 93, 19, 14]
Round 79 | train_loss=1.2431 train_acc=0.5474 test_loss=1.1895 test_acc=0.5678
Round 80 | selected=[88, 51, 95, 64, 11, 83, 44, 99, 78, 89]
Round 80 | train_loss=1.2267 train_acc=0.5606 test_loss=1.1903 test_acc=0.5807
Round 81 | selected=[98, 73, 9, 96, 21, 33, 44, 89, 50, 61]
Round 81 | train_loss=1.2455 train_acc=0.5460 test_loss=1.1695 test_acc=0.5780
Round 82 | selected=[58, 51, 48, 54, 80, 38, 20, 83, 6, 14]
Round 82 | train_loss=1.2745 train_acc=0.5402 test_loss=1.1830 test_acc=0.5779
Round 83 | selected=[99, 66, 71, 70, 40, 12, 33, 50, 67, 1]
Round 83 | train_loss=1.2541 train_acc=0.5466 test_loss=1.1761 test_acc=0.5843
Round 84 | selected=[25, 75, 86, 41, 95, 65, 31, 66, 60, 15]
Round 84 | train_loss=1.2329 train_acc=0.5560 test_loss=1.1234 test_acc=0.5940
Round 85 | selected=[26, 73, 10, 18, 86, 79, 39, 97, 0, 76]
Round 85 | train_loss=1.2158 train_acc=0.5560 test_loss=1.1804 test_acc=0.5748
Round 86 | selected=[40, 7, 15, 29, 13, 89, 85, 46, 10, 84]
Round 86 | train_loss=1.1916 train_acc=0.5658 test_loss=1.2586 test_acc=0.5408
Round 87 | selected=[0, 43, 52, 5, 42, 14, 88, 63, 77, 74]
Round 87 | train_loss=1.2199 train_acc=0.5618 test_loss=1.1204 test_acc=0.6016
Round 88 | selected=[45, 9, 95, 94, 75, 33, 12, 25, 36, 24]
Round 88 | train_loss=1.2261 train_acc=0.5570 test_loss=1.1417 test_acc=0.5873
Round 89 | selected=[21, 56, 47, 38, 83, 81, 19, 95, 64, 70]
Round 89 | train_loss=1.2094 train_acc=0.5696 test_loss=1.1102 test_acc=0.6015
Round 90 | selected=[39, 29, 23, 41, 7, 84, 42, 34, 67, 22]
Round 90 | train_loss=1.1985 train_acc=0.5688 test_loss=1.1334 test_acc=0.6003
Round 91 | selected=[56, 60, 6, 0, 17, 95, 23, 48, 29, 87]
Round 91 | train_loss=1.1948 train_acc=0.5720 test_loss=1.1186 test_acc=0.5998
Round 92 | selected=[56, 66, 36, 89, 41, 74, 61, 9, 34, 8]
Round 92 | train_loss=1.1776 train_acc=0.5746 test_loss=1.1614 test_acc=0.5854
Round 93 | selected=[60, 88, 58, 61, 14, 5, 66, 49, 83, 1]
Round 93 | train_loss=1.1673 train_acc=0.5754 test_loss=1.0861 test_acc=0.6156
Round 94 | selected=[59, 44, 52, 11, 32, 4, 81, 91, 6, 3]
Round 94 | train_loss=1.1916 train_acc=0.5606 test_loss=1.0927 test_acc=0.6044
Round 95 | selected=[19, 48, 34, 50, 8, 70, 63, 88, 46, 51]
Round 95 | train_loss=1.1508 train_acc=0.5844 test_loss=1.0805 test_acc=0.6147
Round 96 | selected=[63, 29, 43, 11, 81, 61, 70, 94, 3, 55]
Round 96 | train_loss=1.1479 train_acc=0.5828 test_loss=1.0715 test_acc=0.6158
Round 97 | selected=[39, 40, 22, 32, 12, 34, 67, 3, 35, 50]
Round 97 | train_loss=1.1502 train_acc=0.5832 test_loss=1.1223 test_acc=0.5966
Round 98 | selected=[58, 74, 98, 93, 22, 21, 28, 43, 94, 26]
Round 98 | train_loss=1.1647 train_acc=0.5766 test_loss=1.0983 test_acc=0.6088
Round 99 | selected=[95, 9, 57, 78, 38, 54, 55, 43, 72, 40]
Round 99 | train_loss=1.1865 train_acc=0.5840 test_loss=1.0736 test_acc=0.6134
Round 100 | selected=[66, 84, 7, 3, 17, 72, 23, 11, 91, 57]
Round 100 | train_loss=1.1311 train_acc=0.5892 test_loss=1.0540 test_acc=0.6216
Round 101 | selected=[14, 28, 15, 86, 89, 81, 40, 19, 35, 1]
Round 101 | train_loss=1.1088 train_acc=0.5960 test_loss=1.0588 test_acc=0.6210
Round 102 | selected=[7, 3, 46, 8, 74, 65, 17, 70, 10, 88]
Round 102 | train_loss=1.1243 train_acc=0.5900 test_loss=1.0332 test_acc=0.6301
Round 103 | selected=[11, 33, 62, 32, 95, 9, 12, 77, 35, 28]
Round 103 | train_loss=1.1272 train_acc=0.5986 test_loss=1.0910 test_acc=0.6125
Round 104 | selected=[43, 37, 72, 22, 0, 98, 79, 78, 51, 20]
Round 104 | train_loss=1.1279 train_acc=0.5992 test_loss=1.0055 test_acc=0.6400
Round 105 | selected=[22, 88, 68, 39, 90, 46, 44, 45, 78, 29]
Round 105 | train_loss=1.1438 train_acc=0.5898 test_loss=1.0553 test_acc=0.6261
Round 106 | selected=[38, 39, 34, 99, 78, 42, 37, 2, 10, 45]
Round 106 | train_loss=1.1269 train_acc=0.5910 test_loss=1.0331 test_acc=0.6357
Round 107 | selected=[28, 54, 61, 86, 3, 48, 97, 82, 35, 24]
Round 107 | train_loss=1.1011 train_acc=0.5990 test_loss=1.0515 test_acc=0.6295
Round 108 | selected=[84, 8, 19, 14, 93, 73, 79, 27, 70, 22]
Round 108 | train_loss=1.1343 train_acc=0.5928 test_loss=1.0596 test_acc=0.6287
Round 109 | selected=[53, 66, 15, 37, 76, 57, 80, 40, 13, 83]
Round 109 | train_loss=1.1132 train_acc=0.6034 test_loss=1.0406 test_acc=0.6316
Round 110 | selected=[50, 44, 37, 11, 64, 48, 12, 69, 31, 75]
Round 110 | train_loss=1.1215 train_acc=0.5936 test_loss=1.0744 test_acc=0.6149
Round 111 | selected=[8, 16, 20, 51, 12, 99, 75, 71, 94, 11]
Round 111 | train_loss=1.1281 train_acc=0.5896 test_loss=1.0110 test_acc=0.6405
Round 112 | selected=[38, 98, 73, 46, 9, 93, 90, 97, 8, 25]
Round 112 | train_loss=1.1078 train_acc=0.6054 test_loss=1.0478 test_acc=0.6338
Round 113 | selected=[38, 99, 89, 63, 90, 9, 69, 67, 40, 56]
Round 113 | train_loss=1.1127 train_acc=0.6038 test_loss=1.1345 test_acc=0.6076
Round 114 | selected=[36, 91, 82, 59, 87, 61, 75, 85, 3, 83]
Round 114 | train_loss=1.0960 train_acc=0.6012 test_loss=1.0055 test_acc=0.6413
Round 115 | selected=[52, 71, 12, 3, 5, 27, 90, 87, 15, 55]
Round 115 | train_loss=1.0856 train_acc=0.6076 test_loss=1.0299 test_acc=0.6389
Round 116 | selected=[83, 74, 2, 68, 5, 40, 73, 69, 92, 78]
Round 116 | train_loss=1.0757 train_acc=0.6156 test_loss=1.0278 test_acc=0.6370
Round 117 | selected=[29, 36, 35, 63, 92, 71, 51, 84, 7, 25]
Round 117 | train_loss=1.0797 train_acc=0.6190 test_loss=1.0064 test_acc=0.6454
Round 118 | selected=[2, 95, 88, 35, 43, 7, 38, 79, 48, 74]
Round 118 | train_loss=1.0743 train_acc=0.6132 test_loss=0.9908 test_acc=0.6496
Round 119 | selected=[67, 37, 65, 53, 79, 34, 94, 15, 13, 62]
Round 119 | train_loss=1.0781 train_acc=0.6200 test_loss=0.9871 test_acc=0.6495
Round 120 | selected=[1, 35, 6, 65, 51, 7, 31, 94, 77, 71]
Round 120 | train_loss=1.0542 train_acc=0.6210 test_loss=1.0251 test_acc=0.6367
Round 121 | selected=[90, 76, 30, 20, 69, 92, 67, 72, 58, 35]
Round 121 | train_loss=1.0707 train_acc=0.6234 test_loss=1.0026 test_acc=0.6452
Round 122 | selected=[49, 66, 29, 55, 18, 54, 57, 77, 14, 27]
Round 122 | train_loss=1.0864 train_acc=0.6144 test_loss=0.9679 test_acc=0.6602
Round 123 | selected=[9, 36, 44, 73, 23, 64, 58, 4, 95, 87]
Round 123 | train_loss=1.0997 train_acc=0.6036 test_loss=1.0175 test_acc=0.6415
Round 124 | selected=[13, 0, 76, 96, 59, 36, 72, 68, 4, 20]
Round 124 | train_loss=1.0843 train_acc=0.6130 test_loss=0.9717 test_acc=0.6534
Round 125 | selected=[48, 37, 94, 90, 25, 92, 95, 79, 59, 46]
Round 125 | train_loss=1.0651 train_acc=0.6186 test_loss=0.9594 test_acc=0.6572
Round 126 | selected=[77, 88, 94, 4, 9, 24, 80, 32, 75, 39]
Round 126 | train_loss=1.0564 train_acc=0.6226 test_loss=1.0087 test_acc=0.6472
Round 127 | selected=[76, 91, 89, 54, 79, 92, 15, 94, 68, 85]
Round 127 | train_loss=1.0383 train_acc=0.6306 test_loss=1.0397 test_acc=0.6311
Round 128 | selected=[62, 49, 80, 96, 68, 12, 95, 71, 2, 47]
Round 128 | train_loss=1.0364 train_acc=0.6286 test_loss=0.9641 test_acc=0.6606
Round 129 | selected=[69, 99, 82, 43, 34, 3, 73, 4, 77, 96]
Round 129 | train_loss=1.0630 train_acc=0.6244 test_loss=1.0112 test_acc=0.6459
Round 130 | selected=[1, 38, 37, 7, 78, 21, 42, 54, 18, 99]
Round 130 | train_loss=1.0676 train_acc=0.6152 test_loss=0.9820 test_acc=0.6536
Round 131 | selected=[11, 71, 57, 27, 98, 19, 89, 30, 44, 50]
Round 131 | train_loss=1.0165 train_acc=0.6362 test_loss=1.0109 test_acc=0.6430
Round 132 | selected=[25, 57, 74, 87, 17, 99, 61, 68, 0, 12]
Round 132 | train_loss=1.0308 train_acc=0.6324 test_loss=0.9621 test_acc=0.6588
Round 133 | selected=[18, 39, 13, 63, 29, 41, 45, 17, 20, 3]
Round 133 | train_loss=1.0219 train_acc=0.6286 test_loss=0.9736 test_acc=0.6601
Round 134 | selected=[93, 62, 95, 33, 77, 1, 67, 73, 35, 43]
Round 134 | train_loss=1.0125 train_acc=0.6438 test_loss=0.9578 test_acc=0.6628
Round 135 | selected=[57, 38, 58, 16, 23, 7, 70, 76, 5, 4]
Round 135 | train_loss=1.0260 train_acc=0.6356 test_loss=0.9614 test_acc=0.6620
Round 136 | selected=[20, 8, 56, 19, 18, 47, 61, 66, 84, 62]
Round 136 | train_loss=1.0150 train_acc=0.6362 test_loss=0.9473 test_acc=0.6640
Round 137 | selected=[45, 3, 78, 20, 36, 51, 98, 89, 41, 29]
Round 137 | train_loss=1.0108 train_acc=0.6382 test_loss=0.9831 test_acc=0.6532
Round 138 | selected=[37, 71, 8, 7, 28, 96, 38, 22, 94, 60]
Round 138 | train_loss=1.0075 train_acc=0.6404 test_loss=0.9965 test_acc=0.6538
Round 139 | selected=[42, 47, 54, 72, 48, 60, 12, 79, 87, 86]
Round 139 | train_loss=1.0139 train_acc=0.6386 test_loss=0.9384 test_acc=0.6710
Round 140 | selected=[75, 11, 90, 15, 6, 58, 63, 8, 25, 84]
Round 140 | train_loss=1.0064 train_acc=0.6476 test_loss=0.9366 test_acc=0.6660
Round 141 | selected=[62, 37, 94, 51, 95, 0, 82, 29, 74, 83]
Round 141 | train_loss=0.9802 train_acc=0.6570 test_loss=0.9227 test_acc=0.6758
Round 142 | selected=[47, 95, 64, 30, 55, 32, 24, 71, 73, 90]
Round 142 | train_loss=1.0100 train_acc=0.6406 test_loss=0.9577 test_acc=0.6649
Round 143 | selected=[37, 12, 10, 30, 20, 38, 66, 34, 0, 50]
Round 143 | train_loss=0.9827 train_acc=0.6552 test_loss=0.9467 test_acc=0.6636
Round 144 | selected=[17, 26, 43, 32, 49, 95, 66, 2, 5, 83]
Round 144 | train_loss=1.0033 train_acc=0.6368 test_loss=0.9253 test_acc=0.6734
Round 145 | selected=[3, 94, 98, 88, 50, 54, 40, 38, 80, 49]
Round 145 | train_loss=0.9497 train_acc=0.6596 test_loss=0.9397 test_acc=0.6761
Round 146 | selected=[75, 36, 71, 76, 48, 3, 57, 14, 27, 74]
Round 146 | train_loss=1.0154 train_acc=0.6338 test_loss=0.9441 test_acc=0.6631
Round 147 | selected=[31, 9, 45, 81, 14, 95, 62, 5, 69, 34]
Round 147 | train_loss=1.0014 train_acc=0.6462 test_loss=0.9484 test_acc=0.6674
Round 148 | selected=[50, 74, 99, 1, 20, 70, 58, 59, 83, 80]
Round 148 | train_loss=0.9773 train_acc=0.6512 test_loss=0.9360 test_acc=0.6703
Round 149 | selected=[46, 79, 54, 41, 43, 83, 40, 50, 1, 18]
Round 149 | train_loss=0.9378 train_acc=0.6662 test_loss=0.9109 test_acc=0.6761
Round 150 | selected=[70, 53, 4, 36, 68, 28, 16, 47, 17, 38]
Round 150 | train_loss=1.0029 train_acc=0.6594 test_loss=0.8981 test_acc=0.6763
Round 151 | selected=[24, 79, 58, 50, 38, 45, 59, 9, 27, 7]
Round 151 | train_loss=0.9610 train_acc=0.6658 test_loss=0.8772 test_acc=0.6926
Round 152 | selected=[95, 74, 41, 81, 55, 22, 62, 25, 17, 34]
Round 152 | train_loss=0.9818 train_acc=0.6456 test_loss=0.9118 test_acc=0.6758
Round 153 | selected=[28, 98, 99, 27, 65, 71, 17, 95, 6, 46]
Round 153 | train_loss=0.9752 train_acc=0.6520 test_loss=0.8815 test_acc=0.6943
Round 154 | selected=[13, 56, 26, 83, 48, 65, 12, 14, 32, 41]
Round 154 | train_loss=0.9899 train_acc=0.6558 test_loss=0.9661 test_acc=0.6583
Round 155 | selected=[5, 74, 68, 19, 71, 80, 69, 11, 96, 90]
Round 155 | train_loss=0.9429 train_acc=0.6670 test_loss=0.8802 test_acc=0.6907
Round 156 | selected=[58, 94, 30, 45, 14, 50, 66, 84, 85, 57]
Round 156 | train_loss=0.9762 train_acc=0.6452 test_loss=0.8854 test_acc=0.6868
Round 157 | selected=[78, 23, 56, 99, 68, 17, 58, 76, 7, 74]
Round 157 | train_loss=0.9505 train_acc=0.6578 test_loss=0.8881 test_acc=0.6910
Round 158 | selected=[0, 12, 93, 19, 41, 28, 86, 31, 96, 54]
Round 158 | train_loss=0.9434 train_acc=0.6684 test_loss=0.8775 test_acc=0.6891
Round 159 | selected=[85, 14, 35, 56, 59, 94, 9, 43, 72, 89]
Round 159 | train_loss=0.9397 train_acc=0.6618 test_loss=0.8638 test_acc=0.6946
Round 160 | selected=[13, 59, 24, 85, 19, 32, 3, 79, 25, 68]
Round 160 | train_loss=0.9480 train_acc=0.6642 test_loss=0.8781 test_acc=0.6885
Round 161 | selected=[6, 97, 95, 9, 96, 5, 81, 65, 42, 43]
Round 161 | train_loss=0.9752 train_acc=0.6534 test_loss=0.8668 test_acc=0.6905
Round 162 | selected=[18, 6, 24, 95, 26, 58, 19, 46, 44, 41]
Round 162 | train_loss=0.9286 train_acc=0.6698 test_loss=0.8904 test_acc=0.6883
Round 163 | selected=[84, 5, 85, 80, 3, 21, 92, 75, 76, 98]
Round 163 | train_loss=0.9380 train_acc=0.6576 test_loss=0.9349 test_acc=0.6704
Round 164 | selected=[26, 17, 54, 89, 51, 44, 23, 73, 82, 24]
Round 164 | train_loss=0.9479 train_acc=0.6626 test_loss=0.9046 test_acc=0.6836
Round 165 | selected=[33, 12, 19, 10, 1, 27, 96, 17, 25, 97]
Round 165 | train_loss=0.9186 train_acc=0.6704 test_loss=0.8771 test_acc=0.6885
Round 166 | selected=[68, 62, 0, 59, 86, 63, 94, 33, 67, 10]
Round 166 | train_loss=0.9381 train_acc=0.6678 test_loss=0.8818 test_acc=0.6918
Round 167 | selected=[61, 64, 89, 30, 19, 44, 2, 97, 15, 37]
Round 167 | train_loss=0.9256 train_acc=0.6742 test_loss=0.8420 test_acc=0.7017
Round 168 | selected=[11, 52, 21, 99, 83, 30, 62, 61, 10, 74]
Round 168 | train_loss=0.9152 train_acc=0.6704 test_loss=0.8636 test_acc=0.6958
Round 169 | selected=[74, 1, 75, 34, 21, 9, 6, 85, 65, 13]
Round 169 | train_loss=0.9470 train_acc=0.6652 test_loss=0.8669 test_acc=0.6947
Round 170 | selected=[35, 86, 45, 12, 49, 13, 10, 43, 32, 88]
Round 170 | train_loss=0.8952 train_acc=0.6744 test_loss=0.8719 test_acc=0.6975
Round 171 | selected=[89, 42, 46, 19, 77, 59, 44, 17, 71, 6]
Round 171 | train_loss=0.9247 train_acc=0.6730 test_loss=0.8553 test_acc=0.6942
Round 172 | selected=[35, 65, 4, 72, 29, 46, 44, 56, 61, 87]
Round 172 | train_loss=0.9173 train_acc=0.6774 test_loss=0.8740 test_acc=0.6998
Round 173 | selected=[67, 56, 34, 48, 77, 44, 16, 1, 83, 19]
Round 173 | train_loss=0.9200 train_acc=0.6702 test_loss=0.9106 test_acc=0.6804
Round 174 | selected=[41, 30, 8, 94, 74, 96, 90, 79, 61, 15]
Round 174 | train_loss=0.8907 train_acc=0.6832 test_loss=0.8942 test_acc=0.6830
Round 175 | selected=[90, 45, 16, 55, 47, 69, 9, 80, 76, 62]
Round 175 | train_loss=0.9001 train_acc=0.6762 test_loss=0.8303 test_acc=0.7056
Round 176 | selected=[68, 7, 87, 9, 48, 37, 90, 12, 67, 32]
Round 176 | train_loss=0.9173 train_acc=0.6766 test_loss=0.8912 test_acc=0.6884
Round 177 | selected=[99, 89, 94, 88, 25, 84, 97, 2, 15, 74]
Round 177 | train_loss=0.8882 train_acc=0.6806 test_loss=0.8396 test_acc=0.7074
Round 178 | selected=[93, 26, 75, 83, 25, 50, 65, 1, 96, 22]
Round 178 | train_loss=0.8947 train_acc=0.6810 test_loss=0.8604 test_acc=0.6914
Round 179 | selected=[24, 18, 13, 21, 55, 11, 73, 30, 10, 16]
Round 179 | train_loss=0.9109 train_acc=0.6786 test_loss=0.8319 test_acc=0.7079
Round 180 | selected=[88, 6, 34, 3, 1, 58, 21, 42, 47, 81]
Round 180 | train_loss=0.9072 train_acc=0.6754 test_loss=0.8186 test_acc=0.7134
Round 181 | selected=[51, 56, 29, 6, 20, 64, 75, 30, 16, 94]
Round 181 | train_loss=0.8854 train_acc=0.6842 test_loss=0.8652 test_acc=0.7011
Round 182 | selected=[1, 25, 75, 80, 95, 72, 43, 11, 24, 99]
Round 182 | train_loss=0.8570 train_acc=0.7018 test_loss=0.8845 test_acc=0.6916
Round 183 | selected=[63, 11, 60, 61, 95, 8, 32, 94, 55, 24]
Round 183 | train_loss=0.8817 train_acc=0.6826 test_loss=0.8492 test_acc=0.7036
Round 184 | selected=[39, 8, 43, 50, 12, 22, 23, 52, 75, 25]
Round 184 | train_loss=0.8790 train_acc=0.6918 test_loss=0.8657 test_acc=0.7055
Round 185 | selected=[71, 46, 83, 90, 55, 24, 8, 30, 87, 63]
Round 185 | train_loss=0.8773 train_acc=0.6880 test_loss=0.8240 test_acc=0.7101
Round 186 | selected=[67, 66, 36, 50, 78, 90, 99, 44, 33, 37]
Round 186 | train_loss=0.8813 train_acc=0.6900 test_loss=0.8448 test_acc=0.7075
Round 187 | selected=[53, 45, 0, 89, 5, 68, 18, 92, 54, 74]
Round 187 | train_loss=0.8778 train_acc=0.6880 test_loss=0.8069 test_acc=0.7168
Round 188 | selected=[7, 80, 22, 17, 66, 79, 87, 63, 33, 64]
Round 188 | train_loss=0.8503 train_acc=0.6934 test_loss=0.8073 test_acc=0.7182
Round 189 | selected=[39, 59, 66, 51, 90, 86, 31, 81, 26, 6]
Round 189 | train_loss=0.8929 train_acc=0.6778 test_loss=0.7905 test_acc=0.7177
Round 190 | selected=[97, 30, 67, 35, 51, 96, 80, 81, 44, 71]
Round 190 | train_loss=0.8650 train_acc=0.6952 test_loss=0.8297 test_acc=0.7083
Round 191 | selected=[49, 54, 28, 75, 89, 61, 77, 43, 0, 53]
Round 191 | train_loss=0.8618 train_acc=0.6970 test_loss=0.9091 test_acc=0.6891
Round 192 | selected=[48, 60, 6, 66, 29, 63, 77, 55, 2, 82]
Round 192 | train_loss=0.8566 train_acc=0.6994 test_loss=0.8218 test_acc=0.7068
Round 193 | selected=[56, 48, 24, 58, 97, 75, 60, 31, 68, 63]
Round 193 | train_loss=0.8729 train_acc=0.6888 test_loss=0.7900 test_acc=0.7252
Round 194 | selected=[67, 61, 34, 64, 91, 3, 99, 80, 32, 26]
Round 194 | train_loss=0.8549 train_acc=0.6942 test_loss=0.8163 test_acc=0.7161
Round 195 | selected=[36, 3, 1, 7, 60, 11, 19, 23, 9, 57]
Round 195 | train_loss=0.8236 train_acc=0.7078 test_loss=0.8092 test_acc=0.7185
Round 196 | selected=[63, 0, 41, 36, 78, 85, 19, 49, 13, 55]
Round 196 | train_loss=0.8595 train_acc=0.6888 test_loss=0.7978 test_acc=0.7201
Round 197 | selected=[39, 25, 22, 27, 14, 99, 73, 93, 96, 88]
Round 197 | train_loss=0.8567 train_acc=0.6978 test_loss=0.8780 test_acc=0.6908
Round 198 | selected=[42, 89, 50, 4, 56, 86, 2, 19, 67, 10]
Round 198 | train_loss=0.8661 train_acc=0.6848 test_loss=0.8204 test_acc=0.7133
Round 199 | selected=[72, 81, 34, 35, 50, 49, 55, 67, 69, 28]
Round 199 | train_loss=0.8331 train_acc=0.7086 test_loss=0.8380 test_acc=0.7088
Round 200 | selected=[65, 93, 92, 19, 98, 27, 43, 59, 56, 62]
Round 200 | train_loss=0.8274 train_acc=0.7080 test_loss=0.8186 test_acc=0.7157
Round 201 | selected=[48, 14, 1, 11, 26, 68, 8, 52, 32, 66]
Round 201 | train_loss=0.8491 train_acc=0.6958 test_loss=0.8491 test_acc=0.7037
Round 202 | selected=[22, 4, 74, 1, 76, 12, 68, 81, 5, 98]
Round 202 | train_loss=0.8426 train_acc=0.7100 test_loss=0.8010 test_acc=0.7221
Round 203 | selected=[9, 18, 69, 47, 74, 0, 88, 71, 75, 34]
Round 203 | train_loss=0.8173 train_acc=0.7120 test_loss=0.7861 test_acc=0.7261
Round 204 | selected=[45, 67, 86, 7, 8, 65, 36, 9, 46, 11]
Round 204 | train_loss=0.8251 train_acc=0.7092 test_loss=0.7691 test_acc=0.7324
Round 205 | selected=[53, 57, 76, 29, 13, 84, 98, 10, 38, 18]
Round 205 | train_loss=0.8324 train_acc=0.7072 test_loss=0.7828 test_acc=0.7244
Round 206 | selected=[59, 89, 44, 39, 58, 94, 2, 26, 81, 87]
Round 206 | train_loss=0.8507 train_acc=0.7010 test_loss=0.9194 test_acc=0.6891
Round 207 | selected=[72, 57, 60, 22, 47, 69, 21, 61, 46, 35]
Round 207 | train_loss=0.8397 train_acc=0.7022 test_loss=0.7561 test_acc=0.7353
Round 208 | selected=[86, 88, 12, 90, 15, 13, 10, 5, 54, 29]
Round 208 | train_loss=0.7956 train_acc=0.7212 test_loss=0.7630 test_acc=0.7335
Round 209 | selected=[42, 19, 53, 43, 77, 70, 7, 94, 87, 15]
Round 209 | train_loss=0.7986 train_acc=0.7202 test_loss=0.7854 test_acc=0.7305
Round 210 | selected=[30, 7, 46, 85, 87, 40, 63, 12, 15, 16]
Round 210 | train_loss=0.8222 train_acc=0.7064 test_loss=0.8255 test_acc=0.7171
Round 211 | selected=[3, 5, 70, 7, 60, 24, 51, 4, 35, 21]
Round 211 | train_loss=0.8030 train_acc=0.7150 test_loss=0.7580 test_acc=0.7360
Round 212 | selected=[0, 36, 46, 44, 88, 11, 83, 15, 77, 50]
Round 212 | train_loss=0.7843 train_acc=0.7226 test_loss=0.7630 test_acc=0.7374
Round 213 | selected=[42, 58, 19, 39, 49, 53, 83, 23, 25, 7]
Round 213 | train_loss=0.8211 train_acc=0.7114 test_loss=0.7665 test_acc=0.7341
Round 214 | selected=[36, 55, 29, 12, 88, 44, 63, 57, 69, 50]
Round 214 | train_loss=0.8003 train_acc=0.7190 test_loss=0.8046 test_acc=0.7217
Round 215 | selected=[63, 89, 71, 37, 59, 88, 69, 93, 95, 72]
Round 215 | train_loss=0.7948 train_acc=0.7190 test_loss=0.7593 test_acc=0.7356
Round 216 | selected=[28, 18, 95, 50, 14, 17, 24, 92, 73, 49]
Round 216 | train_loss=0.8104 train_acc=0.7104 test_loss=0.7840 test_acc=0.7314
Round 217 | selected=[69, 46, 18, 26, 39, 6, 70, 22, 83, 11]
Round 217 | train_loss=0.7945 train_acc=0.7226 test_loss=0.7524 test_acc=0.7356
Round 218 | selected=[59, 16, 4, 83, 18, 63, 36, 11, 1, 85]
Round 218 | train_loss=0.8150 train_acc=0.7090 test_loss=0.7725 test_acc=0.7331
Round 219 | selected=[3, 63, 98, 99, 81, 93, 74, 25, 47, 28]
Round 219 | train_loss=0.8077 train_acc=0.7110 test_loss=0.7659 test_acc=0.7308
Round 220 | selected=[92, 14, 37, 19, 8, 36, 9, 65, 58, 10]
Round 220 | train_loss=0.8133 train_acc=0.7170 test_loss=0.7490 test_acc=0.7420
Round 221 | selected=[54, 60, 8, 71, 75, 43, 19, 81, 64, 58]
Round 221 | train_loss=0.8086 train_acc=0.7172 test_loss=0.7670 test_acc=0.7325
Round 222 | selected=[11, 84, 10, 39, 0, 36, 58, 92, 77, 66]
Round 222 | train_loss=0.7872 train_acc=0.7180 test_loss=0.7500 test_acc=0.7421
Round 223 | selected=[51, 75, 84, 87, 77, 31, 54, 38, 15, 29]
Round 223 | train_loss=0.8083 train_acc=0.7206 test_loss=0.7958 test_acc=0.7297
Round 224 | selected=[42, 54, 89, 3, 32, 49, 12, 61, 82, 68]
Round 224 | train_loss=0.7831 train_acc=0.7210 test_loss=0.7382 test_acc=0.7412
Round 225 | selected=[26, 79, 18, 19, 38, 89, 53, 86, 29, 51]
Round 225 | train_loss=0.7821 train_acc=0.7268 test_loss=0.7369 test_acc=0.7440
Round 226 | selected=[51, 18, 99, 33, 28, 72, 34, 27, 26, 75]
Round 226 | train_loss=0.7829 train_acc=0.7222 test_loss=0.7403 test_acc=0.7425
Round 227 | selected=[24, 37, 5, 23, 38, 6, 78, 80, 66, 0]
Round 227 | train_loss=0.8272 train_acc=0.7114 test_loss=0.7550 test_acc=0.7391
Round 228 | selected=[72, 37, 51, 6, 63, 90, 49, 22, 56, 92]
Round 228 | train_loss=0.7984 train_acc=0.7198 test_loss=0.7460 test_acc=0.7334
Round 229 | selected=[27, 34, 70, 12, 99, 76, 48, 98, 26, 42]
Round 229 | train_loss=0.7729 train_acc=0.7254 test_loss=0.7994 test_acc=0.7281
Round 230 | selected=[22, 92, 19, 6, 28, 78, 98, 43, 83, 74]
Round 230 | train_loss=0.7800 train_acc=0.7290 test_loss=0.8021 test_acc=0.7190
Round 231 | selected=[71, 16, 18, 51, 63, 39, 86, 15, 25, 45]
Round 231 | train_loss=0.7743 train_acc=0.7322 test_loss=0.7699 test_acc=0.7305
Round 232 | selected=[56, 66, 7, 43, 6, 84, 24, 60, 0, 15]
Round 232 | train_loss=0.7699 train_acc=0.7282 test_loss=0.7537 test_acc=0.7407
Round 233 | selected=[51, 58, 46, 86, 28, 47, 32, 92, 64, 56]
Round 233 | train_loss=0.7681 train_acc=0.7282 test_loss=0.7526 test_acc=0.7360
Round 234 | selected=[34, 87, 21, 85, 8, 32, 43, 73, 55, 74]
Round 234 | train_loss=0.7763 train_acc=0.7260 test_loss=0.7466 test_acc=0.7368
Round 235 | selected=[63, 38, 29, 96, 51, 94, 16, 25, 30, 36]
Round 235 | train_loss=0.7724 train_acc=0.7326 test_loss=0.7424 test_acc=0.7402
Round 236 | selected=[29, 97, 82, 88, 15, 98, 0, 95, 67, 41]
Round 236 | train_loss=0.7707 train_acc=0.7270 test_loss=0.7613 test_acc=0.7365
Round 237 | selected=[2, 43, 91, 7, 80, 51, 82, 78, 92, 76]
Round 237 | train_loss=0.7380 train_acc=0.7386 test_loss=0.8128 test_acc=0.7205
Round 238 | selected=[31, 43, 0, 6, 21, 47, 57, 88, 83, 25]
Round 238 | train_loss=0.7645 train_acc=0.7280 test_loss=0.7839 test_acc=0.7278
Round 239 | selected=[82, 33, 25, 68, 10, 87, 62, 56, 81, 23]
Round 239 | train_loss=0.7647 train_acc=0.7344 test_loss=0.8511 test_acc=0.7147
Round 240 | selected=[51, 69, 73, 10, 67, 24, 50, 41, 43, 58]
Round 240 | train_loss=0.7559 train_acc=0.7338 test_loss=0.7269 test_acc=0.7483
Round 241 | selected=[4, 49, 89, 19, 29, 9, 45, 22, 0, 18]
Round 241 | train_loss=0.7871 train_acc=0.7170 test_loss=0.7493 test_acc=0.7399
Round 242 | selected=[88, 17, 67, 51, 56, 49, 59, 14, 10, 45]
Round 242 | train_loss=0.7596 train_acc=0.7288 test_loss=0.7426 test_acc=0.7483
Round 243 | selected=[75, 16, 36, 70, 17, 5, 53, 14, 47, 66]
Round 243 | train_loss=0.7706 train_acc=0.7290 test_loss=0.7426 test_acc=0.7446
Round 244 | selected=[8, 40, 45, 53, 32, 55, 25, 12, 87, 91]
Round 244 | train_loss=0.7467 train_acc=0.7426 test_loss=0.7438 test_acc=0.7426
Round 245 | selected=[56, 87, 80, 82, 68, 75, 2, 53, 64, 6]
Round 245 | train_loss=0.7626 train_acc=0.7334 test_loss=0.7044 test_acc=0.7513
Round 246 | selected=[55, 95, 57, 32, 33, 35, 96, 0, 5, 50]
Round 246 | train_loss=0.7398 train_acc=0.7428 test_loss=0.7402 test_acc=0.7447
Round 247 | selected=[89, 42, 97, 18, 61, 10, 12, 80, 77, 4]
Round 247 | train_loss=0.7665 train_acc=0.7324 test_loss=0.7200 test_acc=0.7485
Round 248 | selected=[31, 76, 62, 86, 32, 20, 71, 72, 5, 21]
Round 248 | train_loss=0.7444 train_acc=0.7318 test_loss=0.7051 test_acc=0.7544
Round 249 | selected=[27, 75, 3, 19, 92, 94, 41, 7, 24, 32]
Round 249 | train_loss=0.7354 train_acc=0.7432 test_loss=0.7654 test_acc=0.7425
Round 250 | selected=[87, 36, 46, 53, 56, 34, 17, 33, 25, 49]
Round 250 | train_loss=0.7545 train_acc=0.7288 test_loss=0.7131 test_acc=0.7558
Round 251 | selected=[5, 53, 59, 49, 78, 71, 4, 70, 66, 76]
Round 251 | train_loss=0.7221 train_acc=0.7472 test_loss=0.7333 test_acc=0.7466
Round 252 | selected=[77, 33, 1, 71, 67, 70, 22, 75, 27, 48]
Round 252 | train_loss=0.7538 train_acc=0.7320 test_loss=0.7028 test_acc=0.7558
Round 253 | selected=[32, 63, 85, 55, 47, 93, 15, 46, 2, 13]
Round 253 | train_loss=0.7518 train_acc=0.7396 test_loss=0.6892 test_acc=0.7587
Round 254 | selected=[35, 38, 68, 58, 91, 59, 82, 69, 75, 81]
Round 254 | train_loss=0.7588 train_acc=0.7330 test_loss=0.7339 test_acc=0.7432
Round 255 | selected=[37, 30, 71, 7, 40, 60, 64, 74, 72, 79]
Round 255 | train_loss=0.6966 train_acc=0.7584 test_loss=0.7667 test_acc=0.7400
Round 256 | selected=[91, 66, 73, 33, 84, 22, 99, 32, 75, 1]
Round 256 | train_loss=0.7173 train_acc=0.7426 test_loss=0.7441 test_acc=0.7403
Round 257 | selected=[23, 36, 53, 18, 33, 70, 9, 80, 96, 20]
Round 257 | train_loss=0.7606 train_acc=0.7336 test_loss=0.7753 test_acc=0.7401
Round 258 | selected=[33, 47, 48, 59, 76, 8, 17, 45, 81, 23]
Round 258 | train_loss=0.7539 train_acc=0.7324 test_loss=0.7250 test_acc=0.7486
Round 259 | selected=[95, 97, 84, 45, 26, 53, 65, 92, 5, 60]
Round 259 | train_loss=0.7242 train_acc=0.7426 test_loss=0.7082 test_acc=0.7589
Round 260 | selected=[46, 69, 36, 77, 30, 71, 72, 81, 43, 27]
Round 260 | train_loss=0.7154 train_acc=0.7472 test_loss=0.7156 test_acc=0.7563
Round 261 | selected=[0, 18, 32, 17, 80, 3, 23, 58, 73, 19]
Round 261 | train_loss=0.7391 train_acc=0.7424 test_loss=0.6901 test_acc=0.7604
Round 262 | selected=[80, 30, 37, 28, 68, 96, 18, 57, 97, 27]
Round 262 | train_loss=0.7260 train_acc=0.7472 test_loss=0.6769 test_acc=0.7625
Round 263 | selected=[3, 46, 10, 17, 24, 66, 75, 36, 62, 14]
Round 263 | train_loss=0.7113 train_acc=0.7492 test_loss=0.7911 test_acc=0.7381
Round 264 | selected=[11, 56, 23, 12, 73, 55, 41, 75, 92, 64]
Round 264 | train_loss=0.7339 train_acc=0.7438 test_loss=0.7104 test_acc=0.7560
Round 265 | selected=[19, 93, 29, 59, 50, 24, 96, 75, 16, 23]
Round 265 | train_loss=0.7101 train_acc=0.7508 test_loss=0.7293 test_acc=0.7498
Round 266 | selected=[66, 62, 0, 92, 56, 22, 67, 91, 88, 34]
Round 266 | train_loss=0.7177 train_acc=0.7460 test_loss=0.6859 test_acc=0.7653
Round 267 | selected=[40, 31, 96, 76, 72, 0, 54, 69, 52, 29]
Round 267 | train_loss=0.7122 train_acc=0.7548 test_loss=0.7015 test_acc=0.7569
Round 268 | selected=[25, 58, 64, 4, 97, 83, 17, 78, 50, 77]
Round 268 | train_loss=0.7253 train_acc=0.7438 test_loss=0.7031 test_acc=0.7559
Round 269 | selected=[20, 30, 81, 11, 76, 77, 49, 88, 75, 23]
Round 269 | train_loss=0.7064 train_acc=0.7474 test_loss=0.6961 test_acc=0.7612
Round 270 | selected=[81, 92, 39, 1, 62, 28, 19, 91, 80, 69]
Round 270 | train_loss=0.6927 train_acc=0.7604 test_loss=0.6984 test_acc=0.7622
Round 271 | selected=[61, 17, 39, 59, 67, 57, 81, 66, 29, 28]
Round 271 | train_loss=0.7187 train_acc=0.7406 test_loss=0.6988 test_acc=0.7581
Round 272 | selected=[63, 42, 80, 78, 36, 83, 17, 84, 43, 93]
Round 272 | train_loss=0.7229 train_acc=0.7460 test_loss=0.7528 test_acc=0.7412
Round 273 | selected=[16, 69, 98, 24, 35, 13, 56, 10, 55, 65]
Round 273 | train_loss=0.7402 train_acc=0.7478 test_loss=0.6724 test_acc=0.7696
Round 274 | selected=[35, 86, 50, 82, 5, 47, 63, 91, 11, 19]
Round 274 | train_loss=0.6969 train_acc=0.7570 test_loss=0.6834 test_acc=0.7626
Round 275 | selected=[2, 12, 33, 17, 1, 62, 47, 6, 58, 91]
Round 275 | train_loss=0.6876 train_acc=0.7574 test_loss=0.6984 test_acc=0.7567
Round 276 | selected=[86, 31, 87, 77, 78, 83, 14, 91, 62, 38]
Round 276 | train_loss=0.6835 train_acc=0.7614 test_loss=0.6759 test_acc=0.7642
Round 277 | selected=[6, 13, 27, 15, 78, 16, 89, 21, 69, 68]
Round 277 | train_loss=0.7036 train_acc=0.7540 test_loss=0.6792 test_acc=0.7653
Round 278 | selected=[30, 68, 21, 98, 81, 52, 61, 78, 95, 48]
Round 278 | train_loss=0.7053 train_acc=0.7524 test_loss=0.6867 test_acc=0.7662
Round 279 | selected=[67, 93, 74, 79, 3, 89, 17, 33, 85, 70]
Round 279 | train_loss=0.7028 train_acc=0.7492 test_loss=0.7381 test_acc=0.7541
Round 280 | selected=[82, 22, 0, 83, 76, 52, 53, 27, 69, 65]
Round 280 | train_loss=0.7081 train_acc=0.7552 test_loss=0.7158 test_acc=0.7577
Round 281 | selected=[42, 73, 78, 93, 48, 84, 26, 19, 17, 7]
Round 281 | train_loss=0.7040 train_acc=0.7510 test_loss=0.6478 test_acc=0.7758
Round 282 | selected=[16, 0, 87, 31, 62, 74, 50, 48, 10, 54]
Round 282 | train_loss=0.6887 train_acc=0.7578 test_loss=0.6816 test_acc=0.7680
Round 283 | selected=[31, 89, 64, 51, 1, 68, 61, 23, 91, 2]
Round 283 | train_loss=0.6597 train_acc=0.7788 test_loss=0.6842 test_acc=0.7653
Round 284 | selected=[29, 54, 23, 66, 36, 20, 24, 63, 47, 95]
Round 284 | train_loss=0.6837 train_acc=0.7590 test_loss=0.6700 test_acc=0.7721
Round 285 | selected=[19, 33, 55, 93, 21, 39, 59, 4, 84, 29]
Round 285 | train_loss=0.7054 train_acc=0.7514 test_loss=0.6658 test_acc=0.7703
Round 286 | selected=[27, 98, 60, 85, 11, 62, 44, 65, 22, 36]
Round 286 | train_loss=0.6960 train_acc=0.7522 test_loss=0.6953 test_acc=0.7597
Round 287 | selected=[1, 90, 38, 54, 53, 4, 42, 60, 6, 30]
Round 287 | train_loss=0.7043 train_acc=0.7490 test_loss=0.6820 test_acc=0.7633
Round 288 | selected=[97, 71, 60, 27, 90, 22, 58, 0, 3, 11]
Round 288 | train_loss=0.6817 train_acc=0.7598 test_loss=0.7362 test_acc=0.7547
Round 289 | selected=[1, 14, 13, 85, 0, 64, 95, 61, 19, 84]
Round 289 | train_loss=0.6995 train_acc=0.7574 test_loss=0.7117 test_acc=0.7572
Round 290 | selected=[84, 79, 54, 32, 2, 86, 67, 56, 19, 39]
Round 290 | train_loss=0.6665 train_acc=0.7686 test_loss=0.6470 test_acc=0.7778
Round 291 | selected=[72, 98, 30, 21, 75, 54, 77, 79, 32, 45]
Round 291 | train_loss=0.6684 train_acc=0.7672 test_loss=0.6911 test_acc=0.7604
Round 292 | selected=[9, 88, 5, 27, 42, 69, 70, 10, 31, 7]
Round 292 | train_loss=0.6606 train_acc=0.7684 test_loss=0.7006 test_acc=0.7637
Round 293 | selected=[61, 97, 34, 23, 62, 20, 42, 41, 72, 51]
Round 293 | train_loss=0.7029 train_acc=0.7566 test_loss=0.6470 test_acc=0.7736
Round 294 | selected=[25, 34, 3, 1, 19, 97, 84, 65, 90, 58]
Round 294 | train_loss=0.6620 train_acc=0.7676 test_loss=0.6403 test_acc=0.7804
Round 295 | selected=[97, 83, 12, 47, 82, 49, 58, 34, 37, 94]
Round 295 | train_loss=0.6754 train_acc=0.7664 test_loss=0.6732 test_acc=0.7683
Round 296 | selected=[79, 20, 3, 49, 4, 82, 75, 83, 57, 64]
Round 296 | train_loss=0.6701 train_acc=0.7680 test_loss=0.6534 test_acc=0.7799
Round 297 | selected=[26, 85, 13, 95, 36, 96, 12, 70, 91, 24]
Round 297 | train_loss=0.6884 train_acc=0.7618 test_loss=0.7146 test_acc=0.7607
Round 298 | selected=[25, 99, 43, 49, 78, 12, 51, 18, 75, 8]
Round 298 | train_loss=0.6422 train_acc=0.7752 test_loss=0.6863 test_acc=0.7640
Round 299 | selected=[97, 28, 49, 67, 30, 54, 16, 21, 33, 76]
Round 299 | train_loss=0.6727 train_acc=0.7588 test_loss=0.6795 test_acc=0.7668
Round 300 | selected=[13, 65, 5, 92, 95, 60, 26, 39, 78, 66]
Round 300 | train_loss=0.6663 train_acc=0.7632 test_loss=0.6824 test_acc=0.7718
Round 301 | selected=[9, 7, 93, 98, 56, 68, 45, 54, 61, 55]
Round 301 | train_loss=0.6779 train_acc=0.7644 test_loss=0.7108 test_acc=0.7628
Round 302 | selected=[70, 15, 24, 86, 52, 20, 89, 39, 26, 29]
Round 302 | train_loss=0.6601 train_acc=0.7740 test_loss=0.6879 test_acc=0.7642
Round 303 | selected=[88, 70, 93, 14, 40, 54, 38, 11, 83, 68]
Round 303 | train_loss=0.6543 train_acc=0.7728 test_loss=0.7283 test_acc=0.7546
Round 304 | selected=[32, 7, 18, 89, 71, 28, 47, 27, 8, 11]
Round 304 | train_loss=0.6646 train_acc=0.7680 test_loss=0.6447 test_acc=0.7788
Round 305 | selected=[45, 20, 3, 79, 63, 59, 56, 57, 16, 51]
Round 305 | train_loss=0.6663 train_acc=0.7718 test_loss=0.6724 test_acc=0.7716
Round 306 | selected=[64, 86, 36, 51, 71, 58, 67, 68, 83, 11]
Round 306 | train_loss=0.6403 train_acc=0.7736 test_loss=0.6605 test_acc=0.7755
Round 307 | selected=[15, 75, 99, 73, 85, 98, 49, 83, 93, 23]
Round 307 | train_loss=0.6643 train_acc=0.7684 test_loss=0.6286 test_acc=0.7824
Round 308 | selected=[69, 28, 30, 84, 15, 86, 87, 7, 36, 59]
Round 308 | train_loss=0.6345 train_acc=0.7742 test_loss=0.6999 test_acc=0.7630
Round 309 | selected=[16, 19, 85, 9, 34, 64, 66, 25, 35, 86]
Round 309 | train_loss=0.6824 train_acc=0.7574 test_loss=0.7069 test_acc=0.7651
Round 310 | selected=[93, 20, 90, 69, 28, 18, 52, 15, 19, 3]
Round 310 | train_loss=0.6524 train_acc=0.7690 test_loss=0.6861 test_acc=0.7634
Round 311 | selected=[34, 77, 19, 88, 85, 9, 45, 5, 20, 39]
Round 311 | train_loss=0.6453 train_acc=0.7712 test_loss=0.6850 test_acc=0.7738
Round 312 | selected=[5, 14, 60, 30, 49, 71, 87, 35, 39, 80]
Round 312 | train_loss=0.6659 train_acc=0.7526 test_loss=0.6571 test_acc=0.7744
Round 313 | selected=[63, 69, 41, 25, 81, 3, 68, 49, 34, 89]
Round 313 | train_loss=0.6350 train_acc=0.7728 test_loss=0.6734 test_acc=0.7715
Round 314 | selected=[82, 39, 65, 22, 38, 51, 36, 50, 10, 75]
Round 314 | train_loss=0.6392 train_acc=0.7736 test_loss=0.6233 test_acc=0.7861
Round 315 | selected=[63, 38, 85, 47, 55, 86, 4, 44, 76, 36]
Round 315 | train_loss=0.6464 train_acc=0.7718 test_loss=0.6300 test_acc=0.7835
Round 316 | selected=[67, 32, 53, 11, 61, 28, 62, 44, 98, 43]
Round 316 | train_loss=0.6288 train_acc=0.7750 test_loss=0.6679 test_acc=0.7750
Round 317 | selected=[54, 42, 31, 56, 37, 38, 4, 26, 55, 47]
Round 317 | train_loss=0.6760 train_acc=0.7678 test_loss=0.6440 test_acc=0.7779
Round 318 | selected=[77, 24, 38, 71, 6, 43, 79, 12, 84, 69]
Round 318 | train_loss=0.6381 train_acc=0.7658 test_loss=0.6351 test_acc=0.7859
Round 319 | selected=[22, 47, 46, 87, 35, 90, 2, 33, 53, 99]
Round 319 | train_loss=0.6403 train_acc=0.7776 test_loss=0.6337 test_acc=0.7804
Round 320 | selected=[94, 86, 38, 85, 83, 29, 68, 97, 92, 55]
Round 320 | train_loss=0.6440 train_acc=0.7772 test_loss=0.6514 test_acc=0.7776
Round 321 | selected=[33, 52, 40, 54, 43, 85, 97, 59, 83, 71]
Round 321 | train_loss=0.6329 train_acc=0.7764 test_loss=0.7603 test_acc=0.7599
Round 322 | selected=[39, 18, 9, 77, 71, 38, 99, 74, 25, 52]
Round 322 | train_loss=0.6343 train_acc=0.7862 test_loss=0.6722 test_acc=0.7690
Round 323 | selected=[85, 22, 13, 49, 88, 7, 98, 16, 56, 24]
Round 323 | train_loss=0.6558 train_acc=0.7794 test_loss=0.6719 test_acc=0.7742
Round 324 | selected=[43, 83, 24, 21, 97, 76, 30, 84, 75, 82]
Round 324 | train_loss=0.6248 train_acc=0.7806 test_loss=0.6961 test_acc=0.7640
Round 325 | selected=[69, 34, 42, 37, 92, 81, 17, 60, 88, 16]
Round 325 | train_loss=0.6269 train_acc=0.7786 test_loss=0.6571 test_acc=0.7799
Round 326 | selected=[27, 7, 8, 71, 40, 1, 86, 12, 4, 44]
Round 326 | train_loss=0.6117 train_acc=0.7858 test_loss=0.6336 test_acc=0.7843
Round 327 | selected=[85, 99, 68, 3, 9, 72, 57, 36, 82, 47]
Round 327 | train_loss=0.6256 train_acc=0.7802 test_loss=0.6168 test_acc=0.7919
Round 328 | selected=[87, 32, 37, 52, 27, 54, 45, 80, 57, 73]
Round 328 | train_loss=0.6484 train_acc=0.7752 test_loss=0.5975 test_acc=0.7952
Round 329 | selected=[73, 13, 77, 46, 64, 91, 33, 36, 62, 15]
Round 329 | train_loss=0.6490 train_acc=0.7792 test_loss=0.6242 test_acc=0.7840
Round 330 | selected=[3, 79, 26, 43, 96, 6, 54, 45, 85, 59]
Round 330 | train_loss=0.6197 train_acc=0.7808 test_loss=0.6059 test_acc=0.7906
Round 331 | selected=[0, 29, 41, 44, 7, 51, 23, 84, 33, 43]
Round 331 | train_loss=0.6095 train_acc=0.7906 test_loss=0.6429 test_acc=0.7836
Round 332 | selected=[7, 27, 68, 57, 83, 43, 42, 25, 3, 17]
Round 332 | train_loss=0.6099 train_acc=0.7806 test_loss=0.6073 test_acc=0.7913
Round 333 | selected=[73, 8, 34, 79, 81, 70, 94, 5, 74, 98]
Round 333 | train_loss=0.6206 train_acc=0.7830 test_loss=0.5943 test_acc=0.7971
Round 334 | selected=[16, 75, 82, 12, 48, 57, 97, 34, 24, 36]
Round 334 | train_loss=0.6259 train_acc=0.7834 test_loss=0.5993 test_acc=0.7982
Round 335 | selected=[61, 68, 64, 45, 47, 90, 74, 31, 93, 16]
Round 335 | train_loss=0.6340 train_acc=0.7802 test_loss=0.6337 test_acc=0.7797
Round 336 | selected=[43, 53, 1, 92, 73, 15, 94, 87, 52, 41]
Round 336 | train_loss=0.6140 train_acc=0.7826 test_loss=0.6234 test_acc=0.7895
Round 337 | selected=[34, 58, 25, 90, 72, 1, 88, 28, 52, 96]
Round 337 | train_loss=0.5909 train_acc=0.7888 test_loss=0.6135 test_acc=0.7890
Round 338 | selected=[67, 52, 69, 46, 25, 55, 29, 68, 56, 64]
Round 338 | train_loss=0.5923 train_acc=0.7926 test_loss=0.6441 test_acc=0.7834
Round 339 | selected=[82, 52, 80, 63, 25, 12, 21, 73, 6, 33]
Round 339 | train_loss=0.6223 train_acc=0.7802 test_loss=0.6773 test_acc=0.7714
Round 340 | selected=[6, 82, 4, 28, 13, 10, 23, 5, 63, 55]
Round 340 | train_loss=0.6317 train_acc=0.7806 test_loss=0.6210 test_acc=0.7914
Round 341 | selected=[98, 40, 29, 90, 12, 94, 66, 88, 34, 42]
Round 341 | train_loss=0.6053 train_acc=0.7894 test_loss=0.6352 test_acc=0.7866
Round 342 | selected=[26, 41, 31, 47, 13, 78, 86, 33, 82, 10]
Round 342 | train_loss=0.6145 train_acc=0.7824 test_loss=0.6217 test_acc=0.7900
Round 343 | selected=[3, 73, 48, 97, 53, 0, 6, 34, 87, 44]
Round 343 | train_loss=0.6331 train_acc=0.7762 test_loss=0.6126 test_acc=0.7913
Round 344 | selected=[61, 26, 12, 8, 23, 84, 73, 4, 79, 77]
Round 344 | train_loss=0.6035 train_acc=0.7844 test_loss=0.5990 test_acc=0.7921
Round 345 | selected=[22, 13, 98, 18, 34, 76, 24, 52, 0, 78]
Round 345 | train_loss=0.6162 train_acc=0.7888 test_loss=0.5810 test_acc=0.8012
Round 346 | selected=[15, 91, 94, 56, 43, 58, 63, 69, 93, 47]
Round 346 | train_loss=0.5733 train_acc=0.7946 test_loss=0.6133 test_acc=0.7905
Round 347 | selected=[92, 49, 52, 29, 54, 0, 51, 42, 64, 82]
Round 347 | train_loss=0.5908 train_acc=0.7994 test_loss=0.6238 test_acc=0.7872
Round 348 | selected=[74, 28, 96, 92, 39, 64, 88, 80, 22, 25]
Round 348 | train_loss=0.6028 train_acc=0.7844 test_loss=0.6174 test_acc=0.7874
Round 349 | selected=[60, 54, 20, 21, 67, 98, 39, 52, 90, 59]
Round 349 | train_loss=0.6243 train_acc=0.7862 test_loss=0.6281 test_acc=0.7877
Round 350 | selected=[3, 53, 84, 93, 81, 50, 19, 1, 10, 89]
Round 350 | train_loss=0.5936 train_acc=0.7952 test_loss=0.5858 test_acc=0.7978
Round 351 | selected=[96, 5, 88, 48, 9, 60, 12, 65, 83, 22]
Round 351 | train_loss=0.6187 train_acc=0.7826 test_loss=0.5991 test_acc=0.7967
Round 352 | selected=[85, 43, 42, 29, 38, 46, 86, 12, 62, 51]
Round 352 | train_loss=0.5952 train_acc=0.7938 test_loss=0.6443 test_acc=0.7897
Round 353 | selected=[88, 58, 25, 67, 31, 28, 97, 15, 53, 8]
Round 353 | train_loss=0.6112 train_acc=0.7816 test_loss=0.6371 test_acc=0.7840
Round 354 | selected=[16, 14, 4, 49, 89, 11, 83, 42, 80, 95]
Round 354 | train_loss=0.6324 train_acc=0.7768 test_loss=0.6300 test_acc=0.7891
Round 355 | selected=[18, 58, 73, 34, 54, 2, 23, 69, 95, 61]
Round 355 | train_loss=0.6136 train_acc=0.7902 test_loss=0.6013 test_acc=0.7955
Round 356 | selected=[98, 64, 16, 20, 66, 76, 32, 91, 96, 9]
Round 356 | train_loss=0.6027 train_acc=0.7926 test_loss=0.5988 test_acc=0.7987
Round 357 | selected=[67, 29, 4, 11, 85, 87, 3, 30, 39, 45]
Round 357 | train_loss=0.5896 train_acc=0.7932 test_loss=0.5893 test_acc=0.7971
Round 358 | selected=[85, 75, 33, 64, 55, 50, 47, 26, 4, 67]
Round 358 | train_loss=0.5864 train_acc=0.7940 test_loss=0.5863 test_acc=0.7994
Round 359 | selected=[48, 62, 58, 3, 57, 95, 45, 26, 94, 29]
Round 359 | train_loss=0.6126 train_acc=0.7900 test_loss=0.5961 test_acc=0.7969
Round 360 | selected=[68, 86, 88, 57, 67, 30, 45, 41, 47, 95]
Round 360 | train_loss=0.5666 train_acc=0.7988 test_loss=0.7009 test_acc=0.7695
Round 361 | selected=[3, 20, 87, 48, 80, 71, 97, 8, 98, 18]
Round 361 | train_loss=0.6008 train_acc=0.7874 test_loss=0.6013 test_acc=0.7956
Round 362 | selected=[74, 49, 41, 88, 4, 19, 98, 46, 6, 90]
Round 362 | train_loss=0.5932 train_acc=0.7876 test_loss=0.6068 test_acc=0.7966
Round 363 | selected=[57, 35, 8, 59, 94, 49, 83, 23, 95, 85]
Round 363 | train_loss=0.6038 train_acc=0.7876 test_loss=0.5978 test_acc=0.7937
Round 364 | selected=[43, 77, 30, 89, 32, 61, 10, 82, 56, 54]
Round 364 | train_loss=0.5767 train_acc=0.7906 test_loss=0.6437 test_acc=0.7896
Round 365 | selected=[40, 55, 48, 89, 88, 49, 24, 28, 83, 75]
Round 365 | train_loss=0.5595 train_acc=0.7980 test_loss=0.6163 test_acc=0.7906
Round 366 | selected=[96, 72, 92, 13, 17, 15, 26, 41, 65, 78]
Round 366 | train_loss=0.6151 train_acc=0.7842 test_loss=0.5843 test_acc=0.7996
Round 367 | selected=[43, 47, 20, 3, 31, 81, 45, 68, 17, 82]
Round 367 | train_loss=0.5741 train_acc=0.8082 test_loss=0.5836 test_acc=0.8020
Round 368 | selected=[22, 19, 87, 79, 94, 91, 69, 17, 48, 49]
Round 368 | train_loss=0.5899 train_acc=0.7960 test_loss=0.6553 test_acc=0.7829
Round 369 | selected=[62, 7, 25, 85, 66, 38, 18, 50, 56, 37]
Round 369 | train_loss=0.6192 train_acc=0.7818 test_loss=0.5938 test_acc=0.7993
Round 370 | selected=[39, 24, 42, 3, 10, 75, 59, 49, 55, 46]
Round 370 | train_loss=0.6015 train_acc=0.7880 test_loss=0.5773 test_acc=0.8038
Round 371 | selected=[91, 8, 74, 84, 76, 82, 35, 42, 86, 59]
Round 371 | train_loss=0.5826 train_acc=0.7960 test_loss=0.5882 test_acc=0.8030
Round 372 | selected=[9, 79, 77, 68, 21, 63, 5, 53, 36, 86]
Round 372 | train_loss=0.5770 train_acc=0.7922 test_loss=0.5725 test_acc=0.8060
Round 373 | selected=[52, 33, 72, 14, 81, 77, 3, 61, 46, 76]
Round 373 | train_loss=0.5762 train_acc=0.7996 test_loss=0.5945 test_acc=0.8021
Round 374 | selected=[18, 57, 98, 58, 43, 87, 97, 64, 10, 22]
Round 374 | train_loss=0.5612 train_acc=0.8074 test_loss=0.5872 test_acc=0.7978
Round 375 | selected=[52, 94, 14, 5, 23, 38, 46, 16, 1, 17]
Round 375 | train_loss=0.6078 train_acc=0.7824 test_loss=0.6380 test_acc=0.7900
Round 376 | selected=[3, 76, 12, 15, 39, 7, 95, 54, 17, 88]
Round 376 | train_loss=0.5527 train_acc=0.8022 test_loss=0.5943 test_acc=0.8000
Round 377 | selected=[22, 46, 90, 2, 76, 36, 48, 23, 4, 42]
Round 377 | train_loss=0.5948 train_acc=0.7918 test_loss=0.6155 test_acc=0.7929
Round 378 | selected=[87, 45, 21, 19, 36, 4, 3, 1, 65, 86]
Round 378 | train_loss=0.5889 train_acc=0.7914 test_loss=0.5947 test_acc=0.8000
Round 379 | selected=[38, 83, 44, 5, 54, 85, 43, 86, 60, 68]
Round 379 | train_loss=0.5614 train_acc=0.8014 test_loss=0.5829 test_acc=0.8034
Round 380 | selected=[92, 42, 35, 15, 21, 37, 72, 4, 54, 51]
Round 380 | train_loss=0.5812 train_acc=0.7986 test_loss=0.5758 test_acc=0.8040
Round 381 | selected=[44, 82, 22, 37, 83, 55, 41, 20, 69, 56]
Round 381 | train_loss=0.5581 train_acc=0.8044 test_loss=0.5874 test_acc=0.8011
Round 382 | selected=[17, 69, 96, 11, 2, 86, 6, 77, 97, 56]
Round 382 | train_loss=0.5802 train_acc=0.7960 test_loss=0.6254 test_acc=0.7900
Round 383 | selected=[82, 27, 14, 71, 21, 94, 91, 45, 1, 77]
Round 383 | train_loss=0.5640 train_acc=0.8006 test_loss=0.5738 test_acc=0.8032
Round 384 | selected=[4, 6, 87, 81, 27, 51, 84, 7, 50, 82]
Round 384 | train_loss=0.5895 train_acc=0.7986 test_loss=0.6284 test_acc=0.7922
Round 385 | selected=[42, 51, 38, 98, 72, 3, 57, 0, 48, 13]
Round 385 | train_loss=0.5847 train_acc=0.7976 test_loss=0.5733 test_acc=0.8060
Round 386 | selected=[44, 3, 90, 56, 95, 66, 51, 54, 38, 60]
Round 386 | train_loss=0.5577 train_acc=0.8036 test_loss=0.5707 test_acc=0.8085
Round 387 | selected=[32, 61, 24, 5, 72, 51, 40, 73, 93, 18]
Round 387 | train_loss=0.5503 train_acc=0.8046 test_loss=0.6095 test_acc=0.7935
Round 388 | selected=[25, 47, 98, 42, 31, 81, 84, 57, 24, 62]
Round 388 | train_loss=0.5555 train_acc=0.8034 test_loss=0.5677 test_acc=0.8070
Round 389 | selected=[28, 16, 86, 62, 51, 35, 9, 37, 44, 57]
Round 389 | train_loss=0.5572 train_acc=0.8020 test_loss=0.5726 test_acc=0.8063
Round 390 | selected=[36, 37, 98, 66, 85, 38, 74, 52, 92, 87]
Round 390 | train_loss=0.5640 train_acc=0.8010 test_loss=0.6305 test_acc=0.7884
Round 391 | selected=[3, 77, 64, 49, 19, 55, 18, 68, 12, 35]
Round 391 | train_loss=0.5365 train_acc=0.8110 test_loss=0.5693 test_acc=0.8111
Round 392 | selected=[39, 51, 60, 72, 61, 38, 23, 4, 55, 88]
Round 392 | train_loss=0.5365 train_acc=0.8158 test_loss=0.5584 test_acc=0.8115
Round 393 | selected=[8, 77, 28, 38, 56, 79, 22, 48, 69, 53]
Round 393 | train_loss=0.5653 train_acc=0.8024 test_loss=0.6264 test_acc=0.7921
Round 394 | selected=[71, 20, 10, 26, 30, 84, 9, 14, 50, 47]
Round 394 | train_loss=0.5713 train_acc=0.7948 test_loss=0.5706 test_acc=0.8066
Round 395 | selected=[35, 56, 30, 19, 36, 83, 25, 28, 16, 13]
Round 395 | train_loss=0.5812 train_acc=0.7990 test_loss=0.5531 test_acc=0.8139
Round 396 | selected=[71, 79, 49, 61, 73, 59, 60, 83, 10, 81]
Round 396 | train_loss=0.5370 train_acc=0.8176 test_loss=0.5678 test_acc=0.8021
Round 397 | selected=[30, 94, 28, 68, 57, 74, 34, 81, 86, 33]
Round 397 | train_loss=0.5391 train_acc=0.8104 test_loss=0.5760 test_acc=0.8083
Round 398 | selected=[25, 45, 51, 62, 91, 55, 12, 46, 53, 63]
Round 398 | train_loss=0.5528 train_acc=0.8122 test_loss=0.5521 test_acc=0.8151
Round 399 | selected=[48, 60, 78, 39, 75, 72, 70, 59, 19, 27]
Round 399 | train_loss=0.5710 train_acc=0.8044 test_loss=0.5879 test_acc=0.8022
Round 400 | selected=[58, 16, 89, 40, 44, 53, 79, 93, 47, 69]
Round 400 | train_loss=0.5504 train_acc=0.8074 test_loss=0.5855 test_acc=0.8098
Round 401 | selected=[30, 61, 62, 45, 76, 60, 12, 78, 55, 71]
Round 401 | train_loss=0.5288 train_acc=0.8188 test_loss=0.5685 test_acc=0.8051
Round 402 | selected=[60, 0, 12, 33, 15, 49, 13, 48, 52, 58]
Round 402 | train_loss=0.5308 train_acc=0.8156 test_loss=0.5962 test_acc=0.8028
Round 403 | selected=[57, 52, 21, 55, 96, 33, 29, 71, 84, 48]
Round 403 | train_loss=0.5487 train_acc=0.8104 test_loss=0.5839 test_acc=0.8003
Round 404 | selected=[68, 83, 92, 91, 8, 13, 10, 25, 66, 53]
Round 404 | train_loss=0.5294 train_acc=0.8168 test_loss=0.6414 test_acc=0.7875
Round 405 | selected=[46, 36, 82, 76, 1, 51, 63, 65, 54, 70]
Round 405 | train_loss=0.5495 train_acc=0.8076 test_loss=0.5720 test_acc=0.8099
Round 406 | selected=[76, 86, 8, 30, 3, 91, 93, 16, 55, 57]
Round 406 | train_loss=0.5415 train_acc=0.8100 test_loss=0.5840 test_acc=0.8053
Round 407 | selected=[7, 3, 81, 70, 98, 24, 44, 8, 39, 16]
Round 407 | train_loss=0.5510 train_acc=0.8104 test_loss=0.5686 test_acc=0.8104
Round 408 | selected=[79, 44, 97, 35, 77, 6, 46, 29, 38, 82]
Round 408 | train_loss=0.5380 train_acc=0.8136 test_loss=0.5619 test_acc=0.8106
Round 409 | selected=[54, 0, 51, 65, 41, 34, 84, 70, 3, 36]
Round 409 | train_loss=0.5420 train_acc=0.8100 test_loss=0.5630 test_acc=0.8158
Round 410 | selected=[43, 11, 38, 47, 69, 30, 22, 88, 19, 24]
Round 410 | train_loss=0.5282 train_acc=0.8188 test_loss=0.5981 test_acc=0.8029
Round 411 | selected=[62, 98, 10, 76, 14, 25, 49, 7, 89, 17]
Round 411 | train_loss=0.5304 train_acc=0.8176 test_loss=0.5595 test_acc=0.8135
Round 412 | selected=[34, 19, 37, 70, 98, 64, 69, 5, 94, 3]
Round 412 | train_loss=0.5427 train_acc=0.8134 test_loss=0.6136 test_acc=0.8006
Round 413 | selected=[51, 28, 42, 21, 29, 30, 38, 96, 34, 97]
Round 413 | train_loss=0.5603 train_acc=0.8072 test_loss=0.5500 test_acc=0.8140
Round 414 | selected=[98, 67, 83, 59, 41, 45, 39, 70, 21, 25]
Round 414 | train_loss=0.5391 train_acc=0.8116 test_loss=0.6077 test_acc=0.7979
Round 415 | selected=[7, 15, 43, 85, 41, 50, 67, 21, 90, 5]
Round 415 | train_loss=0.5512 train_acc=0.8058 test_loss=0.5857 test_acc=0.8059
Round 416 | selected=[73, 77, 81, 41, 99, 10, 54, 89, 20, 85]
Round 416 | train_loss=0.5616 train_acc=0.8082 test_loss=0.5653 test_acc=0.8071
Round 417 | selected=[24, 60, 96, 79, 36, 56, 38, 74, 19, 35]
Round 417 | train_loss=0.5099 train_acc=0.8226 test_loss=0.5968 test_acc=0.8006
Round 418 | selected=[48, 82, 66, 74, 15, 51, 24, 98, 76, 33]
Round 418 | train_loss=0.5289 train_acc=0.8166 test_loss=0.5590 test_acc=0.8103
Round 419 | selected=[19, 88, 66, 76, 48, 37, 57, 0, 14, 62]
Round 419 | train_loss=0.5282 train_acc=0.8134 test_loss=0.5457 test_acc=0.8179
Round 420 | selected=[88, 77, 68, 0, 32, 9, 20, 90, 79, 8]
Round 420 | train_loss=0.5305 train_acc=0.8136 test_loss=0.5971 test_acc=0.8029
Round 421 | selected=[22, 71, 9, 65, 64, 7, 2, 73, 21, 40]
Round 421 | train_loss=0.5534 train_acc=0.8070 test_loss=0.5710 test_acc=0.8069
Round 422 | selected=[60, 73, 61, 4, 21, 48, 95, 51, 56, 55]
Round 422 | train_loss=0.5294 train_acc=0.8108 test_loss=0.5665 test_acc=0.8160
Round 423 | selected=[37, 74, 73, 36, 52, 33, 60, 31, 21, 43]
Round 423 | train_loss=0.5265 train_acc=0.8194 test_loss=0.5400 test_acc=0.8202
Round 424 | selected=[78, 56, 34, 12, 60, 65, 10, 39, 11, 57]
Round 424 | train_loss=0.4977 train_acc=0.8272 test_loss=0.5431 test_acc=0.8164
Round 425 | selected=[21, 93, 77, 97, 89, 4, 16, 56, 87, 63]
Round 425 | train_loss=0.5528 train_acc=0.8062 test_loss=0.5812 test_acc=0.8076
Round 426 | selected=[78, 64, 7, 94, 68, 10, 36, 39, 89, 23]
Round 426 | train_loss=0.5203 train_acc=0.8202 test_loss=0.5647 test_acc=0.8107
Round 427 | selected=[90, 27, 55, 44, 95, 51, 20, 50, 62, 69]
Round 427 | train_loss=0.5158 train_acc=0.8190 test_loss=0.5467 test_acc=0.8196
Round 428 | selected=[2, 98, 7, 73, 72, 14, 48, 56, 21, 92]
Round 428 | train_loss=0.5241 train_acc=0.8162 test_loss=0.5808 test_acc=0.8105
Round 429 | selected=[4, 34, 14, 68, 54, 17, 27, 57, 63, 16]
Round 429 | train_loss=0.5486 train_acc=0.8086 test_loss=0.5686 test_acc=0.8126
Round 430 | selected=[90, 85, 99, 60, 4, 5, 72, 57, 92, 20]
Round 430 | train_loss=0.5106 train_acc=0.8184 test_loss=0.5777 test_acc=0.8073
Round 431 | selected=[90, 29, 95, 23, 31, 97, 7, 16, 86, 34]
Round 431 | train_loss=0.5279 train_acc=0.8162 test_loss=0.5764 test_acc=0.8072
Round 432 | selected=[58, 95, 63, 60, 75, 37, 18, 45, 93, 42]
Round 432 | train_loss=0.5642 train_acc=0.8040 test_loss=0.5558 test_acc=0.8125
Round 433 | selected=[41, 10, 52, 79, 45, 94, 16, 20, 81, 80]
Round 433 | train_loss=0.5500 train_acc=0.8106 test_loss=0.5466 test_acc=0.8188
Round 434 | selected=[23, 86, 49, 93, 15, 71, 77, 5, 79, 70]
Round 434 | train_loss=0.5266 train_acc=0.8162 test_loss=0.6030 test_acc=0.8052
Round 435 | selected=[21, 34, 75, 43, 98, 99, 44, 35, 23, 64]
Round 435 | train_loss=0.5250 train_acc=0.8188 test_loss=0.5342 test_acc=0.8199
Round 436 | selected=[21, 89, 58, 75, 2, 46, 52, 40, 87, 10]
Round 436 | train_loss=0.5354 train_acc=0.8164 test_loss=0.5824 test_acc=0.8070
Round 437 | selected=[22, 59, 10, 94, 97, 87, 16, 33, 34, 57]
Round 437 | train_loss=0.5169 train_acc=0.8206 test_loss=0.6026 test_acc=0.8018
Round 438 | selected=[84, 50, 77, 39, 37, 4, 96, 53, 66, 6]
Round 438 | train_loss=0.5396 train_acc=0.8110 test_loss=0.6046 test_acc=0.8049
Round 439 | selected=[24, 81, 21, 69, 14, 52, 98, 78, 6, 86]
Round 439 | train_loss=0.5304 train_acc=0.8178 test_loss=0.6259 test_acc=0.7933
Round 440 | selected=[48, 10, 69, 43, 85, 59, 98, 19, 58, 64]
Round 440 | train_loss=0.5202 train_acc=0.8196 test_loss=0.5620 test_acc=0.8150
Round 441 | selected=[52, 78, 19, 11, 97, 91, 47, 63, 23, 72]
Round 441 | train_loss=0.5378 train_acc=0.8108 test_loss=0.5688 test_acc=0.8089
Round 442 | selected=[82, 10, 16, 61, 74, 37, 11, 99, 79, 65]
Round 442 | train_loss=0.5228 train_acc=0.8194 test_loss=0.5182 test_acc=0.8231
Round 443 | selected=[60, 97, 54, 99, 72, 78, 71, 40, 15, 52]
Round 443 | train_loss=0.4857 train_acc=0.8318 test_loss=0.5711 test_acc=0.8128
Round 444 | selected=[23, 24, 27, 34, 14, 95, 91, 63, 8, 60]
Round 444 | train_loss=0.4940 train_acc=0.8306 test_loss=0.6354 test_acc=0.7942
Round 445 | selected=[13, 29, 62, 97, 66, 45, 85, 38, 60, 52]
Round 445 | train_loss=0.5310 train_acc=0.8182 test_loss=0.5463 test_acc=0.8201
Round 446 | selected=[33, 44, 7, 84, 79, 35, 96, 48, 56, 83]
Round 446 | train_loss=0.5174 train_acc=0.8188 test_loss=0.5192 test_acc=0.8278
Round 447 | selected=[78, 25, 62, 11, 96, 50, 54, 31, 99, 86]
Round 447 | train_loss=0.4840 train_acc=0.8358 test_loss=0.5618 test_acc=0.8088
Round 448 | selected=[77, 5, 35, 11, 93, 38, 6, 36, 70, 75]
Round 448 | train_loss=0.5527 train_acc=0.8086 test_loss=0.5408 test_acc=0.8183
Round 449 | selected=[44, 41, 53, 99, 40, 70, 6, 11, 51, 47]
Round 449 | train_loss=0.4971 train_acc=0.8170 test_loss=0.5466 test_acc=0.8156
Round 450 | selected=[91, 34, 46, 68, 97, 37, 20, 81, 2, 40]
Round 450 | train_loss=0.5189 train_acc=0.8200 test_loss=0.5461 test_acc=0.8155
Round 451 | selected=[30, 62, 47, 57, 82, 68, 24, 77, 36, 31]
Round 451 | train_loss=0.4968 train_acc=0.8318 test_loss=0.5568 test_acc=0.8104
Round 452 | selected=[14, 88, 98, 74, 20, 16, 58, 77, 99, 62]
Round 452 | train_loss=0.4949 train_acc=0.8312 test_loss=0.5729 test_acc=0.8109
Round 453 | selected=[99, 50, 9, 2, 91, 73, 29, 68, 86, 62]
Round 453 | train_loss=0.4886 train_acc=0.8332 test_loss=0.5573 test_acc=0.8167
Round 454 | selected=[32, 36, 15, 28, 24, 80, 62, 71, 0, 43]
Round 454 | train_loss=0.4972 train_acc=0.8256 test_loss=0.5523 test_acc=0.8157
Round 455 | selected=[97, 14, 93, 26, 44, 60, 78, 91, 65, 83]
Round 455 | train_loss=0.5116 train_acc=0.8240 test_loss=0.5334 test_acc=0.8214
Round 456 | selected=[28, 52, 69, 85, 15, 41, 75, 48, 54, 73]
Round 456 | train_loss=0.5177 train_acc=0.8188 test_loss=0.5613 test_acc=0.8179
Round 457 | selected=[35, 89, 40, 61, 68, 90, 73, 51, 55, 4]
Round 457 | train_loss=0.4727 train_acc=0.8300 test_loss=0.5487 test_acc=0.8136
Round 458 | selected=[18, 0, 98, 28, 26, 93, 68, 95, 37, 29]
Round 458 | train_loss=0.5082 train_acc=0.8240 test_loss=0.5385 test_acc=0.8193
Round 459 | selected=[34, 69, 22, 91, 48, 66, 70, 94, 47, 99]
Round 459 | train_loss=0.5106 train_acc=0.8220 test_loss=0.6221 test_acc=0.8006
Round 460 | selected=[37, 13, 35, 34, 60, 90, 28, 50, 73, 40]
Round 460 | train_loss=0.4770 train_acc=0.8356 test_loss=0.5528 test_acc=0.8148
Round 461 | selected=[69, 27, 26, 89, 64, 93, 54, 67, 44, 57]
Round 461 | train_loss=0.5253 train_acc=0.8170 test_loss=0.5846 test_acc=0.8084
Round 462 | selected=[26, 83, 30, 5, 43, 44, 91, 8, 93, 6]
Round 462 | train_loss=0.4855 train_acc=0.8312 test_loss=0.5409 test_acc=0.8213
Round 463 | selected=[63, 2, 29, 62, 74, 69, 37, 91, 78, 14]
Round 463 | train_loss=0.4908 train_acc=0.8382 test_loss=0.5838 test_acc=0.8092
Round 464 | selected=[21, 59, 82, 78, 68, 99, 15, 47, 71, 93]
Round 464 | train_loss=0.4967 train_acc=0.8208 test_loss=0.5595 test_acc=0.8150
Round 465 | selected=[61, 99, 89, 95, 81, 71, 64, 42, 14, 35]
Round 465 | train_loss=0.5244 train_acc=0.8124 test_loss=0.5592 test_acc=0.8155
Round 466 | selected=[74, 69, 55, 29, 84, 19, 12, 73, 64, 94]
Round 466 | train_loss=0.4970 train_acc=0.8280 test_loss=0.5202 test_acc=0.8267
Round 467 | selected=[49, 23, 48, 90, 19, 29, 92, 63, 66, 6]
Round 467 | train_loss=0.4955 train_acc=0.8246 test_loss=0.5448 test_acc=0.8223
Round 468 | selected=[9, 49, 61, 94, 30, 79, 75, 36, 5, 4]
Round 468 | train_loss=0.4965 train_acc=0.8258 test_loss=0.5538 test_acc=0.8204
Round 469 | selected=[38, 21, 72, 77, 16, 18, 62, 46, 53, 78]
Round 469 | train_loss=0.5141 train_acc=0.8184 test_loss=0.5351 test_acc=0.8180
Round 470 | selected=[68, 51, 56, 72, 34, 27, 7, 65, 57, 73]
Round 470 | train_loss=0.4846 train_acc=0.8272 test_loss=0.5248 test_acc=0.8245
Round 471 | selected=[10, 43, 96, 4, 90, 36, 70, 48, 9, 87]
Round 471 | train_loss=0.5186 train_acc=0.8194 test_loss=0.5257 test_acc=0.8251
Round 472 | selected=[49, 92, 66, 45, 98, 85, 8, 5, 37, 27]
Round 472 | train_loss=0.5084 train_acc=0.8230 test_loss=0.5790 test_acc=0.8112
Round 473 | selected=[14, 26, 1, 60, 72, 16, 93, 24, 75, 40]
Round 473 | train_loss=0.4804 train_acc=0.8326 test_loss=0.5169 test_acc=0.8269
Round 474 | selected=[24, 81, 71, 51, 96, 40, 65, 68, 4, 19]
Round 474 | train_loss=0.4750 train_acc=0.8338 test_loss=0.5167 test_acc=0.8269
Round 475 | selected=[26, 80, 85, 71, 9, 68, 81, 54, 10, 34]
Round 475 | train_loss=0.4957 train_acc=0.8278 test_loss=0.5460 test_acc=0.8201
Round 476 | selected=[24, 8, 31, 71, 23, 79, 65, 21, 86, 38]
Round 476 | train_loss=0.4927 train_acc=0.8320 test_loss=0.5742 test_acc=0.8101
Round 477 | selected=[82, 97, 61, 42, 90, 7, 53, 44, 88, 17]
Round 477 | train_loss=0.5188 train_acc=0.8176 test_loss=0.5607 test_acc=0.8144
Round 478 | selected=[84, 73, 66, 47, 44, 75, 83, 55, 80, 11]
Round 478 | train_loss=0.4910 train_acc=0.8224 test_loss=0.5588 test_acc=0.8107
Round 479 | selected=[93, 40, 1, 66, 61, 99, 54, 2, 16, 96]
Round 479 | train_loss=0.4670 train_acc=0.8378 test_loss=0.5178 test_acc=0.8266
Round 480 | selected=[86, 94, 82, 23, 24, 71, 66, 36, 77, 16]
Round 480 | train_loss=0.4675 train_acc=0.8384 test_loss=0.5701 test_acc=0.8139
Round 481 | selected=[9, 7, 28, 65, 63, 32, 16, 87, 99, 15]
Round 481 | train_loss=0.4920 train_acc=0.8296 test_loss=0.5253 test_acc=0.8223
Round 482 | selected=[52, 75, 59, 72, 25, 39, 12, 64, 26, 78]
Round 482 | train_loss=0.5004 train_acc=0.8278 test_loss=0.5370 test_acc=0.8216
Round 483 | selected=[41, 19, 54, 29, 82, 4, 7, 9, 27, 50]
Round 483 | train_loss=0.4773 train_acc=0.8316 test_loss=0.5357 test_acc=0.8185
Round 484 | selected=[45, 55, 75, 58, 64, 3, 22, 53, 4, 97]
Round 484 | train_loss=0.4838 train_acc=0.8362 test_loss=0.5367 test_acc=0.8217
Round 485 | selected=[77, 57, 42, 0, 89, 58, 92, 5, 49, 11]
Round 485 | train_loss=0.5097 train_acc=0.8258 test_loss=0.5394 test_acc=0.8222
Round 486 | selected=[92, 18, 20, 58, 66, 59, 84, 62, 9, 64]
Round 486 | train_loss=0.4817 train_acc=0.8342 test_loss=0.5397 test_acc=0.8258
Round 487 | selected=[22, 8, 25, 80, 19, 96, 81, 69, 60, 68]
Round 487 | train_loss=0.4762 train_acc=0.8358 test_loss=0.5309 test_acc=0.8233
Round 488 | selected=[83, 74, 17, 10, 23, 36, 99, 87, 60, 81]
Round 488 | train_loss=0.4805 train_acc=0.8300 test_loss=0.5336 test_acc=0.8264
Round 489 | selected=[85, 64, 97, 13, 99, 40, 78, 35, 0, 10]
Round 489 | train_loss=0.4820 train_acc=0.8354 test_loss=0.5169 test_acc=0.8279
Round 490 | selected=[25, 22, 31, 56, 85, 74, 72, 7, 36, 63]
Round 490 | train_loss=0.4797 train_acc=0.8332 test_loss=0.5440 test_acc=0.8194
Round 491 | selected=[53, 32, 56, 99, 12, 98, 75, 89, 67, 72]
Round 491 | train_loss=0.4820 train_acc=0.8312 test_loss=0.5679 test_acc=0.8136
Round 492 | selected=[53, 80, 65, 64, 44, 6, 10, 41, 86, 77]
Round 492 | train_loss=0.4931 train_acc=0.8266 test_loss=0.5700 test_acc=0.8097
Round 493 | selected=[88, 97, 8, 19, 47, 18, 99, 73, 1, 85]
Round 493 | train_loss=0.4733 train_acc=0.8386 test_loss=0.5590 test_acc=0.8184
Round 494 | selected=[19, 42, 78, 33, 41, 50, 56, 72, 89, 98]
Round 494 | train_loss=0.4629 train_acc=0.8352 test_loss=0.5181 test_acc=0.8270
Round 495 | selected=[62, 39, 87, 74, 36, 91, 7, 37, 49, 10]
Round 495 | train_loss=0.4679 train_acc=0.8384 test_loss=0.5381 test_acc=0.8207
Round 496 | selected=[83, 22, 41, 7, 51, 8, 82, 45, 80, 36]
Round 496 | train_loss=0.4898 train_acc=0.8306 test_loss=0.5367 test_acc=0.8226
Round 497 | selected=[28, 23, 98, 24, 29, 46, 82, 40, 10, 77]
Round 497 | train_loss=0.4606 train_acc=0.8374 test_loss=0.5050 test_acc=0.8294
Round 498 | selected=[14, 6, 59, 49, 40, 97, 22, 86, 15, 99]
Round 498 | train_loss=0.4656 train_acc=0.8354 test_loss=0.5334 test_acc=0.8256
Round 499 | selected=[3, 94, 16, 47, 19, 20, 55, 51, 60, 89]
Round 499 | train_loss=0.4561 train_acc=0.8392 test_loss=0.5139 test_acc=0.8306
Round 500 | selected=[87, 19, 15, 59, 0, 7, 24, 38, 48, 8]
Round 500 | train_loss=0.4743 train_acc=0.8334 test_loss=0.5033 test_acc=0.8332
Saved: track1/results/cifar10/final_seed45/fedavg_iid_seed45.csv
COMPLETED: fedavg iid seed=45
