========================================
JOB:       12001391
TASK:      3
ALGORITHM: fedavg
PARTITION: alpha01
SEED:      42
GPU:       0
========================================
Device: cuda
GPU: NVIDIA L40S
Round 0 | test_loss=3.2142 test_acc=0.1000
Round 1 | selected=[96, 71, 8, 60, 41, 94, 68, 9, 19, 82]
Round 1 | train_loss=1.2545 train_acc=0.5830 test_loss=2.6600 test_acc=0.1100
Round 2 | selected=[75, 39, 34, 62, 81, 17, 40, 46, 54, 88]
Round 2 | train_loss=1.7562 train_acc=0.5804 test_loss=3.9701 test_acc=0.1344
Round 3 | selected=[66, 71, 25, 44, 34, 15, 58, 89, 95, 6]
Round 3 | train_loss=2.4658 train_acc=0.5442 test_loss=8.1678 test_acc=0.1000
Round 4 | selected=[93, 40, 70, 32, 63, 68, 35, 90, 14, 86]
Round 4 | train_loss=1.9722 train_acc=0.5820 test_loss=9.7716 test_acc=0.1000
Round 5 | selected=[70, 81, 20, 62, 89, 98, 41, 15, 52, 30]
Round 5 | train_loss=2.8435 train_acc=0.4784 test_loss=6.9915 test_acc=0.0942
Round 6 | selected=[63, 26, 0, 19, 22, 13, 59, 79, 99, 78]
Round 6 | train_loss=1.5251 train_acc=0.6460 test_loss=3.9328 test_acc=0.1335
Round 7 | selected=[23, 65, 52, 3, 42, 13, 47, 46, 10, 64]
Round 7 | train_loss=1.7255 train_acc=0.5186 test_loss=3.8722 test_acc=0.1578
Round 8 | selected=[33, 56, 28, 96, 27, 73, 50, 42, 21, 2]
Round 8 | train_loss=1.7337 train_acc=0.5248 test_loss=3.4054 test_acc=0.1000
Round 9 | selected=[76, 40, 66, 48, 83, 27, 53, 98, 62, 11]
Round 9 | train_loss=1.5869 train_acc=0.6018 test_loss=3.3909 test_acc=0.1076
Round 10 | selected=[15, 88, 49, 93, 8, 67, 65, 68, 43, 70]
Round 10 | train_loss=1.5205 train_acc=0.5594 test_loss=2.6077 test_acc=0.1778
Round 11 | selected=[33, 62, 8, 11, 57, 56, 91, 96, 98, 34]
Round 11 | train_loss=1.3028 train_acc=0.6164 test_loss=2.4233 test_acc=0.1733
Round 12 | selected=[70, 26, 66, 95, 7, 9, 42, 74, 24, 44]
Round 12 | train_loss=1.2198 train_acc=0.6010 test_loss=2.3855 test_acc=0.1552
Round 13 | selected=[47, 70, 65, 43, 99, 49, 1, 16, 72, 80]
Round 13 | train_loss=1.3481 train_acc=0.5698 test_loss=2.7311 test_acc=0.1375
Round 14 | selected=[37, 64, 3, 16, 31, 14, 18, 46, 67, 72]
Round 14 | train_loss=1.4382 train_acc=0.5176 test_loss=2.6074 test_acc=0.1176
Round 15 | selected=[55, 14, 2, 48, 56, 31, 41, 40, 93, 28]
Round 15 | train_loss=1.2905 train_acc=0.6306 test_loss=2.2155 test_acc=0.1906
Round 16 | selected=[53, 44, 54, 32, 25, 85, 14, 50, 93, 77]
Round 16 | train_loss=1.0753 train_acc=0.7032 test_loss=2.8404 test_acc=0.1448
Round 17 | selected=[99, 29, 49, 12, 52, 64, 65, 11, 10, 28]
Round 17 | train_loss=1.3380 train_acc=0.5890 test_loss=2.4581 test_acc=0.1797
Round 18 | selected=[21, 83, 30, 22, 13, 89, 97, 53, 3, 36]
Round 18 | train_loss=1.2206 train_acc=0.6548 test_loss=2.2623 test_acc=0.2171
Round 19 | selected=[52, 47, 4, 89, 94, 56, 17, 16, 24, 84]
Round 19 | train_loss=1.5268 train_acc=0.4980 test_loss=2.5045 test_acc=0.1278
Round 20 | selected=[49, 45, 20, 2, 76, 81, 33, 83, 10, 30]
Round 20 | train_loss=1.5011 train_acc=0.4954 test_loss=3.3548 test_acc=0.1332
Round 21 | selected=[98, 15, 22, 0, 11, 6, 3, 88, 86, 81]
Round 21 | train_loss=1.6140 train_acc=0.5100 test_loss=2.6170 test_acc=0.2233
Round 22 | selected=[48, 92, 30, 72, 47, 93, 42, 14, 91, 28]
Round 22 | train_loss=1.1823 train_acc=0.6806 test_loss=2.5340 test_acc=0.1589
Round 23 | selected=[86, 65, 85, 46, 19, 72, 55, 80, 40, 26]
Round 23 | train_loss=1.4003 train_acc=0.5344 test_loss=2.5872 test_acc=0.1471
Round 24 | selected=[91, 65, 7, 84, 49, 12, 47, 36, 28, 31]
Round 24 | train_loss=1.2732 train_acc=0.5970 test_loss=2.2734 test_acc=0.2561
Round 25 | selected=[13, 78, 9, 41, 0, 68, 72, 96, 95, 58]
Round 25 | train_loss=1.4272 train_acc=0.5636 test_loss=2.1473 test_acc=0.2315
Round 26 | selected=[71, 77, 46, 80, 24, 78, 27, 10, 62, 1]
Round 26 | train_loss=1.4230 train_acc=0.5098 test_loss=2.3234 test_acc=0.2381
Round 27 | selected=[26, 63, 86, 35, 40, 96, 37, 95, 88, 11]
Round 27 | train_loss=1.3594 train_acc=0.5610 test_loss=2.1326 test_acc=0.2151
Round 28 | selected=[35, 45, 88, 82, 6, 74, 57, 19, 9, 14]
Round 28 | train_loss=1.2202 train_acc=0.6260 test_loss=2.1114 test_acc=0.2277
Round 29 | selected=[2, 70, 93, 43, 11, 53, 14, 52, 5, 26]
Round 29 | train_loss=1.1845 train_acc=0.6284 test_loss=2.2583 test_acc=0.2364
Round 30 | selected=[92, 29, 98, 53, 70, 77, 84, 76, 47, 35]
Round 30 | train_loss=1.2720 train_acc=0.6084 test_loss=2.1253 test_acc=0.2353
Round 31 | selected=[4, 38, 89, 35, 0, 26, 88, 10, 51, 86]
Round 31 | train_loss=1.3264 train_acc=0.5570 test_loss=2.3471 test_acc=0.1330
Round 32 | selected=[22, 73, 56, 83, 93, 76, 98, 62, 30, 77]
Round 32 | train_loss=1.2645 train_acc=0.6064 test_loss=2.0044 test_acc=0.2511
Round 33 | selected=[24, 66, 36, 74, 77, 26, 62, 43, 78, 87]
Round 33 | train_loss=1.2190 train_acc=0.6404 test_loss=2.4106 test_acc=0.1894
Round 34 | selected=[69, 33, 23, 46, 36, 41, 31, 67, 17, 34]
Round 34 | train_loss=1.4844 train_acc=0.5414 test_loss=2.2309 test_acc=0.2244
Round 35 | selected=[19, 54, 46, 53, 79, 49, 89, 41, 62, 78]
Round 35 | train_loss=1.2886 train_acc=0.6150 test_loss=2.1436 test_acc=0.2018
Round 36 | selected=[12, 46, 80, 99, 59, 9, 86, 63, 91, 62]
Round 36 | train_loss=1.2221 train_acc=0.6064 test_loss=2.0503 test_acc=0.2290
Round 37 | selected=[55, 96, 73, 92, 77, 94, 42, 75, 37, 15]
Round 37 | train_loss=1.0026 train_acc=0.6902 test_loss=2.0489 test_acc=0.2109
Round 38 | selected=[72, 54, 15, 45, 11, 52, 0, 96, 51, 66]
Round 38 | train_loss=1.2532 train_acc=0.6028 test_loss=2.3178 test_acc=0.2007
Round 39 | selected=[76, 8, 93, 73, 64, 72, 68, 11, 47, 41]
Round 39 | train_loss=1.1773 train_acc=0.6290 test_loss=2.1325 test_acc=0.2034
Round 40 | selected=[51, 34, 15, 96, 30, 25, 74, 97, 69, 58]
Round 40 | train_loss=1.3384 train_acc=0.5754 test_loss=2.4501 test_acc=0.1818
Round 41 | selected=[87, 88, 46, 50, 34, 37, 74, 16, 13, 59]
Round 41 | train_loss=1.2862 train_acc=0.5520 test_loss=2.0984 test_acc=0.2631
Round 42 | selected=[3, 67, 57, 80, 59, 94, 45, 11, 54, 77]
Round 42 | train_loss=1.0582 train_acc=0.6886 test_loss=2.1199 test_acc=0.2636
Round 43 | selected=[88, 76, 1, 11, 40, 48, 71, 28, 53, 93]
Round 43 | train_loss=1.0977 train_acc=0.6516 test_loss=2.2286 test_acc=0.2093
Round 44 | selected=[2, 13, 63, 68, 92, 96, 61, 9, 97, 8]
Round 44 | train_loss=1.3402 train_acc=0.5520 test_loss=2.2441 test_acc=0.1883
Round 45 | selected=[99, 1, 0, 85, 3, 63, 27, 88, 73, 18]
Round 45 | train_loss=1.2953 train_acc=0.6016 test_loss=2.0371 test_acc=0.2473
Round 46 | selected=[22, 76, 98, 92, 5, 77, 62, 84, 11, 89]
Round 46 | train_loss=1.0592 train_acc=0.6654 test_loss=1.9715 test_acc=0.2858
Round 47 | selected=[70, 52, 50, 60, 15, 83, 46, 63, 8, 44]
Round 47 | train_loss=1.2498 train_acc=0.6318 test_loss=2.5959 test_acc=0.1483
Round 48 | selected=[21, 47, 59, 89, 0, 68, 56, 6, 5, 4]
Round 48 | train_loss=1.5328 train_acc=0.5178 test_loss=2.3209 test_acc=0.2282
Round 49 | selected=[34, 55, 75, 57, 62, 43, 24, 86, 90, 51]
Round 49 | train_loss=1.1800 train_acc=0.6270 test_loss=2.9161 test_acc=0.1232
Round 50 | selected=[23, 45, 60, 15, 69, 14, 63, 41, 50, 89]
Round 50 | train_loss=1.7736 train_acc=0.5064 test_loss=2.4109 test_acc=0.2005
Round 51 | selected=[96, 62, 8, 74, 57, 58, 41, 38, 40, 28]
Round 51 | train_loss=1.4088 train_acc=0.5570 test_loss=2.4678 test_acc=0.1361
Round 52 | selected=[9, 3, 27, 45, 38, 21, 44, 56, 35, 14]
Round 52 | train_loss=1.5149 train_acc=0.5232 test_loss=2.2452 test_acc=0.1994
Round 53 | selected=[61, 72, 31, 22, 52, 51, 41, 96, 18, 36]
Round 53 | train_loss=1.3874 train_acc=0.5582 test_loss=2.2607 test_acc=0.1945
Round 54 | selected=[67, 23, 48, 25, 38, 30, 50, 82, 45, 75]
Round 54 | train_loss=1.2514 train_acc=0.6198 test_loss=2.0108 test_acc=0.2352
Round 55 | selected=[6, 52, 30, 25, 70, 46, 16, 31, 7, 74]
Round 55 | train_loss=1.4557 train_acc=0.5226 test_loss=1.9215 test_acc=0.3062
Round 56 | selected=[94, 48, 13, 49, 62, 22, 55, 35, 11, 7]
Round 56 | train_loss=0.8905 train_acc=0.7466 test_loss=2.9888 test_acc=0.1376
Round 57 | selected=[68, 65, 20, 60, 52, 86, 74, 1, 35, 31]
Round 57 | train_loss=1.4706 train_acc=0.5306 test_loss=2.0547 test_acc=0.2280
Round 58 | selected=[44, 13, 84, 18, 49, 94, 62, 50, 78, 75]
Round 58 | train_loss=0.9832 train_acc=0.7120 test_loss=2.0649 test_acc=0.2146
Round 59 | selected=[91, 83, 4, 23, 62, 87, 17, 99, 28, 13]
Round 59 | train_loss=1.0579 train_acc=0.6724 test_loss=2.0669 test_acc=0.2165
Round 60 | selected=[81, 64, 22, 24, 79, 7, 80, 40, 54, 61]
Round 60 | train_loss=1.3478 train_acc=0.5584 test_loss=2.0995 test_acc=0.2000
Round 61 | selected=[46, 75, 68, 80, 86, 31, 51, 85, 94, 79]
Round 61 | train_loss=1.1887 train_acc=0.6040 test_loss=2.0390 test_acc=0.2230
Round 62 | selected=[79, 10, 50, 2, 30, 53, 46, 39, 49, 99]
Round 62 | train_loss=1.2375 train_acc=0.5994 test_loss=2.3808 test_acc=0.1576
Round 63 | selected=[14, 65, 59, 56, 30, 40, 2, 87, 23, 43]
Round 63 | train_loss=1.2703 train_acc=0.5874 test_loss=2.0128 test_acc=0.2516
Round 64 | selected=[73, 94, 89, 82, 98, 96, 45, 51, 57, 63]
Round 64 | train_loss=1.2342 train_acc=0.6100 test_loss=1.8852 test_acc=0.2519
Round 65 | selected=[46, 64, 93, 53, 41, 61, 75, 96, 98, 67]
Round 65 | train_loss=1.2087 train_acc=0.6102 test_loss=2.1727 test_acc=0.2120
Round 66 | selected=[75, 98, 31, 3, 0, 48, 11, 27, 94, 87]
Round 66 | train_loss=1.1999 train_acc=0.6234 test_loss=2.5514 test_acc=0.1647
Round 67 | selected=[25, 52, 51, 7, 90, 76, 82, 44, 59, 20]
Round 67 | train_loss=1.4789 train_acc=0.5506 test_loss=1.9786 test_acc=0.2811
Round 68 | selected=[39, 0, 73, 66, 72, 70, 83, 61, 93, 98]
Round 68 | train_loss=1.2897 train_acc=0.6184 test_loss=1.8709 test_acc=0.2725
Round 69 | selected=[40, 48, 88, 99, 65, 0, 2, 24, 75, 51]
Round 69 | train_loss=1.1646 train_acc=0.6406 test_loss=2.9554 test_acc=0.1449
Round 70 | selected=[68, 39, 11, 31, 84, 71, 57, 43, 28, 79]
Round 70 | train_loss=1.1754 train_acc=0.6374 test_loss=2.1279 test_acc=0.2528
Round 71 | selected=[29, 99, 39, 75, 61, 76, 50, 40, 66, 95]
Round 71 | train_loss=1.1204 train_acc=0.6558 test_loss=2.0948 test_acc=0.2114
Round 72 | selected=[21, 86, 10, 33, 48, 5, 36, 13, 54, 46]
Round 72 | train_loss=1.3343 train_acc=0.5408 test_loss=2.0849 test_acc=0.2280
Round 73 | selected=[75, 32, 87, 86, 95, 81, 58, 94, 42, 40]
Round 73 | train_loss=1.2117 train_acc=0.6134 test_loss=2.0702 test_acc=0.2483
Round 74 | selected=[28, 21, 58, 50, 61, 81, 94, 84, 29, 72]
Round 74 | train_loss=1.1611 train_acc=0.6230 test_loss=2.0293 test_acc=0.2714
Round 75 | selected=[80, 31, 77, 0, 5, 53, 57, 78, 26, 24]
Round 75 | train_loss=1.3266 train_acc=0.5940 test_loss=2.1546 test_acc=0.2186
Round 76 | selected=[31, 74, 94, 17, 55, 16, 83, 45, 25, 61]
Round 76 | train_loss=1.3314 train_acc=0.5716 test_loss=2.1036 test_acc=0.1553
Round 77 | selected=[24, 70, 5, 28, 87, 3, 90, 4, 12, 9]
Round 77 | train_loss=1.2401 train_acc=0.5818 test_loss=1.9382 test_acc=0.2748
Round 78 | selected=[5, 74, 4, 36, 78, 87, 59, 44, 69, 10]
Round 78 | train_loss=1.1613 train_acc=0.6288 test_loss=2.1411 test_acc=0.2112
Round 79 | selected=[48, 15, 27, 10, 0, 96, 49, 81, 38, 26]
Round 79 | train_loss=1.2923 train_acc=0.5634 test_loss=1.8109 test_acc=0.2875
Round 80 | selected=[94, 56, 67, 23, 84, 87, 21, 33, 46, 29]
Round 80 | train_loss=1.1161 train_acc=0.6704 test_loss=1.9595 test_acc=0.3010
Round 81 | selected=[17, 30, 14, 4, 2, 57, 65, 13, 91, 78]
Round 81 | train_loss=1.3968 train_acc=0.5636 test_loss=2.2409 test_acc=0.2001
Round 82 | selected=[95, 43, 54, 49, 84, 67, 8, 57, 22, 56]
Round 82 | train_loss=1.2372 train_acc=0.6122 test_loss=1.9263 test_acc=0.3256
Round 83 | selected=[54, 78, 23, 44, 88, 94, 27, 90, 95, 60]
Round 83 | train_loss=1.0834 train_acc=0.6886 test_loss=1.8682 test_acc=0.2808
Round 84 | selected=[20, 27, 40, 31, 10, 55, 49, 82, 62, 72]
Round 84 | train_loss=1.0797 train_acc=0.6598 test_loss=1.9384 test_acc=0.2640
Round 85 | selected=[31, 12, 93, 78, 80, 28, 59, 89, 70, 66]
Round 85 | train_loss=1.2629 train_acc=0.6134 test_loss=1.9599 test_acc=0.2765
Round 86 | selected=[90, 73, 1, 11, 0, 15, 47, 94, 25, 55]
Round 86 | train_loss=1.0573 train_acc=0.6752 test_loss=2.0176 test_acc=0.2405
Round 87 | selected=[59, 4, 58, 37, 69, 26, 17, 44, 15, 49]
Round 87 | train_loss=1.2237 train_acc=0.6088 test_loss=2.1034 test_acc=0.2511
Round 88 | selected=[54, 14, 60, 24, 21, 98, 18, 79, 83, 80]
Round 88 | train_loss=1.1925 train_acc=0.6418 test_loss=1.8220 test_acc=0.3377
Round 89 | selected=[14, 69, 1, 89, 40, 93, 92, 66, 50, 24]
Round 89 | train_loss=1.1124 train_acc=0.6600 test_loss=1.9926 test_acc=0.2530
Round 90 | selected=[35, 36, 80, 15, 64, 45, 95, 26, 14, 60]
Round 90 | train_loss=1.1060 train_acc=0.6492 test_loss=2.3454 test_acc=0.2532
Round 91 | selected=[81, 51, 43, 61, 40, 68, 37, 84, 62, 31]
Round 91 | train_loss=1.2157 train_acc=0.5990 test_loss=2.4868 test_acc=0.1831
Round 92 | selected=[82, 49, 0, 77, 71, 9, 98, 95, 65, 84]
Round 92 | train_loss=1.2604 train_acc=0.5858 test_loss=2.3345 test_acc=0.1955
Round 93 | selected=[34, 66, 59, 60, 31, 73, 86, 83, 99, 37]
Round 93 | train_loss=1.4525 train_acc=0.5304 test_loss=2.1971 test_acc=0.2047
Round 94 | selected=[33, 35, 75, 31, 38, 12, 42, 34, 18, 6]
Round 94 | train_loss=1.1992 train_acc=0.6184 test_loss=2.0594 test_acc=0.2571
Round 95 | selected=[33, 55, 84, 47, 43, 18, 27, 70, 9, 20]
Round 95 | train_loss=1.2133 train_acc=0.6208 test_loss=1.9363 test_acc=0.2648
Round 96 | selected=[66, 91, 63, 8, 23, 88, 4, 49, 44, 0]
Round 96 | train_loss=1.1110 train_acc=0.6632 test_loss=2.0811 test_acc=0.1904
Round 97 | selected=[7, 92, 70, 94, 34, 98, 9, 93, 82, 58]
Round 97 | train_loss=1.2899 train_acc=0.5712 test_loss=2.0059 test_acc=0.2948
Round 98 | selected=[45, 25, 50, 51, 8, 37, 57, 16, 76, 68]
Round 98 | train_loss=1.2467 train_acc=0.6002 test_loss=2.0367 test_acc=0.2239
Round 99 | selected=[72, 75, 20, 92, 10, 34, 77, 38, 4, 2]
Round 99 | train_loss=1.1507 train_acc=0.6198 test_loss=1.9532 test_acc=0.2519
Round 100 | selected=[16, 40, 17, 58, 18, 44, 24, 62, 6, 78]
Round 100 | train_loss=1.0610 train_acc=0.6686 test_loss=2.0465 test_acc=0.2723
Round 101 | selected=[31, 3, 23, 28, 66, 91, 95, 94, 15, 48]
Round 101 | train_loss=1.2831 train_acc=0.6162 test_loss=1.9321 test_acc=0.2642
Round 102 | selected=[35, 49, 36, 41, 98, 12, 34, 77, 48, 18]
Round 102 | train_loss=1.0854 train_acc=0.6672 test_loss=1.8396 test_acc=0.3316
Round 103 | selected=[2, 36, 19, 23, 98, 91, 83, 11, 15, 87]
Round 103 | train_loss=1.0706 train_acc=0.6748 test_loss=1.9401 test_acc=0.2523
Round 104 | selected=[17, 48, 37, 73, 78, 79, 13, 60, 80, 93]
Round 104 | train_loss=1.1535 train_acc=0.6344 test_loss=1.9252 test_acc=0.2932
Round 105 | selected=[84, 62, 59, 73, 5, 74, 96, 79, 31, 63]
Round 105 | train_loss=1.1651 train_acc=0.6130 test_loss=1.8523 test_acc=0.3202
Round 106 | selected=[94, 6, 0, 38, 92, 45, 84, 79, 26, 50]
Round 106 | train_loss=1.1000 train_acc=0.6706 test_loss=2.1735 test_acc=0.1847
Round 107 | selected=[64, 44, 59, 38, 29, 68, 96, 65, 94, 58]
Round 107 | train_loss=1.1307 train_acc=0.6272 test_loss=2.0347 test_acc=0.3043
Round 108 | selected=[90, 3, 61, 88, 94, 43, 54, 74, 78, 28]
Round 108 | train_loss=1.4067 train_acc=0.5712 test_loss=1.9749 test_acc=0.2746
Round 109 | selected=[66, 32, 88, 56, 70, 39, 34, 69, 38, 87]
Round 109 | train_loss=1.3990 train_acc=0.5476 test_loss=2.1499 test_acc=0.2001
Round 110 | selected=[37, 38, 42, 12, 25, 65, 82, 44, 31, 58]
Round 110 | train_loss=1.2640 train_acc=0.6058 test_loss=1.9817 test_acc=0.3202
Round 111 | selected=[15, 74, 98, 18, 84, 95, 80, 30, 91, 24]
Round 111 | train_loss=1.2561 train_acc=0.6092 test_loss=1.9846 test_acc=0.2448
Round 112 | selected=[62, 53, 25, 91, 71, 85, 86, 54, 19, 94]
Round 112 | train_loss=1.1192 train_acc=0.6278 test_loss=1.8795 test_acc=0.3432
Round 113 | selected=[66, 5, 49, 29, 53, 67, 42, 2, 91, 38]
Round 113 | train_loss=1.0033 train_acc=0.6984 test_loss=1.9439 test_acc=0.2816
Round 114 | selected=[85, 44, 94, 30, 48, 77, 82, 79, 69, 52]
Round 114 | train_loss=1.2880 train_acc=0.5994 test_loss=2.0382 test_acc=0.2583
Round 115 | selected=[28, 96, 74, 87, 76, 23, 91, 71, 1, 77]
Round 115 | train_loss=1.2387 train_acc=0.5952 test_loss=1.8908 test_acc=0.2944
Round 116 | selected=[55, 65, 97, 26, 34, 28, 43, 39, 23, 21]
Round 116 | train_loss=1.0747 train_acc=0.6844 test_loss=2.1114 test_acc=0.2357
Round 117 | selected=[13, 12, 22, 75, 41, 11, 67, 59, 78, 73]
Round 117 | train_loss=1.1363 train_acc=0.6360 test_loss=1.9977 test_acc=0.3064
Round 118 | selected=[88, 6, 38, 82, 57, 62, 93, 95, 27, 36]
Round 118 | train_loss=1.1765 train_acc=0.6348 test_loss=2.0953 test_acc=0.2574
Round 119 | selected=[10, 16, 97, 41, 78, 15, 50, 55, 54, 66]
Round 119 | train_loss=1.2316 train_acc=0.6008 test_loss=1.9659 test_acc=0.2586
Round 120 | selected=[11, 65, 94, 90, 70, 96, 2, 32, 48, 9]
Round 120 | train_loss=1.0801 train_acc=0.6582 test_loss=2.1896 test_acc=0.1989
Round 121 | selected=[92, 41, 80, 69, 87, 64, 79, 32, 30, 74]
Round 121 | train_loss=1.2567 train_acc=0.5696 test_loss=2.1180 test_acc=0.2258
Round 122 | selected=[83, 15, 9, 30, 24, 31, 53, 81, 13, 87]
Round 122 | train_loss=1.3527 train_acc=0.5520 test_loss=1.8888 test_acc=0.3152
Round 123 | selected=[3, 80, 62, 9, 32, 33, 72, 16, 71, 77]
Round 123 | train_loss=1.1906 train_acc=0.6060 test_loss=1.7983 test_acc=0.3120
Round 124 | selected=[52, 8, 74, 25, 71, 32, 39, 37, 3, 57]
Round 124 | train_loss=1.0912 train_acc=0.6536 test_loss=1.8243 test_acc=0.3127
Round 125 | selected=[8, 58, 93, 72, 61, 37, 11, 75, 20, 19]
Round 125 | train_loss=0.9784 train_acc=0.6820 test_loss=1.9527 test_acc=0.2876
Round 126 | selected=[62, 92, 78, 90, 12, 17, 43, 89, 18, 38]
Round 126 | train_loss=1.0160 train_acc=0.6954 test_loss=1.8812 test_acc=0.2569
Round 127 | selected=[99, 60, 0, 70, 43, 73, 23, 88, 55, 27]
Round 127 | train_loss=0.9615 train_acc=0.6814 test_loss=1.7043 test_acc=0.3439
Round 128 | selected=[27, 25, 54, 40, 10, 45, 34, 24, 58, 75]
Round 128 | train_loss=1.1122 train_acc=0.6224 test_loss=1.9632 test_acc=0.2939
Round 129 | selected=[41, 35, 0, 64, 53, 6, 81, 60, 28, 14]
Round 129 | train_loss=1.1876 train_acc=0.6256 test_loss=1.7703 test_acc=0.3603
Round 130 | selected=[46, 90, 81, 34, 80, 8, 78, 5, 45, 43]
Round 130 | train_loss=1.0625 train_acc=0.6656 test_loss=1.8705 test_acc=0.3105
Round 131 | selected=[40, 94, 19, 81, 7, 13, 38, 9, 17, 50]
Round 131 | train_loss=1.2250 train_acc=0.6018 test_loss=1.9552 test_acc=0.2826
Round 132 | selected=[87, 24, 31, 57, 98, 78, 40, 32, 19, 3]
Round 132 | train_loss=1.1261 train_acc=0.6508 test_loss=1.9316 test_acc=0.2570
Round 133 | selected=[72, 91, 97, 10, 18, 52, 37, 80, 68, 11]
Round 133 | train_loss=1.1137 train_acc=0.6266 test_loss=1.9356 test_acc=0.2674
Round 134 | selected=[78, 86, 16, 7, 96, 88, 53, 93, 32, 76]
Round 134 | train_loss=1.3048 train_acc=0.5536 test_loss=2.2146 test_acc=0.2324
Round 135 | selected=[30, 97, 21, 43, 53, 12, 62, 72, 10, 18]
Round 135 | train_loss=1.1923 train_acc=0.6238 test_loss=1.8803 test_acc=0.2996
Round 136 | selected=[38, 76, 39, 88, 73, 71, 90, 77, 58, 35]
Round 136 | train_loss=1.1474 train_acc=0.6238 test_loss=1.9182 test_acc=0.2497
Round 137 | selected=[34, 37, 31, 9, 52, 6, 33, 92, 51, 30]
Round 137 | train_loss=1.1535 train_acc=0.6168 test_loss=1.8070 test_acc=0.3009
Round 138 | selected=[69, 97, 70, 24, 50, 91, 80, 18, 51, 95]
Round 138 | train_loss=1.0863 train_acc=0.6540 test_loss=1.7998 test_acc=0.3090
Round 139 | selected=[84, 92, 98, 59, 54, 85, 3, 9, 0, 68]
Round 139 | train_loss=0.9561 train_acc=0.6958 test_loss=1.8776 test_acc=0.3105
Round 140 | selected=[76, 0, 91, 18, 45, 42, 54, 43, 88, 32]
Round 140 | train_loss=0.9999 train_acc=0.6994 test_loss=2.0663 test_acc=0.2492
Round 141 | selected=[39, 7, 20, 46, 13, 51, 71, 23, 96, 94]
Round 141 | train_loss=1.2445 train_acc=0.5900 test_loss=2.0085 test_acc=0.2786
Round 142 | selected=[36, 48, 34, 10, 23, 9, 55, 77, 46, 63]
Round 142 | train_loss=1.0068 train_acc=0.6676 test_loss=1.8791 test_acc=0.2705
Round 143 | selected=[74, 6, 10, 21, 81, 80, 69, 11, 30, 27]
Round 143 | train_loss=1.1996 train_acc=0.6030 test_loss=1.9308 test_acc=0.2276
Round 144 | selected=[15, 61, 53, 13, 63, 77, 36, 58, 10, 62]
Round 144 | train_loss=1.1693 train_acc=0.6090 test_loss=1.9750 test_acc=0.3113
Round 145 | selected=[94, 19, 9, 40, 52, 17, 49, 32, 92, 45]
Round 145 | train_loss=1.0879 train_acc=0.6670 test_loss=1.8717 test_acc=0.3049
Round 146 | selected=[58, 81, 40, 79, 41, 20, 3, 35, 33, 12]
Round 146 | train_loss=1.3594 train_acc=0.5912 test_loss=2.6037 test_acc=0.1748
Round 147 | selected=[91, 75, 4, 84, 36, 30, 49, 48, 27, 83]
Round 147 | train_loss=1.2126 train_acc=0.6228 test_loss=2.0269 test_acc=0.2758
Round 148 | selected=[38, 53, 67, 98, 81, 44, 85, 77, 6, 48]
Round 148 | train_loss=1.2070 train_acc=0.6244 test_loss=2.0308 test_acc=0.2592
Round 149 | selected=[8, 99, 18, 12, 69, 92, 83, 64, 53, 88]
Round 149 | train_loss=0.9714 train_acc=0.7000 test_loss=1.9232 test_acc=0.2746
Round 150 | selected=[96, 92, 72, 27, 51, 50, 43, 36, 87, 21]
Round 150 | train_loss=1.0645 train_acc=0.6584 test_loss=1.9918 test_acc=0.2657
Round 151 | selected=[10, 8, 76, 44, 7, 17, 68, 55, 71, 36]
Round 151 | train_loss=1.1188 train_acc=0.6220 test_loss=1.9936 test_acc=0.2387
Round 152 | selected=[20, 50, 90, 36, 65, 92, 76, 26, 18, 87]
Round 152 | train_loss=1.1542 train_acc=0.6566 test_loss=1.7037 test_acc=0.3708
Round 153 | selected=[13, 65, 62, 92, 53, 25, 87, 34, 17, 52]
Round 153 | train_loss=0.9378 train_acc=0.7236 test_loss=2.1391 test_acc=0.2841
Round 154 | selected=[43, 45, 11, 21, 86, 8, 32, 10, 39, 62]
Round 154 | train_loss=1.0869 train_acc=0.6604 test_loss=2.0812 test_acc=0.2486
Round 155 | selected=[17, 79, 56, 61, 64, 16, 29, 22, 15, 42]
Round 155 | train_loss=1.2742 train_acc=0.5774 test_loss=1.8459 test_acc=0.2919
Round 156 | selected=[96, 43, 3, 54, 94, 46, 91, 49, 9, 27]
Round 156 | train_loss=1.1404 train_acc=0.6146 test_loss=1.8414 test_acc=0.2962
Round 157 | selected=[4, 61, 99, 98, 22, 54, 59, 21, 68, 66]
Round 157 | train_loss=1.0601 train_acc=0.6604 test_loss=1.7598 test_acc=0.3585
Round 158 | selected=[74, 66, 70, 94, 44, 19, 60, 86, 41, 63]
Round 158 | train_loss=1.1294 train_acc=0.6436 test_loss=1.7708 test_acc=0.3146
Round 159 | selected=[56, 50, 40, 65, 88, 36, 79, 34, 61, 84]
Round 159 | train_loss=1.1577 train_acc=0.6276 test_loss=2.0369 test_acc=0.2383
Round 160 | selected=[35, 73, 93, 72, 59, 88, 22, 11, 10, 18]
Round 160 | train_loss=1.1259 train_acc=0.6380 test_loss=2.1098 test_acc=0.2051
Round 161 | selected=[99, 84, 35, 49, 74, 17, 30, 70, 26, 16]
Round 161 | train_loss=1.1444 train_acc=0.5960 test_loss=1.8315 test_acc=0.3081
Round 162 | selected=[81, 53, 14, 67, 28, 12, 22, 69, 35, 24]
Round 162 | train_loss=1.0045 train_acc=0.6842 test_loss=2.2416 test_acc=0.1814
Round 163 | selected=[23, 18, 32, 77, 41, 17, 35, 99, 26, 40]
Round 163 | train_loss=1.2621 train_acc=0.6008 test_loss=2.0780 test_acc=0.2492
Round 164 | selected=[25, 1, 68, 42, 28, 12, 86, 16, 29, 34]
Round 164 | train_loss=1.3467 train_acc=0.5548 test_loss=1.7829 test_acc=0.3597
Round 165 | selected=[60, 59, 57, 81, 45, 2, 95, 94, 88, 43]
Round 165 | train_loss=0.9542 train_acc=0.7032 test_loss=2.9027 test_acc=0.1698
Round 166 | selected=[44, 53, 46, 56, 93, 1, 97, 39, 76, 47]
Round 166 | train_loss=1.2579 train_acc=0.5858 test_loss=1.9569 test_acc=0.2868
Round 167 | selected=[11, 6, 87, 71, 15, 63, 31, 83, 93, 78]
Round 167 | train_loss=1.2824 train_acc=0.5892 test_loss=1.9759 test_acc=0.3035
Round 168 | selected=[16, 91, 28, 57, 74, 51, 19, 21, 20, 31]
Round 168 | train_loss=1.2183 train_acc=0.6212 test_loss=1.6684 test_acc=0.3508
Round 169 | selected=[99, 16, 61, 91, 94, 77, 21, 68, 17, 25]
Round 169 | train_loss=1.0385 train_acc=0.6712 test_loss=1.7103 test_acc=0.3251
Round 170 | selected=[25, 52, 0, 31, 69, 96, 94, 42, 41, 89]
Round 170 | train_loss=1.0590 train_acc=0.6610 test_loss=1.6923 test_acc=0.3547
Round 171 | selected=[87, 3, 76, 35, 95, 54, 0, 97, 19, 62]
Round 171 | train_loss=0.9056 train_acc=0.7266 test_loss=1.7483 test_acc=0.3282
Round 172 | selected=[35, 31, 16, 56, 69, 18, 22, 19, 14, 94]
Round 172 | train_loss=1.1072 train_acc=0.6508 test_loss=2.2227 test_acc=0.2180
Round 173 | selected=[15, 61, 38, 90, 97, 7, 95, 12, 23, 24]
Round 173 | train_loss=1.2058 train_acc=0.6166 test_loss=2.0498 test_acc=0.2527
Round 174 | selected=[97, 17, 18, 22, 37, 15, 78, 28, 44, 21]
Round 174 | train_loss=0.9583 train_acc=0.6882 test_loss=1.8555 test_acc=0.3425
Round 175 | selected=[22, 48, 12, 39, 38, 84, 25, 2, 88, 90]
Round 175 | train_loss=1.0005 train_acc=0.6912 test_loss=1.8945 test_acc=0.3031
Round 176 | selected=[83, 36, 24, 14, 7, 58, 82, 71, 87, 19]
Round 176 | train_loss=1.2131 train_acc=0.6122 test_loss=1.7303 test_acc=0.3211
Round 177 | selected=[74, 91, 11, 10, 56, 69, 15, 48, 12, 72]
Round 177 | train_loss=1.0476 train_acc=0.6498 test_loss=2.2979 test_acc=0.1898
Round 178 | selected=[74, 30, 69, 14, 96, 23, 58, 27, 11, 40]
Round 178 | train_loss=1.0411 train_acc=0.6554 test_loss=1.8884 test_acc=0.3027
Round 179 | selected=[23, 25, 28, 87, 73, 52, 70, 74, 84, 66]
Round 179 | train_loss=1.0761 train_acc=0.6450 test_loss=1.8269 test_acc=0.2611
Round 180 | selected=[46, 34, 64, 61, 36, 91, 33, 83, 14, 7]
Round 180 | train_loss=1.2657 train_acc=0.5944 test_loss=1.9091 test_acc=0.2961
Round 181 | selected=[47, 77, 57, 94, 35, 86, 30, 72, 46, 55]
Round 181 | train_loss=1.1981 train_acc=0.6074 test_loss=2.0358 test_acc=0.2124
Round 182 | selected=[87, 31, 88, 69, 55, 2, 42, 75, 60, 20]
Round 182 | train_loss=1.0874 train_acc=0.6458 test_loss=1.8819 test_acc=0.3217
Round 183 | selected=[38, 88, 76, 53, 34, 82, 25, 36, 73, 4]
Round 183 | train_loss=1.1583 train_acc=0.6316 test_loss=1.8906 test_acc=0.2829
Round 184 | selected=[22, 23, 39, 72, 37, 2, 48, 76, 75, 34]
Round 184 | train_loss=1.0120 train_acc=0.6560 test_loss=1.9316 test_acc=0.3091
Round 185 | selected=[43, 5, 42, 88, 30, 61, 11, 9, 19, 1]
Round 185 | train_loss=1.1039 train_acc=0.6282 test_loss=1.7587 test_acc=0.3463
Round 186 | selected=[29, 87, 63, 79, 32, 81, 16, 88, 15, 83]
Round 186 | train_loss=1.1045 train_acc=0.6312 test_loss=1.9331 test_acc=0.3054
Round 187 | selected=[77, 2, 50, 8, 56, 6, 71, 12, 79, 7]
Round 187 | train_loss=1.0603 train_acc=0.6560 test_loss=1.8316 test_acc=0.3038
Round 188 | selected=[32, 38, 45, 16, 66, 64, 98, 41, 42, 6]
Round 188 | train_loss=1.0644 train_acc=0.6416 test_loss=1.7583 test_acc=0.3256
Round 189 | selected=[7, 62, 61, 82, 64, 87, 30, 85, 76, 88]
Round 189 | train_loss=1.0619 train_acc=0.6554 test_loss=1.7323 test_acc=0.3177
Round 190 | selected=[32, 23, 97, 52, 61, 26, 44, 27, 90, 53]
Round 190 | train_loss=0.9495 train_acc=0.6922 test_loss=1.8585 test_acc=0.3614
Round 191 | selected=[40, 62, 50, 42, 4, 71, 6, 43, 56, 8]
Round 191 | train_loss=0.9998 train_acc=0.6816 test_loss=1.9154 test_acc=0.2077
Round 192 | selected=[75, 3, 42, 92, 72, 50, 49, 52, 8, 45]
Round 192 | train_loss=0.8195 train_acc=0.7348 test_loss=1.6436 test_acc=0.3691
Round 193 | selected=[90, 64, 67, 11, 47, 49, 92, 50, 38, 6]
Round 193 | train_loss=0.9017 train_acc=0.7238 test_loss=1.8551 test_acc=0.2889
Round 194 | selected=[0, 36, 13, 20, 39, 16, 42, 56, 9, 63]
Round 194 | train_loss=1.1319 train_acc=0.6168 test_loss=1.7517 test_acc=0.3649
Round 195 | selected=[39, 38, 31, 18, 86, 9, 60, 89, 64, 15]
Round 195 | train_loss=1.0752 train_acc=0.6614 test_loss=1.5755 test_acc=0.4176
Round 196 | selected=[45, 34, 96, 79, 22, 14, 80, 72, 46, 70]
Round 196 | train_loss=0.8994 train_acc=0.7188 test_loss=1.8248 test_acc=0.3263
Round 197 | selected=[10, 39, 70, 0, 61, 32, 84, 93, 91, 49]
Round 197 | train_loss=1.0811 train_acc=0.6550 test_loss=2.1689 test_acc=0.2509
Round 198 | selected=[88, 22, 87, 57, 79, 42, 93, 96, 40, 91]
Round 198 | train_loss=0.9862 train_acc=0.6790 test_loss=1.9757 test_acc=0.3153
Round 199 | selected=[38, 52, 78, 33, 64, 32, 41, 93, 58, 71]
Round 199 | train_loss=1.1820 train_acc=0.6244 test_loss=1.9240 test_acc=0.2846
Round 200 | selected=[95, 31, 52, 20, 92, 11, 2, 16, 70, 9]
Round 200 | train_loss=1.0928 train_acc=0.6376 test_loss=1.7786 test_acc=0.3460
Round 201 | selected=[51, 9, 15, 53, 84, 60, 2, 81, 94, 74]
Round 201 | train_loss=0.9574 train_acc=0.6802 test_loss=1.7248 test_acc=0.3486
Round 202 | selected=[87, 33, 16, 1, 81, 51, 57, 68, 54, 11]
Round 202 | train_loss=1.0785 train_acc=0.6402 test_loss=1.6824 test_acc=0.3334
Round 203 | selected=[46, 35, 76, 53, 91, 89, 87, 28, 81, 97]
Round 203 | train_loss=1.0528 train_acc=0.6714 test_loss=1.7415 test_acc=0.3378
Round 204 | selected=[97, 40, 51, 52, 61, 59, 1, 23, 29, 76]
Round 204 | train_loss=1.0106 train_acc=0.6802 test_loss=1.9620 test_acc=0.2510
Round 205 | selected=[16, 55, 41, 44, 82, 3, 21, 98, 22, 63]
Round 205 | train_loss=1.0815 train_acc=0.6380 test_loss=1.9791 test_acc=0.2674
Round 206 | selected=[1, 87, 84, 28, 98, 49, 48, 99, 92, 97]
Round 206 | train_loss=0.9956 train_acc=0.6766 test_loss=1.9768 test_acc=0.2811
Round 207 | selected=[60, 41, 71, 6, 47, 79, 7, 5, 58, 91]
Round 207 | train_loss=1.3140 train_acc=0.5676 test_loss=1.8965 test_acc=0.3074
Round 208 | selected=[53, 49, 30, 96, 44, 78, 66, 69, 16, 92]
Round 208 | train_loss=1.1282 train_acc=0.6230 test_loss=1.8476 test_acc=0.2836
Round 209 | selected=[93, 66, 85, 55, 21, 49, 70, 42, 88, 9]
Round 209 | train_loss=0.9787 train_acc=0.6834 test_loss=1.7139 test_acc=0.3820
Round 210 | selected=[53, 8, 65, 45, 11, 23, 14, 61, 95, 84]
Round 210 | train_loss=0.8875 train_acc=0.7316 test_loss=2.0837 test_acc=0.2812
Round 211 | selected=[13, 72, 2, 69, 32, 48, 52, 68, 82, 26]
Round 211 | train_loss=1.1526 train_acc=0.6176 test_loss=1.9012 test_acc=0.3250
Round 212 | selected=[27, 46, 18, 26, 82, 15, 64, 10, 32, 13]
Round 212 | train_loss=1.2401 train_acc=0.5946 test_loss=1.6838 test_acc=0.3785
Round 213 | selected=[67, 3, 26, 38, 62, 41, 25, 50, 61, 49]
Round 213 | train_loss=1.0450 train_acc=0.6588 test_loss=1.6485 test_acc=0.3852
Round 214 | selected=[78, 84, 0, 42, 93, 22, 98, 37, 30, 73]
Round 214 | train_loss=0.8294 train_acc=0.7384 test_loss=1.6705 test_acc=0.3673
Round 215 | selected=[77, 94, 68, 9, 92, 80, 32, 38, 75, 2]
Round 215 | train_loss=0.9440 train_acc=0.6910 test_loss=1.7792 test_acc=0.3603
Round 216 | selected=[35, 4, 44, 92, 57, 86, 95, 24, 93, 70]
Round 216 | train_loss=0.9646 train_acc=0.6956 test_loss=1.8190 test_acc=0.2941
Round 217 | selected=[14, 31, 79, 97, 0, 41, 47, 7, 48, 9]
Round 217 | train_loss=1.1603 train_acc=0.6288 test_loss=1.9865 test_acc=0.2495
Round 218 | selected=[24, 73, 4, 46, 8, 72, 41, 0, 92, 52]
Round 218 | train_loss=1.1656 train_acc=0.6136 test_loss=1.7040 test_acc=0.3656
Round 219 | selected=[82, 11, 26, 14, 83, 39, 38, 41, 32, 53]
Round 219 | train_loss=1.1506 train_acc=0.6668 test_loss=1.8345 test_acc=0.3185
Round 220 | selected=[67, 35, 66, 44, 51, 17, 49, 37, 64, 18]
Round 220 | train_loss=0.9593 train_acc=0.7098 test_loss=1.5737 test_acc=0.4312
Round 221 | selected=[20, 33, 25, 90, 9, 4, 59, 54, 80, 5]
Round 221 | train_loss=0.9556 train_acc=0.6914 test_loss=1.5576 test_acc=0.4107
Round 222 | selected=[22, 21, 92, 88, 32, 12, 69, 28, 62, 78]
Round 222 | train_loss=0.7731 train_acc=0.7664 test_loss=1.7534 test_acc=0.3333
Round 223 | selected=[10, 51, 17, 78, 14, 61, 75, 44, 47, 48]
Round 223 | train_loss=1.0821 train_acc=0.6560 test_loss=2.2193 test_acc=0.2941
Round 224 | selected=[79, 9, 34, 99, 26, 3, 22, 31, 27, 69]
Round 224 | train_loss=1.1490 train_acc=0.6462 test_loss=1.9091 test_acc=0.3404
Round 225 | selected=[8, 19, 74, 28, 56, 21, 99, 29, 59, 2]
Round 225 | train_loss=1.1082 train_acc=0.6520 test_loss=2.0039 test_acc=0.3123
Round 226 | selected=[71, 80, 12, 68, 70, 6, 45, 43, 86, 16]
Round 226 | train_loss=1.1688 train_acc=0.6046 test_loss=1.9190 test_acc=0.2906
Round 227 | selected=[91, 84, 13, 41, 72, 3, 64, 8, 99, 26]
Round 227 | train_loss=1.1269 train_acc=0.6314 test_loss=1.8590 test_acc=0.2933
Round 228 | selected=[69, 4, 39, 64, 8, 46, 81, 92, 44, 25]
Round 228 | train_loss=1.0011 train_acc=0.6830 test_loss=1.8727 test_acc=0.3143
Round 229 | selected=[41, 49, 82, 96, 31, 78, 40, 5, 85, 71]
Round 229 | train_loss=1.1266 train_acc=0.6350 test_loss=1.6625 test_acc=0.3426
Round 230 | selected=[45, 50, 38, 24, 51, 92, 96, 0, 78, 65]
Round 230 | train_loss=0.9370 train_acc=0.7052 test_loss=1.9053 test_acc=0.2888
Round 231 | selected=[28, 56, 50, 16, 30, 25, 76, 21, 15, 92]
Round 231 | train_loss=1.1205 train_acc=0.6388 test_loss=1.8489 test_acc=0.2922
Round 232 | selected=[6, 99, 28, 25, 16, 48, 75, 54, 1, 49]
Round 232 | train_loss=0.9976 train_acc=0.6698 test_loss=1.8809 test_acc=0.2980
Round 233 | selected=[55, 46, 15, 29, 11, 31, 47, 68, 23, 43]
Round 233 | train_loss=0.9589 train_acc=0.6926 test_loss=1.6519 test_acc=0.3706
Round 234 | selected=[8, 43, 95, 70, 92, 11, 57, 85, 86, 65]
Round 234 | train_loss=0.7744 train_acc=0.7518 test_loss=1.7445 test_acc=0.3269
Round 235 | selected=[84, 6, 46, 51, 17, 69, 81, 60, 28, 24]
Round 235 | train_loss=0.9954 train_acc=0.6764 test_loss=1.6426 test_acc=0.3760
Round 236 | selected=[38, 8, 71, 73, 47, 85, 84, 88, 13, 83]
Round 236 | train_loss=0.8784 train_acc=0.7160 test_loss=1.6635 test_acc=0.3518
Round 237 | selected=[42, 26, 63, 18, 68, 33, 19, 50, 37, 23]
Round 237 | train_loss=0.8489 train_acc=0.7312 test_loss=1.7489 test_acc=0.3422
Round 238 | selected=[25, 55, 29, 1, 27, 70, 35, 93, 51, 12]
Round 238 | train_loss=0.9581 train_acc=0.6686 test_loss=1.9645 test_acc=0.3433
Round 239 | selected=[8, 90, 74, 1, 2, 12, 43, 49, 96, 55]
Round 239 | train_loss=0.9333 train_acc=0.7162 test_loss=1.7349 test_acc=0.3676
Round 240 | selected=[81, 95, 56, 41, 86, 85, 51, 71, 4, 57]
Round 240 | train_loss=1.1494 train_acc=0.6014 test_loss=1.8117 test_acc=0.2820
Round 241 | selected=[38, 1, 32, 30, 97, 85, 20, 17, 44, 68]
Round 241 | train_loss=0.9627 train_acc=0.6758 test_loss=1.6745 test_acc=0.3738
Round 242 | selected=[17, 56, 60, 30, 15, 67, 21, 26, 59, 90]
Round 242 | train_loss=1.1217 train_acc=0.6590 test_loss=2.1406 test_acc=0.2770
Round 243 | selected=[48, 46, 67, 72, 20, 29, 91, 86, 89, 23]
Round 243 | train_loss=1.0229 train_acc=0.6524 test_loss=1.7722 test_acc=0.3389
Round 244 | selected=[38, 94, 93, 54, 79, 98, 0, 83, 7, 58]
Round 244 | train_loss=1.0471 train_acc=0.6678 test_loss=1.7759 test_acc=0.3191
Round 245 | selected=[86, 3, 2, 92, 80, 40, 45, 57, 75, 6]
Round 245 | train_loss=0.9366 train_acc=0.6734 test_loss=1.6263 test_acc=0.3755
Round 246 | selected=[39, 15, 47, 56, 18, 31, 79, 12, 53, 37]
Round 246 | train_loss=1.0140 train_acc=0.6714 test_loss=1.6691 test_acc=0.3574
Round 247 | selected=[69, 34, 62, 99, 53, 75, 51, 16, 31, 6]
Round 247 | train_loss=0.9409 train_acc=0.7028 test_loss=1.8033 test_acc=0.3570
Round 248 | selected=[77, 8, 78, 87, 28, 54, 7, 65, 2, 5]
Round 248 | train_loss=1.0516 train_acc=0.6574 test_loss=1.8242 test_acc=0.3482
Round 249 | selected=[38, 14, 44, 94, 84, 56, 47, 2, 80, 83]
Round 249 | train_loss=0.9868 train_acc=0.6946 test_loss=1.5280 test_acc=0.4426
Round 250 | selected=[35, 62, 34, 5, 51, 70, 26, 24, 77, 39]
Round 250 | train_loss=0.9314 train_acc=0.7100 test_loss=1.5944 test_acc=0.4184
Round 251 | selected=[55, 81, 20, 57, 44, 74, 13, 3, 97, 69]
Round 251 | train_loss=0.9732 train_acc=0.6734 test_loss=1.6836 test_acc=0.3695
Round 252 | selected=[96, 10, 16, 27, 25, 74, 70, 93, 32, 4]
Round 252 | train_loss=0.9904 train_acc=0.6454 test_loss=1.8196 test_acc=0.3249
Round 253 | selected=[24, 27, 38, 18, 12, 54, 97, 49, 92, 93]
Round 253 | train_loss=0.9003 train_acc=0.7154 test_loss=1.4535 test_acc=0.4495
Round 254 | selected=[74, 81, 35, 53, 50, 29, 87, 73, 23, 19]
Round 254 | train_loss=0.8363 train_acc=0.7350 test_loss=1.7658 test_acc=0.2970
Round 255 | selected=[85, 52, 45, 10, 96, 33, 23, 37, 17, 49]
Round 255 | train_loss=0.8908 train_acc=0.6850 test_loss=1.7970 test_acc=0.3385
Round 256 | selected=[6, 5, 9, 14, 69, 85, 77, 89, 10, 70]
Round 256 | train_loss=1.1870 train_acc=0.6032 test_loss=1.7785 test_acc=0.3458
Round 257 | selected=[5, 80, 43, 58, 18, 87, 93, 30, 66, 53]
Round 257 | train_loss=1.0309 train_acc=0.6684 test_loss=1.6391 test_acc=0.3650
Round 258 | selected=[5, 56, 0, 18, 46, 82, 32, 64, 51, 14]
Round 258 | train_loss=0.9252 train_acc=0.7154 test_loss=1.5682 test_acc=0.4226
Round 259 | selected=[93, 17, 27, 60, 66, 61, 53, 77, 75, 56]
Round 259 | train_loss=0.8676 train_acc=0.7276 test_loss=1.6420 test_acc=0.4048
Round 260 | selected=[51, 38, 79, 1, 8, 31, 63, 57, 21, 17]
Round 260 | train_loss=0.9975 train_acc=0.6778 test_loss=1.6747 test_acc=0.3328
Round 261 | selected=[36, 69, 50, 3, 26, 77, 41, 35, 66, 81]
Round 261 | train_loss=1.0111 train_acc=0.6554 test_loss=1.9140 test_acc=0.3183
Round 262 | selected=[46, 85, 35, 3, 10, 22, 90, 92, 97, 33]
Round 262 | train_loss=0.9313 train_acc=0.7160 test_loss=1.6426 test_acc=0.3871
Round 263 | selected=[18, 55, 84, 17, 83, 95, 90, 38, 4, 92]
Round 263 | train_loss=0.8310 train_acc=0.7498 test_loss=1.5455 test_acc=0.4216
Round 264 | selected=[49, 3, 62, 18, 75, 74, 60, 46, 66, 94]
Round 264 | train_loss=0.8246 train_acc=0.7316 test_loss=1.9387 test_acc=0.3158
Round 265 | selected=[60, 11, 86, 41, 83, 66, 48, 44, 5, 72]
Round 265 | train_loss=1.1015 train_acc=0.6394 test_loss=2.3557 test_acc=0.2363
Round 266 | selected=[80, 84, 94, 20, 55, 39, 51, 33, 15, 93]
Round 266 | train_loss=1.2866 train_acc=0.6252 test_loss=2.1226 test_acc=0.3029
Round 267 | selected=[88, 63, 83, 77, 97, 61, 4, 24, 52, 60]
Round 267 | train_loss=1.3037 train_acc=0.5800 test_loss=1.7097 test_acc=0.3695
Round 268 | selected=[49, 50, 31, 30, 71, 13, 77, 35, 0, 1]
Round 268 | train_loss=1.1637 train_acc=0.6128 test_loss=1.5767 test_acc=0.4035
Round 269 | selected=[99, 16, 28, 89, 30, 90, 54, 4, 58, 41]
Round 269 | train_loss=1.1716 train_acc=0.6154 test_loss=1.5025 test_acc=0.4383
Round 270 | selected=[81, 85, 22, 2, 91, 24, 63, 3, 95, 44]
Round 270 | train_loss=0.8120 train_acc=0.7566 test_loss=1.7258 test_acc=0.3555
Round 271 | selected=[68, 7, 44, 36, 64, 96, 99, 9, 29, 3]
Round 271 | train_loss=0.9297 train_acc=0.6922 test_loss=1.8301 test_acc=0.3620
Round 272 | selected=[66, 12, 83, 91, 14, 76, 57, 49, 24, 13]
Round 272 | train_loss=1.0030 train_acc=0.6840 test_loss=1.5316 test_acc=0.4137
Round 273 | selected=[45, 55, 0, 16, 82, 98, 95, 19, 41, 32]
Round 273 | train_loss=0.9121 train_acc=0.6998 test_loss=1.5967 test_acc=0.3657
Round 274 | selected=[8, 11, 75, 40, 86, 27, 68, 36, 47, 93]
Round 274 | train_loss=0.8311 train_acc=0.7344 test_loss=1.6384 test_acc=0.3881
Round 275 | selected=[23, 79, 44, 2, 9, 69, 45, 64, 13, 60]
Round 275 | train_loss=0.8238 train_acc=0.7480 test_loss=1.5232 test_acc=0.4177
Round 276 | selected=[44, 25, 71, 8, 28, 37, 29, 47, 12, 19]
Round 276 | train_loss=0.7517 train_acc=0.7580 test_loss=1.6231 test_acc=0.3566
Round 277 | selected=[14, 95, 41, 70, 21, 85, 54, 31, 56, 87]
Round 277 | train_loss=1.0770 train_acc=0.6596 test_loss=1.7138 test_acc=0.3722
Round 278 | selected=[51, 42, 82, 45, 50, 24, 18, 76, 67, 59]
Round 278 | train_loss=0.8456 train_acc=0.7154 test_loss=1.8603 test_acc=0.3049
Round 279 | selected=[69, 27, 92, 98, 88, 75, 82, 28, 25, 54]
Round 279 | train_loss=0.9616 train_acc=0.6878 test_loss=1.7505 test_acc=0.3381
Round 280 | selected=[44, 37, 77, 90, 72, 6, 39, 22, 16, 91]
Round 280 | train_loss=0.9958 train_acc=0.6784 test_loss=2.1522 test_acc=0.3035
Round 281 | selected=[49, 86, 77, 64, 28, 18, 54, 37, 24, 95]
Round 281 | train_loss=1.0126 train_acc=0.6666 test_loss=1.6238 test_acc=0.4093
Round 282 | selected=[38, 27, 30, 48, 53, 46, 42, 94, 57, 95]
Round 282 | train_loss=0.8500 train_acc=0.7338 test_loss=1.6154 test_acc=0.4362
Round 283 | selected=[55, 6, 75, 15, 31, 8, 81, 58, 60, 26]
Round 283 | train_loss=0.9288 train_acc=0.6882 test_loss=1.5936 test_acc=0.3846
Round 284 | selected=[47, 37, 5, 15, 86, 23, 44, 36, 90, 99]
Round 284 | train_loss=0.8136 train_acc=0.7352 test_loss=1.5426 test_acc=0.3981
Round 285 | selected=[36, 66, 81, 65, 87, 85, 2, 80, 38, 52]
Round 285 | train_loss=0.9246 train_acc=0.7036 test_loss=1.5294 test_acc=0.4280
Round 286 | selected=[30, 24, 52, 94, 61, 76, 20, 32, 7, 15]
Round 286 | train_loss=0.9470 train_acc=0.6890 test_loss=1.5668 test_acc=0.3991
Round 287 | selected=[40, 98, 97, 91, 47, 50, 80, 53, 1, 37]
Round 287 | train_loss=0.8967 train_acc=0.6970 test_loss=1.6357 test_acc=0.4288
Round 288 | selected=[88, 86, 15, 0, 49, 70, 71, 37, 28, 12]
Round 288 | train_loss=0.9002 train_acc=0.6936 test_loss=1.7199 test_acc=0.3508
Round 289 | selected=[5, 72, 67, 97, 99, 9, 16, 24, 56, 49]
Round 289 | train_loss=0.9385 train_acc=0.6738 test_loss=1.5887 test_acc=0.3852
Round 290 | selected=[48, 94, 16, 17, 3, 97, 72, 73, 71, 19]
Round 290 | train_loss=0.7872 train_acc=0.7482 test_loss=1.6002 test_acc=0.3643
Round 291 | selected=[73, 56, 52, 84, 36, 81, 66, 50, 67, 48]
Round 291 | train_loss=0.8597 train_acc=0.7166 test_loss=1.6757 test_acc=0.3612
Round 292 | selected=[8, 65, 6, 47, 5, 42, 83, 54, 87, 81]
Round 292 | train_loss=0.8375 train_acc=0.7226 test_loss=1.7643 test_acc=0.3500
Round 293 | selected=[56, 50, 10, 25, 53, 62, 19, 33, 69, 95]
Round 293 | train_loss=0.8439 train_acc=0.7250 test_loss=1.6482 test_acc=0.3634
Round 294 | selected=[53, 20, 28, 31, 66, 22, 69, 71, 65, 57]
Round 294 | train_loss=0.9902 train_acc=0.6888 test_loss=1.9127 test_acc=0.3374
Round 295 | selected=[79, 61, 90, 20, 7, 75, 35, 84, 51, 55]
Round 295 | train_loss=0.8713 train_acc=0.7130 test_loss=1.7935 test_acc=0.2921
Round 296 | selected=[55, 32, 57, 11, 26, 5, 23, 41, 99, 62]
Round 296 | train_loss=0.8677 train_acc=0.7286 test_loss=1.9235 test_acc=0.2865
Round 297 | selected=[28, 63, 51, 46, 42, 18, 3, 38, 2, 54]
Round 297 | train_loss=1.0051 train_acc=0.6676 test_loss=1.5889 test_acc=0.4029
Round 298 | selected=[91, 82, 61, 95, 73, 99, 93, 56, 5, 90]
Round 298 | train_loss=0.9498 train_acc=0.6954 test_loss=1.7500 test_acc=0.3443
Round 299 | selected=[19, 34, 78, 50, 73, 67, 41, 43, 79, 64]
Round 299 | train_loss=0.9754 train_acc=0.6884 test_loss=1.5853 test_acc=0.4203
Round 300 | selected=[20, 23, 40, 51, 37, 71, 41, 35, 74, 72]
Round 300 | train_loss=0.8071 train_acc=0.7258 test_loss=1.6189 test_acc=0.3508
Round 301 | selected=[34, 31, 39, 56, 75, 78, 29, 40, 53, 25]
Round 301 | train_loss=0.9512 train_acc=0.6806 test_loss=1.8047 test_acc=0.3666
Round 302 | selected=[99, 90, 10, 30, 64, 38, 20, 41, 51, 49]
Round 302 | train_loss=1.1335 train_acc=0.6366 test_loss=1.7326 test_acc=0.3283
Round 303 | selected=[69, 58, 84, 43, 1, 20, 42, 97, 3, 24]
Round 303 | train_loss=0.7468 train_acc=0.7638 test_loss=1.4900 test_acc=0.4290
Round 304 | selected=[99, 30, 18, 48, 9, 49, 0, 54, 15, 11]
Round 304 | train_loss=0.9347 train_acc=0.7048 test_loss=1.9957 test_acc=0.2484
Round 305 | selected=[11, 56, 65, 9, 36, 96, 61, 18, 14, 85]
Round 305 | train_loss=0.9344 train_acc=0.7118 test_loss=1.8693 test_acc=0.3274
Round 306 | selected=[39, 30, 18, 11, 37, 57, 92, 42, 52, 79]
Round 306 | train_loss=0.8334 train_acc=0.7388 test_loss=1.6336 test_acc=0.3909
Round 307 | selected=[59, 86, 14, 69, 37, 53, 98, 5, 94, 54]
Round 307 | train_loss=0.8104 train_acc=0.7384 test_loss=1.5339 test_acc=0.4281
Round 308 | selected=[79, 98, 26, 68, 82, 3, 55, 23, 76, 22]
Round 308 | train_loss=0.7437 train_acc=0.7516 test_loss=1.5590 test_acc=0.3758
Round 309 | selected=[23, 50, 38, 33, 59, 45, 55, 68, 62, 35]
Round 309 | train_loss=0.6694 train_acc=0.7790 test_loss=1.6251 test_acc=0.3628
Round 310 | selected=[29, 66, 1, 23, 87, 8, 42, 67, 64, 15]
Round 310 | train_loss=0.7454 train_acc=0.7622 test_loss=1.5881 test_acc=0.3865
Round 311 | selected=[51, 30, 11, 2, 93, 64, 76, 67, 38, 87]
Round 311 | train_loss=0.9150 train_acc=0.7054 test_loss=1.7807 test_acc=0.3855
Round 312 | selected=[64, 24, 31, 47, 97, 50, 14, 1, 18, 68]
Round 312 | train_loss=0.9348 train_acc=0.6872 test_loss=1.5750 test_acc=0.4020
Round 313 | selected=[32, 27, 10, 30, 81, 15, 51, 86, 23, 57]
Round 313 | train_loss=0.9741 train_acc=0.6626 test_loss=1.7933 test_acc=0.3332
Round 314 | selected=[70, 84, 47, 63, 77, 37, 86, 21, 18, 66]
Round 314 | train_loss=0.9493 train_acc=0.6764 test_loss=1.3738 test_acc=0.4788
Round 315 | selected=[5, 65, 17, 48, 23, 6, 70, 95, 55, 54]
Round 315 | train_loss=0.7265 train_acc=0.7724 test_loss=1.5715 test_acc=0.4260
Round 316 | selected=[45, 13, 84, 53, 81, 28, 4, 64, 80, 51]
Round 316 | train_loss=0.8570 train_acc=0.7150 test_loss=1.4922 test_acc=0.4339
Round 317 | selected=[58, 75, 38, 22, 70, 6, 65, 26, 42, 8]
Round 317 | train_loss=0.7708 train_acc=0.7642 test_loss=1.6770 test_acc=0.3906
Round 318 | selected=[27, 42, 50, 85, 98, 44, 66, 80, 70, 76]
Round 318 | train_loss=0.9733 train_acc=0.6964 test_loss=1.6384 test_acc=0.3983
Round 319 | selected=[10, 54, 68, 41, 14, 31, 30, 16, 55, 44]
Round 319 | train_loss=1.2310 train_acc=0.6062 test_loss=2.0639 test_acc=0.2827
Round 320 | selected=[35, 5, 12, 36, 34, 71, 97, 24, 22, 14]
Round 320 | train_loss=1.0336 train_acc=0.6802 test_loss=1.7640 test_acc=0.3773
Round 321 | selected=[81, 73, 63, 74, 43, 97, 86, 34, 38, 21]
Round 321 | train_loss=1.2154 train_acc=0.5970 test_loss=1.6331 test_acc=0.4346
Round 322 | selected=[19, 79, 82, 9, 22, 60, 77, 45, 2, 62]
Round 322 | train_loss=0.9486 train_acc=0.7102 test_loss=1.6936 test_acc=0.3583
Round 323 | selected=[24, 13, 23, 76, 21, 42, 16, 45, 88, 56]
Round 323 | train_loss=0.8493 train_acc=0.7094 test_loss=1.4502 test_acc=0.4600
Round 324 | selected=[41, 1, 53, 6, 29, 50, 80, 93, 66, 97]
Round 324 | train_loss=0.8540 train_acc=0.7092 test_loss=1.6069 test_acc=0.4072
Round 325 | selected=[22, 71, 7, 24, 56, 65, 21, 96, 11, 25]
Round 325 | train_loss=0.8293 train_acc=0.7384 test_loss=1.5141 test_acc=0.4545
Round 326 | selected=[68, 37, 17, 84, 87, 50, 41, 16, 75, 90]
Round 326 | train_loss=0.8290 train_acc=0.7342 test_loss=1.5039 test_acc=0.4376
Round 327 | selected=[15, 91, 57, 19, 24, 35, 93, 16, 21, 29]
Round 327 | train_loss=0.8115 train_acc=0.7410 test_loss=1.7837 test_acc=0.3489
Round 328 | selected=[90, 68, 27, 65, 30, 29, 17, 2, 41, 60]
Round 328 | train_loss=0.9493 train_acc=0.6854 test_loss=1.7565 test_acc=0.3986
Round 329 | selected=[25, 14, 63, 13, 26, 77, 64, 96, 70, 16]
Round 329 | train_loss=1.0518 train_acc=0.6370 test_loss=1.4477 test_acc=0.4578
Round 330 | selected=[93, 25, 99, 59, 66, 17, 23, 71, 50, 12]
Round 330 | train_loss=0.6534 train_acc=0.7966 test_loss=1.6312 test_acc=0.4088
Round 331 | selected=[6, 5, 79, 37, 76, 3, 70, 94, 53, 46]
Round 331 | train_loss=0.8481 train_acc=0.7326 test_loss=1.7278 test_acc=0.3578
Round 332 | selected=[6, 14, 59, 69, 96, 84, 29, 75, 3, 37]
Round 332 | train_loss=0.8613 train_acc=0.7130 test_loss=1.9096 test_acc=0.3128
Round 333 | selected=[17, 77, 6, 31, 91, 36, 5, 82, 44, 4]
Round 333 | train_loss=0.9719 train_acc=0.6716 test_loss=1.7141 test_acc=0.3296
Round 334 | selected=[18, 7, 54, 9, 6, 22, 55, 94, 97, 65]
Round 334 | train_loss=0.8786 train_acc=0.7236 test_loss=1.9828 test_acc=0.3059
Round 335 | selected=[44, 90, 84, 3, 32, 36, 63, 73, 50, 12]
Round 335 | train_loss=0.9010 train_acc=0.7080 test_loss=1.7674 test_acc=0.3467
Round 336 | selected=[16, 2, 7, 44, 95, 92, 5, 14, 75, 71]
Round 336 | train_loss=0.8362 train_acc=0.7238 test_loss=1.6721 test_acc=0.3686
Round 337 | selected=[73, 25, 55, 45, 38, 65, 50, 20, 22, 62]
Round 337 | train_loss=0.8432 train_acc=0.7340 test_loss=1.5733 test_acc=0.4161
Round 338 | selected=[41, 69, 90, 50, 61, 97, 74, 8, 85, 83]
Round 338 | train_loss=0.9805 train_acc=0.6758 test_loss=1.7109 test_acc=0.3601
Round 339 | selected=[99, 56, 84, 65, 64, 14, 15, 92, 74, 90]
Round 339 | train_loss=0.9251 train_acc=0.6866 test_loss=1.6349 test_acc=0.4296
Round 340 | selected=[67, 24, 72, 75, 18, 49, 3, 27, 78, 13]
Round 340 | train_loss=0.7721 train_acc=0.7510 test_loss=1.6255 test_acc=0.4174
Round 341 | selected=[9, 22, 12, 16, 49, 50, 35, 10, 40, 15]
Round 341 | train_loss=0.9130 train_acc=0.6906 test_loss=1.8389 test_acc=0.3226
Round 342 | selected=[29, 68, 98, 88, 13, 89, 83, 53, 77, 60]
Round 342 | train_loss=0.9536 train_acc=0.6852 test_loss=1.5706 test_acc=0.4008
Round 343 | selected=[43, 26, 48, 91, 99, 93, 53, 11, 27, 40]
Round 343 | train_loss=0.6954 train_acc=0.7804 test_loss=1.6828 test_acc=0.3647
Round 344 | selected=[0, 15, 1, 67, 98, 17, 51, 3, 29, 7]
Round 344 | train_loss=0.8140 train_acc=0.7276 test_loss=1.4834 test_acc=0.4757
Round 345 | selected=[30, 92, 87, 31, 17, 13, 58, 89, 64, 96]
Round 345 | train_loss=0.9568 train_acc=0.6828 test_loss=1.5735 test_acc=0.4282
Round 346 | selected=[89, 60, 46, 99, 9, 64, 13, 3, 48, 30]
Round 346 | train_loss=0.7711 train_acc=0.7408 test_loss=1.8407 test_acc=0.3661
Round 347 | selected=[61, 44, 72, 12, 3, 38, 8, 94, 41, 34]
Round 347 | train_loss=0.9710 train_acc=0.7040 test_loss=1.7236 test_acc=0.3236
Round 348 | selected=[47, 93, 88, 13, 68, 12, 2, 46, 45, 81]
Round 348 | train_loss=0.9018 train_acc=0.6830 test_loss=1.6148 test_acc=0.3927
Round 349 | selected=[57, 19, 83, 5, 31, 7, 2, 44, 93, 11]
Round 349 | train_loss=0.8717 train_acc=0.7160 test_loss=1.7129 test_acc=0.3819
Round 350 | selected=[8, 68, 17, 77, 32, 9, 95, 81, 30, 5]
Round 350 | train_loss=0.8138 train_acc=0.7382 test_loss=1.4311 test_acc=0.4533
Round 351 | selected=[96, 86, 49, 81, 22, 8, 77, 38, 57, 18]
Round 351 | train_loss=0.8787 train_acc=0.7130 test_loss=1.6222 test_acc=0.4015
Round 352 | selected=[85, 79, 31, 33, 28, 49, 90, 32, 17, 54]
Round 352 | train_loss=1.0038 train_acc=0.6846 test_loss=1.6140 test_acc=0.4074
Round 353 | selected=[46, 41, 78, 76, 13, 87, 63, 57, 77, 93]
Round 353 | train_loss=1.0122 train_acc=0.6712 test_loss=1.5914 test_acc=0.4151
Round 354 | selected=[46, 28, 33, 91, 29, 47, 56, 54, 18, 96]
Round 354 | train_loss=0.9669 train_acc=0.6844 test_loss=1.5421 test_acc=0.4143
Round 355 | selected=[56, 32, 31, 68, 65, 78, 64, 11, 54, 29]
Round 355 | train_loss=0.8847 train_acc=0.7270 test_loss=1.8361 test_acc=0.3456
Round 356 | selected=[41, 59, 98, 1, 77, 69, 15, 34, 48, 65]
Round 356 | train_loss=0.8473 train_acc=0.7216 test_loss=1.4425 test_acc=0.4912
Round 357 | selected=[67, 61, 19, 54, 84, 43, 52, 49, 95, 99]
Round 357 | train_loss=0.7026 train_acc=0.7824 test_loss=1.7755 test_acc=0.3392
Round 358 | selected=[22, 91, 61, 23, 90, 2, 84, 85, 71, 63]
Round 358 | train_loss=0.8724 train_acc=0.7070 test_loss=1.5092 test_acc=0.4187
Round 359 | selected=[49, 4, 48, 80, 86, 87, 76, 40, 81, 47]
Round 359 | train_loss=0.9582 train_acc=0.6670 test_loss=1.4906 test_acc=0.4371
Round 360 | selected=[61, 91, 51, 5, 29, 46, 59, 48, 50, 12]
Round 360 | train_loss=0.8313 train_acc=0.7290 test_loss=1.6788 test_acc=0.3620
Round 361 | selected=[79, 10, 15, 46, 34, 39, 25, 63, 94, 32]
Round 361 | train_loss=0.8972 train_acc=0.7092 test_loss=1.5560 test_acc=0.4180
Round 362 | selected=[43, 99, 16, 86, 52, 24, 95, 94, 66, 74]
Round 362 | train_loss=0.9330 train_acc=0.6790 test_loss=1.5325 test_acc=0.3933
Round 363 | selected=[87, 18, 72, 4, 24, 54, 29, 36, 3, 91]
Round 363 | train_loss=0.8248 train_acc=0.7340 test_loss=1.4622 test_acc=0.4556
Round 364 | selected=[76, 78, 99, 3, 0, 54, 65, 62, 86, 29]
Round 364 | train_loss=0.8077 train_acc=0.7388 test_loss=1.4773 test_acc=0.4486
Round 365 | selected=[34, 24, 1, 45, 0, 2, 77, 43, 7, 74]
Round 365 | train_loss=0.7889 train_acc=0.7430 test_loss=1.4271 test_acc=0.4746
Round 366 | selected=[27, 98, 42, 44, 79, 49, 28, 74, 91, 78]
Round 366 | train_loss=0.7329 train_acc=0.7674 test_loss=1.5420 test_acc=0.3970
Round 367 | selected=[83, 27, 16, 70, 54, 96, 87, 33, 43, 39]
Round 367 | train_loss=0.8687 train_acc=0.7002 test_loss=1.6433 test_acc=0.3796
Round 368 | selected=[59, 69, 19, 99, 28, 97, 74, 48, 58, 61]
Round 368 | train_loss=0.8876 train_acc=0.7174 test_loss=1.6465 test_acc=0.3563
Round 369 | selected=[65, 40, 69, 32, 89, 83, 21, 71, 37, 41]
Round 369 | train_loss=0.9300 train_acc=0.6972 test_loss=1.4672 test_acc=0.4505
Round 370 | selected=[66, 46, 76, 40, 68, 45, 51, 27, 58, 99]
Round 370 | train_loss=0.8588 train_acc=0.7248 test_loss=1.4691 test_acc=0.4198
Round 371 | selected=[53, 57, 69, 85, 81, 76, 6, 98, 80, 16]
Round 371 | train_loss=0.7913 train_acc=0.7424 test_loss=1.3637 test_acc=0.5057
Round 372 | selected=[63, 40, 82, 91, 89, 37, 14, 46, 96, 10]
Round 372 | train_loss=0.8449 train_acc=0.7142 test_loss=1.3579 test_acc=0.4734
Round 373 | selected=[64, 57, 74, 21, 58, 94, 69, 80, 15, 27]
Round 373 | train_loss=0.8617 train_acc=0.7174 test_loss=1.7037 test_acc=0.4053
Round 374 | selected=[16, 44, 20, 98, 95, 40, 61, 46, 30, 12]
Round 374 | train_loss=0.9409 train_acc=0.6840 test_loss=2.1121 test_acc=0.3459
Round 375 | selected=[3, 13, 47, 26, 53, 91, 48, 27, 92, 76]
Round 375 | train_loss=1.0299 train_acc=0.6594 test_loss=1.6547 test_acc=0.4307
Round 376 | selected=[85, 1, 17, 27, 82, 77, 81, 78, 30, 92]
Round 376 | train_loss=0.9478 train_acc=0.6968 test_loss=2.0011 test_acc=0.3088
Round 377 | selected=[41, 28, 13, 99, 58, 21, 37, 30, 82, 26]
Round 377 | train_loss=0.9842 train_acc=0.6720 test_loss=1.4420 test_acc=0.4530
Round 378 | selected=[72, 37, 97, 88, 79, 68, 38, 99, 57, 55]
Round 378 | train_loss=0.7010 train_acc=0.7916 test_loss=1.5051 test_acc=0.4295
Round 379 | selected=[75, 21, 47, 5, 44, 30, 25, 99, 4, 8]
Round 379 | train_loss=0.8216 train_acc=0.7298 test_loss=1.5865 test_acc=0.3867
Round 380 | selected=[94, 12, 92, 77, 0, 21, 43, 24, 47, 26]
Round 380 | train_loss=0.8165 train_acc=0.7354 test_loss=1.7692 test_acc=0.3660
Round 381 | selected=[60, 99, 49, 87, 32, 90, 37, 30, 1, 59]
Round 381 | train_loss=0.8062 train_acc=0.7534 test_loss=1.6945 test_acc=0.3891
Round 382 | selected=[87, 14, 82, 57, 46, 40, 69, 26, 23, 43]
Round 382 | train_loss=0.7597 train_acc=0.7490 test_loss=1.3878 test_acc=0.4968
Round 383 | selected=[17, 58, 76, 50, 41, 10, 13, 18, 92, 71]
Round 383 | train_loss=0.8244 train_acc=0.7244 test_loss=1.5005 test_acc=0.4442
Round 384 | selected=[80, 49, 11, 68, 65, 2, 26, 73, 60, 46]
Round 384 | train_loss=0.8209 train_acc=0.7334 test_loss=1.7737 test_acc=0.4203
Round 385 | selected=[80, 90, 72, 20, 24, 30, 40, 91, 22, 28]
Round 385 | train_loss=0.8375 train_acc=0.7322 test_loss=1.6621 test_acc=0.3294
Round 386 | selected=[20, 37, 50, 5, 89, 62, 47, 21, 81, 98]
Round 386 | train_loss=0.8830 train_acc=0.7106 test_loss=1.5619 test_acc=0.3885
Round 387 | selected=[11, 61, 85, 10, 35, 55, 83, 30, 90, 97]
Round 387 | train_loss=0.9067 train_acc=0.7034 test_loss=2.1674 test_acc=0.2542
Round 388 | selected=[0, 6, 5, 26, 29, 53, 84, 28, 73, 85]
Round 388 | train_loss=0.8961 train_acc=0.7046 test_loss=1.6680 test_acc=0.3947
Round 389 | selected=[89, 32, 67, 33, 3, 37, 54, 57, 59, 34]
Round 389 | train_loss=0.8185 train_acc=0.7382 test_loss=1.5806 test_acc=0.4093
Round 390 | selected=[46, 74, 3, 2, 4, 55, 27, 26, 38, 42]
Round 390 | train_loss=0.7814 train_acc=0.7300 test_loss=1.4832 test_acc=0.4525
Round 391 | selected=[7, 87, 31, 61, 22, 79, 64, 14, 73, 43]
Round 391 | train_loss=0.8626 train_acc=0.7172 test_loss=1.4252 test_acc=0.4895
Round 392 | selected=[98, 92, 77, 58, 79, 96, 35, 39, 82, 69]
Round 392 | train_loss=0.7891 train_acc=0.7514 test_loss=1.4043 test_acc=0.4560
Round 393 | selected=[65, 72, 93, 92, 24, 70, 55, 81, 58, 75]
Round 393 | train_loss=0.6445 train_acc=0.7890 test_loss=1.5352 test_acc=0.4235
Round 394 | selected=[24, 21, 71, 52, 15, 83, 92, 68, 95, 46]
Round 394 | train_loss=0.7542 train_acc=0.7544 test_loss=1.7506 test_acc=0.3776
Round 395 | selected=[87, 8, 19, 85, 73, 68, 46, 10, 1, 24]
Round 395 | train_loss=0.8019 train_acc=0.7238 test_loss=1.6018 test_acc=0.4106
Round 396 | selected=[28, 44, 33, 59, 35, 25, 14, 47, 41, 69]
Round 396 | train_loss=0.8742 train_acc=0.7230 test_loss=1.4517 test_acc=0.4271
Round 397 | selected=[5, 36, 41, 51, 82, 77, 76, 8, 23, 29]
Round 397 | train_loss=0.8517 train_acc=0.7076 test_loss=2.0156 test_acc=0.3202
Round 398 | selected=[63, 76, 36, 62, 49, 77, 48, 87, 45, 34]
Round 398 | train_loss=0.8980 train_acc=0.7300 test_loss=1.4553 test_acc=0.4463
Round 399 | selected=[51, 34, 87, 26, 92, 21, 44, 39, 68, 76]
Round 399 | train_loss=0.7898 train_acc=0.7434 test_loss=1.5011 test_acc=0.4663
Round 400 | selected=[9, 30, 20, 63, 11, 55, 0, 79, 2, 14]
Round 400 | train_loss=0.8749 train_acc=0.7068 test_loss=1.8155 test_acc=0.2750
Round 401 | selected=[27, 2, 29, 25, 17, 49, 7, 19, 1, 11]
Round 401 | train_loss=0.8846 train_acc=0.7014 test_loss=1.7385 test_acc=0.3665
Round 402 | selected=[84, 21, 71, 86, 72, 6, 54, 79, 52, 13]
Round 402 | train_loss=0.9842 train_acc=0.6730 test_loss=1.7509 test_acc=0.3056
Round 403 | selected=[52, 39, 55, 72, 3, 77, 93, 58, 10, 60]
Round 403 | train_loss=0.8114 train_acc=0.7188 test_loss=1.5038 test_acc=0.4415
Round 404 | selected=[58, 60, 56, 40, 57, 76, 85, 98, 92, 45]
Round 404 | train_loss=0.8131 train_acc=0.7256 test_loss=1.5068 test_acc=0.3992
Round 405 | selected=[62, 26, 33, 73, 40, 50, 83, 99, 65, 69]
Round 405 | train_loss=0.8134 train_acc=0.7360 test_loss=1.4709 test_acc=0.4363
Round 406 | selected=[50, 21, 26, 64, 47, 41, 27, 93, 49, 6]
Round 406 | train_loss=0.7995 train_acc=0.7394 test_loss=1.4460 test_acc=0.4438
Round 407 | selected=[7, 66, 46, 2, 41, 40, 62, 13, 1, 80]
Round 407 | train_loss=0.8957 train_acc=0.6870 test_loss=1.5452 test_acc=0.4359
Round 408 | selected=[58, 45, 36, 15, 84, 13, 64, 51, 0, 23]
Round 408 | train_loss=0.7395 train_acc=0.7574 test_loss=1.2879 test_acc=0.5207
Round 409 | selected=[41, 18, 79, 0, 14, 71, 13, 89, 35, 1]
Round 409 | train_loss=0.8455 train_acc=0.7252 test_loss=1.6247 test_acc=0.3712
Round 410 | selected=[3, 51, 80, 91, 25, 90, 8, 79, 41, 53]
Round 410 | train_loss=0.8195 train_acc=0.7272 test_loss=1.6436 test_acc=0.4087
Round 411 | selected=[69, 84, 54, 86, 29, 19, 13, 38, 57, 3]
Round 411 | train_loss=0.8732 train_acc=0.7056 test_loss=1.5304 test_acc=0.4107
Round 412 | selected=[69, 44, 85, 9, 51, 62, 34, 77, 46, 54]
Round 412 | train_loss=0.9308 train_acc=0.6994 test_loss=1.5295 test_acc=0.3992
Round 413 | selected=[16, 66, 89, 50, 38, 49, 36, 98, 28, 53]
Round 413 | train_loss=0.8375 train_acc=0.7302 test_loss=1.4779 test_acc=0.4495
Round 414 | selected=[52, 9, 82, 19, 23, 29, 53, 73, 83, 6]
Round 414 | train_loss=0.7448 train_acc=0.7686 test_loss=1.4830 test_acc=0.4229
Round 415 | selected=[25, 3, 28, 46, 33, 56, 63, 43, 64, 6]
Round 415 | train_loss=0.8193 train_acc=0.7178 test_loss=1.3693 test_acc=0.4713
Round 416 | selected=[16, 56, 78, 85, 74, 29, 20, 98, 31, 17]
Round 416 | train_loss=0.8474 train_acc=0.7100 test_loss=1.8219 test_acc=0.3064
Round 417 | selected=[69, 67, 58, 10, 98, 4, 57, 6, 19, 86]
Round 417 | train_loss=0.8664 train_acc=0.6956 test_loss=1.5054 test_acc=0.4234
Round 418 | selected=[93, 8, 33, 42, 11, 64, 32, 91, 89, 26]
Round 418 | train_loss=0.6791 train_acc=0.7850 test_loss=1.3114 test_acc=0.5440
Round 419 | selected=[7, 56, 13, 49, 92, 68, 61, 18, 52, 20]
Round 419 | train_loss=0.7436 train_acc=0.7650 test_loss=1.2724 test_acc=0.5396
Round 420 | selected=[55, 20, 0, 36, 22, 41, 21, 54, 4, 7]
Round 420 | train_loss=0.7605 train_acc=0.7494 test_loss=1.6307 test_acc=0.4103
Round 421 | selected=[39, 81, 90, 68, 23, 31, 0, 7, 80, 50]
Round 421 | train_loss=0.7701 train_acc=0.7444 test_loss=1.4776 test_acc=0.4326
Round 422 | selected=[23, 33, 40, 82, 25, 66, 16, 59, 30, 90]
Round 422 | train_loss=0.8567 train_acc=0.7134 test_loss=1.4464 test_acc=0.4456
Round 423 | selected=[22, 91, 4, 54, 56, 18, 24, 26, 16, 94]
Round 423 | train_loss=0.7737 train_acc=0.7418 test_loss=1.3732 test_acc=0.4802
Round 424 | selected=[7, 40, 84, 21, 67, 94, 29, 31, 18, 42]
Round 424 | train_loss=0.6851 train_acc=0.7818 test_loss=1.3945 test_acc=0.4685
Round 425 | selected=[85, 76, 49, 64, 44, 34, 54, 17, 37, 60]
Round 425 | train_loss=0.7391 train_acc=0.7762 test_loss=1.5025 test_acc=0.4485
Round 426 | selected=[78, 77, 3, 69, 74, 35, 85, 50, 42, 48]
Round 426 | train_loss=0.8492 train_acc=0.7336 test_loss=2.5009 test_acc=0.1688
Round 427 | selected=[68, 31, 92, 66, 17, 42, 93, 34, 7, 24]
Round 427 | train_loss=0.9089 train_acc=0.7126 test_loss=1.5391 test_acc=0.4481
Round 428 | selected=[88, 37, 40, 26, 74, 95, 11, 28, 77, 47]
Round 428 | train_loss=0.8614 train_acc=0.7042 test_loss=1.7140 test_acc=0.3569
Round 429 | selected=[85, 25, 65, 17, 59, 76, 68, 39, 87, 77]
Round 429 | train_loss=0.7245 train_acc=0.7606 test_loss=1.6911 test_acc=0.3973
Round 430 | selected=[5, 15, 44, 40, 37, 54, 91, 60, 16, 93]
Round 430 | train_loss=0.8900 train_acc=0.6976 test_loss=1.6605 test_acc=0.3459
Round 431 | selected=[14, 27, 66, 84, 17, 50, 7, 59, 80, 2]
Round 431 | train_loss=0.8944 train_acc=0.6958 test_loss=1.5712 test_acc=0.4376
Round 432 | selected=[14, 19, 18, 60, 32, 67, 56, 30, 20, 51]
Round 432 | train_loss=0.7826 train_acc=0.7416 test_loss=1.3964 test_acc=0.4736
Round 433 | selected=[28, 83, 4, 68, 58, 8, 71, 62, 99, 91]
Round 433 | train_loss=0.7298 train_acc=0.7590 test_loss=1.5468 test_acc=0.3932
Round 434 | selected=[45, 57, 31, 34, 71, 83, 85, 96, 25, 29]
Round 434 | train_loss=0.7462 train_acc=0.7346 test_loss=1.6466 test_acc=0.4284
Round 435 | selected=[39, 36, 35, 79, 47, 93, 3, 58, 50, 14]
Round 435 | train_loss=0.8636 train_acc=0.7166 test_loss=1.7179 test_acc=0.3396
Round 436 | selected=[47, 12, 38, 7, 93, 48, 13, 33, 1, 49]
Round 436 | train_loss=0.8159 train_acc=0.7234 test_loss=1.4933 test_acc=0.4377
Round 437 | selected=[3, 48, 45, 25, 4, 99, 36, 5, 41, 72]
Round 437 | train_loss=0.7577 train_acc=0.7472 test_loss=1.7782 test_acc=0.3601
Round 438 | selected=[44, 68, 56, 5, 30, 40, 45, 0, 48, 41]
Round 438 | train_loss=0.7886 train_acc=0.7498 test_loss=1.2980 test_acc=0.4939
Round 439 | selected=[3, 80, 25, 30, 38, 15, 48, 24, 58, 62]
Round 439 | train_loss=0.6847 train_acc=0.7846 test_loss=1.4149 test_acc=0.4585
Round 440 | selected=[87, 18, 96, 65, 69, 12, 78, 94, 28, 24]
Round 440 | train_loss=0.8123 train_acc=0.7328 test_loss=1.6898 test_acc=0.4022
Round 441 | selected=[71, 66, 11, 83, 33, 48, 16, 67, 47, 91]
Round 441 | train_loss=0.8772 train_acc=0.6964 test_loss=1.4441 test_acc=0.4216
Round 442 | selected=[21, 59, 90, 38, 95, 44, 53, 68, 82, 7]
Round 442 | train_loss=0.6618 train_acc=0.7872 test_loss=1.3686 test_acc=0.4933
Round 443 | selected=[19, 98, 6, 63, 61, 9, 77, 10, 82, 81]
Round 443 | train_loss=0.8372 train_acc=0.7214 test_loss=1.6759 test_acc=0.3664
Round 444 | selected=[71, 6, 44, 18, 34, 26, 40, 66, 22, 68]
Round 444 | train_loss=0.7491 train_acc=0.7612 test_loss=1.4370 test_acc=0.4721
Round 445 | selected=[17, 95, 1, 23, 33, 64, 73, 29, 89, 44]
Round 445 | train_loss=0.7185 train_acc=0.7738 test_loss=1.5221 test_acc=0.4311
Round 446 | selected=[46, 3, 88, 71, 51, 16, 24, 94, 38, 67]
Round 446 | train_loss=0.9158 train_acc=0.6904 test_loss=1.5845 test_acc=0.3991
Round 447 | selected=[97, 42, 73, 82, 62, 61, 76, 50, 59, 79]
Round 447 | train_loss=0.7410 train_acc=0.7574 test_loss=1.8201 test_acc=0.3543
Round 448 | selected=[26, 18, 1, 57, 77, 96, 91, 33, 99, 28]
Round 448 | train_loss=0.9334 train_acc=0.6822 test_loss=1.7632 test_acc=0.3526
Round 449 | selected=[76, 89, 52, 91, 47, 57, 2, 43, 95, 27]
Round 449 | train_loss=0.8629 train_acc=0.7212 test_loss=1.5434 test_acc=0.4168
Round 450 | selected=[29, 39, 76, 53, 2, 74, 46, 93, 77, 50]
Round 450 | train_loss=0.7733 train_acc=0.7486 test_loss=1.6854 test_acc=0.3893
Round 451 | selected=[3, 86, 82, 89, 38, 58, 47, 28, 79, 70]
Round 451 | train_loss=0.9561 train_acc=0.6754 test_loss=1.6171 test_acc=0.3406
Round 452 | selected=[84, 90, 14, 86, 95, 56, 98, 81, 85, 20]
Round 452 | train_loss=0.8101 train_acc=0.7228 test_loss=1.7768 test_acc=0.3593
Round 453 | selected=[42, 19, 53, 47, 57, 74, 37, 98, 16, 38]
Round 453 | train_loss=0.8442 train_acc=0.7122 test_loss=1.3405 test_acc=0.5215
Round 454 | selected=[66, 1, 53, 17, 11, 19, 34, 37, 31, 77]
Round 454 | train_loss=0.7649 train_acc=0.7482 test_loss=1.5758 test_acc=0.4147
Round 455 | selected=[80, 78, 75, 59, 42, 0, 26, 43, 91, 71]
Round 455 | train_loss=0.5932 train_acc=0.8090 test_loss=1.8064 test_acc=0.3694
Round 456 | selected=[98, 5, 1, 56, 19, 85, 62, 53, 76, 31]
Round 456 | train_loss=0.9017 train_acc=0.7014 test_loss=1.6831 test_acc=0.4011
Round 457 | selected=[6, 81, 25, 80, 2, 97, 44, 65, 29, 1]
Round 457 | train_loss=0.7538 train_acc=0.7640 test_loss=1.4228 test_acc=0.4505
Round 458 | selected=[94, 11, 62, 70, 52, 7, 51, 99, 22, 33]
Round 458 | train_loss=0.7053 train_acc=0.7638 test_loss=1.4931 test_acc=0.4766
Round 459 | selected=[90, 6, 61, 4, 47, 87, 64, 55, 69, 23]
Round 459 | train_loss=0.7452 train_acc=0.7568 test_loss=1.2773 test_acc=0.5396
Round 460 | selected=[59, 94, 62, 22, 50, 97, 85, 73, 87, 69]
Round 460 | train_loss=0.5582 train_acc=0.8218 test_loss=1.3938 test_acc=0.4735
Round 461 | selected=[93, 8, 16, 59, 3, 38, 49, 11, 26, 81]
Round 461 | train_loss=0.6790 train_acc=0.7794 test_loss=1.2896 test_acc=0.5372
Round 462 | selected=[21, 28, 10, 2, 48, 88, 72, 97, 30, 46]
Round 462 | train_loss=0.7590 train_acc=0.7582 test_loss=1.3623 test_acc=0.4754
Round 463 | selected=[72, 97, 50, 53, 65, 25, 24, 11, 18, 13]
Round 463 | train_loss=0.5923 train_acc=0.8180 test_loss=1.5445 test_acc=0.4310
Round 464 | selected=[75, 14, 77, 74, 59, 49, 1, 63, 96, 72]
Round 464 | train_loss=0.7813 train_acc=0.7372 test_loss=1.2862 test_acc=0.5272
Round 465 | selected=[33, 74, 62, 46, 15, 5, 98, 35, 80, 70]
Round 465 | train_loss=0.6637 train_acc=0.7858 test_loss=1.3537 test_acc=0.5180
Round 466 | selected=[51, 1, 27, 48, 97, 63, 17, 26, 0, 29]
Round 466 | train_loss=0.7275 train_acc=0.7590 test_loss=1.4434 test_acc=0.4438
Round 467 | selected=[22, 2, 12, 90, 93, 27, 13, 51, 30, 79]
Round 467 | train_loss=0.7098 train_acc=0.7616 test_loss=1.6595 test_acc=0.4282
Round 468 | selected=[4, 27, 96, 75, 21, 33, 28, 44, 35, 29]
Round 468 | train_loss=0.8093 train_acc=0.7274 test_loss=1.6625 test_acc=0.4036
Round 469 | selected=[45, 62, 71, 35, 93, 84, 1, 27, 12, 53]
Round 469 | train_loss=0.6822 train_acc=0.7762 test_loss=1.7021 test_acc=0.3878
Round 470 | selected=[4, 30, 73, 69, 81, 62, 13, 63, 29, 55]
Round 470 | train_loss=0.7306 train_acc=0.7440 test_loss=1.4953 test_acc=0.4467
Round 471 | selected=[55, 96, 34, 63, 15, 23, 13, 97, 88, 78]
Round 471 | train_loss=0.7734 train_acc=0.7346 test_loss=1.4125 test_acc=0.4692
Round 472 | selected=[10, 45, 60, 86, 82, 63, 23, 34, 50, 42]
Round 472 | train_loss=0.7211 train_acc=0.7614 test_loss=1.3339 test_acc=0.4998
Round 473 | selected=[17, 79, 57, 36, 75, 74, 26, 28, 31, 10]
Round 473 | train_loss=0.7637 train_acc=0.7390 test_loss=1.4607 test_acc=0.4983
Round 474 | selected=[95, 33, 25, 0, 2, 21, 1, 46, 9, 48]
Round 474 | train_loss=0.7710 train_acc=0.7452 test_loss=1.6748 test_acc=0.4244
Round 475 | selected=[40, 38, 42, 18, 85, 43, 0, 71, 77, 12]
Round 475 | train_loss=0.7362 train_acc=0.7702 test_loss=1.8440 test_acc=0.3320
Round 476 | selected=[86, 10, 42, 79, 55, 89, 63, 29, 21, 11]
Round 476 | train_loss=0.7833 train_acc=0.7340 test_loss=1.4262 test_acc=0.4573
Round 477 | selected=[87, 54, 79, 39, 86, 70, 71, 4, 2, 72]
Round 477 | train_loss=0.7845 train_acc=0.7260 test_loss=1.3523 test_acc=0.5085
Round 478 | selected=[8, 11, 60, 56, 48, 28, 45, 2, 80, 96]
Round 478 | train_loss=0.6842 train_acc=0.7700 test_loss=1.5090 test_acc=0.4197
Round 479 | selected=[64, 38, 47, 14, 93, 17, 27, 2, 51, 34]
Round 479 | train_loss=0.8653 train_acc=0.7028 test_loss=1.6839 test_acc=0.4421
Round 480 | selected=[24, 63, 45, 6, 43, 0, 22, 65, 15, 33]
Round 480 | train_loss=0.7043 train_acc=0.7850 test_loss=1.4026 test_acc=0.4805
Round 481 | selected=[0, 22, 84, 92, 58, 91, 9, 79, 16, 26]
Round 481 | train_loss=0.7782 train_acc=0.7454 test_loss=1.3589 test_acc=0.5017
Round 482 | selected=[43, 8, 15, 52, 79, 83, 28, 46, 68, 36]
Round 482 | train_loss=0.7142 train_acc=0.7850 test_loss=1.3487 test_acc=0.4907
Round 483 | selected=[93, 73, 83, 6, 63, 53, 75, 62, 98, 91]
Round 483 | train_loss=0.5943 train_acc=0.8132 test_loss=1.2360 test_acc=0.5470
Round 484 | selected=[72, 3, 48, 95, 22, 83, 58, 16, 80, 82]
Round 484 | train_loss=0.6404 train_acc=0.7970 test_loss=1.5326 test_acc=0.4128
Round 485 | selected=[83, 63, 90, 98, 30, 32, 43, 1, 59, 37]
Round 485 | train_loss=0.6618 train_acc=0.7826 test_loss=1.3601 test_acc=0.4995
Round 486 | selected=[92, 19, 42, 30, 9, 66, 14, 93, 7, 83]
Round 486 | train_loss=0.6612 train_acc=0.7962 test_loss=1.4095 test_acc=0.4566
Round 487 | selected=[64, 61, 50, 51, 43, 41, 27, 93, 49, 21]
Round 487 | train_loss=0.7210 train_acc=0.7544 test_loss=1.4675 test_acc=0.4894
Round 488 | selected=[27, 77, 15, 35, 25, 80, 44, 30, 17, 18]
Round 488 | train_loss=0.8094 train_acc=0.7520 test_loss=1.4930 test_acc=0.4469
Round 489 | selected=[95, 96, 16, 20, 21, 6, 64, 54, 77, 31]
Round 489 | train_loss=0.9019 train_acc=0.6878 test_loss=1.6621 test_acc=0.3864
Round 490 | selected=[85, 99, 63, 72, 83, 90, 18, 30, 20, 45]
Round 490 | train_loss=0.8646 train_acc=0.7112 test_loss=1.8846 test_acc=0.3799
Round 491 | selected=[80, 10, 82, 72, 95, 15, 56, 44, 96, 37]
Round 491 | train_loss=0.7896 train_acc=0.7448 test_loss=1.2813 test_acc=0.5025
Round 492 | selected=[90, 86, 69, 52, 77, 38, 60, 9, 33, 37]
Round 492 | train_loss=0.8217 train_acc=0.7302 test_loss=1.3531 test_acc=0.4934
Round 493 | selected=[13, 94, 63, 60, 3, 69, 39, 10, 7, 12]
Round 493 | train_loss=0.7434 train_acc=0.7534 test_loss=1.4925 test_acc=0.4484
Round 494 | selected=[33, 97, 71, 42, 31, 92, 67, 2, 27, 44]
Round 494 | train_loss=0.6654 train_acc=0.7700 test_loss=1.4284 test_acc=0.4612
Round 495 | selected=[72, 40, 78, 37, 16, 47, 64, 97, 36, 39]
Round 495 | train_loss=0.7910 train_acc=0.7422 test_loss=1.4456 test_acc=0.4888
Round 496 | selected=[50, 28, 79, 8, 95, 34, 31, 80, 24, 12]
Round 496 | train_loss=0.6427 train_acc=0.7896 test_loss=1.3307 test_acc=0.5176
Round 497 | selected=[98, 34, 6, 56, 18, 40, 84, 23, 54, 41]
Round 497 | train_loss=0.6779 train_acc=0.7940 test_loss=1.3076 test_acc=0.4960
Round 498 | selected=[58, 75, 6, 68, 74, 90, 49, 71, 24, 33]
Round 498 | train_loss=0.6536 train_acc=0.7894 test_loss=1.4552 test_acc=0.4601
Round 499 | selected=[60, 22, 32, 74, 37, 11, 36, 84, 85, 89]
Round 499 | train_loss=0.6641 train_acc=0.7810 test_loss=1.8944 test_acc=0.4297
Round 500 | selected=[27, 22, 20, 35, 1, 54, 7, 42, 74, 19]
Round 500 | train_loss=0.6941 train_acc=0.7630 test_loss=1.5231 test_acc=0.4259
Saved: track1/results/cifar10/final_seed42/fedavg_alpha01_seed42.csv
COMPLETED: fedavg alpha01 seed=42
