========================================
JOB:       12005993
TASK:      34
ALGORITHM: fedavg
PARTITION: alpha03
SEED:      45
GPU:       0
========================================
Device: cuda
GPU: Tesla V100-PCIE-32GB
Round 0 | test_loss=2.8279 test_acc=0.0938
Round 1 | selected=[84, 96, 49, 52, 68, 55, 73, 51, 79, 50]
Round 1 | train_loss=1.5927 train_acc=0.4788 test_loss=2.6624 test_acc=0.1000
Round 2 | selected=[61, 70, 47, 11, 92, 52, 58, 77, 79, 57]
Round 2 | train_loss=2.0290 train_acc=0.4058 test_loss=2.6160 test_acc=0.1638
Round 3 | selected=[68, 28, 99, 76, 4, 11, 39, 98, 40, 5]
Round 3 | train_loss=2.1075 train_acc=0.4224 test_loss=3.5989 test_acc=0.1000
Round 4 | selected=[26, 11, 9, 16, 70, 81, 96, 73, 29, 19]
Round 4 | train_loss=2.2290 train_acc=0.4126 test_loss=3.0644 test_acc=0.1484
Round 5 | selected=[11, 19, 35, 99, 1, 3, 45, 97, 31, 91]
Round 5 | train_loss=1.8075 train_acc=0.4712 test_loss=3.0073 test_acc=0.1728
Round 6 | selected=[65, 92, 81, 94, 48, 86, 77, 43, 30, 68]
Round 6 | train_loss=2.0120 train_acc=0.3778 test_loss=3.1700 test_acc=0.1545
Round 7 | selected=[35, 74, 98, 56, 37, 62, 89, 49, 80, 13]
Round 7 | train_loss=1.7396 train_acc=0.4802 test_loss=3.4285 test_acc=0.1832
Round 8 | selected=[29, 13, 46, 2, 67, 30, 38, 4, 60, 73]
Round 8 | train_loss=1.7208 train_acc=0.4826 test_loss=2.3783 test_acc=0.1998
Round 9 | selected=[69, 44, 76, 74, 34, 79, 22, 60, 16, 15]
Round 9 | train_loss=1.4647 train_acc=0.5448 test_loss=2.1672 test_acc=0.1865
Round 10 | selected=[8, 64, 44, 23, 48, 9, 69, 1, 29, 86]
Round 10 | train_loss=1.6390 train_acc=0.4632 test_loss=2.3136 test_acc=0.1682
Round 11 | selected=[73, 27, 86, 10, 22, 92, 9, 36, 43, 21]
Round 11 | train_loss=1.5630 train_acc=0.4424 test_loss=2.4378 test_acc=0.1680
Round 12 | selected=[19, 10, 46, 11, 4, 42, 16, 99, 96, 21]
Round 12 | train_loss=1.6738 train_acc=0.4770 test_loss=2.8431 test_acc=0.2032
Round 13 | selected=[31, 94, 27, 21, 48, 46, 69, 72, 24, 19]
Round 13 | train_loss=1.6870 train_acc=0.4766 test_loss=2.4896 test_acc=0.2237
Round 14 | selected=[25, 64, 96, 46, 42, 85, 98, 20, 65, 89]
Round 14 | train_loss=1.5296 train_acc=0.5202 test_loss=2.1454 test_acc=0.1920
Round 15 | selected=[94, 59, 89, 13, 76, 48, 39, 55, 44, 60]
Round 15 | train_loss=1.4778 train_acc=0.5312 test_loss=2.0978 test_acc=0.2435
Round 16 | selected=[44, 33, 28, 69, 36, 32, 46, 3, 35, 5]
Round 16 | train_loss=1.4464 train_acc=0.5330 test_loss=2.3204 test_acc=0.1779
Round 17 | selected=[56, 86, 33, 90, 8, 44, 94, 74, 83, 93]
Round 17 | train_loss=1.5780 train_acc=0.4688 test_loss=2.5865 test_acc=0.1725
Round 18 | selected=[37, 96, 61, 80, 73, 86, 52, 2, 81, 38]
Round 18 | train_loss=1.7428 train_acc=0.4022 test_loss=2.2566 test_acc=0.2397
Round 19 | selected=[66, 82, 91, 49, 25, 42, 15, 74, 75, 13]
Round 19 | train_loss=1.5775 train_acc=0.5202 test_loss=2.1366 test_acc=0.2072
Round 20 | selected=[99, 42, 96, 30, 8, 88, 93, 46, 90, 82]
Round 20 | train_loss=1.5933 train_acc=0.4942 test_loss=2.1430 test_acc=0.1972
Round 21 | selected=[91, 8, 48, 72, 47, 73, 24, 60, 98, 50]
Round 21 | train_loss=1.6109 train_acc=0.4726 test_loss=2.1464 test_acc=0.1909
Round 22 | selected=[77, 27, 23, 18, 4, 45, 66, 71, 72, 51]
Round 22 | train_loss=1.5103 train_acc=0.5138 test_loss=2.0601 test_acc=0.1962
Round 23 | selected=[5, 69, 78, 15, 35, 44, 28, 19, 61, 59]
Round 23 | train_loss=1.5647 train_acc=0.4682 test_loss=2.1249 test_acc=0.2334
Round 24 | selected=[85, 67, 48, 41, 94, 11, 53, 22, 20, 52]
Round 24 | train_loss=1.4396 train_acc=0.5342 test_loss=2.2093 test_acc=0.2242
Round 25 | selected=[46, 96, 40, 57, 45, 30, 99, 94, 9, 5]
Round 25 | train_loss=1.6720 train_acc=0.4518 test_loss=2.1593 test_acc=0.2126
Round 26 | selected=[60, 99, 84, 0, 28, 13, 19, 55, 9, 96]
Round 26 | train_loss=1.3946 train_acc=0.5362 test_loss=2.0024 test_acc=0.2400
Round 27 | selected=[85, 18, 27, 88, 21, 73, 6, 62, 2, 82]
Round 27 | train_loss=1.5234 train_acc=0.5004 test_loss=2.0258 test_acc=0.2621
Round 28 | selected=[59, 40, 9, 65, 22, 53, 44, 72, 79, 45]
Round 28 | train_loss=1.4552 train_acc=0.5148 test_loss=2.1005 test_acc=0.2102
Round 29 | selected=[15, 11, 81, 91, 12, 35, 43, 26, 44, 94]
Round 29 | train_loss=1.4755 train_acc=0.5034 test_loss=2.0770 test_acc=0.2030
Round 30 | selected=[61, 1, 5, 70, 21, 6, 92, 75, 45, 40]
Round 30 | train_loss=1.5666 train_acc=0.4362 test_loss=2.0218 test_acc=0.2611
Round 31 | selected=[3, 14, 15, 90, 86, 96, 47, 45, 63, 10]
Round 31 | train_loss=1.5733 train_acc=0.4678 test_loss=2.0410 test_acc=0.2184
Round 32 | selected=[33, 35, 79, 59, 54, 96, 60, 67, 61, 39]
Round 32 | train_loss=1.4724 train_acc=0.5154 test_loss=2.4395 test_acc=0.1996
Round 33 | selected=[72, 49, 39, 77, 98, 10, 59, 17, 29, 9]
Round 33 | train_loss=1.5979 train_acc=0.4958 test_loss=2.0327 test_acc=0.2402
Round 34 | selected=[15, 59, 57, 88, 60, 13, 70, 47, 76, 26]
Round 34 | train_loss=1.4796 train_acc=0.4926 test_loss=2.0750 test_acc=0.2072
Round 35 | selected=[76, 4, 23, 69, 56, 13, 43, 54, 99, 88]
Round 35 | train_loss=1.5217 train_acc=0.4908 test_loss=2.4086 test_acc=0.2202
Round 36 | selected=[3, 50, 71, 29, 88, 11, 13, 2, 7, 47]
Round 36 | train_loss=1.5765 train_acc=0.4888 test_loss=2.1011 test_acc=0.1920
Round 37 | selected=[47, 27, 28, 8, 2, 88, 30, 16, 45, 60]
Round 37 | train_loss=1.5309 train_acc=0.4950 test_loss=1.8650 test_acc=0.2675
Round 38 | selected=[50, 29, 85, 86, 64, 10, 7, 16, 49, 48]
Round 38 | train_loss=1.3212 train_acc=0.5676 test_loss=2.0738 test_acc=0.2134
Round 39 | selected=[3, 88, 98, 97, 23, 40, 74, 61, 79, 59]
Round 39 | train_loss=1.6140 train_acc=0.4494 test_loss=2.4597 test_acc=0.1833
Round 40 | selected=[29, 47, 55, 25, 13, 65, 91, 10, 8, 89]
Round 40 | train_loss=1.6722 train_acc=0.4522 test_loss=2.1297 test_acc=0.2251
Round 41 | selected=[51, 18, 44, 36, 79, 62, 64, 43, 11, 96]
Round 41 | train_loss=1.3642 train_acc=0.5810 test_loss=2.0503 test_acc=0.2619
Round 42 | selected=[41, 24, 80, 14, 5, 27, 42, 90, 73, 47]
Round 42 | train_loss=1.4716 train_acc=0.5072 test_loss=2.1215 test_acc=0.2205
Round 43 | selected=[23, 81, 54, 52, 62, 9, 6, 38, 79, 2]
Round 43 | train_loss=1.7559 train_acc=0.4142 test_loss=2.4929 test_acc=0.2092
Round 44 | selected=[47, 85, 84, 78, 86, 3, 36, 7, 5, 81]
Round 44 | train_loss=1.8610 train_acc=0.4256 test_loss=1.8851 test_acc=0.2674
Round 45 | selected=[11, 75, 46, 15, 87, 21, 51, 99, 61, 90]
Round 45 | train_loss=1.3954 train_acc=0.5160 test_loss=1.7509 test_acc=0.3005
Round 46 | selected=[69, 76, 10, 45, 22, 62, 23, 65, 12, 3]
Round 46 | train_loss=1.3249 train_acc=0.5574 test_loss=1.7577 test_acc=0.3152
Round 47 | selected=[67, 90, 35, 54, 81, 44, 49, 39, 59, 23]
Round 47 | train_loss=1.4363 train_acc=0.5246 test_loss=1.9843 test_acc=0.2282
Round 48 | selected=[21, 14, 50, 90, 26, 19, 13, 68, 34, 48]
Round 48 | train_loss=1.4234 train_acc=0.5016 test_loss=1.7876 test_acc=0.3019
Round 49 | selected=[54, 25, 65, 52, 28, 81, 63, 5, 74, 91]
Round 49 | train_loss=1.4377 train_acc=0.5208 test_loss=1.8494 test_acc=0.2800
Round 50 | selected=[71, 16, 75, 59, 89, 46, 84, 44, 60, 37]
Round 50 | train_loss=1.3227 train_acc=0.5658 test_loss=1.7033 test_acc=0.3253
Round 51 | selected=[68, 88, 39, 89, 20, 76, 95, 70, 81, 26]
Round 51 | train_loss=1.3381 train_acc=0.5364 test_loss=1.8267 test_acc=0.3186
Round 52 | selected=[2, 9, 53, 58, 82, 81, 77, 74, 40, 95]
Round 52 | train_loss=1.4108 train_acc=0.5166 test_loss=1.8301 test_acc=0.2891
Round 53 | selected=[91, 64, 55, 94, 70, 61, 93, 71, 56, 63]
Round 53 | train_loss=1.4855 train_acc=0.5072 test_loss=1.7734 test_acc=0.3115
Round 54 | selected=[59, 24, 95, 36, 63, 16, 76, 94, 42, 51]
Round 54 | train_loss=1.2494 train_acc=0.5968 test_loss=1.7343 test_acc=0.3335
Round 55 | selected=[2, 85, 78, 67, 42, 69, 86, 31, 90, 57]
Round 55 | train_loss=1.4110 train_acc=0.5136 test_loss=1.8046 test_acc=0.3007
Round 56 | selected=[86, 69, 52, 75, 71, 66, 57, 37, 12, 77]
Round 56 | train_loss=1.3863 train_acc=0.5122 test_loss=1.7021 test_acc=0.3384
Round 57 | selected=[60, 27, 8, 63, 19, 52, 90, 30, 29, 57]
Round 57 | train_loss=1.3493 train_acc=0.5480 test_loss=1.8871 test_acc=0.2635
Round 58 | selected=[44, 8, 64, 25, 74, 77, 42, 81, 43, 55]
Round 58 | train_loss=1.4488 train_acc=0.5032 test_loss=1.7347 test_acc=0.3262
Round 59 | selected=[44, 0, 23, 91, 9, 5, 37, 62, 12, 24]
Round 59 | train_loss=1.3693 train_acc=0.5360 test_loss=1.8330 test_acc=0.3455
Round 60 | selected=[27, 89, 95, 51, 21, 17, 94, 46, 24, 14]
Round 60 | train_loss=1.2618 train_acc=0.5850 test_loss=1.8104 test_acc=0.3164
Round 61 | selected=[3, 17, 86, 96, 49, 24, 78, 79, 92, 14]
Round 61 | train_loss=1.3147 train_acc=0.5462 test_loss=1.8108 test_acc=0.2989
Round 62 | selected=[43, 95, 8, 94, 90, 22, 28, 12, 1, 11]
Round 62 | train_loss=1.3076 train_acc=0.5530 test_loss=1.8698 test_acc=0.2539
Round 63 | selected=[87, 26, 19, 31, 37, 54, 55, 93, 67, 65]
Round 63 | train_loss=1.2396 train_acc=0.5672 test_loss=1.8532 test_acc=0.3290
Round 64 | selected=[37, 76, 80, 61, 9, 65, 84, 69, 95, 72]
Round 64 | train_loss=1.3901 train_acc=0.5028 test_loss=1.8581 test_acc=0.3235
Round 65 | selected=[32, 78, 54, 85, 58, 86, 57, 60, 76, 56]
Round 65 | train_loss=1.3121 train_acc=0.5588 test_loss=1.8771 test_acc=0.2904
Round 66 | selected=[45, 26, 67, 90, 8, 3, 37, 15, 29, 18]
Round 66 | train_loss=1.4186 train_acc=0.5216 test_loss=1.7502 test_acc=0.3197
Round 67 | selected=[18, 35, 94, 9, 30, 39, 48, 97, 19, 96]
Round 67 | train_loss=1.3997 train_acc=0.5322 test_loss=1.7833 test_acc=0.3078
Round 68 | selected=[86, 41, 45, 81, 62, 43, 3, 9, 91, 63]
Round 68 | train_loss=1.5149 train_acc=0.4710 test_loss=1.7486 test_acc=0.3334
Round 69 | selected=[47, 88, 22, 84, 75, 80, 46, 37, 34, 2]
Round 69 | train_loss=1.3812 train_acc=0.5296 test_loss=1.7290 test_acc=0.3284
Round 70 | selected=[81, 48, 10, 38, 56, 21, 69, 85, 53, 5]
Round 70 | train_loss=1.3974 train_acc=0.5242 test_loss=1.7297 test_acc=0.3350
Round 71 | selected=[63, 19, 5, 92, 36, 43, 94, 99, 45, 18]
Round 71 | train_loss=1.3738 train_acc=0.5236 test_loss=2.2683 test_acc=0.2351
Round 72 | selected=[51, 3, 83, 10, 39, 15, 87, 6, 12, 62]
Round 72 | train_loss=1.4674 train_acc=0.5112 test_loss=1.6920 test_acc=0.3597
Round 73 | selected=[3, 70, 15, 1, 83, 5, 94, 77, 24, 75]
Round 73 | train_loss=1.2386 train_acc=0.5910 test_loss=1.6625 test_acc=0.3428
Round 74 | selected=[71, 75, 73, 62, 48, 56, 80, 29, 51, 37]
Round 74 | train_loss=1.2365 train_acc=0.5592 test_loss=1.8507 test_acc=0.2801
Round 75 | selected=[99, 7, 11, 35, 74, 59, 23, 19, 68, 13]
Round 75 | train_loss=1.3577 train_acc=0.5430 test_loss=2.1271 test_acc=0.2973
Round 76 | selected=[85, 57, 37, 71, 18, 9, 47, 58, 66, 2]
Round 76 | train_loss=1.5336 train_acc=0.5078 test_loss=1.9166 test_acc=0.2620
Round 77 | selected=[68, 92, 73, 45, 46, 72, 34, 25, 4, 0]
Round 77 | train_loss=1.4549 train_acc=0.4694 test_loss=1.7203 test_acc=0.3419
Round 78 | selected=[50, 61, 77, 51, 7, 26, 34, 58, 62, 33]
Round 78 | train_loss=1.2759 train_acc=0.5720 test_loss=1.8101 test_acc=0.3293
Round 79 | selected=[40, 68, 80, 67, 84, 74, 25, 93, 19, 14]
Round 79 | train_loss=1.4903 train_acc=0.4736 test_loss=1.7811 test_acc=0.3394
Round 80 | selected=[88, 51, 95, 64, 11, 83, 44, 99, 78, 89]
Round 80 | train_loss=1.3794 train_acc=0.5334 test_loss=1.7710 test_acc=0.3202
Round 81 | selected=[98, 73, 9, 96, 21, 33, 44, 89, 50, 61]
Round 81 | train_loss=1.3684 train_acc=0.5340 test_loss=1.6427 test_acc=0.3708
Round 82 | selected=[58, 51, 48, 54, 80, 38, 20, 83, 6, 14]
Round 82 | train_loss=1.2272 train_acc=0.5894 test_loss=1.5908 test_acc=0.4126
Round 83 | selected=[99, 66, 71, 70, 40, 12, 33, 50, 67, 1]
Round 83 | train_loss=1.3318 train_acc=0.5560 test_loss=1.6976 test_acc=0.3622
Round 84 | selected=[25, 75, 86, 41, 95, 65, 31, 66, 60, 15]
Round 84 | train_loss=1.2784 train_acc=0.5612 test_loss=1.7185 test_acc=0.3244
Round 85 | selected=[26, 73, 10, 18, 86, 79, 39, 97, 0, 76]
Round 85 | train_loss=1.4251 train_acc=0.5166 test_loss=1.9951 test_acc=0.3108
Round 86 | selected=[40, 7, 15, 29, 13, 89, 85, 46, 10, 84]
Round 86 | train_loss=1.3675 train_acc=0.5296 test_loss=1.8356 test_acc=0.3237
Round 87 | selected=[0, 43, 52, 5, 42, 14, 88, 63, 77, 74]
Round 87 | train_loss=1.3966 train_acc=0.5430 test_loss=1.7023 test_acc=0.3322
Round 88 | selected=[45, 9, 95, 94, 75, 33, 12, 25, 36, 24]
Round 88 | train_loss=1.3343 train_acc=0.5536 test_loss=1.5364 test_acc=0.4342
Round 89 | selected=[21, 56, 47, 38, 83, 81, 19, 95, 64, 70]
Round 89 | train_loss=1.3230 train_acc=0.5564 test_loss=1.5710 test_acc=0.3961
Round 90 | selected=[39, 29, 23, 41, 7, 84, 42, 34, 67, 22]
Round 90 | train_loss=1.2220 train_acc=0.5864 test_loss=1.6038 test_acc=0.3737
Round 91 | selected=[56, 60, 6, 0, 17, 95, 23, 48, 29, 87]
Round 91 | train_loss=1.3098 train_acc=0.5344 test_loss=1.6131 test_acc=0.3828
Round 92 | selected=[56, 66, 36, 89, 41, 74, 61, 9, 34, 8]
Round 92 | train_loss=1.2298 train_acc=0.5912 test_loss=1.6519 test_acc=0.3368
Round 93 | selected=[60, 88, 58, 61, 14, 5, 66, 49, 83, 1]
Round 93 | train_loss=1.1565 train_acc=0.6252 test_loss=1.6595 test_acc=0.3704
Round 94 | selected=[59, 44, 52, 11, 32, 4, 81, 91, 6, 3]
Round 94 | train_loss=1.2897 train_acc=0.5834 test_loss=1.6224 test_acc=0.3792
Round 95 | selected=[19, 48, 34, 50, 8, 70, 63, 88, 46, 51]
Round 95 | train_loss=1.2704 train_acc=0.5856 test_loss=1.8111 test_acc=0.3017
Round 96 | selected=[63, 29, 43, 11, 81, 61, 70, 94, 3, 55]
Round 96 | train_loss=1.2814 train_acc=0.5926 test_loss=1.7278 test_acc=0.3541
Round 97 | selected=[39, 40, 22, 32, 12, 34, 67, 3, 35, 50]
Round 97 | train_loss=1.2455 train_acc=0.5716 test_loss=1.6711 test_acc=0.3370
Round 98 | selected=[58, 74, 98, 93, 22, 21, 28, 43, 94, 26]
Round 98 | train_loss=1.2177 train_acc=0.5962 test_loss=1.7954 test_acc=0.3172
Round 99 | selected=[95, 9, 57, 78, 38, 54, 55, 43, 72, 40]
Round 99 | train_loss=1.3066 train_acc=0.5518 test_loss=1.5116 test_acc=0.4470
Round 100 | selected=[66, 84, 7, 3, 17, 72, 23, 11, 91, 57]
Round 100 | train_loss=1.1624 train_acc=0.6266 test_loss=1.6346 test_acc=0.3779
Round 101 | selected=[14, 28, 15, 86, 89, 81, 40, 19, 35, 1]
Round 101 | train_loss=1.2866 train_acc=0.5592 test_loss=1.4971 test_acc=0.4368
Round 102 | selected=[7, 3, 46, 8, 74, 65, 17, 70, 10, 88]
Round 102 | train_loss=1.2538 train_acc=0.5806 test_loss=1.6786 test_acc=0.3571
Round 103 | selected=[11, 33, 62, 32, 95, 9, 12, 77, 35, 28]
Round 103 | train_loss=1.3185 train_acc=0.5618 test_loss=2.0691 test_acc=0.3126
Round 104 | selected=[43, 37, 72, 22, 0, 98, 79, 78, 51, 20]
Round 104 | train_loss=1.3173 train_acc=0.5700 test_loss=1.9122 test_acc=0.3652
Round 105 | selected=[22, 88, 68, 39, 90, 46, 44, 45, 78, 29]
Round 105 | train_loss=1.4465 train_acc=0.5106 test_loss=1.7485 test_acc=0.3630
Round 106 | selected=[38, 39, 34, 99, 78, 42, 37, 2, 10, 45]
Round 106 | train_loss=1.3244 train_acc=0.5582 test_loss=1.5682 test_acc=0.4011
Round 107 | selected=[28, 54, 61, 86, 3, 48, 97, 82, 35, 24]
Round 107 | train_loss=1.2226 train_acc=0.5912 test_loss=1.5383 test_acc=0.3896
Round 108 | selected=[84, 8, 19, 14, 93, 73, 79, 27, 70, 22]
Round 108 | train_loss=1.1385 train_acc=0.6128 test_loss=1.5368 test_acc=0.4109
Round 109 | selected=[53, 66, 15, 37, 76, 57, 80, 40, 13, 83]
Round 109 | train_loss=1.2223 train_acc=0.5904 test_loss=1.4447 test_acc=0.4719
Round 110 | selected=[50, 44, 37, 11, 64, 48, 12, 69, 31, 75]
Round 110 | train_loss=1.1184 train_acc=0.6350 test_loss=1.6147 test_acc=0.3861
Round 111 | selected=[8, 16, 20, 51, 12, 99, 75, 71, 94, 11]
Round 111 | train_loss=1.1252 train_acc=0.6292 test_loss=1.5899 test_acc=0.3808
Round 112 | selected=[38, 98, 73, 46, 9, 93, 90, 97, 8, 25]
Round 112 | train_loss=1.3568 train_acc=0.5294 test_loss=1.7250 test_acc=0.3469
Round 113 | selected=[38, 99, 89, 63, 90, 9, 69, 67, 40, 56]
Round 113 | train_loss=1.3262 train_acc=0.5364 test_loss=1.6947 test_acc=0.3886
Round 114 | selected=[36, 91, 82, 59, 87, 61, 75, 85, 3, 83]
Round 114 | train_loss=1.2078 train_acc=0.5998 test_loss=1.7156 test_acc=0.3529
Round 115 | selected=[52, 71, 12, 3, 5, 27, 90, 87, 15, 55]
Round 115 | train_loss=1.2755 train_acc=0.5644 test_loss=1.5721 test_acc=0.3830
Round 116 | selected=[83, 74, 2, 68, 5, 40, 73, 69, 92, 78]
Round 116 | train_loss=1.3741 train_acc=0.5124 test_loss=1.7651 test_acc=0.3352
Round 117 | selected=[29, 36, 35, 63, 92, 71, 51, 84, 7, 25]
Round 117 | train_loss=1.2269 train_acc=0.5814 test_loss=1.7680 test_acc=0.3228
Round 118 | selected=[2, 95, 88, 35, 43, 7, 38, 79, 48, 74]
Round 118 | train_loss=1.3110 train_acc=0.5604 test_loss=1.6317 test_acc=0.4063
Round 119 | selected=[67, 37, 65, 53, 79, 34, 94, 15, 13, 62]
Round 119 | train_loss=1.2174 train_acc=0.5936 test_loss=1.5048 test_acc=0.4293
Round 120 | selected=[1, 35, 6, 65, 51, 7, 31, 94, 77, 71]
Round 120 | train_loss=1.1566 train_acc=0.6130 test_loss=1.6009 test_acc=0.3727
Round 121 | selected=[90, 76, 30, 20, 69, 92, 67, 72, 58, 35]
Round 121 | train_loss=1.2616 train_acc=0.5832 test_loss=1.4771 test_acc=0.4610
Round 122 | selected=[49, 66, 29, 55, 18, 54, 57, 77, 14, 27]
Round 122 | train_loss=1.2236 train_acc=0.6026 test_loss=1.9568 test_acc=0.2778
Round 123 | selected=[9, 36, 44, 73, 23, 64, 58, 4, 95, 87]
Round 123 | train_loss=1.3480 train_acc=0.5332 test_loss=1.7626 test_acc=0.3522
Round 124 | selected=[13, 0, 76, 96, 59, 36, 72, 68, 4, 20]
Round 124 | train_loss=1.1837 train_acc=0.6066 test_loss=1.6320 test_acc=0.3680
Round 125 | selected=[48, 37, 94, 90, 25, 92, 95, 79, 59, 46]
Round 125 | train_loss=1.3392 train_acc=0.5242 test_loss=1.5866 test_acc=0.3911
Round 126 | selected=[77, 88, 94, 4, 9, 24, 80, 32, 75, 39]
Round 126 | train_loss=1.2343 train_acc=0.5896 test_loss=1.6015 test_acc=0.3889
Round 127 | selected=[76, 91, 89, 54, 79, 92, 15, 94, 68, 85]
Round 127 | train_loss=1.2458 train_acc=0.5796 test_loss=1.6039 test_acc=0.4044
Round 128 | selected=[62, 49, 80, 96, 68, 12, 95, 71, 2, 47]
Round 128 | train_loss=1.2445 train_acc=0.5690 test_loss=1.6515 test_acc=0.3775
Round 129 | selected=[69, 99, 82, 43, 34, 3, 73, 4, 77, 96]
Round 129 | train_loss=1.1798 train_acc=0.6124 test_loss=1.5963 test_acc=0.4025
Round 130 | selected=[1, 38, 37, 7, 78, 21, 42, 54, 18, 99]
Round 130 | train_loss=1.1935 train_acc=0.5874 test_loss=1.5339 test_acc=0.4117
Round 131 | selected=[11, 71, 57, 27, 98, 19, 89, 30, 44, 50]
Round 131 | train_loss=1.1159 train_acc=0.6262 test_loss=1.6151 test_acc=0.3841
Round 132 | selected=[25, 57, 74, 87, 17, 99, 61, 68, 0, 12]
Round 132 | train_loss=1.3323 train_acc=0.5436 test_loss=1.6182 test_acc=0.3809
Round 133 | selected=[18, 39, 13, 63, 29, 41, 45, 17, 20, 3]
Round 133 | train_loss=1.2235 train_acc=0.5940 test_loss=1.6225 test_acc=0.3779
Round 134 | selected=[93, 62, 95, 33, 77, 1, 67, 73, 35, 43]
Round 134 | train_loss=1.1793 train_acc=0.6100 test_loss=1.6050 test_acc=0.4009
Round 135 | selected=[57, 38, 58, 16, 23, 7, 70, 76, 5, 4]
Round 135 | train_loss=1.1627 train_acc=0.6140 test_loss=1.6332 test_acc=0.3814
Round 136 | selected=[20, 8, 56, 19, 18, 47, 61, 66, 84, 62]
Round 136 | train_loss=1.1729 train_acc=0.6064 test_loss=1.7436 test_acc=0.4000
Round 137 | selected=[45, 3, 78, 20, 36, 51, 98, 89, 41, 29]
Round 137 | train_loss=1.1617 train_acc=0.6136 test_loss=1.4644 test_acc=0.4489
Round 138 | selected=[37, 71, 8, 7, 28, 96, 38, 22, 94, 60]
Round 138 | train_loss=1.1702 train_acc=0.6016 test_loss=1.4862 test_acc=0.4250
Round 139 | selected=[42, 47, 54, 72, 48, 60, 12, 79, 87, 86]
Round 139 | train_loss=1.1854 train_acc=0.5906 test_loss=1.8693 test_acc=0.3593
Round 140 | selected=[75, 11, 90, 15, 6, 58, 63, 8, 25, 84]
Round 140 | train_loss=1.4400 train_acc=0.5406 test_loss=1.8027 test_acc=0.3761
Round 141 | selected=[62, 37, 94, 51, 95, 0, 82, 29, 74, 83]
Round 141 | train_loss=1.2741 train_acc=0.5836 test_loss=1.5823 test_acc=0.4370
Round 142 | selected=[47, 95, 64, 30, 55, 32, 24, 71, 73, 90]
Round 142 | train_loss=1.1525 train_acc=0.6266 test_loss=1.5888 test_acc=0.3950
Round 143 | selected=[37, 12, 10, 30, 20, 38, 66, 34, 0, 50]
Round 143 | train_loss=1.1968 train_acc=0.6056 test_loss=1.6109 test_acc=0.4210
Round 144 | selected=[17, 26, 43, 32, 49, 95, 66, 2, 5, 83]
Round 144 | train_loss=1.1042 train_acc=0.6406 test_loss=1.5747 test_acc=0.3788
Round 145 | selected=[3, 94, 98, 88, 50, 54, 40, 38, 80, 49]
Round 145 | train_loss=1.1357 train_acc=0.6222 test_loss=1.4701 test_acc=0.4433
Round 146 | selected=[75, 36, 71, 76, 48, 3, 57, 14, 27, 74]
Round 146 | train_loss=1.1261 train_acc=0.6242 test_loss=1.6274 test_acc=0.3734
Round 147 | selected=[31, 9, 45, 81, 14, 95, 62, 5, 69, 34]
Round 147 | train_loss=1.1294 train_acc=0.6126 test_loss=1.4255 test_acc=0.4545
Round 148 | selected=[50, 74, 99, 1, 20, 70, 58, 59, 83, 80]
Round 148 | train_loss=1.0166 train_acc=0.6678 test_loss=1.4244 test_acc=0.4699
Round 149 | selected=[46, 79, 54, 41, 43, 83, 40, 50, 1, 18]
Round 149 | train_loss=1.0273 train_acc=0.6630 test_loss=1.8805 test_acc=0.3207
Round 150 | selected=[70, 53, 4, 36, 68, 28, 16, 47, 17, 38]
Round 150 | train_loss=1.2980 train_acc=0.5768 test_loss=1.7304 test_acc=0.3931
Round 151 | selected=[24, 79, 58, 50, 38, 45, 59, 9, 27, 7]
Round 151 | train_loss=1.2520 train_acc=0.5788 test_loss=1.4934 test_acc=0.4354
Round 152 | selected=[95, 74, 41, 81, 55, 22, 62, 25, 17, 34]
Round 152 | train_loss=1.1089 train_acc=0.6310 test_loss=1.4943 test_acc=0.4100
Round 153 | selected=[28, 98, 99, 27, 65, 71, 17, 95, 6, 46]
Round 153 | train_loss=1.2280 train_acc=0.5630 test_loss=1.6035 test_acc=0.3962
Round 154 | selected=[13, 56, 26, 83, 48, 65, 12, 14, 32, 41]
Round 154 | train_loss=1.0907 train_acc=0.6226 test_loss=1.4582 test_acc=0.4479
Round 155 | selected=[5, 74, 68, 19, 71, 80, 69, 11, 96, 90]
Round 155 | train_loss=1.2524 train_acc=0.5662 test_loss=1.6073 test_acc=0.4118
Round 156 | selected=[58, 94, 30, 45, 14, 50, 66, 84, 85, 57]
Round 156 | train_loss=1.1257 train_acc=0.6322 test_loss=1.5793 test_acc=0.4118
Round 157 | selected=[78, 23, 56, 99, 68, 17, 58, 76, 7, 74]
Round 157 | train_loss=1.2562 train_acc=0.5666 test_loss=1.4617 test_acc=0.4281
Round 158 | selected=[0, 12, 93, 19, 41, 28, 86, 31, 96, 54]
Round 158 | train_loss=1.1620 train_acc=0.6010 test_loss=1.4085 test_acc=0.4674
Round 159 | selected=[85, 14, 35, 56, 59, 94, 9, 43, 72, 89]
Round 159 | train_loss=1.1829 train_acc=0.6070 test_loss=1.4790 test_acc=0.4208
Round 160 | selected=[13, 59, 24, 85, 19, 32, 3, 79, 25, 68]
Round 160 | train_loss=1.1187 train_acc=0.6264 test_loss=1.5240 test_acc=0.4420
Round 161 | selected=[6, 97, 95, 9, 96, 5, 81, 65, 42, 43]
Round 161 | train_loss=1.2478 train_acc=0.5662 test_loss=1.5158 test_acc=0.4149
Round 162 | selected=[18, 6, 24, 95, 26, 58, 19, 46, 44, 41]
Round 162 | train_loss=1.1169 train_acc=0.6260 test_loss=1.5439 test_acc=0.4527
Round 163 | selected=[84, 5, 85, 80, 3, 21, 92, 75, 76, 98]
Round 163 | train_loss=1.2161 train_acc=0.5908 test_loss=1.4660 test_acc=0.4670
Round 164 | selected=[26, 17, 54, 89, 51, 44, 23, 73, 82, 24]
Round 164 | train_loss=1.1052 train_acc=0.6486 test_loss=1.5227 test_acc=0.4334
Round 165 | selected=[33, 12, 19, 10, 1, 27, 96, 17, 25, 97]
Round 165 | train_loss=1.1984 train_acc=0.5888 test_loss=1.3389 test_acc=0.4902
Round 166 | selected=[68, 62, 0, 59, 86, 63, 94, 33, 67, 10]
Round 166 | train_loss=1.1069 train_acc=0.6310 test_loss=1.3078 test_acc=0.5130
Round 167 | selected=[61, 64, 89, 30, 19, 44, 2, 97, 15, 37]
Round 167 | train_loss=1.0840 train_acc=0.6252 test_loss=1.3583 test_acc=0.4720
Round 168 | selected=[11, 52, 21, 99, 83, 30, 62, 61, 10, 74]
Round 168 | train_loss=1.0674 train_acc=0.6360 test_loss=1.7871 test_acc=0.3860
Round 169 | selected=[74, 1, 75, 34, 21, 9, 6, 85, 65, 13]
Round 169 | train_loss=1.1260 train_acc=0.6198 test_loss=1.5647 test_acc=0.4249
Round 170 | selected=[35, 86, 45, 12, 49, 13, 10, 43, 32, 88]
Round 170 | train_loss=1.1554 train_acc=0.6234 test_loss=1.6776 test_acc=0.3752
Round 171 | selected=[89, 42, 46, 19, 77, 59, 44, 17, 71, 6]
Round 171 | train_loss=1.1780 train_acc=0.5808 test_loss=1.4773 test_acc=0.4423
Round 172 | selected=[35, 65, 4, 72, 29, 46, 44, 56, 61, 87]
Round 172 | train_loss=1.0533 train_acc=0.6478 test_loss=1.3427 test_acc=0.5068
Round 173 | selected=[67, 56, 34, 48, 77, 44, 16, 1, 83, 19]
Round 173 | train_loss=0.9787 train_acc=0.6802 test_loss=1.3197 test_acc=0.4974
Round 174 | selected=[41, 30, 8, 94, 74, 96, 90, 79, 61, 15]
Round 174 | train_loss=1.1990 train_acc=0.5956 test_loss=1.5937 test_acc=0.4244
Round 175 | selected=[90, 45, 16, 55, 47, 69, 9, 80, 76, 62]
Round 175 | train_loss=1.2593 train_acc=0.5696 test_loss=1.5851 test_acc=0.4402
Round 176 | selected=[68, 7, 87, 9, 48, 37, 90, 12, 67, 32]
Round 176 | train_loss=1.1987 train_acc=0.5804 test_loss=1.4580 test_acc=0.4361
Round 177 | selected=[99, 89, 94, 88, 25, 84, 97, 2, 15, 74]
Round 177 | train_loss=1.0727 train_acc=0.6418 test_loss=1.2952 test_acc=0.5133
Round 178 | selected=[93, 26, 75, 83, 25, 50, 65, 1, 96, 22]
Round 178 | train_loss=1.0018 train_acc=0.6694 test_loss=1.6287 test_acc=0.4035
Round 179 | selected=[24, 18, 13, 21, 55, 11, 73, 30, 10, 16]
Round 179 | train_loss=1.1176 train_acc=0.6396 test_loss=1.4883 test_acc=0.4337
Round 180 | selected=[88, 6, 34, 3, 1, 58, 21, 42, 47, 81]
Round 180 | train_loss=1.1112 train_acc=0.6290 test_loss=1.3570 test_acc=0.4807
Round 181 | selected=[51, 56, 29, 6, 20, 64, 75, 30, 16, 94]
Round 181 | train_loss=1.0181 train_acc=0.6686 test_loss=1.4273 test_acc=0.4474
Round 182 | selected=[1, 25, 75, 80, 95, 72, 43, 11, 24, 99]
Round 182 | train_loss=0.9963 train_acc=0.6672 test_loss=1.3773 test_acc=0.4738
Round 183 | selected=[63, 11, 60, 61, 95, 8, 32, 94, 55, 24]
Round 183 | train_loss=0.9698 train_acc=0.6982 test_loss=1.4265 test_acc=0.4538
Round 184 | selected=[39, 8, 43, 50, 12, 22, 23, 52, 75, 25]
Round 184 | train_loss=1.0962 train_acc=0.6200 test_loss=1.6072 test_acc=0.4547
Round 185 | selected=[71, 46, 83, 90, 55, 24, 8, 30, 87, 63]
Round 185 | train_loss=1.1055 train_acc=0.6366 test_loss=1.4017 test_acc=0.4601
Round 186 | selected=[67, 66, 36, 50, 78, 90, 99, 44, 33, 37]
Round 186 | train_loss=1.0482 train_acc=0.6452 test_loss=1.3504 test_acc=0.4859
Round 187 | selected=[53, 45, 0, 89, 5, 68, 18, 92, 54, 74]
Round 187 | train_loss=1.2191 train_acc=0.5802 test_loss=1.4484 test_acc=0.4639
Round 188 | selected=[7, 80, 22, 17, 66, 79, 87, 63, 33, 64]
Round 188 | train_loss=0.9756 train_acc=0.6746 test_loss=1.5368 test_acc=0.4124
Round 189 | selected=[39, 59, 66, 51, 90, 86, 31, 81, 26, 6]
Round 189 | train_loss=1.0770 train_acc=0.6284 test_loss=1.3045 test_acc=0.5104
Round 190 | selected=[97, 30, 67, 35, 51, 96, 80, 81, 44, 71]
Round 190 | train_loss=1.0542 train_acc=0.6446 test_loss=1.3131 test_acc=0.4971
Round 191 | selected=[49, 54, 28, 75, 89, 61, 77, 43, 0, 53]
Round 191 | train_loss=1.0368 train_acc=0.6654 test_loss=1.3648 test_acc=0.4928
Round 192 | selected=[48, 60, 6, 66, 29, 63, 77, 55, 2, 82]
Round 192 | train_loss=1.0538 train_acc=0.6532 test_loss=1.5493 test_acc=0.4439
Round 193 | selected=[56, 48, 24, 58, 97, 75, 60, 31, 68, 63]
Round 193 | train_loss=0.9698 train_acc=0.6804 test_loss=1.2834 test_acc=0.5308
Round 194 | selected=[67, 61, 34, 64, 91, 3, 99, 80, 32, 26]
Round 194 | train_loss=1.0394 train_acc=0.6536 test_loss=1.3239 test_acc=0.5062
Round 195 | selected=[36, 3, 1, 7, 60, 11, 19, 23, 9, 57]
Round 195 | train_loss=0.9871 train_acc=0.6814 test_loss=1.4562 test_acc=0.4551
Round 196 | selected=[63, 0, 41, 36, 78, 85, 19, 49, 13, 55]
Round 196 | train_loss=0.9505 train_acc=0.6930 test_loss=1.2979 test_acc=0.5380
Round 197 | selected=[39, 25, 22, 27, 14, 99, 73, 93, 96, 88]
Round 197 | train_loss=1.0883 train_acc=0.6282 test_loss=1.3694 test_acc=0.4886
Round 198 | selected=[42, 89, 50, 4, 56, 86, 2, 19, 67, 10]
Round 198 | train_loss=1.0700 train_acc=0.6438 test_loss=1.3593 test_acc=0.5102
Round 199 | selected=[72, 81, 34, 35, 50, 49, 55, 67, 69, 28]
Round 199 | train_loss=1.0264 train_acc=0.6618 test_loss=1.4520 test_acc=0.4459
Round 200 | selected=[65, 93, 92, 19, 98, 27, 43, 59, 56, 62]
Round 200 | train_loss=1.0820 train_acc=0.6266 test_loss=1.6579 test_acc=0.3945
Round 201 | selected=[48, 14, 1, 11, 26, 68, 8, 52, 32, 66]
Round 201 | train_loss=1.0898 train_acc=0.6500 test_loss=1.6841 test_acc=0.3583
Round 202 | selected=[22, 4, 74, 1, 76, 12, 68, 81, 5, 98]
Round 202 | train_loss=1.0664 train_acc=0.6388 test_loss=1.5880 test_acc=0.4190
Round 203 | selected=[9, 18, 69, 47, 74, 0, 88, 71, 75, 34]
Round 203 | train_loss=1.1354 train_acc=0.6154 test_loss=1.4812 test_acc=0.4651
Round 204 | selected=[45, 67, 86, 7, 8, 65, 36, 9, 46, 11]
Round 204 | train_loss=1.1351 train_acc=0.6194 test_loss=1.3842 test_acc=0.4808
Round 205 | selected=[53, 57, 76, 29, 13, 84, 98, 10, 38, 18]
Round 205 | train_loss=1.0308 train_acc=0.6524 test_loss=1.2977 test_acc=0.5055
Round 206 | selected=[59, 89, 44, 39, 58, 94, 2, 26, 81, 87]
Round 206 | train_loss=1.0615 train_acc=0.6420 test_loss=1.4067 test_acc=0.4845
Round 207 | selected=[72, 57, 60, 22, 47, 69, 21, 61, 46, 35]
Round 207 | train_loss=1.0184 train_acc=0.6562 test_loss=1.3738 test_acc=0.4776
Round 208 | selected=[86, 88, 12, 90, 15, 13, 10, 5, 54, 29]
Round 208 | train_loss=1.0944 train_acc=0.6336 test_loss=1.3422 test_acc=0.5111
Round 209 | selected=[42, 19, 53, 43, 77, 70, 7, 94, 87, 15]
Round 209 | train_loss=1.0581 train_acc=0.6354 test_loss=1.4231 test_acc=0.4658
Round 210 | selected=[30, 7, 46, 85, 87, 40, 63, 12, 15, 16]
Round 210 | train_loss=1.0362 train_acc=0.6550 test_loss=1.2360 test_acc=0.5511
Round 211 | selected=[3, 5, 70, 7, 60, 24, 51, 4, 35, 21]
Round 211 | train_loss=1.0460 train_acc=0.6504 test_loss=1.9005 test_acc=0.3734
Round 212 | selected=[0, 36, 46, 44, 88, 11, 83, 15, 77, 50]
Round 212 | train_loss=1.2719 train_acc=0.5850 test_loss=1.7286 test_acc=0.4227
Round 213 | selected=[42, 58, 19, 39, 49, 53, 83, 23, 25, 7]
Round 213 | train_loss=1.0697 train_acc=0.6426 test_loss=1.4162 test_acc=0.4853
Round 214 | selected=[36, 55, 29, 12, 88, 44, 63, 57, 69, 50]
Round 214 | train_loss=0.9700 train_acc=0.6834 test_loss=1.2631 test_acc=0.5233
Round 215 | selected=[63, 89, 71, 37, 59, 88, 69, 93, 95, 72]
Round 215 | train_loss=1.0360 train_acc=0.6460 test_loss=1.4740 test_acc=0.4610
Round 216 | selected=[28, 18, 95, 50, 14, 17, 24, 92, 73, 49]
Round 216 | train_loss=1.1261 train_acc=0.6226 test_loss=1.4393 test_acc=0.4654
Round 217 | selected=[69, 46, 18, 26, 39, 6, 70, 22, 83, 11]
Round 217 | train_loss=1.0060 train_acc=0.6608 test_loss=1.3289 test_acc=0.5010
Round 218 | selected=[59, 16, 4, 83, 18, 63, 36, 11, 1, 85]
Round 218 | train_loss=0.9188 train_acc=0.7190 test_loss=1.4188 test_acc=0.4757
Round 219 | selected=[3, 63, 98, 99, 81, 93, 74, 25, 47, 28]
Round 219 | train_loss=1.0299 train_acc=0.6586 test_loss=1.2121 test_acc=0.5623
Round 220 | selected=[92, 14, 37, 19, 8, 36, 9, 65, 58, 10]
Round 220 | train_loss=1.0833 train_acc=0.6346 test_loss=1.3959 test_acc=0.4703
Round 221 | selected=[54, 60, 8, 71, 75, 43, 19, 81, 64, 58]
Round 221 | train_loss=1.0592 train_acc=0.6450 test_loss=1.2659 test_acc=0.5417
Round 222 | selected=[11, 84, 10, 39, 0, 36, 58, 92, 77, 66]
Round 222 | train_loss=1.1055 train_acc=0.6306 test_loss=1.5737 test_acc=0.4143
Round 223 | selected=[51, 75, 84, 87, 77, 31, 54, 38, 15, 29]
Round 223 | train_loss=1.0368 train_acc=0.6500 test_loss=1.4395 test_acc=0.5060
Round 224 | selected=[42, 54, 89, 3, 32, 49, 12, 61, 82, 68]
Round 224 | train_loss=1.0416 train_acc=0.6610 test_loss=1.4518 test_acc=0.4793
Round 225 | selected=[26, 79, 18, 19, 38, 89, 53, 86, 29, 51]
Round 225 | train_loss=0.9859 train_acc=0.6762 test_loss=1.3175 test_acc=0.4805
Round 226 | selected=[51, 18, 99, 33, 28, 72, 34, 27, 26, 75]
Round 226 | train_loss=0.8623 train_acc=0.7166 test_loss=1.2132 test_acc=0.5402
Round 227 | selected=[24, 37, 5, 23, 38, 6, 78, 80, 66, 0]
Round 227 | train_loss=0.9772 train_acc=0.6690 test_loss=1.1689 test_acc=0.5688
Round 228 | selected=[72, 37, 51, 6, 63, 90, 49, 22, 56, 92]
Round 228 | train_loss=0.9504 train_acc=0.6836 test_loss=1.1461 test_acc=0.5928
Round 229 | selected=[27, 34, 70, 12, 99, 76, 48, 98, 26, 42]
Round 229 | train_loss=0.8907 train_acc=0.7030 test_loss=1.1982 test_acc=0.5493
Round 230 | selected=[22, 92, 19, 6, 28, 78, 98, 43, 83, 74]
Round 230 | train_loss=1.0104 train_acc=0.6632 test_loss=1.4319 test_acc=0.4718
Round 231 | selected=[71, 16, 18, 51, 63, 39, 86, 15, 25, 45]
Round 231 | train_loss=1.0567 train_acc=0.6432 test_loss=1.2162 test_acc=0.5395
Round 232 | selected=[56, 66, 7, 43, 6, 84, 24, 60, 0, 15]
Round 232 | train_loss=0.8900 train_acc=0.7008 test_loss=1.1554 test_acc=0.5828
Round 233 | selected=[51, 58, 46, 86, 28, 47, 32, 92, 64, 56]
Round 233 | train_loss=0.9878 train_acc=0.6774 test_loss=1.2032 test_acc=0.5629
Round 234 | selected=[34, 87, 21, 85, 8, 32, 43, 73, 55, 74]
Round 234 | train_loss=0.9501 train_acc=0.6848 test_loss=1.3529 test_acc=0.4783
Round 235 | selected=[63, 38, 29, 96, 51, 94, 16, 25, 30, 36]
Round 235 | train_loss=0.9920 train_acc=0.6796 test_loss=1.3212 test_acc=0.4956
Round 236 | selected=[29, 97, 82, 88, 15, 98, 0, 95, 67, 41]
Round 236 | train_loss=1.1449 train_acc=0.6100 test_loss=1.4166 test_acc=0.4999
Round 237 | selected=[2, 43, 91, 7, 80, 51, 82, 78, 92, 76]
Round 237 | train_loss=1.0696 train_acc=0.6288 test_loss=1.3205 test_acc=0.5292
Round 238 | selected=[31, 43, 0, 6, 21, 47, 57, 88, 83, 25]
Round 238 | train_loss=1.0007 train_acc=0.6624 test_loss=1.2297 test_acc=0.5574
Round 239 | selected=[82, 33, 25, 68, 10, 87, 62, 56, 81, 23]
Round 239 | train_loss=1.0109 train_acc=0.6636 test_loss=1.1991 test_acc=0.5455
Round 240 | selected=[51, 69, 73, 10, 67, 24, 50, 41, 43, 58]
Round 240 | train_loss=0.9482 train_acc=0.6792 test_loss=1.4188 test_acc=0.4695
Round 241 | selected=[4, 49, 89, 19, 29, 9, 45, 22, 0, 18]
Round 241 | train_loss=1.0319 train_acc=0.6500 test_loss=1.3487 test_acc=0.4891
Round 242 | selected=[88, 17, 67, 51, 56, 49, 59, 14, 10, 45]
Round 242 | train_loss=1.0163 train_acc=0.6598 test_loss=1.3442 test_acc=0.5183
Round 243 | selected=[75, 16, 36, 70, 17, 5, 53, 14, 47, 66]
Round 243 | train_loss=0.9527 train_acc=0.6796 test_loss=1.4548 test_acc=0.4858
Round 244 | selected=[8, 40, 45, 53, 32, 55, 25, 12, 87, 91]
Round 244 | train_loss=1.1201 train_acc=0.6244 test_loss=1.2475 test_acc=0.5360
Round 245 | selected=[56, 87, 80, 82, 68, 75, 2, 53, 64, 6]
Round 245 | train_loss=0.9672 train_acc=0.6680 test_loss=1.7169 test_acc=0.3868
Round 246 | selected=[55, 95, 57, 32, 33, 35, 96, 0, 5, 50]
Round 246 | train_loss=1.0817 train_acc=0.6514 test_loss=1.7456 test_acc=0.4348
Round 247 | selected=[89, 42, 97, 18, 61, 10, 12, 80, 77, 4]
Round 247 | train_loss=1.1920 train_acc=0.6192 test_loss=1.3404 test_acc=0.5064
Round 248 | selected=[31, 76, 62, 86, 32, 20, 71, 72, 5, 21]
Round 248 | train_loss=1.0129 train_acc=0.6648 test_loss=1.2710 test_acc=0.5316
Round 249 | selected=[27, 75, 3, 19, 92, 94, 41, 7, 24, 32]
Round 249 | train_loss=0.9524 train_acc=0.6858 test_loss=1.2441 test_acc=0.5397
Round 250 | selected=[87, 36, 46, 53, 56, 34, 17, 33, 25, 49]
Round 250 | train_loss=0.9581 train_acc=0.6834 test_loss=1.4111 test_acc=0.4584
Round 251 | selected=[5, 53, 59, 49, 78, 71, 4, 70, 66, 76]
Round 251 | train_loss=1.0212 train_acc=0.6548 test_loss=1.3706 test_acc=0.5106
Round 252 | selected=[77, 33, 1, 71, 67, 70, 22, 75, 27, 48]
Round 252 | train_loss=0.9715 train_acc=0.6714 test_loss=1.2245 test_acc=0.5417
Round 253 | selected=[32, 63, 85, 55, 47, 93, 15, 46, 2, 13]
Round 253 | train_loss=0.9238 train_acc=0.6968 test_loss=1.2006 test_acc=0.5478
Round 254 | selected=[35, 38, 68, 58, 91, 59, 82, 69, 75, 81]
Round 254 | train_loss=1.0173 train_acc=0.6670 test_loss=1.2804 test_acc=0.5160
Round 255 | selected=[37, 30, 71, 7, 40, 60, 64, 74, 72, 79]
Round 255 | train_loss=1.0401 train_acc=0.6448 test_loss=1.3344 test_acc=0.5039
Round 256 | selected=[91, 66, 73, 33, 84, 22, 99, 32, 75, 1]
Round 256 | train_loss=0.9501 train_acc=0.6732 test_loss=1.4096 test_acc=0.4772
Round 257 | selected=[23, 36, 53, 18, 33, 70, 9, 80, 96, 20]
Round 257 | train_loss=1.0325 train_acc=0.6646 test_loss=1.5377 test_acc=0.4308
Round 258 | selected=[33, 47, 48, 59, 76, 8, 17, 45, 81, 23]
Round 258 | train_loss=1.0268 train_acc=0.6458 test_loss=1.2757 test_acc=0.5332
Round 259 | selected=[95, 97, 84, 45, 26, 53, 65, 92, 5, 60]
Round 259 | train_loss=0.9699 train_acc=0.6656 test_loss=1.1347 test_acc=0.5903
Round 260 | selected=[46, 69, 36, 77, 30, 71, 72, 81, 43, 27]
Round 260 | train_loss=1.0231 train_acc=0.6580 test_loss=1.2498 test_acc=0.5248
Round 261 | selected=[0, 18, 32, 17, 80, 3, 23, 58, 73, 19]
Round 261 | train_loss=0.9012 train_acc=0.7024 test_loss=1.1242 test_acc=0.5908
Round 262 | selected=[80, 30, 37, 28, 68, 96, 18, 57, 97, 27]
Round 262 | train_loss=0.9776 train_acc=0.6724 test_loss=1.3104 test_acc=0.4873
Round 263 | selected=[3, 46, 10, 17, 24, 66, 75, 36, 62, 14]
Round 263 | train_loss=0.9860 train_acc=0.6720 test_loss=1.5078 test_acc=0.4539
Round 264 | selected=[11, 56, 23, 12, 73, 55, 41, 75, 92, 64]
Round 264 | train_loss=1.0993 train_acc=0.6468 test_loss=1.2148 test_acc=0.5485
Round 265 | selected=[19, 93, 29, 59, 50, 24, 96, 75, 16, 23]
Round 265 | train_loss=0.8787 train_acc=0.7082 test_loss=1.4312 test_acc=0.4604
Round 266 | selected=[66, 62, 0, 92, 56, 22, 67, 91, 88, 34]
Round 266 | train_loss=1.0421 train_acc=0.6468 test_loss=1.2695 test_acc=0.5481
Round 267 | selected=[40, 31, 96, 76, 72, 0, 54, 69, 52, 29]
Round 267 | train_loss=0.9824 train_acc=0.6758 test_loss=1.1673 test_acc=0.5735
Round 268 | selected=[25, 58, 64, 4, 97, 83, 17, 78, 50, 77]
Round 268 | train_loss=0.9434 train_acc=0.6828 test_loss=1.1865 test_acc=0.5818
Round 269 | selected=[20, 30, 81, 11, 76, 77, 49, 88, 75, 23]
Round 269 | train_loss=0.9204 train_acc=0.7092 test_loss=1.3976 test_acc=0.4880
Round 270 | selected=[81, 92, 39, 1, 62, 28, 19, 91, 80, 69]
Round 270 | train_loss=1.1218 train_acc=0.6176 test_loss=1.3191 test_acc=0.5209
Round 271 | selected=[61, 17, 39, 59, 67, 57, 81, 66, 29, 28]
Round 271 | train_loss=1.0005 train_acc=0.6642 test_loss=1.2653 test_acc=0.5441
Round 272 | selected=[63, 42, 80, 78, 36, 83, 17, 84, 43, 93]
Round 272 | train_loss=0.9764 train_acc=0.6790 test_loss=1.2519 test_acc=0.5186
Round 273 | selected=[16, 69, 98, 24, 35, 13, 56, 10, 55, 65]
Round 273 | train_loss=0.9361 train_acc=0.6932 test_loss=1.2021 test_acc=0.5541
Round 274 | selected=[35, 86, 50, 82, 5, 47, 63, 91, 11, 19]
Round 274 | train_loss=0.9358 train_acc=0.6948 test_loss=1.2516 test_acc=0.5343
Round 275 | selected=[2, 12, 33, 17, 1, 62, 47, 6, 58, 91]
Round 275 | train_loss=1.0053 train_acc=0.6620 test_loss=1.1893 test_acc=0.5584
Round 276 | selected=[86, 31, 87, 77, 78, 83, 14, 91, 62, 38]
Round 276 | train_loss=0.9627 train_acc=0.6656 test_loss=1.2653 test_acc=0.5212
Round 277 | selected=[6, 13, 27, 15, 78, 16, 89, 21, 69, 68]
Round 277 | train_loss=0.9902 train_acc=0.6544 test_loss=1.3294 test_acc=0.5127
Round 278 | selected=[30, 68, 21, 98, 81, 52, 61, 78, 95, 48]
Round 278 | train_loss=1.0179 train_acc=0.6504 test_loss=1.1863 test_acc=0.5601
Round 279 | selected=[67, 93, 74, 79, 3, 89, 17, 33, 85, 70]
Round 279 | train_loss=0.8609 train_acc=0.7206 test_loss=1.2906 test_acc=0.5277
Round 280 | selected=[82, 22, 0, 83, 76, 52, 53, 27, 69, 65]
Round 280 | train_loss=0.9658 train_acc=0.6834 test_loss=1.1979 test_acc=0.5749
Round 281 | selected=[42, 73, 78, 93, 48, 84, 26, 19, 17, 7]
Round 281 | train_loss=0.9171 train_acc=0.6862 test_loss=1.2541 test_acc=0.5455
Round 282 | selected=[16, 0, 87, 31, 62, 74, 50, 48, 10, 54]
Round 282 | train_loss=0.8396 train_acc=0.7220 test_loss=1.3241 test_acc=0.5149
Round 283 | selected=[31, 89, 64, 51, 1, 68, 61, 23, 91, 2]
Round 283 | train_loss=1.0043 train_acc=0.6768 test_loss=1.3014 test_acc=0.5348
Round 284 | selected=[29, 54, 23, 66, 36, 20, 24, 63, 47, 95]
Round 284 | train_loss=0.8690 train_acc=0.7166 test_loss=1.2749 test_acc=0.5139
Round 285 | selected=[19, 33, 55, 93, 21, 39, 59, 4, 84, 29]
Round 285 | train_loss=0.9554 train_acc=0.6876 test_loss=1.2093 test_acc=0.5515
Round 286 | selected=[27, 98, 60, 85, 11, 62, 44, 65, 22, 36]
Round 286 | train_loss=0.9182 train_acc=0.6988 test_loss=1.1436 test_acc=0.5931
Round 287 | selected=[1, 90, 38, 54, 53, 4, 42, 60, 6, 30]
Round 287 | train_loss=1.0078 train_acc=0.6710 test_loss=1.1603 test_acc=0.5723
Round 288 | selected=[97, 71, 60, 27, 90, 22, 58, 0, 3, 11]
Round 288 | train_loss=0.9649 train_acc=0.6754 test_loss=1.3302 test_acc=0.4986
Round 289 | selected=[1, 14, 13, 85, 0, 64, 95, 61, 19, 84]
Round 289 | train_loss=0.9154 train_acc=0.6946 test_loss=1.2809 test_acc=0.5238
Round 290 | selected=[84, 79, 54, 32, 2, 86, 67, 56, 19, 39]
Round 290 | train_loss=0.9063 train_acc=0.6986 test_loss=1.3711 test_acc=0.4991
Round 291 | selected=[72, 98, 30, 21, 75, 54, 77, 79, 32, 45]
Round 291 | train_loss=0.8840 train_acc=0.6950 test_loss=1.1551 test_acc=0.5761
Round 292 | selected=[9, 88, 5, 27, 42, 69, 70, 10, 31, 7]
Round 292 | train_loss=1.0096 train_acc=0.6556 test_loss=1.3946 test_acc=0.4868
Round 293 | selected=[61, 97, 34, 23, 62, 20, 42, 41, 72, 51]
Round 293 | train_loss=0.9743 train_acc=0.6916 test_loss=1.5265 test_acc=0.4494
Round 294 | selected=[25, 34, 3, 1, 19, 97, 84, 65, 90, 58]
Round 294 | train_loss=1.0432 train_acc=0.6536 test_loss=1.2906 test_acc=0.5443
Round 295 | selected=[97, 83, 12, 47, 82, 49, 58, 34, 37, 94]
Round 295 | train_loss=1.0164 train_acc=0.6762 test_loss=1.3047 test_acc=0.5187
Round 296 | selected=[79, 20, 3, 49, 4, 82, 75, 83, 57, 64]
Round 296 | train_loss=0.8393 train_acc=0.7360 test_loss=1.2644 test_acc=0.5501
Round 297 | selected=[26, 85, 13, 95, 36, 96, 12, 70, 91, 24]
Round 297 | train_loss=0.9086 train_acc=0.7052 test_loss=1.1940 test_acc=0.5725
Round 298 | selected=[25, 99, 43, 49, 78, 12, 51, 18, 75, 8]
Round 298 | train_loss=0.8906 train_acc=0.7046 test_loss=1.2232 test_acc=0.5446
Round 299 | selected=[97, 28, 49, 67, 30, 54, 16, 21, 33, 76]
Round 299 | train_loss=0.8668 train_acc=0.7096 test_loss=1.1857 test_acc=0.5608
Round 300 | selected=[13, 65, 5, 92, 95, 60, 26, 39, 78, 66]
Round 300 | train_loss=0.9554 train_acc=0.6826 test_loss=1.3169 test_acc=0.5471
Round 301 | selected=[9, 7, 93, 98, 56, 68, 45, 54, 61, 55]
Round 301 | train_loss=0.9428 train_acc=0.6834 test_loss=1.1400 test_acc=0.5953
Round 302 | selected=[70, 15, 24, 86, 52, 20, 89, 39, 26, 29]
Round 302 | train_loss=0.8627 train_acc=0.7146 test_loss=1.2843 test_acc=0.5237
Round 303 | selected=[88, 70, 93, 14, 40, 54, 38, 11, 83, 68]
Round 303 | train_loss=0.9566 train_acc=0.6822 test_loss=1.4588 test_acc=0.4657
Round 304 | selected=[32, 7, 18, 89, 71, 28, 47, 27, 8, 11]
Round 304 | train_loss=0.9641 train_acc=0.6834 test_loss=1.5363 test_acc=0.4567
Round 305 | selected=[45, 20, 3, 79, 63, 59, 56, 57, 16, 51]
Round 305 | train_loss=0.9745 train_acc=0.6854 test_loss=1.3419 test_acc=0.5012
Round 306 | selected=[64, 86, 36, 51, 71, 58, 67, 68, 83, 11]
Round 306 | train_loss=1.0059 train_acc=0.6544 test_loss=1.2280 test_acc=0.5469
Round 307 | selected=[15, 75, 99, 73, 85, 98, 49, 83, 93, 23]
Round 307 | train_loss=0.8414 train_acc=0.7224 test_loss=1.1114 test_acc=0.6047
Round 308 | selected=[69, 28, 30, 84, 15, 86, 87, 7, 36, 59]
Round 308 | train_loss=0.9146 train_acc=0.6920 test_loss=1.1244 test_acc=0.5773
Round 309 | selected=[16, 19, 85, 9, 34, 64, 66, 25, 35, 86]
Round 309 | train_loss=0.8829 train_acc=0.7136 test_loss=1.1772 test_acc=0.5572
Round 310 | selected=[93, 20, 90, 69, 28, 18, 52, 15, 19, 3]
Round 310 | train_loss=0.9964 train_acc=0.6572 test_loss=1.4919 test_acc=0.4702
Round 311 | selected=[34, 77, 19, 88, 85, 9, 45, 5, 20, 39]
Round 311 | train_loss=1.0797 train_acc=0.6372 test_loss=1.5022 test_acc=0.5003
Round 312 | selected=[5, 14, 60, 30, 49, 71, 87, 35, 39, 80]
Round 312 | train_loss=1.0295 train_acc=0.6530 test_loss=1.3700 test_acc=0.5144
Round 313 | selected=[63, 69, 41, 25, 81, 3, 68, 49, 34, 89]
Round 313 | train_loss=0.9667 train_acc=0.6774 test_loss=1.0714 test_acc=0.6222
Round 314 | selected=[82, 39, 65, 22, 38, 51, 36, 50, 10, 75]
Round 314 | train_loss=0.7872 train_acc=0.7468 test_loss=1.0886 test_acc=0.6026
Round 315 | selected=[63, 38, 85, 47, 55, 86, 4, 44, 76, 36]
Round 315 | train_loss=0.8772 train_acc=0.7142 test_loss=1.2213 test_acc=0.5692
Round 316 | selected=[67, 32, 53, 11, 61, 28, 62, 44, 98, 43]
Round 316 | train_loss=0.8437 train_acc=0.7278 test_loss=1.5905 test_acc=0.4696
Round 317 | selected=[54, 42, 31, 56, 37, 38, 4, 26, 55, 47]
Round 317 | train_loss=0.9570 train_acc=0.6848 test_loss=1.3345 test_acc=0.5443
Round 318 | selected=[77, 24, 38, 71, 6, 43, 79, 12, 84, 69]
Round 318 | train_loss=0.9266 train_acc=0.6944 test_loss=1.0841 test_acc=0.6221
Round 319 | selected=[22, 47, 46, 87, 35, 90, 2, 33, 53, 99]
Round 319 | train_loss=0.9275 train_acc=0.6840 test_loss=1.2217 test_acc=0.5319
Round 320 | selected=[94, 86, 38, 85, 83, 29, 68, 97, 92, 55]
Round 320 | train_loss=1.0065 train_acc=0.6504 test_loss=1.1407 test_acc=0.5810
Round 321 | selected=[33, 52, 40, 54, 43, 85, 97, 59, 83, 71]
Round 321 | train_loss=0.8850 train_acc=0.6966 test_loss=1.1468 test_acc=0.5778
Round 322 | selected=[39, 18, 9, 77, 71, 38, 99, 74, 25, 52]
Round 322 | train_loss=0.9599 train_acc=0.6656 test_loss=1.1055 test_acc=0.5923
Round 323 | selected=[85, 22, 13, 49, 88, 7, 98, 16, 56, 24]
Round 323 | train_loss=0.8071 train_acc=0.7424 test_loss=1.1071 test_acc=0.6104
Round 324 | selected=[43, 83, 24, 21, 97, 76, 30, 84, 75, 82]
Round 324 | train_loss=0.9020 train_acc=0.7104 test_loss=1.1176 test_acc=0.5928
Round 325 | selected=[69, 34, 42, 37, 92, 81, 17, 60, 88, 16]
Round 325 | train_loss=0.9259 train_acc=0.6884 test_loss=1.3974 test_acc=0.4812
Round 326 | selected=[27, 7, 8, 71, 40, 1, 86, 12, 4, 44]
Round 326 | train_loss=1.0228 train_acc=0.6442 test_loss=1.3339 test_acc=0.5283
Round 327 | selected=[85, 99, 68, 3, 9, 72, 57, 36, 82, 47]
Round 327 | train_loss=0.9459 train_acc=0.6878 test_loss=1.2698 test_acc=0.5280
Round 328 | selected=[87, 32, 37, 52, 27, 54, 45, 80, 57, 73]
Round 328 | train_loss=0.9190 train_acc=0.6886 test_loss=1.1327 test_acc=0.5806
Round 329 | selected=[73, 13, 77, 46, 64, 91, 33, 36, 62, 15]
Round 329 | train_loss=0.8634 train_acc=0.7016 test_loss=1.1166 test_acc=0.5790
Round 330 | selected=[3, 79, 26, 43, 96, 6, 54, 45, 85, 59]
Round 330 | train_loss=0.8226 train_acc=0.7288 test_loss=1.0382 test_acc=0.6238
Round 331 | selected=[0, 29, 41, 44, 7, 51, 23, 84, 33, 43]
Round 331 | train_loss=0.8294 train_acc=0.7258 test_loss=1.3149 test_acc=0.5252
Round 332 | selected=[7, 27, 68, 57, 83, 43, 42, 25, 3, 17]
Round 332 | train_loss=0.9192 train_acc=0.6784 test_loss=1.0968 test_acc=0.5980
Round 333 | selected=[73, 8, 34, 79, 81, 70, 94, 5, 74, 98]
Round 333 | train_loss=0.8848 train_acc=0.7112 test_loss=1.2242 test_acc=0.5386
Round 334 | selected=[16, 75, 82, 12, 48, 57, 97, 34, 24, 36]
Round 334 | train_loss=0.7846 train_acc=0.7394 test_loss=1.1615 test_acc=0.5692
Round 335 | selected=[61, 68, 64, 45, 47, 90, 74, 31, 93, 16]
Round 335 | train_loss=0.8971 train_acc=0.7082 test_loss=1.0679 test_acc=0.6109
Round 336 | selected=[43, 53, 1, 92, 73, 15, 94, 87, 52, 41]
Round 336 | train_loss=0.8702 train_acc=0.7070 test_loss=1.1083 test_acc=0.5849
Round 337 | selected=[34, 58, 25, 90, 72, 1, 88, 28, 52, 96]
Round 337 | train_loss=0.9182 train_acc=0.6980 test_loss=1.0838 test_acc=0.6019
Round 338 | selected=[67, 52, 69, 46, 25, 55, 29, 68, 56, 64]
Round 338 | train_loss=0.8889 train_acc=0.6900 test_loss=1.1373 test_acc=0.5772
Round 339 | selected=[82, 52, 80, 63, 25, 12, 21, 73, 6, 33]
Round 339 | train_loss=0.8707 train_acc=0.7076 test_loss=1.0100 test_acc=0.6296
Round 340 | selected=[6, 82, 4, 28, 13, 10, 23, 5, 63, 55]
Round 340 | train_loss=0.8310 train_acc=0.7340 test_loss=1.1424 test_acc=0.5709
Round 341 | selected=[98, 40, 29, 90, 12, 94, 66, 88, 34, 42]
Round 341 | train_loss=0.9168 train_acc=0.6918 test_loss=1.0919 test_acc=0.6124
Round 342 | selected=[26, 41, 31, 47, 13, 78, 86, 33, 82, 10]
Round 342 | train_loss=0.8024 train_acc=0.7390 test_loss=1.0518 test_acc=0.6143
Round 343 | selected=[3, 73, 48, 97, 53, 0, 6, 34, 87, 44]
Round 343 | train_loss=0.8824 train_acc=0.7022 test_loss=1.1771 test_acc=0.5625
Round 344 | selected=[61, 26, 12, 8, 23, 84, 73, 4, 79, 77]
Round 344 | train_loss=0.9195 train_acc=0.7030 test_loss=1.3687 test_acc=0.5368
Round 345 | selected=[22, 13, 98, 18, 34, 76, 24, 52, 0, 78]
Round 345 | train_loss=0.9141 train_acc=0.7038 test_loss=1.4067 test_acc=0.4904
Round 346 | selected=[15, 91, 94, 56, 43, 58, 63, 69, 93, 47]
Round 346 | train_loss=0.9681 train_acc=0.6802 test_loss=1.2615 test_acc=0.5570
Round 347 | selected=[92, 49, 52, 29, 54, 0, 51, 42, 64, 82]
Round 347 | train_loss=0.9738 train_acc=0.6812 test_loss=1.1731 test_acc=0.5792
Round 348 | selected=[74, 28, 96, 92, 39, 64, 88, 80, 22, 25]
Round 348 | train_loss=0.9262 train_acc=0.6934 test_loss=1.1993 test_acc=0.5559
Round 349 | selected=[60, 54, 20, 21, 67, 98, 39, 52, 90, 59]
Round 349 | train_loss=0.9597 train_acc=0.6810 test_loss=1.6295 test_acc=0.4422
Round 350 | selected=[3, 53, 84, 93, 81, 50, 19, 1, 10, 89]
Round 350 | train_loss=0.9529 train_acc=0.6870 test_loss=1.3782 test_acc=0.5060
Round 351 | selected=[96, 5, 88, 48, 9, 60, 12, 65, 83, 22]
Round 351 | train_loss=0.9284 train_acc=0.6856 test_loss=1.2349 test_acc=0.5410
Round 352 | selected=[85, 43, 42, 29, 38, 46, 86, 12, 62, 51]
Round 352 | train_loss=0.8426 train_acc=0.7162 test_loss=1.0998 test_acc=0.6035
Round 353 | selected=[88, 58, 25, 67, 31, 28, 97, 15, 53, 8]
Round 353 | train_loss=0.9599 train_acc=0.6726 test_loss=1.2804 test_acc=0.5501
Round 354 | selected=[16, 14, 4, 49, 89, 11, 83, 42, 80, 95]
Round 354 | train_loss=0.8415 train_acc=0.7266 test_loss=1.2092 test_acc=0.5664
Round 355 | selected=[18, 58, 73, 34, 54, 2, 23, 69, 95, 61]
Round 355 | train_loss=0.9361 train_acc=0.6878 test_loss=1.2773 test_acc=0.5086
Round 356 | selected=[98, 64, 16, 20, 66, 76, 32, 91, 96, 9]
Round 356 | train_loss=0.8962 train_acc=0.7088 test_loss=1.1657 test_acc=0.5727
Round 357 | selected=[67, 29, 4, 11, 85, 87, 3, 30, 39, 45]
Round 357 | train_loss=0.8883 train_acc=0.6990 test_loss=1.1333 test_acc=0.5937
Round 358 | selected=[85, 75, 33, 64, 55, 50, 47, 26, 4, 67]
Round 358 | train_loss=0.7855 train_acc=0.7478 test_loss=1.1404 test_acc=0.5974
Round 359 | selected=[48, 62, 58, 3, 57, 95, 45, 26, 94, 29]
Round 359 | train_loss=0.8292 train_acc=0.7236 test_loss=1.3856 test_acc=0.4978
Round 360 | selected=[68, 86, 88, 57, 67, 30, 45, 41, 47, 95]
Round 360 | train_loss=0.9400 train_acc=0.6796 test_loss=1.2824 test_acc=0.5535
Round 361 | selected=[3, 20, 87, 48, 80, 71, 97, 8, 98, 18]
Round 361 | train_loss=0.9181 train_acc=0.6936 test_loss=1.2419 test_acc=0.5564
Round 362 | selected=[74, 49, 41, 88, 4, 19, 98, 46, 6, 90]
Round 362 | train_loss=0.9157 train_acc=0.7022 test_loss=1.0113 test_acc=0.6447
Round 363 | selected=[57, 35, 8, 59, 94, 49, 83, 23, 95, 85]
Round 363 | train_loss=0.7893 train_acc=0.7460 test_loss=1.1244 test_acc=0.5925
Round 364 | selected=[43, 77, 30, 89, 32, 61, 10, 82, 56, 54]
Round 364 | train_loss=0.8131 train_acc=0.7282 test_loss=1.0754 test_acc=0.6119
Round 365 | selected=[40, 55, 48, 89, 88, 49, 24, 28, 83, 75]
Round 365 | train_loss=0.8723 train_acc=0.7120 test_loss=1.2018 test_acc=0.5531
Round 366 | selected=[96, 72, 92, 13, 17, 15, 26, 41, 65, 78]
Round 366 | train_loss=1.0000 train_acc=0.6738 test_loss=1.1723 test_acc=0.5828
Round 367 | selected=[43, 47, 20, 3, 31, 81, 45, 68, 17, 82]
Round 367 | train_loss=0.8587 train_acc=0.7208 test_loss=1.0875 test_acc=0.6002
Round 368 | selected=[22, 19, 87, 79, 94, 91, 69, 17, 48, 49]
Round 368 | train_loss=0.8153 train_acc=0.7306 test_loss=1.1633 test_acc=0.5872
Round 369 | selected=[62, 7, 25, 85, 66, 38, 18, 50, 56, 37]
Round 369 | train_loss=0.8178 train_acc=0.7252 test_loss=1.1046 test_acc=0.6180
Round 370 | selected=[39, 24, 42, 3, 10, 75, 59, 49, 55, 46]
Round 370 | train_loss=0.8098 train_acc=0.7364 test_loss=1.1427 test_acc=0.5951
Round 371 | selected=[91, 8, 74, 84, 76, 82, 35, 42, 86, 59]
Round 371 | train_loss=0.9369 train_acc=0.6896 test_loss=1.0353 test_acc=0.6304
Round 372 | selected=[9, 79, 77, 68, 21, 63, 5, 53, 36, 86]
Round 372 | train_loss=0.9278 train_acc=0.6912 test_loss=1.0489 test_acc=0.6194
Round 373 | selected=[52, 33, 72, 14, 81, 77, 3, 61, 46, 76]
Round 373 | train_loss=0.8867 train_acc=0.7186 test_loss=1.0844 test_acc=0.5990
Round 374 | selected=[18, 57, 98, 58, 43, 87, 97, 64, 10, 22]
Round 374 | train_loss=0.8285 train_acc=0.7224 test_loss=1.1355 test_acc=0.5823
Round 375 | selected=[52, 94, 14, 5, 23, 38, 46, 16, 1, 17]
Round 375 | train_loss=0.8552 train_acc=0.7272 test_loss=1.2970 test_acc=0.5430
Round 376 | selected=[3, 76, 12, 15, 39, 7, 95, 54, 17, 88]
Round 376 | train_loss=0.9762 train_acc=0.6650 test_loss=1.3348 test_acc=0.5113
Round 377 | selected=[22, 46, 90, 2, 76, 36, 48, 23, 4, 42]
Round 377 | train_loss=0.8431 train_acc=0.7082 test_loss=1.1102 test_acc=0.5990
Round 378 | selected=[87, 45, 21, 19, 36, 4, 3, 1, 65, 86]
Round 378 | train_loss=0.8233 train_acc=0.7214 test_loss=1.1016 test_acc=0.5931
Round 379 | selected=[38, 83, 44, 5, 54, 85, 43, 86, 60, 68]
Round 379 | train_loss=0.8609 train_acc=0.7216 test_loss=1.2483 test_acc=0.5436
Round 380 | selected=[92, 42, 35, 15, 21, 37, 72, 4, 54, 51]
Round 380 | train_loss=0.8924 train_acc=0.6986 test_loss=1.2556 test_acc=0.5497
Round 381 | selected=[44, 82, 22, 37, 83, 55, 41, 20, 69, 56]
Round 381 | train_loss=0.8802 train_acc=0.7072 test_loss=1.3041 test_acc=0.5429
Round 382 | selected=[17, 69, 96, 11, 2, 86, 6, 77, 97, 56]
Round 382 | train_loss=0.9925 train_acc=0.6606 test_loss=1.2449 test_acc=0.5501
Round 383 | selected=[82, 27, 14, 71, 21, 94, 91, 45, 1, 77]
Round 383 | train_loss=0.9795 train_acc=0.6600 test_loss=1.0418 test_acc=0.6334
Round 384 | selected=[4, 6, 87, 81, 27, 51, 84, 7, 50, 82]
Round 384 | train_loss=0.8231 train_acc=0.7268 test_loss=1.1360 test_acc=0.5708
Round 385 | selected=[42, 51, 38, 98, 72, 3, 57, 0, 48, 13]
Round 385 | train_loss=0.8247 train_acc=0.7226 test_loss=1.3317 test_acc=0.5162
Round 386 | selected=[44, 3, 90, 56, 95, 66, 51, 54, 38, 60]
Round 386 | train_loss=0.8027 train_acc=0.7346 test_loss=1.0446 test_acc=0.6272
Round 387 | selected=[32, 61, 24, 5, 72, 51, 40, 73, 93, 18]
Round 387 | train_loss=0.7258 train_acc=0.7670 test_loss=1.1378 test_acc=0.6066
Round 388 | selected=[25, 47, 98, 42, 31, 81, 84, 57, 24, 62]
Round 388 | train_loss=0.7317 train_acc=0.7620 test_loss=1.0145 test_acc=0.6313
Round 389 | selected=[28, 16, 86, 62, 51, 35, 9, 37, 44, 57]
Round 389 | train_loss=0.8222 train_acc=0.7300 test_loss=1.1296 test_acc=0.5798
Round 390 | selected=[36, 37, 98, 66, 85, 38, 74, 52, 92, 87]
Round 390 | train_loss=0.8221 train_acc=0.7186 test_loss=1.0855 test_acc=0.5973
Round 391 | selected=[3, 77, 64, 49, 19, 55, 18, 68, 12, 35]
Round 391 | train_loss=0.8292 train_acc=0.7226 test_loss=1.3467 test_acc=0.5219
Round 392 | selected=[39, 51, 60, 72, 61, 38, 23, 4, 55, 88]
Round 392 | train_loss=0.8981 train_acc=0.7050 test_loss=1.2628 test_acc=0.5513
Round 393 | selected=[8, 77, 28, 38, 56, 79, 22, 48, 69, 53]
Round 393 | train_loss=0.9202 train_acc=0.6884 test_loss=1.1821 test_acc=0.5737
Round 394 | selected=[71, 20, 10, 26, 30, 84, 9, 14, 50, 47]
Round 394 | train_loss=0.8968 train_acc=0.6958 test_loss=1.1070 test_acc=0.5889
Round 395 | selected=[35, 56, 30, 19, 36, 83, 25, 28, 16, 13]
Round 395 | train_loss=0.8368 train_acc=0.7182 test_loss=1.2691 test_acc=0.5353
Round 396 | selected=[71, 79, 49, 61, 73, 59, 60, 83, 10, 81]
Round 396 | train_loss=0.9881 train_acc=0.6748 test_loss=1.2859 test_acc=0.5394
Round 397 | selected=[30, 94, 28, 68, 57, 74, 34, 81, 86, 33]
Round 397 | train_loss=0.8905 train_acc=0.7070 test_loss=1.1924 test_acc=0.5633
Round 398 | selected=[25, 45, 51, 62, 91, 55, 12, 46, 53, 63]
Round 398 | train_loss=0.9656 train_acc=0.6722 test_loss=1.1902 test_acc=0.5500
Round 399 | selected=[48, 60, 78, 39, 75, 72, 70, 59, 19, 27]
Round 399 | train_loss=0.8433 train_acc=0.7014 test_loss=1.0380 test_acc=0.6184
Round 400 | selected=[58, 16, 89, 40, 44, 53, 79, 93, 47, 69]
Round 400 | train_loss=0.8237 train_acc=0.7298 test_loss=1.1189 test_acc=0.5928
Round 401 | selected=[30, 61, 62, 45, 76, 60, 12, 78, 55, 71]
Round 401 | train_loss=0.8357 train_acc=0.7242 test_loss=1.1330 test_acc=0.5809
Round 402 | selected=[60, 0, 12, 33, 15, 49, 13, 48, 52, 58]
Round 402 | train_loss=0.7646 train_acc=0.7392 test_loss=1.1578 test_acc=0.5835
Round 403 | selected=[57, 52, 21, 55, 96, 33, 29, 71, 84, 48]
Round 403 | train_loss=0.8396 train_acc=0.7218 test_loss=1.3554 test_acc=0.5173
Round 404 | selected=[68, 83, 92, 91, 8, 13, 10, 25, 66, 53]
Round 404 | train_loss=1.0063 train_acc=0.6628 test_loss=1.3495 test_acc=0.5164
Round 405 | selected=[46, 36, 82, 76, 1, 51, 63, 65, 54, 70]
Round 405 | train_loss=0.8110 train_acc=0.7344 test_loss=1.0702 test_acc=0.6108
Round 406 | selected=[76, 86, 8, 30, 3, 91, 93, 16, 55, 57]
Round 406 | train_loss=0.8023 train_acc=0.7322 test_loss=0.9747 test_acc=0.6523
Round 407 | selected=[7, 3, 81, 70, 98, 24, 44, 8, 39, 16]
Round 407 | train_loss=0.7491 train_acc=0.7570 test_loss=1.0068 test_acc=0.6353
Round 408 | selected=[79, 44, 97, 35, 77, 6, 46, 29, 38, 82]
Round 408 | train_loss=0.8513 train_acc=0.7232 test_loss=1.0355 test_acc=0.6282
Round 409 | selected=[54, 0, 51, 65, 41, 34, 84, 70, 3, 36]
Round 409 | train_loss=0.8713 train_acc=0.7214 test_loss=1.3521 test_acc=0.5200
Round 410 | selected=[43, 11, 38, 47, 69, 30, 22, 88, 19, 24]
Round 410 | train_loss=0.8213 train_acc=0.7324 test_loss=1.1245 test_acc=0.5952
Round 411 | selected=[62, 98, 10, 76, 14, 25, 49, 7, 89, 17]
Round 411 | train_loss=0.7789 train_acc=0.7336 test_loss=1.0366 test_acc=0.6221
Round 412 | selected=[34, 19, 37, 70, 98, 64, 69, 5, 94, 3]
Round 412 | train_loss=0.7935 train_acc=0.7434 test_loss=1.0267 test_acc=0.6185
Round 413 | selected=[51, 28, 42, 21, 29, 30, 38, 96, 34, 97]
Round 413 | train_loss=0.7595 train_acc=0.7406 test_loss=0.9752 test_acc=0.6472
Round 414 | selected=[98, 67, 83, 59, 41, 45, 39, 70, 21, 25]
Round 414 | train_loss=0.7963 train_acc=0.7250 test_loss=0.9410 test_acc=0.6638
Round 415 | selected=[7, 15, 43, 85, 41, 50, 67, 21, 90, 5]
Round 415 | train_loss=0.7735 train_acc=0.7346 test_loss=1.0492 test_acc=0.6151
Round 416 | selected=[73, 77, 81, 41, 99, 10, 54, 89, 20, 85]
Round 416 | train_loss=0.8350 train_acc=0.7310 test_loss=1.0308 test_acc=0.6323
Round 417 | selected=[24, 60, 96, 79, 36, 56, 38, 74, 19, 35]
Round 417 | train_loss=0.8119 train_acc=0.7302 test_loss=1.2054 test_acc=0.6049
Round 418 | selected=[48, 82, 66, 74, 15, 51, 24, 98, 76, 33]
Round 418 | train_loss=0.7685 train_acc=0.7462 test_loss=1.1621 test_acc=0.5777
Round 419 | selected=[19, 88, 66, 76, 48, 37, 57, 0, 14, 62]
Round 419 | train_loss=0.8617 train_acc=0.7024 test_loss=1.1927 test_acc=0.5669
Round 420 | selected=[88, 77, 68, 0, 32, 9, 20, 90, 79, 8]
Round 420 | train_loss=0.9537 train_acc=0.6758 test_loss=1.1081 test_acc=0.6003
Round 421 | selected=[22, 71, 9, 65, 64, 7, 2, 73, 21, 40]
Round 421 | train_loss=0.8547 train_acc=0.6990 test_loss=1.0927 test_acc=0.6062
Round 422 | selected=[60, 73, 61, 4, 21, 48, 95, 51, 56, 55]
Round 422 | train_loss=0.7601 train_acc=0.7460 test_loss=1.0514 test_acc=0.6168
Round 423 | selected=[37, 74, 73, 36, 52, 33, 60, 31, 21, 43]
Round 423 | train_loss=0.7846 train_acc=0.7396 test_loss=1.0814 test_acc=0.6016
Round 424 | selected=[78, 56, 34, 12, 60, 65, 10, 39, 11, 57]
Round 424 | train_loss=0.8269 train_acc=0.7258 test_loss=1.1446 test_acc=0.5807
Round 425 | selected=[21, 93, 77, 97, 89, 4, 16, 56, 87, 63]
Round 425 | train_loss=0.8059 train_acc=0.7272 test_loss=1.1250 test_acc=0.6022
Round 426 | selected=[78, 64, 7, 94, 68, 10, 36, 39, 89, 23]
Round 426 | train_loss=0.8616 train_acc=0.7022 test_loss=1.0406 test_acc=0.6291
Round 427 | selected=[90, 27, 55, 44, 95, 51, 20, 50, 62, 69]
Round 427 | train_loss=0.8162 train_acc=0.7394 test_loss=1.0105 test_acc=0.6363
Round 428 | selected=[2, 98, 7, 73, 72, 14, 48, 56, 21, 92]
Round 428 | train_loss=0.8132 train_acc=0.7172 test_loss=0.9781 test_acc=0.6450
Round 429 | selected=[4, 34, 14, 68, 54, 17, 27, 57, 63, 16]
Round 429 | train_loss=0.6751 train_acc=0.7778 test_loss=0.9763 test_acc=0.6478
Round 430 | selected=[90, 85, 99, 60, 4, 5, 72, 57, 92, 20]
Round 430 | train_loss=0.8083 train_acc=0.7352 test_loss=1.2271 test_acc=0.5562
Round 431 | selected=[90, 29, 95, 23, 31, 97, 7, 16, 86, 34]
Round 431 | train_loss=0.7856 train_acc=0.7354 test_loss=1.2442 test_acc=0.5619
Round 432 | selected=[58, 95, 63, 60, 75, 37, 18, 45, 93, 42]
Round 432 | train_loss=0.7534 train_acc=0.7536 test_loss=0.9975 test_acc=0.6370
Round 433 | selected=[41, 10, 52, 79, 45, 94, 16, 20, 81, 80]
Round 433 | train_loss=0.7728 train_acc=0.7516 test_loss=1.1628 test_acc=0.5748
Round 434 | selected=[23, 86, 49, 93, 15, 71, 77, 5, 79, 70]
Round 434 | train_loss=0.8227 train_acc=0.7220 test_loss=1.1017 test_acc=0.6136
Round 435 | selected=[21, 34, 75, 43, 98, 99, 44, 35, 23, 64]
Round 435 | train_loss=0.7651 train_acc=0.7436 test_loss=1.0175 test_acc=0.6366
Round 436 | selected=[21, 89, 58, 75, 2, 46, 52, 40, 87, 10]
Round 436 | train_loss=0.8115 train_acc=0.7334 test_loss=1.2954 test_acc=0.5522
Round 437 | selected=[22, 59, 10, 94, 97, 87, 16, 33, 34, 57]
Round 437 | train_loss=0.7816 train_acc=0.7460 test_loss=1.5905 test_acc=0.4930
Round 438 | selected=[84, 50, 77, 39, 37, 4, 96, 53, 66, 6]
Round 438 | train_loss=0.9914 train_acc=0.6730 test_loss=1.3931 test_acc=0.5040
Round 439 | selected=[24, 81, 21, 69, 14, 52, 98, 78, 6, 86]
Round 439 | train_loss=0.9529 train_acc=0.6778 test_loss=1.0461 test_acc=0.6296
Round 440 | selected=[48, 10, 69, 43, 85, 59, 98, 19, 58, 64]
Round 440 | train_loss=0.7700 train_acc=0.7540 test_loss=1.0372 test_acc=0.6148
Round 441 | selected=[52, 78, 19, 11, 97, 91, 47, 63, 23, 72]
Round 441 | train_loss=0.8061 train_acc=0.7334 test_loss=1.1784 test_acc=0.5889
Round 442 | selected=[82, 10, 16, 61, 74, 37, 11, 99, 79, 65]
Round 442 | train_loss=0.8195 train_acc=0.7318 test_loss=0.9763 test_acc=0.6579
Round 443 | selected=[60, 97, 54, 99, 72, 78, 71, 40, 15, 52]
Round 443 | train_loss=0.7975 train_acc=0.7316 test_loss=1.0390 test_acc=0.6188
Round 444 | selected=[23, 24, 27, 34, 14, 95, 91, 63, 8, 60]
Round 444 | train_loss=0.7240 train_acc=0.7586 test_loss=0.9206 test_acc=0.6704
Round 445 | selected=[13, 29, 62, 97, 66, 45, 85, 38, 60, 52]
Round 445 | train_loss=0.7366 train_acc=0.7584 test_loss=1.0208 test_acc=0.6265
Round 446 | selected=[33, 44, 7, 84, 79, 35, 96, 48, 56, 83]
Round 446 | train_loss=0.7800 train_acc=0.7330 test_loss=1.0595 test_acc=0.6103
Round 447 | selected=[78, 25, 62, 11, 96, 50, 54, 31, 99, 86]
Round 447 | train_loss=0.7074 train_acc=0.7590 test_loss=1.1467 test_acc=0.5776
Round 448 | selected=[77, 5, 35, 11, 93, 38, 6, 36, 70, 75]
Round 448 | train_loss=0.7820 train_acc=0.7414 test_loss=0.9789 test_acc=0.6295
Round 449 | selected=[44, 41, 53, 99, 40, 70, 6, 11, 51, 47]
Round 449 | train_loss=0.7264 train_acc=0.7636 test_loss=1.0316 test_acc=0.6230
Round 450 | selected=[91, 34, 46, 68, 97, 37, 20, 81, 2, 40]
Round 450 | train_loss=0.8429 train_acc=0.7164 test_loss=1.0030 test_acc=0.6365
Round 451 | selected=[30, 62, 47, 57, 82, 68, 24, 77, 36, 31]
Round 451 | train_loss=0.8136 train_acc=0.7432 test_loss=1.3027 test_acc=0.5592
Round 452 | selected=[14, 88, 98, 74, 20, 16, 58, 77, 99, 62]
Round 452 | train_loss=0.8969 train_acc=0.7084 test_loss=1.2951 test_acc=0.5536
Round 453 | selected=[99, 50, 9, 2, 91, 73, 29, 68, 86, 62]
Round 453 | train_loss=0.8591 train_acc=0.7040 test_loss=1.0547 test_acc=0.6205
Round 454 | selected=[32, 36, 15, 28, 24, 80, 62, 71, 0, 43]
Round 454 | train_loss=0.7341 train_acc=0.7534 test_loss=1.0901 test_acc=0.5982
Round 455 | selected=[97, 14, 93, 26, 44, 60, 78, 91, 65, 83]
Round 455 | train_loss=0.7137 train_acc=0.7552 test_loss=1.0440 test_acc=0.6334
Round 456 | selected=[28, 52, 69, 85, 15, 41, 75, 48, 54, 73]
Round 456 | train_loss=0.7819 train_acc=0.7366 test_loss=0.9912 test_acc=0.6348
Round 457 | selected=[35, 89, 40, 61, 68, 90, 73, 51, 55, 4]
Round 457 | train_loss=0.7606 train_acc=0.7410 test_loss=1.1777 test_acc=0.5952
Round 458 | selected=[18, 0, 98, 28, 26, 93, 68, 95, 37, 29]
Round 458 | train_loss=0.7496 train_acc=0.7504 test_loss=0.9787 test_acc=0.6446
Round 459 | selected=[34, 69, 22, 91, 48, 66, 70, 94, 47, 99]
Round 459 | train_loss=0.7722 train_acc=0.7334 test_loss=1.2934 test_acc=0.5685
Round 460 | selected=[37, 13, 35, 34, 60, 90, 28, 50, 73, 40]
Round 460 | train_loss=0.8081 train_acc=0.7326 test_loss=1.4317 test_acc=0.5853
Round 461 | selected=[69, 27, 26, 89, 64, 93, 54, 67, 44, 57]
Round 461 | train_loss=0.7385 train_acc=0.7634 test_loss=1.0884 test_acc=0.6300
Round 462 | selected=[26, 83, 30, 5, 43, 44, 91, 8, 93, 6]
Round 462 | train_loss=0.6855 train_acc=0.7696 test_loss=0.9207 test_acc=0.6664
Round 463 | selected=[63, 2, 29, 62, 74, 69, 37, 91, 78, 14]
Round 463 | train_loss=0.7580 train_acc=0.7412 test_loss=0.8880 test_acc=0.6757
Round 464 | selected=[21, 59, 82, 78, 68, 99, 15, 47, 71, 93]
Round 464 | train_loss=0.7809 train_acc=0.7392 test_loss=1.0473 test_acc=0.6128
Round 465 | selected=[61, 99, 89, 95, 81, 71, 64, 42, 14, 35]
Round 465 | train_loss=0.7947 train_acc=0.7302 test_loss=0.9718 test_acc=0.6444
Round 466 | selected=[74, 69, 55, 29, 84, 19, 12, 73, 64, 94]
Round 466 | train_loss=0.7288 train_acc=0.7586 test_loss=0.9927 test_acc=0.6386
Round 467 | selected=[49, 23, 48, 90, 19, 29, 92, 63, 66, 6]
Round 467 | train_loss=0.7409 train_acc=0.7464 test_loss=1.1210 test_acc=0.5975
Round 468 | selected=[9, 49, 61, 94, 30, 79, 75, 36, 5, 4]
Round 468 | train_loss=0.7262 train_acc=0.7660 test_loss=1.1613 test_acc=0.6222
Round 469 | selected=[38, 21, 72, 77, 16, 18, 62, 46, 53, 78]
Round 469 | train_loss=0.8347 train_acc=0.7276 test_loss=1.1617 test_acc=0.5806
Round 470 | selected=[68, 51, 56, 72, 34, 27, 7, 65, 57, 73]
Round 470 | train_loss=0.7590 train_acc=0.7338 test_loss=1.4107 test_acc=0.5401
Round 471 | selected=[10, 43, 96, 4, 90, 36, 70, 48, 9, 87]
Round 471 | train_loss=0.9316 train_acc=0.6778 test_loss=1.2280 test_acc=0.5604
Round 472 | selected=[49, 92, 66, 45, 98, 85, 8, 5, 37, 27]
Round 472 | train_loss=0.8341 train_acc=0.7132 test_loss=1.0437 test_acc=0.6429
Round 473 | selected=[14, 26, 1, 60, 72, 16, 93, 24, 75, 40]
Round 473 | train_loss=0.7839 train_acc=0.7408 test_loss=1.1241 test_acc=0.5770
Round 474 | selected=[24, 81, 71, 51, 96, 40, 65, 68, 4, 19]
Round 474 | train_loss=0.7870 train_acc=0.7300 test_loss=1.0588 test_acc=0.5950
Round 475 | selected=[26, 80, 85, 71, 9, 68, 81, 54, 10, 34]
Round 475 | train_loss=0.8154 train_acc=0.7196 test_loss=1.0679 test_acc=0.6148
Round 476 | selected=[24, 8, 31, 71, 23, 79, 65, 21, 86, 38]
Round 476 | train_loss=0.7744 train_acc=0.7416 test_loss=0.9186 test_acc=0.6815
Round 477 | selected=[82, 97, 61, 42, 90, 7, 53, 44, 88, 17]
Round 477 | train_loss=0.7693 train_acc=0.7422 test_loss=1.0455 test_acc=0.6195
Round 478 | selected=[84, 73, 66, 47, 44, 75, 83, 55, 80, 11]
Round 478 | train_loss=0.6921 train_acc=0.7634 test_loss=1.0468 test_acc=0.6181
Round 479 | selected=[93, 40, 1, 66, 61, 99, 54, 2, 16, 96]
Round 479 | train_loss=0.6873 train_acc=0.7768 test_loss=1.0100 test_acc=0.6442
Round 480 | selected=[86, 94, 82, 23, 24, 71, 66, 36, 77, 16]
Round 480 | train_loss=0.7363 train_acc=0.7610 test_loss=1.0948 test_acc=0.6283
Round 481 | selected=[9, 7, 28, 65, 63, 32, 16, 87, 99, 15]
Round 481 | train_loss=0.6697 train_acc=0.7798 test_loss=1.0201 test_acc=0.6166
Round 482 | selected=[52, 75, 59, 72, 25, 39, 12, 64, 26, 78]
Round 482 | train_loss=0.8186 train_acc=0.7148 test_loss=1.3544 test_acc=0.5539
Round 483 | selected=[41, 19, 54, 29, 82, 4, 7, 9, 27, 50]
Round 483 | train_loss=0.8332 train_acc=0.7182 test_loss=0.9943 test_acc=0.6277
Round 484 | selected=[45, 55, 75, 58, 64, 3, 22, 53, 4, 97]
Round 484 | train_loss=0.7408 train_acc=0.7518 test_loss=0.9952 test_acc=0.6461
Round 485 | selected=[77, 57, 42, 0, 89, 58, 92, 5, 49, 11]
Round 485 | train_loss=0.7638 train_acc=0.7560 test_loss=1.3020 test_acc=0.5403
Round 486 | selected=[92, 18, 20, 58, 66, 59, 84, 62, 9, 64]
Round 486 | train_loss=0.8876 train_acc=0.7166 test_loss=1.0791 test_acc=0.6226
Round 487 | selected=[22, 8, 25, 80, 19, 96, 81, 69, 60, 68]
Round 487 | train_loss=0.7891 train_acc=0.7330 test_loss=0.9909 test_acc=0.6343
Round 488 | selected=[83, 74, 17, 10, 23, 36, 99, 87, 60, 81]
Round 488 | train_loss=0.7789 train_acc=0.7352 test_loss=0.9605 test_acc=0.6602
Round 489 | selected=[85, 64, 97, 13, 99, 40, 78, 35, 0, 10]
Round 489 | train_loss=0.8302 train_acc=0.7272 test_loss=1.0639 test_acc=0.6163
Round 490 | selected=[25, 22, 31, 56, 85, 74, 72, 7, 36, 63]
Round 490 | train_loss=0.8168 train_acc=0.7246 test_loss=1.1015 test_acc=0.5982
Round 491 | selected=[53, 32, 56, 99, 12, 98, 75, 89, 67, 72]
Round 491 | train_loss=0.7336 train_acc=0.7516 test_loss=0.9482 test_acc=0.6638
Round 492 | selected=[53, 80, 65, 64, 44, 6, 10, 41, 86, 77]
Round 492 | train_loss=0.8017 train_acc=0.7218 test_loss=1.0558 test_acc=0.6341
Round 493 | selected=[88, 97, 8, 19, 47, 18, 99, 73, 1, 85]
Round 493 | train_loss=0.7284 train_acc=0.7598 test_loss=1.0388 test_acc=0.6173
Round 494 | selected=[19, 42, 78, 33, 41, 50, 56, 72, 89, 98]
Round 494 | train_loss=0.6861 train_acc=0.7742 test_loss=1.0037 test_acc=0.6419
Round 495 | selected=[62, 39, 87, 74, 36, 91, 7, 37, 49, 10]
Round 495 | train_loss=0.8480 train_acc=0.7134 test_loss=1.2054 test_acc=0.5659
Round 496 | selected=[83, 22, 41, 7, 51, 8, 82, 45, 80, 36]
Round 496 | train_loss=0.7400 train_acc=0.7480 test_loss=1.1747 test_acc=0.5993
Round 497 | selected=[28, 23, 98, 24, 29, 46, 82, 40, 10, 77]
Round 497 | train_loss=0.8136 train_acc=0.7314 test_loss=1.1212 test_acc=0.6114
Round 498 | selected=[14, 6, 59, 49, 40, 97, 22, 86, 15, 99]
Round 498 | train_loss=0.7346 train_acc=0.7540 test_loss=1.1576 test_acc=0.6081
Round 499 | selected=[3, 94, 16, 47, 19, 20, 55, 51, 60, 89]
Round 499 | train_loss=0.6975 train_acc=0.7738 test_loss=1.0674 test_acc=0.6141
Round 500 | selected=[87, 19, 15, 59, 0, 7, 24, 38, 48, 8]
Round 500 | train_loss=0.7513 train_acc=0.7522 test_loss=0.8395 test_acc=0.7099
Saved: track1/results/cifar10/final_seed45/fedavg_alpha03_seed45.csv
COMPLETED: fedavg alpha03 seed=45
