========================================
JOB:       12003985
TASK:      7
ALGORITHM: fedprox
PARTITION: alpha01
SEED:      43
GPU:       0
========================================
Device: cuda
GPU: Tesla V100-PCIE-16GB
Round 0 | test_loss=2.8590 test_acc=0.1084
Round 1 | selected=[45, 82, 4, 54, 60, 98, 1, 26, 37, 58]
Round 1 | train_loss=1.3597 train_acc=0.6108 test_loss=2.9007 test_acc=0.1000
Round 2 | selected=[98, 18, 76, 36, 27, 13, 88, 41, 89, 84]
Round 2 | train_loss=1.9239 train_acc=0.5082 test_loss=3.5744 test_acc=0.1092
Round 3 | selected=[49, 78, 43, 90, 96, 45, 58, 36, 69, 94]
Round 3 | train_loss=1.5763 train_acc=0.5806 test_loss=3.5603 test_acc=0.1052
Round 4 | selected=[67, 79, 53, 5, 31, 11, 59, 99, 9, 28]
Round 4 | train_loss=1.7421 train_acc=0.6022 test_loss=5.6817 test_acc=0.1000
Round 5 | selected=[52, 9, 39, 27, 68, 31, 25, 58, 3, 95]
Round 5 | train_loss=2.1457 train_acc=0.5264 test_loss=8.8856 test_acc=0.1422
Round 6 | selected=[26, 64, 42, 36, 16, 77, 7, 22, 20, 31]
Round 6 | train_loss=2.1148 train_acc=0.5462 test_loss=6.2869 test_acc=0.1341
Round 7 | selected=[12, 64, 62, 75, 73, 84, 79, 40, 32, 52]
Round 7 | train_loss=2.1511 train_acc=0.5158 test_loss=9.7047 test_acc=0.1000
Round 8 | selected=[48, 84, 78, 81, 73, 93, 51, 12, 16, 66]
Round 8 | train_loss=2.4875 train_acc=0.4288 test_loss=4.7663 test_acc=0.1000
Round 9 | selected=[59, 44, 87, 73, 64, 76, 16, 97, 39, 99]
Round 9 | train_loss=2.1406 train_acc=0.4648 test_loss=2.8302 test_acc=0.1399
Round 10 | selected=[66, 45, 67, 21, 94, 50, 49, 73, 97, 28]
Round 10 | train_loss=1.8695 train_acc=0.4886 test_loss=3.4071 test_acc=0.1206
Round 11 | selected=[71, 91, 81, 50, 27, 52, 61, 25, 63, 75]
Round 11 | train_loss=1.4555 train_acc=0.5504 test_loss=2.6243 test_acc=0.1854
Round 12 | selected=[78, 91, 66, 74, 93, 33, 92, 18, 68, 20]
Round 12 | train_loss=1.4373 train_acc=0.5646 test_loss=2.6995 test_acc=0.1244
Round 13 | selected=[84, 70, 72, 43, 26, 95, 74, 53, 98, 13]
Round 13 | train_loss=1.2732 train_acc=0.6532 test_loss=2.8659 test_acc=0.1067
Round 14 | selected=[62, 88, 39, 53, 68, 8, 45, 26, 50, 17]
Round 14 | train_loss=1.4129 train_acc=0.5948 test_loss=2.4130 test_acc=0.1064
Round 15 | selected=[81, 84, 25, 29, 3, 45, 13, 0, 44, 9]
Round 15 | train_loss=1.3757 train_acc=0.5586 test_loss=2.4145 test_acc=0.2171
Round 16 | selected=[45, 82, 93, 92, 91, 3, 83, 59, 66, 11]
Round 16 | train_loss=1.3696 train_acc=0.5862 test_loss=2.2800 test_acc=0.1692
Round 17 | selected=[15, 4, 66, 46, 8, 75, 62, 35, 57, 53]
Round 17 | train_loss=1.2715 train_acc=0.6182 test_loss=2.3899 test_acc=0.1833
Round 18 | selected=[70, 85, 99, 21, 88, 16, 37, 23, 91, 0]
Round 18 | train_loss=1.4116 train_acc=0.5618 test_loss=2.4357 test_acc=0.1667
Round 19 | selected=[36, 15, 31, 92, 98, 73, 83, 7, 11, 20]
Round 19 | train_loss=1.3247 train_acc=0.5864 test_loss=2.3204 test_acc=0.1814
Round 20 | selected=[39, 89, 40, 95, 37, 0, 15, 60, 59, 74]
Round 20 | train_loss=1.2813 train_acc=0.5678 test_loss=2.3594 test_acc=0.1682
Round 21 | selected=[35, 57, 89, 86, 46, 36, 54, 30, 84, 77]
Round 21 | train_loss=1.2883 train_acc=0.5942 test_loss=2.0346 test_acc=0.2313
Round 22 | selected=[76, 10, 70, 46, 58, 89, 67, 66, 32, 0]
Round 22 | train_loss=1.3458 train_acc=0.5276 test_loss=2.2973 test_acc=0.2280
Round 23 | selected=[14, 0, 41, 64, 71, 15, 68, 98, 46, 6]
Round 23 | train_loss=1.3183 train_acc=0.5676 test_loss=2.2465 test_acc=0.1798
Round 24 | selected=[43, 83, 13, 65, 78, 79, 35, 15, 47, 3]
Round 24 | train_loss=1.2426 train_acc=0.6104 test_loss=2.2278 test_acc=0.2396
Round 25 | selected=[22, 9, 27, 36, 31, 89, 71, 86, 11, 29]
Round 25 | train_loss=1.2845 train_acc=0.6046 test_loss=2.3223 test_acc=0.1403
Round 26 | selected=[55, 61, 4, 90, 51, 94, 45, 0, 31, 96]
Round 26 | train_loss=1.4377 train_acc=0.5244 test_loss=2.1751 test_acc=0.1817
Round 27 | selected=[60, 6, 30, 69, 19, 1, 52, 34, 7, 5]
Round 27 | train_loss=1.1686 train_acc=0.6470 test_loss=2.2445 test_acc=0.1758
Round 28 | selected=[37, 27, 52, 59, 18, 21, 57, 61, 99, 41]
Round 28 | train_loss=1.1619 train_acc=0.6072 test_loss=2.4496 test_acc=0.1904
Round 29 | selected=[29, 67, 19, 12, 59, 89, 94, 39, 76, 98]
Round 29 | train_loss=1.5427 train_acc=0.4808 test_loss=2.6797 test_acc=0.1700
Round 30 | selected=[61, 99, 64, 39, 12, 29, 85, 37, 28, 14]
Round 30 | train_loss=1.5633 train_acc=0.4904 test_loss=2.2766 test_acc=0.1996
Round 31 | selected=[59, 92, 69, 23, 11, 93, 88, 57, 30, 8]
Round 31 | train_loss=1.1399 train_acc=0.6334 test_loss=2.4156 test_acc=0.1204
Round 32 | selected=[27, 33, 32, 41, 88, 49, 39, 44, 71, 67]
Round 32 | train_loss=1.4433 train_acc=0.5220 test_loss=2.2046 test_acc=0.2030
Round 33 | selected=[83, 58, 19, 10, 51, 40, 75, 59, 70, 17]
Round 33 | train_loss=1.2337 train_acc=0.5726 test_loss=2.4108 test_acc=0.2055
Round 34 | selected=[53, 62, 57, 4, 60, 76, 98, 31, 90, 23]
Round 34 | train_loss=1.4255 train_acc=0.5696 test_loss=2.7811 test_acc=0.1229
Round 35 | selected=[40, 41, 53, 13, 35, 90, 85, 73, 68, 15]
Round 35 | train_loss=1.4068 train_acc=0.5434 test_loss=2.4453 test_acc=0.1882
Round 36 | selected=[18, 9, 0, 24, 23, 20, 39, 94, 29, 41]
Round 36 | train_loss=1.2953 train_acc=0.5790 test_loss=2.1368 test_acc=0.2514
Round 37 | selected=[0, 56, 76, 25, 77, 24, 43, 8, 35, 78]
Round 37 | train_loss=1.3052 train_acc=0.5880 test_loss=2.4172 test_acc=0.1662
Round 38 | selected=[53, 77, 74, 63, 22, 80, 28, 67, 24, 41]
Round 38 | train_loss=1.3014 train_acc=0.6082 test_loss=2.5655 test_acc=0.1468
Round 39 | selected=[18, 83, 80, 4, 69, 89, 92, 61, 21, 73]
Round 39 | train_loss=1.2811 train_acc=0.6012 test_loss=2.3861 test_acc=0.2021
Round 40 | selected=[60, 71, 66, 28, 27, 54, 99, 6, 55, 74]
Round 40 | train_loss=1.4198 train_acc=0.5192 test_loss=2.0311 test_acc=0.2589
Round 41 | selected=[75, 13, 68, 32, 20, 2, 10, 79, 41, 89]
Round 41 | train_loss=1.1645 train_acc=0.6208 test_loss=2.2635 test_acc=0.1425
Round 42 | selected=[21, 6, 71, 85, 94, 56, 29, 95, 27, 87]
Round 42 | train_loss=1.2135 train_acc=0.5924 test_loss=2.1917 test_acc=0.2159
Round 43 | selected=[71, 34, 79, 90, 87, 39, 89, 18, 81, 96]
Round 43 | train_loss=1.3916 train_acc=0.5336 test_loss=2.0349 test_acc=0.2521
Round 44 | selected=[39, 94, 2, 85, 60, 12, 89, 36, 44, 98]
Round 44 | train_loss=1.2981 train_acc=0.5568 test_loss=1.9828 test_acc=0.2035
Round 45 | selected=[11, 68, 5, 85, 51, 12, 83, 32, 73, 29]
Round 45 | train_loss=1.1452 train_acc=0.6454 test_loss=2.2426 test_acc=0.1473
Round 46 | selected=[63, 47, 4, 13, 49, 41, 19, 99, 91, 79]
Round 46 | train_loss=1.2806 train_acc=0.5932 test_loss=2.0691 test_acc=0.2328
Round 47 | selected=[30, 90, 52, 15, 32, 41, 66, 49, 64, 25]
Round 47 | train_loss=1.2456 train_acc=0.5948 test_loss=2.1978 test_acc=0.1702
Round 48 | selected=[24, 88, 14, 52, 68, 8, 46, 9, 10, 6]
Round 48 | train_loss=1.3198 train_acc=0.5722 test_loss=2.2569 test_acc=0.1828
Round 49 | selected=[66, 60, 59, 76, 0, 92, 43, 42, 30, 29]
Round 49 | train_loss=1.4834 train_acc=0.5396 test_loss=2.3370 test_acc=0.1594
Round 50 | selected=[91, 16, 57, 32, 42, 70, 5, 80, 29, 68]
Round 50 | train_loss=1.2228 train_acc=0.6180 test_loss=2.0520 test_acc=0.2347
Round 51 | selected=[30, 25, 6, 51, 79, 11, 40, 2, 85, 31]
Round 51 | train_loss=1.2092 train_acc=0.6226 test_loss=2.0088 test_acc=0.2205
Round 52 | selected=[44, 49, 52, 17, 63, 20, 28, 16, 78, 30]
Round 52 | train_loss=1.1372 train_acc=0.6260 test_loss=2.2168 test_acc=0.1989
Round 53 | selected=[55, 76, 18, 47, 52, 43, 77, 61, 83, 10]
Round 53 | train_loss=1.2351 train_acc=0.5778 test_loss=2.1006 test_acc=0.2460
Round 54 | selected=[52, 43, 62, 20, 53, 14, 66, 40, 81, 79]
Round 54 | train_loss=1.1455 train_acc=0.6238 test_loss=2.1503 test_acc=0.2186
Round 55 | selected=[88, 63, 61, 33, 34, 76, 99, 66, 30, 23]
Round 55 | train_loss=1.4433 train_acc=0.5554 test_loss=2.5527 test_acc=0.1510
Round 56 | selected=[39, 29, 26, 67, 71, 17, 66, 96, 55, 94]
Round 56 | train_loss=1.5013 train_acc=0.5274 test_loss=2.0341 test_acc=0.2200
Round 57 | selected=[32, 97, 12, 98, 18, 24, 26, 83, 16, 48]
Round 57 | train_loss=1.2263 train_acc=0.6034 test_loss=1.9151 test_acc=0.2715
Round 58 | selected=[50, 22, 98, 81, 8, 75, 70, 74, 93, 25]
Round 58 | train_loss=1.2405 train_acc=0.6106 test_loss=1.9605 test_acc=0.2815
Round 59 | selected=[61, 29, 66, 92, 80, 90, 18, 28, 54, 98]
Round 59 | train_loss=1.2575 train_acc=0.6018 test_loss=1.9927 test_acc=0.2745
Round 60 | selected=[51, 27, 15, 76, 94, 43, 29, 49, 61, 65]
Round 60 | train_loss=1.2919 train_acc=0.5642 test_loss=1.8190 test_acc=0.2999
Round 61 | selected=[58, 89, 25, 93, 86, 77, 27, 22, 62, 11]
Round 61 | train_loss=1.2223 train_acc=0.5790 test_loss=2.2456 test_acc=0.1973
Round 62 | selected=[81, 66, 51, 45, 40, 13, 53, 44, 27, 73]
Round 62 | train_loss=1.3421 train_acc=0.5642 test_loss=2.3870 test_acc=0.1827
Round 63 | selected=[8, 31, 92, 57, 35, 66, 58, 14, 48, 55]
Round 63 | train_loss=1.3420 train_acc=0.5670 test_loss=2.4065 test_acc=0.2083
Round 64 | selected=[63, 15, 61, 92, 37, 72, 20, 95, 47, 58]
Round 64 | train_loss=1.2522 train_acc=0.5960 test_loss=2.0832 test_acc=0.1869
Round 65 | selected=[72, 39, 84, 35, 46, 12, 75, 30, 41, 23]
Round 65 | train_loss=1.2814 train_acc=0.5956 test_loss=1.9627 test_acc=0.2735
Round 66 | selected=[68, 80, 29, 76, 69, 92, 31, 26, 77, 96]
Round 66 | train_loss=1.2206 train_acc=0.6294 test_loss=1.9659 test_acc=0.2725
Round 67 | selected=[56, 15, 69, 64, 47, 88, 13, 81, 65, 98]
Round 67 | train_loss=1.2759 train_acc=0.5816 test_loss=2.1814 test_acc=0.2145
Round 68 | selected=[95, 72, 30, 88, 79, 85, 73, 39, 28, 38]
Round 68 | train_loss=1.1627 train_acc=0.6270 test_loss=2.1581 test_acc=0.2021
Round 69 | selected=[46, 50, 61, 41, 37, 75, 30, 18, 4, 33]
Round 69 | train_loss=1.1590 train_acc=0.6214 test_loss=2.0892 test_acc=0.2212
Round 70 | selected=[69, 23, 60, 48, 39, 30, 87, 92, 24, 5]
Round 70 | train_loss=1.2325 train_acc=0.6116 test_loss=2.1616 test_acc=0.2049
Round 71 | selected=[15, 69, 52, 5, 83, 29, 1, 37, 57, 9]
Round 71 | train_loss=0.9684 train_acc=0.6746 test_loss=2.5096 test_acc=0.1467
Round 72 | selected=[81, 66, 40, 61, 67, 57, 41, 25, 99, 80]
Round 72 | train_loss=1.3270 train_acc=0.5768 test_loss=1.9630 test_acc=0.2370
Round 73 | selected=[12, 49, 64, 56, 70, 98, 71, 22, 36, 89]
Round 73 | train_loss=1.1806 train_acc=0.6164 test_loss=2.0634 test_acc=0.2326
Round 74 | selected=[12, 63, 31, 60, 98, 15, 59, 62, 61, 76]
Round 74 | train_loss=1.3439 train_acc=0.5548 test_loss=1.9348 test_acc=0.2868
Round 75 | selected=[93, 96, 84, 47, 59, 25, 24, 6, 29, 64]
Round 75 | train_loss=1.1577 train_acc=0.6384 test_loss=2.2030 test_acc=0.2280
Round 76 | selected=[0, 34, 54, 30, 51, 91, 88, 3, 94, 41]
Round 76 | train_loss=1.3312 train_acc=0.5580 test_loss=2.3351 test_acc=0.1896
Round 77 | selected=[29, 25, 97, 34, 83, 3, 47, 11, 2, 80]
Round 77 | train_loss=1.2405 train_acc=0.6130 test_loss=1.9585 test_acc=0.2383
Round 78 | selected=[78, 89, 75, 5, 81, 59, 97, 93, 85, 62]
Round 78 | train_loss=1.2709 train_acc=0.5466 test_loss=1.8860 test_acc=0.2917
Round 79 | selected=[45, 32, 35, 26, 46, 64, 96, 6, 30, 69]
Round 79 | train_loss=1.0071 train_acc=0.7006 test_loss=2.0053 test_acc=0.2816
Round 80 | selected=[56, 36, 21, 47, 41, 59, 81, 33, 91, 27]
Round 80 | train_loss=1.1529 train_acc=0.6274 test_loss=2.0650 test_acc=0.1986
Round 81 | selected=[53, 76, 15, 34, 78, 63, 89, 41, 37, 80]
Round 81 | train_loss=1.2047 train_acc=0.5870 test_loss=2.1555 test_acc=0.2102
Round 82 | selected=[5, 97, 18, 48, 24, 73, 69, 68, 33, 28]
Round 82 | train_loss=0.9985 train_acc=0.6802 test_loss=2.0153 test_acc=0.2502
Round 83 | selected=[22, 21, 32, 26, 64, 46, 76, 85, 33, 91]
Round 83 | train_loss=1.1319 train_acc=0.6350 test_loss=2.2155 test_acc=0.2038
Round 84 | selected=[35, 45, 84, 49, 93, 11, 20, 97, 87, 86]
Round 84 | train_loss=1.1818 train_acc=0.6108 test_loss=1.9089 test_acc=0.2960
Round 85 | selected=[60, 30, 22, 29, 73, 13, 34, 41, 8, 71]
Round 85 | train_loss=1.0468 train_acc=0.6904 test_loss=1.9198 test_acc=0.2412
Round 86 | selected=[56, 58, 86, 79, 49, 52, 51, 40, 87, 72]
Round 86 | train_loss=1.2580 train_acc=0.5916 test_loss=2.4166 test_acc=0.2168
Round 87 | selected=[62, 28, 18, 72, 43, 2, 46, 97, 90, 63]
Round 87 | train_loss=1.4523 train_acc=0.5400 test_loss=2.3298 test_acc=0.2321
Round 88 | selected=[89, 84, 71, 66, 22, 45, 51, 79, 18, 92]
Round 88 | train_loss=1.3134 train_acc=0.5694 test_loss=2.4374 test_acc=0.1442
Round 89 | selected=[97, 84, 67, 2, 12, 14, 93, 96, 38, 4]
Round 89 | train_loss=1.2446 train_acc=0.5706 test_loss=1.9375 test_acc=0.2851
Round 90 | selected=[25, 71, 59, 98, 65, 48, 13, 82, 68, 12]
Round 90 | train_loss=1.2660 train_acc=0.5982 test_loss=1.8273 test_acc=0.2916
Round 91 | selected=[15, 67, 29, 79, 0, 10, 21, 55, 24, 76]
Round 91 | train_loss=1.1258 train_acc=0.6324 test_loss=1.9105 test_acc=0.2507
Round 92 | selected=[2, 28, 29, 86, 73, 43, 88, 92, 56, 18]
Round 92 | train_loss=1.0938 train_acc=0.6408 test_loss=1.8923 test_acc=0.2871
Round 93 | selected=[78, 21, 62, 45, 39, 84, 89, 94, 81, 30]
Round 93 | train_loss=1.2233 train_acc=0.6012 test_loss=1.9853 test_acc=0.2549
Round 94 | selected=[95, 55, 71, 77, 59, 73, 22, 4, 75, 38]
Round 94 | train_loss=1.1276 train_acc=0.6422 test_loss=1.8593 test_acc=0.2985
Round 95 | selected=[87, 12, 2, 22, 27, 15, 80, 3, 84, 99]
Round 95 | train_loss=1.0924 train_acc=0.6422 test_loss=1.8381 test_acc=0.3079
Round 96 | selected=[90, 97, 67, 86, 56, 18, 55, 57, 82, 2]
Round 96 | train_loss=1.2349 train_acc=0.5964 test_loss=2.0686 test_acc=0.2289
Round 97 | selected=[0, 71, 1, 8, 24, 10, 50, 47, 3, 60]
Round 97 | train_loss=1.2946 train_acc=0.5672 test_loss=1.8330 test_acc=0.2847
Round 98 | selected=[34, 98, 39, 11, 43, 62, 81, 49, 13, 1]
Round 98 | train_loss=1.0101 train_acc=0.6742 test_loss=1.7135 test_acc=0.3297
Round 99 | selected=[51, 37, 48, 55, 70, 81, 67, 29, 9, 52]
Round 99 | train_loss=1.0530 train_acc=0.6702 test_loss=2.0383 test_acc=0.2598
Round 100 | selected=[77, 49, 65, 39, 10, 31, 73, 52, 34, 71]
Round 100 | train_loss=1.1635 train_acc=0.6202 test_loss=1.7814 test_acc=0.3149
Round 101 | selected=[40, 37, 72, 92, 67, 33, 46, 60, 74, 85]
Round 101 | train_loss=1.0713 train_acc=0.6570 test_loss=2.0107 test_acc=0.3048
Round 102 | selected=[57, 1, 99, 3, 61, 85, 5, 91, 37, 38]
Round 102 | train_loss=1.3215 train_acc=0.5768 test_loss=2.2781 test_acc=0.2376
Round 103 | selected=[28, 79, 4, 10, 63, 62, 86, 13, 67, 61]
Round 103 | train_loss=1.3852 train_acc=0.5482 test_loss=2.0693 test_acc=0.2333
Round 104 | selected=[59, 56, 26, 33, 9, 41, 86, 76, 67, 45]
Round 104 | train_loss=1.1734 train_acc=0.6172 test_loss=2.0693 test_acc=0.2003
Round 105 | selected=[52, 63, 32, 41, 16, 5, 20, 23, 97, 72]
Round 105 | train_loss=1.2592 train_acc=0.5662 test_loss=2.0551 test_acc=0.2610
Round 106 | selected=[49, 10, 37, 20, 12, 81, 41, 47, 72, 16]
Round 106 | train_loss=1.1409 train_acc=0.6208 test_loss=1.8368 test_acc=0.3213
Round 107 | selected=[16, 71, 17, 25, 32, 98, 14, 85, 47, 41]
Round 107 | train_loss=1.1720 train_acc=0.6084 test_loss=2.2229 test_acc=0.1531
Round 108 | selected=[87, 4, 41, 79, 63, 76, 52, 20, 80, 59]
Round 108 | train_loss=1.0588 train_acc=0.6598 test_loss=1.9235 test_acc=0.2449
Round 109 | selected=[49, 83, 22, 58, 84, 28, 53, 81, 99, 35]
Round 109 | train_loss=1.1062 train_acc=0.6268 test_loss=1.9743 test_acc=0.3205
Round 110 | selected=[60, 90, 88, 43, 73, 50, 57, 53, 24, 66]
Round 110 | train_loss=1.1597 train_acc=0.6488 test_loss=2.1084 test_acc=0.2571
Round 111 | selected=[32, 36, 78, 37, 3, 15, 16, 48, 79, 27]
Round 111 | train_loss=1.2830 train_acc=0.5660 test_loss=2.0644 test_acc=0.2493
Round 112 | selected=[56, 59, 63, 86, 68, 58, 54, 93, 43, 3]
Round 112 | train_loss=1.2869 train_acc=0.5740 test_loss=2.1164 test_acc=0.2527
Round 113 | selected=[29, 33, 24, 13, 26, 44, 56, 37, 11, 15]
Round 113 | train_loss=1.2790 train_acc=0.6334 test_loss=1.9146 test_acc=0.3103
Round 114 | selected=[42, 21, 43, 7, 2, 74, 83, 24, 54, 99]
Round 114 | train_loss=1.0174 train_acc=0.6904 test_loss=1.8671 test_acc=0.3200
Round 115 | selected=[24, 3, 25, 57, 68, 66, 39, 86, 65, 53]
Round 115 | train_loss=1.3163 train_acc=0.5750 test_loss=1.9043 test_acc=0.2418
Round 116 | selected=[3, 68, 2, 73, 98, 38, 76, 67, 85, 28]
Round 116 | train_loss=1.1082 train_acc=0.6260 test_loss=1.8088 test_acc=0.3066
Round 117 | selected=[23, 74, 78, 98, 27, 31, 33, 36, 91, 10]
Round 117 | train_loss=1.0851 train_acc=0.6468 test_loss=1.8056 test_acc=0.3103
Round 118 | selected=[56, 20, 79, 5, 84, 59, 39, 83, 31, 97]
Round 118 | train_loss=1.1187 train_acc=0.6364 test_loss=1.8883 test_acc=0.2609
Round 119 | selected=[87, 66, 96, 44, 3, 90, 13, 45, 4, 21]
Round 119 | train_loss=1.1175 train_acc=0.6504 test_loss=1.8866 test_acc=0.2911
Round 120 | selected=[3, 12, 73, 70, 41, 63, 51, 65, 75, 15]
Round 120 | train_loss=1.0947 train_acc=0.6584 test_loss=1.8985 test_acc=0.3235
Round 121 | selected=[82, 3, 53, 5, 95, 94, 49, 92, 1, 64]
Round 121 | train_loss=1.1955 train_acc=0.6200 test_loss=2.2184 test_acc=0.1930
Round 122 | selected=[57, 13, 89, 4, 28, 56, 72, 21, 86, 43]
Round 122 | train_loss=1.1925 train_acc=0.6210 test_loss=1.9122 test_acc=0.3053
Round 123 | selected=[55, 7, 62, 67, 65, 6, 38, 96, 84, 73]
Round 123 | train_loss=1.1020 train_acc=0.6592 test_loss=1.7694 test_acc=0.3452
Round 124 | selected=[52, 75, 68, 13, 61, 86, 9, 67, 22, 3]
Round 124 | train_loss=1.0149 train_acc=0.7072 test_loss=2.1158 test_acc=0.2370
Round 125 | selected=[40, 15, 99, 37, 73, 90, 60, 58, 35, 79]
Round 125 | train_loss=1.1127 train_acc=0.6412 test_loss=1.7583 test_acc=0.3322
Round 126 | selected=[74, 3, 0, 32, 77, 96, 5, 7, 71, 39]
Round 126 | train_loss=1.0322 train_acc=0.6564 test_loss=1.9178 test_acc=0.2942
Round 127 | selected=[29, 12, 93, 45, 91, 13, 74, 34, 58, 83]
Round 127 | train_loss=1.1396 train_acc=0.6418 test_loss=1.8365 test_acc=0.3037
Round 128 | selected=[48, 99, 82, 39, 85, 84, 93, 97, 69, 70]
Round 128 | train_loss=1.2244 train_acc=0.5950 test_loss=1.9126 test_acc=0.2964
Round 129 | selected=[35, 5, 16, 38, 77, 23, 20, 44, 88, 78]
Round 129 | train_loss=1.1525 train_acc=0.6182 test_loss=2.4150 test_acc=0.1920
Round 130 | selected=[79, 52, 24, 30, 72, 14, 62, 6, 94, 48]
Round 130 | train_loss=1.3075 train_acc=0.5774 test_loss=2.4161 test_acc=0.2303
Round 131 | selected=[36, 75, 59, 9, 32, 16, 86, 21, 2, 52]
Round 131 | train_loss=1.1333 train_acc=0.6270 test_loss=2.0530 test_acc=0.2948
Round 132 | selected=[81, 18, 35, 13, 53, 89, 57, 39, 38, 96]
Round 132 | train_loss=1.2571 train_acc=0.5962 test_loss=1.9916 test_acc=0.2355
Round 133 | selected=[21, 30, 63, 56, 72, 12, 5, 16, 87, 64]
Round 133 | train_loss=1.1713 train_acc=0.6206 test_loss=2.2302 test_acc=0.2181
Round 134 | selected=[95, 57, 78, 62, 97, 40, 70, 1, 67, 17]
Round 134 | train_loss=1.1773 train_acc=0.6188 test_loss=1.8902 test_acc=0.2934
Round 135 | selected=[62, 79, 71, 60, 11, 65, 94, 28, 80, 97]
Round 135 | train_loss=1.1271 train_acc=0.6274 test_loss=1.7491 test_acc=0.3162
Round 136 | selected=[18, 95, 11, 39, 6, 97, 54, 42, 38, 89]
Round 136 | train_loss=0.9930 train_acc=0.6816 test_loss=1.6987 test_acc=0.3541
Round 137 | selected=[54, 32, 31, 65, 98, 61, 15, 8, 91, 2]
Round 137 | train_loss=1.1861 train_acc=0.6232 test_loss=1.7484 test_acc=0.3545
Round 138 | selected=[36, 47, 11, 79, 45, 35, 18, 2, 71, 22]
Round 138 | train_loss=1.0276 train_acc=0.6924 test_loss=1.7193 test_acc=0.3362
Round 139 | selected=[75, 0, 82, 87, 90, 5, 15, 54, 80, 65]
Round 139 | train_loss=1.1042 train_acc=0.6386 test_loss=1.8672 test_acc=0.2902
Round 140 | selected=[10, 47, 80, 78, 30, 24, 82, 54, 93, 32]
Round 140 | train_loss=1.1350 train_acc=0.6300 test_loss=1.9120 test_acc=0.3235
Round 141 | selected=[77, 42, 38, 49, 23, 30, 95, 1, 44, 90]
Round 141 | train_loss=1.0423 train_acc=0.6722 test_loss=1.8169 test_acc=0.2803
Round 142 | selected=[50, 26, 55, 10, 40, 49, 90, 6, 76, 23]
Round 142 | train_loss=1.0876 train_acc=0.6336 test_loss=1.6543 test_acc=0.3978
Round 143 | selected=[4, 70, 50, 56, 15, 20, 8, 62, 96, 51]
Round 143 | train_loss=1.0766 train_acc=0.6608 test_loss=1.9487 test_acc=0.2583
Round 144 | selected=[41, 45, 6, 25, 58, 99, 39, 54, 27, 95]
Round 144 | train_loss=1.0782 train_acc=0.6554 test_loss=1.8310 test_acc=0.3223
Round 145 | selected=[58, 59, 19, 81, 97, 84, 64, 74, 34, 1]
Round 145 | train_loss=1.1786 train_acc=0.5926 test_loss=1.8008 test_acc=0.3067
Round 146 | selected=[16, 4, 20, 18, 83, 50, 43, 14, 81, 13]
Round 146 | train_loss=1.1003 train_acc=0.6152 test_loss=1.7041 test_acc=0.3631
Round 147 | selected=[76, 78, 53, 64, 62, 41, 58, 15, 33, 83]
Round 147 | train_loss=1.0218 train_acc=0.6620 test_loss=2.1388 test_acc=0.2066
Round 148 | selected=[12, 44, 20, 75, 3, 62, 66, 24, 25, 22]
Round 148 | train_loss=1.1669 train_acc=0.6344 test_loss=2.0744 test_acc=0.2459
Round 149 | selected=[36, 32, 61, 86, 11, 99, 70, 30, 5, 76]
Round 149 | train_loss=1.2854 train_acc=0.5760 test_loss=2.4844 test_acc=0.2022
Round 150 | selected=[97, 75, 20, 67, 18, 9, 17, 74, 62, 78]
Round 150 | train_loss=1.4388 train_acc=0.5500 test_loss=1.9416 test_acc=0.3195
Round 151 | selected=[84, 21, 11, 3, 4, 65, 87, 91, 17, 86]
Round 151 | train_loss=1.1877 train_acc=0.6290 test_loss=1.9136 test_acc=0.2715
Round 152 | selected=[60, 47, 95, 35, 62, 82, 70, 42, 6, 16]
Round 152 | train_loss=1.1230 train_acc=0.6542 test_loss=2.1230 test_acc=0.2325
Round 153 | selected=[32, 81, 8, 58, 85, 47, 12, 18, 24, 3]
Round 153 | train_loss=1.1862 train_acc=0.5952 test_loss=1.7604 test_acc=0.3551
Round 154 | selected=[90, 37, 57, 3, 58, 39, 31, 15, 74, 78]
Round 154 | train_loss=1.1331 train_acc=0.6302 test_loss=1.8500 test_acc=0.3312
Round 155 | selected=[18, 36, 21, 38, 90, 86, 62, 3, 33, 49]
Round 155 | train_loss=1.0869 train_acc=0.6360 test_loss=1.9269 test_acc=0.2987
Round 156 | selected=[89, 24, 84, 44, 4, 99, 91, 20, 88, 40]
Round 156 | train_loss=1.0805 train_acc=0.6666 test_loss=1.9016 test_acc=0.2704
Round 157 | selected=[45, 4, 2, 96, 31, 97, 80, 56, 7, 79]
Round 157 | train_loss=1.0332 train_acc=0.6650 test_loss=1.8608 test_acc=0.2896
Round 158 | selected=[86, 7, 66, 54, 72, 78, 6, 99, 25, 55]
Round 158 | train_loss=1.1904 train_acc=0.6148 test_loss=1.9069 test_acc=0.2494
Round 159 | selected=[82, 38, 99, 92, 44, 79, 34, 98, 86, 6]
Round 159 | train_loss=1.0682 train_acc=0.6654 test_loss=2.0245 test_acc=0.2496
Round 160 | selected=[50, 47, 33, 32, 72, 13, 67, 68, 86, 15]
Round 160 | train_loss=1.2397 train_acc=0.6020 test_loss=1.8652 test_acc=0.3315
Round 161 | selected=[74, 44, 57, 10, 60, 12, 92, 29, 34, 27]
Round 161 | train_loss=0.9989 train_acc=0.6746 test_loss=1.7694 test_acc=0.3662
Round 162 | selected=[30, 41, 94, 21, 88, 43, 14, 73, 46, 67]
Round 162 | train_loss=1.0715 train_acc=0.6752 test_loss=1.8422 test_acc=0.2955
Round 163 | selected=[71, 10, 1, 55, 57, 22, 23, 6, 20, 59]
Round 163 | train_loss=1.0411 train_acc=0.6508 test_loss=1.9709 test_acc=0.2808
Round 164 | selected=[41, 38, 13, 94, 81, 46, 49, 32, 97, 11]
Round 164 | train_loss=1.1112 train_acc=0.6386 test_loss=1.7590 test_acc=0.3282
Round 165 | selected=[8, 26, 15, 18, 46, 13, 44, 56, 20, 33]
Round 165 | train_loss=1.1027 train_acc=0.6460 test_loss=1.9101 test_acc=0.2946
Round 166 | selected=[14, 36, 34, 16, 12, 28, 73, 30, 56, 31]
Round 166 | train_loss=1.1924 train_acc=0.5882 test_loss=1.7058 test_acc=0.3785
Round 167 | selected=[99, 4, 21, 1, 53, 94, 72, 84, 39, 26]
Round 167 | train_loss=1.1414 train_acc=0.6532 test_loss=2.2388 test_acc=0.2114
Round 168 | selected=[49, 80, 87, 71, 22, 69, 5, 95, 55, 99]
Round 168 | train_loss=1.2286 train_acc=0.6308 test_loss=2.2177 test_acc=0.2377
Round 169 | selected=[78, 63, 77, 93, 82, 56, 1, 66, 53, 39]
Round 169 | train_loss=1.3978 train_acc=0.5660 test_loss=1.7552 test_acc=0.3186
Round 170 | selected=[77, 94, 62, 14, 9, 27, 90, 26, 81, 69]
Round 170 | train_loss=1.2197 train_acc=0.5926 test_loss=1.7611 test_acc=0.3384
Round 171 | selected=[70, 73, 42, 31, 95, 63, 17, 94, 79, 9]
Round 171 | train_loss=0.9552 train_acc=0.7236 test_loss=1.7806 test_acc=0.3031
Round 172 | selected=[99, 94, 34, 92, 91, 32, 9, 74, 72, 96]
Round 172 | train_loss=1.0484 train_acc=0.6718 test_loss=1.6273 test_acc=0.4017
Round 173 | selected=[63, 12, 65, 22, 71, 70, 54, 55, 21, 66]
Round 173 | train_loss=0.9679 train_acc=0.6936 test_loss=1.7091 test_acc=0.3400
Round 174 | selected=[53, 34, 58, 6, 59, 78, 83, 7, 89, 96]
Round 174 | train_loss=0.9964 train_acc=0.6688 test_loss=1.7925 test_acc=0.3421
Round 175 | selected=[0, 17, 22, 23, 61, 54, 39, 99, 79, 26]
Round 175 | train_loss=1.0024 train_acc=0.6772 test_loss=1.7102 test_acc=0.3761
Round 176 | selected=[36, 91, 30, 51, 90, 66, 16, 76, 47, 44]
Round 176 | train_loss=1.1563 train_acc=0.6212 test_loss=1.7694 test_acc=0.3188
Round 177 | selected=[66, 68, 14, 83, 19, 1, 90, 16, 45, 27]
Round 177 | train_loss=1.1241 train_acc=0.6192 test_loss=1.7839 test_acc=0.3138
Round 178 | selected=[54, 59, 40, 48, 62, 88, 93, 91, 82, 99]
Round 178 | train_loss=1.0753 train_acc=0.6482 test_loss=1.9775 test_acc=0.2812
Round 179 | selected=[84, 71, 19, 16, 66, 94, 99, 62, 80, 47]
Round 179 | train_loss=1.0849 train_acc=0.6356 test_loss=1.7270 test_acc=0.3416
Round 180 | selected=[97, 62, 90, 7, 83, 57, 50, 72, 8, 28]
Round 180 | train_loss=1.0854 train_acc=0.6400 test_loss=1.6908 test_acc=0.3596
Round 181 | selected=[8, 19, 0, 73, 91, 30, 98, 26, 57, 58]
Round 181 | train_loss=1.1576 train_acc=0.6204 test_loss=1.8970 test_acc=0.3300
Round 182 | selected=[78, 74, 4, 60, 94, 92, 81, 54, 40, 33]
Round 182 | train_loss=1.0304 train_acc=0.6674 test_loss=1.7538 test_acc=0.3305
Round 183 | selected=[85, 79, 5, 33, 49, 47, 7, 57, 22, 26]
Round 183 | train_loss=0.8756 train_acc=0.7334 test_loss=1.7957 test_acc=0.3315
Round 184 | selected=[27, 82, 37, 32, 89, 59, 76, 56, 15, 77]
Round 184 | train_loss=1.1548 train_acc=0.6074 test_loss=2.0720 test_acc=0.2929
Round 185 | selected=[31, 56, 90, 23, 14, 64, 75, 35, 53, 42]
Round 185 | train_loss=1.0506 train_acc=0.6566 test_loss=1.8161 test_acc=0.3305
Round 186 | selected=[62, 40, 78, 77, 47, 96, 9, 60, 61, 39]
Round 186 | train_loss=1.0534 train_acc=0.6596 test_loss=1.7976 test_acc=0.3049
Round 187 | selected=[23, 11, 97, 57, 72, 1, 63, 35, 46, 7]
Round 187 | train_loss=1.0711 train_acc=0.6566 test_loss=1.8165 test_acc=0.3535
Round 188 | selected=[75, 10, 64, 52, 27, 91, 81, 21, 62, 20]
Round 188 | train_loss=1.2504 train_acc=0.6130 test_loss=2.6569 test_acc=0.1938
Round 189 | selected=[19, 34, 33, 32, 72, 82, 2, 80, 83, 17]
Round 189 | train_loss=1.2540 train_acc=0.5968 test_loss=2.5615 test_acc=0.2181
Round 190 | selected=[37, 35, 3, 33, 96, 60, 30, 65, 81, 1]
Round 190 | train_loss=1.2145 train_acc=0.5850 test_loss=1.9221 test_acc=0.3223
Round 191 | selected=[33, 52, 91, 66, 18, 5, 1, 38, 79, 13]
Round 191 | train_loss=0.9424 train_acc=0.7010 test_loss=1.8572 test_acc=0.3235
Round 192 | selected=[23, 81, 26, 55, 63, 37, 59, 86, 93, 64]
Round 192 | train_loss=1.2516 train_acc=0.5786 test_loss=1.8693 test_acc=0.3493
Round 193 | selected=[26, 9, 1, 94, 29, 84, 63, 54, 46, 65]
Round 193 | train_loss=1.1903 train_acc=0.6264 test_loss=1.7818 test_acc=0.3533
Round 194 | selected=[34, 97, 52, 94, 31, 28, 72, 70, 11, 65]
Round 194 | train_loss=1.0448 train_acc=0.6706 test_loss=1.7403 test_acc=0.3546
Round 195 | selected=[3, 21, 23, 31, 93, 77, 78, 35, 16, 36]
Round 195 | train_loss=1.1037 train_acc=0.6426 test_loss=1.7055 test_acc=0.3549
Round 196 | selected=[76, 40, 52, 57, 9, 38, 53, 82, 74, 6]
Round 196 | train_loss=0.8954 train_acc=0.7198 test_loss=1.6956 test_acc=0.3531
Round 197 | selected=[6, 43, 48, 44, 19, 91, 29, 50, 2, 85]
Round 197 | train_loss=0.8896 train_acc=0.7166 test_loss=1.9328 test_acc=0.3126
Round 198 | selected=[64, 4, 70, 57, 49, 99, 92, 12, 74, 98]
Round 198 | train_loss=1.0261 train_acc=0.6798 test_loss=1.8314 test_acc=0.3537
Round 199 | selected=[76, 23, 39, 99, 40, 86, 65, 22, 50, 2]
Round 199 | train_loss=1.0481 train_acc=0.6590 test_loss=1.7980 test_acc=0.3689
Round 200 | selected=[16, 42, 72, 36, 65, 80, 61, 64, 49, 91]
Round 200 | train_loss=1.0885 train_acc=0.6520 test_loss=1.6373 test_acc=0.3654
Round 201 | selected=[62, 56, 48, 21, 23, 94, 78, 33, 71, 50]
Round 201 | train_loss=0.9307 train_acc=0.7024 test_loss=1.7996 test_acc=0.3496
Round 202 | selected=[40, 20, 17, 25, 38, 48, 63, 29, 30, 61]
Round 202 | train_loss=0.9792 train_acc=0.6952 test_loss=1.9901 test_acc=0.2582
Round 203 | selected=[51, 72, 77, 0, 40, 53, 14, 8, 55, 43]
Round 203 | train_loss=1.3672 train_acc=0.5432 test_loss=2.0852 test_acc=0.2817
Round 204 | selected=[77, 90, 5, 39, 31, 87, 67, 89, 93, 69]
Round 204 | train_loss=1.3097 train_acc=0.5980 test_loss=1.9037 test_acc=0.3113
Round 205 | selected=[5, 28, 60, 6, 2, 92, 46, 41, 48, 55]
Round 205 | train_loss=0.9616 train_acc=0.6900 test_loss=1.6651 test_acc=0.3539
Round 206 | selected=[45, 9, 15, 19, 41, 76, 66, 61, 42, 49]
Round 206 | train_loss=1.0286 train_acc=0.6756 test_loss=1.8402 test_acc=0.3076
Round 207 | selected=[50, 18, 78, 97, 24, 29, 34, 6, 56, 71]
Round 207 | train_loss=1.1096 train_acc=0.6346 test_loss=1.8035 test_acc=0.3084
Round 208 | selected=[19, 2, 64, 13, 59, 41, 16, 22, 57, 63]
Round 208 | train_loss=0.9610 train_acc=0.6876 test_loss=2.0916 test_acc=0.2558
Round 209 | selected=[86, 73, 71, 81, 21, 4, 64, 41, 24, 0]
Round 209 | train_loss=1.0998 train_acc=0.6548 test_loss=1.6917 test_acc=0.3555
Round 210 | selected=[22, 58, 0, 9, 32, 62, 93, 72, 40, 98]
Round 210 | train_loss=0.9643 train_acc=0.6922 test_loss=1.8322 test_acc=0.3331
Round 211 | selected=[57, 84, 82, 31, 16, 10, 6, 23, 79, 51]
Round 211 | train_loss=1.0168 train_acc=0.6586 test_loss=1.8722 test_acc=0.3269
Round 212 | selected=[6, 15, 98, 81, 67, 85, 66, 90, 74, 62]
Round 212 | train_loss=1.1438 train_acc=0.6202 test_loss=1.8965 test_acc=0.3084
Round 213 | selected=[55, 58, 18, 36, 83, 16, 85, 27, 63, 17]
Round 213 | train_loss=1.0924 train_acc=0.6218 test_loss=1.9630 test_acc=0.2263
Round 214 | selected=[94, 59, 71, 97, 63, 61, 22, 81, 46, 70]
Round 214 | train_loss=1.1591 train_acc=0.6188 test_loss=2.0960 test_acc=0.2595
Round 215 | selected=[61, 16, 47, 25, 78, 39, 52, 74, 91, 76]
Round 215 | train_loss=1.0668 train_acc=0.6516 test_loss=1.6299 test_acc=0.4092
Round 216 | selected=[28, 88, 74, 93, 38, 78, 76, 60, 6, 58]
Round 216 | train_loss=1.1063 train_acc=0.6378 test_loss=1.7607 test_acc=0.3316
Round 217 | selected=[64, 6, 17, 94, 77, 88, 39, 45, 80, 65]
Round 217 | train_loss=1.1075 train_acc=0.6402 test_loss=1.5613 test_acc=0.3992
Round 218 | selected=[65, 20, 57, 82, 92, 97, 76, 83, 19, 5]
Round 218 | train_loss=0.9943 train_acc=0.6650 test_loss=1.7857 test_acc=0.2983
Round 219 | selected=[99, 13, 43, 0, 33, 34, 81, 47, 78, 83]
Round 219 | train_loss=1.1039 train_acc=0.6598 test_loss=2.0763 test_acc=0.2747
Round 220 | selected=[40, 83, 60, 23, 11, 0, 26, 39, 15, 13]
Round 220 | train_loss=1.1617 train_acc=0.6474 test_loss=2.0373 test_acc=0.2595
Round 221 | selected=[22, 49, 12, 27, 19, 77, 99, 50, 61, 79]
Round 221 | train_loss=1.1539 train_acc=0.6206 test_loss=1.7337 test_acc=0.3299
Round 222 | selected=[99, 14, 39, 46, 41, 18, 55, 0, 68, 29]
Round 222 | train_loss=1.0413 train_acc=0.6518 test_loss=1.6450 test_acc=0.3670
Round 223 | selected=[3, 91, 1, 31, 70, 63, 88, 79, 84, 97]
Round 223 | train_loss=1.0128 train_acc=0.6880 test_loss=1.6233 test_acc=0.3761
Round 224 | selected=[54, 59, 88, 26, 60, 94, 98, 81, 5, 33]
Round 224 | train_loss=0.9390 train_acc=0.7080 test_loss=2.0703 test_acc=0.2523
Round 225 | selected=[20, 54, 15, 80, 76, 51, 43, 41, 56, 7]
Round 225 | train_loss=1.0501 train_acc=0.6468 test_loss=1.6758 test_acc=0.3632
Round 226 | selected=[72, 12, 39, 65, 81, 44, 83, 93, 37, 94]
Round 226 | train_loss=1.1194 train_acc=0.6346 test_loss=1.6517 test_acc=0.3800
Round 227 | selected=[75, 10, 40, 31, 0, 83, 54, 14, 37, 15]
Round 227 | train_loss=1.0074 train_acc=0.6742 test_loss=1.8192 test_acc=0.3236
Round 228 | selected=[81, 30, 83, 1, 62, 16, 92, 47, 93, 57]
Round 228 | train_loss=1.0789 train_acc=0.6372 test_loss=1.7832 test_acc=0.2987
Round 229 | selected=[28, 17, 36, 63, 49, 86, 57, 23, 34, 24]
Round 229 | train_loss=1.0126 train_acc=0.6724 test_loss=2.0347 test_acc=0.2046
Round 230 | selected=[84, 7, 13, 54, 61, 82, 0, 71, 42, 20]
Round 230 | train_loss=1.1971 train_acc=0.6118 test_loss=1.8413 test_acc=0.3607
Round 231 | selected=[5, 83, 24, 94, 2, 10, 12, 47, 18, 66]
Round 231 | train_loss=1.3159 train_acc=0.5956 test_loss=2.1992 test_acc=0.3088
Round 232 | selected=[90, 31, 26, 49, 71, 16, 52, 13, 88, 6]
Round 232 | train_loss=1.2004 train_acc=0.6438 test_loss=1.7107 test_acc=0.3358
Round 233 | selected=[50, 91, 28, 97, 49, 40, 7, 37, 73, 62]
Round 233 | train_loss=0.9337 train_acc=0.7020 test_loss=1.6712 test_acc=0.3754
Round 234 | selected=[76, 63, 98, 54, 39, 61, 79, 66, 2, 70]
Round 234 | train_loss=1.0322 train_acc=0.6492 test_loss=1.6765 test_acc=0.3722
Round 235 | selected=[81, 58, 6, 19, 34, 13, 69, 35, 28, 55]
Round 235 | train_loss=1.0338 train_acc=0.6592 test_loss=1.5842 test_acc=0.3986
Round 236 | selected=[89, 0, 40, 81, 23, 76, 71, 79, 27, 61]
Round 236 | train_loss=0.9946 train_acc=0.6800 test_loss=1.5801 test_acc=0.4298
Round 237 | selected=[98, 56, 59, 22, 55, 48, 82, 99, 16, 37]
Round 237 | train_loss=0.9194 train_acc=0.7198 test_loss=1.6215 test_acc=0.4255
Round 238 | selected=[4, 36, 53, 5, 43, 38, 62, 3, 25, 98]
Round 238 | train_loss=0.9801 train_acc=0.6976 test_loss=2.4257 test_acc=0.1895
Round 239 | selected=[40, 6, 11, 30, 74, 32, 61, 5, 93, 31]
Round 239 | train_loss=1.0910 train_acc=0.6488 test_loss=1.8377 test_acc=0.3345
Round 240 | selected=[92, 54, 74, 28, 7, 14, 8, 47, 78, 87]
Round 240 | train_loss=1.1177 train_acc=0.6276 test_loss=1.8035 test_acc=0.2949
Round 241 | selected=[1, 10, 6, 11, 86, 82, 59, 50, 42, 41]
Round 241 | train_loss=1.0803 train_acc=0.6490 test_loss=1.6579 test_acc=0.3835
Round 242 | selected=[30, 12, 68, 52, 89, 81, 6, 79, 2, 26]
Round 242 | train_loss=0.9268 train_acc=0.7110 test_loss=1.6730 test_acc=0.3843
Round 243 | selected=[52, 25, 30, 78, 91, 51, 74, 48, 38, 41]
Round 243 | train_loss=0.9439 train_acc=0.7124 test_loss=1.8813 test_acc=0.2946
Round 244 | selected=[92, 94, 46, 18, 87, 68, 90, 39, 50, 34]
Round 244 | train_loss=1.0001 train_acc=0.6710 test_loss=1.6496 test_acc=0.3198
Round 245 | selected=[32, 97, 99, 45, 85, 73, 52, 71, 75, 59]
Round 245 | train_loss=1.0227 train_acc=0.6574 test_loss=1.7522 test_acc=0.4274
Round 246 | selected=[68, 40, 88, 28, 31, 2, 97, 11, 76, 96]
Round 246 | train_loss=1.1132 train_acc=0.6470 test_loss=1.7286 test_acc=0.3629
Round 247 | selected=[33, 67, 64, 44, 14, 0, 10, 16, 2, 12]
Round 247 | train_loss=1.0045 train_acc=0.6560 test_loss=1.6219 test_acc=0.3882
Round 248 | selected=[55, 9, 28, 20, 78, 59, 6, 80, 77, 4]
Round 248 | train_loss=0.9786 train_acc=0.6712 test_loss=1.8256 test_acc=0.3488
Round 249 | selected=[88, 44, 19, 53, 80, 51, 36, 33, 59, 12]
Round 249 | train_loss=1.1124 train_acc=0.6444 test_loss=1.9565 test_acc=0.2997
Round 250 | selected=[50, 71, 97, 77, 19, 94, 7, 34, 37, 98]
Round 250 | train_loss=1.1484 train_acc=0.6206 test_loss=1.5559 test_acc=0.4261
Round 251 | selected=[7, 72, 46, 24, 9, 82, 3, 22, 26, 21]
Round 251 | train_loss=1.0051 train_acc=0.6882 test_loss=1.8157 test_acc=0.3132
Round 252 | selected=[19, 38, 51, 28, 43, 37, 34, 77, 84, 88]
Round 252 | train_loss=1.1582 train_acc=0.5992 test_loss=2.0241 test_acc=0.3134
Round 253 | selected=[15, 20, 36, 17, 38, 60, 83, 84, 54, 9]
Round 253 | train_loss=1.0491 train_acc=0.6690 test_loss=1.8238 test_acc=0.2544
Round 254 | selected=[47, 81, 1, 36, 32, 18, 40, 59, 94, 89]
Round 254 | train_loss=1.1305 train_acc=0.6014 test_loss=1.5891 test_acc=0.4042
Round 255 | selected=[57, 12, 26, 7, 44, 18, 82, 39, 38, 52]
Round 255 | train_loss=0.9364 train_acc=0.7118 test_loss=1.6183 test_acc=0.4044
Round 256 | selected=[51, 18, 64, 15, 37, 60, 61, 13, 0, 39]
Round 256 | train_loss=0.9909 train_acc=0.6674 test_loss=1.8236 test_acc=0.3665
Round 257 | selected=[13, 60, 6, 27, 31, 36, 12, 83, 81, 52]
Round 257 | train_loss=1.0077 train_acc=0.6614 test_loss=1.5584 test_acc=0.4266
Round 258 | selected=[28, 23, 80, 42, 29, 26, 33, 0, 61, 64]
Round 258 | train_loss=0.9398 train_acc=0.7124 test_loss=1.9252 test_acc=0.3172
Round 259 | selected=[33, 79, 83, 18, 51, 73, 39, 95, 65, 17]
Round 259 | train_loss=0.8911 train_acc=0.7112 test_loss=1.6255 test_acc=0.4315
Round 260 | selected=[41, 95, 84, 0, 63, 59, 47, 54, 29, 83]
Round 260 | train_loss=0.7476 train_acc=0.7762 test_loss=1.8939 test_acc=0.2608
Round 261 | selected=[89, 35, 94, 8, 95, 4, 27, 58, 79, 85]
Round 261 | train_loss=0.9502 train_acc=0.6772 test_loss=1.9329 test_acc=0.3066
Round 262 | selected=[65, 58, 28, 44, 24, 61, 36, 98, 31, 34]
Round 262 | train_loss=1.2490 train_acc=0.5858 test_loss=1.6343 test_acc=0.3920
Round 263 | selected=[27, 31, 88, 50, 52, 47, 38, 90, 77, 17]
Round 263 | train_loss=1.0247 train_acc=0.6740 test_loss=1.5099 test_acc=0.4252
Round 264 | selected=[63, 21, 3, 54, 47, 73, 67, 70, 7, 18]
Round 264 | train_loss=0.9110 train_acc=0.7208 test_loss=1.5481 test_acc=0.4647
Round 265 | selected=[13, 35, 20, 62, 75, 42, 19, 6, 8, 3]
Round 265 | train_loss=0.8589 train_acc=0.7380 test_loss=1.6193 test_acc=0.4030
Round 266 | selected=[51, 92, 85, 77, 46, 73, 70, 65, 68, 35]
Round 266 | train_loss=0.9870 train_acc=0.6720 test_loss=1.7263 test_acc=0.3811
Round 267 | selected=[48, 40, 0, 92, 52, 20, 1, 12, 21, 51]
Round 267 | train_loss=0.9825 train_acc=0.6778 test_loss=1.8328 test_acc=0.3054
Round 268 | selected=[56, 73, 44, 50, 87, 3, 24, 22, 70, 7]
Round 268 | train_loss=0.9501 train_acc=0.6898 test_loss=1.6790 test_acc=0.3849
Round 269 | selected=[46, 82, 1, 72, 2, 14, 0, 85, 42, 33]
Round 269 | train_loss=0.9400 train_acc=0.6874 test_loss=1.8763 test_acc=0.3133
Round 270 | selected=[35, 1, 99, 17, 8, 21, 30, 69, 2, 94]
Round 270 | train_loss=0.9238 train_acc=0.7014 test_loss=1.5918 test_acc=0.4167
Round 271 | selected=[19, 51, 9, 43, 7, 93, 89, 6, 70, 86]
Round 271 | train_loss=0.9178 train_acc=0.7072 test_loss=1.6071 test_acc=0.4150
Round 272 | selected=[73, 75, 32, 2, 60, 85, 66, 3, 46, 59]
Round 272 | train_loss=0.8815 train_acc=0.7176 test_loss=1.7121 test_acc=0.4143
Round 273 | selected=[16, 62, 59, 9, 84, 42, 47, 23, 56, 80]
Round 273 | train_loss=0.8061 train_acc=0.7390 test_loss=1.6571 test_acc=0.4244
Round 274 | selected=[69, 52, 44, 41, 32, 91, 9, 62, 73, 31]
Round 274 | train_loss=0.7774 train_acc=0.7772 test_loss=1.8905 test_acc=0.2984
Round 275 | selected=[33, 62, 86, 46, 88, 90, 40, 13, 69, 44]
Round 275 | train_loss=0.8641 train_acc=0.7200 test_loss=1.8165 test_acc=0.3432
Round 276 | selected=[72, 54, 14, 46, 35, 65, 69, 47, 12, 45]
Round 276 | train_loss=0.9790 train_acc=0.6952 test_loss=1.7583 test_acc=0.3694
Round 277 | selected=[14, 76, 59, 32, 30, 12, 71, 8, 49, 45]
Round 277 | train_loss=0.9607 train_acc=0.6814 test_loss=1.8534 test_acc=0.3166
Round 278 | selected=[35, 81, 52, 8, 99, 67, 56, 32, 94, 3]
Round 278 | train_loss=1.0317 train_acc=0.6536 test_loss=1.9413 test_acc=0.3281
Round 279 | selected=[0, 96, 5, 84, 24, 87, 4, 32, 85, 52]
Round 279 | train_loss=0.9179 train_acc=0.7016 test_loss=1.7384 test_acc=0.3357
Round 280 | selected=[19, 23, 96, 73, 71, 6, 54, 33, 63, 55]
Round 280 | train_loss=0.8700 train_acc=0.7086 test_loss=1.5852 test_acc=0.4060
Round 281 | selected=[98, 22, 19, 95, 55, 15, 45, 84, 87, 3]
Round 281 | train_loss=0.9944 train_acc=0.6734 test_loss=1.9065 test_acc=0.3148
Round 282 | selected=[14, 35, 65, 40, 20, 97, 22, 9, 54, 23]
Round 282 | train_loss=1.0583 train_acc=0.6272 test_loss=1.7260 test_acc=0.3565
Round 283 | selected=[99, 93, 22, 76, 8, 41, 4, 68, 17, 53]
Round 283 | train_loss=1.0390 train_acc=0.6608 test_loss=1.8592 test_acc=0.2625
Round 284 | selected=[16, 27, 33, 44, 50, 80, 9, 2, 37, 85]
Round 284 | train_loss=1.0275 train_acc=0.6360 test_loss=2.0721 test_acc=0.2860
Round 285 | selected=[78, 68, 37, 65, 38, 55, 26, 69, 4, 5]
Round 285 | train_loss=1.0637 train_acc=0.6732 test_loss=2.2745 test_acc=0.2762
Round 286 | selected=[67, 82, 31, 57, 77, 63, 3, 19, 88, 52]
Round 286 | train_loss=1.0594 train_acc=0.6656 test_loss=1.6007 test_acc=0.3863
Round 287 | selected=[85, 53, 10, 91, 43, 18, 52, 78, 5, 1]
Round 287 | train_loss=0.9134 train_acc=0.7018 test_loss=1.6813 test_acc=0.3578
Round 288 | selected=[41, 20, 28, 42, 25, 58, 84, 98, 62, 95]
Round 288 | train_loss=0.9833 train_acc=0.6828 test_loss=1.8463 test_acc=0.2896
Round 289 | selected=[69, 3, 22, 33, 19, 71, 96, 81, 18, 25]
Round 289 | train_loss=1.0849 train_acc=0.6476 test_loss=1.5807 test_acc=0.4294
Round 290 | selected=[41, 4, 24, 67, 16, 53, 22, 97, 34, 64]
Round 290 | train_loss=0.9238 train_acc=0.7004 test_loss=1.6561 test_acc=0.3578
Round 291 | selected=[70, 3, 60, 47, 19, 76, 49, 11, 16, 68]
Round 291 | train_loss=1.0111 train_acc=0.6712 test_loss=1.6181 test_acc=0.3509
Round 292 | selected=[67, 38, 34, 57, 6, 10, 58, 93, 37, 23]
Round 292 | train_loss=0.9252 train_acc=0.6842 test_loss=1.5069 test_acc=0.4395
Round 293 | selected=[64, 44, 21, 12, 90, 11, 98, 33, 43, 19]
Round 293 | train_loss=0.9543 train_acc=0.7024 test_loss=1.9000 test_acc=0.3122
Round 294 | selected=[79, 4, 30, 27, 81, 54, 74, 35, 70, 2]
Round 294 | train_loss=0.9725 train_acc=0.6878 test_loss=1.6899 test_acc=0.3827
Round 295 | selected=[51, 49, 8, 56, 68, 25, 91, 72, 17, 15]
Round 295 | train_loss=0.9864 train_acc=0.6926 test_loss=1.9427 test_acc=0.3218
Round 296 | selected=[57, 76, 33, 72, 30, 8, 96, 38, 19, 21]
Round 296 | train_loss=0.9678 train_acc=0.6784 test_loss=1.8993 test_acc=0.3378
Round 297 | selected=[25, 60, 63, 75, 42, 52, 98, 56, 2, 28]
Round 297 | train_loss=1.0398 train_acc=0.6698 test_loss=1.7758 test_acc=0.3749
Round 298 | selected=[20, 41, 87, 32, 27, 11, 82, 43, 78, 91]
Round 298 | train_loss=0.9960 train_acc=0.6770 test_loss=1.7427 test_acc=0.3618
Round 299 | selected=[93, 89, 79, 33, 90, 2, 8, 56, 95, 4]
Round 299 | train_loss=0.8208 train_acc=0.7352 test_loss=1.6270 test_acc=0.4012
Round 300 | selected=[18, 54, 5, 4, 28, 35, 3, 78, 52, 10]
Round 300 | train_loss=0.8142 train_acc=0.7356 test_loss=1.5765 test_acc=0.3969
Round 301 | selected=[57, 8, 13, 5, 68, 95, 77, 79, 63, 48]
Round 301 | train_loss=0.7937 train_acc=0.7526 test_loss=1.5859 test_acc=0.4296
Round 302 | selected=[32, 84, 30, 86, 90, 60, 35, 64, 11, 53]
Round 302 | train_loss=0.8706 train_acc=0.7250 test_loss=1.8753 test_acc=0.3353
Round 303 | selected=[88, 43, 9, 28, 61, 48, 76, 21, 93, 59]
Round 303 | train_loss=1.0788 train_acc=0.6496 test_loss=1.8861 test_acc=0.3141
Round 304 | selected=[99, 51, 95, 89, 34, 10, 83, 42, 52, 62]
Round 304 | train_loss=0.9510 train_acc=0.6938 test_loss=1.8201 test_acc=0.3384
Round 305 | selected=[58, 12, 79, 28, 53, 81, 38, 14, 27, 46]
Round 305 | train_loss=1.2348 train_acc=0.6102 test_loss=1.7753 test_acc=0.3219
Round 306 | selected=[31, 95, 87, 82, 20, 12, 72, 18, 1, 62]
Round 306 | train_loss=0.9673 train_acc=0.6872 test_loss=1.8400 test_acc=0.3223
Round 307 | selected=[10, 31, 28, 13, 60, 35, 36, 52, 72, 84]
Round 307 | train_loss=0.9930 train_acc=0.6712 test_loss=1.7075 test_acc=0.3524
Round 308 | selected=[19, 9, 52, 28, 35, 4, 21, 2, 57, 98]
Round 308 | train_loss=0.8136 train_acc=0.7418 test_loss=1.6739 test_acc=0.4072
Round 309 | selected=[67, 6, 27, 51, 74, 58, 40, 38, 71, 98]
Round 309 | train_loss=0.9857 train_acc=0.6722 test_loss=1.7104 test_acc=0.3546
Round 310 | selected=[83, 11, 66, 73, 23, 12, 34, 1, 65, 63]
Round 310 | train_loss=1.1203 train_acc=0.6482 test_loss=1.7671 test_acc=0.3588
Round 311 | selected=[5, 43, 81, 92, 82, 89, 93, 56, 16, 28]
Round 311 | train_loss=1.1075 train_acc=0.6492 test_loss=1.9463 test_acc=0.2812
Round 312 | selected=[53, 73, 61, 62, 91, 83, 45, 89, 1, 50]
Round 312 | train_loss=0.9918 train_acc=0.6724 test_loss=1.5811 test_acc=0.4047
Round 313 | selected=[17, 3, 77, 14, 99, 96, 21, 20, 42, 79]
Round 313 | train_loss=0.9669 train_acc=0.6694 test_loss=1.6819 test_acc=0.3257
Round 314 | selected=[47, 58, 81, 46, 24, 49, 60, 82, 80, 53]
Round 314 | train_loss=0.9748 train_acc=0.6742 test_loss=1.8521 test_acc=0.3426
Round 315 | selected=[99, 29, 20, 39, 60, 58, 18, 44, 32, 95]
Round 315 | train_loss=0.9519 train_acc=0.6820 test_loss=1.8098 test_acc=0.3548
Round 316 | selected=[42, 77, 38, 74, 99, 34, 78, 86, 52, 46]
Round 316 | train_loss=0.8716 train_acc=0.7236 test_loss=1.5295 test_acc=0.4103
Round 317 | selected=[0, 47, 94, 5, 29, 50, 40, 99, 11, 31]
Round 317 | train_loss=0.9268 train_acc=0.7090 test_loss=1.6737 test_acc=0.3610
Round 318 | selected=[51, 84, 92, 16, 17, 19, 31, 34, 39, 99]
Round 318 | train_loss=0.9267 train_acc=0.6922 test_loss=1.5628 test_acc=0.3963
Round 319 | selected=[55, 58, 37, 65, 9, 52, 88, 94, 93, 72]
Round 319 | train_loss=1.0014 train_acc=0.6440 test_loss=1.9102 test_acc=0.3135
Round 320 | selected=[25, 28, 5, 81, 2, 76, 54, 30, 91, 75]
Round 320 | train_loss=0.9336 train_acc=0.6874 test_loss=1.6291 test_acc=0.3841
Round 321 | selected=[59, 53, 29, 97, 15, 41, 8, 52, 9, 10]
Round 321 | train_loss=0.9577 train_acc=0.6806 test_loss=1.6348 test_acc=0.3646
Round 322 | selected=[64, 27, 71, 18, 47, 35, 33, 74, 13, 43]
Round 322 | train_loss=0.8915 train_acc=0.7048 test_loss=2.2090 test_acc=0.2158
Round 323 | selected=[87, 9, 65, 74, 79, 95, 68, 57, 23, 97]
Round 323 | train_loss=1.1935 train_acc=0.6346 test_loss=2.0650 test_acc=0.2995
Round 324 | selected=[70, 79, 67, 45, 40, 54, 75, 36, 24, 51]
Round 324 | train_loss=1.0986 train_acc=0.6556 test_loss=1.9079 test_acc=0.3143
Round 325 | selected=[61, 55, 1, 25, 50, 8, 98, 86, 33, 70]
Round 325 | train_loss=1.3915 train_acc=0.5838 test_loss=1.9618 test_acc=0.3342
Round 326 | selected=[16, 41, 52, 36, 70, 17, 46, 53, 15, 11]
Round 326 | train_loss=0.9849 train_acc=0.6954 test_loss=1.7465 test_acc=0.3264
Round 327 | selected=[18, 8, 66, 72, 4, 89, 6, 22, 24, 79]
Round 327 | train_loss=0.9237 train_acc=0.7038 test_loss=1.6559 test_acc=0.3596
Round 328 | selected=[29, 97, 11, 94, 7, 78, 20, 98, 4, 56]
Round 328 | train_loss=0.9639 train_acc=0.6782 test_loss=1.7249 test_acc=0.3262
Round 329 | selected=[5, 51, 84, 77, 81, 48, 38, 4, 93, 22]
Round 329 | train_loss=0.8539 train_acc=0.7194 test_loss=1.7455 test_acc=0.3330
Round 330 | selected=[25, 59, 48, 13, 38, 44, 95, 15, 50, 76]
Round 330 | train_loss=0.9214 train_acc=0.6888 test_loss=1.9716 test_acc=0.3006
Round 331 | selected=[73, 30, 33, 26, 69, 32, 62, 57, 11, 27]
Round 331 | train_loss=0.7613 train_acc=0.7678 test_loss=1.8796 test_acc=0.3127
Round 332 | selected=[33, 69, 48, 80, 19, 75, 14, 17, 35, 13]
Round 332 | train_loss=0.8555 train_acc=0.7258 test_loss=1.6601 test_acc=0.3635
Round 333 | selected=[52, 33, 71, 76, 63, 57, 85, 96, 58, 88]
Round 333 | train_loss=0.8609 train_acc=0.7008 test_loss=1.5548 test_acc=0.4273
Round 334 | selected=[30, 82, 24, 50, 10, 71, 11, 85, 21, 36]
Round 334 | train_loss=0.9123 train_acc=0.7104 test_loss=1.7104 test_acc=0.3616
Round 335 | selected=[38, 58, 44, 18, 32, 88, 75, 78, 22, 42]
Round 335 | train_loss=0.8635 train_acc=0.7096 test_loss=1.6145 test_acc=0.3873
Round 336 | selected=[67, 45, 87, 37, 74, 95, 30, 76, 34, 27]
Round 336 | train_loss=0.8280 train_acc=0.7320 test_loss=1.5287 test_acc=0.4134
Round 337 | selected=[66, 13, 43, 42, 37, 2, 97, 35, 79, 38]
Round 337 | train_loss=0.6901 train_acc=0.7828 test_loss=1.5393 test_acc=0.4417
Round 338 | selected=[36, 58, 25, 46, 22, 73, 76, 26, 0, 79]
Round 338 | train_loss=0.8777 train_acc=0.6986 test_loss=1.5922 test_acc=0.3829
Round 339 | selected=[88, 72, 10, 23, 22, 8, 52, 0, 93, 5]
Round 339 | train_loss=0.8552 train_acc=0.7094 test_loss=1.6792 test_acc=0.4041
Round 340 | selected=[16, 2, 65, 33, 43, 31, 61, 75, 95, 7]
Round 340 | train_loss=0.8113 train_acc=0.7390 test_loss=1.6377 test_acc=0.3738
Round 341 | selected=[22, 53, 1, 49, 64, 83, 93, 46, 5, 45]
Round 341 | train_loss=0.8037 train_acc=0.7408 test_loss=1.8362 test_acc=0.3049
Round 342 | selected=[6, 26, 29, 10, 86, 82, 50, 95, 56, 21]
Round 342 | train_loss=0.9220 train_acc=0.6946 test_loss=1.9852 test_acc=0.3218
Round 343 | selected=[31, 10, 28, 40, 93, 79, 88, 0, 69, 72]
Round 343 | train_loss=1.0251 train_acc=0.6540 test_loss=1.9298 test_acc=0.3047
Round 344 | selected=[29, 0, 96, 5, 15, 89, 6, 11, 62, 34]
Round 344 | train_loss=0.7739 train_acc=0.7510 test_loss=1.5645 test_acc=0.4093
Round 345 | selected=[7, 82, 42, 57, 92, 60, 33, 66, 99, 76]
Round 345 | train_loss=0.9387 train_acc=0.6928 test_loss=2.0583 test_acc=0.2754
Round 346 | selected=[4, 0, 35, 44, 49, 36, 72, 92, 31, 17]
Round 346 | train_loss=0.9377 train_acc=0.6932 test_loss=1.7712 test_acc=0.3572
Round 347 | selected=[34, 52, 90, 33, 25, 95, 78, 43, 83, 35]
Round 347 | train_loss=0.6418 train_acc=0.8064 test_loss=2.0134 test_acc=0.2570
Round 348 | selected=[69, 0, 84, 83, 38, 1, 11, 14, 77, 19]
Round 348 | train_loss=1.0596 train_acc=0.6316 test_loss=1.6448 test_acc=0.3833
Round 349 | selected=[69, 63, 98, 65, 43, 99, 71, 96, 19, 5]
Round 349 | train_loss=0.7636 train_acc=0.7548 test_loss=1.8434 test_acc=0.3195
Round 350 | selected=[33, 84, 54, 79, 8, 56, 12, 95, 59, 49]
Round 350 | train_loss=0.8871 train_acc=0.7192 test_loss=1.6288 test_acc=0.4097
Round 351 | selected=[82, 48, 7, 99, 89, 71, 40, 83, 5, 67]
Round 351 | train_loss=0.8794 train_acc=0.7268 test_loss=1.5551 test_acc=0.3724
Round 352 | selected=[73, 99, 4, 45, 26, 95, 70, 34, 78, 82]
Round 352 | train_loss=0.7763 train_acc=0.7718 test_loss=1.7632 test_acc=0.3246
Round 353 | selected=[55, 90, 51, 72, 0, 44, 28, 19, 85, 49]
Round 353 | train_loss=0.9995 train_acc=0.6506 test_loss=1.5735 test_acc=0.4064
Round 354 | selected=[90, 15, 82, 98, 80, 51, 42, 71, 10, 58]
Round 354 | train_loss=1.0194 train_acc=0.6652 test_loss=1.5780 test_acc=0.3909
Round 355 | selected=[53, 88, 1, 75, 70, 91, 87, 35, 51, 68]
Round 355 | train_loss=0.8136 train_acc=0.7504 test_loss=1.5793 test_acc=0.3916
Round 356 | selected=[80, 43, 32, 94, 27, 61, 69, 17, 71, 36]
Round 356 | train_loss=0.9102 train_acc=0.6948 test_loss=1.4695 test_acc=0.4717
Round 357 | selected=[61, 19, 30, 31, 38, 99, 3, 64, 36, 7]
Round 357 | train_loss=0.8930 train_acc=0.7042 test_loss=1.8966 test_acc=0.3197
Round 358 | selected=[33, 92, 3, 23, 19, 22, 83, 62, 38, 70]
Round 358 | train_loss=0.8359 train_acc=0.7262 test_loss=1.7039 test_acc=0.3954
Round 359 | selected=[84, 33, 94, 19, 31, 57, 43, 73, 35, 32]
Round 359 | train_loss=0.7377 train_acc=0.7868 test_loss=2.0349 test_acc=0.2827
Round 360 | selected=[44, 87, 52, 29, 58, 57, 60, 40, 72, 82]
Round 360 | train_loss=1.0553 train_acc=0.6574 test_loss=1.9084 test_acc=0.3475
Round 361 | selected=[22, 95, 67, 89, 4, 75, 31, 8, 53, 1]
Round 361 | train_loss=0.9828 train_acc=0.6848 test_loss=1.8854 test_acc=0.3709
Round 362 | selected=[85, 31, 1, 26, 88, 53, 37, 57, 95, 9]
Round 362 | train_loss=0.8936 train_acc=0.7160 test_loss=1.6288 test_acc=0.4035
Round 363 | selected=[90, 80, 88, 6, 37, 33, 60, 84, 64, 32]
Round 363 | train_loss=0.8815 train_acc=0.7004 test_loss=1.6193 test_acc=0.3735
Round 364 | selected=[89, 51, 39, 85, 69, 68, 18, 57, 49, 71]
Round 364 | train_loss=0.9077 train_acc=0.7156 test_loss=1.5738 test_acc=0.4084
Round 365 | selected=[89, 54, 97, 58, 49, 83, 29, 0, 74, 7]
Round 365 | train_loss=0.7684 train_acc=0.7304 test_loss=1.4592 test_acc=0.4461
Round 366 | selected=[27, 13, 20, 96, 58, 21, 51, 70, 8, 34]
Round 366 | train_loss=0.8768 train_acc=0.7094 test_loss=1.5283 test_acc=0.4269
Round 367 | selected=[63, 0, 10, 54, 85, 3, 94, 83, 28, 73]
Round 367 | train_loss=0.8930 train_acc=0.6846 test_loss=2.1686 test_acc=0.2443
Round 368 | selected=[38, 26, 28, 4, 80, 33, 87, 81, 34, 25]
Round 368 | train_loss=0.9406 train_acc=0.6964 test_loss=1.6810 test_acc=0.3731
Round 369 | selected=[86, 5, 0, 18, 41, 47, 49, 80, 10, 68]
Round 369 | train_loss=0.9456 train_acc=0.6870 test_loss=1.6013 test_acc=0.3885
Round 370 | selected=[47, 82, 1, 0, 83, 66, 52, 62, 68, 94]
Round 370 | train_loss=0.8421 train_acc=0.7406 test_loss=1.7105 test_acc=0.3326
Round 371 | selected=[39, 14, 71, 13, 75, 2, 34, 26, 37, 21]
Round 371 | train_loss=0.8898 train_acc=0.7080 test_loss=1.5673 test_acc=0.4054
Round 372 | selected=[28, 90, 25, 83, 36, 32, 74, 87, 14, 30]
Round 372 | train_loss=0.9016 train_acc=0.6764 test_loss=1.9702 test_acc=0.2935
Round 373 | selected=[53, 26, 24, 0, 28, 66, 58, 9, 22, 74]
Round 373 | train_loss=1.0697 train_acc=0.6576 test_loss=1.8548 test_acc=0.3449
Round 374 | selected=[73, 56, 29, 51, 65, 62, 9, 16, 97, 48]
Round 374 | train_loss=1.0022 train_acc=0.6430 test_loss=1.8845 test_acc=0.3377
Round 375 | selected=[53, 66, 63, 32, 48, 95, 70, 81, 5, 2]
Round 375 | train_loss=0.8949 train_acc=0.6942 test_loss=1.7426 test_acc=0.3506
Round 376 | selected=[51, 27, 69, 85, 38, 74, 26, 90, 24, 16]
Round 376 | train_loss=0.8949 train_acc=0.7054 test_loss=1.5909 test_acc=0.4012
Round 377 | selected=[10, 83, 60, 57, 89, 91, 42, 46, 82, 53]
Round 377 | train_loss=0.8336 train_acc=0.7448 test_loss=2.0243 test_acc=0.3251
Round 378 | selected=[0, 79, 2, 39, 88, 28, 63, 81, 1, 56]
Round 378 | train_loss=1.0022 train_acc=0.6664 test_loss=1.5669 test_acc=0.4487
Round 379 | selected=[19, 27, 16, 88, 7, 42, 65, 36, 97, 28]
Round 379 | train_loss=1.0002 train_acc=0.6698 test_loss=1.5858 test_acc=0.3817
Round 380 | selected=[40, 23, 7, 11, 53, 0, 60, 78, 95, 1]
Round 380 | train_loss=0.8370 train_acc=0.7226 test_loss=1.6925 test_acc=0.3384
Round 381 | selected=[97, 32, 19, 11, 34, 87, 49, 48, 83, 60]
Round 381 | train_loss=0.7638 train_acc=0.7380 test_loss=1.5565 test_acc=0.3856
Round 382 | selected=[63, 56, 31, 73, 42, 75, 14, 33, 76, 57]
Round 382 | train_loss=0.8349 train_acc=0.7160 test_loss=1.5171 test_acc=0.4482
Round 383 | selected=[22, 94, 51, 6, 1, 14, 90, 8, 0, 23]
Round 383 | train_loss=1.0264 train_acc=0.6460 test_loss=1.5743 test_acc=0.4095
Round 384 | selected=[92, 74, 51, 65, 67, 76, 59, 25, 72, 97]
Round 384 | train_loss=0.9884 train_acc=0.6638 test_loss=1.6149 test_acc=0.3727
Round 385 | selected=[94, 99, 12, 70, 59, 26, 31, 40, 84, 11]
Round 385 | train_loss=0.8735 train_acc=0.7178 test_loss=1.6217 test_acc=0.3855
Round 386 | selected=[37, 54, 88, 20, 94, 61, 43, 80, 4, 29]
Round 386 | train_loss=0.8750 train_acc=0.7112 test_loss=1.5327 test_acc=0.4270
Round 387 | selected=[66, 16, 80, 70, 1, 36, 90, 56, 65, 9]
Round 387 | train_loss=0.9500 train_acc=0.6760 test_loss=1.3933 test_acc=0.4614
Round 388 | selected=[24, 63, 91, 99, 53, 43, 62, 47, 55, 70]
Round 388 | train_loss=0.7890 train_acc=0.7486 test_loss=1.5867 test_acc=0.3820
Round 389 | selected=[65, 21, 41, 35, 20, 40, 22, 78, 15, 32]
Round 389 | train_loss=0.7393 train_acc=0.7638 test_loss=1.5903 test_acc=0.4062
Round 390 | selected=[72, 45, 76, 80, 93, 54, 20, 49, 86, 64]
Round 390 | train_loss=0.8560 train_acc=0.7270 test_loss=1.6894 test_acc=0.3911
Round 391 | selected=[49, 29, 34, 35, 63, 18, 3, 44, 96, 24]
Round 391 | train_loss=0.8113 train_acc=0.7340 test_loss=1.6404 test_acc=0.3690
Round 392 | selected=[12, 31, 21, 78, 84, 40, 33, 91, 19, 14]
Round 392 | train_loss=0.7857 train_acc=0.7382 test_loss=1.6611 test_acc=0.3885
Round 393 | selected=[82, 87, 56, 39, 27, 64, 84, 78, 1, 98]
Round 393 | train_loss=0.8937 train_acc=0.7106 test_loss=1.8913 test_acc=0.3081
Round 394 | selected=[67, 40, 92, 19, 77, 72, 81, 0, 34, 15]
Round 394 | train_loss=0.9136 train_acc=0.6840 test_loss=1.7025 test_acc=0.3580
Round 395 | selected=[62, 65, 34, 49, 47, 97, 66, 12, 45, 26]
Round 395 | train_loss=0.7903 train_acc=0.7302 test_loss=1.5174 test_acc=0.4451
Round 396 | selected=[66, 74, 94, 5, 93, 60, 2, 75, 22, 85]
Round 396 | train_loss=0.7511 train_acc=0.7536 test_loss=1.5283 test_acc=0.4115
Round 397 | selected=[13, 37, 42, 93, 58, 54, 9, 50, 75, 35]
Round 397 | train_loss=0.7473 train_acc=0.7558 test_loss=1.6728 test_acc=0.3881
Round 398 | selected=[42, 70, 13, 45, 43, 32, 17, 22, 87, 50]
Round 398 | train_loss=0.7794 train_acc=0.7524 test_loss=1.6328 test_acc=0.4467
Round 399 | selected=[88, 56, 36, 70, 41, 44, 39, 46, 93, 37]
Round 399 | train_loss=0.8602 train_acc=0.7362 test_loss=1.3495 test_acc=0.5040
Round 400 | selected=[14, 99, 3, 21, 87, 38, 86, 93, 94, 67]
Round 400 | train_loss=0.8326 train_acc=0.7266 test_loss=1.6042 test_acc=0.3802
Round 401 | selected=[1, 76, 41, 84, 67, 55, 70, 56, 37, 31]
Round 401 | train_loss=0.8519 train_acc=0.7170 test_loss=1.3960 test_acc=0.4962
Round 402 | selected=[88, 97, 80, 43, 56, 12, 0, 54, 93, 72]
Round 402 | train_loss=0.8606 train_acc=0.7108 test_loss=1.5878 test_acc=0.4241
Round 403 | selected=[22, 53, 57, 86, 56, 68, 21, 47, 74, 73]
Round 403 | train_loss=0.6701 train_acc=0.8070 test_loss=1.7986 test_acc=0.3508
Round 404 | selected=[94, 54, 73, 95, 3, 36, 4, 64, 45, 29]
Round 404 | train_loss=0.8438 train_acc=0.7210 test_loss=1.5654 test_acc=0.4077
Round 405 | selected=[58, 21, 63, 16, 73, 93, 30, 70, 34, 54]
Round 405 | train_loss=0.8395 train_acc=0.7242 test_loss=1.4022 test_acc=0.4813
Round 406 | selected=[55, 81, 49, 89, 16, 50, 27, 76, 99, 79]
Round 406 | train_loss=0.8205 train_acc=0.7236 test_loss=1.4753 test_acc=0.4741
Round 407 | selected=[18, 99, 11, 35, 91, 70, 7, 23, 46, 65]
Round 407 | train_loss=0.7880 train_acc=0.7490 test_loss=1.5797 test_acc=0.4146
Round 408 | selected=[55, 23, 60, 78, 67, 48, 56, 59, 45, 8]
Round 408 | train_loss=0.8664 train_acc=0.7208 test_loss=1.9955 test_acc=0.3050
Round 409 | selected=[51, 34, 37, 11, 22, 88, 86, 77, 56, 79]
Round 409 | train_loss=0.9201 train_acc=0.6950 test_loss=1.5201 test_acc=0.4490
Round 410 | selected=[59, 47, 34, 27, 45, 11, 51, 14, 42, 46]
Round 410 | train_loss=0.9074 train_acc=0.7084 test_loss=1.6312 test_acc=0.3672
Round 411 | selected=[20, 97, 55, 64, 75, 63, 15, 95, 35, 13]
Round 411 | train_loss=0.8139 train_acc=0.7174 test_loss=1.9740 test_acc=0.3075
Round 412 | selected=[0, 12, 32, 63, 14, 50, 94, 21, 54, 52]
Round 412 | train_loss=0.8328 train_acc=0.7122 test_loss=1.5623 test_acc=0.4227
Round 413 | selected=[52, 85, 22, 3, 14, 19, 49, 47, 98, 1]
Round 413 | train_loss=0.8501 train_acc=0.7068 test_loss=1.5426 test_acc=0.4092
Round 414 | selected=[53, 83, 96, 50, 57, 93, 87, 44, 95, 85]
Round 414 | train_loss=0.8138 train_acc=0.7220 test_loss=1.5247 test_acc=0.4199
Round 415 | selected=[55, 24, 30, 66, 43, 39, 44, 33, 90, 8]
Round 415 | train_loss=0.8377 train_acc=0.7188 test_loss=1.3339 test_acc=0.5161
Round 416 | selected=[84, 92, 44, 13, 91, 28, 74, 58, 96, 72]
Round 416 | train_loss=0.7248 train_acc=0.7538 test_loss=1.3523 test_acc=0.5102
Round 417 | selected=[11, 67, 2, 85, 28, 87, 82, 5, 59, 68]
Round 417 | train_loss=0.7680 train_acc=0.7562 test_loss=1.4089 test_acc=0.4506
Round 418 | selected=[85, 39, 80, 93, 96, 82, 41, 60, 81, 25]
Round 418 | train_loss=0.8040 train_acc=0.7358 test_loss=1.3492 test_acc=0.5050
Round 419 | selected=[18, 8, 87, 33, 55, 95, 64, 74, 62, 31]
Round 419 | train_loss=0.6727 train_acc=0.7938 test_loss=2.2375 test_acc=0.2515
Round 420 | selected=[97, 74, 13, 77, 54, 18, 72, 86, 67, 63]
Round 420 | train_loss=0.9513 train_acc=0.6870 test_loss=1.5380 test_acc=0.4398
Round 421 | selected=[77, 16, 23, 27, 98, 37, 33, 88, 67, 40]
Round 421 | train_loss=0.8644 train_acc=0.7070 test_loss=1.6911 test_acc=0.3597
Round 422 | selected=[25, 88, 81, 31, 72, 96, 26, 69, 94, 36]
Round 422 | train_loss=0.8775 train_acc=0.7064 test_loss=1.4693 test_acc=0.4675
Round 423 | selected=[75, 89, 24, 37, 5, 67, 48, 21, 59, 99]
Round 423 | train_loss=0.6918 train_acc=0.7880 test_loss=1.4625 test_acc=0.5008
Round 424 | selected=[80, 52, 4, 99, 67, 96, 60, 20, 93, 32]
Round 424 | train_loss=0.6798 train_acc=0.7800 test_loss=1.5500 test_acc=0.4349
Round 425 | selected=[48, 2, 25, 0, 77, 76, 58, 73, 24, 35]
Round 425 | train_loss=0.8672 train_acc=0.7086 test_loss=1.5367 test_acc=0.4345
Round 426 | selected=[15, 63, 75, 85, 80, 47, 93, 69, 54, 68]
Round 426 | train_loss=0.7530 train_acc=0.7548 test_loss=1.7142 test_acc=0.3976
Round 427 | selected=[14, 27, 90, 69, 13, 53, 19, 76, 93, 39]
Round 427 | train_loss=0.9818 train_acc=0.6506 test_loss=1.4787 test_acc=0.4708
Round 428 | selected=[96, 63, 38, 81, 43, 83, 99, 18, 53, 37]
Round 428 | train_loss=0.7451 train_acc=0.7442 test_loss=1.6485 test_acc=0.3693
Round 429 | selected=[29, 18, 25, 69, 89, 73, 31, 16, 5, 54]
Round 429 | train_loss=0.6965 train_acc=0.7788 test_loss=1.5286 test_acc=0.4202
Round 430 | selected=[29, 60, 98, 53, 28, 69, 54, 38, 96, 67]
Round 430 | train_loss=0.6625 train_acc=0.7868 test_loss=1.4754 test_acc=0.4102
Round 431 | selected=[40, 64, 45, 59, 56, 6, 55, 62, 7, 91]
Round 431 | train_loss=0.8566 train_acc=0.7230 test_loss=1.9738 test_acc=0.3647
Round 432 | selected=[75, 14, 87, 72, 3, 38, 24, 49, 76, 16]
Round 432 | train_loss=1.0307 train_acc=0.6602 test_loss=2.3041 test_acc=0.2398
Round 433 | selected=[62, 0, 71, 32, 10, 13, 84, 20, 99, 26]
Round 433 | train_loss=1.0224 train_acc=0.6696 test_loss=1.7471 test_acc=0.3761
Round 434 | selected=[28, 61, 82, 92, 72, 18, 15, 47, 87, 11]
Round 434 | train_loss=0.9517 train_acc=0.6862 test_loss=1.6073 test_acc=0.3678
Round 435 | selected=[82, 0, 77, 4, 65, 13, 99, 11, 30, 43]
Round 435 | train_loss=0.8339 train_acc=0.7316 test_loss=1.5985 test_acc=0.3617
Round 436 | selected=[67, 10, 73, 65, 20, 47, 24, 90, 92, 91]
Round 436 | train_loss=1.0790 train_acc=0.6476 test_loss=1.7471 test_acc=0.3639
Round 437 | selected=[49, 23, 34, 82, 80, 2, 67, 93, 42, 14]
Round 437 | train_loss=0.8679 train_acc=0.7280 test_loss=1.5123 test_acc=0.4264
Round 438 | selected=[6, 60, 46, 3, 89, 1, 91, 47, 88, 72]
Round 438 | train_loss=0.7623 train_acc=0.7636 test_loss=1.4246 test_acc=0.4548
Round 439 | selected=[51, 79, 59, 7, 4, 72, 10, 71, 16, 1]
Round 439 | train_loss=0.7521 train_acc=0.7566 test_loss=1.5931 test_acc=0.3860
Round 440 | selected=[43, 59, 74, 90, 53, 26, 38, 86, 48, 2]
Round 440 | train_loss=0.7398 train_acc=0.7586 test_loss=1.5243 test_acc=0.4353
Round 441 | selected=[78, 79, 24, 1, 87, 61, 33, 85, 54, 96]
Round 441 | train_loss=0.7756 train_acc=0.7424 test_loss=1.4587 test_acc=0.4666
Round 442 | selected=[50, 29, 11, 71, 20, 9, 85, 67, 2, 42]
Round 442 | train_loss=0.7279 train_acc=0.7674 test_loss=1.5348 test_acc=0.4605
Round 443 | selected=[97, 7, 81, 6, 39, 34, 76, 65, 84, 17]
Round 443 | train_loss=0.9190 train_acc=0.6948 test_loss=1.3217 test_acc=0.5319
Round 444 | selected=[23, 68, 64, 41, 17, 51, 34, 78, 12, 57]
Round 444 | train_loss=0.7320 train_acc=0.7792 test_loss=1.7404 test_acc=0.3861
Round 445 | selected=[18, 10, 28, 70, 45, 4, 60, 49, 58, 8]
Round 445 | train_loss=0.8803 train_acc=0.7154 test_loss=1.7145 test_acc=0.3743
Round 446 | selected=[47, 51, 45, 62, 53, 80, 22, 0, 83, 96]
Round 446 | train_loss=0.7106 train_acc=0.7728 test_loss=1.6777 test_acc=0.3964
Round 447 | selected=[60, 45, 43, 88, 29, 46, 67, 25, 74, 51]
Round 447 | train_loss=0.8028 train_acc=0.7532 test_loss=1.6714 test_acc=0.3758
Round 448 | selected=[86, 26, 20, 74, 45, 82, 94, 33, 81, 58]
Round 448 | train_loss=0.8845 train_acc=0.7090 test_loss=1.6941 test_acc=0.3518
Round 449 | selected=[86, 78, 90, 22, 24, 39, 5, 77, 4, 71]
Round 449 | train_loss=0.8897 train_acc=0.6938 test_loss=1.5458 test_acc=0.4084
Round 450 | selected=[84, 1, 17, 43, 94, 12, 76, 46, 80, 66]
Round 450 | train_loss=0.8239 train_acc=0.7274 test_loss=1.6784 test_acc=0.4220
Round 451 | selected=[60, 69, 13, 97, 79, 39, 4, 19, 94, 46]
Round 451 | train_loss=0.7499 train_acc=0.7536 test_loss=1.6309 test_acc=0.4066
Round 452 | selected=[77, 45, 56, 97, 1, 59, 14, 89, 21, 85]
Round 452 | train_loss=0.9152 train_acc=0.6902 test_loss=1.6802 test_acc=0.4039
Round 453 | selected=[90, 48, 83, 53, 95, 14, 67, 60, 29, 69]
Round 453 | train_loss=0.7924 train_acc=0.7456 test_loss=1.8279 test_acc=0.3210
Round 454 | selected=[89, 93, 2, 74, 64, 62, 13, 15, 68, 1]
Round 454 | train_loss=0.8438 train_acc=0.7196 test_loss=1.5452 test_acc=0.4632
Round 455 | selected=[61, 85, 10, 66, 62, 43, 98, 37, 91, 30]
Round 455 | train_loss=0.8226 train_acc=0.7358 test_loss=1.4936 test_acc=0.4486
Round 456 | selected=[45, 87, 41, 25, 34, 18, 33, 11, 39, 83]
Round 456 | train_loss=0.6290 train_acc=0.8044 test_loss=1.8468 test_acc=0.2887
Round 457 | selected=[86, 23, 31, 68, 55, 17, 15, 97, 43, 4]
Round 457 | train_loss=0.8567 train_acc=0.7316 test_loss=1.5018 test_acc=0.4629
Round 458 | selected=[67, 90, 85, 55, 16, 37, 75, 66, 92, 53]
Round 458 | train_loss=0.7640 train_acc=0.7434 test_loss=1.4681 test_acc=0.4534
Round 459 | selected=[49, 26, 79, 37, 92, 63, 55, 90, 99, 22]
Round 459 | train_loss=0.6527 train_acc=0.7818 test_loss=1.4144 test_acc=0.4818
Round 460 | selected=[70, 97, 61, 88, 4, 64, 86, 22, 31, 29]
Round 460 | train_loss=0.7624 train_acc=0.7574 test_loss=1.3988 test_acc=0.5032
Round 461 | selected=[70, 40, 21, 10, 3, 68, 37, 83, 1, 98]
Round 461 | train_loss=0.7193 train_acc=0.7598 test_loss=1.4299 test_acc=0.4536
Round 462 | selected=[15, 96, 85, 22, 99, 84, 51, 55, 1, 28]
Round 462 | train_loss=0.8028 train_acc=0.7254 test_loss=1.5226 test_acc=0.4542
Round 463 | selected=[53, 45, 91, 54, 6, 24, 7, 16, 67, 97]
Round 463 | train_loss=0.7727 train_acc=0.7546 test_loss=1.6739 test_acc=0.3783
Round 464 | selected=[35, 71, 4, 89, 80, 52, 44, 36, 42, 11]
Round 464 | train_loss=0.6624 train_acc=0.7942 test_loss=1.5534 test_acc=0.4326
Round 465 | selected=[86, 1, 57, 68, 31, 74, 88, 20, 21, 91]
Round 465 | train_loss=0.8091 train_acc=0.7378 test_loss=1.4769 test_acc=0.4326
Round 466 | selected=[76, 52, 42, 1, 80, 10, 88, 58, 95, 8]
Round 466 | train_loss=0.7991 train_acc=0.7194 test_loss=1.4194 test_acc=0.4733
Round 467 | selected=[17, 25, 53, 69, 83, 98, 3, 7, 21, 87]
Round 467 | train_loss=0.7655 train_acc=0.7520 test_loss=1.5721 test_acc=0.3828
Round 468 | selected=[30, 99, 10, 33, 74, 59, 14, 25, 32, 86]
Round 468 | train_loss=0.8644 train_acc=0.7062 test_loss=1.4454 test_acc=0.4967
Round 469 | selected=[70, 75, 76, 19, 21, 90, 66, 14, 82, 33]
Round 469 | train_loss=0.8684 train_acc=0.7124 test_loss=1.5038 test_acc=0.4483
Round 470 | selected=[78, 83, 38, 49, 53, 81, 37, 76, 31, 4]
Round 470 | train_loss=0.6933 train_acc=0.7774 test_loss=1.3608 test_acc=0.4757
Round 471 | selected=[26, 61, 25, 15, 39, 66, 71, 72, 1, 40]
Round 471 | train_loss=0.7286 train_acc=0.7614 test_loss=1.3376 test_acc=0.5054
Round 472 | selected=[29, 8, 95, 0, 51, 62, 73, 68, 61, 24]
Round 472 | train_loss=0.7794 train_acc=0.7488 test_loss=1.7186 test_acc=0.3714
Round 473 | selected=[95, 28, 49, 83, 11, 31, 1, 65, 63, 74]
Round 473 | train_loss=0.7704 train_acc=0.7458 test_loss=1.6500 test_acc=0.4096
Round 474 | selected=[48, 42, 71, 63, 36, 57, 13, 35, 92, 60]
Round 474 | train_loss=0.7025 train_acc=0.7732 test_loss=1.5397 test_acc=0.4129
Round 475 | selected=[56, 25, 10, 83, 37, 92, 66, 33, 81, 73]
Round 475 | train_loss=0.7145 train_acc=0.7650 test_loss=1.5364 test_acc=0.4219
Round 476 | selected=[1, 30, 64, 48, 82, 69, 60, 3, 78, 73]
Round 476 | train_loss=0.7319 train_acc=0.7548 test_loss=1.7007 test_acc=0.4333
Round 477 | selected=[91, 93, 20, 17, 87, 23, 0, 3, 53, 67]
Round 477 | train_loss=0.9688 train_acc=0.6886 test_loss=1.4586 test_acc=0.4518
Round 478 | selected=[31, 74, 30, 23, 58, 78, 20, 5, 56, 6]
Round 478 | train_loss=0.7144 train_acc=0.7640 test_loss=1.5254 test_acc=0.4563
Round 479 | selected=[99, 21, 45, 30, 93, 85, 58, 97, 56, 13]
Round 479 | train_loss=0.6799 train_acc=0.7710 test_loss=1.5000 test_acc=0.4893
Round 480 | selected=[62, 29, 37, 54, 51, 93, 33, 59, 4, 16]
Round 480 | train_loss=0.6987 train_acc=0.7792 test_loss=1.4171 test_acc=0.4838
Round 481 | selected=[63, 58, 57, 77, 98, 21, 18, 1, 24, 5]
Round 481 | train_loss=0.8249 train_acc=0.7240 test_loss=1.5961 test_acc=0.3852
Round 482 | selected=[51, 31, 14, 17, 13, 45, 70, 89, 63, 48]
Round 482 | train_loss=0.8407 train_acc=0.7338 test_loss=1.5217 test_acc=0.4164
Round 483 | selected=[73, 39, 8, 94, 58, 98, 10, 29, 31, 95]
Round 483 | train_loss=0.8226 train_acc=0.7216 test_loss=1.4422 test_acc=0.4591
Round 484 | selected=[96, 98, 50, 32, 25, 12, 59, 69, 87, 15]
Round 484 | train_loss=0.7099 train_acc=0.7562 test_loss=1.5945 test_acc=0.3768
Round 485 | selected=[56, 25, 32, 19, 10, 77, 80, 88, 94, 2]
Round 485 | train_loss=0.8707 train_acc=0.6848 test_loss=1.6064 test_acc=0.4100
Round 486 | selected=[65, 46, 32, 58, 95, 92, 23, 52, 18, 75]
Round 486 | train_loss=0.7868 train_acc=0.7294 test_loss=1.6773 test_acc=0.3988
Round 487 | selected=[45, 85, 58, 0, 93, 42, 8, 13, 52, 88]
Round 487 | train_loss=0.7359 train_acc=0.7440 test_loss=1.5226 test_acc=0.4677
Round 488 | selected=[19, 7, 9, 50, 56, 93, 53, 31, 22, 8]
Round 488 | train_loss=0.6875 train_acc=0.7832 test_loss=1.4343 test_acc=0.5178
Round 489 | selected=[95, 10, 58, 52, 94, 88, 68, 87, 50, 59]
Round 489 | train_loss=0.9018 train_acc=0.6954 test_loss=1.7204 test_acc=0.3458
Round 490 | selected=[1, 53, 82, 11, 36, 5, 95, 24, 42, 56]
Round 490 | train_loss=0.6795 train_acc=0.7740 test_loss=1.4932 test_acc=0.4412
Round 491 | selected=[91, 41, 85, 48, 45, 46, 6, 99, 1, 92]
Round 491 | train_loss=0.6915 train_acc=0.7880 test_loss=1.5594 test_acc=0.3933
Round 492 | selected=[88, 56, 24, 98, 58, 26, 70, 13, 9, 99]
Round 492 | train_loss=0.8107 train_acc=0.7328 test_loss=1.6945 test_acc=0.3866
Round 493 | selected=[39, 62, 79, 46, 91, 78, 7, 19, 51, 18]
Round 493 | train_loss=0.8129 train_acc=0.7326 test_loss=1.4788 test_acc=0.4526
Round 494 | selected=[12, 31, 21, 40, 68, 17, 97, 50, 26, 80]
Round 494 | train_loss=0.7563 train_acc=0.7600 test_loss=1.3672 test_acc=0.4945
Round 495 | selected=[14, 84, 21, 22, 19, 43, 54, 29, 59, 94]
Round 495 | train_loss=0.7002 train_acc=0.7678 test_loss=1.5617 test_acc=0.4036
Round 496 | selected=[10, 42, 74, 1, 3, 80, 13, 61, 77, 16]
Round 496 | train_loss=0.8348 train_acc=0.7116 test_loss=1.4309 test_acc=0.4660
Round 497 | selected=[31, 17, 59, 7, 29, 85, 37, 87, 22, 64]
Round 497 | train_loss=0.7687 train_acc=0.7594 test_loss=1.5392 test_acc=0.4257
Round 498 | selected=[70, 87, 92, 69, 10, 34, 7, 68, 6, 67]
Round 498 | train_loss=0.7571 train_acc=0.7428 test_loss=1.3391 test_acc=0.5023
Round 499 | selected=[73, 71, 28, 27, 36, 64, 24, 55, 86, 7]
Round 499 | train_loss=0.7849 train_acc=0.7366 test_loss=1.5414 test_acc=0.4172
Round 500 | selected=[52, 95, 60, 97, 91, 69, 44, 93, 76, 3]
Round 500 | train_loss=0.7096 train_acc=0.7660 test_loss=1.5265 test_acc=0.4624
Saved: track1/results/cifar10/final_seed43/fedprox_alpha01_seed43.csv
COMPLETED: fedprox alpha01 seed=43
