========================================
JOB:       12005746
TASK:      33
ALGORITHM: fedavg
PARTITION: alpha1
SEED:      45
GPU:       0
========================================
Device: cuda
GPU: Tesla V100-PCIE-32GB
Round 0 | test_loss=2.8279 test_acc=0.0938
Round 1 | selected=[84, 96, 49, 52, 68, 55, 73, 51, 79, 50]
Round 1 | train_loss=2.0199 train_acc=0.2820 test_loss=2.2794 test_acc=0.1456
Round 2 | selected=[61, 70, 47, 11, 92, 52, 58, 77, 79, 57]
Round 2 | train_loss=2.0522 train_acc=0.2570 test_loss=2.2025 test_acc=0.1609
Round 3 | selected=[68, 28, 99, 76, 4, 11, 39, 98, 40, 5]
Round 3 | train_loss=1.9312 train_acc=0.3206 test_loss=2.2298 test_acc=0.1733
Round 4 | selected=[26, 11, 9, 16, 70, 81, 96, 73, 29, 19]
Round 4 | train_loss=1.9313 train_acc=0.3206 test_loss=2.1426 test_acc=0.1862
Round 5 | selected=[11, 19, 35, 99, 1, 3, 45, 97, 31, 91]
Round 5 | train_loss=1.9324 train_acc=0.3034 test_loss=2.2537 test_acc=0.2287
Round 6 | selected=[65, 92, 81, 94, 48, 86, 77, 43, 30, 68]
Round 6 | train_loss=1.8023 train_acc=0.3614 test_loss=2.0983 test_acc=0.2226
Round 7 | selected=[35, 74, 98, 56, 37, 62, 89, 49, 80, 13]
Round 7 | train_loss=1.8403 train_acc=0.3612 test_loss=1.9349 test_acc=0.2552
Round 8 | selected=[29, 13, 46, 2, 67, 30, 38, 4, 60, 73]
Round 8 | train_loss=1.7692 train_acc=0.3566 test_loss=1.9268 test_acc=0.2667
Round 9 | selected=[69, 44, 76, 74, 34, 79, 22, 60, 16, 15]
Round 9 | train_loss=1.7118 train_acc=0.3986 test_loss=1.9623 test_acc=0.2608
Round 10 | selected=[8, 64, 44, 23, 48, 9, 69, 1, 29, 86]
Round 10 | train_loss=1.6299 train_acc=0.4368 test_loss=2.0684 test_acc=0.2682
Round 11 | selected=[73, 27, 86, 10, 22, 92, 9, 36, 43, 21]
Round 11 | train_loss=1.7174 train_acc=0.3956 test_loss=2.2586 test_acc=0.2645
Round 12 | selected=[19, 10, 46, 11, 4, 42, 16, 99, 96, 21]
Round 12 | train_loss=1.7594 train_acc=0.3862 test_loss=1.9386 test_acc=0.2474
Round 13 | selected=[31, 94, 27, 21, 48, 46, 69, 72, 24, 19]
Round 13 | train_loss=1.7291 train_acc=0.3952 test_loss=1.9660 test_acc=0.2658
Round 14 | selected=[25, 64, 96, 46, 42, 85, 98, 20, 65, 89]
Round 14 | train_loss=1.6720 train_acc=0.4204 test_loss=2.0575 test_acc=0.2896
Round 15 | selected=[94, 59, 89, 13, 76, 48, 39, 55, 44, 60]
Round 15 | train_loss=1.8162 train_acc=0.3934 test_loss=1.9327 test_acc=0.2831
Round 16 | selected=[44, 33, 28, 69, 36, 32, 46, 3, 35, 5]
Round 16 | train_loss=1.6191 train_acc=0.4466 test_loss=2.2370 test_acc=0.2244
Round 17 | selected=[56, 86, 33, 90, 8, 44, 94, 74, 83, 93]
Round 17 | train_loss=1.7009 train_acc=0.4188 test_loss=2.1891 test_acc=0.2820
Round 18 | selected=[37, 96, 61, 80, 73, 86, 52, 2, 81, 38]
Round 18 | train_loss=1.7750 train_acc=0.3984 test_loss=2.4518 test_acc=0.2761
Round 19 | selected=[66, 82, 91, 49, 25, 42, 15, 74, 75, 13]
Round 19 | train_loss=1.6987 train_acc=0.4616 test_loss=1.8487 test_acc=0.3042
Round 20 | selected=[99, 42, 96, 30, 8, 88, 93, 46, 90, 82]
Round 20 | train_loss=1.5712 train_acc=0.4492 test_loss=2.2101 test_acc=0.2509
Round 21 | selected=[91, 8, 48, 72, 47, 73, 24, 60, 98, 50]
Round 21 | train_loss=1.5902 train_acc=0.4634 test_loss=2.0527 test_acc=0.3077
Round 22 | selected=[77, 27, 23, 18, 4, 45, 66, 71, 72, 51]
Round 22 | train_loss=1.6678 train_acc=0.4226 test_loss=1.7500 test_acc=0.3233
Round 23 | selected=[5, 69, 78, 15, 35, 44, 28, 19, 61, 59]
Round 23 | train_loss=1.5533 train_acc=0.4490 test_loss=1.6516 test_acc=0.3773
Round 24 | selected=[85, 67, 48, 41, 94, 11, 53, 22, 20, 52]
Round 24 | train_loss=1.5581 train_acc=0.4488 test_loss=1.9075 test_acc=0.3314
Round 25 | selected=[46, 96, 40, 57, 45, 30, 99, 94, 9, 5]
Round 25 | train_loss=1.6130 train_acc=0.4172 test_loss=1.6200 test_acc=0.3794
Round 26 | selected=[60, 99, 84, 0, 28, 13, 19, 55, 9, 96]
Round 26 | train_loss=1.4986 train_acc=0.4764 test_loss=1.7745 test_acc=0.3695
Round 27 | selected=[85, 18, 27, 88, 21, 73, 6, 62, 2, 82]
Round 27 | train_loss=1.5573 train_acc=0.4680 test_loss=2.2677 test_acc=0.2591
Round 28 | selected=[59, 40, 9, 65, 22, 53, 44, 72, 79, 45]
Round 28 | train_loss=1.6232 train_acc=0.4694 test_loss=2.1850 test_acc=0.3209
Round 29 | selected=[15, 11, 81, 91, 12, 35, 43, 26, 44, 94]
Round 29 | train_loss=1.7885 train_acc=0.4168 test_loss=1.9562 test_acc=0.3082
Round 30 | selected=[61, 1, 5, 70, 21, 6, 92, 75, 45, 40]
Round 30 | train_loss=1.6020 train_acc=0.4460 test_loss=1.6612 test_acc=0.3713
Round 31 | selected=[3, 14, 15, 90, 86, 96, 47, 45, 63, 10]
Round 31 | train_loss=1.5352 train_acc=0.4832 test_loss=1.9719 test_acc=0.2829
Round 32 | selected=[33, 35, 79, 59, 54, 96, 60, 67, 61, 39]
Round 32 | train_loss=1.4783 train_acc=0.4884 test_loss=2.1251 test_acc=0.3091
Round 33 | selected=[72, 49, 39, 77, 98, 10, 59, 17, 29, 9]
Round 33 | train_loss=1.6703 train_acc=0.4730 test_loss=2.0317 test_acc=0.3300
Round 34 | selected=[15, 59, 57, 88, 60, 13, 70, 47, 76, 26]
Round 34 | train_loss=1.6247 train_acc=0.4384 test_loss=1.8562 test_acc=0.3659
Round 35 | selected=[76, 4, 23, 69, 56, 13, 43, 54, 99, 88]
Round 35 | train_loss=1.5883 train_acc=0.4664 test_loss=1.6431 test_acc=0.4093
Round 36 | selected=[3, 50, 71, 29, 88, 11, 13, 2, 7, 47]
Round 36 | train_loss=1.4890 train_acc=0.4804 test_loss=1.5633 test_acc=0.3932
Round 37 | selected=[47, 27, 28, 8, 2, 88, 30, 16, 45, 60]
Round 37 | train_loss=1.4980 train_acc=0.4716 test_loss=1.5619 test_acc=0.4171
Round 38 | selected=[50, 29, 85, 86, 64, 10, 7, 16, 49, 48]
Round 38 | train_loss=1.3407 train_acc=0.5436 test_loss=1.7794 test_acc=0.3565
Round 39 | selected=[3, 88, 98, 97, 23, 40, 74, 61, 79, 59]
Round 39 | train_loss=1.5400 train_acc=0.4622 test_loss=1.6221 test_acc=0.3974
Round 40 | selected=[29, 47, 55, 25, 13, 65, 91, 10, 8, 89]
Round 40 | train_loss=1.4158 train_acc=0.5152 test_loss=1.9088 test_acc=0.3500
Round 41 | selected=[51, 18, 44, 36, 79, 62, 64, 43, 11, 96]
Round 41 | train_loss=1.5744 train_acc=0.4844 test_loss=2.0710 test_acc=0.3369
Round 42 | selected=[41, 24, 80, 14, 5, 27, 42, 90, 73, 47]
Round 42 | train_loss=1.5719 train_acc=0.4672 test_loss=1.9166 test_acc=0.3211
Round 43 | selected=[23, 81, 54, 52, 62, 9, 6, 38, 79, 2]
Round 43 | train_loss=1.4933 train_acc=0.4822 test_loss=1.6121 test_acc=0.4202
Round 44 | selected=[47, 85, 84, 78, 86, 3, 36, 7, 5, 81]
Round 44 | train_loss=1.5419 train_acc=0.4592 test_loss=1.5410 test_acc=0.4144
Round 45 | selected=[11, 75, 46, 15, 87, 21, 51, 99, 61, 90]
Round 45 | train_loss=1.4960 train_acc=0.4786 test_loss=1.5789 test_acc=0.3897
Round 46 | selected=[69, 76, 10, 45, 22, 62, 23, 65, 12, 3]
Round 46 | train_loss=1.4310 train_acc=0.5136 test_loss=1.9159 test_acc=0.3800
Round 47 | selected=[67, 90, 35, 54, 81, 44, 49, 39, 59, 23]
Round 47 | train_loss=1.5119 train_acc=0.4804 test_loss=1.6146 test_acc=0.4008
Round 48 | selected=[21, 14, 50, 90, 26, 19, 13, 68, 34, 48]
Round 48 | train_loss=1.4013 train_acc=0.5168 test_loss=1.5940 test_acc=0.4232
Round 49 | selected=[54, 25, 65, 52, 28, 81, 63, 5, 74, 91]
Round 49 | train_loss=1.3546 train_acc=0.5246 test_loss=1.4619 test_acc=0.4414
Round 50 | selected=[71, 16, 75, 59, 89, 46, 84, 44, 60, 37]
Round 50 | train_loss=1.4127 train_acc=0.5052 test_loss=1.5778 test_acc=0.4165
Round 51 | selected=[68, 88, 39, 89, 20, 76, 95, 70, 81, 26]
Round 51 | train_loss=1.4929 train_acc=0.4894 test_loss=1.5825 test_acc=0.4414
Round 52 | selected=[2, 9, 53, 58, 82, 81, 77, 74, 40, 95]
Round 52 | train_loss=1.3577 train_acc=0.5306 test_loss=1.7555 test_acc=0.3552
Round 53 | selected=[91, 64, 55, 94, 70, 61, 93, 71, 56, 63]
Round 53 | train_loss=1.5301 train_acc=0.4910 test_loss=2.2029 test_acc=0.3757
Round 54 | selected=[59, 24, 95, 36, 63, 16, 76, 94, 42, 51]
Round 54 | train_loss=1.8824 train_acc=0.4056 test_loss=2.1682 test_acc=0.3560
Round 55 | selected=[2, 85, 78, 67, 42, 69, 86, 31, 90, 57]
Round 55 | train_loss=1.7934 train_acc=0.4482 test_loss=1.8112 test_acc=0.3695
Round 56 | selected=[86, 69, 52, 75, 71, 66, 57, 37, 12, 77]
Round 56 | train_loss=1.4170 train_acc=0.5042 test_loss=1.5795 test_acc=0.4054
Round 57 | selected=[60, 27, 8, 63, 19, 52, 90, 30, 29, 57]
Round 57 | train_loss=1.3769 train_acc=0.5124 test_loss=1.4861 test_acc=0.4350
Round 58 | selected=[44, 8, 64, 25, 74, 77, 42, 81, 43, 55]
Round 58 | train_loss=1.3423 train_acc=0.5330 test_loss=1.6264 test_acc=0.4342
Round 59 | selected=[44, 0, 23, 91, 9, 5, 37, 62, 12, 24]
Round 59 | train_loss=1.4163 train_acc=0.5262 test_loss=2.1908 test_acc=0.4126
Round 60 | selected=[27, 89, 95, 51, 21, 17, 94, 46, 24, 14]
Round 60 | train_loss=1.6793 train_acc=0.4704 test_loss=1.5110 test_acc=0.4416
Round 61 | selected=[3, 17, 86, 96, 49, 24, 78, 79, 92, 14]
Round 61 | train_loss=1.3435 train_acc=0.5456 test_loss=1.4355 test_acc=0.4728
Round 62 | selected=[43, 95, 8, 94, 90, 22, 28, 12, 1, 11]
Round 62 | train_loss=1.3887 train_acc=0.5048 test_loss=1.4569 test_acc=0.4591
Round 63 | selected=[87, 26, 19, 31, 37, 54, 55, 93, 67, 65]
Round 63 | train_loss=1.3983 train_acc=0.5114 test_loss=1.7760 test_acc=0.4068
Round 64 | selected=[37, 76, 80, 61, 9, 65, 84, 69, 95, 72]
Round 64 | train_loss=1.4234 train_acc=0.5294 test_loss=1.5590 test_acc=0.4177
Round 65 | selected=[32, 78, 54, 85, 58, 86, 57, 60, 76, 56]
Round 65 | train_loss=1.4206 train_acc=0.5084 test_loss=1.7976 test_acc=0.3971
Round 66 | selected=[45, 26, 67, 90, 8, 3, 37, 15, 29, 18]
Round 66 | train_loss=1.3278 train_acc=0.5438 test_loss=1.5014 test_acc=0.4458
Round 67 | selected=[18, 35, 94, 9, 30, 39, 48, 97, 19, 96]
Round 67 | train_loss=1.3772 train_acc=0.5130 test_loss=1.5207 test_acc=0.4508
Round 68 | selected=[86, 41, 45, 81, 62, 43, 3, 9, 91, 63]
Round 68 | train_loss=1.2141 train_acc=0.5766 test_loss=1.4431 test_acc=0.4647
Round 69 | selected=[47, 88, 22, 84, 75, 80, 46, 37, 34, 2]
Round 69 | train_loss=1.3388 train_acc=0.5244 test_loss=1.4567 test_acc=0.4649
Round 70 | selected=[81, 48, 10, 38, 56, 21, 69, 85, 53, 5]
Round 70 | train_loss=1.3194 train_acc=0.5514 test_loss=1.4424 test_acc=0.4779
Round 71 | selected=[63, 19, 5, 92, 36, 43, 94, 99, 45, 18]
Round 71 | train_loss=1.3680 train_acc=0.5220 test_loss=1.4918 test_acc=0.4598
Round 72 | selected=[51, 3, 83, 10, 39, 15, 87, 6, 12, 62]
Round 72 | train_loss=1.4064 train_acc=0.5266 test_loss=1.6704 test_acc=0.4126
Round 73 | selected=[3, 70, 15, 1, 83, 5, 94, 77, 24, 75]
Round 73 | train_loss=1.4185 train_acc=0.5078 test_loss=1.5727 test_acc=0.4424
Round 74 | selected=[71, 75, 73, 62, 48, 56, 80, 29, 51, 37]
Round 74 | train_loss=1.2956 train_acc=0.5660 test_loss=1.4648 test_acc=0.4555
Round 75 | selected=[99, 7, 11, 35, 74, 59, 23, 19, 68, 13]
Round 75 | train_loss=1.3135 train_acc=0.5368 test_loss=1.6408 test_acc=0.4420
Round 76 | selected=[85, 57, 37, 71, 18, 9, 47, 58, 66, 2]
Round 76 | train_loss=1.3846 train_acc=0.5306 test_loss=1.7692 test_acc=0.3843
Round 77 | selected=[68, 92, 73, 45, 46, 72, 34, 25, 4, 0]
Round 77 | train_loss=1.3318 train_acc=0.5496 test_loss=1.9965 test_acc=0.3993
Round 78 | selected=[50, 61, 77, 51, 7, 26, 34, 58, 62, 33]
Round 78 | train_loss=1.3725 train_acc=0.5346 test_loss=1.4763 test_acc=0.4668
Round 79 | selected=[40, 68, 80, 67, 84, 74, 25, 93, 19, 14]
Round 79 | train_loss=1.2726 train_acc=0.5608 test_loss=1.4510 test_acc=0.4821
Round 80 | selected=[88, 51, 95, 64, 11, 83, 44, 99, 78, 89]
Round 80 | train_loss=1.3756 train_acc=0.5242 test_loss=1.7218 test_acc=0.4179
Round 81 | selected=[98, 73, 9, 96, 21, 33, 44, 89, 50, 61]
Round 81 | train_loss=1.2930 train_acc=0.5752 test_loss=2.3927 test_acc=0.3199
Round 82 | selected=[58, 51, 48, 54, 80, 38, 20, 83, 6, 14]
Round 82 | train_loss=1.5911 train_acc=0.4954 test_loss=3.2012 test_acc=0.3344
Round 83 | selected=[99, 66, 71, 70, 40, 12, 33, 50, 67, 1]
Round 83 | train_loss=1.8337 train_acc=0.4832 test_loss=2.1653 test_acc=0.3541
Round 84 | selected=[25, 75, 86, 41, 95, 65, 31, 66, 60, 15]
Round 84 | train_loss=1.6550 train_acc=0.4742 test_loss=2.2809 test_acc=0.3991
Round 85 | selected=[26, 73, 10, 18, 86, 79, 39, 97, 0, 76]
Round 85 | train_loss=1.6094 train_acc=0.5106 test_loss=2.0579 test_acc=0.3349
Round 86 | selected=[40, 7, 15, 29, 13, 89, 85, 46, 10, 84]
Round 86 | train_loss=1.3888 train_acc=0.5484 test_loss=1.6137 test_acc=0.4812
Round 87 | selected=[0, 43, 52, 5, 42, 14, 88, 63, 77, 74]
Round 87 | train_loss=1.4053 train_acc=0.5432 test_loss=1.7111 test_acc=0.4179
Round 88 | selected=[45, 9, 95, 94, 75, 33, 12, 25, 36, 24]
Round 88 | train_loss=1.2123 train_acc=0.5712 test_loss=1.3733 test_acc=0.4825
Round 89 | selected=[21, 56, 47, 38, 83, 81, 19, 95, 64, 70]
Round 89 | train_loss=1.2800 train_acc=0.5454 test_loss=1.3993 test_acc=0.4812
Round 90 | selected=[39, 29, 23, 41, 7, 84, 42, 34, 67, 22]
Round 90 | train_loss=1.3327 train_acc=0.5512 test_loss=1.5555 test_acc=0.4570
Round 91 | selected=[56, 60, 6, 0, 17, 95, 23, 48, 29, 87]
Round 91 | train_loss=1.2728 train_acc=0.5694 test_loss=1.5200 test_acc=0.4949
Round 92 | selected=[56, 66, 36, 89, 41, 74, 61, 9, 34, 8]
Round 92 | train_loss=1.3098 train_acc=0.5514 test_loss=1.4630 test_acc=0.4935
Round 93 | selected=[60, 88, 58, 61, 14, 5, 66, 49, 83, 1]
Round 93 | train_loss=1.3325 train_acc=0.5478 test_loss=1.3697 test_acc=0.5150
Round 94 | selected=[59, 44, 52, 11, 32, 4, 81, 91, 6, 3]
Round 94 | train_loss=1.2798 train_acc=0.5560 test_loss=1.2427 test_acc=0.5412
Round 95 | selected=[19, 48, 34, 50, 8, 70, 63, 88, 46, 51]
Round 95 | train_loss=1.1807 train_acc=0.5758 test_loss=1.2721 test_acc=0.5284
Round 96 | selected=[63, 29, 43, 11, 81, 61, 70, 94, 3, 55]
Round 96 | train_loss=1.2676 train_acc=0.5628 test_loss=1.2463 test_acc=0.5377
Round 97 | selected=[39, 40, 22, 32, 12, 34, 67, 3, 35, 50]
Round 97 | train_loss=1.2465 train_acc=0.5756 test_loss=1.2665 test_acc=0.5457
Round 98 | selected=[58, 74, 98, 93, 22, 21, 28, 43, 94, 26]
Round 98 | train_loss=1.2427 train_acc=0.5674 test_loss=1.2865 test_acc=0.5219
Round 99 | selected=[95, 9, 57, 78, 38, 54, 55, 43, 72, 40]
Round 99 | train_loss=1.2099 train_acc=0.5820 test_loss=1.5077 test_acc=0.4795
Round 100 | selected=[66, 84, 7, 3, 17, 72, 23, 11, 91, 57]
Round 100 | train_loss=1.2948 train_acc=0.5554 test_loss=1.4800 test_acc=0.4836
Round 101 | selected=[14, 28, 15, 86, 89, 81, 40, 19, 35, 1]
Round 101 | train_loss=1.2523 train_acc=0.5798 test_loss=1.3803 test_acc=0.5245
Round 102 | selected=[7, 3, 46, 8, 74, 65, 17, 70, 10, 88]
Round 102 | train_loss=1.2619 train_acc=0.5748 test_loss=1.7002 test_acc=0.4465
Round 103 | selected=[11, 33, 62, 32, 95, 9, 12, 77, 35, 28]
Round 103 | train_loss=1.2161 train_acc=0.5832 test_loss=1.8829 test_acc=0.4193
Round 104 | selected=[43, 37, 72, 22, 0, 98, 79, 78, 51, 20]
Round 104 | train_loss=1.2276 train_acc=0.5910 test_loss=2.0093 test_acc=0.4211
Round 105 | selected=[22, 88, 68, 39, 90, 46, 44, 45, 78, 29]
Round 105 | train_loss=1.1563 train_acc=0.5980 test_loss=1.2971 test_acc=0.5194
Round 106 | selected=[38, 39, 34, 99, 78, 42, 37, 2, 10, 45]
Round 106 | train_loss=1.1595 train_acc=0.5976 test_loss=1.3129 test_acc=0.5317
Round 107 | selected=[28, 54, 61, 86, 3, 48, 97, 82, 35, 24]
Round 107 | train_loss=1.1514 train_acc=0.6172 test_loss=1.6190 test_acc=0.4766
Round 108 | selected=[84, 8, 19, 14, 93, 73, 79, 27, 70, 22]
Round 108 | train_loss=1.3818 train_acc=0.5248 test_loss=1.7801 test_acc=0.4624
Round 109 | selected=[53, 66, 15, 37, 76, 57, 80, 40, 13, 83]
Round 109 | train_loss=1.3463 train_acc=0.5594 test_loss=1.4450 test_acc=0.4947
Round 110 | selected=[50, 44, 37, 11, 64, 48, 12, 69, 31, 75]
Round 110 | train_loss=1.2049 train_acc=0.5918 test_loss=1.3874 test_acc=0.4996
Round 111 | selected=[8, 16, 20, 51, 12, 99, 75, 71, 94, 11]
Round 111 | train_loss=1.2679 train_acc=0.5652 test_loss=1.3874 test_acc=0.5119
Round 112 | selected=[38, 98, 73, 46, 9, 93, 90, 97, 8, 25]
Round 112 | train_loss=1.1720 train_acc=0.5948 test_loss=1.2606 test_acc=0.5429
Round 113 | selected=[38, 99, 89, 63, 90, 9, 69, 67, 40, 56]
Round 113 | train_loss=1.0951 train_acc=0.6264 test_loss=1.3641 test_acc=0.5274
Round 114 | selected=[36, 91, 82, 59, 87, 61, 75, 85, 3, 83]
Round 114 | train_loss=1.0941 train_acc=0.6248 test_loss=1.2547 test_acc=0.5483
Round 115 | selected=[52, 71, 12, 3, 5, 27, 90, 87, 15, 55]
Round 115 | train_loss=1.1778 train_acc=0.5884 test_loss=1.2598 test_acc=0.5364
Round 116 | selected=[83, 74, 2, 68, 5, 40, 73, 69, 92, 78]
Round 116 | train_loss=1.1760 train_acc=0.5892 test_loss=1.3189 test_acc=0.5345
Round 117 | selected=[29, 36, 35, 63, 92, 71, 51, 84, 7, 25]
Round 117 | train_loss=1.2286 train_acc=0.5852 test_loss=1.6354 test_acc=0.4664
Round 118 | selected=[2, 95, 88, 35, 43, 7, 38, 79, 48, 74]
Round 118 | train_loss=1.2370 train_acc=0.5842 test_loss=1.3339 test_acc=0.5280
Round 119 | selected=[67, 37, 65, 53, 79, 34, 94, 15, 13, 62]
Round 119 | train_loss=1.2094 train_acc=0.5958 test_loss=1.6997 test_acc=0.4461
Round 120 | selected=[1, 35, 6, 65, 51, 7, 31, 94, 77, 71]
Round 120 | train_loss=1.1983 train_acc=0.5820 test_loss=1.1089 test_acc=0.5935
Round 121 | selected=[90, 76, 30, 20, 69, 92, 67, 72, 58, 35]
Round 121 | train_loss=1.1519 train_acc=0.6092 test_loss=1.2812 test_acc=0.5391
Round 122 | selected=[49, 66, 29, 55, 18, 54, 57, 77, 14, 27]
Round 122 | train_loss=1.1780 train_acc=0.5902 test_loss=1.4420 test_acc=0.4938
Round 123 | selected=[9, 36, 44, 73, 23, 64, 58, 4, 95, 87]
Round 123 | train_loss=1.1316 train_acc=0.6180 test_loss=1.3960 test_acc=0.5258
Round 124 | selected=[13, 0, 76, 96, 59, 36, 72, 68, 4, 20]
Round 124 | train_loss=1.1264 train_acc=0.6132 test_loss=1.2259 test_acc=0.5589
Round 125 | selected=[48, 37, 94, 90, 25, 92, 95, 79, 59, 46]
Round 125 | train_loss=1.1069 train_acc=0.6222 test_loss=1.3050 test_acc=0.5544
Round 126 | selected=[77, 88, 94, 4, 9, 24, 80, 32, 75, 39]
Round 126 | train_loss=1.1435 train_acc=0.5960 test_loss=1.3478 test_acc=0.5271
Round 127 | selected=[76, 91, 89, 54, 79, 92, 15, 94, 68, 85]
Round 127 | train_loss=1.1445 train_acc=0.6104 test_loss=2.3459 test_acc=0.3799
Round 128 | selected=[62, 49, 80, 96, 68, 12, 95, 71, 2, 47]
Round 128 | train_loss=1.2444 train_acc=0.5732 test_loss=1.8076 test_acc=0.4722
Round 129 | selected=[69, 99, 82, 43, 34, 3, 73, 4, 77, 96]
Round 129 | train_loss=1.1838 train_acc=0.6104 test_loss=1.4964 test_acc=0.5006
Round 130 | selected=[1, 38, 37, 7, 78, 21, 42, 54, 18, 99]
Round 130 | train_loss=1.1849 train_acc=0.5924 test_loss=1.3348 test_acc=0.5397
Round 131 | selected=[11, 71, 57, 27, 98, 19, 89, 30, 44, 50]
Round 131 | train_loss=1.1655 train_acc=0.5924 test_loss=1.2289 test_acc=0.5718
Round 132 | selected=[25, 57, 74, 87, 17, 99, 61, 68, 0, 12]
Round 132 | train_loss=1.0585 train_acc=0.6330 test_loss=1.2354 test_acc=0.5674
Round 133 | selected=[18, 39, 13, 63, 29, 41, 45, 17, 20, 3]
Round 133 | train_loss=1.0866 train_acc=0.6276 test_loss=1.1087 test_acc=0.6016
Round 134 | selected=[93, 62, 95, 33, 77, 1, 67, 73, 35, 43]
Round 134 | train_loss=1.0247 train_acc=0.6418 test_loss=1.2625 test_acc=0.5443
Round 135 | selected=[57, 38, 58, 16, 23, 7, 70, 76, 5, 4]
Round 135 | train_loss=1.1620 train_acc=0.5874 test_loss=1.4456 test_acc=0.5217
Round 136 | selected=[20, 8, 56, 19, 18, 47, 61, 66, 84, 62]
Round 136 | train_loss=1.1757 train_acc=0.5874 test_loss=1.2109 test_acc=0.5750
Round 137 | selected=[45, 3, 78, 20, 36, 51, 98, 89, 41, 29]
Round 137 | train_loss=1.0491 train_acc=0.6384 test_loss=1.1576 test_acc=0.5955
Round 138 | selected=[37, 71, 8, 7, 28, 96, 38, 22, 94, 60]
Round 138 | train_loss=1.0381 train_acc=0.6408 test_loss=1.0966 test_acc=0.5962
Round 139 | selected=[42, 47, 54, 72, 48, 60, 12, 79, 87, 86]
Round 139 | train_loss=1.0409 train_acc=0.6476 test_loss=1.2830 test_acc=0.5479
Round 140 | selected=[75, 11, 90, 15, 6, 58, 63, 8, 25, 84]
Round 140 | train_loss=1.1458 train_acc=0.5998 test_loss=1.3053 test_acc=0.5523
Round 141 | selected=[62, 37, 94, 51, 95, 0, 82, 29, 74, 83]
Round 141 | train_loss=1.0997 train_acc=0.6316 test_loss=1.5173 test_acc=0.4950
Round 142 | selected=[47, 95, 64, 30, 55, 32, 24, 71, 73, 90]
Round 142 | train_loss=1.1691 train_acc=0.6030 test_loss=1.7903 test_acc=0.4724
Round 143 | selected=[37, 12, 10, 30, 20, 38, 66, 34, 0, 50]
Round 143 | train_loss=1.1450 train_acc=0.6182 test_loss=1.4386 test_acc=0.5565
Round 144 | selected=[17, 26, 43, 32, 49, 95, 66, 2, 5, 83]
Round 144 | train_loss=1.1834 train_acc=0.5938 test_loss=1.5437 test_acc=0.5315
Round 145 | selected=[3, 94, 98, 88, 50, 54, 40, 38, 80, 49]
Round 145 | train_loss=1.0828 train_acc=0.6238 test_loss=1.2161 test_acc=0.5794
Round 146 | selected=[75, 36, 71, 76, 48, 3, 57, 14, 27, 74]
Round 146 | train_loss=1.1998 train_acc=0.5936 test_loss=1.2993 test_acc=0.5344
Round 147 | selected=[31, 9, 45, 81, 14, 95, 62, 5, 69, 34]
Round 147 | train_loss=1.1313 train_acc=0.6164 test_loss=1.2819 test_acc=0.5657
Round 148 | selected=[50, 74, 99, 1, 20, 70, 58, 59, 83, 80]
Round 148 | train_loss=1.0965 train_acc=0.6294 test_loss=1.1914 test_acc=0.5829
Round 149 | selected=[46, 79, 54, 41, 43, 83, 40, 50, 1, 18]
Round 149 | train_loss=1.0663 train_acc=0.6480 test_loss=1.3561 test_acc=0.5329
Round 150 | selected=[70, 53, 4, 36, 68, 28, 16, 47, 17, 38]
Round 150 | train_loss=1.0593 train_acc=0.6364 test_loss=1.7024 test_acc=0.5018
Round 151 | selected=[24, 79, 58, 50, 38, 45, 59, 9, 27, 7]
Round 151 | train_loss=1.0467 train_acc=0.6444 test_loss=1.1827 test_acc=0.5775
Round 152 | selected=[95, 74, 41, 81, 55, 22, 62, 25, 17, 34]
Round 152 | train_loss=1.0322 train_acc=0.6450 test_loss=1.0864 test_acc=0.6130
Round 153 | selected=[28, 98, 99, 27, 65, 71, 17, 95, 6, 46]
Round 153 | train_loss=1.0471 train_acc=0.6398 test_loss=1.1595 test_acc=0.5908
Round 154 | selected=[13, 56, 26, 83, 48, 65, 12, 14, 32, 41]
Round 154 | train_loss=1.0378 train_acc=0.6432 test_loss=1.2796 test_acc=0.5462
Round 155 | selected=[5, 74, 68, 19, 71, 80, 69, 11, 96, 90]
Round 155 | train_loss=1.0721 train_acc=0.6284 test_loss=1.2768 test_acc=0.5563
Round 156 | selected=[58, 94, 30, 45, 14, 50, 66, 84, 85, 57]
Round 156 | train_loss=1.1789 train_acc=0.5954 test_loss=1.5226 test_acc=0.4946
Round 157 | selected=[78, 23, 56, 99, 68, 17, 58, 76, 7, 74]
Round 157 | train_loss=1.0735 train_acc=0.6358 test_loss=1.4190 test_acc=0.5300
Round 158 | selected=[0, 12, 93, 19, 41, 28, 86, 31, 96, 54]
Round 158 | train_loss=1.1012 train_acc=0.6250 test_loss=1.2784 test_acc=0.5825
Round 159 | selected=[85, 14, 35, 56, 59, 94, 9, 43, 72, 89]
Round 159 | train_loss=1.0614 train_acc=0.6324 test_loss=1.5951 test_acc=0.5164
Round 160 | selected=[13, 59, 24, 85, 19, 32, 3, 79, 25, 68]
Round 160 | train_loss=1.0136 train_acc=0.6568 test_loss=1.1590 test_acc=0.5950
Round 161 | selected=[6, 97, 95, 9, 96, 5, 81, 65, 42, 43]
Round 161 | train_loss=1.0604 train_acc=0.6338 test_loss=1.1773 test_acc=0.5846
Round 162 | selected=[18, 6, 24, 95, 26, 58, 19, 46, 44, 41]
Round 162 | train_loss=1.0660 train_acc=0.6346 test_loss=1.0618 test_acc=0.6225
Round 163 | selected=[84, 5, 85, 80, 3, 21, 92, 75, 76, 98]
Round 163 | train_loss=1.0962 train_acc=0.6196 test_loss=1.0073 test_acc=0.6301
Round 164 | selected=[26, 17, 54, 89, 51, 44, 23, 73, 82, 24]
Round 164 | train_loss=1.0175 train_acc=0.6712 test_loss=1.1708 test_acc=0.5991
Round 165 | selected=[33, 12, 19, 10, 1, 27, 96, 17, 25, 97]
Round 165 | train_loss=1.0048 train_acc=0.6566 test_loss=1.4603 test_acc=0.5275
Round 166 | selected=[68, 62, 0, 59, 86, 63, 94, 33, 67, 10]
Round 166 | train_loss=0.9518 train_acc=0.6724 test_loss=1.3492 test_acc=0.5614
Round 167 | selected=[61, 64, 89, 30, 19, 44, 2, 97, 15, 37]
Round 167 | train_loss=1.0166 train_acc=0.6588 test_loss=1.1302 test_acc=0.5965
Round 168 | selected=[11, 52, 21, 99, 83, 30, 62, 61, 10, 74]
Round 168 | train_loss=1.0265 train_acc=0.6454 test_loss=1.0636 test_acc=0.6223
Round 169 | selected=[74, 1, 75, 34, 21, 9, 6, 85, 65, 13]
Round 169 | train_loss=0.9709 train_acc=0.6694 test_loss=1.0383 test_acc=0.6338
Round 170 | selected=[35, 86, 45, 12, 49, 13, 10, 43, 32, 88]
Round 170 | train_loss=1.0071 train_acc=0.6530 test_loss=1.1876 test_acc=0.5858
Round 171 | selected=[89, 42, 46, 19, 77, 59, 44, 17, 71, 6]
Round 171 | train_loss=1.0523 train_acc=0.6412 test_loss=1.3402 test_acc=0.5650
Round 172 | selected=[35, 65, 4, 72, 29, 46, 44, 56, 61, 87]
Round 172 | train_loss=0.9520 train_acc=0.6726 test_loss=1.0497 test_acc=0.6198
Round 173 | selected=[67, 56, 34, 48, 77, 44, 16, 1, 83, 19]
Round 173 | train_loss=0.9270 train_acc=0.6892 test_loss=0.9513 test_acc=0.6561
Round 174 | selected=[41, 30, 8, 94, 74, 96, 90, 79, 61, 15]
Round 174 | train_loss=0.9964 train_acc=0.6488 test_loss=1.0507 test_acc=0.6280
Round 175 | selected=[90, 45, 16, 55, 47, 69, 9, 80, 76, 62]
Round 175 | train_loss=0.9612 train_acc=0.6608 test_loss=1.1603 test_acc=0.5960
Round 176 | selected=[68, 7, 87, 9, 48, 37, 90, 12, 67, 32]
Round 176 | train_loss=0.9186 train_acc=0.6860 test_loss=1.1362 test_acc=0.6004
Round 177 | selected=[99, 89, 94, 88, 25, 84, 97, 2, 15, 74]
Round 177 | train_loss=1.0486 train_acc=0.6494 test_loss=0.9966 test_acc=0.6393
Round 178 | selected=[93, 26, 75, 83, 25, 50, 65, 1, 96, 22]
Round 178 | train_loss=0.9210 train_acc=0.6804 test_loss=0.9638 test_acc=0.6587
Round 179 | selected=[24, 18, 13, 21, 55, 11, 73, 30, 10, 16]
Round 179 | train_loss=1.0252 train_acc=0.6532 test_loss=1.3195 test_acc=0.5608
Round 180 | selected=[88, 6, 34, 3, 1, 58, 21, 42, 47, 81]
Round 180 | train_loss=1.0829 train_acc=0.6378 test_loss=1.6686 test_acc=0.5362
Round 181 | selected=[51, 56, 29, 6, 20, 64, 75, 30, 16, 94]
Round 181 | train_loss=1.0401 train_acc=0.6570 test_loss=1.1666 test_acc=0.5951
Round 182 | selected=[1, 25, 75, 80, 95, 72, 43, 11, 24, 99]
Round 182 | train_loss=1.0608 train_acc=0.6304 test_loss=1.1709 test_acc=0.5958
Round 183 | selected=[63, 11, 60, 61, 95, 8, 32, 94, 55, 24]
Round 183 | train_loss=1.0898 train_acc=0.6322 test_loss=1.1122 test_acc=0.6125
Round 184 | selected=[39, 8, 43, 50, 12, 22, 23, 52, 75, 25]
Round 184 | train_loss=1.0260 train_acc=0.6476 test_loss=1.0024 test_acc=0.6467
Round 185 | selected=[71, 46, 83, 90, 55, 24, 8, 30, 87, 63]
Round 185 | train_loss=1.0015 train_acc=0.6530 test_loss=1.0132 test_acc=0.6372
Round 186 | selected=[67, 66, 36, 50, 78, 90, 99, 44, 33, 37]
Round 186 | train_loss=0.9885 train_acc=0.6630 test_loss=1.3077 test_acc=0.5717
Round 187 | selected=[53, 45, 0, 89, 5, 68, 18, 92, 54, 74]
Round 187 | train_loss=1.1439 train_acc=0.6164 test_loss=1.1891 test_acc=0.6045
Round 188 | selected=[7, 80, 22, 17, 66, 79, 87, 63, 33, 64]
Round 188 | train_loss=0.9956 train_acc=0.6714 test_loss=1.2116 test_acc=0.5751
Round 189 | selected=[39, 59, 66, 51, 90, 86, 31, 81, 26, 6]
Round 189 | train_loss=1.2167 train_acc=0.5962 test_loss=1.3721 test_acc=0.5368
Round 190 | selected=[97, 30, 67, 35, 51, 96, 80, 81, 44, 71]
Round 190 | train_loss=1.0944 train_acc=0.6370 test_loss=1.1484 test_acc=0.5983
Round 191 | selected=[49, 54, 28, 75, 89, 61, 77, 43, 0, 53]
Round 191 | train_loss=0.9738 train_acc=0.6698 test_loss=1.0283 test_acc=0.6320
Round 192 | selected=[48, 60, 6, 66, 29, 63, 77, 55, 2, 82]
Round 192 | train_loss=0.9127 train_acc=0.6938 test_loss=1.1723 test_acc=0.5888
Round 193 | selected=[56, 48, 24, 58, 97, 75, 60, 31, 68, 63]
Round 193 | train_loss=0.9453 train_acc=0.6762 test_loss=1.0989 test_acc=0.6214
Round 194 | selected=[67, 61, 34, 64, 91, 3, 99, 80, 32, 26]
Round 194 | train_loss=0.9596 train_acc=0.6732 test_loss=1.0736 test_acc=0.6126
Round 195 | selected=[36, 3, 1, 7, 60, 11, 19, 23, 9, 57]
Round 195 | train_loss=1.0047 train_acc=0.6564 test_loss=1.1594 test_acc=0.5886
Round 196 | selected=[63, 0, 41, 36, 78, 85, 19, 49, 13, 55]
Round 196 | train_loss=1.0118 train_acc=0.6528 test_loss=1.3382 test_acc=0.5723
Round 197 | selected=[39, 25, 22, 27, 14, 99, 73, 93, 96, 88]
Round 197 | train_loss=1.0040 train_acc=0.6536 test_loss=1.2648 test_acc=0.5757
Round 198 | selected=[42, 89, 50, 4, 56, 86, 2, 19, 67, 10]
Round 198 | train_loss=0.9427 train_acc=0.6776 test_loss=1.1553 test_acc=0.6055
Round 199 | selected=[72, 81, 34, 35, 50, 49, 55, 67, 69, 28]
Round 199 | train_loss=0.9387 train_acc=0.6812 test_loss=1.3220 test_acc=0.5810
Round 200 | selected=[65, 93, 92, 19, 98, 27, 43, 59, 56, 62]
Round 200 | train_loss=0.9279 train_acc=0.6762 test_loss=1.0649 test_acc=0.6199
Round 201 | selected=[48, 14, 1, 11, 26, 68, 8, 52, 32, 66]
Round 201 | train_loss=0.9295 train_acc=0.6846 test_loss=1.0274 test_acc=0.6346
Round 202 | selected=[22, 4, 74, 1, 76, 12, 68, 81, 5, 98]
Round 202 | train_loss=0.9444 train_acc=0.6800 test_loss=0.9090 test_acc=0.6709
Round 203 | selected=[9, 18, 69, 47, 74, 0, 88, 71, 75, 34]
Round 203 | train_loss=0.9520 train_acc=0.6768 test_loss=1.0291 test_acc=0.6419
Round 204 | selected=[45, 67, 86, 7, 8, 65, 36, 9, 46, 11]
Round 204 | train_loss=0.9219 train_acc=0.6932 test_loss=1.1772 test_acc=0.5963
Round 205 | selected=[53, 57, 76, 29, 13, 84, 98, 10, 38, 18]
Round 205 | train_loss=1.0171 train_acc=0.6568 test_loss=1.1712 test_acc=0.5925
Round 206 | selected=[59, 89, 44, 39, 58, 94, 2, 26, 81, 87]
Round 206 | train_loss=0.9830 train_acc=0.6634 test_loss=1.0427 test_acc=0.6435
Round 207 | selected=[72, 57, 60, 22, 47, 69, 21, 61, 46, 35]
Round 207 | train_loss=1.0022 train_acc=0.6566 test_loss=1.1414 test_acc=0.6026
Round 208 | selected=[86, 88, 12, 90, 15, 13, 10, 5, 54, 29]
Round 208 | train_loss=0.9854 train_acc=0.6708 test_loss=1.0847 test_acc=0.6403
Round 209 | selected=[42, 19, 53, 43, 77, 70, 7, 94, 87, 15]
Round 209 | train_loss=0.9339 train_acc=0.6682 test_loss=0.9311 test_acc=0.6727
Round 210 | selected=[30, 7, 46, 85, 87, 40, 63, 12, 15, 16]
Round 210 | train_loss=0.9096 train_acc=0.6812 test_loss=0.9316 test_acc=0.6684
Round 211 | selected=[3, 5, 70, 7, 60, 24, 51, 4, 35, 21]
Round 211 | train_loss=0.9263 train_acc=0.6786 test_loss=1.1878 test_acc=0.5986
Round 212 | selected=[0, 36, 46, 44, 88, 11, 83, 15, 77, 50]
Round 212 | train_loss=0.9166 train_acc=0.6840 test_loss=1.0026 test_acc=0.6488
Round 213 | selected=[42, 58, 19, 39, 49, 53, 83, 23, 25, 7]
Round 213 | train_loss=0.9002 train_acc=0.6808 test_loss=0.9848 test_acc=0.6490
Round 214 | selected=[36, 55, 29, 12, 88, 44, 63, 57, 69, 50]
Round 214 | train_loss=0.8907 train_acc=0.6888 test_loss=0.9999 test_acc=0.6492
Round 215 | selected=[63, 89, 71, 37, 59, 88, 69, 93, 95, 72]
Round 215 | train_loss=0.9407 train_acc=0.6720 test_loss=1.2152 test_acc=0.5778
Round 216 | selected=[28, 18, 95, 50, 14, 17, 24, 92, 73, 49]
Round 216 | train_loss=1.0757 train_acc=0.6474 test_loss=1.7092 test_acc=0.5375
Round 217 | selected=[69, 46, 18, 26, 39, 6, 70, 22, 83, 11]
Round 217 | train_loss=1.2085 train_acc=0.5980 test_loss=1.6390 test_acc=0.4873
Round 218 | selected=[59, 16, 4, 83, 18, 63, 36, 11, 1, 85]
Round 218 | train_loss=1.1766 train_acc=0.6132 test_loss=1.6378 test_acc=0.5436
Round 219 | selected=[3, 63, 98, 99, 81, 93, 74, 25, 47, 28]
Round 219 | train_loss=1.0114 train_acc=0.6588 test_loss=1.1468 test_acc=0.6098
Round 220 | selected=[92, 14, 37, 19, 8, 36, 9, 65, 58, 10]
Round 220 | train_loss=0.9165 train_acc=0.6938 test_loss=1.2175 test_acc=0.5971
Round 221 | selected=[54, 60, 8, 71, 75, 43, 19, 81, 64, 58]
Round 221 | train_loss=1.0355 train_acc=0.6482 test_loss=1.3285 test_acc=0.5739
Round 222 | selected=[11, 84, 10, 39, 0, 36, 58, 92, 77, 66]
Round 222 | train_loss=1.0580 train_acc=0.6446 test_loss=1.2565 test_acc=0.5833
Round 223 | selected=[51, 75, 84, 87, 77, 31, 54, 38, 15, 29]
Round 223 | train_loss=0.9659 train_acc=0.6720 test_loss=1.4380 test_acc=0.5510
Round 224 | selected=[42, 54, 89, 3, 32, 49, 12, 61, 82, 68]
Round 224 | train_loss=0.9848 train_acc=0.6874 test_loss=1.5135 test_acc=0.5311
Round 225 | selected=[26, 79, 18, 19, 38, 89, 53, 86, 29, 51]
Round 225 | train_loss=1.0511 train_acc=0.6554 test_loss=2.1629 test_acc=0.5016
Round 226 | selected=[51, 18, 99, 33, 28, 72, 34, 27, 26, 75]
Round 226 | train_loss=0.9949 train_acc=0.6806 test_loss=1.3858 test_acc=0.5295
Round 227 | selected=[24, 37, 5, 23, 38, 6, 78, 80, 66, 0]
Round 227 | train_loss=0.9249 train_acc=0.6870 test_loss=0.9427 test_acc=0.6689
Round 228 | selected=[72, 37, 51, 6, 63, 90, 49, 22, 56, 92]
Round 228 | train_loss=0.8517 train_acc=0.7054 test_loss=0.9021 test_acc=0.6774
Round 229 | selected=[27, 34, 70, 12, 99, 76, 48, 98, 26, 42]
Round 229 | train_loss=0.9702 train_acc=0.6642 test_loss=1.0054 test_acc=0.6508
Round 230 | selected=[22, 92, 19, 6, 28, 78, 98, 43, 83, 74]
Round 230 | train_loss=0.8908 train_acc=0.6856 test_loss=1.1474 test_acc=0.6180
Round 231 | selected=[71, 16, 18, 51, 63, 39, 86, 15, 25, 45]
Round 231 | train_loss=0.9355 train_acc=0.6774 test_loss=1.0912 test_acc=0.6278
Round 232 | selected=[56, 66, 7, 43, 6, 84, 24, 60, 0, 15]
Round 232 | train_loss=0.8998 train_acc=0.6908 test_loss=0.8956 test_acc=0.6893
Round 233 | selected=[51, 58, 46, 86, 28, 47, 32, 92, 64, 56]
Round 233 | train_loss=0.8176 train_acc=0.7214 test_loss=1.0242 test_acc=0.6544
Round 234 | selected=[34, 87, 21, 85, 8, 32, 43, 73, 55, 74]
Round 234 | train_loss=0.8569 train_acc=0.7036 test_loss=0.9501 test_acc=0.6647
Round 235 | selected=[63, 38, 29, 96, 51, 94, 16, 25, 30, 36]
Round 235 | train_loss=0.8444 train_acc=0.7094 test_loss=0.8675 test_acc=0.6927
Round 236 | selected=[29, 97, 82, 88, 15, 98, 0, 95, 67, 41]
Round 236 | train_loss=0.8709 train_acc=0.7202 test_loss=1.1000 test_acc=0.6110
Round 237 | selected=[2, 43, 91, 7, 80, 51, 82, 78, 92, 76]
Round 237 | train_loss=0.8460 train_acc=0.7074 test_loss=1.0132 test_acc=0.6548
Round 238 | selected=[31, 43, 0, 6, 21, 47, 57, 88, 83, 25]
Round 238 | train_loss=0.9117 train_acc=0.6954 test_loss=0.9738 test_acc=0.6611
Round 239 | selected=[82, 33, 25, 68, 10, 87, 62, 56, 81, 23]
Round 239 | train_loss=0.7558 train_acc=0.7460 test_loss=1.3011 test_acc=0.5689
Round 240 | selected=[51, 69, 73, 10, 67, 24, 50, 41, 43, 58]
Round 240 | train_loss=0.9080 train_acc=0.7024 test_loss=1.1893 test_acc=0.5922
Round 241 | selected=[4, 49, 89, 19, 29, 9, 45, 22, 0, 18]
Round 241 | train_loss=0.8366 train_acc=0.7114 test_loss=0.9281 test_acc=0.6780
Round 242 | selected=[88, 17, 67, 51, 56, 49, 59, 14, 10, 45]
Round 242 | train_loss=0.8540 train_acc=0.7100 test_loss=0.9622 test_acc=0.6671
Round 243 | selected=[75, 16, 36, 70, 17, 5, 53, 14, 47, 66]
Round 243 | train_loss=0.8947 train_acc=0.6962 test_loss=0.9722 test_acc=0.6571
Round 244 | selected=[8, 40, 45, 53, 32, 55, 25, 12, 87, 91]
Round 244 | train_loss=0.8076 train_acc=0.7210 test_loss=1.0545 test_acc=0.6372
Round 245 | selected=[56, 87, 80, 82, 68, 75, 2, 53, 64, 6]
Round 245 | train_loss=0.7710 train_acc=0.7448 test_loss=0.9458 test_acc=0.6678
Round 246 | selected=[55, 95, 57, 32, 33, 35, 96, 0, 5, 50]
Round 246 | train_loss=0.8958 train_acc=0.6986 test_loss=1.0461 test_acc=0.6414
Round 247 | selected=[89, 42, 97, 18, 61, 10, 12, 80, 77, 4]
Round 247 | train_loss=0.9051 train_acc=0.6900 test_loss=1.0011 test_acc=0.6500
Round 248 | selected=[31, 76, 62, 86, 32, 20, 71, 72, 5, 21]
Round 248 | train_loss=0.9239 train_acc=0.6884 test_loss=1.0430 test_acc=0.6418
Round 249 | selected=[27, 75, 3, 19, 92, 94, 41, 7, 24, 32]
Round 249 | train_loss=0.8678 train_acc=0.6916 test_loss=1.0070 test_acc=0.6424
Round 250 | selected=[87, 36, 46, 53, 56, 34, 17, 33, 25, 49]
Round 250 | train_loss=0.7600 train_acc=0.7368 test_loss=0.9304 test_acc=0.6705
Round 251 | selected=[5, 53, 59, 49, 78, 71, 4, 70, 66, 76]
Round 251 | train_loss=0.9605 train_acc=0.6642 test_loss=1.0405 test_acc=0.6380
Round 252 | selected=[77, 33, 1, 71, 67, 70, 22, 75, 27, 48]
Round 252 | train_loss=0.8075 train_acc=0.7146 test_loss=1.0319 test_acc=0.6502
Round 253 | selected=[32, 63, 85, 55, 47, 93, 15, 46, 2, 13]
Round 253 | train_loss=0.8911 train_acc=0.6894 test_loss=1.0055 test_acc=0.6480
Round 254 | selected=[35, 38, 68, 58, 91, 59, 82, 69, 75, 81]
Round 254 | train_loss=0.8300 train_acc=0.7240 test_loss=1.5457 test_acc=0.5369
Round 255 | selected=[37, 30, 71, 7, 40, 60, 64, 74, 72, 79]
Round 255 | train_loss=0.8756 train_acc=0.6980 test_loss=1.2266 test_acc=0.5939
Round 256 | selected=[91, 66, 73, 33, 84, 22, 99, 32, 75, 1]
Round 256 | train_loss=0.8168 train_acc=0.7202 test_loss=1.1183 test_acc=0.6114
Round 257 | selected=[23, 36, 53, 18, 33, 70, 9, 80, 96, 20]
Round 257 | train_loss=0.8095 train_acc=0.7296 test_loss=1.0695 test_acc=0.6288
Round 258 | selected=[33, 47, 48, 59, 76, 8, 17, 45, 81, 23]
Round 258 | train_loss=0.8303 train_acc=0.7160 test_loss=1.1438 test_acc=0.6190
Round 259 | selected=[95, 97, 84, 45, 26, 53, 65, 92, 5, 60]
Round 259 | train_loss=0.8870 train_acc=0.6990 test_loss=0.8736 test_acc=0.6868
Round 260 | selected=[46, 69, 36, 77, 30, 71, 72, 81, 43, 27]
Round 260 | train_loss=0.8571 train_acc=0.6950 test_loss=0.9244 test_acc=0.6738
Round 261 | selected=[0, 18, 32, 17, 80, 3, 23, 58, 73, 19]
Round 261 | train_loss=0.8240 train_acc=0.7180 test_loss=0.9445 test_acc=0.6644
Round 262 | selected=[80, 30, 37, 28, 68, 96, 18, 57, 97, 27]
Round 262 | train_loss=0.8566 train_acc=0.7094 test_loss=0.8831 test_acc=0.6895
Round 263 | selected=[3, 46, 10, 17, 24, 66, 75, 36, 62, 14]
Round 263 | train_loss=0.9118 train_acc=0.6930 test_loss=1.0920 test_acc=0.6305
Round 264 | selected=[11, 56, 23, 12, 73, 55, 41, 75, 92, 64]
Round 264 | train_loss=0.8083 train_acc=0.7266 test_loss=0.8058 test_acc=0.7177
Round 265 | selected=[19, 93, 29, 59, 50, 24, 96, 75, 16, 23]
Round 265 | train_loss=0.7834 train_acc=0.7222 test_loss=0.8586 test_acc=0.6961
Round 266 | selected=[66, 62, 0, 92, 56, 22, 67, 91, 88, 34]
Round 266 | train_loss=0.7887 train_acc=0.7324 test_loss=0.8648 test_acc=0.6977
Round 267 | selected=[40, 31, 96, 76, 72, 0, 54, 69, 52, 29]
Round 267 | train_loss=0.8444 train_acc=0.7124 test_loss=0.8500 test_acc=0.6993
Round 268 | selected=[25, 58, 64, 4, 97, 83, 17, 78, 50, 77]
Round 268 | train_loss=0.8630 train_acc=0.7072 test_loss=1.0421 test_acc=0.6541
Round 269 | selected=[20, 30, 81, 11, 76, 77, 49, 88, 75, 23]
Round 269 | train_loss=0.8681 train_acc=0.7020 test_loss=0.7982 test_acc=0.7142
Round 270 | selected=[81, 92, 39, 1, 62, 28, 19, 91, 80, 69]
Round 270 | train_loss=0.7941 train_acc=0.7296 test_loss=0.7888 test_acc=0.7199
Round 271 | selected=[61, 17, 39, 59, 67, 57, 81, 66, 29, 28]
Round 271 | train_loss=0.7872 train_acc=0.7316 test_loss=0.8306 test_acc=0.7042
Round 272 | selected=[63, 42, 80, 78, 36, 83, 17, 84, 43, 93]
Round 272 | train_loss=0.8475 train_acc=0.7054 test_loss=0.9232 test_acc=0.6804
Round 273 | selected=[16, 69, 98, 24, 35, 13, 56, 10, 55, 65]
Round 273 | train_loss=0.7941 train_acc=0.7280 test_loss=0.8847 test_acc=0.6929
Round 274 | selected=[35, 86, 50, 82, 5, 47, 63, 91, 11, 19]
Round 274 | train_loss=0.8072 train_acc=0.7264 test_loss=0.9903 test_acc=0.6565
Round 275 | selected=[2, 12, 33, 17, 1, 62, 47, 6, 58, 91]
Round 275 | train_loss=0.7909 train_acc=0.7232 test_loss=0.9108 test_acc=0.6783
Round 276 | selected=[86, 31, 87, 77, 78, 83, 14, 91, 62, 38]
Round 276 | train_loss=0.7929 train_acc=0.7320 test_loss=0.8113 test_acc=0.7093
Round 277 | selected=[6, 13, 27, 15, 78, 16, 89, 21, 69, 68]
Round 277 | train_loss=0.8808 train_acc=0.6990 test_loss=1.0612 test_acc=0.6345
Round 278 | selected=[30, 68, 21, 98, 81, 52, 61, 78, 95, 48]
Round 278 | train_loss=0.8372 train_acc=0.7162 test_loss=0.9351 test_acc=0.6770
Round 279 | selected=[67, 93, 74, 79, 3, 89, 17, 33, 85, 70]
Round 279 | train_loss=0.7995 train_acc=0.7224 test_loss=1.0645 test_acc=0.6318
Round 280 | selected=[82, 22, 0, 83, 76, 52, 53, 27, 69, 65]
Round 280 | train_loss=0.7968 train_acc=0.7288 test_loss=0.8702 test_acc=0.6976
Round 281 | selected=[42, 73, 78, 93, 48, 84, 26, 19, 17, 7]
Round 281 | train_loss=0.8345 train_acc=0.7138 test_loss=0.9085 test_acc=0.6848
Round 282 | selected=[16, 0, 87, 31, 62, 74, 50, 48, 10, 54]
Round 282 | train_loss=0.7811 train_acc=0.7410 test_loss=0.8135 test_acc=0.7179
Round 283 | selected=[31, 89, 64, 51, 1, 68, 61, 23, 91, 2]
Round 283 | train_loss=0.7386 train_acc=0.7554 test_loss=0.9552 test_acc=0.6769
Round 284 | selected=[29, 54, 23, 66, 36, 20, 24, 63, 47, 95]
Round 284 | train_loss=0.9031 train_acc=0.6926 test_loss=0.9809 test_acc=0.6646
Round 285 | selected=[19, 33, 55, 93, 21, 39, 59, 4, 84, 29]
Round 285 | train_loss=0.8337 train_acc=0.7226 test_loss=1.0342 test_acc=0.6634
Round 286 | selected=[27, 98, 60, 85, 11, 62, 44, 65, 22, 36]
Round 286 | train_loss=0.8610 train_acc=0.7110 test_loss=0.8969 test_acc=0.6834
Round 287 | selected=[1, 90, 38, 54, 53, 4, 42, 60, 6, 30]
Round 287 | train_loss=0.8177 train_acc=0.7176 test_loss=0.8284 test_acc=0.7071
Round 288 | selected=[97, 71, 60, 27, 90, 22, 58, 0, 3, 11]
Round 288 | train_loss=0.8075 train_acc=0.7166 test_loss=0.8899 test_acc=0.6813
Round 289 | selected=[1, 14, 13, 85, 0, 64, 95, 61, 19, 84]
Round 289 | train_loss=0.8329 train_acc=0.7124 test_loss=0.8401 test_acc=0.7086
Round 290 | selected=[84, 79, 54, 32, 2, 86, 67, 56, 19, 39]
Round 290 | train_loss=0.7978 train_acc=0.7266 test_loss=0.7857 test_acc=0.7240
Round 291 | selected=[72, 98, 30, 21, 75, 54, 77, 79, 32, 45]
Round 291 | train_loss=0.8026 train_acc=0.7214 test_loss=0.8430 test_acc=0.7072
Round 292 | selected=[9, 88, 5, 27, 42, 69, 70, 10, 31, 7]
Round 292 | train_loss=0.9102 train_acc=0.6934 test_loss=0.9952 test_acc=0.6645
Round 293 | selected=[61, 97, 34, 23, 62, 20, 42, 41, 72, 51]
Round 293 | train_loss=0.8812 train_acc=0.7082 test_loss=1.8401 test_acc=0.5368
Round 294 | selected=[25, 34, 3, 1, 19, 97, 84, 65, 90, 58]
Round 294 | train_loss=0.8504 train_acc=0.7146 test_loss=0.8953 test_acc=0.6945
Round 295 | selected=[97, 83, 12, 47, 82, 49, 58, 34, 37, 94]
Round 295 | train_loss=0.7584 train_acc=0.7394 test_loss=0.9441 test_acc=0.6663
Round 296 | selected=[79, 20, 3, 49, 4, 82, 75, 83, 57, 64]
Round 296 | train_loss=0.7809 train_acc=0.7344 test_loss=0.8815 test_acc=0.6978
Round 297 | selected=[26, 85, 13, 95, 36, 96, 12, 70, 91, 24]
Round 297 | train_loss=0.8107 train_acc=0.7272 test_loss=1.0396 test_acc=0.6513
Round 298 | selected=[25, 99, 43, 49, 78, 12, 51, 18, 75, 8]
Round 298 | train_loss=0.8542 train_acc=0.7050 test_loss=1.1772 test_acc=0.6283
Round 299 | selected=[97, 28, 49, 67, 30, 54, 16, 21, 33, 76]
Round 299 | train_loss=0.8269 train_acc=0.7236 test_loss=1.1748 test_acc=0.6184
Round 300 | selected=[13, 65, 5, 92, 95, 60, 26, 39, 78, 66]
Round 300 | train_loss=0.8852 train_acc=0.7006 test_loss=0.9933 test_acc=0.6621
Round 301 | selected=[9, 7, 93, 98, 56, 68, 45, 54, 61, 55]
Round 301 | train_loss=0.7453 train_acc=0.7404 test_loss=0.9592 test_acc=0.6790
Round 302 | selected=[70, 15, 24, 86, 52, 20, 89, 39, 26, 29]
Round 302 | train_loss=0.8405 train_acc=0.7206 test_loss=1.2934 test_acc=0.5876
Round 303 | selected=[88, 70, 93, 14, 40, 54, 38, 11, 83, 68]
Round 303 | train_loss=0.8515 train_acc=0.7138 test_loss=1.2029 test_acc=0.6302
Round 304 | selected=[32, 7, 18, 89, 71, 28, 47, 27, 8, 11]
Round 304 | train_loss=0.8649 train_acc=0.7030 test_loss=0.9264 test_acc=0.6803
Round 305 | selected=[45, 20, 3, 79, 63, 59, 56, 57, 16, 51]
Round 305 | train_loss=0.8060 train_acc=0.7318 test_loss=1.0539 test_acc=0.6617
Round 306 | selected=[64, 86, 36, 51, 71, 58, 67, 68, 83, 11]
Round 306 | train_loss=0.8043 train_acc=0.7286 test_loss=0.9544 test_acc=0.6708
Round 307 | selected=[15, 75, 99, 73, 85, 98, 49, 83, 93, 23]
Round 307 | train_loss=0.8025 train_acc=0.7256 test_loss=0.8064 test_acc=0.7155
Round 308 | selected=[69, 28, 30, 84, 15, 86, 87, 7, 36, 59]
Round 308 | train_loss=0.7932 train_acc=0.7286 test_loss=0.7727 test_acc=0.7261
Round 309 | selected=[16, 19, 85, 9, 34, 64, 66, 25, 35, 86]
Round 309 | train_loss=0.7342 train_acc=0.7438 test_loss=0.7672 test_acc=0.7368
Round 310 | selected=[93, 20, 90, 69, 28, 18, 52, 15, 19, 3]
Round 310 | train_loss=0.7861 train_acc=0.7408 test_loss=0.8992 test_acc=0.6866
Round 311 | selected=[34, 77, 19, 88, 85, 9, 45, 5, 20, 39]
Round 311 | train_loss=0.7439 train_acc=0.7388 test_loss=0.8465 test_acc=0.7087
Round 312 | selected=[5, 14, 60, 30, 49, 71, 87, 35, 39, 80]
Round 312 | train_loss=0.8787 train_acc=0.7048 test_loss=0.8232 test_acc=0.7037
Round 313 | selected=[63, 69, 41, 25, 81, 3, 68, 49, 34, 89]
Round 313 | train_loss=0.7755 train_acc=0.7370 test_loss=0.8311 test_acc=0.7165
Round 314 | selected=[82, 39, 65, 22, 38, 51, 36, 50, 10, 75]
Round 314 | train_loss=0.7753 train_acc=0.7462 test_loss=0.9459 test_acc=0.6831
Round 315 | selected=[63, 38, 85, 47, 55, 86, 4, 44, 76, 36]
Round 315 | train_loss=0.7908 train_acc=0.7286 test_loss=0.8140 test_acc=0.7151
Round 316 | selected=[67, 32, 53, 11, 61, 28, 62, 44, 98, 43]
Round 316 | train_loss=0.7767 train_acc=0.7408 test_loss=0.8448 test_acc=0.7129
Round 317 | selected=[54, 42, 31, 56, 37, 38, 4, 26, 55, 47]
Round 317 | train_loss=0.7889 train_acc=0.7280 test_loss=0.8986 test_acc=0.6943
Round 318 | selected=[77, 24, 38, 71, 6, 43, 79, 12, 84, 69]
Round 318 | train_loss=0.8315 train_acc=0.7146 test_loss=0.8771 test_acc=0.6947
Round 319 | selected=[22, 47, 46, 87, 35, 90, 2, 33, 53, 99]
Round 319 | train_loss=0.7156 train_acc=0.7572 test_loss=0.7702 test_acc=0.7359
Round 320 | selected=[94, 86, 38, 85, 83, 29, 68, 97, 92, 55]
Round 320 | train_loss=0.7019 train_acc=0.7596 test_loss=0.7154 test_acc=0.7489
Round 321 | selected=[33, 52, 40, 54, 43, 85, 97, 59, 83, 71]
Round 321 | train_loss=0.7006 train_acc=0.7618 test_loss=0.8868 test_acc=0.6922
Round 322 | selected=[39, 18, 9, 77, 71, 38, 99, 74, 25, 52]
Round 322 | train_loss=0.7179 train_acc=0.7482 test_loss=0.8727 test_acc=0.6983
Round 323 | selected=[85, 22, 13, 49, 88, 7, 98, 16, 56, 24]
Round 323 | train_loss=0.7440 train_acc=0.7408 test_loss=0.7506 test_acc=0.7383
Round 324 | selected=[43, 83, 24, 21, 97, 76, 30, 84, 75, 82]
Round 324 | train_loss=0.7908 train_acc=0.7338 test_loss=0.9710 test_acc=0.6578
Round 325 | selected=[69, 34, 42, 37, 92, 81, 17, 60, 88, 16]
Round 325 | train_loss=0.7860 train_acc=0.7346 test_loss=1.0784 test_acc=0.6508
Round 326 | selected=[27, 7, 8, 71, 40, 1, 86, 12, 4, 44]
Round 326 | train_loss=0.7777 train_acc=0.7310 test_loss=0.8589 test_acc=0.6934
Round 327 | selected=[85, 99, 68, 3, 9, 72, 57, 36, 82, 47]
Round 327 | train_loss=0.7072 train_acc=0.7614 test_loss=1.2521 test_acc=0.6121
Round 328 | selected=[87, 32, 37, 52, 27, 54, 45, 80, 57, 73]
Round 328 | train_loss=0.8634 train_acc=0.7148 test_loss=0.8201 test_acc=0.7148
Round 329 | selected=[73, 13, 77, 46, 64, 91, 33, 36, 62, 15]
Round 329 | train_loss=0.6723 train_acc=0.7738 test_loss=0.8279 test_acc=0.7150
Round 330 | selected=[3, 79, 26, 43, 96, 6, 54, 45, 85, 59]
Round 330 | train_loss=0.7429 train_acc=0.7394 test_loss=0.8075 test_acc=0.7189
Round 331 | selected=[0, 29, 41, 44, 7, 51, 23, 84, 33, 43]
Round 331 | train_loss=0.7063 train_acc=0.7580 test_loss=0.9028 test_acc=0.6911
Round 332 | selected=[7, 27, 68, 57, 83, 43, 42, 25, 3, 17]
Round 332 | train_loss=0.8368 train_acc=0.7178 test_loss=0.9214 test_acc=0.6863
Round 333 | selected=[73, 8, 34, 79, 81, 70, 94, 5, 74, 98]
Round 333 | train_loss=0.8129 train_acc=0.7210 test_loss=1.0769 test_acc=0.6541
Round 334 | selected=[16, 75, 82, 12, 48, 57, 97, 34, 24, 36]
Round 334 | train_loss=0.7542 train_acc=0.7444 test_loss=1.1810 test_acc=0.6176
Round 335 | selected=[61, 68, 64, 45, 47, 90, 74, 31, 93, 16]
Round 335 | train_loss=0.8442 train_acc=0.7124 test_loss=1.5223 test_acc=0.5745
Round 336 | selected=[43, 53, 1, 92, 73, 15, 94, 87, 52, 41]
Round 336 | train_loss=0.8545 train_acc=0.7164 test_loss=0.8941 test_acc=0.6907
Round 337 | selected=[34, 58, 25, 90, 72, 1, 88, 28, 52, 96]
Round 337 | train_loss=0.7507 train_acc=0.7458 test_loss=0.7709 test_acc=0.7353
Round 338 | selected=[67, 52, 69, 46, 25, 55, 29, 68, 56, 64]
Round 338 | train_loss=0.6760 train_acc=0.7748 test_loss=0.8124 test_acc=0.7198
Round 339 | selected=[82, 52, 80, 63, 25, 12, 21, 73, 6, 33]
Round 339 | train_loss=0.6461 train_acc=0.7822 test_loss=0.8833 test_acc=0.6930
Round 340 | selected=[6, 82, 4, 28, 13, 10, 23, 5, 63, 55]
Round 340 | train_loss=0.8022 train_acc=0.7328 test_loss=0.9619 test_acc=0.6833
Round 341 | selected=[98, 40, 29, 90, 12, 94, 66, 88, 34, 42]
Round 341 | train_loss=0.8157 train_acc=0.7294 test_loss=0.9171 test_acc=0.6902
Round 342 | selected=[26, 41, 31, 47, 13, 78, 86, 33, 82, 10]
Round 342 | train_loss=0.7425 train_acc=0.7534 test_loss=1.2522 test_acc=0.6054
Round 343 | selected=[3, 73, 48, 97, 53, 0, 6, 34, 87, 44]
Round 343 | train_loss=0.8231 train_acc=0.7276 test_loss=1.4821 test_acc=0.5962
Round 344 | selected=[61, 26, 12, 8, 23, 84, 73, 4, 79, 77]
Round 344 | train_loss=0.7400 train_acc=0.7398 test_loss=0.8168 test_acc=0.7200
Round 345 | selected=[22, 13, 98, 18, 34, 76, 24, 52, 0, 78]
Round 345 | train_loss=0.7256 train_acc=0.7560 test_loss=0.7207 test_acc=0.7474
Round 346 | selected=[15, 91, 94, 56, 43, 58, 63, 69, 93, 47]
Round 346 | train_loss=0.6924 train_acc=0.7656 test_loss=0.7455 test_acc=0.7371
Round 347 | selected=[92, 49, 52, 29, 54, 0, 51, 42, 64, 82]
Round 347 | train_loss=0.7406 train_acc=0.7540 test_loss=0.9777 test_acc=0.6679
Round 348 | selected=[74, 28, 96, 92, 39, 64, 88, 80, 22, 25]
Round 348 | train_loss=0.6864 train_acc=0.7640 test_loss=0.9096 test_acc=0.6893
Round 349 | selected=[60, 54, 20, 21, 67, 98, 39, 52, 90, 59]
Round 349 | train_loss=0.7110 train_acc=0.7664 test_loss=0.8959 test_acc=0.7041
Round 350 | selected=[3, 53, 84, 93, 81, 50, 19, 1, 10, 89]
Round 350 | train_loss=0.7823 train_acc=0.7414 test_loss=0.8306 test_acc=0.7048
Round 351 | selected=[96, 5, 88, 48, 9, 60, 12, 65, 83, 22]
Round 351 | train_loss=0.6656 train_acc=0.7774 test_loss=0.7344 test_acc=0.7460
Round 352 | selected=[85, 43, 42, 29, 38, 46, 86, 12, 62, 51]
Round 352 | train_loss=0.7015 train_acc=0.7566 test_loss=0.7165 test_acc=0.7531
Round 353 | selected=[88, 58, 25, 67, 31, 28, 97, 15, 53, 8]
Round 353 | train_loss=0.6920 train_acc=0.7706 test_loss=0.6990 test_acc=0.7550
Round 354 | selected=[16, 14, 4, 49, 89, 11, 83, 42, 80, 95]
Round 354 | train_loss=0.7791 train_acc=0.7298 test_loss=0.7420 test_acc=0.7390
Round 355 | selected=[18, 58, 73, 34, 54, 2, 23, 69, 95, 61]
Round 355 | train_loss=0.7140 train_acc=0.7616 test_loss=0.7533 test_acc=0.7430
Round 356 | selected=[98, 64, 16, 20, 66, 76, 32, 91, 96, 9]
Round 356 | train_loss=0.6639 train_acc=0.7778 test_loss=0.7886 test_acc=0.7298
Round 357 | selected=[67, 29, 4, 11, 85, 87, 3, 30, 39, 45]
Round 357 | train_loss=0.7489 train_acc=0.7434 test_loss=0.7788 test_acc=0.7306
Round 358 | selected=[85, 75, 33, 64, 55, 50, 47, 26, 4, 67]
Round 358 | train_loss=0.6467 train_acc=0.7772 test_loss=0.9899 test_acc=0.6842
Round 359 | selected=[48, 62, 58, 3, 57, 95, 45, 26, 94, 29]
Round 359 | train_loss=0.7847 train_acc=0.7356 test_loss=1.5338 test_acc=0.5702
Round 360 | selected=[68, 86, 88, 57, 67, 30, 45, 41, 47, 95]
Round 360 | train_loss=0.7646 train_acc=0.7460 test_loss=0.9748 test_acc=0.6845
Round 361 | selected=[3, 20, 87, 48, 80, 71, 97, 8, 98, 18]
Round 361 | train_loss=0.8128 train_acc=0.7316 test_loss=0.7527 test_acc=0.7391
Round 362 | selected=[74, 49, 41, 88, 4, 19, 98, 46, 6, 90]
Round 362 | train_loss=0.7024 train_acc=0.7546 test_loss=0.7549 test_acc=0.7403
Round 363 | selected=[57, 35, 8, 59, 94, 49, 83, 23, 95, 85]
Round 363 | train_loss=0.7630 train_acc=0.7338 test_loss=0.9945 test_acc=0.6773
Round 364 | selected=[43, 77, 30, 89, 32, 61, 10, 82, 56, 54]
Round 364 | train_loss=0.7716 train_acc=0.7516 test_loss=1.2058 test_acc=0.6605
Round 365 | selected=[40, 55, 48, 89, 88, 49, 24, 28, 83, 75]
Round 365 | train_loss=0.7206 train_acc=0.7570 test_loss=0.7635 test_acc=0.7348
Round 366 | selected=[96, 72, 92, 13, 17, 15, 26, 41, 65, 78]
Round 366 | train_loss=0.6752 train_acc=0.7728 test_loss=0.8312 test_acc=0.7121
Round 367 | selected=[43, 47, 20, 3, 31, 81, 45, 68, 17, 82]
Round 367 | train_loss=0.6556 train_acc=0.7758 test_loss=0.8865 test_acc=0.7026
Round 368 | selected=[22, 19, 87, 79, 94, 91, 69, 17, 48, 49]
Round 368 | train_loss=0.6947 train_acc=0.7704 test_loss=0.8065 test_acc=0.7204
Round 369 | selected=[62, 7, 25, 85, 66, 38, 18, 50, 56, 37]
Round 369 | train_loss=0.6857 train_acc=0.7616 test_loss=1.0452 test_acc=0.6673
Round 370 | selected=[39, 24, 42, 3, 10, 75, 59, 49, 55, 46]
Round 370 | train_loss=0.7256 train_acc=0.7532 test_loss=0.7350 test_acc=0.7435
Round 371 | selected=[91, 8, 74, 84, 76, 82, 35, 42, 86, 59]
Round 371 | train_loss=0.7118 train_acc=0.7566 test_loss=0.8578 test_acc=0.7000
Round 372 | selected=[9, 79, 77, 68, 21, 63, 5, 53, 36, 86]
Round 372 | train_loss=0.6713 train_acc=0.7816 test_loss=1.0061 test_acc=0.6727
Round 373 | selected=[52, 33, 72, 14, 81, 77, 3, 61, 46, 76]
Round 373 | train_loss=0.7882 train_acc=0.7424 test_loss=0.9248 test_acc=0.6826
Round 374 | selected=[18, 57, 98, 58, 43, 87, 97, 64, 10, 22]
Round 374 | train_loss=0.7136 train_acc=0.7602 test_loss=0.9385 test_acc=0.6878
Round 375 | selected=[52, 94, 14, 5, 23, 38, 46, 16, 1, 17]
Round 375 | train_loss=0.7287 train_acc=0.7470 test_loss=0.7469 test_acc=0.7415
Round 376 | selected=[3, 76, 12, 15, 39, 7, 95, 54, 17, 88]
Round 376 | train_loss=0.7279 train_acc=0.7532 test_loss=0.8881 test_acc=0.7005
Round 377 | selected=[22, 46, 90, 2, 76, 36, 48, 23, 4, 42]
Round 377 | train_loss=0.7442 train_acc=0.7422 test_loss=0.8175 test_acc=0.7273
Round 378 | selected=[87, 45, 21, 19, 36, 4, 3, 1, 65, 86]
Round 378 | train_loss=0.6888 train_acc=0.7658 test_loss=0.6868 test_acc=0.7591
Round 379 | selected=[38, 83, 44, 5, 54, 85, 43, 86, 60, 68]
Round 379 | train_loss=0.6206 train_acc=0.7866 test_loss=0.6969 test_acc=0.7594
Round 380 | selected=[92, 42, 35, 15, 21, 37, 72, 4, 54, 51]
Round 380 | train_loss=0.7073 train_acc=0.7566 test_loss=0.6916 test_acc=0.7535
Round 381 | selected=[44, 82, 22, 37, 83, 55, 41, 20, 69, 56]
Round 381 | train_loss=0.6480 train_acc=0.7858 test_loss=0.7523 test_acc=0.7449
Round 382 | selected=[17, 69, 96, 11, 2, 86, 6, 77, 97, 56]
Round 382 | train_loss=0.6992 train_acc=0.7578 test_loss=0.7167 test_acc=0.7485
Round 383 | selected=[82, 27, 14, 71, 21, 94, 91, 45, 1, 77]
Round 383 | train_loss=0.6800 train_acc=0.7764 test_loss=0.7969 test_acc=0.7300
Round 384 | selected=[4, 6, 87, 81, 27, 51, 84, 7, 50, 82]
Round 384 | train_loss=0.7276 train_acc=0.7502 test_loss=0.7837 test_acc=0.7382
Round 385 | selected=[42, 51, 38, 98, 72, 3, 57, 0, 48, 13]
Round 385 | train_loss=0.6975 train_acc=0.7666 test_loss=0.8192 test_acc=0.7226
Round 386 | selected=[44, 3, 90, 56, 95, 66, 51, 54, 38, 60]
Round 386 | train_loss=0.6779 train_acc=0.7738 test_loss=0.7422 test_acc=0.7426
Round 387 | selected=[32, 61, 24, 5, 72, 51, 40, 73, 93, 18]
Round 387 | train_loss=0.7598 train_acc=0.7386 test_loss=0.8815 test_acc=0.7012
Round 388 | selected=[25, 47, 98, 42, 31, 81, 84, 57, 24, 62]
Round 388 | train_loss=0.7457 train_acc=0.7424 test_loss=0.7479 test_acc=0.7411
Round 389 | selected=[28, 16, 86, 62, 51, 35, 9, 37, 44, 57]
Round 389 | train_loss=0.6626 train_acc=0.7752 test_loss=0.9659 test_acc=0.6790
Round 390 | selected=[36, 37, 98, 66, 85, 38, 74, 52, 92, 87]
Round 390 | train_loss=0.6885 train_acc=0.7632 test_loss=0.7417 test_acc=0.7469
Round 391 | selected=[3, 77, 64, 49, 19, 55, 18, 68, 12, 35]
Round 391 | train_loss=0.6403 train_acc=0.7732 test_loss=0.7051 test_acc=0.7536
Round 392 | selected=[39, 51, 60, 72, 61, 38, 23, 4, 55, 88]
Round 392 | train_loss=0.6433 train_acc=0.7868 test_loss=0.7359 test_acc=0.7550
Round 393 | selected=[8, 77, 28, 38, 56, 79, 22, 48, 69, 53]
Round 393 | train_loss=0.6102 train_acc=0.7966 test_loss=0.7541 test_acc=0.7485
Round 394 | selected=[71, 20, 10, 26, 30, 84, 9, 14, 50, 47]
Round 394 | train_loss=0.7021 train_acc=0.7674 test_loss=1.0766 test_acc=0.6545
Round 395 | selected=[35, 56, 30, 19, 36, 83, 25, 28, 16, 13]
Round 395 | train_loss=0.7132 train_acc=0.7568 test_loss=0.7858 test_acc=0.7364
Round 396 | selected=[71, 79, 49, 61, 73, 59, 60, 83, 10, 81]
Round 396 | train_loss=0.7210 train_acc=0.7636 test_loss=0.7652 test_acc=0.7395
Round 397 | selected=[30, 94, 28, 68, 57, 74, 34, 81, 86, 33]
Round 397 | train_loss=0.6809 train_acc=0.7690 test_loss=1.0881 test_acc=0.6681
Round 398 | selected=[25, 45, 51, 62, 91, 55, 12, 46, 53, 63]
Round 398 | train_loss=0.6625 train_acc=0.7744 test_loss=0.8780 test_acc=0.7018
Round 399 | selected=[48, 60, 78, 39, 75, 72, 70, 59, 19, 27]
Round 399 | train_loss=0.7137 train_acc=0.7560 test_loss=0.8834 test_acc=0.7055
Round 400 | selected=[58, 16, 89, 40, 44, 53, 79, 93, 47, 69]
Round 400 | train_loss=0.6555 train_acc=0.7720 test_loss=0.7953 test_acc=0.7356
Round 401 | selected=[30, 61, 62, 45, 76, 60, 12, 78, 55, 71]
Round 401 | train_loss=0.6952 train_acc=0.7676 test_loss=0.7794 test_acc=0.7309
Round 402 | selected=[60, 0, 12, 33, 15, 49, 13, 48, 52, 58]
Round 402 | train_loss=0.6563 train_acc=0.7834 test_loss=0.7659 test_acc=0.7437
Round 403 | selected=[57, 52, 21, 55, 96, 33, 29, 71, 84, 48]
Round 403 | train_loss=0.6014 train_acc=0.7948 test_loss=0.7077 test_acc=0.7606
Round 404 | selected=[68, 83, 92, 91, 8, 13, 10, 25, 66, 53]
Round 404 | train_loss=0.6237 train_acc=0.7872 test_loss=0.7480 test_acc=0.7470
Round 405 | selected=[46, 36, 82, 76, 1, 51, 63, 65, 54, 70]
Round 405 | train_loss=0.6929 train_acc=0.7712 test_loss=0.7191 test_acc=0.7503
Round 406 | selected=[76, 86, 8, 30, 3, 91, 93, 16, 55, 57]
Round 406 | train_loss=0.6507 train_acc=0.7746 test_loss=0.8259 test_acc=0.7076
Round 407 | selected=[7, 3, 81, 70, 98, 24, 44, 8, 39, 16]
Round 407 | train_loss=0.6826 train_acc=0.7618 test_loss=0.7820 test_acc=0.7319
Round 408 | selected=[79, 44, 97, 35, 77, 6, 46, 29, 38, 82]
Round 408 | train_loss=0.6160 train_acc=0.8054 test_loss=0.7470 test_acc=0.7474
Round 409 | selected=[54, 0, 51, 65, 41, 34, 84, 70, 3, 36]
Round 409 | train_loss=0.6830 train_acc=0.7686 test_loss=0.7032 test_acc=0.7602
Round 410 | selected=[43, 11, 38, 47, 69, 30, 22, 88, 19, 24]
Round 410 | train_loss=0.6243 train_acc=0.7818 test_loss=0.6829 test_acc=0.7642
Round 411 | selected=[62, 98, 10, 76, 14, 25, 49, 7, 89, 17]
Round 411 | train_loss=0.7042 train_acc=0.7712 test_loss=0.8893 test_acc=0.7051
Round 412 | selected=[34, 19, 37, 70, 98, 64, 69, 5, 94, 3]
Round 412 | train_loss=0.7074 train_acc=0.7634 test_loss=0.7897 test_acc=0.7277
Round 413 | selected=[51, 28, 42, 21, 29, 30, 38, 96, 34, 97]
Round 413 | train_loss=0.6202 train_acc=0.7914 test_loss=0.6808 test_acc=0.7661
Round 414 | selected=[98, 67, 83, 59, 41, 45, 39, 70, 21, 25]
Round 414 | train_loss=0.6384 train_acc=0.7828 test_loss=0.6803 test_acc=0.7636
Round 415 | selected=[7, 15, 43, 85, 41, 50, 67, 21, 90, 5]
Round 415 | train_loss=0.6228 train_acc=0.7868 test_loss=0.8154 test_acc=0.7347
Round 416 | selected=[73, 77, 81, 41, 99, 10, 54, 89, 20, 85]
Round 416 | train_loss=0.6076 train_acc=0.7998 test_loss=0.7030 test_acc=0.7632
Round 417 | selected=[24, 60, 96, 79, 36, 56, 38, 74, 19, 35]
Round 417 | train_loss=0.6019 train_acc=0.7938 test_loss=0.7235 test_acc=0.7635
Round 418 | selected=[48, 82, 66, 74, 15, 51, 24, 98, 76, 33]
Round 418 | train_loss=0.6089 train_acc=0.7932 test_loss=1.1001 test_acc=0.6387
Round 419 | selected=[19, 88, 66, 76, 48, 37, 57, 0, 14, 62]
Round 419 | train_loss=0.6933 train_acc=0.7572 test_loss=1.0181 test_acc=0.6740
Round 420 | selected=[88, 77, 68, 0, 32, 9, 20, 90, 79, 8]
Round 420 | train_loss=0.5998 train_acc=0.7982 test_loss=0.7241 test_acc=0.7524
Round 421 | selected=[22, 71, 9, 65, 64, 7, 2, 73, 21, 40]
Round 421 | train_loss=0.5914 train_acc=0.7978 test_loss=0.7899 test_acc=0.7315
Round 422 | selected=[60, 73, 61, 4, 21, 48, 95, 51, 56, 55]
Round 422 | train_loss=0.6012 train_acc=0.7922 test_loss=0.6377 test_acc=0.7779
Round 423 | selected=[37, 74, 73, 36, 52, 33, 60, 31, 21, 43]
Round 423 | train_loss=0.5549 train_acc=0.8064 test_loss=0.7148 test_acc=0.7548
Round 424 | selected=[78, 56, 34, 12, 60, 65, 10, 39, 11, 57]
Round 424 | train_loss=0.6585 train_acc=0.7762 test_loss=0.6784 test_acc=0.7645
Round 425 | selected=[21, 93, 77, 97, 89, 4, 16, 56, 87, 63]
Round 425 | train_loss=0.5903 train_acc=0.8000 test_loss=0.5971 test_acc=0.7929
Round 426 | selected=[78, 64, 7, 94, 68, 10, 36, 39, 89, 23]
Round 426 | train_loss=0.6326 train_acc=0.7876 test_loss=0.8110 test_acc=0.7255
Round 427 | selected=[90, 27, 55, 44, 95, 51, 20, 50, 62, 69]
Round 427 | train_loss=0.6629 train_acc=0.7774 test_loss=0.7398 test_acc=0.7433
Round 428 | selected=[2, 98, 7, 73, 72, 14, 48, 56, 21, 92]
Round 428 | train_loss=0.5991 train_acc=0.7972 test_loss=0.7997 test_acc=0.7327
Round 429 | selected=[4, 34, 14, 68, 54, 17, 27, 57, 63, 16]
Round 429 | train_loss=0.5971 train_acc=0.7952 test_loss=0.8570 test_acc=0.7270
Round 430 | selected=[90, 85, 99, 60, 4, 5, 72, 57, 92, 20]
Round 430 | train_loss=0.5881 train_acc=0.8010 test_loss=0.6121 test_acc=0.7944
Round 431 | selected=[90, 29, 95, 23, 31, 97, 7, 16, 86, 34]
Round 431 | train_loss=0.5749 train_acc=0.8090 test_loss=0.6432 test_acc=0.7772
Round 432 | selected=[58, 95, 63, 60, 75, 37, 18, 45, 93, 42]
Round 432 | train_loss=0.6157 train_acc=0.7872 test_loss=0.7996 test_acc=0.7288
Round 433 | selected=[41, 10, 52, 79, 45, 94, 16, 20, 81, 80]
Round 433 | train_loss=0.6062 train_acc=0.7934 test_loss=0.7346 test_acc=0.7557
Round 434 | selected=[23, 86, 49, 93, 15, 71, 77, 5, 79, 70]
Round 434 | train_loss=0.6242 train_acc=0.7838 test_loss=0.7207 test_acc=0.7496
Round 435 | selected=[21, 34, 75, 43, 98, 99, 44, 35, 23, 64]
Round 435 | train_loss=0.6554 train_acc=0.7736 test_loss=0.9846 test_acc=0.6916
Round 436 | selected=[21, 89, 58, 75, 2, 46, 52, 40, 87, 10]
Round 436 | train_loss=0.6734 train_acc=0.7694 test_loss=0.8903 test_acc=0.7107
Round 437 | selected=[22, 59, 10, 94, 97, 87, 16, 33, 34, 57]
Round 437 | train_loss=0.5941 train_acc=0.7990 test_loss=1.1201 test_acc=0.6641
Round 438 | selected=[84, 50, 77, 39, 37, 4, 96, 53, 66, 6]
Round 438 | train_loss=0.6672 train_acc=0.7774 test_loss=0.9382 test_acc=0.7099
Round 439 | selected=[24, 81, 21, 69, 14, 52, 98, 78, 6, 86]
Round 439 | train_loss=0.6535 train_acc=0.7820 test_loss=0.6200 test_acc=0.7871
Round 440 | selected=[48, 10, 69, 43, 85, 59, 98, 19, 58, 64]
Round 440 | train_loss=0.6006 train_acc=0.7994 test_loss=0.6582 test_acc=0.7754
Round 441 | selected=[52, 78, 19, 11, 97, 91, 47, 63, 23, 72]
Round 441 | train_loss=0.6193 train_acc=0.7846 test_loss=0.7450 test_acc=0.7489
Round 442 | selected=[82, 10, 16, 61, 74, 37, 11, 99, 79, 65]
Round 442 | train_loss=0.6165 train_acc=0.7972 test_loss=0.8949 test_acc=0.7022
Round 443 | selected=[60, 97, 54, 99, 72, 78, 71, 40, 15, 52]
Round 443 | train_loss=0.7342 train_acc=0.7594 test_loss=0.8769 test_acc=0.7033
Round 444 | selected=[23, 24, 27, 34, 14, 95, 91, 63, 8, 60]
Round 444 | train_loss=0.6036 train_acc=0.7914 test_loss=0.6255 test_acc=0.7844
Round 445 | selected=[13, 29, 62, 97, 66, 45, 85, 38, 60, 52]
Round 445 | train_loss=0.5731 train_acc=0.8124 test_loss=0.7036 test_acc=0.7566
Round 446 | selected=[33, 44, 7, 84, 79, 35, 96, 48, 56, 83]
Round 446 | train_loss=0.6157 train_acc=0.7922 test_loss=0.8439 test_acc=0.7180
Round 447 | selected=[78, 25, 62, 11, 96, 50, 54, 31, 99, 86]
Round 447 | train_loss=0.6412 train_acc=0.7830 test_loss=0.6985 test_acc=0.7675
Round 448 | selected=[77, 5, 35, 11, 93, 38, 6, 36, 70, 75]
Round 448 | train_loss=0.6429 train_acc=0.7822 test_loss=0.6834 test_acc=0.7625
Round 449 | selected=[44, 41, 53, 99, 40, 70, 6, 11, 51, 47]
Round 449 | train_loss=0.6021 train_acc=0.7916 test_loss=0.6642 test_acc=0.7695
Round 450 | selected=[91, 34, 46, 68, 97, 37, 20, 81, 2, 40]
Round 450 | train_loss=0.5522 train_acc=0.8176 test_loss=0.8082 test_acc=0.7288
Round 451 | selected=[30, 62, 47, 57, 82, 68, 24, 77, 36, 31]
Round 451 | train_loss=0.6292 train_acc=0.7946 test_loss=0.7186 test_acc=0.7500
Round 452 | selected=[14, 88, 98, 74, 20, 16, 58, 77, 99, 62]
Round 452 | train_loss=0.5940 train_acc=0.7970 test_loss=0.6956 test_acc=0.7572
Round 453 | selected=[99, 50, 9, 2, 91, 73, 29, 68, 86, 62]
Round 453 | train_loss=0.5519 train_acc=0.8188 test_loss=0.9559 test_acc=0.6939
Round 454 | selected=[32, 36, 15, 28, 24, 80, 62, 71, 0, 43]
Round 454 | train_loss=0.6910 train_acc=0.7724 test_loss=0.6798 test_acc=0.7672
Round 455 | selected=[97, 14, 93, 26, 44, 60, 78, 91, 65, 83]
Round 455 | train_loss=0.6391 train_acc=0.7854 test_loss=1.0468 test_acc=0.6769
Round 456 | selected=[28, 52, 69, 85, 15, 41, 75, 48, 54, 73]
Round 456 | train_loss=0.7022 train_acc=0.7650 test_loss=1.1271 test_acc=0.6959
Round 457 | selected=[35, 89, 40, 61, 68, 90, 73, 51, 55, 4]
Round 457 | train_loss=0.6211 train_acc=0.7962 test_loss=0.9231 test_acc=0.7030
Round 458 | selected=[18, 0, 98, 28, 26, 93, 68, 95, 37, 29]
Round 458 | train_loss=0.5784 train_acc=0.8044 test_loss=0.6180 test_acc=0.7859
Round 459 | selected=[34, 69, 22, 91, 48, 66, 70, 94, 47, 99]
Round 459 | train_loss=0.5591 train_acc=0.8088 test_loss=0.7145 test_acc=0.7642
Round 460 | selected=[37, 13, 35, 34, 60, 90, 28, 50, 73, 40]
Round 460 | train_loss=0.5539 train_acc=0.8052 test_loss=0.7019 test_acc=0.7598
Round 461 | selected=[69, 27, 26, 89, 64, 93, 54, 67, 44, 57]
Round 461 | train_loss=0.6311 train_acc=0.7814 test_loss=0.7338 test_acc=0.7441
Round 462 | selected=[26, 83, 30, 5, 43, 44, 91, 8, 93, 6]
Round 462 | train_loss=0.6013 train_acc=0.7904 test_loss=0.6465 test_acc=0.7738
Round 463 | selected=[63, 2, 29, 62, 74, 69, 37, 91, 78, 14]
Round 463 | train_loss=0.5767 train_acc=0.8054 test_loss=0.6804 test_acc=0.7649
Round 464 | selected=[21, 59, 82, 78, 68, 99, 15, 47, 71, 93]
Round 464 | train_loss=0.5854 train_acc=0.8098 test_loss=0.7024 test_acc=0.7540
Round 465 | selected=[61, 99, 89, 95, 81, 71, 64, 42, 14, 35]
Round 465 | train_loss=0.6423 train_acc=0.7842 test_loss=0.8813 test_acc=0.7122
Round 466 | selected=[74, 69, 55, 29, 84, 19, 12, 73, 64, 94]
Round 466 | train_loss=0.6139 train_acc=0.7894 test_loss=0.6068 test_acc=0.7906
Round 467 | selected=[49, 23, 48, 90, 19, 29, 92, 63, 66, 6]
Round 467 | train_loss=0.5655 train_acc=0.8128 test_loss=0.6293 test_acc=0.7832
Round 468 | selected=[9, 49, 61, 94, 30, 79, 75, 36, 5, 4]
Round 468 | train_loss=0.5940 train_acc=0.7966 test_loss=0.7578 test_acc=0.7394
Round 469 | selected=[38, 21, 72, 77, 16, 18, 62, 46, 53, 78]
Round 469 | train_loss=0.5900 train_acc=0.8002 test_loss=0.7361 test_acc=0.7525
Round 470 | selected=[68, 51, 56, 72, 34, 27, 7, 65, 57, 73]
Round 470 | train_loss=0.5580 train_acc=0.8096 test_loss=0.6684 test_acc=0.7705
Round 471 | selected=[10, 43, 96, 4, 90, 36, 70, 48, 9, 87]
Round 471 | train_loss=0.5958 train_acc=0.7994 test_loss=0.7584 test_acc=0.7432
Round 472 | selected=[49, 92, 66, 45, 98, 85, 8, 5, 37, 27]
Round 472 | train_loss=0.5968 train_acc=0.7966 test_loss=0.6716 test_acc=0.7709
Round 473 | selected=[14, 26, 1, 60, 72, 16, 93, 24, 75, 40]
Round 473 | train_loss=0.5956 train_acc=0.7904 test_loss=0.6695 test_acc=0.7742
Round 474 | selected=[24, 81, 71, 51, 96, 40, 65, 68, 4, 19]
Round 474 | train_loss=0.5499 train_acc=0.8132 test_loss=0.6201 test_acc=0.7827
Round 475 | selected=[26, 80, 85, 71, 9, 68, 81, 54, 10, 34]
Round 475 | train_loss=0.5197 train_acc=0.8304 test_loss=0.6385 test_acc=0.7815
Round 476 | selected=[24, 8, 31, 71, 23, 79, 65, 21, 86, 38]
Round 476 | train_loss=0.5251 train_acc=0.8218 test_loss=0.6477 test_acc=0.7785
Round 477 | selected=[82, 97, 61, 42, 90, 7, 53, 44, 88, 17]
Round 477 | train_loss=0.5609 train_acc=0.8150 test_loss=0.6243 test_acc=0.7867
Round 478 | selected=[84, 73, 66, 47, 44, 75, 83, 55, 80, 11]
Round 478 | train_loss=0.6029 train_acc=0.7916 test_loss=0.9847 test_acc=0.6891
Round 479 | selected=[93, 40, 1, 66, 61, 99, 54, 2, 16, 96]
Round 479 | train_loss=0.5930 train_acc=0.7920 test_loss=0.7005 test_acc=0.7686
Round 480 | selected=[86, 94, 82, 23, 24, 71, 66, 36, 77, 16]
Round 480 | train_loss=0.5525 train_acc=0.8150 test_loss=0.6336 test_acc=0.7877
Round 481 | selected=[9, 7, 28, 65, 63, 32, 16, 87, 99, 15]
Round 481 | train_loss=0.5602 train_acc=0.8108 test_loss=0.6196 test_acc=0.7837
Round 482 | selected=[52, 75, 59, 72, 25, 39, 12, 64, 26, 78]
Round 482 | train_loss=0.5928 train_acc=0.8006 test_loss=0.6554 test_acc=0.7732
Round 483 | selected=[41, 19, 54, 29, 82, 4, 7, 9, 27, 50]
Round 483 | train_loss=0.5855 train_acc=0.8064 test_loss=0.8833 test_acc=0.7208
Round 484 | selected=[45, 55, 75, 58, 64, 3, 22, 53, 4, 97]
Round 484 | train_loss=0.6346 train_acc=0.7812 test_loss=0.7634 test_acc=0.7440
Round 485 | selected=[77, 57, 42, 0, 89, 58, 92, 5, 49, 11]
Round 485 | train_loss=0.6541 train_acc=0.7778 test_loss=0.7293 test_acc=0.7530
Round 486 | selected=[92, 18, 20, 58, 66, 59, 84, 62, 9, 64]
Round 486 | train_loss=0.6432 train_acc=0.7844 test_loss=0.6787 test_acc=0.7696
Round 487 | selected=[22, 8, 25, 80, 19, 96, 81, 69, 60, 68]
Round 487 | train_loss=0.5861 train_acc=0.7972 test_loss=0.6624 test_acc=0.7762
Round 488 | selected=[83, 74, 17, 10, 23, 36, 99, 87, 60, 81]
Round 488 | train_loss=0.5727 train_acc=0.8070 test_loss=0.7345 test_acc=0.7497
Round 489 | selected=[85, 64, 97, 13, 99, 40, 78, 35, 0, 10]
Round 489 | train_loss=0.6020 train_acc=0.7896 test_loss=0.6677 test_acc=0.7747
Round 490 | selected=[25, 22, 31, 56, 85, 74, 72, 7, 36, 63]
Round 490 | train_loss=0.5615 train_acc=0.8112 test_loss=0.7745 test_acc=0.7460
Round 491 | selected=[53, 32, 56, 99, 12, 98, 75, 89, 67, 72]
Round 491 | train_loss=0.5613 train_acc=0.8072 test_loss=0.6034 test_acc=0.7932
Round 492 | selected=[53, 80, 65, 64, 44, 6, 10, 41, 86, 77]
Round 492 | train_loss=0.5529 train_acc=0.8182 test_loss=0.6864 test_acc=0.7660
Round 493 | selected=[88, 97, 8, 19, 47, 18, 99, 73, 1, 85]
Round 493 | train_loss=0.6264 train_acc=0.7842 test_loss=0.6822 test_acc=0.7640
Round 494 | selected=[19, 42, 78, 33, 41, 50, 56, 72, 89, 98]
Round 494 | train_loss=0.5802 train_acc=0.8096 test_loss=0.7419 test_acc=0.7502
Round 495 | selected=[62, 39, 87, 74, 36, 91, 7, 37, 49, 10]
Round 495 | train_loss=0.5535 train_acc=0.8080 test_loss=0.8227 test_acc=0.7326
Round 496 | selected=[83, 22, 41, 7, 51, 8, 82, 45, 80, 36]
Round 496 | train_loss=0.5476 train_acc=0.8220 test_loss=0.6487 test_acc=0.7809
Round 497 | selected=[28, 23, 98, 24, 29, 46, 82, 40, 10, 77]
Round 497 | train_loss=0.5353 train_acc=0.8236 test_loss=0.7125 test_acc=0.7524
Round 498 | selected=[14, 6, 59, 49, 40, 97, 22, 86, 15, 99]
Round 498 | train_loss=0.6026 train_acc=0.7968 test_loss=0.7587 test_acc=0.7405
Round 499 | selected=[3, 94, 16, 47, 19, 20, 55, 51, 60, 89]
Round 499 | train_loss=0.5884 train_acc=0.7968 test_loss=0.7058 test_acc=0.7637
Round 500 | selected=[87, 19, 15, 59, 0, 7, 24, 38, 48, 8]
Round 500 | train_loss=0.5699 train_acc=0.8114 test_loss=0.6469 test_acc=0.7791
Saved: track1/results/cifar10/final_seed45/fedavg_alpha1_seed45.csv
COMPLETED: fedavg alpha1 seed=45
