========================================
JOB:       12004247
TASK:      19
ALGORITHM: fedavg
PARTITION: alpha01
SEED:      44
GPU:       0
========================================
Device: cuda
GPU: Tesla V100-PCIE-32GB
Round 0 | test_loss=3.0410 test_acc=0.1229
Round 1 | selected=[38, 24, 76, 63, 8, 52, 11, 60, 94, 16]
Round 1 | train_loss=1.2966 train_acc=0.7036 test_loss=2.9530 test_acc=0.1000
Round 2 | selected=[38, 88, 40, 98, 58, 91, 39, 56, 35, 96]
Round 2 | train_loss=1.9533 train_acc=0.5626 test_loss=3.7264 test_acc=0.1629
Round 3 | selected=[63, 8, 77, 16, 70, 81, 90, 68, 18, 54]
Round 3 | train_loss=1.6934 train_acc=0.5820 test_loss=4.4007 test_acc=0.1000
Round 4 | selected=[62, 58, 33, 61, 76, 14, 29, 71, 39, 27]
Round 4 | train_loss=1.9948 train_acc=0.5844 test_loss=4.3656 test_acc=0.1471
Round 5 | selected=[10, 71, 32, 79, 27, 87, 48, 53, 59, 76]
Round 5 | train_loss=1.8648 train_acc=0.5662 test_loss=4.3383 test_acc=0.1491
Round 6 | selected=[96, 43, 42, 70, 26, 67, 35, 12, 51, 55]
Round 6 | train_loss=2.0466 train_acc=0.5234 test_loss=3.3115 test_acc=0.1705
Round 7 | selected=[41, 62, 97, 46, 72, 24, 32, 30, 19, 21]
Round 7 | train_loss=1.3926 train_acc=0.6278 test_loss=4.2188 test_acc=0.1003
Round 8 | selected=[14, 39, 84, 69, 58, 11, 79, 44, 99, 86]
Round 8 | train_loss=1.7771 train_acc=0.5588 test_loss=3.8510 test_acc=0.1048
Round 9 | selected=[65, 67, 19, 15, 83, 72, 91, 25, 0, 3]
Round 9 | train_loss=2.3027 train_acc=0.5020 test_loss=3.0274 test_acc=0.1276
Round 10 | selected=[41, 79, 99, 18, 46, 7, 20, 74, 73, 33]
Round 10 | train_loss=1.6591 train_acc=0.5700 test_loss=2.4139 test_acc=0.1911
Round 11 | selected=[26, 48, 65, 63, 77, 20, 12, 81, 83, 30]
Round 11 | train_loss=1.3040 train_acc=0.6696 test_loss=2.4689 test_acc=0.1634
Round 12 | selected=[17, 12, 30, 9, 67, 97, 87, 35, 65, 14]
Round 12 | train_loss=1.2564 train_acc=0.5862 test_loss=2.5809 test_acc=0.1725
Round 13 | selected=[38, 49, 87, 82, 5, 97, 31, 93, 80, 58]
Round 13 | train_loss=1.5496 train_acc=0.5528 test_loss=2.6404 test_acc=0.1000
Round 14 | selected=[76, 65, 90, 20, 87, 52, 7, 28, 4, 81]
Round 14 | train_loss=1.2875 train_acc=0.6258 test_loss=2.7221 test_acc=0.1121
Round 15 | selected=[67, 29, 12, 96, 70, 48, 17, 83, 93, 62]
Round 15 | train_loss=1.8987 train_acc=0.4680 test_loss=2.3010 test_acc=0.2042
Round 16 | selected=[31, 16, 28, 87, 57, 21, 71, 24, 37, 83]
Round 16 | train_loss=1.1907 train_acc=0.6664 test_loss=2.3956 test_acc=0.1542
Round 17 | selected=[11, 21, 65, 34, 43, 10, 99, 71, 40, 14]
Round 17 | train_loss=1.1118 train_acc=0.6594 test_loss=2.2774 test_acc=0.2057
Round 18 | selected=[49, 17, 56, 0, 16, 99, 80, 6, 44, 40]
Round 18 | train_loss=1.2346 train_acc=0.6292 test_loss=2.2196 test_acc=0.1423
Round 19 | selected=[70, 38, 57, 98, 74, 14, 71, 81, 28, 97]
Round 19 | train_loss=1.3516 train_acc=0.5820 test_loss=2.2613 test_acc=0.1746
Round 20 | selected=[1, 16, 49, 67, 22, 27, 88, 76, 21, 15]
Round 20 | train_loss=1.4228 train_acc=0.5594 test_loss=2.4127 test_acc=0.1548
Round 21 | selected=[83, 43, 56, 50, 16, 18, 32, 15, 74, 62]
Round 21 | train_loss=1.3272 train_acc=0.5780 test_loss=2.2466 test_acc=0.2050
Round 22 | selected=[24, 34, 96, 18, 44, 92, 8, 32, 95, 90]
Round 22 | train_loss=1.3571 train_acc=0.5528 test_loss=2.2877 test_acc=0.2059
Round 23 | selected=[64, 65, 0, 57, 52, 97, 73, 19, 58, 4]
Round 23 | train_loss=1.1516 train_acc=0.6304 test_loss=2.7081 test_acc=0.1127
Round 24 | selected=[19, 94, 23, 25, 64, 77, 8, 81, 41, 10]
Round 24 | train_loss=1.4342 train_acc=0.5532 test_loss=2.4813 test_acc=0.1839
Round 25 | selected=[70, 34, 47, 84, 12, 40, 32, 64, 18, 83]
Round 25 | train_loss=1.3310 train_acc=0.5966 test_loss=2.3048 test_acc=0.1927
Round 26 | selected=[43, 79, 40, 96, 47, 24, 64, 11, 48, 42]
Round 26 | train_loss=1.2949 train_acc=0.5950 test_loss=2.4167 test_acc=0.1823
Round 27 | selected=[67, 41, 12, 54, 98, 21, 83, 13, 30, 1]
Round 27 | train_loss=1.3183 train_acc=0.5946 test_loss=2.2576 test_acc=0.1721
Round 28 | selected=[92, 72, 96, 76, 33, 15, 30, 46, 74, 23]
Round 28 | train_loss=1.3537 train_acc=0.5956 test_loss=2.1744 test_acc=0.1827
Round 29 | selected=[82, 77, 28, 32, 37, 26, 55, 67, 71, 44]
Round 29 | train_loss=1.3302 train_acc=0.5594 test_loss=2.2652 test_acc=0.1688
Round 30 | selected=[31, 96, 80, 66, 34, 26, 33, 3, 52, 11]
Round 30 | train_loss=1.1397 train_acc=0.6404 test_loss=2.3066 test_acc=0.1927
Round 31 | selected=[58, 10, 95, 55, 69, 25, 1, 13, 77, 65]
Round 31 | train_loss=1.2290 train_acc=0.5736 test_loss=2.3148 test_acc=0.2046
Round 32 | selected=[53, 30, 66, 76, 6, 85, 81, 48, 54, 5]
Round 32 | train_loss=1.2414 train_acc=0.6110 test_loss=2.3975 test_acc=0.2043
Round 33 | selected=[91, 75, 14, 11, 33, 80, 8, 47, 82, 37]
Round 33 | train_loss=1.4304 train_acc=0.5716 test_loss=2.3624 test_acc=0.2222
Round 34 | selected=[54, 94, 5, 99, 64, 91, 80, 62, 36, 52]
Round 34 | train_loss=1.3563 train_acc=0.5802 test_loss=2.4489 test_acc=0.1827
Round 35 | selected=[5, 20, 50, 98, 84, 74, 51, 91, 44, 78]
Round 35 | train_loss=1.4570 train_acc=0.5290 test_loss=2.4317 test_acc=0.1605
Round 36 | selected=[78, 31, 53, 12, 21, 49, 76, 46, 80, 2]
Round 36 | train_loss=1.2348 train_acc=0.5996 test_loss=2.3300 test_acc=0.1334
Round 37 | selected=[61, 19, 23, 45, 12, 65, 27, 39, 85, 24]
Round 37 | train_loss=1.3235 train_acc=0.6062 test_loss=2.1574 test_acc=0.1911
Round 38 | selected=[24, 92, 93, 64, 44, 89, 42, 35, 45, 20]
Round 38 | train_loss=1.4309 train_acc=0.5130 test_loss=2.1820 test_acc=0.2366
Round 39 | selected=[95, 2, 21, 56, 41, 52, 31, 55, 23, 57]
Round 39 | train_loss=1.3153 train_acc=0.5624 test_loss=2.4360 test_acc=0.1856
Round 40 | selected=[80, 69, 90, 46, 78, 67, 38, 55, 10, 49]
Round 40 | train_loss=1.4203 train_acc=0.5696 test_loss=2.1791 test_acc=0.1830
Round 41 | selected=[70, 76, 56, 97, 71, 44, 64, 94, 4, 36]
Round 41 | train_loss=1.3955 train_acc=0.5384 test_loss=2.1881 test_acc=0.1977
Round 42 | selected=[94, 14, 80, 79, 17, 23, 33, 2, 44, 88]
Round 42 | train_loss=1.2889 train_acc=0.5792 test_loss=2.0919 test_acc=0.2340
Round 43 | selected=[66, 91, 58, 96, 1, 49, 38, 16, 89, 39]
Round 43 | train_loss=1.2589 train_acc=0.6462 test_loss=2.4081 test_acc=0.1488
Round 44 | selected=[91, 90, 7, 26, 99, 12, 54, 48, 0, 36]
Round 44 | train_loss=1.2633 train_acc=0.6180 test_loss=2.2956 test_acc=0.1902
Round 45 | selected=[47, 6, 4, 38, 14, 62, 40, 63, 41, 99]
Round 45 | train_loss=1.3884 train_acc=0.5590 test_loss=2.2056 test_acc=0.1875
Round 46 | selected=[2, 52, 60, 29, 57, 71, 33, 39, 75, 95]
Round 46 | train_loss=1.4586 train_acc=0.5128 test_loss=2.2033 test_acc=0.2025
Round 47 | selected=[92, 35, 28, 54, 74, 46, 49, 13, 62, 4]
Round 47 | train_loss=1.2666 train_acc=0.6218 test_loss=2.0822 test_acc=0.2253
Round 48 | selected=[97, 40, 62, 82, 13, 85, 78, 32, 63, 43]
Round 48 | train_loss=1.3846 train_acc=0.5384 test_loss=2.0700 test_acc=0.2060
Round 49 | selected=[5, 6, 35, 70, 67, 94, 82, 33, 45, 91]
Round 49 | train_loss=1.3704 train_acc=0.5524 test_loss=2.0605 test_acc=0.2242
Round 50 | selected=[58, 48, 26, 18, 85, 14, 75, 81, 29, 47]
Round 50 | train_loss=1.2523 train_acc=0.6086 test_loss=2.1341 test_acc=0.2278
Round 51 | selected=[5, 11, 20, 81, 75, 4, 32, 86, 17, 7]
Round 51 | train_loss=1.1252 train_acc=0.6558 test_loss=2.2106 test_acc=0.1385
Round 52 | selected=[41, 98, 97, 1, 93, 3, 33, 87, 88, 31]
Round 52 | train_loss=1.3275 train_acc=0.5610 test_loss=2.1398 test_acc=0.1784
Round 53 | selected=[66, 26, 17, 68, 79, 88, 27, 25, 89, 12]
Round 53 | train_loss=1.3550 train_acc=0.5398 test_loss=2.5761 test_acc=0.1382
Round 54 | selected=[13, 22, 89, 3, 91, 63, 61, 14, 90, 95]
Round 54 | train_loss=1.5790 train_acc=0.4456 test_loss=2.3334 test_acc=0.2289
Round 55 | selected=[18, 90, 57, 2, 98, 61, 67, 51, 60, 76]
Round 55 | train_loss=1.4713 train_acc=0.5156 test_loss=2.1137 test_acc=0.2136
Round 56 | selected=[20, 50, 90, 10, 18, 73, 52, 26, 41, 76]
Round 56 | train_loss=1.2310 train_acc=0.6246 test_loss=2.1678 test_acc=0.2036
Round 57 | selected=[44, 6, 91, 4, 15, 23, 76, 36, 73, 50]
Round 57 | train_loss=1.2691 train_acc=0.5956 test_loss=2.2000 test_acc=0.1945
Round 58 | selected=[76, 70, 99, 41, 38, 17, 77, 34, 21, 59]
Round 58 | train_loss=1.2700 train_acc=0.5704 test_loss=2.1437 test_acc=0.1904
Round 59 | selected=[31, 41, 12, 17, 67, 42, 84, 82, 16, 69]
Round 59 | train_loss=1.2827 train_acc=0.5826 test_loss=2.1059 test_acc=0.2056
Round 60 | selected=[6, 43, 10, 86, 28, 11, 19, 79, 39, 60]
Round 60 | train_loss=1.2458 train_acc=0.5884 test_loss=2.0760 test_acc=0.2519
Round 61 | selected=[46, 2, 96, 11, 65, 66, 23, 24, 78, 19]
Round 61 | train_loss=1.1843 train_acc=0.6572 test_loss=2.2392 test_acc=0.1666
Round 62 | selected=[88, 68, 83, 23, 30, 86, 70, 0, 97, 75]
Round 62 | train_loss=1.2513 train_acc=0.6058 test_loss=2.0785 test_acc=0.2011
Round 63 | selected=[16, 27, 68, 1, 40, 96, 88, 34, 77, 53]
Round 63 | train_loss=1.2871 train_acc=0.5738 test_loss=2.4494 test_acc=0.1301
Round 64 | selected=[9, 76, 78, 87, 2, 79, 65, 37, 60, 64]
Round 64 | train_loss=1.4154 train_acc=0.5284 test_loss=2.3592 test_acc=0.1526
Round 65 | selected=[79, 96, 86, 98, 9, 75, 58, 87, 51, 17]
Round 65 | train_loss=1.3746 train_acc=0.5638 test_loss=2.2135 test_acc=0.1714
Round 66 | selected=[3, 41, 39, 35, 38, 13, 11, 31, 81, 1]
Round 66 | train_loss=1.2491 train_acc=0.5948 test_loss=2.2515 test_acc=0.1452
Round 67 | selected=[45, 75, 3, 47, 57, 56, 88, 79, 8, 22]
Round 67 | train_loss=1.4136 train_acc=0.5208 test_loss=1.9592 test_acc=0.2534
Round 68 | selected=[65, 16, 0, 7, 40, 77, 81, 41, 60, 83]
Round 68 | train_loss=1.1678 train_acc=0.6366 test_loss=2.0161 test_acc=0.2584
Round 69 | selected=[18, 68, 89, 15, 88, 93, 49, 92, 67, 38]
Round 69 | train_loss=1.3099 train_acc=0.5758 test_loss=1.9259 test_acc=0.2475
Round 70 | selected=[1, 99, 7, 54, 51, 92, 67, 95, 88, 50]
Round 70 | train_loss=1.2281 train_acc=0.5996 test_loss=1.9562 test_acc=0.2475
Round 71 | selected=[45, 20, 79, 28, 66, 94, 35, 11, 93, 33]
Round 71 | train_loss=1.2447 train_acc=0.6236 test_loss=2.2366 test_acc=0.1997
Round 72 | selected=[64, 43, 83, 81, 5, 71, 95, 58, 11, 74]
Round 72 | train_loss=1.2169 train_acc=0.5892 test_loss=2.0224 test_acc=0.2305
Round 73 | selected=[50, 32, 0, 81, 8, 64, 66, 60, 70, 45]
Round 73 | train_loss=1.0703 train_acc=0.6510 test_loss=2.1181 test_acc=0.1968
Round 74 | selected=[92, 58, 39, 11, 3, 84, 97, 85, 20, 65]
Round 74 | train_loss=1.2351 train_acc=0.5828 test_loss=2.2206 test_acc=0.1860
Round 75 | selected=[92, 29, 28, 26, 10, 65, 85, 84, 43, 42]
Round 75 | train_loss=1.1306 train_acc=0.6408 test_loss=1.9310 test_acc=0.2197
Round 76 | selected=[93, 19, 91, 29, 14, 4, 88, 32, 0, 11]
Round 76 | train_loss=1.1279 train_acc=0.6416 test_loss=1.8959 test_acc=0.2430
Round 77 | selected=[58, 76, 51, 88, 10, 37, 94, 99, 69, 89]
Round 77 | train_loss=1.0920 train_acc=0.6706 test_loss=1.9478 test_acc=0.2523
Round 78 | selected=[6, 3, 33, 78, 32, 97, 83, 86, 80, 62]
Round 78 | train_loss=1.2040 train_acc=0.6100 test_loss=2.1218 test_acc=0.2024
Round 79 | selected=[88, 71, 8, 85, 82, 50, 51, 44, 14, 56]
Round 79 | train_loss=1.2220 train_acc=0.6060 test_loss=2.1473 test_acc=0.2198
Round 80 | selected=[2, 7, 13, 46, 71, 19, 24, 77, 86, 79]
Round 80 | train_loss=1.3853 train_acc=0.5804 test_loss=2.1958 test_acc=0.1547
Round 81 | selected=[25, 90, 13, 32, 59, 66, 54, 81, 67, 16]
Round 81 | train_loss=1.1846 train_acc=0.6218 test_loss=1.9366 test_acc=0.2504
Round 82 | selected=[85, 20, 54, 73, 50, 70, 71, 51, 99, 74]
Round 82 | train_loss=1.1075 train_acc=0.6584 test_loss=1.9620 test_acc=0.2855
Round 83 | selected=[42, 20, 17, 11, 98, 10, 46, 84, 38, 53]
Round 83 | train_loss=1.2518 train_acc=0.5900 test_loss=2.1168 test_acc=0.2321
Round 84 | selected=[72, 1, 52, 21, 9, 5, 69, 45, 74, 58]
Round 84 | train_loss=1.2930 train_acc=0.5992 test_loss=1.9448 test_acc=0.2658
Round 85 | selected=[74, 13, 75, 78, 80, 24, 8, 30, 97, 20]
Round 85 | train_loss=1.2249 train_acc=0.6276 test_loss=1.9416 test_acc=0.2649
Round 86 | selected=[48, 45, 38, 10, 71, 84, 82, 53, 42, 7]
Round 86 | train_loss=1.0671 train_acc=0.6702 test_loss=2.2791 test_acc=0.2012
Round 87 | selected=[98, 54, 40, 95, 59, 88, 92, 93, 28, 97]
Round 87 | train_loss=1.1748 train_acc=0.6040 test_loss=1.9892 test_acc=0.2045
Round 88 | selected=[16, 44, 9, 82, 81, 18, 85, 94, 64, 88]
Round 88 | train_loss=1.2394 train_acc=0.5786 test_loss=2.0062 test_acc=0.2869
Round 89 | selected=[18, 61, 27, 67, 48, 57, 95, 49, 76, 30]
Round 89 | train_loss=1.2476 train_acc=0.5890 test_loss=1.9338 test_acc=0.2724
Round 90 | selected=[90, 31, 36, 67, 7, 93, 1, 77, 11, 15]
Round 90 | train_loss=1.2127 train_acc=0.6294 test_loss=2.0370 test_acc=0.2392
Round 91 | selected=[50, 15, 33, 91, 99, 98, 2, 67, 49, 43]
Round 91 | train_loss=1.2768 train_acc=0.5882 test_loss=2.0570 test_acc=0.1942
Round 92 | selected=[47, 23, 16, 25, 85, 13, 15, 12, 55, 97]
Round 92 | train_loss=1.2522 train_acc=0.5658 test_loss=1.9668 test_acc=0.2606
Round 93 | selected=[10, 5, 36, 2, 76, 89, 40, 12, 58, 47]
Round 93 | train_loss=1.0624 train_acc=0.6834 test_loss=1.9442 test_acc=0.2473
Round 94 | selected=[56, 51, 89, 78, 22, 87, 67, 62, 11, 91]
Round 94 | train_loss=1.1785 train_acc=0.6174 test_loss=1.9441 test_acc=0.2365
Round 95 | selected=[36, 56, 50, 92, 13, 42, 93, 8, 20, 45]
Round 95 | train_loss=1.0350 train_acc=0.6690 test_loss=1.9799 test_acc=0.2640
Round 96 | selected=[42, 2, 44, 21, 74, 82, 34, 83, 49, 31]
Round 96 | train_loss=1.1805 train_acc=0.6384 test_loss=2.1333 test_acc=0.2187
Round 97 | selected=[20, 33, 86, 30, 23, 31, 71, 2, 50, 69]
Round 97 | train_loss=1.2078 train_acc=0.6326 test_loss=2.0441 test_acc=0.2338
Round 98 | selected=[75, 45, 13, 32, 12, 54, 16, 80, 83, 86]
Round 98 | train_loss=1.1247 train_acc=0.6410 test_loss=1.9444 test_acc=0.3206
Round 99 | selected=[31, 83, 63, 91, 90, 35, 69, 82, 16, 49]
Round 99 | train_loss=1.3016 train_acc=0.5838 test_loss=2.0835 test_acc=0.2897
Round 100 | selected=[45, 35, 10, 6, 64, 72, 34, 37, 75, 7]
Round 100 | train_loss=1.1790 train_acc=0.6228 test_loss=1.8780 test_acc=0.3228
Round 101 | selected=[1, 11, 21, 12, 36, 50, 53, 52, 9, 37]
Round 101 | train_loss=1.0204 train_acc=0.6836 test_loss=1.9701 test_acc=0.2315
Round 102 | selected=[78, 94, 38, 97, 29, 51, 73, 52, 76, 1]
Round 102 | train_loss=1.0775 train_acc=0.6432 test_loss=2.2916 test_acc=0.1918
Round 103 | selected=[48, 85, 24, 15, 40, 35, 70, 43, 90, 26]
Round 103 | train_loss=1.4809 train_acc=0.5212 test_loss=2.2422 test_acc=0.2414
Round 104 | selected=[37, 29, 21, 85, 7, 4, 79, 76, 47, 23]
Round 104 | train_loss=1.2936 train_acc=0.6114 test_loss=2.1118 test_acc=0.1929
Round 105 | selected=[42, 23, 78, 32, 19, 3, 21, 57, 24, 98]
Round 105 | train_loss=1.2294 train_acc=0.6002 test_loss=1.9456 test_acc=0.2569
Round 106 | selected=[25, 82, 31, 36, 65, 7, 41, 66, 75, 58]
Round 106 | train_loss=1.1534 train_acc=0.6438 test_loss=1.9005 test_acc=0.2986
Round 107 | selected=[37, 63, 64, 13, 73, 79, 33, 56, 10, 99]
Round 107 | train_loss=1.2028 train_acc=0.6198 test_loss=1.9382 test_acc=0.2727
Round 108 | selected=[66, 64, 2, 75, 29, 4, 16, 99, 77, 0]
Round 108 | train_loss=1.0886 train_acc=0.6568 test_loss=1.8800 test_acc=0.2455
Round 109 | selected=[43, 74, 18, 13, 17, 91, 71, 82, 85, 35]
Round 109 | train_loss=1.4070 train_acc=0.5164 test_loss=1.8349 test_acc=0.2927
Round 110 | selected=[49, 89, 46, 3, 79, 82, 16, 90, 57, 58]
Round 110 | train_loss=1.1894 train_acc=0.6188 test_loss=1.9409 test_acc=0.2500
Round 111 | selected=[12, 41, 68, 0, 93, 29, 81, 54, 44, 57]
Round 111 | train_loss=1.0903 train_acc=0.6244 test_loss=2.0170 test_acc=0.2551
Round 112 | selected=[16, 86, 51, 25, 57, 48, 34, 36, 63, 76]
Round 112 | train_loss=1.0943 train_acc=0.6428 test_loss=1.8388 test_acc=0.2852
Round 113 | selected=[70, 34, 33, 48, 27, 16, 50, 44, 24, 75]
Round 113 | train_loss=1.1161 train_acc=0.6574 test_loss=1.8677 test_acc=0.3090
Round 114 | selected=[26, 31, 15, 13, 51, 96, 86, 39, 90, 19]
Round 114 | train_loss=1.1977 train_acc=0.6472 test_loss=2.0570 test_acc=0.1953
Round 115 | selected=[71, 72, 74, 12, 84, 99, 76, 68, 59, 36]
Round 115 | train_loss=1.1529 train_acc=0.6260 test_loss=1.9139 test_acc=0.2926
Round 116 | selected=[6, 35, 55, 52, 97, 78, 5, 76, 53, 56]
Round 116 | train_loss=1.2271 train_acc=0.5968 test_loss=1.9760 test_acc=0.2021
Round 117 | selected=[33, 96, 7, 4, 53, 81, 67, 24, 88, 64]
Round 117 | train_loss=1.1974 train_acc=0.6032 test_loss=1.9160 test_acc=0.2402
Round 118 | selected=[24, 17, 90, 76, 39, 34, 35, 2, 66, 12]
Round 118 | train_loss=1.2385 train_acc=0.5716 test_loss=2.2132 test_acc=0.2311
Round 119 | selected=[64, 97, 94, 24, 45, 22, 48, 25, 81, 57]
Round 119 | train_loss=1.3995 train_acc=0.5416 test_loss=2.0757 test_acc=0.2392
Round 120 | selected=[28, 38, 41, 36, 30, 79, 5, 61, 50, 20]
Round 120 | train_loss=1.1820 train_acc=0.6414 test_loss=2.1348 test_acc=0.2000
Round 121 | selected=[34, 62, 94, 41, 27, 64, 96, 72, 45, 18]
Round 121 | train_loss=1.2388 train_acc=0.5770 test_loss=1.9935 test_acc=0.2867
Round 122 | selected=[76, 61, 9, 70, 37, 74, 85, 89, 64, 94]
Round 122 | train_loss=1.1450 train_acc=0.6256 test_loss=1.9158 test_acc=0.2808
Round 123 | selected=[28, 25, 19, 75, 43, 44, 87, 20, 38, 53]
Round 123 | train_loss=1.1592 train_acc=0.6210 test_loss=1.9888 test_acc=0.2570
Round 124 | selected=[99, 88, 92, 27, 57, 41, 61, 5, 11, 0]
Round 124 | train_loss=1.1905 train_acc=0.6262 test_loss=1.9603 test_acc=0.2449
Round 125 | selected=[20, 74, 28, 12, 55, 44, 81, 15, 50, 40]
Round 125 | train_loss=1.0488 train_acc=0.6700 test_loss=1.8587 test_acc=0.3064
Round 126 | selected=[71, 60, 16, 46, 39, 69, 48, 52, 23, 78]
Round 126 | train_loss=1.1619 train_acc=0.6344 test_loss=1.9503 test_acc=0.2057
Round 127 | selected=[61, 57, 4, 87, 66, 58, 82, 28, 26, 52]
Round 127 | train_loss=0.9065 train_acc=0.7020 test_loss=1.8641 test_acc=0.2908
Round 128 | selected=[68, 7, 43, 81, 46, 88, 94, 48, 47, 31]
Round 128 | train_loss=1.2410 train_acc=0.5852 test_loss=2.2055 test_acc=0.2242
Round 129 | selected=[68, 3, 51, 92, 84, 88, 79, 56, 85, 75]
Round 129 | train_loss=1.1949 train_acc=0.6130 test_loss=1.9082 test_acc=0.2344
Round 130 | selected=[38, 15, 69, 9, 21, 82, 43, 18, 92, 87]
Round 130 | train_loss=1.0769 train_acc=0.6458 test_loss=2.0195 test_acc=0.1954
Round 131 | selected=[3, 43, 73, 91, 81, 80, 55, 40, 14, 58]
Round 131 | train_loss=1.1377 train_acc=0.6066 test_loss=1.9574 test_acc=0.2454
Round 132 | selected=[93, 63, 46, 12, 78, 82, 52, 26, 86, 70]
Round 132 | train_loss=1.1466 train_acc=0.6302 test_loss=1.8547 test_acc=0.3150
Round 133 | selected=[51, 1, 92, 77, 82, 49, 75, 97, 36, 56]
Round 133 | train_loss=1.1476 train_acc=0.6416 test_loss=1.7696 test_acc=0.3271
Round 134 | selected=[80, 73, 62, 87, 45, 83, 89, 75, 46, 17]
Round 134 | train_loss=0.9611 train_acc=0.6952 test_loss=1.9062 test_acc=0.2759
Round 135 | selected=[8, 60, 45, 32, 28, 74, 93, 84, 29, 49]
Round 135 | train_loss=1.2437 train_acc=0.6116 test_loss=2.1247 test_acc=0.2450
Round 136 | selected=[69, 97, 91, 1, 40, 67, 98, 13, 56, 36]
Round 136 | train_loss=1.4351 train_acc=0.5402 test_loss=2.1812 test_acc=0.3128
Round 137 | selected=[54, 78, 37, 13, 5, 57, 2, 44, 48, 28]
Round 137 | train_loss=1.5212 train_acc=0.5574 test_loss=1.9391 test_acc=0.2429
Round 138 | selected=[26, 13, 33, 8, 77, 31, 28, 70, 47, 57]
Round 138 | train_loss=1.0918 train_acc=0.6520 test_loss=2.0717 test_acc=0.2242
Round 139 | selected=[74, 93, 85, 18, 84, 21, 68, 62, 72, 7]
Round 139 | train_loss=1.3508 train_acc=0.5466 test_loss=1.9152 test_acc=0.2639
Round 140 | selected=[63, 1, 77, 51, 48, 30, 67, 55, 36, 13]
Round 140 | train_loss=1.1668 train_acc=0.6188 test_loss=1.8550 test_acc=0.3154
Round 141 | selected=[48, 91, 29, 60, 4, 9, 22, 27, 45, 21]
Round 141 | train_loss=1.2779 train_acc=0.5844 test_loss=2.0595 test_acc=0.2170
Round 142 | selected=[22, 18, 17, 0, 42, 24, 13, 91, 35, 88]
Round 142 | train_loss=1.2924 train_acc=0.5476 test_loss=1.9860 test_acc=0.2301
Round 143 | selected=[5, 48, 37, 43, 54, 88, 30, 61, 34, 79]
Round 143 | train_loss=1.0633 train_acc=0.6634 test_loss=1.8414 test_acc=0.3326
Round 144 | selected=[2, 85, 26, 42, 67, 68, 93, 76, 58, 74]
Round 144 | train_loss=1.3032 train_acc=0.5814 test_loss=1.8037 test_acc=0.3462
Round 145 | selected=[52, 31, 1, 92, 23, 96, 40, 0, 16, 9]
Round 145 | train_loss=0.9345 train_acc=0.7366 test_loss=1.7929 test_acc=0.2932
Round 146 | selected=[34, 88, 98, 86, 89, 59, 60, 81, 28, 9]
Round 146 | train_loss=1.1860 train_acc=0.6132 test_loss=1.9887 test_acc=0.2428
Round 147 | selected=[59, 37, 57, 27, 82, 44, 83, 51, 92, 99]
Round 147 | train_loss=1.1572 train_acc=0.6090 test_loss=2.0787 test_acc=0.2361
Round 148 | selected=[73, 1, 71, 81, 14, 65, 8, 89, 67, 80]
Round 148 | train_loss=1.1267 train_acc=0.6494 test_loss=1.9567 test_acc=0.2491
Round 149 | selected=[87, 89, 42, 75, 8, 47, 19, 48, 50, 34]
Round 149 | train_loss=0.9652 train_acc=0.6958 test_loss=1.8073 test_acc=0.3081
Round 150 | selected=[92, 9, 4, 32, 53, 80, 22, 68, 2, 31]
Round 150 | train_loss=1.2340 train_acc=0.6038 test_loss=1.9348 test_acc=0.2446
Round 151 | selected=[79, 95, 42, 6, 1, 17, 76, 83, 73, 3]
Round 151 | train_loss=1.2242 train_acc=0.5982 test_loss=1.8064 test_acc=0.3362
Round 152 | selected=[93, 44, 6, 0, 10, 82, 81, 86, 48, 89]
Round 152 | train_loss=0.9154 train_acc=0.7098 test_loss=2.2477 test_acc=0.1722
Round 153 | selected=[32, 72, 9, 43, 55, 67, 78, 4, 6, 66]
Round 153 | train_loss=1.3314 train_acc=0.5518 test_loss=2.1403 test_acc=0.2456
Round 154 | selected=[31, 20, 52, 36, 15, 99, 72, 26, 40, 63]
Round 154 | train_loss=1.1005 train_acc=0.6654 test_loss=1.8680 test_acc=0.3094
Round 155 | selected=[78, 96, 56, 75, 63, 93, 38, 45, 89, 55]
Round 155 | train_loss=1.0419 train_acc=0.6656 test_loss=1.9143 test_acc=0.2682
Round 156 | selected=[64, 4, 87, 76, 91, 15, 95, 13, 83, 26]
Round 156 | train_loss=1.0700 train_acc=0.6410 test_loss=1.8638 test_acc=0.2816
Round 157 | selected=[0, 94, 14, 44, 90, 39, 93, 9, 96, 28]
Round 157 | train_loss=1.1636 train_acc=0.6282 test_loss=2.0593 test_acc=0.2341
Round 158 | selected=[35, 68, 67, 0, 54, 29, 85, 38, 47, 62]
Round 158 | train_loss=1.1929 train_acc=0.5924 test_loss=2.0128 test_acc=0.2261
Round 159 | selected=[87, 9, 16, 11, 92, 98, 24, 59, 46, 5]
Round 159 | train_loss=1.0686 train_acc=0.6542 test_loss=1.9499 test_acc=0.2754
Round 160 | selected=[16, 73, 81, 92, 30, 45, 27, 55, 80, 67]
Round 160 | train_loss=0.8666 train_acc=0.7216 test_loss=2.0525 test_acc=0.2237
Round 161 | selected=[77, 1, 56, 94, 89, 2, 20, 63, 72, 10]
Round 161 | train_loss=1.5313 train_acc=0.5198 test_loss=2.0393 test_acc=0.2940
Round 162 | selected=[8, 60, 47, 67, 14, 15, 43, 6, 85, 73]
Round 162 | train_loss=1.5144 train_acc=0.5438 test_loss=1.8905 test_acc=0.2562
Round 163 | selected=[13, 25, 29, 69, 22, 95, 50, 91, 38, 58]
Round 163 | train_loss=1.2160 train_acc=0.5752 test_loss=1.7719 test_acc=0.3104
Round 164 | selected=[63, 27, 66, 11, 8, 33, 28, 51, 97, 46]
Round 164 | train_loss=1.0680 train_acc=0.6726 test_loss=2.1240 test_acc=0.2239
Round 165 | selected=[68, 28, 63, 42, 10, 36, 34, 17, 25, 82]
Round 165 | train_loss=1.1825 train_acc=0.5996 test_loss=1.7548 test_acc=0.3380
Round 166 | selected=[22, 85, 98, 52, 86, 9, 88, 33, 80, 83]
Round 166 | train_loss=1.0571 train_acc=0.6594 test_loss=1.8067 test_acc=0.3152
Round 167 | selected=[27, 14, 36, 1, 31, 93, 56, 13, 35, 12]
Round 167 | train_loss=1.1197 train_acc=0.6238 test_loss=1.7988 test_acc=0.3349
Round 168 | selected=[22, 70, 43, 62, 93, 20, 1, 74, 92, 4]
Round 168 | train_loss=1.1049 train_acc=0.6184 test_loss=1.8741 test_acc=0.2774
Round 169 | selected=[77, 37, 53, 68, 18, 0, 74, 71, 40, 91]
Round 169 | train_loss=1.2800 train_acc=0.6018 test_loss=1.8871 test_acc=0.2867
Round 170 | selected=[90, 83, 81, 84, 56, 64, 42, 15, 99, 97]
Round 170 | train_loss=1.1498 train_acc=0.6354 test_loss=1.7641 test_acc=0.2881
Round 171 | selected=[11, 16, 40, 42, 64, 45, 33, 52, 4, 56]
Round 171 | train_loss=0.9646 train_acc=0.6916 test_loss=2.1551 test_acc=0.2392
Round 172 | selected=[56, 48, 57, 69, 58, 18, 21, 79, 59, 81]
Round 172 | train_loss=1.2130 train_acc=0.5920 test_loss=1.8713 test_acc=0.3548
Round 173 | selected=[38, 78, 27, 77, 11, 34, 92, 6, 63, 44]
Round 173 | train_loss=1.0702 train_acc=0.6636 test_loss=1.9406 test_acc=0.3267
Round 174 | selected=[14, 51, 84, 53, 69, 43, 13, 17, 16, 58]
Round 174 | train_loss=1.0998 train_acc=0.6310 test_loss=1.7710 test_acc=0.3460
Round 175 | selected=[75, 1, 58, 97, 62, 9, 19, 14, 71, 99]
Round 175 | train_loss=0.9667 train_acc=0.6998 test_loss=1.7293 test_acc=0.3202
Round 176 | selected=[25, 8, 30, 37, 35, 72, 67, 53, 83, 2]
Round 176 | train_loss=1.1867 train_acc=0.6202 test_loss=1.8961 test_acc=0.2485
Round 177 | selected=[9, 87, 86, 78, 33, 39, 10, 59, 58, 48]
Round 177 | train_loss=1.0883 train_acc=0.6586 test_loss=2.0283 test_acc=0.2645
Round 178 | selected=[40, 86, 7, 66, 69, 49, 13, 28, 75, 39]
Round 178 | train_loss=1.1178 train_acc=0.6548 test_loss=2.1008 test_acc=0.2499
Round 179 | selected=[8, 1, 83, 97, 43, 90, 21, 93, 62, 69]
Round 179 | train_loss=1.2598 train_acc=0.5880 test_loss=1.9025 test_acc=0.2430
Round 180 | selected=[31, 61, 2, 26, 28, 67, 44, 22, 24, 98]
Round 180 | train_loss=1.1032 train_acc=0.6372 test_loss=1.8288 test_acc=0.3298
Round 181 | selected=[54, 43, 64, 94, 18, 90, 39, 66, 78, 12]
Round 181 | train_loss=1.1331 train_acc=0.6328 test_loss=1.8603 test_acc=0.2986
Round 182 | selected=[89, 29, 33, 0, 84, 64, 60, 25, 79, 96]
Round 182 | train_loss=1.0624 train_acc=0.6382 test_loss=1.7759 test_acc=0.3088
Round 183 | selected=[44, 47, 24, 89, 68, 57, 80, 76, 28, 82]
Round 183 | train_loss=1.0271 train_acc=0.6578 test_loss=2.0075 test_acc=0.2384
Round 184 | selected=[33, 67, 90, 36, 56, 81, 34, 10, 97, 49]
Round 184 | train_loss=1.0531 train_acc=0.6524 test_loss=1.6832 test_acc=0.3820
Round 185 | selected=[48, 42, 79, 56, 0, 43, 76, 78, 7, 38]
Round 185 | train_loss=1.0030 train_acc=0.7022 test_loss=1.8037 test_acc=0.2955
Round 186 | selected=[79, 82, 47, 46, 59, 96, 85, 0, 50, 31]
Round 186 | train_loss=0.8932 train_acc=0.7216 test_loss=1.8456 test_acc=0.2946
Round 187 | selected=[98, 69, 25, 4, 57, 41, 47, 13, 16, 31]
Round 187 | train_loss=1.1056 train_acc=0.6266 test_loss=1.8768 test_acc=0.3297
Round 188 | selected=[0, 9, 55, 4, 32, 5, 22, 79, 46, 18]
Round 188 | train_loss=1.2613 train_acc=0.5974 test_loss=2.2347 test_acc=0.2247
Round 189 | selected=[44, 11, 7, 29, 65, 0, 99, 55, 93, 86]
Round 189 | train_loss=1.1149 train_acc=0.6396 test_loss=1.8672 test_acc=0.3161
Round 190 | selected=[41, 25, 89, 74, 31, 21, 34, 6, 27, 20]
Round 190 | train_loss=1.1701 train_acc=0.6090 test_loss=1.8158 test_acc=0.2999
Round 191 | selected=[5, 4, 95, 69, 91, 42, 77, 56, 29, 13]
Round 191 | train_loss=1.0831 train_acc=0.6360 test_loss=1.7635 test_acc=0.3257
Round 192 | selected=[77, 20, 65, 82, 52, 29, 60, 88, 74, 36]
Round 192 | train_loss=1.1123 train_acc=0.6354 test_loss=1.8143 test_acc=0.3003
Round 193 | selected=[37, 72, 48, 32, 79, 78, 82, 42, 28, 52]
Round 193 | train_loss=0.9357 train_acc=0.7090 test_loss=1.9184 test_acc=0.3236
Round 194 | selected=[87, 22, 15, 79, 38, 54, 56, 50, 20, 14]
Round 194 | train_loss=1.1705 train_acc=0.6254 test_loss=2.0099 test_acc=0.2709
Round 195 | selected=[19, 88, 26, 22, 10, 55, 25, 45, 89, 8]
Round 195 | train_loss=1.0254 train_acc=0.6630 test_loss=1.8333 test_acc=0.2698
Round 196 | selected=[4, 39, 95, 45, 27, 94, 10, 15, 12, 58]
Round 196 | train_loss=1.1264 train_acc=0.6592 test_loss=2.0696 test_acc=0.2179
Round 197 | selected=[13, 78, 76, 95, 20, 94, 70, 62, 90, 34]
Round 197 | train_loss=1.1693 train_acc=0.6118 test_loss=1.7767 test_acc=0.3096
Round 198 | selected=[79, 56, 26, 35, 22, 57, 20, 0, 11, 5]
Round 198 | train_loss=1.0468 train_acc=0.6382 test_loss=2.1135 test_acc=0.2311
Round 199 | selected=[65, 68, 20, 67, 93, 91, 21, 11, 33, 38]
Round 199 | train_loss=1.1186 train_acc=0.6256 test_loss=1.8711 test_acc=0.2722
Round 200 | selected=[64, 90, 8, 33, 75, 32, 66, 37, 31, 17]
Round 200 | train_loss=1.0026 train_acc=0.6920 test_loss=1.8295 test_acc=0.3505
Round 201 | selected=[77, 9, 70, 84, 8, 3, 32, 56, 27, 88]
Round 201 | train_loss=1.0979 train_acc=0.6522 test_loss=1.7406 test_acc=0.3446
Round 202 | selected=[72, 50, 81, 11, 75, 64, 80, 55, 10, 9]
Round 202 | train_loss=0.9357 train_acc=0.6974 test_loss=1.6575 test_acc=0.3889
Round 203 | selected=[62, 75, 2, 59, 43, 39, 11, 85, 98, 72]
Round 203 | train_loss=1.0363 train_acc=0.6692 test_loss=1.7215 test_acc=0.3068
Round 204 | selected=[12, 63, 70, 98, 17, 72, 27, 96, 21, 47]
Round 204 | train_loss=1.0550 train_acc=0.6562 test_loss=1.8373 test_acc=0.3150
Round 205 | selected=[36, 19, 77, 68, 14, 69, 53, 94, 76, 32]
Round 205 | train_loss=1.0360 train_acc=0.6658 test_loss=1.7099 test_acc=0.3202
Round 206 | selected=[46, 12, 29, 33, 79, 78, 67, 49, 61, 53]
Round 206 | train_loss=1.0936 train_acc=0.6626 test_loss=1.8640 test_acc=0.3063
Round 207 | selected=[85, 99, 2, 29, 54, 67, 31, 78, 52, 44]
Round 207 | train_loss=0.9305 train_acc=0.6982 test_loss=2.0795 test_acc=0.2555
Round 208 | selected=[85, 89, 73, 55, 66, 97, 27, 3, 75, 32]
Round 208 | train_loss=1.1230 train_acc=0.6190 test_loss=1.8887 test_acc=0.2862
Round 209 | selected=[65, 16, 41, 78, 73, 48, 3, 66, 90, 33]
Round 209 | train_loss=1.0161 train_acc=0.6682 test_loss=1.8173 test_acc=0.3114
Round 210 | selected=[95, 31, 82, 25, 67, 93, 73, 16, 22, 40]
Round 210 | train_loss=1.1443 train_acc=0.6064 test_loss=1.8971 test_acc=0.3089
Round 211 | selected=[44, 34, 32, 13, 37, 61, 25, 53, 21, 78]
Round 211 | train_loss=1.4335 train_acc=0.5846 test_loss=1.9072 test_acc=0.2374
Round 212 | selected=[48, 57, 11, 53, 14, 40, 62, 31, 83, 98]
Round 212 | train_loss=1.1476 train_acc=0.6228 test_loss=2.1257 test_acc=0.1913
Round 213 | selected=[74, 64, 18, 85, 44, 70, 7, 29, 56, 26]
Round 213 | train_loss=1.2239 train_acc=0.5736 test_loss=1.7951 test_acc=0.3471
Round 214 | selected=[69, 37, 68, 65, 38, 89, 86, 15, 61, 1]
Round 214 | train_loss=0.8301 train_acc=0.7454 test_loss=2.0147 test_acc=0.2901
Round 215 | selected=[76, 61, 41, 43, 55, 46, 62, 99, 14, 19]
Round 215 | train_loss=1.0013 train_acc=0.6620 test_loss=1.9411 test_acc=0.2552
Round 216 | selected=[36, 99, 80, 59, 93, 37, 33, 91, 90, 0]
Round 216 | train_loss=1.0917 train_acc=0.6416 test_loss=1.8951 test_acc=0.2927
Round 217 | selected=[35, 27, 97, 39, 66, 69, 43, 64, 70, 54]
Round 217 | train_loss=1.1735 train_acc=0.5972 test_loss=1.6294 test_acc=0.4102
Round 218 | selected=[65, 11, 90, 26, 94, 71, 10, 68, 16, 88]
Round 218 | train_loss=0.8792 train_acc=0.7254 test_loss=1.6528 test_acc=0.3927
Round 219 | selected=[85, 31, 30, 65, 86, 4, 90, 50, 82, 91]
Round 219 | train_loss=0.8750 train_acc=0.7194 test_loss=1.7177 test_acc=0.3562
Round 220 | selected=[4, 43, 56, 30, 51, 76, 95, 97, 86, 48]
Round 220 | train_loss=0.9954 train_acc=0.6722 test_loss=1.8510 test_acc=0.2969
Round 221 | selected=[5, 27, 8, 28, 41, 88, 24, 38, 21, 10]
Round 221 | train_loss=1.0309 train_acc=0.6702 test_loss=1.8320 test_acc=0.3227
Round 222 | selected=[15, 0, 49, 2, 72, 63, 5, 97, 94, 12]
Round 222 | train_loss=0.9064 train_acc=0.7050 test_loss=1.8631 test_acc=0.3210
Round 223 | selected=[37, 65, 7, 96, 13, 79, 36, 53, 38, 19]
Round 223 | train_loss=0.9224 train_acc=0.7050 test_loss=1.7525 test_acc=0.3232
Round 224 | selected=[18, 96, 26, 33, 54, 84, 76, 36, 95, 34]
Round 224 | train_loss=0.9502 train_acc=0.6866 test_loss=1.7109 test_acc=0.3851
Round 225 | selected=[54, 0, 59, 50, 13, 49, 65, 33, 5, 44]
Round 225 | train_loss=0.8147 train_acc=0.7556 test_loss=1.8699 test_acc=0.3447
Round 226 | selected=[18, 58, 96, 24, 20, 68, 19, 94, 54, 83]
Round 226 | train_loss=1.0319 train_acc=0.6702 test_loss=1.7107 test_acc=0.3311
Round 227 | selected=[93, 77, 5, 55, 10, 86, 98, 57, 54, 84]
Round 227 | train_loss=0.9502 train_acc=0.6880 test_loss=1.8990 test_acc=0.2468
Round 228 | selected=[1, 13, 45, 81, 23, 59, 6, 22, 71, 66]
Round 228 | train_loss=1.1020 train_acc=0.6374 test_loss=1.6880 test_acc=0.3558
Round 229 | selected=[8, 28, 38, 54, 36, 44, 75, 17, 91, 1]
Round 229 | train_loss=0.9351 train_acc=0.7124 test_loss=1.9378 test_acc=0.2961
Round 230 | selected=[18, 22, 92, 57, 86, 93, 17, 34, 78, 74]
Round 230 | train_loss=1.1620 train_acc=0.6008 test_loss=1.8290 test_acc=0.3473
Round 231 | selected=[14, 93, 63, 52, 98, 49, 15, 67, 51, 80]
Round 231 | train_loss=1.1040 train_acc=0.6682 test_loss=1.7296 test_acc=0.3117
Round 232 | selected=[73, 16, 43, 44, 66, 7, 99, 80, 10, 78]
Round 232 | train_loss=0.9290 train_acc=0.6890 test_loss=1.6819 test_acc=0.3459
Round 233 | selected=[1, 99, 18, 98, 15, 59, 97, 32, 82, 6]
Round 233 | train_loss=0.9642 train_acc=0.6804 test_loss=1.7340 test_acc=0.3383
Round 234 | selected=[13, 28, 43, 69, 45, 63, 57, 90, 32, 71]
Round 234 | train_loss=1.0221 train_acc=0.6654 test_loss=1.8648 test_acc=0.3104
Round 235 | selected=[3, 48, 54, 24, 74, 76, 65, 97, 77, 85]
Round 235 | train_loss=1.0842 train_acc=0.6456 test_loss=1.8125 test_acc=0.3230
Round 236 | selected=[73, 90, 61, 99, 16, 79, 6, 43, 98, 84]
Round 236 | train_loss=1.0084 train_acc=0.6640 test_loss=1.8182 test_acc=0.3273
Round 237 | selected=[98, 22, 3, 71, 23, 50, 67, 40, 66, 45]
Round 237 | train_loss=1.0194 train_acc=0.6508 test_loss=1.6676 test_acc=0.3349
Round 238 | selected=[27, 61, 46, 93, 48, 14, 62, 15, 33, 82]
Round 238 | train_loss=1.0396 train_acc=0.6504 test_loss=1.8501 test_acc=0.3071
Round 239 | selected=[34, 93, 9, 99, 2, 38, 6, 62, 74, 54]
Round 239 | train_loss=0.9831 train_acc=0.6714 test_loss=1.9460 test_acc=0.3006
Round 240 | selected=[77, 85, 7, 21, 84, 8, 79, 96, 5, 64]
Round 240 | train_loss=0.9955 train_acc=0.6800 test_loss=1.8601 test_acc=0.2937
Round 241 | selected=[46, 96, 53, 27, 16, 37, 84, 3, 89, 73]
Round 241 | train_loss=0.9668 train_acc=0.6676 test_loss=1.8004 test_acc=0.3412
Round 242 | selected=[32, 55, 44, 43, 26, 72, 81, 91, 25, 95]
Round 242 | train_loss=1.1167 train_acc=0.6202 test_loss=1.6062 test_acc=0.3843
Round 243 | selected=[84, 80, 6, 71, 29, 49, 36, 98, 75, 65]
Round 243 | train_loss=0.9306 train_acc=0.7066 test_loss=1.7974 test_acc=0.3335
Round 244 | selected=[74, 25, 27, 87, 50, 85, 21, 29, 18, 51]
Round 244 | train_loss=1.1090 train_acc=0.6190 test_loss=1.9660 test_acc=0.2540
Round 245 | selected=[69, 63, 56, 23, 14, 26, 37, 0, 59, 85]
Round 245 | train_loss=1.0643 train_acc=0.6648 test_loss=2.2699 test_acc=0.2465
Round 246 | selected=[45, 48, 55, 47, 3, 66, 90, 94, 98, 63]
Round 246 | train_loss=1.2360 train_acc=0.6080 test_loss=1.8861 test_acc=0.3154
Round 247 | selected=[26, 4, 25, 45, 32, 16, 75, 40, 10, 76]
Round 247 | train_loss=1.0409 train_acc=0.6894 test_loss=1.9632 test_acc=0.2043
Round 248 | selected=[86, 13, 60, 95, 99, 62, 0, 30, 48, 93]
Round 248 | train_loss=1.0232 train_acc=0.6360 test_loss=1.9105 test_acc=0.3156
Round 249 | selected=[82, 56, 19, 7, 35, 92, 8, 62, 23, 31]
Round 249 | train_loss=0.9902 train_acc=0.6788 test_loss=1.7718 test_acc=0.3615
Round 250 | selected=[75, 41, 91, 78, 34, 7, 51, 79, 6, 38]
Round 250 | train_loss=1.1052 train_acc=0.6402 test_loss=1.9005 test_acc=0.2933
Round 251 | selected=[84, 4, 27, 99, 3, 69, 18, 70, 19, 44]
Round 251 | train_loss=1.0775 train_acc=0.6352 test_loss=1.8189 test_acc=0.2681
Round 252 | selected=[22, 9, 12, 27, 46, 35, 14, 78, 34, 90]
Round 252 | train_loss=1.1319 train_acc=0.5922 test_loss=2.0007 test_acc=0.2386
Round 253 | selected=[13, 25, 53, 3, 16, 70, 34, 98, 8, 17]
Round 253 | train_loss=1.2522 train_acc=0.5740 test_loss=1.7448 test_acc=0.4276
Round 254 | selected=[90, 61, 39, 79, 22, 6, 51, 87, 98, 15]
Round 254 | train_loss=1.1429 train_acc=0.6616 test_loss=1.7064 test_acc=0.3415
Round 255 | selected=[67, 47, 18, 12, 63, 46, 51, 56, 9, 69]
Round 255 | train_loss=1.0566 train_acc=0.6462 test_loss=1.7388 test_acc=0.3624
Round 256 | selected=[52, 74, 75, 98, 46, 26, 69, 6, 68, 49]
Round 256 | train_loss=1.0036 train_acc=0.6684 test_loss=1.6939 test_acc=0.3575
Round 257 | selected=[51, 66, 9, 84, 96, 32, 57, 17, 11, 95]
Round 257 | train_loss=0.9894 train_acc=0.6820 test_loss=1.6802 test_acc=0.3741
Round 258 | selected=[84, 1, 95, 8, 57, 51, 62, 35, 55, 81]
Round 258 | train_loss=1.0019 train_acc=0.6664 test_loss=1.7112 test_acc=0.3250
Round 259 | selected=[15, 47, 91, 93, 41, 49, 46, 87, 59, 14]
Round 259 | train_loss=0.9557 train_acc=0.6948 test_loss=1.6311 test_acc=0.3622
Round 260 | selected=[21, 70, 7, 34, 29, 14, 19, 98, 30, 68]
Round 260 | train_loss=0.9565 train_acc=0.6970 test_loss=1.7235 test_acc=0.3617
Round 261 | selected=[14, 53, 2, 92, 71, 64, 8, 56, 61, 76]
Round 261 | train_loss=0.9463 train_acc=0.6964 test_loss=1.7262 test_acc=0.3848
Round 262 | selected=[18, 99, 62, 45, 10, 0, 30, 81, 65, 27]
Round 262 | train_loss=1.0320 train_acc=0.6908 test_loss=1.9847 test_acc=0.2711
Round 263 | selected=[99, 84, 57, 83, 76, 24, 31, 85, 60, 44]
Round 263 | train_loss=1.1716 train_acc=0.6190 test_loss=2.1959 test_acc=0.3030
Round 264 | selected=[23, 24, 57, 82, 12, 4, 47, 85, 2, 3]
Round 264 | train_loss=1.0707 train_acc=0.6422 test_loss=2.2138 test_acc=0.2425
Round 265 | selected=[42, 3, 18, 76, 12, 51, 93, 63, 53, 70]
Round 265 | train_loss=1.2326 train_acc=0.5896 test_loss=1.7549 test_acc=0.2939
Round 266 | selected=[54, 31, 34, 88, 37, 44, 59, 26, 1, 42]
Round 266 | train_loss=0.8751 train_acc=0.7152 test_loss=1.5592 test_acc=0.4546
Round 267 | selected=[33, 93, 30, 20, 70, 60, 59, 98, 44, 22]
Round 267 | train_loss=1.1671 train_acc=0.6130 test_loss=1.7660 test_acc=0.3005
Round 268 | selected=[5, 66, 60, 92, 57, 16, 74, 56, 18, 24]
Round 268 | train_loss=1.0233 train_acc=0.6756 test_loss=1.7442 test_acc=0.3138
Round 269 | selected=[29, 67, 22, 79, 57, 16, 49, 5, 66, 34]
Round 269 | train_loss=0.9152 train_acc=0.6792 test_loss=1.5736 test_acc=0.4208
Round 270 | selected=[4, 92, 67, 47, 37, 64, 77, 56, 24, 80]
Round 270 | train_loss=0.9460 train_acc=0.7070 test_loss=1.7249 test_acc=0.3373
Round 271 | selected=[89, 42, 70, 98, 28, 51, 29, 77, 73, 75]
Round 271 | train_loss=0.9762 train_acc=0.6802 test_loss=1.8923 test_acc=0.2893
Round 272 | selected=[90, 47, 71, 58, 34, 29, 10, 49, 46, 94]
Round 272 | train_loss=1.2922 train_acc=0.6040 test_loss=1.8084 test_acc=0.3450
Round 273 | selected=[88, 9, 15, 5, 98, 90, 55, 79, 13, 31]
Round 273 | train_loss=1.0182 train_acc=0.6782 test_loss=1.9489 test_acc=0.2896
Round 274 | selected=[10, 29, 8, 40, 34, 30, 5, 19, 55, 56]
Round 274 | train_loss=0.9910 train_acc=0.6646 test_loss=1.7930 test_acc=0.2711
Round 275 | selected=[15, 32, 6, 49, 74, 29, 71, 69, 14, 81]
Round 275 | train_loss=1.0121 train_acc=0.6726 test_loss=1.6276 test_acc=0.3920
Round 276 | selected=[91, 5, 57, 10, 27, 42, 6, 86, 26, 51]
Round 276 | train_loss=1.0236 train_acc=0.6732 test_loss=1.5711 test_acc=0.4357
Round 277 | selected=[38, 2, 37, 95, 45, 94, 88, 31, 25, 82]
Round 277 | train_loss=1.0515 train_acc=0.6674 test_loss=1.6264 test_acc=0.3856
Round 278 | selected=[5, 56, 52, 46, 64, 67, 87, 1, 90, 6]
Round 278 | train_loss=0.9994 train_acc=0.6644 test_loss=1.6894 test_acc=0.3408
Round 279 | selected=[58, 27, 30, 78, 93, 72, 4, 15, 28, 14]
Round 279 | train_loss=0.8978 train_acc=0.7158 test_loss=1.6524 test_acc=0.3918
Round 280 | selected=[87, 16, 41, 8, 44, 34, 74, 27, 84, 20]
Round 280 | train_loss=0.9262 train_acc=0.6924 test_loss=1.5390 test_acc=0.4422
Round 281 | selected=[83, 21, 77, 85, 1, 98, 72, 44, 2, 88]
Round 281 | train_loss=0.9143 train_acc=0.7146 test_loss=1.5574 test_acc=0.4141
Round 282 | selected=[5, 33, 64, 79, 0, 48, 62, 68, 99, 47]
Round 282 | train_loss=0.9424 train_acc=0.7056 test_loss=1.6333 test_acc=0.3714
Round 283 | selected=[90, 58, 4, 82, 80, 93, 70, 38, 8, 29]
Round 283 | train_loss=0.9028 train_acc=0.6992 test_loss=1.6883 test_acc=0.3408
Round 284 | selected=[21, 97, 72, 99, 11, 19, 93, 31, 24, 94]
Round 284 | train_loss=0.9296 train_acc=0.6986 test_loss=1.6515 test_acc=0.3833
Round 285 | selected=[85, 84, 63, 6, 68, 69, 45, 8, 55, 81]
Round 285 | train_loss=0.8671 train_acc=0.7060 test_loss=1.6325 test_acc=0.3373
Round 286 | selected=[86, 65, 19, 92, 67, 32, 35, 91, 20, 14]
Round 286 | train_loss=0.8905 train_acc=0.7174 test_loss=1.5926 test_acc=0.4036
Round 287 | selected=[37, 81, 84, 87, 63, 34, 19, 9, 91, 73]
Round 287 | train_loss=0.7971 train_acc=0.7458 test_loss=1.7677 test_acc=0.2831
Round 288 | selected=[70, 14, 62, 56, 69, 10, 22, 34, 84, 21]
Round 288 | train_loss=1.0771 train_acc=0.6368 test_loss=1.8385 test_acc=0.3411
Round 289 | selected=[23, 39, 18, 75, 11, 48, 33, 34, 58, 7]
Round 289 | train_loss=0.9690 train_acc=0.7062 test_loss=1.6561 test_acc=0.4052
Round 290 | selected=[87, 59, 79, 60, 92, 48, 39, 64, 38, 85]
Round 290 | train_loss=0.9803 train_acc=0.6822 test_loss=1.7372 test_acc=0.3206
Round 291 | selected=[42, 31, 27, 35, 1, 26, 50, 78, 72, 92]
Round 291 | train_loss=0.9152 train_acc=0.6968 test_loss=1.6797 test_acc=0.3734
Round 292 | selected=[33, 60, 76, 28, 53, 97, 27, 88, 26, 38]
Round 292 | train_loss=1.0107 train_acc=0.6530 test_loss=1.7066 test_acc=0.3531
Round 293 | selected=[30, 28, 89, 61, 95, 29, 5, 16, 1, 8]
Round 293 | train_loss=0.8525 train_acc=0.7282 test_loss=2.1841 test_acc=0.2351
Round 294 | selected=[88, 86, 34, 75, 69, 73, 59, 4, 57, 65]
Round 294 | train_loss=1.1913 train_acc=0.6474 test_loss=1.8581 test_acc=0.3340
Round 295 | selected=[10, 95, 40, 43, 6, 17, 9, 30, 1, 47]
Round 295 | train_loss=1.1551 train_acc=0.6170 test_loss=1.6397 test_acc=0.3629
Round 296 | selected=[15, 78, 11, 88, 18, 51, 53, 99, 75, 82]
Round 296 | train_loss=0.8732 train_acc=0.7130 test_loss=1.5956 test_acc=0.4575
Round 297 | selected=[8, 76, 91, 9, 59, 2, 17, 73, 43, 47]
Round 297 | train_loss=0.9728 train_acc=0.6786 test_loss=1.7006 test_acc=0.3052
Round 298 | selected=[22, 38, 50, 98, 71, 47, 36, 94, 5, 55]
Round 298 | train_loss=1.0376 train_acc=0.6766 test_loss=1.8136 test_acc=0.2844
Round 299 | selected=[84, 36, 47, 95, 3, 76, 38, 43, 37, 88]
Round 299 | train_loss=1.0291 train_acc=0.6732 test_loss=1.7740 test_acc=0.3087
Round 300 | selected=[6, 8, 48, 93, 64, 4, 91, 99, 43, 53]
Round 300 | train_loss=1.0610 train_acc=0.6300 test_loss=1.7178 test_acc=0.3409
Round 301 | selected=[19, 42, 87, 57, 66, 58, 67, 18, 95, 84]
Round 301 | train_loss=0.9663 train_acc=0.6892 test_loss=1.4693 test_acc=0.4554
Round 302 | selected=[15, 86, 34, 66, 82, 59, 13, 83, 65, 35]
Round 302 | train_loss=0.8543 train_acc=0.7282 test_loss=1.6398 test_acc=0.3987
Round 303 | selected=[15, 39, 68, 7, 83, 42, 33, 45, 94, 0]
Round 303 | train_loss=0.9679 train_acc=0.6934 test_loss=1.6340 test_acc=0.3746
Round 304 | selected=[3, 45, 68, 86, 18, 7, 28, 63, 36, 42]
Round 304 | train_loss=0.9039 train_acc=0.6936 test_loss=1.7448 test_acc=0.3593
Round 305 | selected=[38, 13, 95, 71, 94, 54, 81, 12, 11, 29]
Round 305 | train_loss=0.8524 train_acc=0.7438 test_loss=1.5288 test_acc=0.4467
Round 306 | selected=[32, 12, 26, 1, 68, 0, 39, 84, 51, 58]
Round 306 | train_loss=0.7359 train_acc=0.7860 test_loss=1.9341 test_acc=0.2923
Round 307 | selected=[54, 97, 68, 26, 84, 8, 30, 56, 42, 53]
Round 307 | train_loss=0.8908 train_acc=0.6836 test_loss=2.0497 test_acc=0.2527
Round 308 | selected=[74, 34, 38, 96, 73, 15, 90, 45, 39, 94]
Round 308 | train_loss=1.0371 train_acc=0.6922 test_loss=2.0882 test_acc=0.2683
Round 309 | selected=[64, 65, 12, 14, 27, 53, 5, 10, 89, 88]
Round 309 | train_loss=1.0541 train_acc=0.6674 test_loss=1.8992 test_acc=0.3385
Round 310 | selected=[77, 92, 46, 49, 76, 48, 95, 13, 27, 50]
Round 310 | train_loss=1.0748 train_acc=0.6470 test_loss=1.7220 test_acc=0.3687
Round 311 | selected=[77, 69, 64, 35, 50, 5, 46, 10, 18, 27]
Round 311 | train_loss=0.9708 train_acc=0.6762 test_loss=1.7066 test_acc=0.3884
Round 312 | selected=[94, 43, 0, 33, 78, 72, 47, 89, 41, 73]
Round 312 | train_loss=1.0865 train_acc=0.6508 test_loss=1.5441 test_acc=0.3982
Round 313 | selected=[89, 66, 68, 39, 60, 46, 19, 42, 11, 36]
Round 313 | train_loss=0.8893 train_acc=0.7156 test_loss=1.8029 test_acc=0.3568
Round 314 | selected=[26, 14, 18, 23, 28, 45, 24, 19, 31, 87]
Round 314 | train_loss=0.7779 train_acc=0.7628 test_loss=1.7464 test_acc=0.3224
Round 315 | selected=[73, 34, 70, 50, 5, 46, 35, 92, 23, 2]
Round 315 | train_loss=0.9688 train_acc=0.6904 test_loss=1.9895 test_acc=0.2440
Round 316 | selected=[65, 72, 83, 13, 25, 68, 20, 62, 57, 76]
Round 316 | train_loss=1.0063 train_acc=0.6456 test_loss=1.6389 test_acc=0.3880
Round 317 | selected=[13, 71, 19, 70, 61, 77, 89, 75, 25, 54]
Round 317 | train_loss=0.9801 train_acc=0.6778 test_loss=1.5665 test_acc=0.3981
Round 318 | selected=[50, 33, 30, 85, 59, 41, 76, 99, 87, 29]
Round 318 | train_loss=0.8485 train_acc=0.7078 test_loss=2.0021 test_acc=0.2988
Round 319 | selected=[45, 43, 82, 41, 68, 93, 14, 62, 54, 77]
Round 319 | train_loss=1.0406 train_acc=0.6520 test_loss=1.5271 test_acc=0.4276
Round 320 | selected=[44, 33, 53, 26, 11, 15, 35, 37, 45, 96]
Round 320 | train_loss=0.8152 train_acc=0.7398 test_loss=1.5282 test_acc=0.4669
Round 321 | selected=[24, 79, 19, 10, 51, 92, 61, 0, 18, 34]
Round 321 | train_loss=0.7338 train_acc=0.7820 test_loss=1.6315 test_acc=0.3884
Round 322 | selected=[59, 14, 35, 92, 86, 91, 4, 48, 69, 20]
Round 322 | train_loss=0.8730 train_acc=0.7130 test_loss=1.7759 test_acc=0.3440
Round 323 | selected=[73, 8, 97, 57, 67, 2, 48, 34, 89, 18]
Round 323 | train_loss=0.8301 train_acc=0.7116 test_loss=1.7388 test_acc=0.3716
Round 324 | selected=[95, 67, 93, 52, 82, 70, 87, 83, 57, 53]
Round 324 | train_loss=0.9346 train_acc=0.6772 test_loss=1.6256 test_acc=0.3960
Round 325 | selected=[36, 97, 37, 31, 28, 51, 8, 15, 16, 66]
Round 325 | train_loss=0.7791 train_acc=0.7520 test_loss=1.7106 test_acc=0.3853
Round 326 | selected=[10, 17, 35, 66, 50, 90, 86, 63, 36, 87]
Round 326 | train_loss=1.0036 train_acc=0.6726 test_loss=1.6912 test_acc=0.3861
Round 327 | selected=[84, 20, 82, 53, 68, 3, 31, 97, 61, 90]
Round 327 | train_loss=0.9571 train_acc=0.6652 test_loss=2.0129 test_acc=0.2517
Round 328 | selected=[9, 63, 78, 28, 69, 35, 73, 57, 44, 15]
Round 328 | train_loss=1.0495 train_acc=0.6396 test_loss=1.6711 test_acc=0.3973
Round 329 | selected=[32, 72, 88, 12, 64, 15, 46, 86, 45, 10]
Round 329 | train_loss=0.9107 train_acc=0.7244 test_loss=1.5384 test_acc=0.4081
Round 330 | selected=[88, 68, 58, 38, 77, 80, 31, 12, 92, 72]
Round 330 | train_loss=0.7822 train_acc=0.7600 test_loss=1.6790 test_acc=0.3794
Round 331 | selected=[32, 57, 46, 5, 30, 84, 1, 27, 99, 49]
Round 331 | train_loss=0.9730 train_acc=0.6886 test_loss=1.6021 test_acc=0.3928
Round 332 | selected=[47, 29, 69, 98, 45, 31, 13, 5, 73, 55]
Round 332 | train_loss=0.9722 train_acc=0.6916 test_loss=1.7678 test_acc=0.3507
Round 333 | selected=[41, 88, 27, 1, 49, 64, 57, 97, 26, 75]
Round 333 | train_loss=0.9304 train_acc=0.6752 test_loss=1.6857 test_acc=0.3797
Round 334 | selected=[46, 68, 56, 71, 49, 76, 93, 43, 4, 53]
Round 334 | train_loss=1.4249 train_acc=0.5530 test_loss=2.6135 test_acc=0.1233
Round 335 | selected=[18, 9, 62, 26, 63, 56, 65, 85, 37, 98]
Round 335 | train_loss=1.2291 train_acc=0.5992 test_loss=1.9464 test_acc=0.3032
Round 336 | selected=[29, 44, 88, 33, 65, 81, 34, 86, 57, 99]
Round 336 | train_loss=0.8922 train_acc=0.6914 test_loss=1.7858 test_acc=0.3537
Round 337 | selected=[33, 77, 68, 37, 39, 70, 29, 66, 41, 23]
Round 337 | train_loss=1.0713 train_acc=0.6776 test_loss=1.7520 test_acc=0.2898
Round 338 | selected=[5, 13, 3, 32, 71, 41, 74, 94, 45, 82]
Round 338 | train_loss=0.9665 train_acc=0.6726 test_loss=1.6200 test_acc=0.3418
Round 339 | selected=[52, 48, 16, 6, 43, 19, 56, 46, 75, 20]
Round 339 | train_loss=0.9922 train_acc=0.6584 test_loss=1.9145 test_acc=0.2325
Round 340 | selected=[12, 14, 92, 86, 31, 63, 36, 65, 81, 24]
Round 340 | train_loss=0.8898 train_acc=0.7082 test_loss=1.9349 test_acc=0.3189
Round 341 | selected=[67, 64, 8, 33, 51, 41, 68, 43, 1, 82]
Round 341 | train_loss=1.2438 train_acc=0.5976 test_loss=1.9702 test_acc=0.3111
Round 342 | selected=[52, 79, 34, 65, 60, 73, 83, 87, 94, 35]
Round 342 | train_loss=1.1205 train_acc=0.6458 test_loss=1.7437 test_acc=0.3771
Round 343 | selected=[84, 91, 87, 33, 67, 11, 48, 4, 54, 97]
Round 343 | train_loss=0.9831 train_acc=0.6836 test_loss=1.5309 test_acc=0.4363
Round 344 | selected=[67, 15, 84, 29, 54, 50, 34, 63, 43, 7]
Round 344 | train_loss=0.9458 train_acc=0.6976 test_loss=1.6232 test_acc=0.3655
Round 345 | selected=[3, 4, 46, 79, 83, 13, 48, 91, 5, 52]
Round 345 | train_loss=0.9495 train_acc=0.6860 test_loss=1.6094 test_acc=0.3843
Round 346 | selected=[60, 49, 71, 83, 17, 59, 62, 79, 85, 48]
Round 346 | train_loss=0.9181 train_acc=0.7056 test_loss=1.4956 test_acc=0.4351
Round 347 | selected=[75, 44, 68, 72, 1, 52, 42, 41, 18, 74]
Round 347 | train_loss=0.8941 train_acc=0.6998 test_loss=1.6526 test_acc=0.3375
Round 348 | selected=[13, 59, 43, 30, 1, 22, 53, 70, 28, 24]
Round 348 | train_loss=0.9548 train_acc=0.6630 test_loss=1.7285 test_acc=0.3781
Round 349 | selected=[27, 66, 26, 44, 22, 64, 23, 38, 63, 98]
Round 349 | train_loss=0.9147 train_acc=0.6942 test_loss=1.4848 test_acc=0.4672
Round 350 | selected=[65, 66, 61, 78, 37, 69, 47, 55, 27, 88]
Round 350 | train_loss=0.7529 train_acc=0.7642 test_loss=1.5257 test_acc=0.4633
Round 351 | selected=[8, 42, 70, 7, 91, 45, 3, 89, 6, 30]
Round 351 | train_loss=0.8271 train_acc=0.7306 test_loss=1.5459 test_acc=0.4134
Round 352 | selected=[41, 11, 20, 4, 95, 30, 3, 42, 81, 91]
Round 352 | train_loss=0.8219 train_acc=0.7354 test_loss=1.7554 test_acc=0.3596
Round 353 | selected=[23, 96, 82, 34, 43, 10, 48, 17, 49, 80]
Round 353 | train_loss=1.0417 train_acc=0.6686 test_loss=1.8515 test_acc=0.3530
Round 354 | selected=[69, 4, 64, 47, 79, 65, 9, 90, 46, 62]
Round 354 | train_loss=1.1406 train_acc=0.6472 test_loss=2.7924 test_acc=0.2359
Round 355 | selected=[85, 32, 23, 35, 17, 77, 6, 34, 87, 59]
Round 355 | train_loss=1.1712 train_acc=0.6274 test_loss=1.7098 test_acc=0.3700
Round 356 | selected=[43, 65, 71, 57, 12, 86, 90, 62, 2, 15]
Round 356 | train_loss=1.0590 train_acc=0.6692 test_loss=2.0869 test_acc=0.2292
Round 357 | selected=[53, 83, 64, 93, 4, 2, 15, 35, 72, 51]
Round 357 | train_loss=1.0333 train_acc=0.6412 test_loss=1.6921 test_acc=0.3673
Round 358 | selected=[17, 46, 60, 25, 88, 52, 85, 97, 16, 98]
Round 358 | train_loss=1.0507 train_acc=0.6408 test_loss=1.6224 test_acc=0.3947
Round 359 | selected=[7, 47, 96, 95, 78, 48, 90, 14, 23, 87]
Round 359 | train_loss=0.9566 train_acc=0.6878 test_loss=1.6088 test_acc=0.3945
Round 360 | selected=[74, 24, 2, 43, 70, 86, 57, 3, 61, 93]
Round 360 | train_loss=0.9584 train_acc=0.6792 test_loss=1.6238 test_acc=0.3535
Round 361 | selected=[36, 92, 37, 64, 31, 19, 52, 98, 54, 50]
Round 361 | train_loss=0.7694 train_acc=0.7486 test_loss=1.7305 test_acc=0.3343
Round 362 | selected=[32, 80, 69, 46, 42, 61, 81, 12, 96, 59]
Round 362 | train_loss=0.8252 train_acc=0.7324 test_loss=1.7058 test_acc=0.3764
Round 363 | selected=[45, 38, 7, 19, 58, 20, 51, 16, 44, 89]
Round 363 | train_loss=0.8306 train_acc=0.7444 test_loss=1.5507 test_acc=0.4226
Round 364 | selected=[68, 13, 39, 96, 35, 70, 89, 75, 76, 83]
Round 364 | train_loss=0.9242 train_acc=0.7060 test_loss=1.8641 test_acc=0.3370
Round 365 | selected=[71, 66, 72, 19, 89, 4, 54, 59, 3, 20]
Round 365 | train_loss=1.0599 train_acc=0.6502 test_loss=1.7561 test_acc=0.3394
Round 366 | selected=[17, 16, 61, 18, 59, 9, 6, 77, 78, 29]
Round 366 | train_loss=1.0273 train_acc=0.6514 test_loss=1.6693 test_acc=0.3581
Round 367 | selected=[64, 63, 66, 80, 42, 7, 62, 15, 37, 32]
Round 367 | train_loss=0.7808 train_acc=0.7470 test_loss=1.6041 test_acc=0.4198
Round 368 | selected=[55, 99, 16, 41, 39, 26, 50, 63, 94, 5]
Round 368 | train_loss=0.8352 train_acc=0.7392 test_loss=1.5655 test_acc=0.4123
Round 369 | selected=[55, 85, 87, 99, 13, 26, 74, 5, 93, 48]
Round 369 | train_loss=0.7548 train_acc=0.7616 test_loss=1.5070 test_acc=0.4386
Round 370 | selected=[25, 17, 70, 73, 83, 42, 82, 97, 41, 66]
Round 370 | train_loss=0.7684 train_acc=0.7468 test_loss=1.4721 test_acc=0.4442
Round 371 | selected=[41, 57, 33, 83, 79, 53, 1, 3, 40, 18]
Round 371 | train_loss=0.7963 train_acc=0.7364 test_loss=1.5353 test_acc=0.4274
Round 372 | selected=[94, 57, 39, 5, 1, 58, 18, 0, 95, 98]
Round 372 | train_loss=0.8129 train_acc=0.7400 test_loss=1.6972 test_acc=0.3680
Round 373 | selected=[24, 42, 16, 27, 87, 85, 50, 35, 36, 34]
Round 373 | train_loss=0.8195 train_acc=0.7240 test_loss=1.4081 test_acc=0.4709
Round 374 | selected=[57, 22, 59, 64, 88, 14, 8, 82, 16, 68]
Round 374 | train_loss=0.7841 train_acc=0.7394 test_loss=1.4137 test_acc=0.4535
Round 375 | selected=[59, 46, 45, 9, 56, 79, 97, 51, 81, 50]
Round 375 | train_loss=0.8532 train_acc=0.7080 test_loss=1.9059 test_acc=0.3234
Round 376 | selected=[55, 72, 88, 11, 81, 27, 22, 35, 76, 18]
Round 376 | train_loss=0.9007 train_acc=0.6906 test_loss=1.4842 test_acc=0.4483
Round 377 | selected=[15, 4, 78, 12, 1, 81, 67, 68, 22, 23]
Round 377 | train_loss=0.8353 train_acc=0.7182 test_loss=1.8285 test_acc=0.3491
Round 378 | selected=[79, 44, 87, 6, 93, 84, 50, 16, 64, 61]
Round 378 | train_loss=0.8250 train_acc=0.7276 test_loss=1.5711 test_acc=0.3959
Round 379 | selected=[57, 33, 47, 74, 50, 1, 89, 75, 85, 0]
Round 379 | train_loss=0.6965 train_acc=0.7846 test_loss=1.5352 test_acc=0.4408
Round 380 | selected=[93, 84, 58, 17, 71, 2, 87, 73, 46, 67]
Round 380 | train_loss=0.9014 train_acc=0.7132 test_loss=1.6898 test_acc=0.3648
Round 381 | selected=[86, 10, 52, 95, 25, 31, 75, 24, 8, 51]
Round 381 | train_loss=0.7354 train_acc=0.7646 test_loss=1.5467 test_acc=0.4531
Round 382 | selected=[35, 8, 11, 78, 45, 46, 53, 88, 77, 89]
Round 382 | train_loss=0.8677 train_acc=0.7072 test_loss=1.4702 test_acc=0.4512
Round 383 | selected=[80, 58, 31, 43, 35, 30, 92, 26, 60, 4]
Round 383 | train_loss=0.7350 train_acc=0.7706 test_loss=1.8260 test_acc=0.3615
Round 384 | selected=[48, 47, 67, 89, 77, 41, 99, 0, 51, 52]
Round 384 | train_loss=0.9480 train_acc=0.7004 test_loss=1.5601 test_acc=0.3854
Round 385 | selected=[34, 75, 10, 44, 89, 33, 15, 16, 45, 71]
Round 385 | train_loss=0.7961 train_acc=0.7426 test_loss=1.7857 test_acc=0.3251
Round 386 | selected=[32, 58, 49, 88, 11, 64, 22, 73, 43, 57]
Round 386 | train_loss=0.8927 train_acc=0.6896 test_loss=1.5577 test_acc=0.4436
Round 387 | selected=[88, 63, 29, 67, 0, 46, 37, 68, 51, 71]
Round 387 | train_loss=0.9046 train_acc=0.7014 test_loss=1.6088 test_acc=0.3604
Round 388 | selected=[66, 51, 90, 42, 38, 45, 22, 58, 73, 37]
Round 388 | train_loss=0.7732 train_acc=0.7566 test_loss=1.6025 test_acc=0.3550
Round 389 | selected=[46, 91, 59, 15, 39, 94, 83, 33, 63, 60]
Round 389 | train_loss=0.8867 train_acc=0.7188 test_loss=1.5178 test_acc=0.4307
Round 390 | selected=[34, 70, 93, 66, 42, 65, 6, 28, 3, 13]
Round 390 | train_loss=0.7580 train_acc=0.7522 test_loss=1.4831 test_acc=0.4289
Round 391 | selected=[52, 42, 68, 88, 58, 19, 44, 65, 7, 11]
Round 391 | train_loss=0.6383 train_acc=0.7980 test_loss=1.4479 test_acc=0.4783
Round 392 | selected=[76, 68, 52, 70, 44, 63, 15, 47, 57, 23]
Round 392 | train_loss=0.8597 train_acc=0.7106 test_loss=1.4612 test_acc=0.4309
Round 393 | selected=[48, 81, 11, 54, 29, 21, 22, 78, 56, 26]
Round 393 | train_loss=0.6857 train_acc=0.7760 test_loss=1.5177 test_acc=0.3966
Round 394 | selected=[42, 63, 92, 58, 39, 77, 48, 6, 32, 72]
Round 394 | train_loss=0.8348 train_acc=0.7414 test_loss=1.5001 test_acc=0.4434
Round 395 | selected=[23, 65, 97, 98, 12, 5, 14, 39, 91, 20]
Round 395 | train_loss=0.8495 train_acc=0.7304 test_loss=1.6421 test_acc=0.3900
Round 396 | selected=[18, 93, 83, 50, 61, 78, 86, 75, 23, 56]
Round 396 | train_loss=0.7947 train_acc=0.7428 test_loss=1.4776 test_acc=0.4254
Round 397 | selected=[50, 57, 61, 97, 49, 68, 55, 65, 48, 28]
Round 397 | train_loss=0.7242 train_acc=0.7502 test_loss=1.5721 test_acc=0.4165
Round 398 | selected=[14, 18, 78, 51, 8, 33, 68, 6, 35, 22]
Round 398 | train_loss=0.9709 train_acc=0.6822 test_loss=1.5319 test_acc=0.4473
Round 399 | selected=[67, 33, 68, 29, 25, 78, 26, 58, 6, 31]
Round 399 | train_loss=0.7778 train_acc=0.7444 test_loss=1.4493 test_acc=0.4665
Round 400 | selected=[17, 35, 98, 39, 89, 68, 67, 95, 34, 26]
Round 400 | train_loss=0.8238 train_acc=0.7334 test_loss=1.6580 test_acc=0.3733
Round 401 | selected=[68, 0, 85, 24, 26, 51, 74, 98, 89, 61]
Round 401 | train_loss=0.7451 train_acc=0.7542 test_loss=1.6360 test_acc=0.3913
Round 402 | selected=[40, 66, 41, 47, 23, 77, 80, 89, 95, 11]
Round 402 | train_loss=0.7863 train_acc=0.7456 test_loss=1.7234 test_acc=0.3551
Round 403 | selected=[70, 90, 28, 35, 96, 88, 47, 72, 24, 0]
Round 403 | train_loss=0.9071 train_acc=0.7000 test_loss=1.6779 test_acc=0.3389
Round 404 | selected=[40, 15, 3, 82, 97, 16, 37, 70, 63, 6]
Round 404 | train_loss=0.7729 train_acc=0.7314 test_loss=1.6619 test_acc=0.4427
Round 405 | selected=[18, 69, 43, 94, 97, 93, 4, 48, 60, 28]
Round 405 | train_loss=0.8093 train_acc=0.7322 test_loss=1.7033 test_acc=0.3736
Round 406 | selected=[33, 64, 93, 80, 11, 89, 92, 10, 85, 65]
Round 406 | train_loss=0.6665 train_acc=0.7768 test_loss=1.5811 test_acc=0.4316
Round 407 | selected=[44, 67, 1, 17, 19, 28, 69, 49, 42, 45]
Round 407 | train_loss=0.6440 train_acc=0.7866 test_loss=1.6258 test_acc=0.3791
Round 408 | selected=[35, 44, 21, 86, 91, 74, 42, 79, 9, 11]
Round 408 | train_loss=0.8978 train_acc=0.6998 test_loss=1.7551 test_acc=0.3388
Round 409 | selected=[42, 14, 96, 17, 80, 79, 65, 16, 8, 34]
Round 409 | train_loss=0.7503 train_acc=0.7688 test_loss=1.5931 test_acc=0.3833
Round 410 | selected=[50, 48, 3, 53, 88, 96, 91, 8, 80, 82]
Round 410 | train_loss=0.7600 train_acc=0.7352 test_loss=1.6433 test_acc=0.3718
Round 411 | selected=[33, 19, 99, 3, 61, 46, 43, 48, 84, 50]
Round 411 | train_loss=0.8070 train_acc=0.7228 test_loss=1.5427 test_acc=0.4059
Round 412 | selected=[36, 80, 91, 26, 53, 28, 78, 92, 8, 93]
Round 412 | train_loss=0.7452 train_acc=0.7466 test_loss=1.6247 test_acc=0.3715
Round 413 | selected=[35, 88, 70, 19, 71, 7, 83, 79, 50, 85]
Round 413 | train_loss=0.8401 train_acc=0.7288 test_loss=1.7601 test_acc=0.3433
Round 414 | selected=[47, 67, 28, 63, 19, 90, 69, 35, 10, 16]
Round 414 | train_loss=0.8471 train_acc=0.7082 test_loss=1.6855 test_acc=0.4388
Round 415 | selected=[47, 19, 85, 86, 94, 83, 24, 63, 65, 57]
Round 415 | train_loss=0.7708 train_acc=0.7502 test_loss=1.4685 test_acc=0.4531
Round 416 | selected=[15, 3, 0, 19, 78, 73, 38, 51, 35, 43]
Round 416 | train_loss=0.8215 train_acc=0.7266 test_loss=1.7319 test_acc=0.3240
Round 417 | selected=[13, 24, 14, 15, 78, 61, 97, 3, 90, 48]
Round 417 | train_loss=0.8564 train_acc=0.6970 test_loss=1.4649 test_acc=0.4603
Round 418 | selected=[46, 16, 6, 83, 79, 28, 23, 20, 24, 66]
Round 418 | train_loss=0.7248 train_acc=0.7634 test_loss=1.5119 test_acc=0.3862
Round 419 | selected=[48, 76, 47, 21, 67, 80, 13, 0, 9, 35]
Round 419 | train_loss=0.7021 train_acc=0.7692 test_loss=1.4853 test_acc=0.4319
Round 420 | selected=[65, 71, 28, 55, 68, 30, 32, 60, 31, 2]
Round 420 | train_loss=0.7837 train_acc=0.7432 test_loss=1.6403 test_acc=0.3604
Round 421 | selected=[30, 22, 50, 17, 29, 76, 91, 16, 1, 31]
Round 421 | train_loss=0.7746 train_acc=0.7404 test_loss=1.6446 test_acc=0.3684
Round 422 | selected=[49, 60, 0, 29, 96, 16, 48, 47, 4, 79]
Round 422 | train_loss=0.7802 train_acc=0.7418 test_loss=1.5417 test_acc=0.4114
Round 423 | selected=[81, 65, 94, 22, 74, 62, 27, 90, 71, 72]
Round 423 | train_loss=0.8302 train_acc=0.7234 test_loss=1.4823 test_acc=0.4211
Round 424 | selected=[69, 70, 82, 45, 75, 21, 11, 64, 44, 79]
Round 424 | train_loss=0.7492 train_acc=0.7580 test_loss=1.4821 test_acc=0.4408
Round 425 | selected=[3, 67, 78, 0, 46, 99, 61, 73, 34, 83]
Round 425 | train_loss=0.7246 train_acc=0.7646 test_loss=1.5316 test_acc=0.4231
Round 426 | selected=[53, 63, 98, 39, 96, 79, 61, 58, 36, 91]
Round 426 | train_loss=0.8095 train_acc=0.7342 test_loss=1.7598 test_acc=0.3657
Round 427 | selected=[69, 99, 48, 80, 13, 62, 93, 43, 19, 16]
Round 427 | train_loss=0.8796 train_acc=0.7092 test_loss=1.7866 test_acc=0.3906
Round 428 | selected=[18, 28, 43, 54, 58, 92, 45, 32, 4, 29]
Round 428 | train_loss=0.8329 train_acc=0.7418 test_loss=1.5914 test_acc=0.4025
Round 429 | selected=[64, 6, 28, 31, 80, 33, 21, 83, 89, 25]
Round 429 | train_loss=0.7612 train_acc=0.7454 test_loss=1.7626 test_acc=0.3727
Round 430 | selected=[34, 17, 70, 50, 10, 89, 94, 37, 23, 22]
Round 430 | train_loss=0.9155 train_acc=0.7022 test_loss=1.5470 test_acc=0.4079
Round 431 | selected=[19, 30, 54, 20, 68, 3, 82, 73, 96, 90]
Round 431 | train_loss=1.0604 train_acc=0.6584 test_loss=2.1143 test_acc=0.2329
Round 432 | selected=[45, 29, 26, 16, 80, 56, 49, 89, 53, 34]
Round 432 | train_loss=0.9894 train_acc=0.6592 test_loss=1.8942 test_acc=0.3370
Round 433 | selected=[43, 49, 22, 74, 47, 54, 77, 56, 23, 80]
Round 433 | train_loss=1.0782 train_acc=0.6454 test_loss=1.6394 test_acc=0.3729
Round 434 | selected=[65, 23, 87, 33, 86, 91, 59, 21, 58, 31]
Round 434 | train_loss=0.8381 train_acc=0.7356 test_loss=1.5255 test_acc=0.3909
Round 435 | selected=[90, 10, 23, 47, 26, 99, 61, 96, 28, 48]
Round 435 | train_loss=0.7603 train_acc=0.7424 test_loss=1.4218 test_acc=0.4930
Round 436 | selected=[30, 22, 98, 18, 55, 90, 93, 65, 31, 71]
Round 436 | train_loss=0.7729 train_acc=0.7436 test_loss=1.5615 test_acc=0.4072
Round 437 | selected=[52, 41, 99, 59, 37, 92, 43, 38, 14, 70]
Round 437 | train_loss=0.6696 train_acc=0.7938 test_loss=1.6434 test_acc=0.3614
Round 438 | selected=[67, 30, 25, 60, 35, 6, 79, 31, 32, 81]
Round 438 | train_loss=0.8567 train_acc=0.7040 test_loss=1.4319 test_acc=0.4440
Round 439 | selected=[74, 80, 38, 13, 69, 90, 89, 60, 65, 7]
Round 439 | train_loss=0.7365 train_acc=0.7570 test_loss=1.4836 test_acc=0.4372
Round 440 | selected=[80, 43, 79, 67, 0, 78, 10, 87, 83, 74]
Round 440 | train_loss=0.6968 train_acc=0.7918 test_loss=1.6950 test_acc=0.3716
Round 441 | selected=[90, 53, 68, 49, 51, 8, 29, 46, 45, 96]
Round 441 | train_loss=0.9235 train_acc=0.6682 test_loss=1.7804 test_acc=0.3660
Round 442 | selected=[83, 9, 86, 78, 72, 20, 33, 55, 74, 66]
Round 442 | train_loss=0.9384 train_acc=0.7034 test_loss=1.6413 test_acc=0.3882
Round 443 | selected=[79, 29, 39, 26, 77, 99, 9, 61, 33, 46]
Round 443 | train_loss=0.8404 train_acc=0.7330 test_loss=1.4718 test_acc=0.4617
Round 444 | selected=[90, 95, 16, 40, 94, 93, 7, 69, 10, 78]
Round 444 | train_loss=0.7623 train_acc=0.7546 test_loss=1.3988 test_acc=0.4642
Round 445 | selected=[49, 53, 39, 84, 32, 33, 91, 46, 77, 42]
Round 445 | train_loss=0.8504 train_acc=0.7264 test_loss=1.7026 test_acc=0.3382
Round 446 | selected=[10, 27, 15, 69, 93, 35, 80, 78, 57, 19]
Round 446 | train_loss=0.8574 train_acc=0.7126 test_loss=1.4043 test_acc=0.4963
Round 447 | selected=[83, 42, 29, 31, 84, 94, 71, 92, 13, 44]
Round 447 | train_loss=0.7205 train_acc=0.7756 test_loss=1.6423 test_acc=0.3833
Round 448 | selected=[41, 27, 52, 81, 32, 66, 51, 34, 5, 17]
Round 448 | train_loss=0.7465 train_acc=0.7496 test_loss=1.9507 test_acc=0.3425
Round 449 | selected=[67, 91, 72, 57, 13, 34, 8, 33, 94, 74]
Round 449 | train_loss=0.8886 train_acc=0.7074 test_loss=1.8721 test_acc=0.3134
Round 450 | selected=[71, 6, 5, 64, 32, 60, 74, 37, 96, 0]
Round 450 | train_loss=0.8222 train_acc=0.7228 test_loss=1.7136 test_acc=0.3645
Round 451 | selected=[34, 97, 45, 54, 67, 61, 85, 80, 5, 82]
Round 451 | train_loss=0.7152 train_acc=0.7482 test_loss=1.5866 test_acc=0.4185
Round 452 | selected=[21, 76, 78, 81, 33, 25, 79, 18, 56, 58]
Round 452 | train_loss=0.9430 train_acc=0.7050 test_loss=1.9978 test_acc=0.3152
Round 453 | selected=[70, 61, 50, 55, 41, 73, 91, 90, 86, 77]
Round 453 | train_loss=0.9383 train_acc=0.7170 test_loss=1.5676 test_acc=0.4054
Round 454 | selected=[98, 83, 13, 29, 84, 80, 75, 88, 33, 26]
Round 454 | train_loss=0.9004 train_acc=0.7164 test_loss=1.9061 test_acc=0.3154
Round 455 | selected=[5, 85, 67, 70, 68, 46, 97, 9, 55, 13]
Round 455 | train_loss=1.0738 train_acc=0.6288 test_loss=1.5814 test_acc=0.3740
Round 456 | selected=[17, 14, 22, 26, 50, 67, 84, 64, 82, 38]
Round 456 | train_loss=0.8347 train_acc=0.7206 test_loss=1.5796 test_acc=0.4122
Round 457 | selected=[83, 39, 25, 79, 51, 92, 73, 76, 44, 61]
Round 457 | train_loss=0.8029 train_acc=0.7472 test_loss=1.5416 test_acc=0.3786
Round 458 | selected=[96, 95, 74, 50, 90, 73, 63, 48, 53, 17]
Round 458 | train_loss=0.8002 train_acc=0.7196 test_loss=1.4469 test_acc=0.4627
Round 459 | selected=[77, 45, 44, 26, 19, 5, 73, 27, 70, 23]
Round 459 | train_loss=0.6891 train_acc=0.7680 test_loss=1.4295 test_acc=0.4392
Round 460 | selected=[58, 95, 64, 55, 38, 8, 52, 96, 90, 26]
Round 460 | train_loss=0.6851 train_acc=0.7850 test_loss=1.4976 test_acc=0.4052
Round 461 | selected=[29, 0, 82, 80, 41, 66, 15, 88, 11, 75]
Round 461 | train_loss=0.6498 train_acc=0.7772 test_loss=1.7105 test_acc=0.3688
Round 462 | selected=[14, 27, 52, 70, 71, 1, 91, 68, 41, 55]
Round 462 | train_loss=0.9099 train_acc=0.6864 test_loss=1.6087 test_acc=0.3861
Round 463 | selected=[55, 97, 96, 65, 89, 20, 56, 32, 88, 7]
Round 463 | train_loss=0.8117 train_acc=0.7356 test_loss=1.3472 test_acc=0.5174
Round 464 | selected=[55, 57, 98, 47, 14, 44, 62, 43, 72, 46]
Round 464 | train_loss=0.8786 train_acc=0.7110 test_loss=1.4624 test_acc=0.4434
Round 465 | selected=[73, 59, 64, 23, 88, 1, 29, 57, 71, 58]
Round 465 | train_loss=0.7586 train_acc=0.7466 test_loss=1.3191 test_acc=0.5111
Round 466 | selected=[17, 7, 74, 85, 44, 20, 24, 47, 80, 68]
Round 466 | train_loss=0.8950 train_acc=0.6986 test_loss=1.5472 test_acc=0.4065
Round 467 | selected=[26, 94, 63, 78, 5, 29, 92, 27, 76, 39]
Round 467 | train_loss=0.8122 train_acc=0.7422 test_loss=1.5117 test_acc=0.4501
Round 468 | selected=[52, 54, 33, 37, 69, 56, 23, 12, 89, 90]
Round 468 | train_loss=0.8387 train_acc=0.7340 test_loss=1.5791 test_acc=0.3786
Round 469 | selected=[6, 51, 31, 37, 43, 82, 46, 16, 99, 67]
Round 469 | train_loss=0.6896 train_acc=0.7564 test_loss=1.3767 test_acc=0.5088
Round 470 | selected=[77, 61, 78, 64, 63, 67, 40, 68, 53, 76]
Round 470 | train_loss=0.7735 train_acc=0.7416 test_loss=1.4774 test_acc=0.4197
Round 471 | selected=[65, 87, 48, 90, 12, 27, 73, 77, 52, 37]
Round 471 | train_loss=0.6494 train_acc=0.7732 test_loss=1.6655 test_acc=0.3404
Round 472 | selected=[67, 21, 90, 78, 82, 37, 63, 93, 76, 81]
Round 472 | train_loss=0.8597 train_acc=0.7054 test_loss=1.5213 test_acc=0.4234
Round 473 | selected=[55, 64, 41, 77, 25, 23, 70, 49, 61, 1]
Round 473 | train_loss=0.8514 train_acc=0.7292 test_loss=1.6116 test_acc=0.3853
Round 474 | selected=[27, 51, 2, 90, 24, 54, 50, 45, 69, 63]
Round 474 | train_loss=0.9221 train_acc=0.6938 test_loss=1.7065 test_acc=0.3991
Round 475 | selected=[8, 37, 48, 38, 24, 57, 26, 40, 91, 12]
Round 475 | train_loss=0.6689 train_acc=0.7880 test_loss=1.4514 test_acc=0.4916
Round 476 | selected=[20, 4, 37, 81, 12, 71, 67, 29, 66, 82]
Round 476 | train_loss=0.7357 train_acc=0.7688 test_loss=1.4481 test_acc=0.4435
Round 477 | selected=[81, 89, 20, 17, 11, 12, 41, 15, 70, 40]
Round 477 | train_loss=0.6353 train_acc=0.7962 test_loss=1.3816 test_acc=0.5062
Round 478 | selected=[33, 41, 51, 94, 43, 74, 22, 0, 21, 15]
Round 478 | train_loss=0.8361 train_acc=0.7166 test_loss=1.6795 test_acc=0.3933
Round 479 | selected=[90, 97, 1, 46, 79, 84, 3, 42, 33, 86]
Round 479 | train_loss=0.8224 train_acc=0.7206 test_loss=1.6754 test_acc=0.3884
Round 480 | selected=[75, 12, 87, 85, 26, 69, 44, 43, 99, 31]
Round 480 | train_loss=0.6887 train_acc=0.7812 test_loss=1.4583 test_acc=0.4490
Round 481 | selected=[49, 90, 1, 33, 67, 45, 82, 97, 76, 29]
Round 481 | train_loss=0.7796 train_acc=0.7282 test_loss=1.4141 test_acc=0.4633
Round 482 | selected=[36, 72, 35, 42, 59, 71, 62, 43, 29, 48]
Round 482 | train_loss=0.7462 train_acc=0.7578 test_loss=1.4928 test_acc=0.4012
Round 483 | selected=[99, 22, 35, 19, 78, 79, 34, 46, 3, 33]
Round 483 | train_loss=0.8082 train_acc=0.7200 test_loss=1.5940 test_acc=0.3868
Round 484 | selected=[61, 74, 30, 64, 71, 27, 38, 45, 76, 18]
Round 484 | train_loss=0.6722 train_acc=0.7738 test_loss=1.4088 test_acc=0.4745
Round 485 | selected=[77, 25, 84, 83, 44, 26, 3, 81, 47, 53]
Round 485 | train_loss=0.8675 train_acc=0.6860 test_loss=1.7711 test_acc=0.3554
Round 486 | selected=[26, 82, 53, 85, 57, 56, 17, 68, 78, 22]
Round 486 | train_loss=0.8622 train_acc=0.6886 test_loss=1.5234 test_acc=0.4581
Round 487 | selected=[71, 54, 16, 76, 19, 92, 84, 33, 20, 12]
Round 487 | train_loss=0.7304 train_acc=0.7694 test_loss=1.4048 test_acc=0.4457
Round 488 | selected=[92, 38, 8, 2, 1, 47, 74, 50, 29, 41]
Round 488 | train_loss=0.7882 train_acc=0.7446 test_loss=1.5156 test_acc=0.4025
Round 489 | selected=[99, 83, 21, 29, 11, 28, 97, 56, 91, 85]
Round 489 | train_loss=0.7307 train_acc=0.7542 test_loss=1.3880 test_acc=0.5019
Round 490 | selected=[75, 36, 30, 79, 59, 28, 41, 39, 80, 8]
Round 490 | train_loss=0.6803 train_acc=0.7846 test_loss=1.4196 test_acc=0.4415
Round 491 | selected=[84, 13, 91, 28, 5, 62, 64, 20, 29, 89]
Round 491 | train_loss=0.7242 train_acc=0.7690 test_loss=1.3452 test_acc=0.4644
Round 492 | selected=[56, 51, 91, 64, 67, 18, 69, 31, 65, 80]
Round 492 | train_loss=0.6435 train_acc=0.7864 test_loss=1.5855 test_acc=0.4061
Round 493 | selected=[72, 56, 62, 79, 97, 19, 92, 57, 96, 43]
Round 493 | train_loss=0.8230 train_acc=0.7276 test_loss=1.5355 test_acc=0.3812
Round 494 | selected=[75, 20, 23, 79, 69, 49, 76, 52, 53, 39]
Round 494 | train_loss=0.8502 train_acc=0.7098 test_loss=1.7584 test_acc=0.3310
Round 495 | selected=[16, 34, 76, 1, 25, 61, 46, 98, 44, 31]
Round 495 | train_loss=0.6214 train_acc=0.7952 test_loss=1.4654 test_acc=0.4451
Round 496 | selected=[33, 2, 99, 61, 30, 93, 21, 22, 36, 20]
Round 496 | train_loss=0.7517 train_acc=0.7558 test_loss=1.6600 test_acc=0.3473
Round 497 | selected=[59, 80, 95, 32, 35, 54, 58, 17, 18, 30]
Round 497 | train_loss=0.7369 train_acc=0.7570 test_loss=1.5101 test_acc=0.4402
Round 498 | selected=[90, 10, 37, 76, 45, 62, 89, 20, 85, 70]
Round 498 | train_loss=0.8439 train_acc=0.7182 test_loss=1.4405 test_acc=0.4537
Round 499 | selected=[39, 87, 86, 15, 18, 10, 57, 75, 74, 95]
Round 499 | train_loss=0.7269 train_acc=0.7672 test_loss=1.5086 test_acc=0.4416
Round 500 | selected=[53, 83, 34, 22, 85, 50, 9, 98, 67, 90]
Round 500 | train_loss=0.8245 train_acc=0.7046 test_loss=1.5312 test_acc=0.4261
Saved: track1/results/cifar10/final_seed44/fedavg_alpha01_seed44.csv
COMPLETED: fedavg alpha01 seed=44
