========================================
JOB:       12004747
TASK:      23
ALGORITHM: fedprox
PARTITION: alpha01
SEED:      44
GPU:       0
========================================
Device: cuda
GPU: Tesla V100-PCIE-32GB
Round 0 | test_loss=3.0410 test_acc=0.1229
Round 1 | selected=[38, 24, 76, 63, 8, 52, 11, 60, 94, 16]
Round 1 | train_loss=1.2979 train_acc=0.7030 test_loss=2.9668 test_acc=0.1000
Round 2 | selected=[38, 88, 40, 98, 58, 91, 39, 56, 35, 96]
Round 2 | train_loss=1.9545 train_acc=0.5638 test_loss=3.7545 test_acc=0.1637
Round 3 | selected=[63, 8, 77, 16, 70, 81, 90, 68, 18, 54]
Round 3 | train_loss=1.6900 train_acc=0.5794 test_loss=4.4793 test_acc=0.1000
Round 4 | selected=[62, 58, 33, 61, 76, 14, 29, 71, 39, 27]
Round 4 | train_loss=1.9992 train_acc=0.5852 test_loss=4.0903 test_acc=0.1457
Round 5 | selected=[10, 71, 32, 79, 27, 87, 48, 53, 59, 76]
Round 5 | train_loss=1.8686 train_acc=0.5654 test_loss=4.1334 test_acc=0.1502
Round 6 | selected=[96, 43, 42, 70, 26, 67, 35, 12, 51, 55]
Round 6 | train_loss=2.0466 train_acc=0.5212 test_loss=3.2428 test_acc=0.1693
Round 7 | selected=[41, 62, 97, 46, 72, 24, 32, 30, 19, 21]
Round 7 | train_loss=1.3956 train_acc=0.6266 test_loss=4.1514 test_acc=0.1000
Round 8 | selected=[14, 39, 84, 69, 58, 11, 79, 44, 99, 86]
Round 8 | train_loss=1.7840 train_acc=0.5604 test_loss=3.7951 test_acc=0.1051
Round 9 | selected=[65, 67, 19, 15, 83, 72, 91, 25, 0, 3]
Round 9 | train_loss=2.2980 train_acc=0.5014 test_loss=3.0142 test_acc=0.1281
Round 10 | selected=[41, 79, 99, 18, 46, 7, 20, 74, 73, 33]
Round 10 | train_loss=1.6591 train_acc=0.5706 test_loss=2.4077 test_acc=0.1871
Round 11 | selected=[26, 48, 65, 63, 77, 20, 12, 81, 83, 30]
Round 11 | train_loss=1.3012 train_acc=0.6674 test_loss=2.4614 test_acc=0.1643
Round 12 | selected=[17, 12, 30, 9, 67, 97, 87, 35, 65, 14]
Round 12 | train_loss=1.2611 train_acc=0.5852 test_loss=2.5727 test_acc=0.1682
Round 13 | selected=[38, 49, 87, 82, 5, 97, 31, 93, 80, 58]
Round 13 | train_loss=1.5546 train_acc=0.5532 test_loss=2.6365 test_acc=0.1000
Round 14 | selected=[76, 65, 90, 20, 87, 52, 7, 28, 4, 81]
Round 14 | train_loss=1.2890 train_acc=0.6236 test_loss=2.7193 test_acc=0.1110
Round 15 | selected=[67, 29, 12, 96, 70, 48, 17, 83, 93, 62]
Round 15 | train_loss=1.8971 train_acc=0.4694 test_loss=2.3031 test_acc=0.2004
Round 16 | selected=[31, 16, 28, 87, 57, 21, 71, 24, 37, 83]
Round 16 | train_loss=1.1925 train_acc=0.6674 test_loss=2.3931 test_acc=0.1549
Round 17 | selected=[11, 21, 65, 34, 43, 10, 99, 71, 40, 14]
Round 17 | train_loss=1.1136 train_acc=0.6590 test_loss=2.2800 test_acc=0.2011
Round 18 | selected=[49, 17, 56, 0, 16, 99, 80, 6, 44, 40]
Round 18 | train_loss=1.2356 train_acc=0.6288 test_loss=2.2219 test_acc=0.1430
Round 19 | selected=[70, 38, 57, 98, 74, 14, 71, 81, 28, 97]
Round 19 | train_loss=1.3524 train_acc=0.5824 test_loss=2.2601 test_acc=0.1743
Round 20 | selected=[1, 16, 49, 67, 22, 27, 88, 76, 21, 15]
Round 20 | train_loss=1.4232 train_acc=0.5608 test_loss=2.4158 test_acc=0.1542
Round 21 | selected=[83, 43, 56, 50, 16, 18, 32, 15, 74, 62]
Round 21 | train_loss=1.3319 train_acc=0.5778 test_loss=2.2491 test_acc=0.2023
Round 22 | selected=[24, 34, 96, 18, 44, 92, 8, 32, 95, 90]
Round 22 | train_loss=1.3592 train_acc=0.5526 test_loss=2.2879 test_acc=0.2089
Round 23 | selected=[64, 65, 0, 57, 52, 97, 73, 19, 58, 4]
Round 23 | train_loss=1.1551 train_acc=0.6280 test_loss=2.7072 test_acc=0.1112
Round 24 | selected=[19, 94, 23, 25, 64, 77, 8, 81, 41, 10]
Round 24 | train_loss=1.4336 train_acc=0.5544 test_loss=2.4771 test_acc=0.1831
Round 25 | selected=[70, 34, 47, 84, 12, 40, 32, 64, 18, 83]
Round 25 | train_loss=1.3336 train_acc=0.5974 test_loss=2.3049 test_acc=0.1930
Round 26 | selected=[43, 79, 40, 96, 47, 24, 64, 11, 48, 42]
Round 26 | train_loss=1.2997 train_acc=0.5968 test_loss=2.4287 test_acc=0.1762
Round 27 | selected=[67, 41, 12, 54, 98, 21, 83, 13, 30, 1]
Round 27 | train_loss=1.3180 train_acc=0.5978 test_loss=2.2665 test_acc=0.1713
Round 28 | selected=[92, 72, 96, 76, 33, 15, 30, 46, 74, 23]
Round 28 | train_loss=1.3596 train_acc=0.5950 test_loss=2.1793 test_acc=0.1760
Round 29 | selected=[82, 77, 28, 32, 37, 26, 55, 67, 71, 44]
Round 29 | train_loss=1.3309 train_acc=0.5594 test_loss=2.2575 test_acc=0.1738
Round 30 | selected=[31, 96, 80, 66, 34, 26, 33, 3, 52, 11]
Round 30 | train_loss=1.1418 train_acc=0.6384 test_loss=2.3053 test_acc=0.1890
Round 31 | selected=[58, 10, 95, 55, 69, 25, 1, 13, 77, 65]
Round 31 | train_loss=1.2307 train_acc=0.5740 test_loss=2.3163 test_acc=0.2040
Round 32 | selected=[53, 30, 66, 76, 6, 85, 81, 48, 54, 5]
Round 32 | train_loss=1.2448 train_acc=0.6122 test_loss=2.4005 test_acc=0.2031
Round 33 | selected=[91, 75, 14, 11, 33, 80, 8, 47, 82, 37]
Round 33 | train_loss=1.4326 train_acc=0.5744 test_loss=2.3653 test_acc=0.2235
Round 34 | selected=[54, 94, 5, 99, 64, 91, 80, 62, 36, 52]
Round 34 | train_loss=1.3607 train_acc=0.5802 test_loss=2.4487 test_acc=0.1831
Round 35 | selected=[5, 20, 50, 98, 84, 74, 51, 91, 44, 78]
Round 35 | train_loss=1.4591 train_acc=0.5284 test_loss=2.4294 test_acc=0.1623
Round 36 | selected=[78, 31, 53, 12, 21, 49, 76, 46, 80, 2]
Round 36 | train_loss=1.2352 train_acc=0.6000 test_loss=2.3184 test_acc=0.1364
Round 37 | selected=[61, 19, 23, 45, 12, 65, 27, 39, 85, 24]
Round 37 | train_loss=1.3267 train_acc=0.6060 test_loss=2.1634 test_acc=0.1889
Round 38 | selected=[24, 92, 93, 64, 44, 89, 42, 35, 45, 20]
Round 38 | train_loss=1.4341 train_acc=0.5142 test_loss=2.1820 test_acc=0.2348
Round 39 | selected=[95, 2, 21, 56, 41, 52, 31, 55, 23, 57]
Round 39 | train_loss=1.3170 train_acc=0.5650 test_loss=2.4341 test_acc=0.1865
Round 40 | selected=[80, 69, 90, 46, 78, 67, 38, 55, 10, 49]
Round 40 | train_loss=1.4224 train_acc=0.5688 test_loss=2.1792 test_acc=0.1844
Round 41 | selected=[70, 76, 56, 97, 71, 44, 64, 94, 4, 36]
Round 41 | train_loss=1.3985 train_acc=0.5386 test_loss=2.1875 test_acc=0.1985
Round 42 | selected=[94, 14, 80, 79, 17, 23, 33, 2, 44, 88]
Round 42 | train_loss=1.2885 train_acc=0.5762 test_loss=2.0861 test_acc=0.2405
Round 43 | selected=[66, 91, 58, 96, 1, 49, 38, 16, 89, 39]
Round 43 | train_loss=1.2589 train_acc=0.6478 test_loss=2.4203 test_acc=0.1464
Round 44 | selected=[91, 90, 7, 26, 99, 12, 54, 48, 0, 36]
Round 44 | train_loss=1.2630 train_acc=0.6196 test_loss=2.3029 test_acc=0.1962
Round 45 | selected=[47, 6, 4, 38, 14, 62, 40, 63, 41, 99]
Round 45 | train_loss=1.3920 train_acc=0.5554 test_loss=2.2024 test_acc=0.1911
Round 46 | selected=[2, 52, 60, 29, 57, 71, 33, 39, 75, 95]
Round 46 | train_loss=1.4588 train_acc=0.5134 test_loss=2.1881 test_acc=0.2127
Round 47 | selected=[92, 35, 28, 54, 74, 46, 49, 13, 62, 4]
Round 47 | train_loss=1.2656 train_acc=0.6212 test_loss=2.0845 test_acc=0.2275
Round 48 | selected=[97, 40, 62, 82, 13, 85, 78, 32, 63, 43]
Round 48 | train_loss=1.3868 train_acc=0.5370 test_loss=2.0686 test_acc=0.2045
Round 49 | selected=[5, 6, 35, 70, 67, 94, 82, 33, 45, 91]
Round 49 | train_loss=1.3727 train_acc=0.5530 test_loss=2.0605 test_acc=0.2237
Round 50 | selected=[58, 48, 26, 18, 85, 14, 75, 81, 29, 47]
Round 50 | train_loss=1.2544 train_acc=0.6062 test_loss=2.1327 test_acc=0.2316
Round 51 | selected=[5, 11, 20, 81, 75, 4, 32, 86, 17, 7]
Round 51 | train_loss=1.1254 train_acc=0.6564 test_loss=2.2060 test_acc=0.1385
Round 52 | selected=[41, 98, 97, 1, 93, 3, 33, 87, 88, 31]
Round 52 | train_loss=1.3239 train_acc=0.5618 test_loss=2.1420 test_acc=0.1751
Round 53 | selected=[66, 26, 17, 68, 79, 88, 27, 25, 89, 12]
Round 53 | train_loss=1.3548 train_acc=0.5420 test_loss=2.5780 test_acc=0.1405
Round 54 | selected=[13, 22, 89, 3, 91, 63, 61, 14, 90, 95]
Round 54 | train_loss=1.5802 train_acc=0.4474 test_loss=2.3353 test_acc=0.2300
Round 55 | selected=[18, 90, 57, 2, 98, 61, 67, 51, 60, 76]
Round 55 | train_loss=1.4720 train_acc=0.5184 test_loss=2.1207 test_acc=0.2107
Round 56 | selected=[20, 50, 90, 10, 18, 73, 52, 26, 41, 76]
Round 56 | train_loss=1.2298 train_acc=0.6270 test_loss=2.1648 test_acc=0.2032
Round 57 | selected=[44, 6, 91, 4, 15, 23, 76, 36, 73, 50]
Round 57 | train_loss=1.2722 train_acc=0.5960 test_loss=2.1979 test_acc=0.1937
Round 58 | selected=[76, 70, 99, 41, 38, 17, 77, 34, 21, 59]
Round 58 | train_loss=1.2711 train_acc=0.5710 test_loss=2.1363 test_acc=0.1898
Round 59 | selected=[31, 41, 12, 17, 67, 42, 84, 82, 16, 69]
Round 59 | train_loss=1.2842 train_acc=0.5838 test_loss=2.0939 test_acc=0.2105
Round 60 | selected=[6, 43, 10, 86, 28, 11, 19, 79, 39, 60]
Round 60 | train_loss=1.2468 train_acc=0.5874 test_loss=2.0642 test_acc=0.2528
Round 61 | selected=[46, 2, 96, 11, 65, 66, 23, 24, 78, 19]
Round 61 | train_loss=1.1807 train_acc=0.6574 test_loss=2.2373 test_acc=0.1689
Round 62 | selected=[88, 68, 83, 23, 30, 86, 70, 0, 97, 75]
Round 62 | train_loss=1.2515 train_acc=0.6052 test_loss=2.0929 test_acc=0.1942
Round 63 | selected=[16, 27, 68, 1, 40, 96, 88, 34, 77, 53]
Round 63 | train_loss=1.2896 train_acc=0.5710 test_loss=2.4412 test_acc=0.1317
Round 64 | selected=[9, 76, 78, 87, 2, 79, 65, 37, 60, 64]
Round 64 | train_loss=1.4111 train_acc=0.5278 test_loss=2.3444 test_acc=0.1620
Round 65 | selected=[79, 96, 86, 98, 9, 75, 58, 87, 51, 17]
Round 65 | train_loss=1.3710 train_acc=0.5636 test_loss=2.2156 test_acc=0.1721
Round 66 | selected=[3, 41, 39, 35, 38, 13, 11, 31, 81, 1]
Round 66 | train_loss=1.2484 train_acc=0.5946 test_loss=2.2467 test_acc=0.1483
Round 67 | selected=[45, 75, 3, 47, 57, 56, 88, 79, 8, 22]
Round 67 | train_loss=1.4124 train_acc=0.5198 test_loss=1.9570 test_acc=0.2530
Round 68 | selected=[65, 16, 0, 7, 40, 77, 81, 41, 60, 83]
Round 68 | train_loss=1.1722 train_acc=0.6362 test_loss=2.0104 test_acc=0.2594
Round 69 | selected=[18, 68, 89, 15, 88, 93, 49, 92, 67, 38]
Round 69 | train_loss=1.3042 train_acc=0.5802 test_loss=1.9275 test_acc=0.2496
Round 70 | selected=[1, 99, 7, 54, 51, 92, 67, 95, 88, 50]
Round 70 | train_loss=1.2337 train_acc=0.5990 test_loss=1.9534 test_acc=0.2416
Round 71 | selected=[45, 20, 79, 28, 66, 94, 35, 11, 93, 33]
Round 71 | train_loss=1.2475 train_acc=0.6222 test_loss=2.2300 test_acc=0.2042
Round 72 | selected=[64, 43, 83, 81, 5, 71, 95, 58, 11, 74]
Round 72 | train_loss=1.2132 train_acc=0.5918 test_loss=2.0163 test_acc=0.2312
Round 73 | selected=[50, 32, 0, 81, 8, 64, 66, 60, 70, 45]
Round 73 | train_loss=1.0730 train_acc=0.6498 test_loss=2.1137 test_acc=0.1990
Round 74 | selected=[92, 58, 39, 11, 3, 84, 97, 85, 20, 65]
Round 74 | train_loss=1.2339 train_acc=0.5828 test_loss=2.2214 test_acc=0.1860
Round 75 | selected=[92, 29, 28, 26, 10, 65, 85, 84, 43, 42]
Round 75 | train_loss=1.1332 train_acc=0.6376 test_loss=1.9228 test_acc=0.2240
Round 76 | selected=[93, 19, 91, 29, 14, 4, 88, 32, 0, 11]
Round 76 | train_loss=1.1345 train_acc=0.6388 test_loss=1.9018 test_acc=0.2421
Round 77 | selected=[58, 76, 51, 88, 10, 37, 94, 99, 69, 89]
Round 77 | train_loss=1.0934 train_acc=0.6696 test_loss=1.9451 test_acc=0.2555
Round 78 | selected=[6, 3, 33, 78, 32, 97, 83, 86, 80, 62]
Round 78 | train_loss=1.2101 train_acc=0.6098 test_loss=2.1005 test_acc=0.2072
Round 79 | selected=[88, 71, 8, 85, 82, 50, 51, 44, 14, 56]
Round 79 | train_loss=1.2259 train_acc=0.5986 test_loss=2.1376 test_acc=0.2237
Round 80 | selected=[2, 7, 13, 46, 71, 19, 24, 77, 86, 79]
Round 80 | train_loss=1.3823 train_acc=0.5792 test_loss=2.2054 test_acc=0.1576
Round 81 | selected=[25, 90, 13, 32, 59, 66, 54, 81, 67, 16]
Round 81 | train_loss=1.1842 train_acc=0.6218 test_loss=1.9319 test_acc=0.2503
Round 82 | selected=[85, 20, 54, 73, 50, 70, 71, 51, 99, 74]
Round 82 | train_loss=1.1079 train_acc=0.6546 test_loss=1.9574 test_acc=0.2865
Round 83 | selected=[42, 20, 17, 11, 98, 10, 46, 84, 38, 53]
Round 83 | train_loss=1.2565 train_acc=0.5892 test_loss=2.0964 test_acc=0.2312
Round 84 | selected=[72, 1, 52, 21, 9, 5, 69, 45, 74, 58]
Round 84 | train_loss=1.2923 train_acc=0.5990 test_loss=1.9423 test_acc=0.2677
Round 85 | selected=[74, 13, 75, 78, 80, 24, 8, 30, 97, 20]
Round 85 | train_loss=1.2227 train_acc=0.6300 test_loss=1.9491 test_acc=0.2628
Round 86 | selected=[48, 45, 38, 10, 71, 84, 82, 53, 42, 7]
Round 86 | train_loss=1.0698 train_acc=0.6690 test_loss=2.2716 test_acc=0.2040
Round 87 | selected=[98, 54, 40, 95, 59, 88, 92, 93, 28, 97]
Round 87 | train_loss=1.1766 train_acc=0.6016 test_loss=1.9820 test_acc=0.2049
Round 88 | selected=[16, 44, 9, 82, 81, 18, 85, 94, 64, 88]
Round 88 | train_loss=1.2393 train_acc=0.5824 test_loss=1.9959 test_acc=0.2867
Round 89 | selected=[18, 61, 27, 67, 48, 57, 95, 49, 76, 30]
Round 89 | train_loss=1.2477 train_acc=0.5908 test_loss=1.9338 test_acc=0.2726
Round 90 | selected=[90, 31, 36, 67, 7, 93, 1, 77, 11, 15]
Round 90 | train_loss=1.2174 train_acc=0.6292 test_loss=2.0328 test_acc=0.2394
Round 91 | selected=[50, 15, 33, 91, 99, 98, 2, 67, 49, 43]
Round 91 | train_loss=1.2758 train_acc=0.5882 test_loss=2.0690 test_acc=0.1922
Round 92 | selected=[47, 23, 16, 25, 85, 13, 15, 12, 55, 97]
Round 92 | train_loss=1.2593 train_acc=0.5654 test_loss=1.9699 test_acc=0.2540
Round 93 | selected=[10, 5, 36, 2, 76, 89, 40, 12, 58, 47]
Round 93 | train_loss=1.0633 train_acc=0.6842 test_loss=1.9396 test_acc=0.2465
Round 94 | selected=[56, 51, 89, 78, 22, 87, 67, 62, 11, 91]
Round 94 | train_loss=1.1798 train_acc=0.6152 test_loss=1.9389 test_acc=0.2393
Round 95 | selected=[36, 56, 50, 92, 13, 42, 93, 8, 20, 45]
Round 95 | train_loss=1.0377 train_acc=0.6678 test_loss=1.9832 test_acc=0.2648
Round 96 | selected=[42, 2, 44, 21, 74, 82, 34, 83, 49, 31]
Round 96 | train_loss=1.1806 train_acc=0.6438 test_loss=2.1421 test_acc=0.2115
Round 97 | selected=[20, 33, 86, 30, 23, 31, 71, 2, 50, 69]
Round 97 | train_loss=1.2126 train_acc=0.6332 test_loss=2.0418 test_acc=0.2334
Round 98 | selected=[75, 45, 13, 32, 12, 54, 16, 80, 83, 86]
Round 98 | train_loss=1.1291 train_acc=0.6440 test_loss=1.9471 test_acc=0.3214
Round 99 | selected=[31, 83, 63, 91, 90, 35, 69, 82, 16, 49]
Round 99 | train_loss=1.3083 train_acc=0.5818 test_loss=2.0838 test_acc=0.2907
Round 100 | selected=[45, 35, 10, 6, 64, 72, 34, 37, 75, 7]
Round 100 | train_loss=1.1833 train_acc=0.6218 test_loss=1.8858 test_acc=0.3125
Round 101 | selected=[1, 11, 21, 12, 36, 50, 53, 52, 9, 37]
Round 101 | train_loss=1.0206 train_acc=0.6836 test_loss=1.9780 test_acc=0.2281
Round 102 | selected=[78, 94, 38, 97, 29, 51, 73, 52, 76, 1]
Round 102 | train_loss=1.0787 train_acc=0.6416 test_loss=2.2899 test_acc=0.1901
Round 103 | selected=[48, 85, 24, 15, 40, 35, 70, 43, 90, 26]
Round 103 | train_loss=1.4788 train_acc=0.5204 test_loss=2.2455 test_acc=0.2402
Round 104 | selected=[37, 29, 21, 85, 7, 4, 79, 76, 47, 23]
Round 104 | train_loss=1.2910 train_acc=0.6134 test_loss=2.1119 test_acc=0.1928
Round 105 | selected=[42, 23, 78, 32, 19, 3, 21, 57, 24, 98]
Round 105 | train_loss=1.2212 train_acc=0.6032 test_loss=1.9309 test_acc=0.2598
Round 106 | selected=[25, 82, 31, 36, 65, 7, 41, 66, 75, 58]
Round 106 | train_loss=1.1553 train_acc=0.6430 test_loss=1.8971 test_acc=0.2981
Round 107 | selected=[37, 63, 64, 13, 73, 79, 33, 56, 10, 99]
Round 107 | train_loss=1.2063 train_acc=0.6208 test_loss=1.9265 test_acc=0.2703
Round 108 | selected=[66, 64, 2, 75, 29, 4, 16, 99, 77, 0]
Round 108 | train_loss=1.0925 train_acc=0.6552 test_loss=1.8893 test_acc=0.2410
Round 109 | selected=[43, 74, 18, 13, 17, 91, 71, 82, 85, 35]
Round 109 | train_loss=1.4087 train_acc=0.5186 test_loss=1.8387 test_acc=0.2908
Round 110 | selected=[49, 89, 46, 3, 79, 82, 16, 90, 57, 58]
Round 110 | train_loss=1.1927 train_acc=0.6196 test_loss=1.9353 test_acc=0.2507
Round 111 | selected=[12, 41, 68, 0, 93, 29, 81, 54, 44, 57]
Round 111 | train_loss=1.0874 train_acc=0.6282 test_loss=2.0141 test_acc=0.2558
Round 112 | selected=[16, 86, 51, 25, 57, 48, 34, 36, 63, 76]
Round 112 | train_loss=1.0970 train_acc=0.6446 test_loss=1.8335 test_acc=0.2892
Round 113 | selected=[70, 34, 33, 48, 27, 16, 50, 44, 24, 75]
Round 113 | train_loss=1.1185 train_acc=0.6560 test_loss=1.8623 test_acc=0.3139
Round 114 | selected=[26, 31, 15, 13, 51, 96, 86, 39, 90, 19]
Round 114 | train_loss=1.1977 train_acc=0.6498 test_loss=2.0543 test_acc=0.1952
Round 115 | selected=[71, 72, 74, 12, 84, 99, 76, 68, 59, 36]
Round 115 | train_loss=1.1555 train_acc=0.6228 test_loss=1.9189 test_acc=0.2938
Round 116 | selected=[6, 35, 55, 52, 97, 78, 5, 76, 53, 56]
Round 116 | train_loss=1.2244 train_acc=0.6018 test_loss=1.9779 test_acc=0.2011
Round 117 | selected=[33, 96, 7, 4, 53, 81, 67, 24, 88, 64]
Round 117 | train_loss=1.1944 train_acc=0.6040 test_loss=1.8947 test_acc=0.2496
Round 118 | selected=[24, 17, 90, 76, 39, 34, 35, 2, 66, 12]
Round 118 | train_loss=1.2444 train_acc=0.5722 test_loss=2.2172 test_acc=0.2342
Round 119 | selected=[64, 97, 94, 24, 45, 22, 48, 25, 81, 57]
Round 119 | train_loss=1.4007 train_acc=0.5422 test_loss=2.0712 test_acc=0.2395
Round 120 | selected=[28, 38, 41, 36, 30, 79, 5, 61, 50, 20]
Round 120 | train_loss=1.1828 train_acc=0.6404 test_loss=2.1313 test_acc=0.2040
Round 121 | selected=[34, 62, 94, 41, 27, 64, 96, 72, 45, 18]
Round 121 | train_loss=1.2341 train_acc=0.5764 test_loss=1.9930 test_acc=0.2814
Round 122 | selected=[76, 61, 9, 70, 37, 74, 85, 89, 64, 94]
Round 122 | train_loss=1.1439 train_acc=0.6294 test_loss=1.9191 test_acc=0.2780
Round 123 | selected=[28, 25, 19, 75, 43, 44, 87, 20, 38, 53]
Round 123 | train_loss=1.1626 train_acc=0.6202 test_loss=1.9804 test_acc=0.2536
Round 124 | selected=[99, 88, 92, 27, 57, 41, 61, 5, 11, 0]
Round 124 | train_loss=1.1959 train_acc=0.6258 test_loss=1.9483 test_acc=0.2504
Round 125 | selected=[20, 74, 28, 12, 55, 44, 81, 15, 50, 40]
Round 125 | train_loss=1.0493 train_acc=0.6736 test_loss=1.8542 test_acc=0.2991
Round 126 | selected=[71, 60, 16, 46, 39, 69, 48, 52, 23, 78]
Round 126 | train_loss=1.1640 train_acc=0.6362 test_loss=1.9487 test_acc=0.2069
Round 127 | selected=[61, 57, 4, 87, 66, 58, 82, 28, 26, 52]
Round 127 | train_loss=0.9110 train_acc=0.6994 test_loss=1.8505 test_acc=0.3001
Round 128 | selected=[68, 7, 43, 81, 46, 88, 94, 48, 47, 31]
Round 128 | train_loss=1.2444 train_acc=0.5854 test_loss=2.1825 test_acc=0.2216
Round 129 | selected=[68, 3, 51, 92, 84, 88, 79, 56, 85, 75]
Round 129 | train_loss=1.1964 train_acc=0.6146 test_loss=1.8947 test_acc=0.2426
Round 130 | selected=[38, 15, 69, 9, 21, 82, 43, 18, 92, 87]
Round 130 | train_loss=1.0824 train_acc=0.6430 test_loss=1.9985 test_acc=0.1971
Round 131 | selected=[3, 43, 73, 91, 81, 80, 55, 40, 14, 58]
Round 131 | train_loss=1.1410 train_acc=0.6072 test_loss=1.9576 test_acc=0.2493
Round 132 | selected=[93, 63, 46, 12, 78, 82, 52, 26, 86, 70]
Round 132 | train_loss=1.1454 train_acc=0.6318 test_loss=1.8573 test_acc=0.3118
Round 133 | selected=[51, 1, 92, 77, 82, 49, 75, 97, 36, 56]
Round 133 | train_loss=1.1498 train_acc=0.6412 test_loss=1.7729 test_acc=0.3251
Round 134 | selected=[80, 73, 62, 87, 45, 83, 89, 75, 46, 17]
Round 134 | train_loss=0.9661 train_acc=0.6948 test_loss=1.8888 test_acc=0.2813
Round 135 | selected=[8, 60, 45, 32, 28, 74, 93, 84, 29, 49]
Round 135 | train_loss=1.2435 train_acc=0.6128 test_loss=2.1189 test_acc=0.2478
Round 136 | selected=[69, 97, 91, 1, 40, 67, 98, 13, 56, 36]
Round 136 | train_loss=1.4325 train_acc=0.5400 test_loss=2.1854 test_acc=0.3206
Round 137 | selected=[54, 78, 37, 13, 5, 57, 2, 44, 48, 28]
Round 137 | train_loss=1.5178 train_acc=0.5564 test_loss=1.9261 test_acc=0.2461
Round 138 | selected=[26, 13, 33, 8, 77, 31, 28, 70, 47, 57]
Round 138 | train_loss=1.0950 train_acc=0.6516 test_loss=2.0599 test_acc=0.2256
Round 139 | selected=[74, 93, 85, 18, 84, 21, 68, 62, 72, 7]
Round 139 | train_loss=1.3593 train_acc=0.5436 test_loss=1.9137 test_acc=0.2627
Round 140 | selected=[63, 1, 77, 51, 48, 30, 67, 55, 36, 13]
Round 140 | train_loss=1.1681 train_acc=0.6178 test_loss=1.8347 test_acc=0.3271
Round 141 | selected=[48, 91, 29, 60, 4, 9, 22, 27, 45, 21]
Round 141 | train_loss=1.2757 train_acc=0.5844 test_loss=2.0625 test_acc=0.2155
Round 142 | selected=[22, 18, 17, 0, 42, 24, 13, 91, 35, 88]
Round 142 | train_loss=1.2944 train_acc=0.5492 test_loss=1.9867 test_acc=0.2366
Round 143 | selected=[5, 48, 37, 43, 54, 88, 30, 61, 34, 79]
Round 143 | train_loss=1.0649 train_acc=0.6634 test_loss=1.8404 test_acc=0.3373
Round 144 | selected=[2, 85, 26, 42, 67, 68, 93, 76, 58, 74]
Round 144 | train_loss=1.3010 train_acc=0.5832 test_loss=1.7997 test_acc=0.3454
Round 145 | selected=[52, 31, 1, 92, 23, 96, 40, 0, 16, 9]
Round 145 | train_loss=0.9367 train_acc=0.7370 test_loss=1.7881 test_acc=0.2931
Round 146 | selected=[34, 88, 98, 86, 89, 59, 60, 81, 28, 9]
Round 146 | train_loss=1.1879 train_acc=0.6124 test_loss=1.9755 test_acc=0.2444
Round 147 | selected=[59, 37, 57, 27, 82, 44, 83, 51, 92, 99]
Round 147 | train_loss=1.1594 train_acc=0.6072 test_loss=2.0806 test_acc=0.2308
Round 148 | selected=[73, 1, 71, 81, 14, 65, 8, 89, 67, 80]
Round 148 | train_loss=1.1304 train_acc=0.6476 test_loss=1.9399 test_acc=0.2572
Round 149 | selected=[87, 89, 42, 75, 8, 47, 19, 48, 50, 34]
Round 149 | train_loss=0.9655 train_acc=0.6938 test_loss=1.7913 test_acc=0.3134
Round 150 | selected=[92, 9, 4, 32, 53, 80, 22, 68, 2, 31]
Round 150 | train_loss=1.2273 train_acc=0.6110 test_loss=1.9271 test_acc=0.2522
Round 151 | selected=[79, 95, 42, 6, 1, 17, 76, 83, 73, 3]
Round 151 | train_loss=1.2282 train_acc=0.5930 test_loss=1.8236 test_acc=0.3244
Round 152 | selected=[93, 44, 6, 0, 10, 82, 81, 86, 48, 89]
Round 152 | train_loss=0.9162 train_acc=0.7082 test_loss=2.2199 test_acc=0.1834
Round 153 | selected=[32, 72, 9, 43, 55, 67, 78, 4, 6, 66]
Round 153 | train_loss=1.3351 train_acc=0.5504 test_loss=2.1367 test_acc=0.2479
Round 154 | selected=[31, 20, 52, 36, 15, 99, 72, 26, 40, 63]
Round 154 | train_loss=1.1006 train_acc=0.6658 test_loss=1.8714 test_acc=0.3077
Round 155 | selected=[78, 96, 56, 75, 63, 93, 38, 45, 89, 55]
Round 155 | train_loss=1.0421 train_acc=0.6642 test_loss=1.9160 test_acc=0.2729
Round 156 | selected=[64, 4, 87, 76, 91, 15, 95, 13, 83, 26]
Round 156 | train_loss=1.0742 train_acc=0.6442 test_loss=1.8632 test_acc=0.2831
Round 157 | selected=[0, 94, 14, 44, 90, 39, 93, 9, 96, 28]
Round 157 | train_loss=1.1669 train_acc=0.6276 test_loss=2.0606 test_acc=0.2349
Round 158 | selected=[35, 68, 67, 0, 54, 29, 85, 38, 47, 62]
Round 158 | train_loss=1.1946 train_acc=0.5944 test_loss=2.0293 test_acc=0.2241
Round 159 | selected=[87, 9, 16, 11, 92, 98, 24, 59, 46, 5]
Round 159 | train_loss=1.0675 train_acc=0.6532 test_loss=1.9539 test_acc=0.2759
Round 160 | selected=[16, 73, 81, 92, 30, 45, 27, 55, 80, 67]
Round 160 | train_loss=0.8675 train_acc=0.7174 test_loss=2.0545 test_acc=0.2255
Round 161 | selected=[77, 1, 56, 94, 89, 2, 20, 63, 72, 10]
Round 161 | train_loss=1.5350 train_acc=0.5218 test_loss=2.0515 test_acc=0.2912
Round 162 | selected=[8, 60, 47, 67, 14, 15, 43, 6, 85, 73]
Round 162 | train_loss=1.5157 train_acc=0.5474 test_loss=1.8891 test_acc=0.2603
Round 163 | selected=[13, 25, 29, 69, 22, 95, 50, 91, 38, 58]
Round 163 | train_loss=1.2225 train_acc=0.5754 test_loss=1.7761 test_acc=0.3059
Round 164 | selected=[63, 27, 66, 11, 8, 33, 28, 51, 97, 46]
Round 164 | train_loss=1.0667 train_acc=0.6728 test_loss=2.1423 test_acc=0.2222
Round 165 | selected=[68, 28, 63, 42, 10, 36, 34, 17, 25, 82]
Round 165 | train_loss=1.1860 train_acc=0.5972 test_loss=1.7587 test_acc=0.3379
Round 166 | selected=[22, 85, 98, 52, 86, 9, 88, 33, 80, 83]
Round 166 | train_loss=1.0526 train_acc=0.6600 test_loss=1.7923 test_acc=0.3130
Round 167 | selected=[27, 14, 36, 1, 31, 93, 56, 13, 35, 12]
Round 167 | train_loss=1.1207 train_acc=0.6260 test_loss=1.7941 test_acc=0.3369
Round 168 | selected=[22, 70, 43, 62, 93, 20, 1, 74, 92, 4]
Round 168 | train_loss=1.1062 train_acc=0.6252 test_loss=1.8670 test_acc=0.2784
Round 169 | selected=[77, 37, 53, 68, 18, 0, 74, 71, 40, 91]
Round 169 | train_loss=1.2801 train_acc=0.5992 test_loss=1.8791 test_acc=0.2837
Round 170 | selected=[90, 83, 81, 84, 56, 64, 42, 15, 99, 97]
Round 170 | train_loss=1.1448 train_acc=0.6322 test_loss=1.7664 test_acc=0.2873
Round 171 | selected=[11, 16, 40, 42, 64, 45, 33, 52, 4, 56]
Round 171 | train_loss=0.9634 train_acc=0.6898 test_loss=2.1643 test_acc=0.2415
Round 172 | selected=[56, 48, 57, 69, 58, 18, 21, 79, 59, 81]
Round 172 | train_loss=1.2187 train_acc=0.5900 test_loss=1.8796 test_acc=0.3539
Round 173 | selected=[38, 78, 27, 77, 11, 34, 92, 6, 63, 44]
Round 173 | train_loss=1.0701 train_acc=0.6642 test_loss=1.9406 test_acc=0.3266
Round 174 | selected=[14, 51, 84, 53, 69, 43, 13, 17, 16, 58]
Round 174 | train_loss=1.1002 train_acc=0.6338 test_loss=1.7762 test_acc=0.3424
Round 175 | selected=[75, 1, 58, 97, 62, 9, 19, 14, 71, 99]
Round 175 | train_loss=0.9572 train_acc=0.7016 test_loss=1.7317 test_acc=0.3259
Round 176 | selected=[25, 8, 30, 37, 35, 72, 67, 53, 83, 2]
Round 176 | train_loss=1.1787 train_acc=0.6222 test_loss=1.8959 test_acc=0.2598
Round 177 | selected=[9, 87, 86, 78, 33, 39, 10, 59, 58, 48]
Round 177 | train_loss=1.0760 train_acc=0.6628 test_loss=2.0247 test_acc=0.2610
Round 178 | selected=[40, 86, 7, 66, 69, 49, 13, 28, 75, 39]
Round 178 | train_loss=1.1237 train_acc=0.6520 test_loss=2.1449 test_acc=0.2466
Round 179 | selected=[8, 1, 83, 97, 43, 90, 21, 93, 62, 69]
Round 179 | train_loss=1.2721 train_acc=0.5868 test_loss=1.8716 test_acc=0.2567
Round 180 | selected=[31, 61, 2, 26, 28, 67, 44, 22, 24, 98]
Round 180 | train_loss=1.1070 train_acc=0.6408 test_loss=1.8174 test_acc=0.3331
Round 181 | selected=[54, 43, 64, 94, 18, 90, 39, 66, 78, 12]
Round 181 | train_loss=1.1310 train_acc=0.6342 test_loss=1.8703 test_acc=0.3004
Round 182 | selected=[89, 29, 33, 0, 84, 64, 60, 25, 79, 96]
Round 182 | train_loss=1.0666 train_acc=0.6352 test_loss=1.7908 test_acc=0.2943
Round 183 | selected=[44, 47, 24, 89, 68, 57, 80, 76, 28, 82]
Round 183 | train_loss=1.0319 train_acc=0.6580 test_loss=2.0256 test_acc=0.2378
Round 184 | selected=[33, 67, 90, 36, 56, 81, 34, 10, 97, 49]
Round 184 | train_loss=1.0599 train_acc=0.6554 test_loss=1.6866 test_acc=0.3825
Round 185 | selected=[48, 42, 79, 56, 0, 43, 76, 78, 7, 38]
Round 185 | train_loss=1.0114 train_acc=0.7012 test_loss=1.7843 test_acc=0.2990
Round 186 | selected=[79, 82, 47, 46, 59, 96, 85, 0, 50, 31]
Round 186 | train_loss=0.8949 train_acc=0.7220 test_loss=1.8427 test_acc=0.2928
Round 187 | selected=[98, 69, 25, 4, 57, 41, 47, 13, 16, 31]
Round 187 | train_loss=1.1146 train_acc=0.6278 test_loss=1.8715 test_acc=0.3320
Round 188 | selected=[0, 9, 55, 4, 32, 5, 22, 79, 46, 18]
Round 188 | train_loss=1.2619 train_acc=0.5974 test_loss=2.2522 test_acc=0.2205
Round 189 | selected=[44, 11, 7, 29, 65, 0, 99, 55, 93, 86]
Round 189 | train_loss=1.1054 train_acc=0.6412 test_loss=1.8761 test_acc=0.3130
Round 190 | selected=[41, 25, 89, 74, 31, 21, 34, 6, 27, 20]
Round 190 | train_loss=1.1679 train_acc=0.6086 test_loss=1.7986 test_acc=0.2972
Round 191 | selected=[5, 4, 95, 69, 91, 42, 77, 56, 29, 13]
Round 191 | train_loss=1.0761 train_acc=0.6396 test_loss=1.7539 test_acc=0.3315
Round 192 | selected=[77, 20, 65, 82, 52, 29, 60, 88, 74, 36]
Round 192 | train_loss=1.1157 train_acc=0.6350 test_loss=1.8418 test_acc=0.2881
Round 193 | selected=[37, 72, 48, 32, 79, 78, 82, 42, 28, 52]
Round 193 | train_loss=0.9375 train_acc=0.7056 test_loss=1.9258 test_acc=0.3195
Round 194 | selected=[87, 22, 15, 79, 38, 54, 56, 50, 20, 14]
Round 194 | train_loss=1.1635 train_acc=0.6302 test_loss=1.9974 test_acc=0.2754
Round 195 | selected=[19, 88, 26, 22, 10, 55, 25, 45, 89, 8]
Round 195 | train_loss=1.0213 train_acc=0.6678 test_loss=1.8210 test_acc=0.2765
Round 196 | selected=[4, 39, 95, 45, 27, 94, 10, 15, 12, 58]
Round 196 | train_loss=1.1338 train_acc=0.6590 test_loss=2.0443 test_acc=0.2372
Round 197 | selected=[13, 78, 76, 95, 20, 94, 70, 62, 90, 34]
Round 197 | train_loss=1.1660 train_acc=0.6106 test_loss=1.7851 test_acc=0.3029
Round 198 | selected=[79, 56, 26, 35, 22, 57, 20, 0, 11, 5]
Round 198 | train_loss=1.0472 train_acc=0.6384 test_loss=2.1250 test_acc=0.2300
Round 199 | selected=[65, 68, 20, 67, 93, 91, 21, 11, 33, 38]
Round 199 | train_loss=1.1239 train_acc=0.6254 test_loss=1.8766 test_acc=0.2711
Round 200 | selected=[64, 90, 8, 33, 75, 32, 66, 37, 31, 17]
Round 200 | train_loss=1.0140 train_acc=0.6918 test_loss=1.8224 test_acc=0.3459
Round 201 | selected=[77, 9, 70, 84, 8, 3, 32, 56, 27, 88]
Round 201 | train_loss=1.0979 train_acc=0.6512 test_loss=1.7318 test_acc=0.3477
Round 202 | selected=[72, 50, 81, 11, 75, 64, 80, 55, 10, 9]
Round 202 | train_loss=0.9401 train_acc=0.6994 test_loss=1.6576 test_acc=0.3830
Round 203 | selected=[62, 75, 2, 59, 43, 39, 11, 85, 98, 72]
Round 203 | train_loss=1.0404 train_acc=0.6648 test_loss=1.7077 test_acc=0.3144
Round 204 | selected=[12, 63, 70, 98, 17, 72, 27, 96, 21, 47]
Round 204 | train_loss=1.0521 train_acc=0.6560 test_loss=1.8128 test_acc=0.3287
Round 205 | selected=[36, 19, 77, 68, 14, 69, 53, 94, 76, 32]
Round 205 | train_loss=1.0354 train_acc=0.6670 test_loss=1.6983 test_acc=0.3380
Round 206 | selected=[46, 12, 29, 33, 79, 78, 67, 49, 61, 53]
Round 206 | train_loss=1.0890 train_acc=0.6616 test_loss=1.8507 test_acc=0.3036
Round 207 | selected=[85, 99, 2, 29, 54, 67, 31, 78, 52, 44]
Round 207 | train_loss=0.9421 train_acc=0.6946 test_loss=2.0526 test_acc=0.2561
Round 208 | selected=[85, 89, 73, 55, 66, 97, 27, 3, 75, 32]
Round 208 | train_loss=1.1225 train_acc=0.6184 test_loss=1.8792 test_acc=0.2937
Round 209 | selected=[65, 16, 41, 78, 73, 48, 3, 66, 90, 33]
Round 209 | train_loss=1.0247 train_acc=0.6656 test_loss=1.8217 test_acc=0.3117
Round 210 | selected=[95, 31, 82, 25, 67, 93, 73, 16, 22, 40]
Round 210 | train_loss=1.1547 train_acc=0.6062 test_loss=1.8873 test_acc=0.3158
Round 211 | selected=[44, 34, 32, 13, 37, 61, 25, 53, 21, 78]
Round 211 | train_loss=1.4573 train_acc=0.5782 test_loss=1.8748 test_acc=0.2445
Round 212 | selected=[48, 57, 11, 53, 14, 40, 62, 31, 83, 98]
Round 212 | train_loss=1.1325 train_acc=0.6254 test_loss=2.0812 test_acc=0.1964
Round 213 | selected=[74, 64, 18, 85, 44, 70, 7, 29, 56, 26]
Round 213 | train_loss=1.2217 train_acc=0.5762 test_loss=1.7917 test_acc=0.3489
Round 214 | selected=[69, 37, 68, 65, 38, 89, 86, 15, 61, 1]
Round 214 | train_loss=0.8180 train_acc=0.7518 test_loss=2.0168 test_acc=0.2831
Round 215 | selected=[76, 61, 41, 43, 55, 46, 62, 99, 14, 19]
Round 215 | train_loss=1.0033 train_acc=0.6622 test_loss=1.9401 test_acc=0.2548
Round 216 | selected=[36, 99, 80, 59, 93, 37, 33, 91, 90, 0]
Round 216 | train_loss=1.0908 train_acc=0.6442 test_loss=1.8972 test_acc=0.2868
Round 217 | selected=[35, 27, 97, 39, 66, 69, 43, 64, 70, 54]
Round 217 | train_loss=1.1741 train_acc=0.5958 test_loss=1.6065 test_acc=0.4211
Round 218 | selected=[65, 11, 90, 26, 94, 71, 10, 68, 16, 88]
Round 218 | train_loss=0.8726 train_acc=0.7276 test_loss=1.6495 test_acc=0.3947
Round 219 | selected=[85, 31, 30, 65, 86, 4, 90, 50, 82, 91]
Round 219 | train_loss=0.8714 train_acc=0.7232 test_loss=1.7086 test_acc=0.3622
Round 220 | selected=[4, 43, 56, 30, 51, 76, 95, 97, 86, 48]
Round 220 | train_loss=1.0014 train_acc=0.6772 test_loss=1.8118 test_acc=0.3057
Round 221 | selected=[5, 27, 8, 28, 41, 88, 24, 38, 21, 10]
Round 221 | train_loss=1.0281 train_acc=0.6704 test_loss=1.8419 test_acc=0.3208
Round 222 | selected=[15, 0, 49, 2, 72, 63, 5, 97, 94, 12]
Round 222 | train_loss=0.9161 train_acc=0.7016 test_loss=1.8723 test_acc=0.3198
Round 223 | selected=[37, 65, 7, 96, 13, 79, 36, 53, 38, 19]
Round 223 | train_loss=0.9220 train_acc=0.7074 test_loss=1.7439 test_acc=0.3310
Round 224 | selected=[18, 96, 26, 33, 54, 84, 76, 36, 95, 34]
Round 224 | train_loss=0.9481 train_acc=0.6912 test_loss=1.6985 test_acc=0.3925
Round 225 | selected=[54, 0, 59, 50, 13, 49, 65, 33, 5, 44]
Round 225 | train_loss=0.8141 train_acc=0.7610 test_loss=1.8672 test_acc=0.3451
Round 226 | selected=[18, 58, 96, 24, 20, 68, 19, 94, 54, 83]
Round 226 | train_loss=1.0458 train_acc=0.6726 test_loss=1.7164 test_acc=0.3326
Round 227 | selected=[93, 77, 5, 55, 10, 86, 98, 57, 54, 84]
Round 227 | train_loss=0.9689 train_acc=0.6828 test_loss=1.9232 test_acc=0.2452
Round 228 | selected=[1, 13, 45, 81, 23, 59, 6, 22, 71, 66]
Round 228 | train_loss=1.1972 train_acc=0.6186 test_loss=1.7476 test_acc=0.3500
Round 229 | selected=[8, 28, 38, 54, 36, 44, 75, 17, 91, 1]
Round 229 | train_loss=0.9544 train_acc=0.7114 test_loss=1.9273 test_acc=0.2975
Round 230 | selected=[18, 22, 92, 57, 86, 93, 17, 34, 78, 74]
Round 230 | train_loss=1.1664 train_acc=0.6014 test_loss=1.9043 test_acc=0.3343
Round 231 | selected=[14, 93, 63, 52, 98, 49, 15, 67, 51, 80]
Round 231 | train_loss=1.0720 train_acc=0.6706 test_loss=1.7283 test_acc=0.3271
Round 232 | selected=[73, 16, 43, 44, 66, 7, 99, 80, 10, 78]
Round 232 | train_loss=0.9441 train_acc=0.6858 test_loss=1.6461 test_acc=0.3693
Round 233 | selected=[1, 99, 18, 98, 15, 59, 97, 32, 82, 6]
Round 233 | train_loss=0.9889 train_acc=0.6690 test_loss=1.7326 test_acc=0.3448
Round 234 | selected=[13, 28, 43, 69, 45, 63, 57, 90, 32, 71]
Round 234 | train_loss=1.0115 train_acc=0.6654 test_loss=1.8786 test_acc=0.3065
Round 235 | selected=[3, 48, 54, 24, 74, 76, 65, 97, 77, 85]
Round 235 | train_loss=1.0809 train_acc=0.6422 test_loss=1.7697 test_acc=0.3375
Round 236 | selected=[73, 90, 61, 99, 16, 79, 6, 43, 98, 84]
Round 236 | train_loss=0.9979 train_acc=0.6628 test_loss=1.7832 test_acc=0.3263
Round 237 | selected=[98, 22, 3, 71, 23, 50, 67, 40, 66, 45]
Round 237 | train_loss=1.0187 train_acc=0.6566 test_loss=1.6734 test_acc=0.3375
Round 238 | selected=[27, 61, 46, 93, 48, 14, 62, 15, 33, 82]
Round 238 | train_loss=1.0167 train_acc=0.6582 test_loss=1.8241 test_acc=0.3128
Round 239 | selected=[34, 93, 9, 99, 2, 38, 6, 62, 74, 54]
Round 239 | train_loss=0.9824 train_acc=0.6702 test_loss=1.9609 test_acc=0.3005
Round 240 | selected=[77, 85, 7, 21, 84, 8, 79, 96, 5, 64]
Round 240 | train_loss=1.0446 train_acc=0.6714 test_loss=1.8198 test_acc=0.2983
Round 241 | selected=[46, 96, 53, 27, 16, 37, 84, 3, 89, 73]
Round 241 | train_loss=0.9926 train_acc=0.6626 test_loss=1.8212 test_acc=0.3465
Round 242 | selected=[32, 55, 44, 43, 26, 72, 81, 91, 25, 95]
Round 242 | train_loss=1.1281 train_acc=0.6146 test_loss=1.5756 test_acc=0.3983
Round 243 | selected=[84, 80, 6, 71, 29, 49, 36, 98, 75, 65]
Round 243 | train_loss=0.9392 train_acc=0.7024 test_loss=1.7931 test_acc=0.3331
Round 244 | selected=[74, 25, 27, 87, 50, 85, 21, 29, 18, 51]
Round 244 | train_loss=1.1042 train_acc=0.6212 test_loss=1.9279 test_acc=0.2624
Round 245 | selected=[69, 63, 56, 23, 14, 26, 37, 0, 59, 85]
Round 245 | train_loss=1.0624 train_acc=0.6680 test_loss=2.1729 test_acc=0.2594
Round 246 | selected=[45, 48, 55, 47, 3, 66, 90, 94, 98, 63]
Round 246 | train_loss=1.2273 train_acc=0.6104 test_loss=1.8807 test_acc=0.3273
Round 247 | selected=[26, 4, 25, 45, 32, 16, 75, 40, 10, 76]
Round 247 | train_loss=1.0439 train_acc=0.6908 test_loss=1.9424 test_acc=0.2103
Round 248 | selected=[86, 13, 60, 95, 99, 62, 0, 30, 48, 93]
Round 248 | train_loss=1.0322 train_acc=0.6366 test_loss=1.9027 test_acc=0.3200
Round 249 | selected=[82, 56, 19, 7, 35, 92, 8, 62, 23, 31]
Round 249 | train_loss=0.9964 train_acc=0.6796 test_loss=1.7695 test_acc=0.3688
Round 250 | selected=[75, 41, 91, 78, 34, 7, 51, 79, 6, 38]
Round 250 | train_loss=1.1143 train_acc=0.6404 test_loss=1.8688 test_acc=0.3002
Round 251 | selected=[84, 4, 27, 99, 3, 69, 18, 70, 19, 44]
Round 251 | train_loss=1.0777 train_acc=0.6358 test_loss=1.7901 test_acc=0.2762
Round 252 | selected=[22, 9, 12, 27, 46, 35, 14, 78, 34, 90]
Round 252 | train_loss=1.1277 train_acc=0.5944 test_loss=1.9860 test_acc=0.2436
Round 253 | selected=[13, 25, 53, 3, 16, 70, 34, 98, 8, 17]
Round 253 | train_loss=1.2501 train_acc=0.5752 test_loss=1.7627 test_acc=0.4175
Round 254 | selected=[90, 61, 39, 79, 22, 6, 51, 87, 98, 15]
Round 254 | train_loss=1.1474 train_acc=0.6608 test_loss=1.7070 test_acc=0.3449
Round 255 | selected=[67, 47, 18, 12, 63, 46, 51, 56, 9, 69]
Round 255 | train_loss=1.0589 train_acc=0.6460 test_loss=1.7464 test_acc=0.3598
Round 256 | selected=[52, 74, 75, 98, 46, 26, 69, 6, 68, 49]
Round 256 | train_loss=1.0066 train_acc=0.6674 test_loss=1.6884 test_acc=0.3655
Round 257 | selected=[51, 66, 9, 84, 96, 32, 57, 17, 11, 95]
Round 257 | train_loss=0.9966 train_acc=0.6796 test_loss=1.6862 test_acc=0.3634
Round 258 | selected=[84, 1, 95, 8, 57, 51, 62, 35, 55, 81]
Round 258 | train_loss=0.9998 train_acc=0.6644 test_loss=1.6981 test_acc=0.3328
Round 259 | selected=[15, 47, 91, 93, 41, 49, 46, 87, 59, 14]
Round 259 | train_loss=0.9603 train_acc=0.6930 test_loss=1.6516 test_acc=0.3594
Round 260 | selected=[21, 70, 7, 34, 29, 14, 19, 98, 30, 68]
Round 260 | train_loss=0.9608 train_acc=0.6916 test_loss=1.7013 test_acc=0.3659
Round 261 | selected=[14, 53, 2, 92, 71, 64, 8, 56, 61, 76]
Round 261 | train_loss=0.9428 train_acc=0.6996 test_loss=1.7298 test_acc=0.3846
Round 262 | selected=[18, 99, 62, 45, 10, 0, 30, 81, 65, 27]
Round 262 | train_loss=1.0128 train_acc=0.6938 test_loss=1.9549 test_acc=0.2739
Round 263 | selected=[99, 84, 57, 83, 76, 24, 31, 85, 60, 44]
Round 263 | train_loss=1.1761 train_acc=0.6186 test_loss=2.1525 test_acc=0.3110
Round 264 | selected=[23, 24, 57, 82, 12, 4, 47, 85, 2, 3]
Round 264 | train_loss=1.0768 train_acc=0.6408 test_loss=2.2278 test_acc=0.2427
Round 265 | selected=[42, 3, 18, 76, 12, 51, 93, 63, 53, 70]
Round 265 | train_loss=1.2239 train_acc=0.5924 test_loss=1.7552 test_acc=0.2971
Round 266 | selected=[54, 31, 34, 88, 37, 44, 59, 26, 1, 42]
Round 266 | train_loss=0.8786 train_acc=0.7140 test_loss=1.5510 test_acc=0.4612
Round 267 | selected=[33, 93, 30, 20, 70, 60, 59, 98, 44, 22]
Round 267 | train_loss=1.1721 train_acc=0.6120 test_loss=1.7239 test_acc=0.3198
Round 268 | selected=[5, 66, 60, 92, 57, 16, 74, 56, 18, 24]
Round 268 | train_loss=1.0204 train_acc=0.6780 test_loss=1.7256 test_acc=0.3204
Round 269 | selected=[29, 67, 22, 79, 57, 16, 49, 5, 66, 34]
Round 269 | train_loss=0.9213 train_acc=0.6796 test_loss=1.5827 test_acc=0.4235
Round 270 | selected=[4, 92, 67, 47, 37, 64, 77, 56, 24, 80]
Round 270 | train_loss=0.9476 train_acc=0.7124 test_loss=1.7094 test_acc=0.3457
Round 271 | selected=[89, 42, 70, 98, 28, 51, 29, 77, 73, 75]
Round 271 | train_loss=0.9824 train_acc=0.6786 test_loss=1.8966 test_acc=0.2823
Round 272 | selected=[90, 47, 71, 58, 34, 29, 10, 49, 46, 94]
Round 272 | train_loss=1.2924 train_acc=0.6062 test_loss=1.7753 test_acc=0.3491
Round 273 | selected=[88, 9, 15, 5, 98, 90, 55, 79, 13, 31]
Round 273 | train_loss=1.0145 train_acc=0.6806 test_loss=1.9490 test_acc=0.2847
Round 274 | selected=[10, 29, 8, 40, 34, 30, 5, 19, 55, 56]
Round 274 | train_loss=0.9907 train_acc=0.6644 test_loss=1.7848 test_acc=0.2747
Round 275 | selected=[15, 32, 6, 49, 74, 29, 71, 69, 14, 81]
Round 275 | train_loss=1.0177 train_acc=0.6732 test_loss=1.6460 test_acc=0.3832
Round 276 | selected=[91, 5, 57, 10, 27, 42, 6, 86, 26, 51]
Round 276 | train_loss=1.0165 train_acc=0.6746 test_loss=1.5712 test_acc=0.4341
Round 277 | selected=[38, 2, 37, 95, 45, 94, 88, 31, 25, 82]
Round 277 | train_loss=1.0590 train_acc=0.6666 test_loss=1.6190 test_acc=0.3864
Round 278 | selected=[5, 56, 52, 46, 64, 67, 87, 1, 90, 6]
Round 278 | train_loss=1.0031 train_acc=0.6654 test_loss=1.6713 test_acc=0.3492
Round 279 | selected=[58, 27, 30, 78, 93, 72, 4, 15, 28, 14]
Round 279 | train_loss=0.9026 train_acc=0.7136 test_loss=1.6381 test_acc=0.3995
Round 280 | selected=[87, 16, 41, 8, 44, 34, 74, 27, 84, 20]
Round 280 | train_loss=0.9334 train_acc=0.6920 test_loss=1.5254 test_acc=0.4459
Round 281 | selected=[83, 21, 77, 85, 1, 98, 72, 44, 2, 88]
Round 281 | train_loss=0.9138 train_acc=0.7190 test_loss=1.5531 test_acc=0.4172
Round 282 | selected=[5, 33, 64, 79, 0, 48, 62, 68, 99, 47]
Round 282 | train_loss=0.9397 train_acc=0.7070 test_loss=1.6290 test_acc=0.3726
Round 283 | selected=[90, 58, 4, 82, 80, 93, 70, 38, 8, 29]
Round 283 | train_loss=0.9060 train_acc=0.6980 test_loss=1.6956 test_acc=0.3400
Round 284 | selected=[21, 97, 72, 99, 11, 19, 93, 31, 24, 94]
Round 284 | train_loss=0.9342 train_acc=0.6944 test_loss=1.6307 test_acc=0.3888
Round 285 | selected=[85, 84, 63, 6, 68, 69, 45, 8, 55, 81]
Round 285 | train_loss=0.8664 train_acc=0.7052 test_loss=1.6009 test_acc=0.3569
Round 286 | selected=[86, 65, 19, 92, 67, 32, 35, 91, 20, 14]
Round 286 | train_loss=0.8926 train_acc=0.7182 test_loss=1.5823 test_acc=0.4107
Round 287 | selected=[37, 81, 84, 87, 63, 34, 19, 9, 91, 73]
Round 287 | train_loss=0.8001 train_acc=0.7460 test_loss=1.7297 test_acc=0.3010
Round 288 | selected=[70, 14, 62, 56, 69, 10, 22, 34, 84, 21]
Round 288 | train_loss=1.0825 train_acc=0.6390 test_loss=1.8346 test_acc=0.3412
Round 289 | selected=[23, 39, 18, 75, 11, 48, 33, 34, 58, 7]
Round 289 | train_loss=0.9751 train_acc=0.7078 test_loss=1.6682 test_acc=0.4018
Round 290 | selected=[87, 59, 79, 60, 92, 48, 39, 64, 38, 85]
Round 290 | train_loss=0.9872 train_acc=0.6810 test_loss=1.7473 test_acc=0.3247
Round 291 | selected=[42, 31, 27, 35, 1, 26, 50, 78, 72, 92]
Round 291 | train_loss=0.9167 train_acc=0.6996 test_loss=1.6343 test_acc=0.3960
Round 292 | selected=[33, 60, 76, 28, 53, 97, 27, 88, 26, 38]
Round 292 | train_loss=1.0257 train_acc=0.6512 test_loss=1.7138 test_acc=0.3552
Round 293 | selected=[30, 28, 89, 61, 95, 29, 5, 16, 1, 8]
Round 293 | train_loss=0.8720 train_acc=0.7246 test_loss=2.2489 test_acc=0.2304
Round 294 | selected=[88, 86, 34, 75, 69, 73, 59, 4, 57, 65]
Round 294 | train_loss=1.1990 train_acc=0.6456 test_loss=1.8392 test_acc=0.3369
Round 295 | selected=[10, 95, 40, 43, 6, 17, 9, 30, 1, 47]
Round 295 | train_loss=1.1600 train_acc=0.6166 test_loss=1.6155 test_acc=0.3713
Round 296 | selected=[15, 78, 11, 88, 18, 51, 53, 99, 75, 82]
Round 296 | train_loss=0.8552 train_acc=0.7166 test_loss=1.5521 test_acc=0.4691
Round 297 | selected=[8, 76, 91, 9, 59, 2, 17, 73, 43, 47]
Round 297 | train_loss=0.9556 train_acc=0.6808 test_loss=1.6331 test_acc=0.3328
Round 298 | selected=[22, 38, 50, 98, 71, 47, 36, 94, 5, 55]
Round 298 | train_loss=0.9947 train_acc=0.6884 test_loss=1.7215 test_acc=0.3042
Round 299 | selected=[84, 36, 47, 95, 3, 76, 38, 43, 37, 88]
Round 299 | train_loss=0.9818 train_acc=0.6830 test_loss=1.7585 test_acc=0.3249
Round 300 | selected=[6, 8, 48, 93, 64, 4, 91, 99, 43, 53]
Round 300 | train_loss=1.0704 train_acc=0.6314 test_loss=1.7144 test_acc=0.3575
Round 301 | selected=[19, 42, 87, 57, 66, 58, 67, 18, 95, 84]
Round 301 | train_loss=0.9661 train_acc=0.6902 test_loss=1.4800 test_acc=0.4519
Round 302 | selected=[15, 86, 34, 66, 82, 59, 13, 83, 65, 35]
Round 302 | train_loss=0.8756 train_acc=0.7206 test_loss=1.6904 test_acc=0.3803
Round 303 | selected=[15, 39, 68, 7, 83, 42, 33, 45, 94, 0]
Round 303 | train_loss=0.9837 train_acc=0.6896 test_loss=1.6402 test_acc=0.3672
Round 304 | selected=[3, 45, 68, 86, 18, 7, 28, 63, 36, 42]
Round 304 | train_loss=0.9158 train_acc=0.6890 test_loss=1.7640 test_acc=0.3510
Round 305 | selected=[38, 13, 95, 71, 94, 54, 81, 12, 11, 29]
Round 305 | train_loss=0.8507 train_acc=0.7432 test_loss=1.5136 test_acc=0.4596
Round 306 | selected=[32, 12, 26, 1, 68, 0, 39, 84, 51, 58]
Round 306 | train_loss=0.7421 train_acc=0.7840 test_loss=1.8923 test_acc=0.3026
Round 307 | selected=[54, 97, 68, 26, 84, 8, 30, 56, 42, 53]
Round 307 | train_loss=0.8889 train_acc=0.6844 test_loss=2.0444 test_acc=0.2593
Round 308 | selected=[74, 34, 38, 96, 73, 15, 90, 45, 39, 94]
Round 308 | train_loss=1.0305 train_acc=0.6960 test_loss=2.1082 test_acc=0.2567
Round 309 | selected=[64, 65, 12, 14, 27, 53, 5, 10, 89, 88]
Round 309 | train_loss=1.0583 train_acc=0.6686 test_loss=1.9021 test_acc=0.3449
Round 310 | selected=[77, 92, 46, 49, 76, 48, 95, 13, 27, 50]
Round 310 | train_loss=1.0760 train_acc=0.6454 test_loss=1.7105 test_acc=0.3832
Round 311 | selected=[77, 69, 64, 35, 50, 5, 46, 10, 18, 27]
Round 311 | train_loss=0.9654 train_acc=0.6794 test_loss=1.7442 test_acc=0.3740
Round 312 | selected=[94, 43, 0, 33, 78, 72, 47, 89, 41, 73]
Round 312 | train_loss=1.0975 train_acc=0.6432 test_loss=1.5443 test_acc=0.4046
Round 313 | selected=[89, 66, 68, 39, 60, 46, 19, 42, 11, 36]
Round 313 | train_loss=0.8918 train_acc=0.7142 test_loss=1.8351 test_acc=0.3520
Round 314 | selected=[26, 14, 18, 23, 28, 45, 24, 19, 31, 87]
Round 314 | train_loss=0.7837 train_acc=0.7634 test_loss=1.7342 test_acc=0.3257
Round 315 | selected=[73, 34, 70, 50, 5, 46, 35, 92, 23, 2]
Round 315 | train_loss=0.9639 train_acc=0.6892 test_loss=1.9593 test_acc=0.2472
Round 316 | selected=[65, 72, 83, 13, 25, 68, 20, 62, 57, 76]
Round 316 | train_loss=0.9992 train_acc=0.6492 test_loss=1.6368 test_acc=0.3822
Round 317 | selected=[13, 71, 19, 70, 61, 77, 89, 75, 25, 54]
Round 317 | train_loss=0.9814 train_acc=0.6784 test_loss=1.5540 test_acc=0.4036
Round 318 | selected=[50, 33, 30, 85, 59, 41, 76, 99, 87, 29]
Round 318 | train_loss=0.8547 train_acc=0.7044 test_loss=1.9633 test_acc=0.3132
Round 319 | selected=[45, 43, 82, 41, 68, 93, 14, 62, 54, 77]
Round 319 | train_loss=1.0432 train_acc=0.6472 test_loss=1.5207 test_acc=0.4420
Round 320 | selected=[44, 33, 53, 26, 11, 15, 35, 37, 45, 96]
Round 320 | train_loss=0.8118 train_acc=0.7440 test_loss=1.5335 test_acc=0.4629
Round 321 | selected=[24, 79, 19, 10, 51, 92, 61, 0, 18, 34]
Round 321 | train_loss=0.7329 train_acc=0.7828 test_loss=1.6245 test_acc=0.3855
Round 322 | selected=[59, 14, 35, 92, 86, 91, 4, 48, 69, 20]
Round 322 | train_loss=0.8702 train_acc=0.7142 test_loss=1.7460 test_acc=0.3623
Round 323 | selected=[73, 8, 97, 57, 67, 2, 48, 34, 89, 18]
Round 323 | train_loss=0.8287 train_acc=0.7158 test_loss=1.7637 test_acc=0.3749
Round 324 | selected=[95, 67, 93, 52, 82, 70, 87, 83, 57, 53]
Round 324 | train_loss=0.9418 train_acc=0.6754 test_loss=1.6221 test_acc=0.3960
Round 325 | selected=[36, 97, 37, 31, 28, 51, 8, 15, 16, 66]
Round 325 | train_loss=0.7881 train_acc=0.7506 test_loss=1.7056 test_acc=0.3890
Round 326 | selected=[10, 17, 35, 66, 50, 90, 86, 63, 36, 87]
Round 326 | train_loss=1.0066 train_acc=0.6728 test_loss=1.6856 test_acc=0.3882
Round 327 | selected=[84, 20, 82, 53, 68, 3, 31, 97, 61, 90]
Round 327 | train_loss=0.9656 train_acc=0.6646 test_loss=1.9958 test_acc=0.2596
Round 328 | selected=[9, 63, 78, 28, 69, 35, 73, 57, 44, 15]
Round 328 | train_loss=1.0454 train_acc=0.6430 test_loss=1.6552 test_acc=0.4133
Round 329 | selected=[32, 72, 88, 12, 64, 15, 46, 86, 45, 10]
Round 329 | train_loss=0.9000 train_acc=0.7224 test_loss=1.5351 test_acc=0.4012
Round 330 | selected=[88, 68, 58, 38, 77, 80, 31, 12, 92, 72]
Round 330 | train_loss=0.7947 train_acc=0.7542 test_loss=1.6679 test_acc=0.3813
Round 331 | selected=[32, 57, 46, 5, 30, 84, 1, 27, 99, 49]
Round 331 | train_loss=0.9712 train_acc=0.6850 test_loss=1.5749 test_acc=0.4088
Round 332 | selected=[47, 29, 69, 98, 45, 31, 13, 5, 73, 55]
Round 332 | train_loss=0.9803 train_acc=0.6898 test_loss=1.7252 test_acc=0.3629
Round 333 | selected=[41, 88, 27, 1, 49, 64, 57, 97, 26, 75]
Round 333 | train_loss=0.9321 train_acc=0.6810 test_loss=1.6504 test_acc=0.3889
Round 334 | selected=[46, 68, 56, 71, 49, 76, 93, 43, 4, 53]
Round 334 | train_loss=1.4280 train_acc=0.5542 test_loss=2.4115 test_acc=0.1371
Round 335 | selected=[18, 9, 62, 26, 63, 56, 65, 85, 37, 98]
Round 335 | train_loss=1.2091 train_acc=0.6086 test_loss=1.9130 test_acc=0.3174
Round 336 | selected=[29, 44, 88, 33, 65, 81, 34, 86, 57, 99]
Round 336 | train_loss=0.8798 train_acc=0.6982 test_loss=1.7768 test_acc=0.3495
Round 337 | selected=[33, 77, 68, 37, 39, 70, 29, 66, 41, 23]
Round 337 | train_loss=1.0625 train_acc=0.6820 test_loss=1.7431 test_acc=0.2908
Round 338 | selected=[5, 13, 3, 32, 71, 41, 74, 94, 45, 82]
Round 338 | train_loss=0.9581 train_acc=0.6792 test_loss=1.6342 test_acc=0.3417
Round 339 | selected=[52, 48, 16, 6, 43, 19, 56, 46, 75, 20]
Round 339 | train_loss=0.9915 train_acc=0.6566 test_loss=1.8908 test_acc=0.2466
Round 340 | selected=[12, 14, 92, 86, 31, 63, 36, 65, 81, 24]
Round 340 | train_loss=0.8952 train_acc=0.7074 test_loss=1.9968 test_acc=0.3046
Round 341 | selected=[67, 64, 8, 33, 51, 41, 68, 43, 1, 82]
Round 341 | train_loss=1.2476 train_acc=0.5978 test_loss=2.0007 test_acc=0.3126
Round 342 | selected=[52, 79, 34, 65, 60, 73, 83, 87, 94, 35]
Round 342 | train_loss=1.1081 train_acc=0.6504 test_loss=1.7564 test_acc=0.3769
Round 343 | selected=[84, 91, 87, 33, 67, 11, 48, 4, 54, 97]
Round 343 | train_loss=0.9935 train_acc=0.6798 test_loss=1.4893 test_acc=0.4635
Round 344 | selected=[67, 15, 84, 29, 54, 50, 34, 63, 43, 7]
Round 344 | train_loss=0.9476 train_acc=0.7006 test_loss=1.6356 test_acc=0.3605
Round 345 | selected=[3, 4, 46, 79, 83, 13, 48, 91, 5, 52]
Round 345 | train_loss=0.9531 train_acc=0.6880 test_loss=1.5678 test_acc=0.4107
Round 346 | selected=[60, 49, 71, 83, 17, 59, 62, 79, 85, 48]
Round 346 | train_loss=0.9184 train_acc=0.7082 test_loss=1.5013 test_acc=0.4390
Round 347 | selected=[75, 44, 68, 72, 1, 52, 42, 41, 18, 74]
Round 347 | train_loss=0.8953 train_acc=0.7050 test_loss=1.6643 test_acc=0.3374
Round 348 | selected=[13, 59, 43, 30, 1, 22, 53, 70, 28, 24]
Round 348 | train_loss=0.9598 train_acc=0.6652 test_loss=1.8047 test_acc=0.3596
Round 349 | selected=[27, 66, 26, 44, 22, 64, 23, 38, 63, 98]
Round 349 | train_loss=0.9159 train_acc=0.6930 test_loss=1.4836 test_acc=0.4689
Round 350 | selected=[65, 66, 61, 78, 37, 69, 47, 55, 27, 88]
Round 350 | train_loss=0.7568 train_acc=0.7670 test_loss=1.5211 test_acc=0.4611
Round 351 | selected=[8, 42, 70, 7, 91, 45, 3, 89, 6, 30]
Round 351 | train_loss=0.8286 train_acc=0.7290 test_loss=1.5383 test_acc=0.4188
Round 352 | selected=[41, 11, 20, 4, 95, 30, 3, 42, 81, 91]
Round 352 | train_loss=0.8267 train_acc=0.7360 test_loss=1.7310 test_acc=0.3707
Round 353 | selected=[23, 96, 82, 34, 43, 10, 48, 17, 49, 80]
Round 353 | train_loss=1.0364 train_acc=0.6680 test_loss=1.7922 test_acc=0.3813
Round 354 | selected=[69, 4, 64, 47, 79, 65, 9, 90, 46, 62]
Round 354 | train_loss=1.1555 train_acc=0.6368 test_loss=2.4106 test_acc=0.2552
Round 355 | selected=[85, 32, 23, 35, 17, 77, 6, 34, 87, 59]
Round 355 | train_loss=1.1930 train_acc=0.6196 test_loss=1.7317 test_acc=0.3643
Round 356 | selected=[43, 65, 71, 57, 12, 86, 90, 62, 2, 15]
Round 356 | train_loss=1.0763 train_acc=0.6688 test_loss=2.1158 test_acc=0.2248
Round 357 | selected=[53, 83, 64, 93, 4, 2, 15, 35, 72, 51]
Round 357 | train_loss=1.0326 train_acc=0.6468 test_loss=1.7042 test_acc=0.3587
Round 358 | selected=[17, 46, 60, 25, 88, 52, 85, 97, 16, 98]
Round 358 | train_loss=1.0322 train_acc=0.6412 test_loss=1.5904 test_acc=0.4144
Round 359 | selected=[7, 47, 96, 95, 78, 48, 90, 14, 23, 87]
Round 359 | train_loss=0.9577 train_acc=0.6924 test_loss=1.6145 test_acc=0.3945
Round 360 | selected=[74, 24, 2, 43, 70, 86, 57, 3, 61, 93]
Round 360 | train_loss=0.9531 train_acc=0.6754 test_loss=1.5884 test_acc=0.3730
Round 361 | selected=[36, 92, 37, 64, 31, 19, 52, 98, 54, 50]
Round 361 | train_loss=0.7635 train_acc=0.7480 test_loss=1.7185 test_acc=0.3380
Round 362 | selected=[32, 80, 69, 46, 42, 61, 81, 12, 96, 59]
Round 362 | train_loss=0.8199 train_acc=0.7344 test_loss=1.6666 test_acc=0.3821
Round 363 | selected=[45, 38, 7, 19, 58, 20, 51, 16, 44, 89]
Round 363 | train_loss=0.8184 train_acc=0.7490 test_loss=1.5412 test_acc=0.4322
Round 364 | selected=[68, 13, 39, 96, 35, 70, 89, 75, 76, 83]
Round 364 | train_loss=0.9299 train_acc=0.7052 test_loss=1.8726 test_acc=0.3377
Round 365 | selected=[71, 66, 72, 19, 89, 4, 54, 59, 3, 20]
Round 365 | train_loss=1.0635 train_acc=0.6498 test_loss=1.7442 test_acc=0.3387
Round 366 | selected=[17, 16, 61, 18, 59, 9, 6, 77, 78, 29]
Round 366 | train_loss=1.0299 train_acc=0.6478 test_loss=1.6901 test_acc=0.3529
Round 367 | selected=[64, 63, 66, 80, 42, 7, 62, 15, 37, 32]
Round 367 | train_loss=0.7870 train_acc=0.7440 test_loss=1.6067 test_acc=0.4129
Round 368 | selected=[55, 99, 16, 41, 39, 26, 50, 63, 94, 5]
Round 368 | train_loss=0.8323 train_acc=0.7402 test_loss=1.5792 test_acc=0.4010
Round 369 | selected=[55, 85, 87, 99, 13, 26, 74, 5, 93, 48]
Round 369 | train_loss=0.7480 train_acc=0.7652 test_loss=1.4807 test_acc=0.4476
Round 370 | selected=[25, 17, 70, 73, 83, 42, 82, 97, 41, 66]
Round 370 | train_loss=0.7735 train_acc=0.7456 test_loss=1.4605 test_acc=0.4460
Round 371 | selected=[41, 57, 33, 83, 79, 53, 1, 3, 40, 18]
Round 371 | train_loss=0.8018 train_acc=0.7386 test_loss=1.5281 test_acc=0.4326
Round 372 | selected=[94, 57, 39, 5, 1, 58, 18, 0, 95, 98]
Round 372 | train_loss=0.8179 train_acc=0.7406 test_loss=1.6928 test_acc=0.3698
Round 373 | selected=[24, 42, 16, 27, 87, 85, 50, 35, 36, 34]
Round 373 | train_loss=0.8189 train_acc=0.7230 test_loss=1.4042 test_acc=0.4727
Round 374 | selected=[57, 22, 59, 64, 88, 14, 8, 82, 16, 68]
Round 374 | train_loss=0.7825 train_acc=0.7386 test_loss=1.4078 test_acc=0.4554
Round 375 | selected=[59, 46, 45, 9, 56, 79, 97, 51, 81, 50]
Round 375 | train_loss=0.8505 train_acc=0.7084 test_loss=1.8301 test_acc=0.3428
Round 376 | selected=[55, 72, 88, 11, 81, 27, 22, 35, 76, 18]
Round 376 | train_loss=0.9013 train_acc=0.6878 test_loss=1.4899 test_acc=0.4494
Round 377 | selected=[15, 4, 78, 12, 1, 81, 67, 68, 22, 23]
Round 377 | train_loss=0.8344 train_acc=0.7192 test_loss=1.8276 test_acc=0.3526
Round 378 | selected=[79, 44, 87, 6, 93, 84, 50, 16, 64, 61]
Round 378 | train_loss=0.8224 train_acc=0.7270 test_loss=1.5388 test_acc=0.4030
Round 379 | selected=[57, 33, 47, 74, 50, 1, 89, 75, 85, 0]
Round 379 | train_loss=0.6964 train_acc=0.7838 test_loss=1.5119 test_acc=0.4440
Round 380 | selected=[93, 84, 58, 17, 71, 2, 87, 73, 46, 67]
Round 380 | train_loss=0.8953 train_acc=0.7176 test_loss=1.6474 test_acc=0.3793
Round 381 | selected=[86, 10, 52, 95, 25, 31, 75, 24, 8, 51]
Round 381 | train_loss=0.7377 train_acc=0.7672 test_loss=1.5108 test_acc=0.4597
Round 382 | selected=[35, 8, 11, 78, 45, 46, 53, 88, 77, 89]
Round 382 | train_loss=0.8666 train_acc=0.7122 test_loss=1.4738 test_acc=0.4495
Round 383 | selected=[80, 58, 31, 43, 35, 30, 92, 26, 60, 4]
Round 383 | train_loss=0.7380 train_acc=0.7692 test_loss=1.7803 test_acc=0.3636
Round 384 | selected=[48, 47, 67, 89, 77, 41, 99, 0, 51, 52]
Round 384 | train_loss=0.9436 train_acc=0.6978 test_loss=1.5613 test_acc=0.3854
Round 385 | selected=[34, 75, 10, 44, 89, 33, 15, 16, 45, 71]
Round 385 | train_loss=0.7859 train_acc=0.7480 test_loss=1.7586 test_acc=0.3385
Round 386 | selected=[32, 58, 49, 88, 11, 64, 22, 73, 43, 57]
Round 386 | train_loss=0.8970 train_acc=0.6860 test_loss=1.5516 test_acc=0.4410
Round 387 | selected=[88, 63, 29, 67, 0, 46, 37, 68, 51, 71]
Round 387 | train_loss=0.9037 train_acc=0.7016 test_loss=1.5695 test_acc=0.3708
Round 388 | selected=[66, 51, 90, 42, 38, 45, 22, 58, 73, 37]
Round 388 | train_loss=0.7731 train_acc=0.7568 test_loss=1.5901 test_acc=0.3571
Round 389 | selected=[46, 91, 59, 15, 39, 94, 83, 33, 63, 60]
Round 389 | train_loss=0.8868 train_acc=0.7218 test_loss=1.5091 test_acc=0.4367
Round 390 | selected=[34, 70, 93, 66, 42, 65, 6, 28, 3, 13]
Round 390 | train_loss=0.7612 train_acc=0.7514 test_loss=1.4677 test_acc=0.4293
Round 391 | selected=[52, 42, 68, 88, 58, 19, 44, 65, 7, 11]
Round 391 | train_loss=0.6447 train_acc=0.7956 test_loss=1.4359 test_acc=0.4841
Round 392 | selected=[76, 68, 52, 70, 44, 63, 15, 47, 57, 23]
Round 392 | train_loss=0.8622 train_acc=0.7068 test_loss=1.4377 test_acc=0.4372
Round 393 | selected=[48, 81, 11, 54, 29, 21, 22, 78, 56, 26]
Round 393 | train_loss=0.6821 train_acc=0.7760 test_loss=1.5252 test_acc=0.3914
Round 394 | selected=[42, 63, 92, 58, 39, 77, 48, 6, 32, 72]
Round 394 | train_loss=0.8347 train_acc=0.7442 test_loss=1.5079 test_acc=0.4440
Round 395 | selected=[23, 65, 97, 98, 12, 5, 14, 39, 91, 20]
Round 395 | train_loss=0.8493 train_acc=0.7286 test_loss=1.6516 test_acc=0.3882
Round 396 | selected=[18, 93, 83, 50, 61, 78, 86, 75, 23, 56]
Round 396 | train_loss=0.7928 train_acc=0.7450 test_loss=1.4729 test_acc=0.4256
Round 397 | selected=[50, 57, 61, 97, 49, 68, 55, 65, 48, 28]
Round 397 | train_loss=0.7224 train_acc=0.7526 test_loss=1.5757 test_acc=0.4143
Round 398 | selected=[14, 18, 78, 51, 8, 33, 68, 6, 35, 22]
Round 398 | train_loss=0.9637 train_acc=0.6836 test_loss=1.5348 test_acc=0.4479
Round 399 | selected=[67, 33, 68, 29, 25, 78, 26, 58, 6, 31]
Round 399 | train_loss=0.7832 train_acc=0.7478 test_loss=1.4338 test_acc=0.4692
Round 400 | selected=[17, 35, 98, 39, 89, 68, 67, 95, 34, 26]
Round 400 | train_loss=0.8228 train_acc=0.7284 test_loss=1.6732 test_acc=0.3740
Round 401 | selected=[68, 0, 85, 24, 26, 51, 74, 98, 89, 61]
Round 401 | train_loss=0.7447 train_acc=0.7532 test_loss=1.5866 test_acc=0.3998
Round 402 | selected=[40, 66, 41, 47, 23, 77, 80, 89, 95, 11]
Round 402 | train_loss=0.7856 train_acc=0.7454 test_loss=1.7000 test_acc=0.3652
Round 403 | selected=[70, 90, 28, 35, 96, 88, 47, 72, 24, 0]
Round 403 | train_loss=0.9050 train_acc=0.7032 test_loss=1.6298 test_acc=0.3575
Round 404 | selected=[40, 15, 3, 82, 97, 16, 37, 70, 63, 6]
Round 404 | train_loss=0.7658 train_acc=0.7292 test_loss=1.6179 test_acc=0.4547
Round 405 | selected=[18, 69, 43, 94, 97, 93, 4, 48, 60, 28]
Round 405 | train_loss=0.8078 train_acc=0.7288 test_loss=1.7069 test_acc=0.3678
Round 406 | selected=[33, 64, 93, 80, 11, 89, 92, 10, 85, 65]
Round 406 | train_loss=0.6634 train_acc=0.7784 test_loss=1.6171 test_acc=0.4220
Round 407 | selected=[44, 67, 1, 17, 19, 28, 69, 49, 42, 45]
Round 407 | train_loss=0.6486 train_acc=0.7826 test_loss=1.6324 test_acc=0.3893
Round 408 | selected=[35, 44, 21, 86, 91, 74, 42, 79, 9, 11]
Round 408 | train_loss=0.8961 train_acc=0.6986 test_loss=1.7240 test_acc=0.3477
Round 409 | selected=[42, 14, 96, 17, 80, 79, 65, 16, 8, 34]
Round 409 | train_loss=0.7410 train_acc=0.7720 test_loss=1.5836 test_acc=0.3874
Round 410 | selected=[50, 48, 3, 53, 88, 96, 91, 8, 80, 82]
Round 410 | train_loss=0.7568 train_acc=0.7358 test_loss=1.6137 test_acc=0.3787
Round 411 | selected=[33, 19, 99, 3, 61, 46, 43, 48, 84, 50]
Round 411 | train_loss=0.8047 train_acc=0.7218 test_loss=1.5490 test_acc=0.4016
Round 412 | selected=[36, 80, 91, 26, 53, 28, 78, 92, 8, 93]
Round 412 | train_loss=0.7430 train_acc=0.7506 test_loss=1.6296 test_acc=0.3758
Round 413 | selected=[35, 88, 70, 19, 71, 7, 83, 79, 50, 85]
Round 413 | train_loss=0.8359 train_acc=0.7294 test_loss=1.7134 test_acc=0.3532
Round 414 | selected=[47, 67, 28, 63, 19, 90, 69, 35, 10, 16]
Round 414 | train_loss=0.8349 train_acc=0.7076 test_loss=1.6384 test_acc=0.4602
Round 415 | selected=[47, 19, 85, 86, 94, 83, 24, 63, 65, 57]
Round 415 | train_loss=0.7561 train_acc=0.7540 test_loss=1.4733 test_acc=0.4561
Round 416 | selected=[15, 3, 0, 19, 78, 73, 38, 51, 35, 43]
Round 416 | train_loss=0.8187 train_acc=0.7296 test_loss=1.7162 test_acc=0.3248
Round 417 | selected=[13, 24, 14, 15, 78, 61, 97, 3, 90, 48]
Round 417 | train_loss=0.8558 train_acc=0.6974 test_loss=1.4704 test_acc=0.4509
Round 418 | selected=[46, 16, 6, 83, 79, 28, 23, 20, 24, 66]
Round 418 | train_loss=0.7240 train_acc=0.7614 test_loss=1.5135 test_acc=0.3930
Round 419 | selected=[48, 76, 47, 21, 67, 80, 13, 0, 9, 35]
Round 419 | train_loss=0.7063 train_acc=0.7672 test_loss=1.4659 test_acc=0.4303
Round 420 | selected=[65, 71, 28, 55, 68, 30, 32, 60, 31, 2]
Round 420 | train_loss=0.7884 train_acc=0.7440 test_loss=1.6379 test_acc=0.3601
Round 421 | selected=[30, 22, 50, 17, 29, 76, 91, 16, 1, 31]
Round 421 | train_loss=0.7849 train_acc=0.7384 test_loss=1.6219 test_acc=0.3754
Round 422 | selected=[49, 60, 0, 29, 96, 16, 48, 47, 4, 79]
Round 422 | train_loss=0.7803 train_acc=0.7430 test_loss=1.5070 test_acc=0.4214
Round 423 | selected=[81, 65, 94, 22, 74, 62, 27, 90, 71, 72]
Round 423 | train_loss=0.8266 train_acc=0.7242 test_loss=1.4932 test_acc=0.4181
Round 424 | selected=[69, 70, 82, 45, 75, 21, 11, 64, 44, 79]
Round 424 | train_loss=0.7589 train_acc=0.7516 test_loss=1.4798 test_acc=0.4392
Round 425 | selected=[3, 67, 78, 0, 46, 99, 61, 73, 34, 83]
Round 425 | train_loss=0.7359 train_acc=0.7610 test_loss=1.5492 test_acc=0.4152
Round 426 | selected=[53, 63, 98, 39, 96, 79, 61, 58, 36, 91]
Round 426 | train_loss=0.8171 train_acc=0.7320 test_loss=1.7605 test_acc=0.3719
Round 427 | selected=[69, 99, 48, 80, 13, 62, 93, 43, 19, 16]
Round 427 | train_loss=0.8912 train_acc=0.7076 test_loss=1.7739 test_acc=0.3996
Round 428 | selected=[18, 28, 43, 54, 58, 92, 45, 32, 4, 29]
Round 428 | train_loss=0.8408 train_acc=0.7398 test_loss=1.5333 test_acc=0.4220
Round 429 | selected=[64, 6, 28, 31, 80, 33, 21, 83, 89, 25]
Round 429 | train_loss=0.7566 train_acc=0.7448 test_loss=1.7269 test_acc=0.3916
Round 430 | selected=[34, 17, 70, 50, 10, 89, 94, 37, 23, 22]
Round 430 | train_loss=0.9001 train_acc=0.7104 test_loss=1.5369 test_acc=0.4190
Round 431 | selected=[19, 30, 54, 20, 68, 3, 82, 73, 96, 90]
Round 431 | train_loss=1.0554 train_acc=0.6648 test_loss=2.0252 test_acc=0.2395
Round 432 | selected=[45, 29, 26, 16, 80, 56, 49, 89, 53, 34]
Round 432 | train_loss=1.0006 train_acc=0.6612 test_loss=1.9911 test_acc=0.3273
Round 433 | selected=[43, 49, 22, 74, 47, 54, 77, 56, 23, 80]
Round 433 | train_loss=1.0947 train_acc=0.6436 test_loss=1.7309 test_acc=0.3459
Round 434 | selected=[65, 23, 87, 33, 86, 91, 59, 21, 58, 31]
Round 434 | train_loss=0.8607 train_acc=0.7296 test_loss=1.5272 test_acc=0.3963
Round 435 | selected=[90, 10, 23, 47, 26, 99, 61, 96, 28, 48]
Round 435 | train_loss=0.7609 train_acc=0.7454 test_loss=1.4055 test_acc=0.5030
Round 436 | selected=[30, 22, 98, 18, 55, 90, 93, 65, 31, 71]
Round 436 | train_loss=0.7748 train_acc=0.7468 test_loss=1.5511 test_acc=0.4127
Round 437 | selected=[52, 41, 99, 59, 37, 92, 43, 38, 14, 70]
Round 437 | train_loss=0.6689 train_acc=0.7912 test_loss=1.6534 test_acc=0.3603
Round 438 | selected=[67, 30, 25, 60, 35, 6, 79, 31, 32, 81]
Round 438 | train_loss=0.8569 train_acc=0.7050 test_loss=1.4145 test_acc=0.4551
Round 439 | selected=[74, 80, 38, 13, 69, 90, 89, 60, 65, 7]
Round 439 | train_loss=0.7360 train_acc=0.7600 test_loss=1.4634 test_acc=0.4502
Round 440 | selected=[80, 43, 79, 67, 0, 78, 10, 87, 83, 74]
Round 440 | train_loss=0.6992 train_acc=0.7866 test_loss=1.6725 test_acc=0.3776
Round 441 | selected=[90, 53, 68, 49, 51, 8, 29, 46, 45, 96]
Round 441 | train_loss=0.9264 train_acc=0.6710 test_loss=1.7312 test_acc=0.3745
Round 442 | selected=[83, 9, 86, 78, 72, 20, 33, 55, 74, 66]
Round 442 | train_loss=0.9289 train_acc=0.7030 test_loss=1.6439 test_acc=0.3916
Round 443 | selected=[79, 29, 39, 26, 77, 99, 9, 61, 33, 46]
Round 443 | train_loss=0.8431 train_acc=0.7310 test_loss=1.4626 test_acc=0.4688
Round 444 | selected=[90, 95, 16, 40, 94, 93, 7, 69, 10, 78]
Round 444 | train_loss=0.7537 train_acc=0.7598 test_loss=1.4009 test_acc=0.4621
Round 445 | selected=[49, 53, 39, 84, 32, 33, 91, 46, 77, 42]
Round 445 | train_loss=0.8533 train_acc=0.7224 test_loss=1.7129 test_acc=0.3383
Round 446 | selected=[10, 27, 15, 69, 93, 35, 80, 78, 57, 19]
Round 446 | train_loss=0.8466 train_acc=0.7178 test_loss=1.4183 test_acc=0.4879
Round 447 | selected=[83, 42, 29, 31, 84, 94, 71, 92, 13, 44]
Round 447 | train_loss=0.7216 train_acc=0.7698 test_loss=1.6290 test_acc=0.3861
Round 448 | selected=[41, 27, 52, 81, 32, 66, 51, 34, 5, 17]
Round 448 | train_loss=0.7445 train_acc=0.7502 test_loss=1.9338 test_acc=0.3380
Round 449 | selected=[67, 91, 72, 57, 13, 34, 8, 33, 94, 74]
Round 449 | train_loss=0.8904 train_acc=0.7100 test_loss=1.8714 test_acc=0.3157
Round 450 | selected=[71, 6, 5, 64, 32, 60, 74, 37, 96, 0]
Round 450 | train_loss=0.8186 train_acc=0.7226 test_loss=1.7343 test_acc=0.3624
Round 451 | selected=[34, 97, 45, 54, 67, 61, 85, 80, 5, 82]
Round 451 | train_loss=0.7182 train_acc=0.7486 test_loss=1.5730 test_acc=0.4220
Round 452 | selected=[21, 76, 78, 81, 33, 25, 79, 18, 56, 58]
Round 452 | train_loss=0.9318 train_acc=0.7042 test_loss=1.8608 test_acc=0.3361
Round 453 | selected=[70, 61, 50, 55, 41, 73, 91, 90, 86, 77]
Round 453 | train_loss=0.9101 train_acc=0.7220 test_loss=1.5456 test_acc=0.4114
Round 454 | selected=[98, 83, 13, 29, 84, 80, 75, 88, 33, 26]
Round 454 | train_loss=0.9021 train_acc=0.7202 test_loss=1.8450 test_acc=0.3311
Round 455 | selected=[5, 85, 67, 70, 68, 46, 97, 9, 55, 13]
Round 455 | train_loss=1.0596 train_acc=0.6380 test_loss=1.5325 test_acc=0.3922
Round 456 | selected=[17, 14, 22, 26, 50, 67, 84, 64, 82, 38]
Round 456 | train_loss=0.8270 train_acc=0.7220 test_loss=1.5427 test_acc=0.4237
Round 457 | selected=[83, 39, 25, 79, 51, 92, 73, 76, 44, 61]
Round 457 | train_loss=0.8096 train_acc=0.7420 test_loss=1.5622 test_acc=0.3749
Round 458 | selected=[96, 95, 74, 50, 90, 73, 63, 48, 53, 17]
Round 458 | train_loss=0.8147 train_acc=0.7136 test_loss=1.4416 test_acc=0.4653
Round 459 | selected=[77, 45, 44, 26, 19, 5, 73, 27, 70, 23]
Round 459 | train_loss=0.6946 train_acc=0.7712 test_loss=1.4243 test_acc=0.4472
Round 460 | selected=[58, 95, 64, 55, 38, 8, 52, 96, 90, 26]
Round 460 | train_loss=0.6921 train_acc=0.7834 test_loss=1.4813 test_acc=0.4146
Round 461 | selected=[29, 0, 82, 80, 41, 66, 15, 88, 11, 75]
Round 461 | train_loss=0.6460 train_acc=0.7828 test_loss=1.6501 test_acc=0.3775
Round 462 | selected=[14, 27, 52, 70, 71, 1, 91, 68, 41, 55]
Round 462 | train_loss=0.9068 train_acc=0.6832 test_loss=1.6080 test_acc=0.3874
Round 463 | selected=[55, 97, 96, 65, 89, 20, 56, 32, 88, 7]
Round 463 | train_loss=0.8273 train_acc=0.7352 test_loss=1.3479 test_acc=0.5115
Round 464 | selected=[55, 57, 98, 47, 14, 44, 62, 43, 72, 46]
Round 464 | train_loss=0.8974 train_acc=0.7046 test_loss=1.4598 test_acc=0.4501
Round 465 | selected=[73, 59, 64, 23, 88, 1, 29, 57, 71, 58]
Round 465 | train_loss=0.7609 train_acc=0.7450 test_loss=1.3187 test_acc=0.5075
Round 466 | selected=[17, 7, 74, 85, 44, 20, 24, 47, 80, 68]
Round 466 | train_loss=0.9127 train_acc=0.6922 test_loss=1.5328 test_acc=0.4093
Round 467 | selected=[26, 94, 63, 78, 5, 29, 92, 27, 76, 39]
Round 467 | train_loss=0.8075 train_acc=0.7472 test_loss=1.5340 test_acc=0.4447
Round 468 | selected=[52, 54, 33, 37, 69, 56, 23, 12, 89, 90]
Round 468 | train_loss=0.8345 train_acc=0.7368 test_loss=1.5976 test_acc=0.3768
Round 469 | selected=[6, 51, 31, 37, 43, 82, 46, 16, 99, 67]
Round 469 | train_loss=0.6859 train_acc=0.7624 test_loss=1.3955 test_acc=0.4912
Round 470 | selected=[77, 61, 78, 64, 63, 67, 40, 68, 53, 76]
Round 470 | train_loss=0.7796 train_acc=0.7396 test_loss=1.4675 test_acc=0.4279
Round 471 | selected=[65, 87, 48, 90, 12, 27, 73, 77, 52, 37]
Round 471 | train_loss=0.6340 train_acc=0.7824 test_loss=1.6541 test_acc=0.3330
Round 472 | selected=[67, 21, 90, 78, 82, 37, 63, 93, 76, 81]
Round 472 | train_loss=0.8588 train_acc=0.7062 test_loss=1.4720 test_acc=0.4501
Round 473 | selected=[55, 64, 41, 77, 25, 23, 70, 49, 61, 1]
Round 473 | train_loss=0.8364 train_acc=0.7348 test_loss=1.6239 test_acc=0.3856
Round 474 | selected=[27, 51, 2, 90, 24, 54, 50, 45, 69, 63]
Round 474 | train_loss=0.9274 train_acc=0.6954 test_loss=1.7085 test_acc=0.4000
Round 475 | selected=[8, 37, 48, 38, 24, 57, 26, 40, 91, 12]
Round 475 | train_loss=0.6607 train_acc=0.7888 test_loss=1.4486 test_acc=0.4893
Round 476 | selected=[20, 4, 37, 81, 12, 71, 67, 29, 66, 82]
Round 476 | train_loss=0.7265 train_acc=0.7704 test_loss=1.4282 test_acc=0.4442
Round 477 | selected=[81, 89, 20, 17, 11, 12, 41, 15, 70, 40]
Round 477 | train_loss=0.6316 train_acc=0.7990 test_loss=1.3994 test_acc=0.4892
Round 478 | selected=[33, 41, 51, 94, 43, 74, 22, 0, 21, 15]
Round 478 | train_loss=0.8347 train_acc=0.7196 test_loss=1.7082 test_acc=0.3919
Round 479 | selected=[90, 97, 1, 46, 79, 84, 3, 42, 33, 86]
Round 479 | train_loss=0.8202 train_acc=0.7218 test_loss=1.6719 test_acc=0.3889
Round 480 | selected=[75, 12, 87, 85, 26, 69, 44, 43, 99, 31]
Round 480 | train_loss=0.6804 train_acc=0.7834 test_loss=1.4369 test_acc=0.4675
Round 481 | selected=[49, 90, 1, 33, 67, 45, 82, 97, 76, 29]
Round 481 | train_loss=0.7768 train_acc=0.7294 test_loss=1.4126 test_acc=0.4559
Round 482 | selected=[36, 72, 35, 42, 59, 71, 62, 43, 29, 48]
Round 482 | train_loss=0.7478 train_acc=0.7556 test_loss=1.4806 test_acc=0.4066
Round 483 | selected=[99, 22, 35, 19, 78, 79, 34, 46, 3, 33]
Round 483 | train_loss=0.7975 train_acc=0.7226 test_loss=1.5865 test_acc=0.3816
Round 484 | selected=[61, 74, 30, 64, 71, 27, 38, 45, 76, 18]
Round 484 | train_loss=0.6735 train_acc=0.7756 test_loss=1.3952 test_acc=0.4803
Round 485 | selected=[77, 25, 84, 83, 44, 26, 3, 81, 47, 53]
Round 485 | train_loss=0.8593 train_acc=0.6886 test_loss=1.7583 test_acc=0.3521
Round 486 | selected=[26, 82, 53, 85, 57, 56, 17, 68, 78, 22]
Round 486 | train_loss=0.8569 train_acc=0.6926 test_loss=1.5305 test_acc=0.4549
Round 487 | selected=[71, 54, 16, 76, 19, 92, 84, 33, 20, 12]
Round 487 | train_loss=0.7261 train_acc=0.7740 test_loss=1.3959 test_acc=0.4500
Round 488 | selected=[92, 38, 8, 2, 1, 47, 74, 50, 29, 41]
Round 488 | train_loss=0.7879 train_acc=0.7456 test_loss=1.5489 test_acc=0.3962
Round 489 | selected=[99, 83, 21, 29, 11, 28, 97, 56, 91, 85]
Round 489 | train_loss=0.7307 train_acc=0.7560 test_loss=1.4081 test_acc=0.4934
Round 490 | selected=[75, 36, 30, 79, 59, 28, 41, 39, 80, 8]
Round 490 | train_loss=0.6786 train_acc=0.7886 test_loss=1.4030 test_acc=0.4537
Round 491 | selected=[84, 13, 91, 28, 5, 62, 64, 20, 29, 89]
Round 491 | train_loss=0.7157 train_acc=0.7710 test_loss=1.3414 test_acc=0.4706
Round 492 | selected=[56, 51, 91, 64, 67, 18, 69, 31, 65, 80]
Round 492 | train_loss=0.6304 train_acc=0.7862 test_loss=1.5587 test_acc=0.4144
Round 493 | selected=[72, 56, 62, 79, 97, 19, 92, 57, 96, 43]
Round 493 | train_loss=0.8161 train_acc=0.7240 test_loss=1.5318 test_acc=0.3804
Round 494 | selected=[75, 20, 23, 79, 69, 49, 76, 52, 53, 39]
Round 494 | train_loss=0.8482 train_acc=0.7130 test_loss=1.7174 test_acc=0.3445
Round 495 | selected=[16, 34, 76, 1, 25, 61, 46, 98, 44, 31]
Round 495 | train_loss=0.6182 train_acc=0.7952 test_loss=1.4561 test_acc=0.4464
Round 496 | selected=[33, 2, 99, 61, 30, 93, 21, 22, 36, 20]
Round 496 | train_loss=0.7422 train_acc=0.7522 test_loss=1.6549 test_acc=0.3459
Round 497 | selected=[59, 80, 95, 32, 35, 54, 58, 17, 18, 30]
Round 497 | train_loss=0.7382 train_acc=0.7570 test_loss=1.4766 test_acc=0.4493
Round 498 | selected=[90, 10, 37, 76, 45, 62, 89, 20, 85, 70]
Round 498 | train_loss=0.8350 train_acc=0.7218 test_loss=1.4402 test_acc=0.4587
Round 499 | selected=[39, 87, 86, 15, 18, 10, 57, 75, 74, 95]
Round 499 | train_loss=0.7164 train_acc=0.7702 test_loss=1.5244 test_acc=0.4342
Round 500 | selected=[53, 83, 34, 22, 85, 50, 9, 98, 67, 90]
Round 500 | train_loss=0.8200 train_acc=0.7020 test_loss=1.5360 test_acc=0.4178
Saved: track1/results/cifar10/final_seed44/fedprox_alpha01_seed44.csv
COMPLETED: fedprox alpha01 seed=44
