========================================
JOB:       12001390
TASK:      2
ALGORITHM: fedavg
PARTITION: alpha03
SEED:      42
GPU:       0
========================================
Device: cuda
GPU: NVIDIA L40S
Round 0 | test_loss=3.2142 test_acc=0.1000
Round 1 | selected=[96, 71, 8, 60, 41, 94, 68, 9, 19, 82]
Round 1 | train_loss=1.7761 train_acc=0.3822 test_loss=2.3197 test_acc=0.1268
Round 2 | selected=[75, 39, 34, 62, 81, 17, 40, 46, 54, 88]
Round 2 | train_loss=1.6507 train_acc=0.4722 test_loss=2.4095 test_acc=0.1464
Round 3 | selected=[66, 71, 25, 44, 34, 15, 58, 89, 95, 6]
Round 3 | train_loss=1.6171 train_acc=0.4644 test_loss=2.3620 test_acc=0.1042
Round 4 | selected=[93, 40, 70, 32, 63, 68, 35, 90, 14, 86]
Round 4 | train_loss=1.6631 train_acc=0.4440 test_loss=2.4412 test_acc=0.1814
Round 5 | selected=[70, 81, 20, 62, 89, 98, 41, 15, 52, 30]
Round 5 | train_loss=1.6994 train_acc=0.4732 test_loss=2.5842 test_acc=0.1136
Round 6 | selected=[63, 26, 0, 19, 22, 13, 59, 79, 99, 78]
Round 6 | train_loss=1.7084 train_acc=0.5064 test_loss=3.2104 test_acc=0.2055
Round 7 | selected=[23, 65, 52, 3, 42, 13, 47, 46, 10, 64]
Round 7 | train_loss=1.9800 train_acc=0.4666 test_loss=3.2504 test_acc=0.1615
Round 8 | selected=[33, 56, 28, 96, 27, 73, 50, 42, 21, 2]
Round 8 | train_loss=1.8731 train_acc=0.4594 test_loss=3.5307 test_acc=0.1944
Round 9 | selected=[76, 40, 66, 48, 83, 27, 53, 98, 62, 11]
Round 9 | train_loss=1.7224 train_acc=0.4974 test_loss=3.1770 test_acc=0.1567
Round 10 | selected=[15, 88, 49, 93, 8, 67, 65, 68, 43, 70]
Round 10 | train_loss=1.8157 train_acc=0.4578 test_loss=3.1219 test_acc=0.1770
Round 11 | selected=[33, 62, 8, 11, 57, 56, 91, 96, 98, 34]
Round 11 | train_loss=1.6503 train_acc=0.5270 test_loss=3.5714 test_acc=0.1674
Round 12 | selected=[70, 26, 66, 95, 7, 9, 42, 74, 24, 44]
Round 12 | train_loss=1.8092 train_acc=0.4698 test_loss=2.9536 test_acc=0.1875
Round 13 | selected=[47, 70, 65, 43, 99, 49, 1, 16, 72, 80]
Round 13 | train_loss=1.7147 train_acc=0.5208 test_loss=2.3950 test_acc=0.2330
Round 14 | selected=[37, 64, 3, 16, 31, 14, 18, 46, 67, 72]
Round 14 | train_loss=1.4666 train_acc=0.4914 test_loss=2.4842 test_acc=0.2462
Round 15 | selected=[55, 14, 2, 48, 56, 31, 41, 40, 93, 28]
Round 15 | train_loss=1.7303 train_acc=0.4700 test_loss=3.4513 test_acc=0.1929
Round 16 | selected=[53, 44, 54, 32, 25, 85, 14, 50, 93, 77]
Round 16 | train_loss=1.8064 train_acc=0.4732 test_loss=2.2009 test_acc=0.2529
Round 17 | selected=[99, 29, 49, 12, 52, 64, 65, 11, 10, 28]
Round 17 | train_loss=1.6296 train_acc=0.4958 test_loss=2.3032 test_acc=0.2504
Round 18 | selected=[21, 83, 30, 22, 13, 89, 97, 53, 3, 36]
Round 18 | train_loss=1.8042 train_acc=0.4618 test_loss=2.3082 test_acc=0.2354
Round 19 | selected=[52, 47, 4, 89, 94, 56, 17, 16, 24, 84]
Round 19 | train_loss=1.6133 train_acc=0.4844 test_loss=2.3396 test_acc=0.2395
Round 20 | selected=[49, 45, 20, 2, 76, 81, 33, 83, 10, 30]
Round 20 | train_loss=1.7636 train_acc=0.4804 test_loss=2.6262 test_acc=0.2223
Round 21 | selected=[98, 15, 22, 0, 11, 6, 3, 88, 86, 81]
Round 21 | train_loss=1.6398 train_acc=0.4866 test_loss=2.0600 test_acc=0.2360
Round 22 | selected=[48, 92, 30, 72, 47, 93, 42, 14, 91, 28]
Round 22 | train_loss=1.5788 train_acc=0.4594 test_loss=2.0184 test_acc=0.2852
Round 23 | selected=[86, 65, 85, 46, 19, 72, 55, 80, 40, 26]
Round 23 | train_loss=1.4430 train_acc=0.5464 test_loss=1.8753 test_acc=0.3002
Round 24 | selected=[91, 65, 7, 84, 49, 12, 47, 36, 28, 31]
Round 24 | train_loss=1.5384 train_acc=0.4774 test_loss=1.9922 test_acc=0.2624
Round 25 | selected=[13, 78, 9, 41, 0, 68, 72, 96, 95, 58]
Round 25 | train_loss=1.4236 train_acc=0.5282 test_loss=1.9661 test_acc=0.2915
Round 26 | selected=[71, 77, 46, 80, 24, 78, 27, 10, 62, 1]
Round 26 | train_loss=1.3767 train_acc=0.5370 test_loss=2.1029 test_acc=0.2602
Round 27 | selected=[26, 63, 86, 35, 40, 96, 37, 95, 88, 11]
Round 27 | train_loss=1.4590 train_acc=0.5380 test_loss=2.4910 test_acc=0.2363
Round 28 | selected=[35, 45, 88, 82, 6, 74, 57, 19, 9, 14]
Round 28 | train_loss=1.7820 train_acc=0.4550 test_loss=2.0199 test_acc=0.2468
Round 29 | selected=[2, 70, 93, 43, 11, 53, 14, 52, 5, 26]
Round 29 | train_loss=1.5618 train_acc=0.4792 test_loss=1.9799 test_acc=0.2675
Round 30 | selected=[92, 29, 98, 53, 70, 77, 84, 76, 47, 35]
Round 30 | train_loss=1.4419 train_acc=0.5396 test_loss=1.8791 test_acc=0.3031
Round 31 | selected=[4, 38, 89, 35, 0, 26, 88, 10, 51, 86]
Round 31 | train_loss=1.2537 train_acc=0.5962 test_loss=1.9092 test_acc=0.2746
Round 32 | selected=[22, 73, 56, 83, 93, 76, 98, 62, 30, 77]
Round 32 | train_loss=1.5019 train_acc=0.4972 test_loss=2.0112 test_acc=0.3174
Round 33 | selected=[24, 66, 36, 74, 77, 26, 62, 43, 78, 87]
Round 33 | train_loss=1.4243 train_acc=0.5298 test_loss=1.8808 test_acc=0.2778
Round 34 | selected=[69, 33, 23, 46, 36, 41, 31, 67, 17, 34]
Round 34 | train_loss=1.2660 train_acc=0.5818 test_loss=1.7375 test_acc=0.3116
Round 35 | selected=[19, 54, 46, 53, 79, 49, 89, 41, 62, 78]
Round 35 | train_loss=1.2528 train_acc=0.5862 test_loss=2.2104 test_acc=0.2605
Round 36 | selected=[12, 46, 80, 99, 59, 9, 86, 63, 91, 62]
Round 36 | train_loss=1.5027 train_acc=0.5020 test_loss=2.2208 test_acc=0.2430
Round 37 | selected=[55, 96, 73, 92, 77, 94, 42, 75, 37, 15]
Round 37 | train_loss=1.4994 train_acc=0.4928 test_loss=1.9450 test_acc=0.2820
Round 38 | selected=[72, 54, 15, 45, 11, 52, 0, 96, 51, 66]
Round 38 | train_loss=1.3055 train_acc=0.6044 test_loss=1.7706 test_acc=0.3053
Round 39 | selected=[76, 8, 93, 73, 64, 72, 68, 11, 47, 41]
Round 39 | train_loss=1.3001 train_acc=0.5546 test_loss=1.6980 test_acc=0.3336
Round 40 | selected=[51, 34, 15, 96, 30, 25, 74, 97, 69, 58]
Round 40 | train_loss=1.3167 train_acc=0.5734 test_loss=1.7694 test_acc=0.3260
Round 41 | selected=[87, 88, 46, 50, 34, 37, 74, 16, 13, 59]
Round 41 | train_loss=1.3028 train_acc=0.5688 test_loss=1.7688 test_acc=0.2720
Round 42 | selected=[3, 67, 57, 80, 59, 94, 45, 11, 54, 77]
Round 42 | train_loss=1.3291 train_acc=0.5396 test_loss=1.8800 test_acc=0.3136
Round 43 | selected=[88, 76, 1, 11, 40, 48, 71, 28, 53, 93]
Round 43 | train_loss=1.4563 train_acc=0.5212 test_loss=1.7552 test_acc=0.3233
Round 44 | selected=[2, 13, 63, 68, 92, 96, 61, 9, 97, 8]
Round 44 | train_loss=1.3708 train_acc=0.5230 test_loss=1.6428 test_acc=0.3746
Round 45 | selected=[99, 1, 0, 85, 3, 63, 27, 88, 73, 18]
Round 45 | train_loss=1.2756 train_acc=0.5666 test_loss=1.6729 test_acc=0.3551
Round 46 | selected=[22, 76, 98, 92, 5, 77, 62, 84, 11, 89]
Round 46 | train_loss=1.3872 train_acc=0.5362 test_loss=1.9394 test_acc=0.2917
Round 47 | selected=[70, 52, 50, 60, 15, 83, 46, 63, 8, 44]
Round 47 | train_loss=1.4617 train_acc=0.5004 test_loss=1.8274 test_acc=0.3019
Round 48 | selected=[21, 47, 59, 89, 0, 68, 56, 6, 5, 4]
Round 48 | train_loss=1.3190 train_acc=0.5392 test_loss=1.8317 test_acc=0.3146
Round 49 | selected=[34, 55, 75, 57, 62, 43, 24, 86, 90, 51]
Round 49 | train_loss=1.2989 train_acc=0.5522 test_loss=1.9703 test_acc=0.2638
Round 50 | selected=[23, 45, 60, 15, 69, 14, 63, 41, 50, 89]
Round 50 | train_loss=1.4276 train_acc=0.5284 test_loss=1.8437 test_acc=0.3325
Round 51 | selected=[96, 62, 8, 74, 57, 58, 41, 38, 40, 28]
Round 51 | train_loss=1.2791 train_acc=0.5578 test_loss=1.9277 test_acc=0.2988
Round 52 | selected=[9, 3, 27, 45, 38, 21, 44, 56, 35, 14]
Round 52 | train_loss=1.3764 train_acc=0.5354 test_loss=1.7068 test_acc=0.3157
Round 53 | selected=[61, 72, 31, 22, 52, 51, 41, 96, 18, 36]
Round 53 | train_loss=1.2663 train_acc=0.5718 test_loss=1.8675 test_acc=0.2915
Round 54 | selected=[67, 23, 48, 25, 38, 30, 50, 82, 45, 75]
Round 54 | train_loss=1.3520 train_acc=0.5420 test_loss=1.9028 test_acc=0.3091
Round 55 | selected=[6, 52, 30, 25, 70, 46, 16, 31, 7, 74]
Round 55 | train_loss=1.4569 train_acc=0.5076 test_loss=1.9417 test_acc=0.3444
Round 56 | selected=[94, 48, 13, 49, 62, 22, 55, 35, 11, 7]
Round 56 | train_loss=1.4148 train_acc=0.5192 test_loss=1.8612 test_acc=0.3027
Round 57 | selected=[68, 65, 20, 60, 52, 86, 74, 1, 35, 31]
Round 57 | train_loss=1.3708 train_acc=0.5364 test_loss=1.7509 test_acc=0.3315
Round 58 | selected=[44, 13, 84, 18, 49, 94, 62, 50, 78, 75]
Round 58 | train_loss=1.4566 train_acc=0.5020 test_loss=1.8511 test_acc=0.3104
Round 59 | selected=[91, 83, 4, 23, 62, 87, 17, 99, 28, 13]
Round 59 | train_loss=1.3832 train_acc=0.5150 test_loss=1.8277 test_acc=0.2985
Round 60 | selected=[81, 64, 22, 24, 79, 7, 80, 40, 54, 61]
Round 60 | train_loss=1.3202 train_acc=0.5426 test_loss=1.7591 test_acc=0.3338
Round 61 | selected=[46, 75, 68, 80, 86, 31, 51, 85, 94, 79]
Round 61 | train_loss=1.3427 train_acc=0.5302 test_loss=2.0830 test_acc=0.3033
Round 62 | selected=[79, 10, 50, 2, 30, 53, 46, 39, 49, 99]
Round 62 | train_loss=1.3640 train_acc=0.5588 test_loss=1.7982 test_acc=0.3604
Round 63 | selected=[14, 65, 59, 56, 30, 40, 2, 87, 23, 43]
Round 63 | train_loss=1.2363 train_acc=0.6060 test_loss=1.8989 test_acc=0.3170
Round 64 | selected=[73, 94, 89, 82, 98, 96, 45, 51, 57, 63]
Round 64 | train_loss=1.3482 train_acc=0.5538 test_loss=1.7498 test_acc=0.3430
Round 65 | selected=[46, 64, 93, 53, 41, 61, 75, 96, 98, 67]
Round 65 | train_loss=1.2605 train_acc=0.5584 test_loss=1.6410 test_acc=0.3757
Round 66 | selected=[75, 98, 31, 3, 0, 48, 11, 27, 94, 87]
Round 66 | train_loss=1.3702 train_acc=0.5222 test_loss=1.8737 test_acc=0.2840
Round 67 | selected=[25, 52, 51, 7, 90, 76, 82, 44, 59, 20]
Round 67 | train_loss=1.3494 train_acc=0.5290 test_loss=1.6806 test_acc=0.3934
Round 68 | selected=[39, 0, 73, 66, 72, 70, 83, 61, 93, 98]
Round 68 | train_loss=1.3007 train_acc=0.5614 test_loss=1.7252 test_acc=0.3746
Round 69 | selected=[40, 48, 88, 99, 65, 0, 2, 24, 75, 51]
Round 69 | train_loss=1.3587 train_acc=0.5268 test_loss=1.7518 test_acc=0.3437
Round 70 | selected=[68, 39, 11, 31, 84, 71, 57, 43, 28, 79]
Round 70 | train_loss=1.3684 train_acc=0.5456 test_loss=1.6907 test_acc=0.3768
Round 71 | selected=[29, 99, 39, 75, 61, 76, 50, 40, 66, 95]
Round 71 | train_loss=1.2921 train_acc=0.5722 test_loss=2.0099 test_acc=0.3025
Round 72 | selected=[21, 86, 10, 33, 48, 5, 36, 13, 54, 46]
Round 72 | train_loss=1.2088 train_acc=0.5934 test_loss=1.6227 test_acc=0.3623
Round 73 | selected=[75, 32, 87, 86, 95, 81, 58, 94, 42, 40]
Round 73 | train_loss=1.2929 train_acc=0.5544 test_loss=1.8250 test_acc=0.3317
Round 74 | selected=[28, 21, 58, 50, 61, 81, 94, 84, 29, 72]
Round 74 | train_loss=1.2277 train_acc=0.5940 test_loss=1.5933 test_acc=0.4166
Round 75 | selected=[80, 31, 77, 0, 5, 53, 57, 78, 26, 24]
Round 75 | train_loss=1.3303 train_acc=0.5464 test_loss=2.0567 test_acc=0.2745
Round 76 | selected=[31, 74, 94, 17, 55, 16, 83, 45, 25, 61]
Round 76 | train_loss=1.2646 train_acc=0.5702 test_loss=1.6730 test_acc=0.3525
Round 77 | selected=[24, 70, 5, 28, 87, 3, 90, 4, 12, 9]
Round 77 | train_loss=1.3621 train_acc=0.5058 test_loss=1.6176 test_acc=0.4073
Round 78 | selected=[5, 74, 4, 36, 78, 87, 59, 44, 69, 10]
Round 78 | train_loss=1.2909 train_acc=0.5690 test_loss=1.6278 test_acc=0.3878
Round 79 | selected=[48, 15, 27, 10, 0, 96, 49, 81, 38, 26]
Round 79 | train_loss=1.2465 train_acc=0.5904 test_loss=1.7247 test_acc=0.3173
Round 80 | selected=[94, 56, 67, 23, 84, 87, 21, 33, 46, 29]
Round 80 | train_loss=1.1922 train_acc=0.5890 test_loss=1.7209 test_acc=0.3564
Round 81 | selected=[17, 30, 14, 4, 2, 57, 65, 13, 91, 78]
Round 81 | train_loss=1.3191 train_acc=0.5678 test_loss=1.6879 test_acc=0.3670
Round 82 | selected=[95, 43, 54, 49, 84, 67, 8, 57, 22, 56]
Round 82 | train_loss=1.2499 train_acc=0.5812 test_loss=1.6042 test_acc=0.4167
Round 83 | selected=[54, 78, 23, 44, 88, 94, 27, 90, 95, 60]
Round 83 | train_loss=1.2805 train_acc=0.5926 test_loss=1.7788 test_acc=0.3485
Round 84 | selected=[20, 27, 40, 31, 10, 55, 49, 82, 62, 72]
Round 84 | train_loss=1.3623 train_acc=0.5566 test_loss=1.7726 test_acc=0.3501
Round 85 | selected=[31, 12, 93, 78, 80, 28, 59, 89, 70, 66]
Round 85 | train_loss=1.1789 train_acc=0.6222 test_loss=1.8546 test_acc=0.3298
Round 86 | selected=[90, 73, 1, 11, 0, 15, 47, 94, 25, 55]
Round 86 | train_loss=1.2853 train_acc=0.5758 test_loss=1.7455 test_acc=0.3253
Round 87 | selected=[59, 4, 58, 37, 69, 26, 17, 44, 15, 49]
Round 87 | train_loss=1.1734 train_acc=0.6002 test_loss=1.4966 test_acc=0.4241
Round 88 | selected=[54, 14, 60, 24, 21, 98, 18, 79, 83, 80]
Round 88 | train_loss=1.1942 train_acc=0.5926 test_loss=1.9975 test_acc=0.3012
Round 89 | selected=[14, 69, 1, 89, 40, 93, 92, 66, 50, 24]
Round 89 | train_loss=1.2573 train_acc=0.5834 test_loss=2.0925 test_acc=0.2723
Round 90 | selected=[35, 36, 80, 15, 64, 45, 95, 26, 14, 60]
Round 90 | train_loss=1.4487 train_acc=0.4866 test_loss=1.7397 test_acc=0.3720
Round 91 | selected=[81, 51, 43, 61, 40, 68, 37, 84, 62, 31]
Round 91 | train_loss=1.3077 train_acc=0.5722 test_loss=1.4995 test_acc=0.4207
Round 92 | selected=[82, 49, 0, 77, 71, 9, 98, 95, 65, 84]
Round 92 | train_loss=1.2775 train_acc=0.5648 test_loss=1.5187 test_acc=0.4135
Round 93 | selected=[34, 66, 59, 60, 31, 73, 86, 83, 99, 37]
Round 93 | train_loss=1.1808 train_acc=0.6028 test_loss=1.8896 test_acc=0.3426
Round 94 | selected=[33, 35, 75, 31, 38, 12, 42, 34, 18, 6]
Round 94 | train_loss=1.2468 train_acc=0.5782 test_loss=1.5141 test_acc=0.4057
Round 95 | selected=[33, 55, 84, 47, 43, 18, 27, 70, 9, 20]
Round 95 | train_loss=1.1264 train_acc=0.6208 test_loss=1.4000 test_acc=0.4775
Round 96 | selected=[66, 91, 63, 8, 23, 88, 4, 49, 44, 0]
Round 96 | train_loss=1.1773 train_acc=0.6172 test_loss=1.5817 test_acc=0.3885
Round 97 | selected=[7, 92, 70, 94, 34, 98, 9, 93, 82, 58]
Round 97 | train_loss=1.2757 train_acc=0.5722 test_loss=1.5986 test_acc=0.3917
Round 98 | selected=[45, 25, 50, 51, 8, 37, 57, 16, 76, 68]
Round 98 | train_loss=1.2046 train_acc=0.5926 test_loss=1.7368 test_acc=0.3426
Round 99 | selected=[72, 75, 20, 92, 10, 34, 77, 38, 4, 2]
Round 99 | train_loss=1.2996 train_acc=0.5618 test_loss=1.8083 test_acc=0.3905
Round 100 | selected=[16, 40, 17, 58, 18, 44, 24, 62, 6, 78]
Round 100 | train_loss=1.4113 train_acc=0.5294 test_loss=1.7229 test_acc=0.3622
Round 101 | selected=[31, 3, 23, 28, 66, 91, 95, 94, 15, 48]
Round 101 | train_loss=1.3814 train_acc=0.5236 test_loss=1.6200 test_acc=0.3987
Round 102 | selected=[35, 49, 36, 41, 98, 12, 34, 77, 48, 18]
Round 102 | train_loss=1.3084 train_acc=0.5534 test_loss=1.6162 test_acc=0.4006
Round 103 | selected=[2, 36, 19, 23, 98, 91, 83, 11, 15, 87]
Round 103 | train_loss=1.3499 train_acc=0.5314 test_loss=1.9029 test_acc=0.3063
Round 104 | selected=[17, 48, 37, 73, 78, 79, 13, 60, 80, 93]
Round 104 | train_loss=1.3360 train_acc=0.5426 test_loss=1.6769 test_acc=0.4467
Round 105 | selected=[84, 62, 59, 73, 5, 74, 96, 79, 31, 63]
Round 105 | train_loss=1.3846 train_acc=0.5514 test_loss=1.5527 test_acc=0.4352
Round 106 | selected=[94, 6, 0, 38, 92, 45, 84, 79, 26, 50]
Round 106 | train_loss=1.1441 train_acc=0.6190 test_loss=1.4176 test_acc=0.4592
Round 107 | selected=[64, 44, 59, 38, 29, 68, 96, 65, 94, 58]
Round 107 | train_loss=1.1405 train_acc=0.6112 test_loss=1.4488 test_acc=0.4284
Round 108 | selected=[90, 3, 61, 88, 94, 43, 54, 74, 78, 28]
Round 108 | train_loss=1.2719 train_acc=0.5672 test_loss=1.6399 test_acc=0.3902
Round 109 | selected=[66, 32, 88, 56, 70, 39, 34, 69, 38, 87]
Round 109 | train_loss=1.1260 train_acc=0.6368 test_loss=1.7150 test_acc=0.3483
Round 110 | selected=[37, 38, 42, 12, 25, 65, 82, 44, 31, 58]
Round 110 | train_loss=1.2007 train_acc=0.5846 test_loss=1.4967 test_acc=0.4240
Round 111 | selected=[15, 74, 98, 18, 84, 95, 80, 30, 91, 24]
Round 111 | train_loss=1.2849 train_acc=0.5594 test_loss=1.7549 test_acc=0.3493
Round 112 | selected=[62, 53, 25, 91, 71, 85, 86, 54, 19, 94]
Round 112 | train_loss=1.2697 train_acc=0.5658 test_loss=1.4525 test_acc=0.4411
Round 113 | selected=[66, 5, 49, 29, 53, 67, 42, 2, 91, 38]
Round 113 | train_loss=1.1390 train_acc=0.6114 test_loss=1.5191 test_acc=0.4219
Round 114 | selected=[85, 44, 94, 30, 48, 77, 82, 79, 69, 52]
Round 114 | train_loss=1.1701 train_acc=0.5940 test_loss=1.6942 test_acc=0.3860
Round 115 | selected=[28, 96, 74, 87, 76, 23, 91, 71, 1, 77]
Round 115 | train_loss=1.2525 train_acc=0.5844 test_loss=1.7266 test_acc=0.3468
Round 116 | selected=[55, 65, 97, 26, 34, 28, 43, 39, 23, 21]
Round 116 | train_loss=1.1309 train_acc=0.6180 test_loss=1.4383 test_acc=0.4539
Round 117 | selected=[13, 12, 22, 75, 41, 11, 67, 59, 78, 73]
Round 117 | train_loss=1.2276 train_acc=0.5916 test_loss=1.6178 test_acc=0.4049
Round 118 | selected=[88, 6, 38, 82, 57, 62, 93, 95, 27, 36]
Round 118 | train_loss=1.1809 train_acc=0.6030 test_loss=1.5546 test_acc=0.4075
Round 119 | selected=[10, 16, 97, 41, 78, 15, 50, 55, 54, 66]
Round 119 | train_loss=1.1591 train_acc=0.6336 test_loss=1.5893 test_acc=0.4027
Round 120 | selected=[11, 65, 94, 90, 70, 96, 2, 32, 48, 9]
Round 120 | train_loss=1.2547 train_acc=0.5696 test_loss=1.6505 test_acc=0.4016
Round 121 | selected=[92, 41, 80, 69, 87, 64, 79, 32, 30, 74]
Round 121 | train_loss=1.2877 train_acc=0.5674 test_loss=1.5968 test_acc=0.3887
Round 122 | selected=[83, 15, 9, 30, 24, 31, 53, 81, 13, 87]
Round 122 | train_loss=1.2545 train_acc=0.5720 test_loss=1.4838 test_acc=0.4151
Round 123 | selected=[3, 80, 62, 9, 32, 33, 72, 16, 71, 77]
Round 123 | train_loss=1.2360 train_acc=0.5768 test_loss=1.5449 test_acc=0.4184
Round 124 | selected=[52, 8, 74, 25, 71, 32, 39, 37, 3, 57]
Round 124 | train_loss=1.1916 train_acc=0.6062 test_loss=1.4497 test_acc=0.4753
Round 125 | selected=[8, 58, 93, 72, 61, 37, 11, 75, 20, 19]
Round 125 | train_loss=1.1309 train_acc=0.6332 test_loss=1.3696 test_acc=0.4678
Round 126 | selected=[62, 92, 78, 90, 12, 17, 43, 89, 18, 38]
Round 126 | train_loss=1.1131 train_acc=0.6196 test_loss=1.4705 test_acc=0.4475
Round 127 | selected=[99, 60, 0, 70, 43, 73, 23, 88, 55, 27]
Round 127 | train_loss=1.1354 train_acc=0.6124 test_loss=1.6416 test_acc=0.4218
Round 128 | selected=[27, 25, 54, 40, 10, 45, 34, 24, 58, 75]
Round 128 | train_loss=1.1160 train_acc=0.6414 test_loss=1.6169 test_acc=0.3955
Round 129 | selected=[41, 35, 0, 64, 53, 6, 81, 60, 28, 14]
Round 129 | train_loss=1.1953 train_acc=0.5820 test_loss=1.6576 test_acc=0.3652
Round 130 | selected=[46, 90, 81, 34, 80, 8, 78, 5, 45, 43]
Round 130 | train_loss=1.1238 train_acc=0.6248 test_loss=1.3638 test_acc=0.4765
Round 131 | selected=[40, 94, 19, 81, 7, 13, 38, 9, 17, 50]
Round 131 | train_loss=1.1371 train_acc=0.6184 test_loss=1.4716 test_acc=0.4281
Round 132 | selected=[87, 24, 31, 57, 98, 78, 40, 32, 19, 3]
Round 132 | train_loss=1.2112 train_acc=0.5748 test_loss=1.5617 test_acc=0.3965
Round 133 | selected=[72, 91, 97, 10, 18, 52, 37, 80, 68, 11]
Round 133 | train_loss=1.2205 train_acc=0.5948 test_loss=1.5441 test_acc=0.4352
Round 134 | selected=[78, 86, 16, 7, 96, 88, 53, 93, 32, 76]
Round 134 | train_loss=1.3522 train_acc=0.5580 test_loss=1.6136 test_acc=0.3947
Round 135 | selected=[30, 97, 21, 43, 53, 12, 62, 72, 10, 18]
Round 135 | train_loss=1.2354 train_acc=0.5874 test_loss=1.5135 test_acc=0.4453
Round 136 | selected=[38, 76, 39, 88, 73, 71, 90, 77, 58, 35]
Round 136 | train_loss=1.1283 train_acc=0.6234 test_loss=1.6999 test_acc=0.3816
Round 137 | selected=[34, 37, 31, 9, 52, 6, 33, 92, 51, 30]
Round 137 | train_loss=1.1605 train_acc=0.6190 test_loss=1.5773 test_acc=0.4541
Round 138 | selected=[69, 97, 70, 24, 50, 91, 80, 18, 51, 95]
Round 138 | train_loss=1.1370 train_acc=0.6226 test_loss=1.3969 test_acc=0.4841
Round 139 | selected=[84, 92, 98, 59, 54, 85, 3, 9, 0, 68]
Round 139 | train_loss=1.1589 train_acc=0.6094 test_loss=1.3435 test_acc=0.4779
Round 140 | selected=[76, 0, 91, 18, 45, 42, 54, 43, 88, 32]
Round 140 | train_loss=1.1272 train_acc=0.6158 test_loss=1.4656 test_acc=0.4234
Round 141 | selected=[39, 7, 20, 46, 13, 51, 71, 23, 96, 94]
Round 141 | train_loss=1.1187 train_acc=0.6340 test_loss=1.3461 test_acc=0.4891
Round 142 | selected=[36, 48, 34, 10, 23, 9, 55, 77, 46, 63]
Round 142 | train_loss=1.1105 train_acc=0.6486 test_loss=1.3338 test_acc=0.4803
Round 143 | selected=[74, 6, 10, 21, 81, 80, 69, 11, 30, 27]
Round 143 | train_loss=1.0451 train_acc=0.6526 test_loss=1.4937 test_acc=0.4181
Round 144 | selected=[15, 61, 53, 13, 63, 77, 36, 58, 10, 62]
Round 144 | train_loss=1.1106 train_acc=0.6242 test_loss=1.4772 test_acc=0.4663
Round 145 | selected=[94, 19, 9, 40, 52, 17, 49, 32, 92, 45]
Round 145 | train_loss=1.2259 train_acc=0.5988 test_loss=1.4083 test_acc=0.4795
Round 146 | selected=[58, 81, 40, 79, 41, 20, 3, 35, 33, 12]
Round 146 | train_loss=1.1449 train_acc=0.6216 test_loss=1.5229 test_acc=0.4560
Round 147 | selected=[91, 75, 4, 84, 36, 30, 49, 48, 27, 83]
Round 147 | train_loss=1.3848 train_acc=0.5340 test_loss=1.6075 test_acc=0.3984
Round 148 | selected=[38, 53, 67, 98, 81, 44, 85, 77, 6, 48]
Round 148 | train_loss=1.1600 train_acc=0.6062 test_loss=1.5014 test_acc=0.4462
Round 149 | selected=[8, 99, 18, 12, 69, 92, 83, 64, 53, 88]
Round 149 | train_loss=1.1901 train_acc=0.5962 test_loss=1.5608 test_acc=0.3974
Round 150 | selected=[96, 92, 72, 27, 51, 50, 43, 36, 87, 21]
Round 150 | train_loss=1.1325 train_acc=0.6108 test_loss=1.6210 test_acc=0.3809
Round 151 | selected=[10, 8, 76, 44, 7, 17, 68, 55, 71, 36]
Round 151 | train_loss=1.1990 train_acc=0.5844 test_loss=1.5152 test_acc=0.4457
Round 152 | selected=[20, 50, 90, 36, 65, 92, 76, 26, 18, 87]
Round 152 | train_loss=1.1646 train_acc=0.5986 test_loss=1.5209 test_acc=0.4693
Round 153 | selected=[13, 65, 62, 92, 53, 25, 87, 34, 17, 52]
Round 153 | train_loss=1.0769 train_acc=0.6396 test_loss=1.4186 test_acc=0.4618
Round 154 | selected=[43, 45, 11, 21, 86, 8, 32, 10, 39, 62]
Round 154 | train_loss=1.1202 train_acc=0.6258 test_loss=1.3884 test_acc=0.4533
Round 155 | selected=[17, 79, 56, 61, 64, 16, 29, 22, 15, 42]
Round 155 | train_loss=1.1132 train_acc=0.6180 test_loss=1.4110 test_acc=0.4746
Round 156 | selected=[96, 43, 3, 54, 94, 46, 91, 49, 9, 27]
Round 156 | train_loss=1.1446 train_acc=0.6074 test_loss=1.6647 test_acc=0.3608
Round 157 | selected=[4, 61, 99, 98, 22, 54, 59, 21, 68, 66]
Round 157 | train_loss=1.0826 train_acc=0.6288 test_loss=1.5666 test_acc=0.4371
Round 158 | selected=[74, 66, 70, 94, 44, 19, 60, 86, 41, 63]
Round 158 | train_loss=1.0709 train_acc=0.6286 test_loss=1.5803 test_acc=0.3979
Round 159 | selected=[56, 50, 40, 65, 88, 36, 79, 34, 61, 84]
Round 159 | train_loss=1.0627 train_acc=0.6410 test_loss=1.5463 test_acc=0.4395
Round 160 | selected=[35, 73, 93, 72, 59, 88, 22, 11, 10, 18]
Round 160 | train_loss=1.1772 train_acc=0.6204 test_loss=1.6191 test_acc=0.4348
Round 161 | selected=[99, 84, 35, 49, 74, 17, 30, 70, 26, 16]
Round 161 | train_loss=1.2255 train_acc=0.5990 test_loss=1.4888 test_acc=0.4435
Round 162 | selected=[81, 53, 14, 67, 28, 12, 22, 69, 35, 24]
Round 162 | train_loss=1.2683 train_acc=0.5720 test_loss=1.6881 test_acc=0.3883
Round 163 | selected=[23, 18, 32, 77, 41, 17, 35, 99, 26, 40]
Round 163 | train_loss=1.2016 train_acc=0.6058 test_loss=1.6235 test_acc=0.4298
Round 164 | selected=[25, 1, 68, 42, 28, 12, 86, 16, 29, 34]
Round 164 | train_loss=1.2205 train_acc=0.5942 test_loss=1.4489 test_acc=0.4241
Round 165 | selected=[60, 59, 57, 81, 45, 2, 95, 94, 88, 43]
Round 165 | train_loss=1.1701 train_acc=0.6004 test_loss=1.5399 test_acc=0.4099
Round 166 | selected=[44, 53, 46, 56, 93, 1, 97, 39, 76, 47]
Round 166 | train_loss=1.1933 train_acc=0.6058 test_loss=1.4827 test_acc=0.4491
Round 167 | selected=[11, 6, 87, 71, 15, 63, 31, 83, 93, 78]
Round 167 | train_loss=1.1524 train_acc=0.6282 test_loss=1.3100 test_acc=0.5266
Round 168 | selected=[16, 91, 28, 57, 74, 51, 19, 21, 20, 31]
Round 168 | train_loss=1.1160 train_acc=0.6312 test_loss=1.6103 test_acc=0.3812
Round 169 | selected=[99, 16, 61, 91, 94, 77, 21, 68, 17, 25]
Round 169 | train_loss=1.1013 train_acc=0.6234 test_loss=1.4320 test_acc=0.4855
Round 170 | selected=[25, 52, 0, 31, 69, 96, 94, 42, 41, 89]
Round 170 | train_loss=1.0853 train_acc=0.6330 test_loss=1.3577 test_acc=0.4790
Round 171 | selected=[87, 3, 76, 35, 95, 54, 0, 97, 19, 62]
Round 171 | train_loss=1.1020 train_acc=0.6202 test_loss=1.3872 test_acc=0.4746
Round 172 | selected=[35, 31, 16, 56, 69, 18, 22, 19, 14, 94]
Round 172 | train_loss=1.0343 train_acc=0.6618 test_loss=1.4396 test_acc=0.4325
Round 173 | selected=[15, 61, 38, 90, 97, 7, 95, 12, 23, 24]
Round 173 | train_loss=1.1878 train_acc=0.5798 test_loss=1.5316 test_acc=0.4354
Round 174 | selected=[97, 17, 18, 22, 37, 15, 78, 28, 44, 21]
Round 174 | train_loss=1.1291 train_acc=0.6116 test_loss=1.3692 test_acc=0.4742
Round 175 | selected=[22, 48, 12, 39, 38, 84, 25, 2, 88, 90]
Round 175 | train_loss=1.1515 train_acc=0.5978 test_loss=1.5304 test_acc=0.4249
Round 176 | selected=[83, 36, 24, 14, 7, 58, 82, 71, 87, 19]
Round 176 | train_loss=1.2042 train_acc=0.5868 test_loss=1.4728 test_acc=0.4521
Round 177 | selected=[74, 91, 11, 10, 56, 69, 15, 48, 12, 72]
Round 177 | train_loss=1.1878 train_acc=0.5950 test_loss=1.6771 test_acc=0.3807
Round 178 | selected=[74, 30, 69, 14, 96, 23, 58, 27, 11, 40]
Round 178 | train_loss=1.0703 train_acc=0.6484 test_loss=1.5755 test_acc=0.4005
Round 179 | selected=[23, 25, 28, 87, 73, 52, 70, 74, 84, 66]
Round 179 | train_loss=1.1013 train_acc=0.6342 test_loss=1.3485 test_acc=0.4852
Round 180 | selected=[46, 34, 64, 61, 36, 91, 33, 83, 14, 7]
Round 180 | train_loss=1.1047 train_acc=0.6212 test_loss=1.3650 test_acc=0.4919
Round 181 | selected=[47, 77, 57, 94, 35, 86, 30, 72, 46, 55]
Round 181 | train_loss=1.0133 train_acc=0.6570 test_loss=1.6460 test_acc=0.4126
Round 182 | selected=[87, 31, 88, 69, 55, 2, 42, 75, 60, 20]
Round 182 | train_loss=1.2321 train_acc=0.5828 test_loss=1.4462 test_acc=0.4592
Round 183 | selected=[38, 88, 76, 53, 34, 82, 25, 36, 73, 4]
Round 183 | train_loss=1.0259 train_acc=0.6592 test_loss=1.3474 test_acc=0.4782
Round 184 | selected=[22, 23, 39, 72, 37, 2, 48, 76, 75, 34]
Round 184 | train_loss=1.1247 train_acc=0.6162 test_loss=1.5337 test_acc=0.4313
Round 185 | selected=[43, 5, 42, 88, 30, 61, 11, 9, 19, 1]
Round 185 | train_loss=1.1574 train_acc=0.6090 test_loss=1.2848 test_acc=0.5277
Round 186 | selected=[29, 87, 63, 79, 32, 81, 16, 88, 15, 83]
Round 186 | train_loss=1.1470 train_acc=0.6206 test_loss=1.4053 test_acc=0.4860
Round 187 | selected=[77, 2, 50, 8, 56, 6, 71, 12, 79, 7]
Round 187 | train_loss=1.0634 train_acc=0.6510 test_loss=1.2936 test_acc=0.5062
Round 188 | selected=[32, 38, 45, 16, 66, 64, 98, 41, 42, 6]
Round 188 | train_loss=1.0482 train_acc=0.6552 test_loss=1.3219 test_acc=0.5151
Round 189 | selected=[7, 62, 61, 82, 64, 87, 30, 85, 76, 88]
Round 189 | train_loss=1.1716 train_acc=0.5994 test_loss=1.4076 test_acc=0.4589
Round 190 | selected=[32, 23, 97, 52, 61, 26, 44, 27, 90, 53]
Round 190 | train_loss=1.0317 train_acc=0.6478 test_loss=1.3303 test_acc=0.4918
Round 191 | selected=[40, 62, 50, 42, 4, 71, 6, 43, 56, 8]
Round 191 | train_loss=1.0802 train_acc=0.6332 test_loss=1.5545 test_acc=0.4051
Round 192 | selected=[75, 3, 42, 92, 72, 50, 49, 52, 8, 45]
Round 192 | train_loss=1.2359 train_acc=0.5792 test_loss=1.4654 test_acc=0.4698
Round 193 | selected=[90, 64, 67, 11, 47, 49, 92, 50, 38, 6]
Round 193 | train_loss=1.0793 train_acc=0.6390 test_loss=1.3791 test_acc=0.4824
Round 194 | selected=[0, 36, 13, 20, 39, 16, 42, 56, 9, 63]
Round 194 | train_loss=1.1648 train_acc=0.6102 test_loss=1.5622 test_acc=0.4478
Round 195 | selected=[39, 38, 31, 18, 86, 9, 60, 89, 64, 15]
Round 195 | train_loss=1.2656 train_acc=0.5884 test_loss=1.4000 test_acc=0.4647
Round 196 | selected=[45, 34, 96, 79, 22, 14, 80, 72, 46, 70]
Round 196 | train_loss=1.1277 train_acc=0.6174 test_loss=1.6182 test_acc=0.4406
Round 197 | selected=[10, 39, 70, 0, 61, 32, 84, 93, 91, 49]
Round 197 | train_loss=1.1504 train_acc=0.6302 test_loss=1.5024 test_acc=0.4745
Round 198 | selected=[88, 22, 87, 57, 79, 42, 93, 96, 40, 91]
Round 198 | train_loss=1.0281 train_acc=0.6562 test_loss=1.3200 test_acc=0.4928
Round 199 | selected=[38, 52, 78, 33, 64, 32, 41, 93, 58, 71]
Round 199 | train_loss=0.9612 train_acc=0.6820 test_loss=1.4395 test_acc=0.4834
Round 200 | selected=[95, 31, 52, 20, 92, 11, 2, 16, 70, 9]
Round 200 | train_loss=1.0583 train_acc=0.6474 test_loss=1.3001 test_acc=0.5179
Round 201 | selected=[51, 9, 15, 53, 84, 60, 2, 81, 94, 74]
Round 201 | train_loss=1.1453 train_acc=0.5964 test_loss=1.5114 test_acc=0.4269
Round 202 | selected=[87, 33, 16, 1, 81, 51, 57, 68, 54, 11]
Round 202 | train_loss=1.0761 train_acc=0.6300 test_loss=1.4109 test_acc=0.4936
Round 203 | selected=[46, 35, 76, 53, 91, 89, 87, 28, 81, 97]
Round 203 | train_loss=1.1144 train_acc=0.6302 test_loss=1.3890 test_acc=0.4618
Round 204 | selected=[97, 40, 51, 52, 61, 59, 1, 23, 29, 76]
Round 204 | train_loss=0.9503 train_acc=0.6816 test_loss=1.4224 test_acc=0.4638
Round 205 | selected=[16, 55, 41, 44, 82, 3, 21, 98, 22, 63]
Round 205 | train_loss=1.0021 train_acc=0.6594 test_loss=1.5812 test_acc=0.4067
Round 206 | selected=[1, 87, 84, 28, 98, 49, 48, 99, 92, 97]
Round 206 | train_loss=1.2029 train_acc=0.5764 test_loss=1.3761 test_acc=0.4984
Round 207 | selected=[60, 41, 71, 6, 47, 79, 7, 5, 58, 91]
Round 207 | train_loss=1.0944 train_acc=0.6458 test_loss=1.2177 test_acc=0.5551
Round 208 | selected=[53, 49, 30, 96, 44, 78, 66, 69, 16, 92]
Round 208 | train_loss=1.0173 train_acc=0.6700 test_loss=1.2996 test_acc=0.5148
Round 209 | selected=[93, 66, 85, 55, 21, 49, 70, 42, 88, 9]
Round 209 | train_loss=1.0007 train_acc=0.6646 test_loss=1.4320 test_acc=0.4894
Round 210 | selected=[53, 8, 65, 45, 11, 23, 14, 61, 95, 84]
Round 210 | train_loss=1.0865 train_acc=0.6318 test_loss=1.3894 test_acc=0.4905
Round 211 | selected=[13, 72, 2, 69, 32, 48, 52, 68, 82, 26]
Round 211 | train_loss=1.0082 train_acc=0.6660 test_loss=1.3145 test_acc=0.5192
Round 212 | selected=[27, 46, 18, 26, 82, 15, 64, 10, 32, 13]
Round 212 | train_loss=1.0295 train_acc=0.6446 test_loss=1.3375 test_acc=0.5071
Round 213 | selected=[67, 3, 26, 38, 62, 41, 25, 50, 61, 49]
Round 213 | train_loss=0.9937 train_acc=0.6666 test_loss=1.2931 test_acc=0.5136
Round 214 | selected=[78, 84, 0, 42, 93, 22, 98, 37, 30, 73]
Round 214 | train_loss=1.0634 train_acc=0.6398 test_loss=1.4301 test_acc=0.4469
Round 215 | selected=[77, 94, 68, 9, 92, 80, 32, 38, 75, 2]
Round 215 | train_loss=1.1486 train_acc=0.6070 test_loss=1.3825 test_acc=0.5055
Round 216 | selected=[35, 4, 44, 92, 57, 86, 95, 24, 93, 70]
Round 216 | train_loss=1.0666 train_acc=0.6452 test_loss=1.4507 test_acc=0.4689
Round 217 | selected=[14, 31, 79, 97, 0, 41, 47, 7, 48, 9]
Round 217 | train_loss=1.0375 train_acc=0.6510 test_loss=1.2006 test_acc=0.5589
Round 218 | selected=[24, 73, 4, 46, 8, 72, 41, 0, 92, 52]
Round 218 | train_loss=0.9607 train_acc=0.6822 test_loss=1.2151 test_acc=0.5278
Round 219 | selected=[82, 11, 26, 14, 83, 39, 38, 41, 32, 53]
Round 219 | train_loss=1.0074 train_acc=0.6642 test_loss=1.2309 test_acc=0.5507
Round 220 | selected=[67, 35, 66, 44, 51, 17, 49, 37, 64, 18]
Round 220 | train_loss=0.9876 train_acc=0.6654 test_loss=1.5009 test_acc=0.4826
Round 221 | selected=[20, 33, 25, 90, 9, 4, 59, 54, 80, 5]
Round 221 | train_loss=1.0737 train_acc=0.6408 test_loss=1.3341 test_acc=0.5062
Round 222 | selected=[22, 21, 92, 88, 32, 12, 69, 28, 62, 78]
Round 222 | train_loss=1.1236 train_acc=0.6196 test_loss=1.4678 test_acc=0.4657
Round 223 | selected=[10, 51, 17, 78, 14, 61, 75, 44, 47, 48]
Round 223 | train_loss=0.9780 train_acc=0.6822 test_loss=1.4449 test_acc=0.4651
Round 224 | selected=[79, 9, 34, 99, 26, 3, 22, 31, 27, 69]
Round 224 | train_loss=1.0029 train_acc=0.6664 test_loss=1.3041 test_acc=0.5050
Round 225 | selected=[8, 19, 74, 28, 56, 21, 99, 29, 59, 2]
Round 225 | train_loss=0.9902 train_acc=0.6688 test_loss=1.3234 test_acc=0.5124
Round 226 | selected=[71, 80, 12, 68, 70, 6, 45, 43, 86, 16]
Round 226 | train_loss=0.9859 train_acc=0.6682 test_loss=1.5140 test_acc=0.4510
Round 227 | selected=[91, 84, 13, 41, 72, 3, 64, 8, 99, 26]
Round 227 | train_loss=1.0479 train_acc=0.6360 test_loss=1.5492 test_acc=0.4937
Round 228 | selected=[69, 4, 39, 64, 8, 46, 81, 92, 44, 25]
Round 228 | train_loss=1.0144 train_acc=0.6610 test_loss=1.1785 test_acc=0.5738
Round 229 | selected=[41, 49, 82, 96, 31, 78, 40, 5, 85, 71]
Round 229 | train_loss=1.0220 train_acc=0.6622 test_loss=1.2781 test_acc=0.5079
Round 230 | selected=[45, 50, 38, 24, 51, 92, 96, 0, 78, 65]
Round 230 | train_loss=0.9208 train_acc=0.6864 test_loss=1.1326 test_acc=0.5907
Round 231 | selected=[28, 56, 50, 16, 30, 25, 76, 21, 15, 92]
Round 231 | train_loss=0.9624 train_acc=0.6766 test_loss=1.2447 test_acc=0.5378
Round 232 | selected=[6, 99, 28, 25, 16, 48, 75, 54, 1, 49]
Round 232 | train_loss=1.0521 train_acc=0.6506 test_loss=1.2429 test_acc=0.5368
Round 233 | selected=[55, 46, 15, 29, 11, 31, 47, 68, 23, 43]
Round 233 | train_loss=0.9825 train_acc=0.6722 test_loss=1.2996 test_acc=0.5221
Round 234 | selected=[8, 43, 95, 70, 92, 11, 57, 85, 86, 65]
Round 234 | train_loss=1.0101 train_acc=0.6612 test_loss=1.3769 test_acc=0.5037
Round 235 | selected=[84, 6, 46, 51, 17, 69, 81, 60, 28, 24]
Round 235 | train_loss=1.0262 train_acc=0.6600 test_loss=1.3206 test_acc=0.5079
Round 236 | selected=[38, 8, 71, 73, 47, 85, 84, 88, 13, 83]
Round 236 | train_loss=1.0064 train_acc=0.6620 test_loss=1.2884 test_acc=0.5252
Round 237 | selected=[42, 26, 63, 18, 68, 33, 19, 50, 37, 23]
Round 237 | train_loss=0.9576 train_acc=0.6842 test_loss=1.2515 test_acc=0.5234
Round 238 | selected=[25, 55, 29, 1, 27, 70, 35, 93, 51, 12]
Round 238 | train_loss=0.8486 train_acc=0.7236 test_loss=1.4662 test_acc=0.5272
Round 239 | selected=[8, 90, 74, 1, 2, 12, 43, 49, 96, 55]
Round 239 | train_loss=1.0855 train_acc=0.6406 test_loss=1.2797 test_acc=0.5283
Round 240 | selected=[81, 95, 56, 41, 86, 85, 51, 71, 4, 57]
Round 240 | train_loss=0.9612 train_acc=0.6804 test_loss=1.3139 test_acc=0.5109
Round 241 | selected=[38, 1, 32, 30, 97, 85, 20, 17, 44, 68]
Round 241 | train_loss=1.0109 train_acc=0.6498 test_loss=1.2557 test_acc=0.5319
Round 242 | selected=[17, 56, 60, 30, 15, 67, 21, 26, 59, 90]
Round 242 | train_loss=0.9507 train_acc=0.6768 test_loss=1.2485 test_acc=0.5232
Round 243 | selected=[48, 46, 67, 72, 20, 29, 91, 86, 89, 23]
Round 243 | train_loss=0.9460 train_acc=0.6792 test_loss=1.2746 test_acc=0.5337
Round 244 | selected=[38, 94, 93, 54, 79, 98, 0, 83, 7, 58]
Round 244 | train_loss=0.9635 train_acc=0.6864 test_loss=1.4892 test_acc=0.4446
Round 245 | selected=[86, 3, 2, 92, 80, 40, 45, 57, 75, 6]
Round 245 | train_loss=1.0833 train_acc=0.6336 test_loss=1.3820 test_acc=0.5062
Round 246 | selected=[39, 15, 47, 56, 18, 31, 79, 12, 53, 37]
Round 246 | train_loss=0.9841 train_acc=0.6756 test_loss=1.2823 test_acc=0.5394
Round 247 | selected=[69, 34, 62, 99, 53, 75, 51, 16, 31, 6]
Round 247 | train_loss=1.0394 train_acc=0.6566 test_loss=1.4059 test_acc=0.4747
Round 248 | selected=[77, 8, 78, 87, 28, 54, 7, 65, 2, 5]
Round 248 | train_loss=1.0178 train_acc=0.6562 test_loss=1.3150 test_acc=0.5168
Round 249 | selected=[38, 14, 44, 94, 84, 56, 47, 2, 80, 83]
Round 249 | train_loss=0.9621 train_acc=0.6698 test_loss=1.1807 test_acc=0.5547
Round 250 | selected=[35, 62, 34, 5, 51, 70, 26, 24, 77, 39]
Round 250 | train_loss=0.9940 train_acc=0.6670 test_loss=1.1276 test_acc=0.5921
Round 251 | selected=[55, 81, 20, 57, 44, 74, 13, 3, 97, 69]
Round 251 | train_loss=0.9143 train_acc=0.6964 test_loss=1.1451 test_acc=0.5837
Round 252 | selected=[96, 10, 16, 27, 25, 74, 70, 93, 32, 4]
Round 252 | train_loss=0.8732 train_acc=0.7104 test_loss=1.1812 test_acc=0.5539
Round 253 | selected=[24, 27, 38, 18, 12, 54, 97, 49, 92, 93]
Round 253 | train_loss=0.8746 train_acc=0.7084 test_loss=1.1400 test_acc=0.5771
Round 254 | selected=[74, 81, 35, 53, 50, 29, 87, 73, 23, 19]
Round 254 | train_loss=0.9075 train_acc=0.6926 test_loss=1.2705 test_acc=0.5415
Round 255 | selected=[85, 52, 45, 10, 96, 33, 23, 37, 17, 49]
Round 255 | train_loss=0.9892 train_acc=0.6804 test_loss=1.2641 test_acc=0.5490
Round 256 | selected=[6, 5, 9, 14, 69, 85, 77, 89, 10, 70]
Round 256 | train_loss=0.8676 train_acc=0.7106 test_loss=1.2636 test_acc=0.5132
Round 257 | selected=[5, 80, 43, 58, 18, 87, 93, 30, 66, 53]
Round 257 | train_loss=0.9100 train_acc=0.6922 test_loss=1.2580 test_acc=0.5229
Round 258 | selected=[5, 56, 0, 18, 46, 82, 32, 64, 51, 14]
Round 258 | train_loss=0.9373 train_acc=0.6886 test_loss=1.2499 test_acc=0.5130
Round 259 | selected=[93, 17, 27, 60, 66, 61, 53, 77, 75, 56]
Round 259 | train_loss=0.9107 train_acc=0.6888 test_loss=1.2419 test_acc=0.5345
Round 260 | selected=[51, 38, 79, 1, 8, 31, 63, 57, 21, 17]
Round 260 | train_loss=0.9498 train_acc=0.6826 test_loss=1.5491 test_acc=0.4536
Round 261 | selected=[36, 69, 50, 3, 26, 77, 41, 35, 66, 81]
Round 261 | train_loss=1.1167 train_acc=0.6350 test_loss=1.5294 test_acc=0.4606
Round 262 | selected=[46, 85, 35, 3, 10, 22, 90, 92, 97, 33]
Round 262 | train_loss=0.9709 train_acc=0.6704 test_loss=1.5494 test_acc=0.4780
Round 263 | selected=[18, 55, 84, 17, 83, 95, 90, 38, 4, 92]
Round 263 | train_loss=1.0256 train_acc=0.6590 test_loss=1.5168 test_acc=0.4556
Round 264 | selected=[49, 3, 62, 18, 75, 74, 60, 46, 66, 94]
Round 264 | train_loss=1.0047 train_acc=0.6540 test_loss=1.2803 test_acc=0.5245
Round 265 | selected=[60, 11, 86, 41, 83, 66, 48, 44, 5, 72]
Round 265 | train_loss=0.9722 train_acc=0.6744 test_loss=1.2832 test_acc=0.5294
Round 266 | selected=[80, 84, 94, 20, 55, 39, 51, 33, 15, 93]
Round 266 | train_loss=1.0003 train_acc=0.6702 test_loss=1.3161 test_acc=0.5027
Round 267 | selected=[88, 63, 83, 77, 97, 61, 4, 24, 52, 60]
Round 267 | train_loss=0.9938 train_acc=0.6578 test_loss=1.3496 test_acc=0.5039
Round 268 | selected=[49, 50, 31, 30, 71, 13, 77, 35, 0, 1]
Round 268 | train_loss=0.9904 train_acc=0.6662 test_loss=1.2498 test_acc=0.5238
Round 269 | selected=[99, 16, 28, 89, 30, 90, 54, 4, 58, 41]
Round 269 | train_loss=1.0148 train_acc=0.6676 test_loss=1.4163 test_acc=0.4745
Round 270 | selected=[81, 85, 22, 2, 91, 24, 63, 3, 95, 44]
Round 270 | train_loss=1.0914 train_acc=0.6284 test_loss=1.2127 test_acc=0.5432
Round 271 | selected=[68, 7, 44, 36, 64, 96, 99, 9, 29, 3]
Round 271 | train_loss=1.0085 train_acc=0.6600 test_loss=1.2582 test_acc=0.5421
Round 272 | selected=[66, 12, 83, 91, 14, 76, 57, 49, 24, 13]
Round 272 | train_loss=1.0024 train_acc=0.6684 test_loss=1.3011 test_acc=0.5255
Round 273 | selected=[45, 55, 0, 16, 82, 98, 95, 19, 41, 32]
Round 273 | train_loss=0.9620 train_acc=0.6774 test_loss=1.5941 test_acc=0.4289
Round 274 | selected=[8, 11, 75, 40, 86, 27, 68, 36, 47, 93]
Round 274 | train_loss=1.0958 train_acc=0.6454 test_loss=1.5356 test_acc=0.4858
Round 275 | selected=[23, 79, 44, 2, 9, 69, 45, 64, 13, 60]
Round 275 | train_loss=0.9779 train_acc=0.6810 test_loss=1.3673 test_acc=0.4807
Round 276 | selected=[44, 25, 71, 8, 28, 37, 29, 47, 12, 19]
Round 276 | train_loss=0.9223 train_acc=0.6830 test_loss=1.3551 test_acc=0.5069
Round 277 | selected=[14, 95, 41, 70, 21, 85, 54, 31, 56, 87]
Round 277 | train_loss=0.9569 train_acc=0.6766 test_loss=1.2636 test_acc=0.5555
Round 278 | selected=[51, 42, 82, 45, 50, 24, 18, 76, 67, 59]
Round 278 | train_loss=1.0274 train_acc=0.6506 test_loss=1.6478 test_acc=0.4247
Round 279 | selected=[69, 27, 92, 98, 88, 75, 82, 28, 25, 54]
Round 279 | train_loss=1.1926 train_acc=0.6132 test_loss=1.4308 test_acc=0.4760
Round 280 | selected=[44, 37, 77, 90, 72, 6, 39, 22, 16, 91]
Round 280 | train_loss=1.0659 train_acc=0.6404 test_loss=1.2289 test_acc=0.5586
Round 281 | selected=[49, 86, 77, 64, 28, 18, 54, 37, 24, 95]
Round 281 | train_loss=1.0294 train_acc=0.6420 test_loss=1.1991 test_acc=0.5419
Round 282 | selected=[38, 27, 30, 48, 53, 46, 42, 94, 57, 95]
Round 282 | train_loss=0.8968 train_acc=0.6890 test_loss=1.1647 test_acc=0.5559
Round 283 | selected=[55, 6, 75, 15, 31, 8, 81, 58, 60, 26]
Round 283 | train_loss=0.9230 train_acc=0.6890 test_loss=1.1164 test_acc=0.5902
Round 284 | selected=[47, 37, 5, 15, 86, 23, 44, 36, 90, 99]
Round 284 | train_loss=0.9210 train_acc=0.6806 test_loss=1.1134 test_acc=0.5869
Round 285 | selected=[36, 66, 81, 65, 87, 85, 2, 80, 38, 52]
Round 285 | train_loss=0.8805 train_acc=0.7078 test_loss=1.1867 test_acc=0.5541
Round 286 | selected=[30, 24, 52, 94, 61, 76, 20, 32, 7, 15]
Round 286 | train_loss=1.0033 train_acc=0.6596 test_loss=1.2983 test_acc=0.5444
Round 287 | selected=[40, 98, 97, 91, 47, 50, 80, 53, 1, 37]
Round 287 | train_loss=0.9222 train_acc=0.6894 test_loss=1.1565 test_acc=0.5818
Round 288 | selected=[88, 86, 15, 0, 49, 70, 71, 37, 28, 12]
Round 288 | train_loss=0.9051 train_acc=0.6888 test_loss=1.3088 test_acc=0.5314
Round 289 | selected=[5, 72, 67, 97, 99, 9, 16, 24, 56, 49]
Round 289 | train_loss=0.9510 train_acc=0.6764 test_loss=1.0483 test_acc=0.6196
Round 290 | selected=[48, 94, 16, 17, 3, 97, 72, 73, 71, 19]
Round 290 | train_loss=0.8625 train_acc=0.7018 test_loss=1.1024 test_acc=0.6032
Round 291 | selected=[73, 56, 52, 84, 36, 81, 66, 50, 67, 48]
Round 291 | train_loss=0.8968 train_acc=0.7122 test_loss=1.1660 test_acc=0.5652
Round 292 | selected=[8, 65, 6, 47, 5, 42, 83, 54, 87, 81]
Round 292 | train_loss=0.9422 train_acc=0.6882 test_loss=1.3614 test_acc=0.4851
Round 293 | selected=[56, 50, 10, 25, 53, 62, 19, 33, 69, 95]
Round 293 | train_loss=1.0299 train_acc=0.6596 test_loss=1.6365 test_acc=0.4640
Round 294 | selected=[53, 20, 28, 31, 66, 22, 69, 71, 65, 57]
Round 294 | train_loss=0.9614 train_acc=0.6872 test_loss=1.3348 test_acc=0.5356
Round 295 | selected=[79, 61, 90, 20, 7, 75, 35, 84, 51, 55]
Round 295 | train_loss=0.8870 train_acc=0.7102 test_loss=1.2775 test_acc=0.5309
Round 296 | selected=[55, 32, 57, 11, 26, 5, 23, 41, 99, 62]
Round 296 | train_loss=1.0077 train_acc=0.6756 test_loss=1.4669 test_acc=0.4839
Round 297 | selected=[28, 63, 51, 46, 42, 18, 3, 38, 2, 54]
Round 297 | train_loss=0.8642 train_acc=0.7084 test_loss=1.3041 test_acc=0.5159
Round 298 | selected=[91, 82, 61, 95, 73, 99, 93, 56, 5, 90]
Round 298 | train_loss=0.9269 train_acc=0.6972 test_loss=1.0410 test_acc=0.6279
Round 299 | selected=[19, 34, 78, 50, 73, 67, 41, 43, 79, 64]
Round 299 | train_loss=0.8840 train_acc=0.7014 test_loss=1.3771 test_acc=0.5013
Round 300 | selected=[20, 23, 40, 51, 37, 71, 41, 35, 74, 72]
Round 300 | train_loss=0.9504 train_acc=0.6892 test_loss=1.4923 test_acc=0.4743
Round 301 | selected=[34, 31, 39, 56, 75, 78, 29, 40, 53, 25]
Round 301 | train_loss=0.9852 train_acc=0.6770 test_loss=1.3010 test_acc=0.5199
Round 302 | selected=[99, 90, 10, 30, 64, 38, 20, 41, 51, 49]
Round 302 | train_loss=0.9880 train_acc=0.6772 test_loss=1.1359 test_acc=0.5964
Round 303 | selected=[69, 58, 84, 43, 1, 20, 42, 97, 3, 24]
Round 303 | train_loss=0.8871 train_acc=0.6900 test_loss=1.1168 test_acc=0.5781
Round 304 | selected=[99, 30, 18, 48, 9, 49, 0, 54, 15, 11]
Round 304 | train_loss=1.0004 train_acc=0.6638 test_loss=1.5550 test_acc=0.4378
Round 305 | selected=[11, 56, 65, 9, 36, 96, 61, 18, 14, 85]
Round 305 | train_loss=0.9437 train_acc=0.6850 test_loss=1.2710 test_acc=0.5426
Round 306 | selected=[39, 30, 18, 11, 37, 57, 92, 42, 52, 79]
Round 306 | train_loss=0.8830 train_acc=0.7012 test_loss=1.3677 test_acc=0.4957
Round 307 | selected=[59, 86, 14, 69, 37, 53, 98, 5, 94, 54]
Round 307 | train_loss=0.9102 train_acc=0.6882 test_loss=1.2029 test_acc=0.5437
Round 308 | selected=[79, 98, 26, 68, 82, 3, 55, 23, 76, 22]
Round 308 | train_loss=0.9516 train_acc=0.6694 test_loss=1.7662 test_acc=0.3914
Round 309 | selected=[23, 50, 38, 33, 59, 45, 55, 68, 62, 35]
Round 309 | train_loss=0.9546 train_acc=0.6748 test_loss=1.2960 test_acc=0.5449
Round 310 | selected=[29, 66, 1, 23, 87, 8, 42, 67, 64, 15]
Round 310 | train_loss=0.8963 train_acc=0.6946 test_loss=1.2739 test_acc=0.5211
Round 311 | selected=[51, 30, 11, 2, 93, 64, 76, 67, 38, 87]
Round 311 | train_loss=0.8854 train_acc=0.6958 test_loss=1.1013 test_acc=0.5933
Round 312 | selected=[64, 24, 31, 47, 97, 50, 14, 1, 18, 68]
Round 312 | train_loss=0.8436 train_acc=0.7168 test_loss=1.0750 test_acc=0.6076
Round 313 | selected=[32, 27, 10, 30, 81, 15, 51, 86, 23, 57]
Round 313 | train_loss=0.9471 train_acc=0.6854 test_loss=1.6161 test_acc=0.4256
Round 314 | selected=[70, 84, 47, 63, 77, 37, 86, 21, 18, 66]
Round 314 | train_loss=1.0024 train_acc=0.6792 test_loss=1.6157 test_acc=0.4897
Round 315 | selected=[5, 65, 17, 48, 23, 6, 70, 95, 55, 54]
Round 315 | train_loss=1.0160 train_acc=0.6736 test_loss=1.1769 test_acc=0.5668
Round 316 | selected=[45, 13, 84, 53, 81, 28, 4, 64, 80, 51]
Round 316 | train_loss=0.8923 train_acc=0.7018 test_loss=1.0245 test_acc=0.6291
Round 317 | selected=[58, 75, 38, 22, 70, 6, 65, 26, 42, 8]
Round 317 | train_loss=0.8619 train_acc=0.7054 test_loss=1.2066 test_acc=0.5431
Round 318 | selected=[27, 42, 50, 85, 98, 44, 66, 80, 70, 76]
Round 318 | train_loss=0.8970 train_acc=0.6872 test_loss=1.2410 test_acc=0.5473
Round 319 | selected=[10, 54, 68, 41, 14, 31, 30, 16, 55, 44]
Round 319 | train_loss=0.8414 train_acc=0.7240 test_loss=1.3771 test_acc=0.4924
Round 320 | selected=[35, 5, 12, 36, 34, 71, 97, 24, 22, 14]
Round 320 | train_loss=0.8811 train_acc=0.7006 test_loss=1.0081 test_acc=0.6386
Round 321 | selected=[81, 73, 63, 74, 43, 97, 86, 34, 38, 21]
Round 321 | train_loss=0.8620 train_acc=0.7130 test_loss=1.0775 test_acc=0.6062
Round 322 | selected=[19, 79, 82, 9, 22, 60, 77, 45, 2, 62]
Round 322 | train_loss=0.9331 train_acc=0.6842 test_loss=1.3406 test_acc=0.5125
Round 323 | selected=[24, 13, 23, 76, 21, 42, 16, 45, 88, 56]
Round 323 | train_loss=0.8106 train_acc=0.7272 test_loss=1.1067 test_acc=0.5906
Round 324 | selected=[41, 1, 53, 6, 29, 50, 80, 93, 66, 97]
Round 324 | train_loss=0.8254 train_acc=0.7236 test_loss=1.0893 test_acc=0.5967
Round 325 | selected=[22, 71, 7, 24, 56, 65, 21, 96, 11, 25]
Round 325 | train_loss=0.8216 train_acc=0.7238 test_loss=1.1971 test_acc=0.5360
Round 326 | selected=[68, 37, 17, 84, 87, 50, 41, 16, 75, 90]
Round 326 | train_loss=0.8805 train_acc=0.6948 test_loss=1.1432 test_acc=0.5770
Round 327 | selected=[15, 91, 57, 19, 24, 35, 93, 16, 21, 29]
Round 327 | train_loss=0.8816 train_acc=0.7032 test_loss=1.3038 test_acc=0.4995
Round 328 | selected=[90, 68, 27, 65, 30, 29, 17, 2, 41, 60]
Round 328 | train_loss=0.9704 train_acc=0.6592 test_loss=1.2651 test_acc=0.5300
Round 329 | selected=[25, 14, 63, 13, 26, 77, 64, 96, 70, 16]
Round 329 | train_loss=0.8316 train_acc=0.7140 test_loss=1.1927 test_acc=0.5587
Round 330 | selected=[93, 25, 99, 59, 66, 17, 23, 71, 50, 12]
Round 330 | train_loss=0.8225 train_acc=0.7352 test_loss=1.1388 test_acc=0.6045
Round 331 | selected=[6, 5, 79, 37, 76, 3, 70, 94, 53, 46]
Round 331 | train_loss=0.7837 train_acc=0.7456 test_loss=1.0972 test_acc=0.5851
Round 332 | selected=[6, 14, 59, 69, 96, 84, 29, 75, 3, 37]
Round 332 | train_loss=0.8088 train_acc=0.7254 test_loss=1.0860 test_acc=0.6035
Round 333 | selected=[17, 77, 6, 31, 91, 36, 5, 82, 44, 4]
Round 333 | train_loss=0.8737 train_acc=0.7042 test_loss=1.0435 test_acc=0.6185
Round 334 | selected=[18, 7, 54, 9, 6, 22, 55, 94, 97, 65]
Round 334 | train_loss=0.8217 train_acc=0.7294 test_loss=1.0458 test_acc=0.6104
Round 335 | selected=[44, 90, 84, 3, 32, 36, 63, 73, 50, 12]
Round 335 | train_loss=0.8818 train_acc=0.7020 test_loss=1.3080 test_acc=0.5448
Round 336 | selected=[16, 2, 7, 44, 95, 92, 5, 14, 75, 71]
Round 336 | train_loss=0.9706 train_acc=0.6826 test_loss=1.2349 test_acc=0.5622
Round 337 | selected=[73, 25, 55, 45, 38, 65, 50, 20, 22, 62]
Round 337 | train_loss=0.8988 train_acc=0.7000 test_loss=1.0775 test_acc=0.6248
Round 338 | selected=[41, 69, 90, 50, 61, 97, 74, 8, 85, 83]
Round 338 | train_loss=0.9426 train_acc=0.6820 test_loss=0.9961 test_acc=0.6437
Round 339 | selected=[99, 56, 84, 65, 64, 14, 15, 92, 74, 90]
Round 339 | train_loss=0.8466 train_acc=0.7086 test_loss=1.0770 test_acc=0.6177
Round 340 | selected=[67, 24, 72, 75, 18, 49, 3, 27, 78, 13]
Round 340 | train_loss=0.8702 train_acc=0.6980 test_loss=0.9961 test_acc=0.6361
Round 341 | selected=[9, 22, 12, 16, 49, 50, 35, 10, 40, 15]
Round 341 | train_loss=0.8368 train_acc=0.7164 test_loss=1.2660 test_acc=0.5552
Round 342 | selected=[29, 68, 98, 88, 13, 89, 83, 53, 77, 60]
Round 342 | train_loss=0.8932 train_acc=0.7066 test_loss=1.6048 test_acc=0.4944
Round 343 | selected=[43, 26, 48, 91, 99, 93, 53, 11, 27, 40]
Round 343 | train_loss=0.8860 train_acc=0.7104 test_loss=1.3040 test_acc=0.5312
Round 344 | selected=[0, 15, 1, 67, 98, 17, 51, 3, 29, 7]
Round 344 | train_loss=0.8985 train_acc=0.6858 test_loss=1.3555 test_acc=0.5301
Round 345 | selected=[30, 92, 87, 31, 17, 13, 58, 89, 64, 96]
Round 345 | train_loss=0.8993 train_acc=0.6926 test_loss=1.2120 test_acc=0.5854
Round 346 | selected=[89, 60, 46, 99, 9, 64, 13, 3, 48, 30]
Round 346 | train_loss=0.8788 train_acc=0.7010 test_loss=0.9692 test_acc=0.6502
Round 347 | selected=[61, 44, 72, 12, 3, 38, 8, 94, 41, 34]
Round 347 | train_loss=0.8364 train_acc=0.7162 test_loss=1.0551 test_acc=0.6093
Round 348 | selected=[47, 93, 88, 13, 68, 12, 2, 46, 45, 81]
Round 348 | train_loss=0.8337 train_acc=0.7256 test_loss=1.1079 test_acc=0.5944
Round 349 | selected=[57, 19, 83, 5, 31, 7, 2, 44, 93, 11]
Round 349 | train_loss=0.8673 train_acc=0.7162 test_loss=1.1992 test_acc=0.5739
Round 350 | selected=[8, 68, 17, 77, 32, 9, 95, 81, 30, 5]
Round 350 | train_loss=0.8931 train_acc=0.6984 test_loss=0.9955 test_acc=0.6422
Round 351 | selected=[96, 86, 49, 81, 22, 8, 77, 38, 57, 18]
Round 351 | train_loss=0.8120 train_acc=0.7292 test_loss=1.1022 test_acc=0.5955
Round 352 | selected=[85, 79, 31, 33, 28, 49, 90, 32, 17, 54]
Round 352 | train_loss=0.8895 train_acc=0.7012 test_loss=1.1159 test_acc=0.5900
Round 353 | selected=[46, 41, 78, 76, 13, 87, 63, 57, 77, 93]
Round 353 | train_loss=0.8542 train_acc=0.7232 test_loss=1.3326 test_acc=0.5158
Round 354 | selected=[46, 28, 33, 91, 29, 47, 56, 54, 18, 96]
Round 354 | train_loss=0.8351 train_acc=0.7210 test_loss=1.2065 test_acc=0.5775
Round 355 | selected=[56, 32, 31, 68, 65, 78, 64, 11, 54, 29]
Round 355 | train_loss=0.8200 train_acc=0.7258 test_loss=1.0505 test_acc=0.6017
Round 356 | selected=[41, 59, 98, 1, 77, 69, 15, 34, 48, 65]
Round 356 | train_loss=0.8379 train_acc=0.7132 test_loss=1.0318 test_acc=0.6209
Round 357 | selected=[67, 61, 19, 54, 84, 43, 52, 49, 95, 99]
Round 357 | train_loss=0.8081 train_acc=0.7322 test_loss=1.1699 test_acc=0.5924
Round 358 | selected=[22, 91, 61, 23, 90, 2, 84, 85, 71, 63]
Round 358 | train_loss=0.8805 train_acc=0.7102 test_loss=1.0140 test_acc=0.6294
Round 359 | selected=[49, 4, 48, 80, 86, 87, 76, 40, 81, 47]
Round 359 | train_loss=0.8372 train_acc=0.7168 test_loss=1.0996 test_acc=0.5971
Round 360 | selected=[61, 91, 51, 5, 29, 46, 59, 48, 50, 12]
Round 360 | train_loss=0.8055 train_acc=0.7284 test_loss=1.1029 test_acc=0.5981
Round 361 | selected=[79, 10, 15, 46, 34, 39, 25, 63, 94, 32]
Round 361 | train_loss=0.8293 train_acc=0.7240 test_loss=1.0555 test_acc=0.6060
Round 362 | selected=[43, 99, 16, 86, 52, 24, 95, 94, 66, 74]
Round 362 | train_loss=0.8226 train_acc=0.7238 test_loss=0.9703 test_acc=0.6542
Round 363 | selected=[87, 18, 72, 4, 24, 54, 29, 36, 3, 91]
Round 363 | train_loss=0.7932 train_acc=0.7342 test_loss=0.9860 test_acc=0.6366
Round 364 | selected=[76, 78, 99, 3, 0, 54, 65, 62, 86, 29]
Round 364 | train_loss=0.8255 train_acc=0.7238 test_loss=0.9956 test_acc=0.6433
Round 365 | selected=[34, 24, 1, 45, 0, 2, 77, 43, 7, 74]
Round 365 | train_loss=0.8722 train_acc=0.7108 test_loss=1.1585 test_acc=0.5603
Round 366 | selected=[27, 98, 42, 44, 79, 49, 28, 74, 91, 78]
Round 366 | train_loss=0.9069 train_acc=0.6888 test_loss=0.9660 test_acc=0.6503
Round 367 | selected=[83, 27, 16, 70, 54, 96, 87, 33, 43, 39]
Round 367 | train_loss=0.7620 train_acc=0.7500 test_loss=1.1846 test_acc=0.5506
Round 368 | selected=[59, 69, 19, 99, 28, 97, 74, 48, 58, 61]
Round 368 | train_loss=0.8901 train_acc=0.6928 test_loss=1.0759 test_acc=0.6097
Round 369 | selected=[65, 40, 69, 32, 89, 83, 21, 71, 37, 41]
Round 369 | train_loss=0.7871 train_acc=0.7442 test_loss=0.9168 test_acc=0.6774
Round 370 | selected=[66, 46, 76, 40, 68, 45, 51, 27, 58, 99]
Round 370 | train_loss=0.7384 train_acc=0.7636 test_loss=1.0166 test_acc=0.6348
Round 371 | selected=[53, 57, 69, 85, 81, 76, 6, 98, 80, 16]
Round 371 | train_loss=0.7394 train_acc=0.7536 test_loss=1.0304 test_acc=0.6139
Round 372 | selected=[63, 40, 82, 91, 89, 37, 14, 46, 96, 10]
Round 372 | train_loss=0.7652 train_acc=0.7486 test_loss=1.1850 test_acc=0.5592
Round 373 | selected=[64, 57, 74, 21, 58, 94, 69, 80, 15, 27]
Round 373 | train_loss=0.8871 train_acc=0.6874 test_loss=1.2657 test_acc=0.5538
Round 374 | selected=[16, 44, 20, 98, 95, 40, 61, 46, 30, 12]
Round 374 | train_loss=0.8350 train_acc=0.7320 test_loss=1.1674 test_acc=0.5985
Round 375 | selected=[3, 13, 47, 26, 53, 91, 48, 27, 92, 76]
Round 375 | train_loss=0.8251 train_acc=0.7288 test_loss=1.0919 test_acc=0.6186
Round 376 | selected=[85, 1, 17, 27, 82, 77, 81, 78, 30, 92]
Round 376 | train_loss=0.8367 train_acc=0.7262 test_loss=0.9938 test_acc=0.6443
Round 377 | selected=[41, 28, 13, 99, 58, 21, 37, 30, 82, 26]
Round 377 | train_loss=0.7338 train_acc=0.7590 test_loss=1.1022 test_acc=0.6034
Round 378 | selected=[72, 37, 97, 88, 79, 68, 38, 99, 57, 55]
Round 378 | train_loss=0.7049 train_acc=0.7658 test_loss=0.9566 test_acc=0.6555
Round 379 | selected=[75, 21, 47, 5, 44, 30, 25, 99, 4, 8]
Round 379 | train_loss=0.8279 train_acc=0.7246 test_loss=1.3976 test_acc=0.5176
Round 380 | selected=[94, 12, 92, 77, 0, 21, 43, 24, 47, 26]
Round 380 | train_loss=0.8291 train_acc=0.7218 test_loss=1.0533 test_acc=0.6098
Round 381 | selected=[60, 99, 49, 87, 32, 90, 37, 30, 1, 59]
Round 381 | train_loss=0.8148 train_acc=0.7358 test_loss=0.9174 test_acc=0.6699
Round 382 | selected=[87, 14, 82, 57, 46, 40, 69, 26, 23, 43]
Round 382 | train_loss=0.7090 train_acc=0.7706 test_loss=0.9230 test_acc=0.6580
Round 383 | selected=[17, 58, 76, 50, 41, 10, 13, 18, 92, 71]
Round 383 | train_loss=0.7034 train_acc=0.7702 test_loss=0.9427 test_acc=0.6606
Round 384 | selected=[80, 49, 11, 68, 65, 2, 26, 73, 60, 46]
Round 384 | train_loss=0.7935 train_acc=0.7368 test_loss=0.9201 test_acc=0.6695
Round 385 | selected=[80, 90, 72, 20, 24, 30, 40, 91, 22, 28]
Round 385 | train_loss=0.8029 train_acc=0.7280 test_loss=1.0331 test_acc=0.6313
Round 386 | selected=[20, 37, 50, 5, 89, 62, 47, 21, 81, 98]
Round 386 | train_loss=0.8977 train_acc=0.7108 test_loss=1.1777 test_acc=0.5690
Round 387 | selected=[11, 61, 85, 10, 35, 55, 83, 30, 90, 97]
Round 387 | train_loss=0.8348 train_acc=0.7284 test_loss=1.2967 test_acc=0.5470
Round 388 | selected=[0, 6, 5, 26, 29, 53, 84, 28, 73, 85]
Round 388 | train_loss=0.8104 train_acc=0.7322 test_loss=1.1097 test_acc=0.5999
Round 389 | selected=[89, 32, 67, 33, 3, 37, 54, 57, 59, 34]
Round 389 | train_loss=0.8511 train_acc=0.7122 test_loss=1.1503 test_acc=0.5963
Round 390 | selected=[46, 74, 3, 2, 4, 55, 27, 26, 38, 42]
Round 390 | train_loss=0.7776 train_acc=0.7294 test_loss=1.1345 test_acc=0.5889
Round 391 | selected=[7, 87, 31, 61, 22, 79, 64, 14, 73, 43]
Round 391 | train_loss=0.8112 train_acc=0.7242 test_loss=1.3411 test_acc=0.5093
Round 392 | selected=[98, 92, 77, 58, 79, 96, 35, 39, 82, 69]
Round 392 | train_loss=0.8568 train_acc=0.7238 test_loss=1.0589 test_acc=0.6210
Round 393 | selected=[65, 72, 93, 92, 24, 70, 55, 81, 58, 75]
Round 393 | train_loss=0.7459 train_acc=0.7508 test_loss=1.1620 test_acc=0.5942
Round 394 | selected=[24, 21, 71, 52, 15, 83, 92, 68, 95, 46]
Round 394 | train_loss=0.7781 train_acc=0.7306 test_loss=1.0631 test_acc=0.6069
Round 395 | selected=[87, 8, 19, 85, 73, 68, 46, 10, 1, 24]
Round 395 | train_loss=0.7896 train_acc=0.7342 test_loss=1.1242 test_acc=0.5920
Round 396 | selected=[28, 44, 33, 59, 35, 25, 14, 47, 41, 69]
Round 396 | train_loss=0.7775 train_acc=0.7348 test_loss=1.0258 test_acc=0.6400
Round 397 | selected=[5, 36, 41, 51, 82, 77, 76, 8, 23, 29]
Round 397 | train_loss=0.7507 train_acc=0.7512 test_loss=1.0479 test_acc=0.6188
Round 398 | selected=[63, 76, 36, 62, 49, 77, 48, 87, 45, 34]
Round 398 | train_loss=0.8664 train_acc=0.7118 test_loss=0.9389 test_acc=0.6565
Round 399 | selected=[51, 34, 87, 26, 92, 21, 44, 39, 68, 76]
Round 399 | train_loss=0.7283 train_acc=0.7618 test_loss=1.2305 test_acc=0.5501
Round 400 | selected=[9, 30, 20, 63, 11, 55, 0, 79, 2, 14]
Round 400 | train_loss=0.8122 train_acc=0.7334 test_loss=1.1449 test_acc=0.5951
Round 401 | selected=[27, 2, 29, 25, 17, 49, 7, 19, 1, 11]
Round 401 | train_loss=0.7955 train_acc=0.7466 test_loss=1.2132 test_acc=0.5566
Round 402 | selected=[84, 21, 71, 86, 72, 6, 54, 79, 52, 13]
Round 402 | train_loss=0.7342 train_acc=0.7570 test_loss=1.0212 test_acc=0.6331
Round 403 | selected=[52, 39, 55, 72, 3, 77, 93, 58, 10, 60]
Round 403 | train_loss=0.7998 train_acc=0.7376 test_loss=1.2096 test_acc=0.5558
Round 404 | selected=[58, 60, 56, 40, 57, 76, 85, 98, 92, 45]
Round 404 | train_loss=0.7898 train_acc=0.7344 test_loss=0.9235 test_acc=0.6688
Round 405 | selected=[62, 26, 33, 73, 40, 50, 83, 99, 65, 69]
Round 405 | train_loss=0.7049 train_acc=0.7660 test_loss=1.0045 test_acc=0.6292
Round 406 | selected=[50, 21, 26, 64, 47, 41, 27, 93, 49, 6]
Round 406 | train_loss=0.7677 train_acc=0.7422 test_loss=1.0950 test_acc=0.6023
Round 407 | selected=[7, 66, 46, 2, 41, 40, 62, 13, 1, 80]
Round 407 | train_loss=0.8154 train_acc=0.7318 test_loss=0.9547 test_acc=0.6587
Round 408 | selected=[58, 45, 36, 15, 84, 13, 64, 51, 0, 23]
Round 408 | train_loss=0.8183 train_acc=0.7154 test_loss=1.0094 test_acc=0.6267
Round 409 | selected=[41, 18, 79, 0, 14, 71, 13, 89, 35, 1]
Round 409 | train_loss=0.7646 train_acc=0.7550 test_loss=1.1642 test_acc=0.6143
Round 410 | selected=[3, 51, 80, 91, 25, 90, 8, 79, 41, 53]
Round 410 | train_loss=0.7861 train_acc=0.7394 test_loss=1.1820 test_acc=0.5872
Round 411 | selected=[69, 84, 54, 86, 29, 19, 13, 38, 57, 3]
Round 411 | train_loss=0.6595 train_acc=0.7848 test_loss=1.0205 test_acc=0.6312
Round 412 | selected=[69, 44, 85, 9, 51, 62, 34, 77, 46, 54]
Round 412 | train_loss=0.7554 train_acc=0.7472 test_loss=0.9663 test_acc=0.6441
Round 413 | selected=[16, 66, 89, 50, 38, 49, 36, 98, 28, 53]
Round 413 | train_loss=0.7460 train_acc=0.7578 test_loss=0.9304 test_acc=0.6667
Round 414 | selected=[52, 9, 82, 19, 23, 29, 53, 73, 83, 6]
Round 414 | train_loss=0.7551 train_acc=0.7498 test_loss=0.9405 test_acc=0.6537
Round 415 | selected=[25, 3, 28, 46, 33, 56, 63, 43, 64, 6]
Round 415 | train_loss=0.7130 train_acc=0.7574 test_loss=1.3099 test_acc=0.5791
Round 416 | selected=[16, 56, 78, 85, 74, 29, 20, 98, 31, 17]
Round 416 | train_loss=0.8068 train_acc=0.7314 test_loss=1.1109 test_acc=0.5902
Round 417 | selected=[69, 67, 58, 10, 98, 4, 57, 6, 19, 86]
Round 417 | train_loss=0.6944 train_acc=0.7730 test_loss=1.2383 test_acc=0.5695
Round 418 | selected=[93, 8, 33, 42, 11, 64, 32, 91, 89, 26]
Round 418 | train_loss=0.8408 train_acc=0.7228 test_loss=1.0640 test_acc=0.6152
Round 419 | selected=[7, 56, 13, 49, 92, 68, 61, 18, 52, 20]
Round 419 | train_loss=0.7720 train_acc=0.7360 test_loss=1.0568 test_acc=0.6437
Round 420 | selected=[55, 20, 0, 36, 22, 41, 21, 54, 4, 7]
Round 420 | train_loss=0.7754 train_acc=0.7442 test_loss=1.0997 test_acc=0.5852
Round 421 | selected=[39, 81, 90, 68, 23, 31, 0, 7, 80, 50]
Round 421 | train_loss=0.7917 train_acc=0.7402 test_loss=0.9134 test_acc=0.6715
Round 422 | selected=[23, 33, 40, 82, 25, 66, 16, 59, 30, 90]
Round 422 | train_loss=0.6497 train_acc=0.7876 test_loss=1.0021 test_acc=0.6316
Round 423 | selected=[22, 91, 4, 54, 56, 18, 24, 26, 16, 94]
Round 423 | train_loss=0.7312 train_acc=0.7544 test_loss=1.0311 test_acc=0.6178
Round 424 | selected=[7, 40, 84, 21, 67, 94, 29, 31, 18, 42]
Round 424 | train_loss=0.6887 train_acc=0.7750 test_loss=1.1210 test_acc=0.6044
Round 425 | selected=[85, 76, 49, 64, 44, 34, 54, 17, 37, 60]
Round 425 | train_loss=0.7611 train_acc=0.7484 test_loss=0.9327 test_acc=0.6549
Round 426 | selected=[78, 77, 3, 69, 74, 35, 85, 50, 42, 48]
Round 426 | train_loss=0.8616 train_acc=0.7022 test_loss=1.1054 test_acc=0.6228
Round 427 | selected=[68, 31, 92, 66, 17, 42, 93, 34, 7, 24]
Round 427 | train_loss=0.7969 train_acc=0.7374 test_loss=0.9699 test_acc=0.6502
Round 428 | selected=[88, 37, 40, 26, 74, 95, 11, 28, 77, 47]
Round 428 | train_loss=0.7686 train_acc=0.7408 test_loss=0.9878 test_acc=0.6368
Round 429 | selected=[85, 25, 65, 17, 59, 76, 68, 39, 87, 77]
Round 429 | train_loss=0.6934 train_acc=0.7610 test_loss=0.9113 test_acc=0.6751
Round 430 | selected=[5, 15, 44, 40, 37, 54, 91, 60, 16, 93]
Round 430 | train_loss=0.7412 train_acc=0.7532 test_loss=1.0661 test_acc=0.6102
Round 431 | selected=[14, 27, 66, 84, 17, 50, 7, 59, 80, 2]
Round 431 | train_loss=0.8139 train_acc=0.7248 test_loss=1.0012 test_acc=0.6737
Round 432 | selected=[14, 19, 18, 60, 32, 67, 56, 30, 20, 51]
Round 432 | train_loss=0.8656 train_acc=0.7240 test_loss=1.2793 test_acc=0.5494
Round 433 | selected=[28, 83, 4, 68, 58, 8, 71, 62, 99, 91]
Round 433 | train_loss=0.9328 train_acc=0.6874 test_loss=1.3675 test_acc=0.5465
Round 434 | selected=[45, 57, 31, 34, 71, 83, 85, 96, 25, 29]
Round 434 | train_loss=0.8501 train_acc=0.7148 test_loss=1.0040 test_acc=0.6430
Round 435 | selected=[39, 36, 35, 79, 47, 93, 3, 58, 50, 14]
Round 435 | train_loss=0.6911 train_acc=0.7700 test_loss=0.9365 test_acc=0.6651
Round 436 | selected=[47, 12, 38, 7, 93, 48, 13, 33, 1, 49]
Round 436 | train_loss=0.6824 train_acc=0.7784 test_loss=0.9817 test_acc=0.6453
Round 437 | selected=[3, 48, 45, 25, 4, 99, 36, 5, 41, 72]
Round 437 | train_loss=0.8575 train_acc=0.7114 test_loss=1.2573 test_acc=0.5581
Round 438 | selected=[44, 68, 56, 5, 30, 40, 45, 0, 48, 41]
Round 438 | train_loss=0.7795 train_acc=0.7424 test_loss=0.9837 test_acc=0.6472
Round 439 | selected=[3, 80, 25, 30, 38, 15, 48, 24, 58, 62]
Round 439 | train_loss=0.7764 train_acc=0.7322 test_loss=0.9082 test_acc=0.6744
Round 440 | selected=[87, 18, 96, 65, 69, 12, 78, 94, 28, 24]
Round 440 | train_loss=0.7011 train_acc=0.7614 test_loss=0.8748 test_acc=0.6885
Round 441 | selected=[71, 66, 11, 83, 33, 48, 16, 67, 47, 91]
Round 441 | train_loss=0.7056 train_acc=0.7718 test_loss=1.1843 test_acc=0.5820
Round 442 | selected=[21, 59, 90, 38, 95, 44, 53, 68, 82, 7]
Round 442 | train_loss=0.8024 train_acc=0.7390 test_loss=1.2903 test_acc=0.5741
Round 443 | selected=[19, 98, 6, 63, 61, 9, 77, 10, 82, 81]
Round 443 | train_loss=0.8191 train_acc=0.7258 test_loss=1.2589 test_acc=0.5705
Round 444 | selected=[71, 6, 44, 18, 34, 26, 40, 66, 22, 68]
Round 444 | train_loss=0.6930 train_acc=0.7776 test_loss=1.0031 test_acc=0.6456
Round 445 | selected=[17, 95, 1, 23, 33, 64, 73, 29, 89, 44]
Round 445 | train_loss=0.6989 train_acc=0.7610 test_loss=0.9018 test_acc=0.6709
Round 446 | selected=[46, 3, 88, 71, 51, 16, 24, 94, 38, 67]
Round 446 | train_loss=0.7061 train_acc=0.7588 test_loss=1.1429 test_acc=0.6130
Round 447 | selected=[97, 42, 73, 82, 62, 61, 76, 50, 59, 79]
Round 447 | train_loss=0.7894 train_acc=0.7364 test_loss=0.9833 test_acc=0.6469
Round 448 | selected=[26, 18, 1, 57, 77, 96, 91, 33, 99, 28]
Round 448 | train_loss=0.6830 train_acc=0.7684 test_loss=0.9272 test_acc=0.6771
Round 449 | selected=[76, 89, 52, 91, 47, 57, 2, 43, 95, 27]
Round 449 | train_loss=0.7419 train_acc=0.7528 test_loss=0.9149 test_acc=0.6663
Round 450 | selected=[29, 39, 76, 53, 2, 74, 46, 93, 77, 50]
Round 450 | train_loss=0.6792 train_acc=0.7714 test_loss=0.9473 test_acc=0.6608
Round 451 | selected=[3, 86, 82, 89, 38, 58, 47, 28, 79, 70]
Round 451 | train_loss=0.7036 train_acc=0.7720 test_loss=1.0093 test_acc=0.6395
Round 452 | selected=[84, 90, 14, 86, 95, 56, 98, 81, 85, 20]
Round 452 | train_loss=0.6804 train_acc=0.7766 test_loss=0.8968 test_acc=0.6819
Round 453 | selected=[42, 19, 53, 47, 57, 74, 37, 98, 16, 38]
Round 453 | train_loss=0.7001 train_acc=0.7634 test_loss=1.1940 test_acc=0.5806
Round 454 | selected=[66, 1, 53, 17, 11, 19, 34, 37, 31, 77]
Round 454 | train_loss=0.7581 train_acc=0.7546 test_loss=0.9375 test_acc=0.6732
Round 455 | selected=[80, 78, 75, 59, 42, 0, 26, 43, 91, 71]
Round 455 | train_loss=0.7855 train_acc=0.7400 test_loss=0.9949 test_acc=0.6372
Round 456 | selected=[98, 5, 1, 56, 19, 85, 62, 53, 76, 31]
Round 456 | train_loss=0.6898 train_acc=0.7654 test_loss=0.8997 test_acc=0.6639
Round 457 | selected=[6, 81, 25, 80, 2, 97, 44, 65, 29, 1]
Round 457 | train_loss=0.7341 train_acc=0.7532 test_loss=0.9673 test_acc=0.6449
Round 458 | selected=[94, 11, 62, 70, 52, 7, 51, 99, 22, 33]
Round 458 | train_loss=0.8115 train_acc=0.7374 test_loss=0.9404 test_acc=0.6782
Round 459 | selected=[90, 6, 61, 4, 47, 87, 64, 55, 69, 23]
Round 459 | train_loss=0.6858 train_acc=0.7722 test_loss=0.9376 test_acc=0.6642
Round 460 | selected=[59, 94, 62, 22, 50, 97, 85, 73, 87, 69]
Round 460 | train_loss=0.7079 train_acc=0.7562 test_loss=0.8384 test_acc=0.6989
Round 461 | selected=[93, 8, 16, 59, 3, 38, 49, 11, 26, 81]
Round 461 | train_loss=0.6888 train_acc=0.7708 test_loss=0.8700 test_acc=0.6769
Round 462 | selected=[21, 28, 10, 2, 48, 88, 72, 97, 30, 46]
Round 462 | train_loss=0.7460 train_acc=0.7500 test_loss=0.9147 test_acc=0.6666
Round 463 | selected=[72, 97, 50, 53, 65, 25, 24, 11, 18, 13]
Round 463 | train_loss=0.6530 train_acc=0.7796 test_loss=1.0173 test_acc=0.6247
Round 464 | selected=[75, 14, 77, 74, 59, 49, 1, 63, 96, 72]
Round 464 | train_loss=0.8067 train_acc=0.7266 test_loss=1.1177 test_acc=0.6173
Round 465 | selected=[33, 74, 62, 46, 15, 5, 98, 35, 80, 70]
Round 465 | train_loss=0.8160 train_acc=0.7196 test_loss=1.0086 test_acc=0.6474
Round 466 | selected=[51, 1, 27, 48, 97, 63, 17, 26, 0, 29]
Round 466 | train_loss=0.6806 train_acc=0.7734 test_loss=1.1031 test_acc=0.6101
Round 467 | selected=[22, 2, 12, 90, 93, 27, 13, 51, 30, 79]
Round 467 | train_loss=0.7014 train_acc=0.7744 test_loss=1.1518 test_acc=0.5975
Round 468 | selected=[4, 27, 96, 75, 21, 33, 28, 44, 35, 29]
Round 468 | train_loss=0.7461 train_acc=0.7540 test_loss=1.2320 test_acc=0.5672
Round 469 | selected=[45, 62, 71, 35, 93, 84, 1, 27, 12, 53]
Round 469 | train_loss=0.7743 train_acc=0.7398 test_loss=1.3753 test_acc=0.5500
Round 470 | selected=[4, 30, 73, 69, 81, 62, 13, 63, 29, 55]
Round 470 | train_loss=0.7759 train_acc=0.7528 test_loss=1.1194 test_acc=0.6270
Round 471 | selected=[55, 96, 34, 63, 15, 23, 13, 97, 88, 78]
Round 471 | train_loss=0.7548 train_acc=0.7484 test_loss=1.0373 test_acc=0.6213
Round 472 | selected=[10, 45, 60, 86, 82, 63, 23, 34, 50, 42]
Round 472 | train_loss=0.7668 train_acc=0.7406 test_loss=0.9967 test_acc=0.6365
Round 473 | selected=[17, 79, 57, 36, 75, 74, 26, 28, 31, 10]
Round 473 | train_loss=0.7290 train_acc=0.7498 test_loss=0.8350 test_acc=0.6951
Round 474 | selected=[95, 33, 25, 0, 2, 21, 1, 46, 9, 48]
Round 474 | train_loss=0.6362 train_acc=0.7974 test_loss=0.9430 test_acc=0.6598
Round 475 | selected=[40, 38, 42, 18, 85, 43, 0, 71, 77, 12]
Round 475 | train_loss=0.6668 train_acc=0.7732 test_loss=1.0553 test_acc=0.6155
Round 476 | selected=[86, 10, 42, 79, 55, 89, 63, 29, 21, 11]
Round 476 | train_loss=0.6876 train_acc=0.7774 test_loss=1.1789 test_acc=0.6069
Round 477 | selected=[87, 54, 79, 39, 86, 70, 71, 4, 2, 72]
Round 477 | train_loss=0.7993 train_acc=0.7362 test_loss=1.1280 test_acc=0.6184
Round 478 | selected=[8, 11, 60, 56, 48, 28, 45, 2, 80, 96]
Round 478 | train_loss=0.8378 train_acc=0.7204 test_loss=0.9783 test_acc=0.6447
Round 479 | selected=[64, 38, 47, 14, 93, 17, 27, 2, 51, 34]
Round 479 | train_loss=0.6905 train_acc=0.7750 test_loss=0.9008 test_acc=0.6781
Round 480 | selected=[24, 63, 45, 6, 43, 0, 22, 65, 15, 33]
Round 480 | train_loss=0.7470 train_acc=0.7494 test_loss=0.9219 test_acc=0.6716
Round 481 | selected=[0, 22, 84, 92, 58, 91, 9, 79, 16, 26]
Round 481 | train_loss=0.7210 train_acc=0.7646 test_loss=0.8899 test_acc=0.6905
Round 482 | selected=[43, 8, 15, 52, 79, 83, 28, 46, 68, 36]
Round 482 | train_loss=0.7537 train_acc=0.7502 test_loss=0.9633 test_acc=0.6451
Round 483 | selected=[93, 73, 83, 6, 63, 53, 75, 62, 98, 91]
Round 483 | train_loss=0.6937 train_acc=0.7646 test_loss=0.8206 test_acc=0.7055
Round 484 | selected=[72, 3, 48, 95, 22, 83, 58, 16, 80, 82]
Round 484 | train_loss=0.7227 train_acc=0.7528 test_loss=0.7953 test_acc=0.7201
Round 485 | selected=[83, 63, 90, 98, 30, 32, 43, 1, 59, 37]
Round 485 | train_loss=0.6930 train_acc=0.7720 test_loss=0.7986 test_acc=0.7125
Round 486 | selected=[92, 19, 42, 30, 9, 66, 14, 93, 7, 83]
Round 486 | train_loss=0.6517 train_acc=0.7866 test_loss=0.9148 test_acc=0.6760
Round 487 | selected=[64, 61, 50, 51, 43, 41, 27, 93, 49, 21]
Round 487 | train_loss=0.7128 train_acc=0.7602 test_loss=1.0702 test_acc=0.6393
Round 488 | selected=[27, 77, 15, 35, 25, 80, 44, 30, 17, 18]
Round 488 | train_loss=0.6725 train_acc=0.7702 test_loss=1.0447 test_acc=0.6323
Round 489 | selected=[95, 96, 16, 20, 21, 6, 64, 54, 77, 31]
Round 489 | train_loss=0.6967 train_acc=0.7700 test_loss=1.0426 test_acc=0.6225
Round 490 | selected=[85, 99, 63, 72, 83, 90, 18, 30, 20, 45]
Round 490 | train_loss=0.6909 train_acc=0.7688 test_loss=1.0362 test_acc=0.6358
Round 491 | selected=[80, 10, 82, 72, 95, 15, 56, 44, 96, 37]
Round 491 | train_loss=0.7406 train_acc=0.7520 test_loss=0.8667 test_acc=0.6988
Round 492 | selected=[90, 86, 69, 52, 77, 38, 60, 9, 33, 37]
Round 492 | train_loss=0.5805 train_acc=0.8138 test_loss=1.1636 test_acc=0.5832
Round 493 | selected=[13, 94, 63, 60, 3, 69, 39, 10, 7, 12]
Round 493 | train_loss=0.7279 train_acc=0.7616 test_loss=1.0410 test_acc=0.6264
Round 494 | selected=[33, 97, 71, 42, 31, 92, 67, 2, 27, 44]
Round 494 | train_loss=0.7572 train_acc=0.7442 test_loss=1.0167 test_acc=0.6353
Round 495 | selected=[72, 40, 78, 37, 16, 47, 64, 97, 36, 39]
Round 495 | train_loss=0.7548 train_acc=0.7578 test_loss=1.0730 test_acc=0.6376
Round 496 | selected=[50, 28, 79, 8, 95, 34, 31, 80, 24, 12]
Round 496 | train_loss=0.7641 train_acc=0.7500 test_loss=0.9619 test_acc=0.6566
Round 497 | selected=[98, 34, 6, 56, 18, 40, 84, 23, 54, 41]
Round 497 | train_loss=0.6467 train_acc=0.7888 test_loss=0.9666 test_acc=0.6499
Round 498 | selected=[58, 75, 6, 68, 74, 90, 49, 71, 24, 33]
Round 498 | train_loss=0.7059 train_acc=0.7562 test_loss=0.9761 test_acc=0.6454
Round 499 | selected=[60, 22, 32, 74, 37, 11, 36, 84, 85, 89]
Round 499 | train_loss=0.8081 train_acc=0.7242 test_loss=0.9192 test_acc=0.6729
Round 500 | selected=[27, 22, 20, 35, 1, 54, 7, 42, 74, 19]
Round 500 | train_loss=0.7549 train_acc=0.7486 test_loss=0.9795 test_acc=0.6396
Saved: track1/results/cifar10/final_seed42/fedavg_alpha03_seed42.csv
COMPLETED: fedavg alpha03 seed=42
