========================================
JOB:       12010132
TASK:      58
ALGORITHM: fedavgm
PARTITION: alpha03
SEED:      46
GPU:       0
========================================
Device: cuda
GPU: Tesla V100-PCIE-32GB
Round 0 | test_loss=3.1277 test_acc=0.0954
Round 1 | selected=[20, 26, 83, 93, 7, 60, 52, 24, 45, 13]
Round 1 | train_loss=1.6999 train_acc=0.4444 test_loss=2.4063 test_acc=0.1467
Round 2 | selected=[5, 81, 53, 62, 47, 68, 49, 77, 66, 75]
Round 2 | train_loss=1.8942 train_acc=0.4306 test_loss=2.3672 test_acc=0.1398
Round 3 | selected=[30, 93, 0, 98, 81, 24, 18, 94, 80, 23]
Round 3 | train_loss=1.4425 train_acc=0.5470 test_loss=2.8659 test_acc=0.1533
Round 4 | selected=[68, 96, 87, 66, 5, 62, 61, 57, 80, 99]
Round 4 | train_loss=1.7122 train_acc=0.5052 test_loss=2.6516 test_acc=0.1892
Round 5 | selected=[43, 63, 24, 13, 36, 72, 18, 51, 46, 15]
Round 5 | train_loss=1.6452 train_acc=0.4798 test_loss=4.5450 test_acc=0.1673
Round 6 | selected=[93, 15, 46, 55, 45, 4, 23, 83, 27, 40]
Round 6 | train_loss=1.6362 train_acc=0.5852 test_loss=4.3402 test_acc=0.1942
Round 7 | selected=[18, 23, 22, 31, 88, 68, 42, 38, 92, 98]
Round 7 | train_loss=2.1346 train_acc=0.4666 test_loss=4.6271 test_acc=0.1924
Round 8 | selected=[85, 34, 62, 61, 35, 72, 26, 71, 28, 9]
Round 8 | train_loss=1.9395 train_acc=0.4576 test_loss=8.9230 test_acc=0.1253
Round 9 | selected=[59, 12, 51, 64, 11, 73, 8, 38, 31, 63]
Round 9 | train_loss=2.1869 train_acc=0.4546 test_loss=8.6759 test_acc=0.1344
Round 10 | selected=[65, 57, 19, 80, 71, 67, 32, 59, 47, 58]
Round 10 | train_loss=1.6551 train_acc=0.4658 test_loss=10.6906 test_acc=0.1242
Round 11 | selected=[1, 49, 56, 28, 42, 16, 35, 11, 40, 61]
Round 11 | train_loss=2.2160 train_acc=0.3790 test_loss=3.6972 test_acc=0.2301
Round 12 | selected=[71, 22, 31, 34, 4, 78, 38, 11, 55, 82]
Round 12 | train_loss=2.0026 train_acc=0.3808 test_loss=3.3245 test_acc=0.1882
Round 13 | selected=[12, 80, 53, 65, 90, 75, 5, 16, 10, 43]
Round 13 | train_loss=1.8194 train_acc=0.4244 test_loss=3.9155 test_acc=0.2143
Round 14 | selected=[32, 76, 31, 47, 99, 18, 53, 8, 65, 51]
Round 14 | train_loss=1.9659 train_acc=0.3624 test_loss=3.4856 test_acc=0.2186
Round 15 | selected=[71, 40, 96, 38, 82, 7, 28, 24, 55, 13]
Round 15 | train_loss=2.0195 train_acc=0.3742 test_loss=2.4473 test_acc=0.2527
Round 16 | selected=[53, 33, 17, 23, 30, 28, 65, 13, 92, 19]
Round 16 | train_loss=1.6049 train_acc=0.4810 test_loss=2.6969 test_acc=0.1929
Round 17 | selected=[77, 54, 38, 21, 13, 2, 72, 51, 28, 66]
Round 17 | train_loss=1.9887 train_acc=0.3602 test_loss=2.4269 test_acc=0.2088
Round 18 | selected=[20, 65, 44, 11, 51, 22, 72, 37, 35, 96]
Round 18 | train_loss=2.1552 train_acc=0.2700 test_loss=2.1245 test_acc=0.2516
Round 19 | selected=[10, 94, 29, 60, 99, 16, 92, 35, 54, 96]
Round 19 | train_loss=1.7802 train_acc=0.3772 test_loss=2.0931 test_acc=0.2250
Round 20 | selected=[47, 20, 53, 40, 37, 75, 48, 27, 94, 4]
Round 20 | train_loss=1.8670 train_acc=0.3658 test_loss=2.1880 test_acc=0.2306
Round 21 | selected=[87, 63, 53, 36, 77, 37, 11, 24, 70, 28]
Round 21 | train_loss=2.0613 train_acc=0.3082 test_loss=2.3724 test_acc=0.2182
Round 22 | selected=[19, 94, 3, 74, 10, 66, 12, 15, 34, 96]
Round 22 | train_loss=1.7666 train_acc=0.4140 test_loss=2.5159 test_acc=0.2154
Round 23 | selected=[21, 65, 82, 31, 87, 4, 24, 43, 1, 37]
Round 23 | train_loss=1.7675 train_acc=0.4128 test_loss=2.1241 test_acc=0.2176
Round 24 | selected=[80, 26, 7, 40, 51, 3, 38, 69, 81, 6]
Round 24 | train_loss=1.8515 train_acc=0.3860 test_loss=2.0553 test_acc=0.2444
Round 25 | selected=[67, 33, 68, 23, 69, 46, 84, 74, 17, 39]
Round 25 | train_loss=1.7389 train_acc=0.4544 test_loss=2.0199 test_acc=0.2220
Round 26 | selected=[35, 73, 94, 20, 13, 11, 29, 70, 87, 55]
Round 26 | train_loss=1.8171 train_acc=0.3626 test_loss=1.9275 test_acc=0.2867
Round 27 | selected=[36, 34, 32, 97, 17, 73, 92, 31, 65, 22]
Round 27 | train_loss=1.7185 train_acc=0.3784 test_loss=1.9043 test_acc=0.2792
Round 28 | selected=[55, 47, 35, 83, 29, 69, 49, 84, 52, 80]
Round 28 | train_loss=1.5985 train_acc=0.4738 test_loss=1.9343 test_acc=0.2720
Round 29 | selected=[64, 84, 49, 55, 35, 88, 37, 68, 51, 77]
Round 29 | train_loss=1.5794 train_acc=0.4986 test_loss=1.9369 test_acc=0.2963
Round 30 | selected=[44, 58, 83, 37, 38, 24, 16, 86, 19, 97]
Round 30 | train_loss=1.6093 train_acc=0.4678 test_loss=2.1443 test_acc=0.2451
Round 31 | selected=[91, 12, 26, 97, 28, 19, 27, 29, 50, 37]
Round 31 | train_loss=1.6668 train_acc=0.4468 test_loss=2.0067 test_acc=0.2608
Round 32 | selected=[18, 48, 87, 47, 37, 8, 99, 29, 42, 27]
Round 32 | train_loss=1.6567 train_acc=0.4536 test_loss=1.8962 test_acc=0.2756
Round 33 | selected=[91, 10, 70, 33, 85, 48, 46, 36, 44, 68]
Round 33 | train_loss=1.7288 train_acc=0.4076 test_loss=1.9084 test_acc=0.2638
Round 34 | selected=[15, 77, 58, 63, 47, 18, 34, 98, 25, 97]
Round 34 | train_loss=1.6278 train_acc=0.4506 test_loss=1.9592 test_acc=0.2339
Round 35 | selected=[95, 82, 19, 77, 83, 25, 30, 0, 87, 69]
Round 35 | train_loss=1.6801 train_acc=0.4096 test_loss=1.9711 test_acc=0.2350
Round 36 | selected=[57, 41, 2, 99, 9, 38, 87, 39, 80, 48]
Round 36 | train_loss=1.6532 train_acc=0.4164 test_loss=1.9512 test_acc=0.2727
Round 37 | selected=[6, 47, 4, 5, 82, 33, 91, 38, 59, 98]
Round 37 | train_loss=1.7117 train_acc=0.3894 test_loss=1.8864 test_acc=0.2826
Round 38 | selected=[8, 30, 11, 0, 86, 68, 93, 67, 60, 40]
Round 38 | train_loss=1.4395 train_acc=0.5206 test_loss=1.9003 test_acc=0.3105
Round 39 | selected=[5, 84, 28, 83, 34, 74, 2, 3, 53, 50]
Round 39 | train_loss=1.6604 train_acc=0.4460 test_loss=1.9075 test_acc=0.3034
Round 40 | selected=[10, 22, 74, 23, 38, 30, 0, 93, 44, 57]
Round 40 | train_loss=1.6197 train_acc=0.4464 test_loss=1.8548 test_acc=0.3028
Round 41 | selected=[67, 8, 13, 28, 34, 37, 77, 14, 49, 47]
Round 41 | train_loss=1.4363 train_acc=0.5330 test_loss=1.9108 test_acc=0.2616
Round 42 | selected=[86, 57, 24, 4, 23, 55, 94, 59, 50, 21]
Round 42 | train_loss=1.4112 train_acc=0.5232 test_loss=1.9556 test_acc=0.2566
Round 43 | selected=[17, 72, 35, 18, 5, 86, 95, 23, 77, 25]
Round 43 | train_loss=1.5723 train_acc=0.4540 test_loss=1.8986 test_acc=0.2773
Round 44 | selected=[54, 13, 62, 81, 94, 17, 47, 22, 50, 21]
Round 44 | train_loss=1.5764 train_acc=0.4400 test_loss=1.7767 test_acc=0.3454
Round 45 | selected=[4, 35, 52, 85, 71, 51, 61, 3, 72, 91]
Round 45 | train_loss=1.5314 train_acc=0.4862 test_loss=2.0337 test_acc=0.2676
Round 46 | selected=[32, 47, 83, 65, 75, 56, 4, 51, 52, 79]
Round 46 | train_loss=1.6562 train_acc=0.4140 test_loss=2.1982 test_acc=0.2682
Round 47 | selected=[50, 13, 94, 72, 14, 31, 27, 97, 9, 59]
Round 47 | train_loss=1.7940 train_acc=0.4008 test_loss=2.1276 test_acc=0.2642
Round 48 | selected=[59, 80, 54, 0, 68, 39, 88, 72, 42, 5]
Round 48 | train_loss=1.8358 train_acc=0.3674 test_loss=2.1051 test_acc=0.2704
Round 49 | selected=[45, 33, 23, 97, 88, 1, 0, 58, 21, 74]
Round 49 | train_loss=1.5514 train_acc=0.4966 test_loss=2.1675 test_acc=0.1969
Round 50 | selected=[73, 88, 96, 64, 4, 0, 17, 86, 14, 95]
Round 50 | train_loss=1.5956 train_acc=0.4386 test_loss=2.0192 test_acc=0.2436
Round 51 | selected=[2, 25, 22, 72, 33, 66, 11, 56, 59, 4]
Round 51 | train_loss=1.7699 train_acc=0.3672 test_loss=1.9079 test_acc=0.3219
Round 52 | selected=[25, 55, 52, 51, 65, 15, 77, 67, 10, 49]
Round 52 | train_loss=1.7183 train_acc=0.4306 test_loss=1.8297 test_acc=0.3268
Round 53 | selected=[45, 17, 75, 29, 88, 55, 6, 34, 7, 22]
Round 53 | train_loss=1.7526 train_acc=0.4044 test_loss=1.7517 test_acc=0.3400
Round 54 | selected=[90, 89, 22, 45, 85, 2, 64, 27, 99, 34]
Round 54 | train_loss=1.5944 train_acc=0.4694 test_loss=1.7990 test_acc=0.3299
Round 55 | selected=[41, 82, 22, 88, 56, 8, 72, 93, 24, 5]
Round 55 | train_loss=1.8405 train_acc=0.3784 test_loss=1.8392 test_acc=0.3072
Round 56 | selected=[23, 38, 99, 11, 58, 0, 75, 34, 94, 74]
Round 56 | train_loss=1.7132 train_acc=0.4272 test_loss=1.8276 test_acc=0.3164
Round 57 | selected=[15, 97, 73, 19, 40, 83, 85, 58, 89, 45]
Round 57 | train_loss=1.7683 train_acc=0.3544 test_loss=1.8646 test_acc=0.2956
Round 58 | selected=[78, 55, 41, 22, 89, 88, 93, 85, 86, 98]
Round 58 | train_loss=1.8250 train_acc=0.3420 test_loss=1.8128 test_acc=0.3155
Round 59 | selected=[85, 47, 15, 62, 50, 82, 38, 90, 52, 33]
Round 59 | train_loss=1.7207 train_acc=0.4106 test_loss=1.7945 test_acc=0.3164
Round 60 | selected=[46, 25, 40, 86, 31, 50, 84, 13, 19, 72]
Round 60 | train_loss=1.8137 train_acc=0.3498 test_loss=1.7905 test_acc=0.3316
Round 61 | selected=[3, 8, 54, 52, 77, 81, 60, 93, 25, 79]
Round 61 | train_loss=1.7077 train_acc=0.4102 test_loss=1.8822 test_acc=0.2882
Round 62 | selected=[77, 76, 7, 30, 74, 47, 93, 33, 42, 98]
Round 62 | train_loss=1.8084 train_acc=0.3762 test_loss=1.8697 test_acc=0.3187
Round 63 | selected=[17, 52, 91, 21, 85, 47, 44, 87, 42, 10]
Round 63 | train_loss=1.7062 train_acc=0.4024 test_loss=1.7071 test_acc=0.3610
Round 64 | selected=[1, 79, 93, 32, 29, 10, 47, 78, 58, 19]
Round 64 | train_loss=1.6738 train_acc=0.3944 test_loss=1.7606 test_acc=0.3377
Round 65 | selected=[55, 10, 46, 74, 54, 15, 81, 66, 12, 93]
Round 65 | train_loss=1.6663 train_acc=0.4236 test_loss=1.8193 test_acc=0.3068
Round 66 | selected=[56, 11, 93, 73, 94, 26, 22, 52, 36, 29]
Round 66 | train_loss=1.6424 train_acc=0.4194 test_loss=1.7801 test_acc=0.3075
Round 67 | selected=[82, 22, 31, 16, 28, 33, 56, 41, 76, 11]
Round 67 | train_loss=1.7985 train_acc=0.3692 test_loss=1.8432 test_acc=0.3013
Round 68 | selected=[81, 97, 82, 70, 39, 55, 89, 85, 36, 83]
Round 68 | train_loss=1.7188 train_acc=0.4012 test_loss=1.7745 test_acc=0.3188
Round 69 | selected=[80, 73, 18, 98, 55, 49, 43, 61, 8, 82]
Round 69 | train_loss=1.6330 train_acc=0.3984 test_loss=1.7050 test_acc=0.3618
Round 70 | selected=[17, 6, 47, 63, 96, 3, 81, 41, 21, 46]
Round 70 | train_loss=1.4685 train_acc=0.4836 test_loss=1.7704 test_acc=0.3370
Round 71 | selected=[85, 20, 24, 98, 21, 64, 11, 58, 68, 62]
Round 71 | train_loss=1.7121 train_acc=0.4054 test_loss=1.8351 test_acc=0.3376
Round 72 | selected=[5, 16, 63, 59, 66, 92, 17, 31, 74, 64]
Round 72 | train_loss=1.6782 train_acc=0.4122 test_loss=1.9804 test_acc=0.2980
Round 73 | selected=[14, 92, 71, 69, 4, 54, 23, 62, 43, 7]
Round 73 | train_loss=1.7626 train_acc=0.3762 test_loss=1.9743 test_acc=0.2691
Round 74 | selected=[72, 6, 11, 52, 57, 59, 55, 28, 94, 82]
Round 74 | train_loss=1.7779 train_acc=0.3454 test_loss=1.7970 test_acc=0.3015
Round 75 | selected=[81, 43, 26, 4, 87, 50, 59, 40, 47, 95]
Round 75 | train_loss=1.6054 train_acc=0.4574 test_loss=1.7022 test_acc=0.3448
Round 76 | selected=[17, 59, 12, 15, 38, 40, 57, 21, 47, 49]
Round 76 | train_loss=1.4944 train_acc=0.5086 test_loss=1.8460 test_acc=0.3087
Round 77 | selected=[8, 57, 39, 27, 96, 6, 59, 44, 66, 86]
Round 77 | train_loss=1.6538 train_acc=0.4416 test_loss=1.9117 test_acc=0.2828
Round 78 | selected=[73, 79, 56, 35, 47, 30, 52, 15, 97, 66]
Round 78 | train_loss=1.7191 train_acc=0.4062 test_loss=1.7678 test_acc=0.3163
Round 79 | selected=[8, 44, 75, 17, 20, 80, 60, 53, 16, 95]
Round 79 | train_loss=1.9209 train_acc=0.3212 test_loss=1.7718 test_acc=0.3377
Round 80 | selected=[4, 88, 83, 15, 45, 78, 92, 58, 46, 52]
Round 80 | train_loss=1.5524 train_acc=0.5014 test_loss=2.0164 test_acc=0.2599
Round 81 | selected=[80, 91, 48, 38, 41, 49, 0, 71, 4, 1]
Round 81 | train_loss=1.7418 train_acc=0.3514 test_loss=2.0137 test_acc=0.2690
Round 82 | selected=[52, 98, 54, 45, 61, 36, 76, 27, 22, 25]
Round 82 | train_loss=1.8743 train_acc=0.3182 test_loss=1.9398 test_acc=0.2977
Round 83 | selected=[96, 15, 80, 66, 98, 0, 44, 70, 38, 10]
Round 83 | train_loss=1.7466 train_acc=0.4060 test_loss=1.8537 test_acc=0.3205
Round 84 | selected=[69, 9, 45, 35, 99, 84, 58, 73, 18, 3]
Round 84 | train_loss=1.7606 train_acc=0.3848 test_loss=1.8276 test_acc=0.3315
Round 85 | selected=[81, 71, 9, 53, 89, 98, 26, 91, 43, 68]
Round 85 | train_loss=1.6687 train_acc=0.4126 test_loss=1.7795 test_acc=0.3415
Round 86 | selected=[39, 82, 72, 29, 95, 53, 75, 79, 90, 32]
Round 86 | train_loss=1.7137 train_acc=0.3858 test_loss=1.7635 test_acc=0.3291
Round 87 | selected=[38, 81, 50, 19, 66, 9, 82, 61, 15, 72]
Round 87 | train_loss=1.6474 train_acc=0.4162 test_loss=1.7852 test_acc=0.3026
Round 88 | selected=[27, 5, 39, 61, 50, 67, 49, 31, 34, 79]
Round 88 | train_loss=1.6534 train_acc=0.3794 test_loss=1.7640 test_acc=0.3037
Round 89 | selected=[48, 42, 13, 22, 57, 15, 55, 56, 19, 36]
Round 89 | train_loss=1.6862 train_acc=0.3912 test_loss=1.6488 test_acc=0.3654
Round 90 | selected=[78, 81, 32, 27, 85, 58, 40, 11, 7, 39]
Round 90 | train_loss=1.4922 train_acc=0.4928 test_loss=1.6229 test_acc=0.3778
Round 91 | selected=[2, 24, 36, 13, 37, 98, 96, 67, 38, 83]
Round 91 | train_loss=1.4265 train_acc=0.5428 test_loss=1.7014 test_acc=0.3280
Round 92 | selected=[57, 54, 69, 47, 15, 32, 68, 59, 20, 90]
Round 92 | train_loss=1.5369 train_acc=0.4582 test_loss=1.7494 test_acc=0.3408
Round 93 | selected=[66, 19, 91, 63, 65, 60, 90, 18, 24, 68]
Round 93 | train_loss=1.6247 train_acc=0.4466 test_loss=1.7507 test_acc=0.3361
Round 94 | selected=[68, 51, 73, 29, 36, 48, 20, 86, 94, 87]
Round 94 | train_loss=1.6673 train_acc=0.4000 test_loss=1.6815 test_acc=0.3881
Round 95 | selected=[36, 74, 82, 80, 10, 28, 88, 17, 66, 13]
Round 95 | train_loss=1.5304 train_acc=0.4896 test_loss=1.7261 test_acc=0.3561
Round 96 | selected=[76, 36, 88, 15, 60, 12, 20, 78, 13, 9]
Round 96 | train_loss=1.6066 train_acc=0.4510 test_loss=1.6397 test_acc=0.3892
Round 97 | selected=[10, 34, 48, 70, 52, 79, 5, 56, 60, 50]
Round 97 | train_loss=1.5019 train_acc=0.4740 test_loss=1.6781 test_acc=0.3592
Round 98 | selected=[95, 69, 18, 64, 54, 31, 85, 15, 88, 48]
Round 98 | train_loss=1.5404 train_acc=0.4390 test_loss=1.7077 test_acc=0.3420
Round 99 | selected=[6, 4, 93, 38, 91, 64, 19, 12, 35, 5]
Round 99 | train_loss=1.5559 train_acc=0.4654 test_loss=1.6499 test_acc=0.3826
Round 100 | selected=[34, 52, 32, 95, 18, 79, 0, 81, 8, 92]
Round 100 | train_loss=1.3949 train_acc=0.5192 test_loss=1.6826 test_acc=0.3604
Round 101 | selected=[42, 20, 63, 46, 75, 93, 12, 37, 55, 61]
Round 101 | train_loss=1.6483 train_acc=0.4276 test_loss=1.6520 test_acc=0.3436
Round 102 | selected=[75, 15, 6, 90, 74, 24, 27, 78, 68, 79]
Round 102 | train_loss=1.4417 train_acc=0.5242 test_loss=1.7471 test_acc=0.3191
Round 103 | selected=[5, 29, 63, 18, 9, 87, 20, 62, 82, 49]
Round 103 | train_loss=1.5711 train_acc=0.4298 test_loss=1.7502 test_acc=0.3440
Round 104 | selected=[91, 66, 37, 23, 40, 27, 15, 65, 88, 78]
Round 104 | train_loss=1.4111 train_acc=0.5464 test_loss=1.6903 test_acc=0.3590
Round 105 | selected=[31, 91, 32, 14, 77, 35, 46, 17, 2, 86]
Round 105 | train_loss=1.5560 train_acc=0.4584 test_loss=1.5916 test_acc=0.4034
Round 106 | selected=[43, 62, 10, 45, 4, 38, 8, 49, 52, 84]
Round 106 | train_loss=1.4662 train_acc=0.4910 test_loss=1.5425 test_acc=0.4229
Round 107 | selected=[34, 19, 64, 70, 43, 29, 41, 4, 1, 37]
Round 107 | train_loss=1.3713 train_acc=0.5224 test_loss=1.6086 test_acc=0.3937
Round 108 | selected=[8, 22, 62, 30, 38, 64, 80, 56, 19, 29]
Round 108 | train_loss=1.3132 train_acc=0.5758 test_loss=1.8287 test_acc=0.3171
Round 109 | selected=[15, 16, 98, 34, 91, 38, 8, 43, 47, 35]
Round 109 | train_loss=1.3787 train_acc=0.5272 test_loss=1.8418 test_acc=0.3329
Round 110 | selected=[27, 16, 95, 72, 96, 63, 5, 24, 85, 3]
Round 110 | train_loss=1.5908 train_acc=0.4274 test_loss=1.8479 test_acc=0.3032
Round 111 | selected=[29, 42, 75, 4, 76, 83, 93, 72, 47, 73]
Round 111 | train_loss=1.5986 train_acc=0.4098 test_loss=1.8823 test_acc=0.2972
Round 112 | selected=[60, 39, 13, 43, 98, 49, 0, 79, 23, 66]
Round 112 | train_loss=1.5153 train_acc=0.4540 test_loss=1.8192 test_acc=0.3217
Round 113 | selected=[50, 68, 73, 44, 4, 14, 38, 32, 63, 77]
Round 113 | train_loss=1.5618 train_acc=0.4500 test_loss=1.9447 test_acc=0.3038
Round 114 | selected=[31, 69, 59, 15, 30, 37, 4, 78, 97, 34]
Round 114 | train_loss=1.5818 train_acc=0.4756 test_loss=2.0799 test_acc=0.2673
Round 115 | selected=[28, 20, 98, 85, 23, 22, 16, 60, 41, 36]
Round 115 | train_loss=1.7810 train_acc=0.3678 test_loss=1.9638 test_acc=0.2603
Round 116 | selected=[4, 35, 40, 44, 50, 41, 91, 11, 7, 88]
Round 116 | train_loss=1.6301 train_acc=0.4306 test_loss=1.8197 test_acc=0.3016
Round 117 | selected=[27, 50, 15, 67, 51, 77, 32, 66, 21, 48]
Round 117 | train_loss=1.5273 train_acc=0.4744 test_loss=1.7135 test_acc=0.3793
Round 118 | selected=[84, 34, 53, 82, 94, 61, 31, 14, 3, 51]
Round 118 | train_loss=1.5781 train_acc=0.4470 test_loss=1.6978 test_acc=0.3733
Round 119 | selected=[92, 28, 70, 45, 60, 30, 89, 27, 68, 56]
Round 119 | train_loss=1.3898 train_acc=0.5574 test_loss=1.7041 test_acc=0.3607
Round 120 | selected=[62, 69, 95, 53, 41, 5, 27, 8, 43, 13]
Round 120 | train_loss=1.5081 train_acc=0.4630 test_loss=1.6902 test_acc=0.3726
Round 121 | selected=[71, 77, 89, 7, 38, 56, 96, 15, 19, 43]
Round 121 | train_loss=1.5191 train_acc=0.4912 test_loss=1.6641 test_acc=0.3719
Round 122 | selected=[64, 37, 53, 94, 98, 21, 2, 24, 84, 4]
Round 122 | train_loss=1.4597 train_acc=0.4642 test_loss=1.5963 test_acc=0.3848
Round 123 | selected=[86, 25, 31, 15, 62, 95, 45, 91, 57, 14]
Round 123 | train_loss=1.4842 train_acc=0.4592 test_loss=1.5392 test_acc=0.4229
Round 124 | selected=[14, 47, 16, 5, 94, 8, 76, 71, 32, 81]
Round 124 | train_loss=1.4096 train_acc=0.5260 test_loss=1.5569 test_acc=0.4058
Round 125 | selected=[15, 43, 97, 55, 32, 99, 31, 92, 18, 78]
Round 125 | train_loss=1.3913 train_acc=0.5002 test_loss=1.6021 test_acc=0.3890
Round 126 | selected=[6, 64, 13, 31, 9, 23, 94, 37, 79, 74]
Round 126 | train_loss=1.3894 train_acc=0.5046 test_loss=1.7855 test_acc=0.3458
Round 127 | selected=[47, 4, 9, 44, 50, 96, 43, 63, 68, 6]
Round 127 | train_loss=1.4720 train_acc=0.4812 test_loss=1.9259 test_acc=0.3193
Round 128 | selected=[89, 80, 29, 51, 1, 14, 33, 57, 3, 6]
Round 128 | train_loss=1.4699 train_acc=0.4966 test_loss=1.7356 test_acc=0.3495
Round 129 | selected=[44, 18, 53, 66, 5, 99, 71, 30, 55, 63]
Round 129 | train_loss=1.5022 train_acc=0.4626 test_loss=1.6381 test_acc=0.3791
Round 130 | selected=[22, 62, 81, 37, 31, 77, 73, 3, 33, 46]
Round 130 | train_loss=1.4994 train_acc=0.4398 test_loss=1.6859 test_acc=0.3986
Round 131 | selected=[68, 35, 90, 12, 77, 3, 85, 0, 31, 33]
Round 131 | train_loss=1.3873 train_acc=0.5218 test_loss=1.9139 test_acc=0.3744
Round 132 | selected=[52, 62, 20, 40, 11, 7, 76, 93, 4, 78]
Round 132 | train_loss=1.7604 train_acc=0.3824 test_loss=2.0028 test_acc=0.3623
Round 133 | selected=[97, 12, 52, 74, 59, 24, 95, 51, 8, 9]
Round 133 | train_loss=1.7960 train_acc=0.3214 test_loss=1.9039 test_acc=0.3600
Round 134 | selected=[71, 92, 40, 49, 84, 82, 88, 28, 33, 22]
Round 134 | train_loss=1.5606 train_acc=0.4282 test_loss=1.7071 test_acc=0.3704
Round 135 | selected=[69, 8, 52, 23, 7, 18, 3, 9, 19, 60]
Round 135 | train_loss=1.4594 train_acc=0.4788 test_loss=1.7066 test_acc=0.3704
Round 136 | selected=[45, 19, 90, 58, 65, 18, 16, 21, 39, 69]
Round 136 | train_loss=1.4572 train_acc=0.5030 test_loss=1.6548 test_acc=0.4162
Round 137 | selected=[22, 66, 1, 85, 96, 9, 81, 78, 73, 91]
Round 137 | train_loss=1.3659 train_acc=0.5086 test_loss=1.5509 test_acc=0.4299
Round 138 | selected=[25, 2, 19, 62, 93, 31, 46, 6, 10, 63]
Round 138 | train_loss=1.5557 train_acc=0.4548 test_loss=1.5375 test_acc=0.4304
Round 139 | selected=[57, 15, 60, 54, 90, 45, 64, 97, 3, 85]
Round 139 | train_loss=1.3335 train_acc=0.5722 test_loss=1.5839 test_acc=0.4178
Round 140 | selected=[88, 68, 82, 2, 54, 57, 96, 33, 22, 89]
Round 140 | train_loss=1.3983 train_acc=0.5290 test_loss=1.5643 test_acc=0.4230
Round 141 | selected=[54, 10, 46, 37, 42, 38, 1, 80, 36, 45]
Round 141 | train_loss=1.3804 train_acc=0.4948 test_loss=1.5393 test_acc=0.4249
Round 142 | selected=[52, 31, 86, 11, 79, 83, 16, 6, 3, 20]
Round 142 | train_loss=1.4710 train_acc=0.4626 test_loss=1.5236 test_acc=0.4360
Round 143 | selected=[58, 46, 84, 39, 45, 93, 67, 36, 40, 16]
Round 143 | train_loss=1.3084 train_acc=0.5594 test_loss=1.5487 test_acc=0.4250
Round 144 | selected=[81, 11, 24, 76, 50, 7, 42, 49, 88, 26]
Round 144 | train_loss=1.3867 train_acc=0.4950 test_loss=1.4879 test_acc=0.4293
Round 145 | selected=[12, 79, 26, 41, 23, 95, 63, 58, 94, 20]
Round 145 | train_loss=1.4272 train_acc=0.4848 test_loss=1.4359 test_acc=0.4560
Round 146 | selected=[60, 24, 40, 83, 94, 64, 71, 95, 84, 5]
Round 146 | train_loss=1.2677 train_acc=0.5656 test_loss=1.4687 test_acc=0.4387
Round 147 | selected=[39, 51, 68, 53, 34, 42, 64, 44, 15, 67]
Round 147 | train_loss=1.2286 train_acc=0.5764 test_loss=1.4932 test_acc=0.4274
Round 148 | selected=[92, 85, 18, 97, 45, 65, 93, 63, 2, 36]
Round 148 | train_loss=1.3127 train_acc=0.5414 test_loss=1.4443 test_acc=0.4323
Round 149 | selected=[14, 25, 77, 59, 20, 42, 43, 55, 48, 86]
Round 149 | train_loss=1.3505 train_acc=0.5212 test_loss=1.5273 test_acc=0.4065
Round 150 | selected=[37, 21, 26, 74, 13, 19, 51, 96, 46, 73]
Round 150 | train_loss=1.3691 train_acc=0.4990 test_loss=1.5482 test_acc=0.4418
Round 151 | selected=[40, 2, 47, 60, 78, 76, 56, 71, 21, 53]
Round 151 | train_loss=1.2751 train_acc=0.5638 test_loss=1.4154 test_acc=0.4701
Round 152 | selected=[95, 45, 93, 78, 10, 83, 85, 33, 68, 55]
Round 152 | train_loss=1.2634 train_acc=0.5616 test_loss=1.6810 test_acc=0.3889
Round 153 | selected=[50, 92, 80, 68, 54, 75, 55, 20, 1, 16]
Round 153 | train_loss=1.3554 train_acc=0.5224 test_loss=2.0865 test_acc=0.3097
Round 154 | selected=[12, 64, 99, 17, 11, 4, 9, 82, 60, 8]
Round 154 | train_loss=1.3574 train_acc=0.5436 test_loss=1.9884 test_acc=0.3168
Round 155 | selected=[11, 75, 99, 24, 17, 95, 8, 34, 56, 90]
Round 155 | train_loss=1.3930 train_acc=0.5094 test_loss=1.7038 test_acc=0.3809
Round 156 | selected=[92, 29, 95, 44, 5, 39, 70, 38, 62, 76]
Round 156 | train_loss=1.4242 train_acc=0.4754 test_loss=1.5540 test_acc=0.4226
Round 157 | selected=[93, 29, 99, 27, 73, 89, 33, 51, 34, 42]
Round 157 | train_loss=1.2301 train_acc=0.5944 test_loss=1.6399 test_acc=0.3752
Round 158 | selected=[9, 29, 75, 78, 87, 52, 1, 36, 48, 37]
Round 158 | train_loss=1.5017 train_acc=0.4346 test_loss=1.6074 test_acc=0.3735
Round 159 | selected=[2, 77, 75, 60, 19, 11, 89, 20, 1, 91]
Round 159 | train_loss=1.3706 train_acc=0.5114 test_loss=1.5702 test_acc=0.3828
Round 160 | selected=[78, 3, 40, 74, 24, 90, 51, 22, 65, 38]
Round 160 | train_loss=1.3640 train_acc=0.5008 test_loss=1.5253 test_acc=0.4308
Round 161 | selected=[17, 23, 29, 44, 32, 97, 82, 4, 13, 55]
Round 161 | train_loss=1.3338 train_acc=0.5324 test_loss=1.4851 test_acc=0.4486
Round 162 | selected=[4, 83, 67, 55, 17, 93, 48, 18, 94, 86]
Round 162 | train_loss=1.3564 train_acc=0.5440 test_loss=1.5305 test_acc=0.4420
Round 163 | selected=[13, 86, 29, 48, 70, 94, 1, 54, 95, 69]
Round 163 | train_loss=1.5106 train_acc=0.4544 test_loss=1.4942 test_acc=0.4623
Round 164 | selected=[80, 3, 9, 10, 81, 37, 57, 97, 58, 24]
Round 164 | train_loss=1.2881 train_acc=0.5310 test_loss=1.5600 test_acc=0.4278
Round 165 | selected=[56, 90, 24, 74, 19, 45, 21, 97, 96, 95]
Round 165 | train_loss=1.3270 train_acc=0.5334 test_loss=1.5961 test_acc=0.4077
Round 166 | selected=[9, 71, 15, 75, 32, 18, 61, 63, 53, 80]
Round 166 | train_loss=1.3424 train_acc=0.5280 test_loss=1.5521 test_acc=0.4091
Round 167 | selected=[95, 97, 52, 12, 96, 77, 80, 74, 78, 98]
Round 167 | train_loss=1.3067 train_acc=0.5342 test_loss=1.4739 test_acc=0.4418
Round 168 | selected=[86, 55, 74, 26, 73, 62, 95, 88, 56, 83]
Round 168 | train_loss=1.2919 train_acc=0.5474 test_loss=1.5116 test_acc=0.4345
Round 169 | selected=[71, 42, 12, 36, 74, 11, 80, 78, 77, 9]
Round 169 | train_loss=1.4350 train_acc=0.4560 test_loss=1.5346 test_acc=0.4212
Round 170 | selected=[16, 65, 91, 57, 20, 60, 25, 4, 94, 58]
Round 170 | train_loss=1.3230 train_acc=0.5062 test_loss=1.4939 test_acc=0.4364
Round 171 | selected=[71, 8, 24, 37, 72, 62, 16, 19, 83, 84]
Round 171 | train_loss=1.2447 train_acc=0.5640 test_loss=1.5052 test_acc=0.4303
Round 172 | selected=[57, 23, 92, 98, 26, 36, 48, 14, 88, 50]
Round 172 | train_loss=1.3044 train_acc=0.5374 test_loss=1.4296 test_acc=0.4471
Round 173 | selected=[56, 51, 45, 0, 59, 55, 68, 33, 61, 80]
Round 173 | train_loss=1.1460 train_acc=0.5986 test_loss=1.3701 test_acc=0.4688
Round 174 | selected=[21, 87, 82, 58, 5, 4, 42, 97, 28, 31]
Round 174 | train_loss=1.3210 train_acc=0.5116 test_loss=1.3539 test_acc=0.4941
Round 175 | selected=[59, 15, 86, 23, 73, 88, 34, 83, 98, 43]
Round 175 | train_loss=1.1090 train_acc=0.6136 test_loss=1.4067 test_acc=0.4741
Round 176 | selected=[2, 59, 98, 12, 75, 63, 21, 86, 89, 19]
Round 176 | train_loss=1.1618 train_acc=0.5952 test_loss=1.4898 test_acc=0.4454
Round 177 | selected=[0, 69, 39, 84, 64, 2, 62, 45, 52, 77]
Round 177 | train_loss=1.3162 train_acc=0.5180 test_loss=1.4901 test_acc=0.4648
Round 178 | selected=[25, 89, 78, 42, 61, 59, 55, 88, 74, 3]
Round 178 | train_loss=1.3029 train_acc=0.5512 test_loss=1.5231 test_acc=0.4487
Round 179 | selected=[11, 28, 63, 57, 83, 70, 93, 50, 74, 18]
Round 179 | train_loss=1.3178 train_acc=0.5516 test_loss=1.5039 test_acc=0.4506
Round 180 | selected=[89, 53, 19, 81, 28, 93, 7, 55, 67, 60]
Round 180 | train_loss=1.1977 train_acc=0.5760 test_loss=1.3646 test_acc=0.4839
Round 181 | selected=[5, 63, 12, 76, 34, 9, 52, 8, 82, 58]
Round 181 | train_loss=1.2468 train_acc=0.5634 test_loss=1.3595 test_acc=0.4963
Round 182 | selected=[3, 5, 21, 29, 44, 62, 95, 17, 31, 93]
Round 182 | train_loss=1.2103 train_acc=0.5748 test_loss=1.3227 test_acc=0.5080
Round 183 | selected=[52, 37, 53, 35, 39, 96, 26, 24, 42, 95]
Round 183 | train_loss=1.1007 train_acc=0.6214 test_loss=1.2963 test_acc=0.5103
Round 184 | selected=[50, 43, 99, 20, 72, 45, 59, 40, 36, 74]
Round 184 | train_loss=1.2413 train_acc=0.5664 test_loss=1.3809 test_acc=0.4769
Round 185 | selected=[58, 98, 50, 82, 81, 7, 49, 1, 96, 48]
Round 185 | train_loss=1.1122 train_acc=0.6058 test_loss=1.3943 test_acc=0.4842
Round 186 | selected=[23, 84, 45, 76, 92, 10, 6, 68, 51, 20]
Round 186 | train_loss=1.1851 train_acc=0.5822 test_loss=1.3549 test_acc=0.4976
Round 187 | selected=[84, 33, 15, 79, 4, 21, 64, 14, 7, 98]
Round 187 | train_loss=1.1336 train_acc=0.6098 test_loss=1.4110 test_acc=0.4669
Round 188 | selected=[57, 47, 0, 85, 7, 54, 40, 66, 43, 36]
Round 188 | train_loss=1.1260 train_acc=0.6026 test_loss=1.5249 test_acc=0.4386
Round 189 | selected=[90, 91, 60, 37, 9, 1, 22, 15, 55, 33]
Round 189 | train_loss=0.9215 train_acc=0.6860 test_loss=1.3540 test_acc=0.4816
Round 190 | selected=[70, 54, 1, 87, 49, 59, 36, 20, 5, 12]
Round 190 | train_loss=1.1686 train_acc=0.5812 test_loss=1.4805 test_acc=0.4366
Round 191 | selected=[98, 7, 79, 0, 15, 13, 99, 32, 43, 12]
Round 191 | train_loss=1.1126 train_acc=0.6024 test_loss=1.4732 test_acc=0.4691
Round 192 | selected=[12, 16, 58, 74, 80, 63, 28, 89, 54, 75]
Round 192 | train_loss=1.1893 train_acc=0.5856 test_loss=1.3841 test_acc=0.4789
Round 193 | selected=[83, 59, 72, 27, 14, 61, 70, 2, 21, 54]
Round 193 | train_loss=1.0701 train_acc=0.6350 test_loss=1.4319 test_acc=0.4756
Round 194 | selected=[50, 69, 52, 76, 10, 15, 35, 94, 32, 82]
Round 194 | train_loss=1.1524 train_acc=0.5966 test_loss=1.3434 test_acc=0.4889
Round 195 | selected=[59, 18, 76, 83, 0, 69, 14, 55, 40, 5]
Round 195 | train_loss=1.0608 train_acc=0.6338 test_loss=1.4202 test_acc=0.4742
Round 196 | selected=[17, 14, 50, 2, 3, 56, 28, 88, 39, 54]
Round 196 | train_loss=1.0182 train_acc=0.6546 test_loss=1.4200 test_acc=0.4729
Round 197 | selected=[70, 97, 32, 90, 2, 35, 23, 94, 4, 68]
Round 197 | train_loss=1.0348 train_acc=0.6462 test_loss=1.2990 test_acc=0.5062
Round 198 | selected=[81, 80, 0, 17, 87, 25, 11, 69, 30, 16]
Round 198 | train_loss=0.9748 train_acc=0.6744 test_loss=1.3896 test_acc=0.4704
Round 199 | selected=[30, 98, 72, 60, 5, 21, 56, 64, 34, 24]
Round 199 | train_loss=1.0064 train_acc=0.6546 test_loss=1.4294 test_acc=0.4658
Round 200 | selected=[3, 57, 79, 20, 84, 21, 71, 76, 59, 60]
Round 200 | train_loss=1.1303 train_acc=0.5954 test_loss=1.3565 test_acc=0.4898
Round 201 | selected=[10, 61, 75, 47, 13, 46, 53, 52, 39, 34]
Round 201 | train_loss=1.0725 train_acc=0.6148 test_loss=1.2410 test_acc=0.5350
Round 202 | selected=[27, 2, 66, 63, 5, 97, 34, 51, 22, 60]
Round 202 | train_loss=0.9779 train_acc=0.6572 test_loss=1.3850 test_acc=0.4991
Round 203 | selected=[96, 74, 75, 25, 4, 98, 33, 70, 89, 95]
Round 203 | train_loss=1.0449 train_acc=0.6530 test_loss=1.5792 test_acc=0.4426
Round 204 | selected=[76, 40, 77, 14, 0, 34, 24, 91, 95, 56]
Round 204 | train_loss=1.1206 train_acc=0.5960 test_loss=1.5070 test_acc=0.4427
Round 205 | selected=[54, 74, 20, 71, 17, 27, 61, 83, 53, 23]
Round 205 | train_loss=1.1597 train_acc=0.5674 test_loss=1.3925 test_acc=0.4792
Round 206 | selected=[60, 74, 34, 53, 3, 35, 4, 6, 19, 91]
Round 206 | train_loss=0.9983 train_acc=0.6594 test_loss=1.3682 test_acc=0.4996
Round 207 | selected=[42, 89, 22, 55, 94, 2, 88, 98, 80, 45]
Round 207 | train_loss=1.0327 train_acc=0.6288 test_loss=1.3946 test_acc=0.5015
Round 208 | selected=[11, 26, 42, 33, 9, 17, 13, 97, 30, 22]
Round 208 | train_loss=1.0117 train_acc=0.6594 test_loss=1.3694 test_acc=0.5044
Round 209 | selected=[67, 23, 20, 18, 37, 58, 25, 52, 98, 3]
Round 209 | train_loss=1.0340 train_acc=0.6328 test_loss=1.3218 test_acc=0.5359
Round 210 | selected=[44, 6, 58, 57, 24, 32, 3, 67, 20, 91]
Round 210 | train_loss=1.1725 train_acc=0.5776 test_loss=1.2554 test_acc=0.5429
Round 211 | selected=[49, 76, 69, 70, 39, 8, 63, 71, 38, 9]
Round 211 | train_loss=0.9868 train_acc=0.6534 test_loss=1.4482 test_acc=0.4786
Round 212 | selected=[43, 48, 99, 93, 2, 67, 86, 18, 64, 39]
Round 212 | train_loss=1.0035 train_acc=0.6570 test_loss=1.4382 test_acc=0.4631
Round 213 | selected=[3, 49, 26, 15, 90, 25, 67, 99, 73, 63]
Round 213 | train_loss=1.0504 train_acc=0.6130 test_loss=1.3322 test_acc=0.4871
Round 214 | selected=[62, 22, 26, 67, 69, 96, 53, 77, 54, 49]
Round 214 | train_loss=1.0455 train_acc=0.6130 test_loss=1.3623 test_acc=0.4725
Round 215 | selected=[87, 42, 41, 25, 47, 93, 56, 68, 22, 72]
Round 215 | train_loss=1.1329 train_acc=0.5738 test_loss=1.3521 test_acc=0.4980
Round 216 | selected=[85, 35, 9, 62, 6, 75, 47, 18, 59, 58]
Round 216 | train_loss=1.0989 train_acc=0.6160 test_loss=1.3090 test_acc=0.5163
Round 217 | selected=[30, 15, 77, 93, 91, 98, 1, 60, 99, 17]
Round 217 | train_loss=0.8494 train_acc=0.7162 test_loss=1.3640 test_acc=0.4914
Round 218 | selected=[80, 51, 15, 25, 22, 23, 86, 49, 4, 72]
Round 218 | train_loss=1.0125 train_acc=0.6472 test_loss=1.2584 test_acc=0.5207
Round 219 | selected=[72, 30, 26, 62, 68, 27, 54, 56, 12, 38]
Round 219 | train_loss=0.8259 train_acc=0.7268 test_loss=1.3286 test_acc=0.5020
Round 220 | selected=[85, 12, 1, 74, 46, 92, 8, 49, 72, 64]
Round 220 | train_loss=0.9636 train_acc=0.6570 test_loss=1.3620 test_acc=0.5115
Round 221 | selected=[79, 21, 7, 2, 99, 34, 35, 80, 5, 69]
Round 221 | train_loss=1.1068 train_acc=0.6158 test_loss=1.3182 test_acc=0.5260
Round 222 | selected=[63, 55, 80, 93, 88, 51, 15, 68, 76, 32]
Round 222 | train_loss=0.8953 train_acc=0.6816 test_loss=1.3855 test_acc=0.4924
Round 223 | selected=[69, 22, 38, 44, 51, 57, 9, 99, 35, 79]
Round 223 | train_loss=1.1793 train_acc=0.5800 test_loss=1.3411 test_acc=0.5056
Round 224 | selected=[13, 54, 77, 75, 98, 81, 4, 65, 53, 45]
Round 224 | train_loss=1.0538 train_acc=0.6268 test_loss=1.2451 test_acc=0.5334
Round 225 | selected=[73, 41, 50, 83, 64, 54, 39, 7, 98, 34]
Round 225 | train_loss=0.9482 train_acc=0.6662 test_loss=1.4199 test_acc=0.4776
Round 226 | selected=[85, 45, 66, 87, 39, 60, 37, 50, 30, 54]
Round 226 | train_loss=0.9103 train_acc=0.6792 test_loss=1.5750 test_acc=0.4442
Round 227 | selected=[86, 1, 96, 4, 71, 99, 59, 44, 39, 76]
Round 227 | train_loss=1.0832 train_acc=0.6158 test_loss=1.4920 test_acc=0.4600
Round 228 | selected=[58, 29, 34, 31, 56, 3, 52, 7, 92, 14]
Round 228 | train_loss=1.1754 train_acc=0.5778 test_loss=1.3235 test_acc=0.5084
Round 229 | selected=[45, 47, 35, 42, 83, 5, 60, 21, 82, 38]
Round 229 | train_loss=1.0190 train_acc=0.6388 test_loss=1.3498 test_acc=0.5031
Round 230 | selected=[18, 79, 88, 65, 7, 83, 87, 35, 51, 98]
Round 230 | train_loss=1.0708 train_acc=0.6348 test_loss=1.4381 test_acc=0.4758
Round 231 | selected=[15, 9, 45, 35, 48, 97, 23, 62, 90, 68]
Round 231 | train_loss=0.9621 train_acc=0.6788 test_loss=1.4224 test_acc=0.4706
Round 232 | selected=[9, 68, 3, 33, 62, 35, 74, 1, 30, 7]
Round 232 | train_loss=1.0543 train_acc=0.6290 test_loss=1.3601 test_acc=0.4912
Round 233 | selected=[85, 32, 82, 39, 21, 72, 0, 84, 25, 49]
Round 233 | train_loss=0.9943 train_acc=0.6490 test_loss=1.2600 test_acc=0.5375
Round 234 | selected=[78, 42, 24, 38, 35, 51, 74, 75, 29, 57]
Round 234 | train_loss=1.0247 train_acc=0.6342 test_loss=1.4534 test_acc=0.4666
Round 235 | selected=[89, 4, 84, 66, 15, 45, 14, 0, 62, 2]
Round 235 | train_loss=1.0416 train_acc=0.6296 test_loss=1.3969 test_acc=0.4679
Round 236 | selected=[60, 31, 16, 81, 25, 90, 38, 21, 8, 91]
Round 236 | train_loss=0.8691 train_acc=0.7052 test_loss=1.2138 test_acc=0.5483
Round 237 | selected=[41, 21, 25, 56, 60, 82, 93, 70, 30, 33]
Round 237 | train_loss=0.8413 train_acc=0.7038 test_loss=1.5676 test_acc=0.4481
Round 238 | selected=[4, 38, 88, 89, 24, 33, 46, 45, 85, 77]
Round 238 | train_loss=1.0758 train_acc=0.6296 test_loss=1.4448 test_acc=0.4723
Round 239 | selected=[48, 79, 76, 5, 68, 95, 31, 1, 86, 73]
Round 239 | train_loss=1.0936 train_acc=0.6248 test_loss=1.3875 test_acc=0.4870
Round 240 | selected=[99, 49, 97, 65, 6, 71, 16, 5, 85, 47]
Round 240 | train_loss=1.0540 train_acc=0.6284 test_loss=1.3619 test_acc=0.4971
Round 241 | selected=[75, 20, 22, 64, 87, 25, 16, 76, 78, 81]
Round 241 | train_loss=0.9850 train_acc=0.6582 test_loss=1.4173 test_acc=0.4782
Round 242 | selected=[78, 1, 19, 37, 33, 75, 23, 60, 8, 87]
Round 242 | train_loss=0.9443 train_acc=0.6780 test_loss=1.5201 test_acc=0.4509
Round 243 | selected=[23, 85, 36, 35, 47, 84, 39, 58, 31, 95]
Round 243 | train_loss=1.2570 train_acc=0.5570 test_loss=1.3653 test_acc=0.4996
Round 244 | selected=[36, 23, 21, 44, 2, 22, 35, 76, 9, 49]
Round 244 | train_loss=0.9995 train_acc=0.6434 test_loss=1.2976 test_acc=0.5106
Round 245 | selected=[93, 47, 23, 83, 65, 53, 49, 50, 13, 95]
Round 245 | train_loss=0.9931 train_acc=0.6330 test_loss=1.4062 test_acc=0.4947
Round 246 | selected=[73, 6, 77, 95, 89, 32, 50, 52, 53, 64]
Round 246 | train_loss=1.0497 train_acc=0.6514 test_loss=1.6551 test_acc=0.4444
Round 247 | selected=[58, 36, 75, 66, 47, 62, 25, 83, 38, 1]
Round 247 | train_loss=1.2318 train_acc=0.5710 test_loss=1.5585 test_acc=0.4470
Round 248 | selected=[45, 57, 87, 53, 79, 10, 40, 56, 90, 18]
Round 248 | train_loss=1.1241 train_acc=0.5768 test_loss=1.3751 test_acc=0.4992
Round 249 | selected=[18, 63, 54, 32, 48, 42, 14, 7, 52, 76]
Round 249 | train_loss=1.1200 train_acc=0.5834 test_loss=1.3194 test_acc=0.5044
Round 250 | selected=[12, 64, 3, 91, 21, 52, 48, 9, 1, 22]
Round 250 | train_loss=1.0194 train_acc=0.6294 test_loss=1.2754 test_acc=0.5200
Round 251 | selected=[58, 8, 53, 54, 63, 25, 38, 57, 30, 90]
Round 251 | train_loss=0.9541 train_acc=0.6804 test_loss=1.2713 test_acc=0.5214
Round 252 | selected=[43, 4, 63, 55, 95, 5, 64, 86, 40, 30]
Round 252 | train_loss=0.9338 train_acc=0.6738 test_loss=1.3816 test_acc=0.4791
Round 253 | selected=[0, 41, 29, 19, 81, 58, 63, 64, 31, 3]
Round 253 | train_loss=1.0879 train_acc=0.6134 test_loss=1.3892 test_acc=0.4763
Round 254 | selected=[40, 42, 9, 48, 34, 46, 86, 71, 22, 60]
Round 254 | train_loss=1.0462 train_acc=0.6352 test_loss=1.2647 test_acc=0.5380
Round 255 | selected=[35, 12, 19, 99, 75, 6, 93, 91, 34, 71]
Round 255 | train_loss=1.0676 train_acc=0.6206 test_loss=1.2170 test_acc=0.5509
Round 256 | selected=[17, 92, 78, 49, 60, 45, 94, 76, 51, 20]
Round 256 | train_loss=0.9251 train_acc=0.6686 test_loss=1.2978 test_acc=0.5109
Round 257 | selected=[38, 11, 72, 73, 19, 23, 94, 75, 30, 55]
Round 257 | train_loss=0.7674 train_acc=0.7486 test_loss=1.3281 test_acc=0.4967
Round 258 | selected=[29, 25, 70, 18, 94, 67, 84, 66, 0, 77]
Round 258 | train_loss=0.9899 train_acc=0.6582 test_loss=1.3055 test_acc=0.5182
Round 259 | selected=[52, 19, 67, 94, 12, 57, 66, 99, 26, 41]
Round 259 | train_loss=0.8598 train_acc=0.7114 test_loss=1.2402 test_acc=0.5495
Round 260 | selected=[91, 35, 45, 56, 81, 83, 93, 60, 12, 65]
Round 260 | train_loss=0.8280 train_acc=0.7076 test_loss=1.1657 test_acc=0.5828
Round 261 | selected=[54, 18, 81, 50, 56, 43, 92, 32, 7, 15]
Round 261 | train_loss=0.9059 train_acc=0.6792 test_loss=1.1710 test_acc=0.5711
Round 262 | selected=[82, 21, 86, 12, 89, 14, 37, 38, 56, 7]
Round 262 | train_loss=0.7549 train_acc=0.7494 test_loss=1.3667 test_acc=0.5208
Round 263 | selected=[54, 91, 63, 39, 94, 16, 2, 52, 17, 21]
Round 263 | train_loss=0.8270 train_acc=0.7168 test_loss=1.3354 test_acc=0.5548
Round 264 | selected=[84, 47, 79, 39, 43, 25, 16, 85, 75, 5]
Round 264 | train_loss=1.1511 train_acc=0.6204 test_loss=1.1881 test_acc=0.5780
Round 265 | selected=[36, 72, 30, 68, 29, 7, 42, 10, 87, 23]
Round 265 | train_loss=0.8235 train_acc=0.7050 test_loss=1.1224 test_acc=0.5837
Round 266 | selected=[75, 76, 14, 48, 59, 28, 60, 23, 42, 66]
Round 266 | train_loss=0.8768 train_acc=0.6924 test_loss=1.1453 test_acc=0.5787
Round 267 | selected=[70, 10, 17, 3, 41, 11, 55, 38, 76, 44]
Round 267 | train_loss=0.9916 train_acc=0.6504 test_loss=1.2167 test_acc=0.5321
Round 268 | selected=[97, 49, 23, 34, 48, 59, 46, 96, 80, 70]
Round 268 | train_loss=0.9033 train_acc=0.6804 test_loss=1.2258 test_acc=0.5300
Round 269 | selected=[33, 79, 18, 68, 54, 87, 4, 56, 46, 44]
Round 269 | train_loss=0.9822 train_acc=0.6504 test_loss=1.2380 test_acc=0.5477
Round 270 | selected=[44, 51, 80, 99, 39, 66, 52, 68, 8, 89]
Round 270 | train_loss=0.7210 train_acc=0.7600 test_loss=1.2632 test_acc=0.5525
Round 271 | selected=[90, 77, 24, 13, 84, 11, 63, 2, 38, 65]
Round 271 | train_loss=0.8937 train_acc=0.6814 test_loss=1.1750 test_acc=0.5696
Round 272 | selected=[48, 83, 1, 59, 8, 65, 88, 31, 37, 61]
Round 272 | train_loss=0.8995 train_acc=0.6762 test_loss=1.1606 test_acc=0.5696
Round 273 | selected=[33, 47, 86, 28, 43, 88, 90, 46, 42, 97]
Round 273 | train_loss=0.8197 train_acc=0.7124 test_loss=1.3695 test_acc=0.4930
Round 274 | selected=[41, 46, 88, 66, 43, 23, 39, 62, 14, 13]
Round 274 | train_loss=0.8272 train_acc=0.7252 test_loss=1.5554 test_acc=0.4698
Round 275 | selected=[61, 49, 76, 43, 34, 75, 19, 77, 13, 96]
Round 275 | train_loss=0.9170 train_acc=0.6922 test_loss=1.5398 test_acc=0.4946
Round 276 | selected=[63, 14, 97, 54, 11, 13, 95, 53, 80, 50]
Round 276 | train_loss=0.9029 train_acc=0.6814 test_loss=1.3309 test_acc=0.5338
Round 277 | selected=[36, 0, 55, 23, 21, 84, 37, 43, 79, 51]
Round 277 | train_loss=0.9849 train_acc=0.6606 test_loss=1.2599 test_acc=0.5391
Round 278 | selected=[88, 16, 12, 33, 22, 77, 38, 87, 92, 24]
Round 278 | train_loss=0.8175 train_acc=0.7128 test_loss=1.1089 test_acc=0.6004
Round 279 | selected=[50, 1, 88, 64, 27, 11, 59, 91, 32, 78]
Round 279 | train_loss=0.7396 train_acc=0.7526 test_loss=1.1004 test_acc=0.5888
Round 280 | selected=[49, 54, 95, 5, 79, 4, 90, 22, 41, 46]
Round 280 | train_loss=0.9507 train_acc=0.6526 test_loss=1.1163 test_acc=0.5831
Round 281 | selected=[30, 44, 36, 49, 52, 58, 41, 65, 93, 75]
Round 281 | train_loss=0.8592 train_acc=0.6778 test_loss=1.1139 test_acc=0.6034
Round 282 | selected=[22, 85, 29, 18, 19, 7, 40, 70, 88, 83]
Round 282 | train_loss=0.8207 train_acc=0.7186 test_loss=1.1421 test_acc=0.5889
Round 283 | selected=[84, 8, 42, 58, 65, 97, 26, 74, 5, 95]
Round 283 | train_loss=0.9659 train_acc=0.6640 test_loss=1.1330 test_acc=0.5706
Round 284 | selected=[93, 42, 37, 78, 6, 35, 86, 70, 13, 83]
Round 284 | train_loss=0.8236 train_acc=0.7028 test_loss=1.1948 test_acc=0.5403
Round 285 | selected=[21, 98, 36, 86, 47, 90, 69, 48, 97, 75]
Round 285 | train_loss=0.8112 train_acc=0.7070 test_loss=1.0788 test_acc=0.5907
Round 286 | selected=[86, 3, 51, 72, 66, 17, 48, 56, 43, 9]
Round 286 | train_loss=0.9024 train_acc=0.6548 test_loss=1.0147 test_acc=0.6217
Round 287 | selected=[77, 47, 18, 84, 2, 34, 15, 0, 63, 91]
Round 287 | train_loss=0.8040 train_acc=0.7148 test_loss=1.0490 test_acc=0.6146
Round 288 | selected=[70, 7, 18, 56, 15, 51, 42, 0, 28, 2]
Round 288 | train_loss=0.8921 train_acc=0.6698 test_loss=1.1034 test_acc=0.6047
Round 289 | selected=[0, 20, 50, 48, 42, 15, 26, 64, 30, 46]
Round 289 | train_loss=0.7834 train_acc=0.7194 test_loss=1.1147 test_acc=0.5966
Round 290 | selected=[58, 43, 87, 13, 83, 56, 66, 78, 39, 25]
Round 290 | train_loss=0.7494 train_acc=0.7326 test_loss=1.1315 test_acc=0.5911
Round 291 | selected=[97, 98, 38, 37, 11, 1, 23, 71, 50, 66]
Round 291 | train_loss=0.7425 train_acc=0.7468 test_loss=1.1215 test_acc=0.5871
Round 292 | selected=[80, 50, 82, 7, 95, 75, 3, 56, 72, 66]
Round 292 | train_loss=0.7860 train_acc=0.7286 test_loss=1.1630 test_acc=0.5794
Round 293 | selected=[95, 7, 20, 34, 4, 62, 84, 91, 73, 98]
Round 293 | train_loss=0.7673 train_acc=0.7426 test_loss=1.1896 test_acc=0.5688
Round 294 | selected=[69, 12, 11, 48, 39, 90, 21, 53, 4, 94]
Round 294 | train_loss=0.7701 train_acc=0.7368 test_loss=1.0039 test_acc=0.6355
Round 295 | selected=[47, 84, 55, 14, 77, 50, 69, 29, 66, 24]
Round 295 | train_loss=0.7332 train_acc=0.7472 test_loss=1.0032 test_acc=0.6369
Round 296 | selected=[8, 64, 63, 88, 95, 47, 14, 98, 86, 76]
Round 296 | train_loss=0.6680 train_acc=0.7760 test_loss=1.1527 test_acc=0.5657
Round 297 | selected=[94, 42, 5, 52, 69, 16, 93, 50, 78, 44]
Round 297 | train_loss=0.8831 train_acc=0.6674 test_loss=1.1575 test_acc=0.5568
Round 298 | selected=[81, 3, 93, 73, 43, 91, 53, 21, 19, 18]
Round 298 | train_loss=0.7268 train_acc=0.7308 test_loss=0.9738 test_acc=0.6502
Round 299 | selected=[77, 32, 91, 48, 59, 29, 14, 22, 46, 65]
Round 299 | train_loss=0.7005 train_acc=0.7734 test_loss=1.0079 test_acc=0.6368
Round 300 | selected=[98, 5, 90, 73, 35, 13, 34, 82, 30, 0]
Round 300 | train_loss=0.6194 train_acc=0.7828 test_loss=1.0662 test_acc=0.6070
Round 301 | selected=[93, 98, 83, 65, 91, 13, 20, 60, 11, 62]
Round 301 | train_loss=0.6308 train_acc=0.7826 test_loss=1.1509 test_acc=0.5857
Round 302 | selected=[7, 78, 60, 95, 98, 21, 71, 79, 69, 11]
Round 302 | train_loss=0.7707 train_acc=0.7248 test_loss=1.0623 test_acc=0.6107
Round 303 | selected=[45, 38, 77, 21, 1, 9, 76, 47, 60, 80]
Round 303 | train_loss=0.6749 train_acc=0.7626 test_loss=1.0777 test_acc=0.6114
Round 304 | selected=[77, 70, 6, 89, 20, 42, 47, 75, 43, 96]
Round 304 | train_loss=0.8770 train_acc=0.6864 test_loss=1.1357 test_acc=0.5809
Round 305 | selected=[29, 35, 80, 62, 28, 94, 83, 69, 8, 25]
Round 305 | train_loss=0.6612 train_acc=0.7728 test_loss=1.2539 test_acc=0.5639
Round 306 | selected=[6, 44, 41, 43, 88, 85, 1, 39, 30, 47]
Round 306 | train_loss=0.7009 train_acc=0.7570 test_loss=1.2488 test_acc=0.5833
Round 307 | selected=[48, 39, 6, 83, 14, 84, 3, 44, 70, 58]
Round 307 | train_loss=0.7309 train_acc=0.7564 test_loss=1.2027 test_acc=0.5850
Round 308 | selected=[7, 71, 22, 27, 64, 42, 1, 44, 81, 9]
Round 308 | train_loss=0.9408 train_acc=0.6520 test_loss=1.0636 test_acc=0.6086
Round 309 | selected=[57, 74, 5, 3, 97, 71, 43, 63, 23, 96]
Round 309 | train_loss=0.8862 train_acc=0.6768 test_loss=1.1739 test_acc=0.5797
Round 310 | selected=[2, 62, 79, 16, 44, 42, 12, 78, 58, 99]
Round 310 | train_loss=0.8436 train_acc=0.7040 test_loss=1.3281 test_acc=0.5480
Round 311 | selected=[22, 46, 57, 81, 15, 51, 30, 88, 17, 56]
Round 311 | train_loss=0.7153 train_acc=0.7414 test_loss=1.2116 test_acc=0.5781
Round 312 | selected=[70, 46, 11, 62, 56, 73, 13, 40, 59, 94]
Round 312 | train_loss=0.8241 train_acc=0.7074 test_loss=1.0782 test_acc=0.6162
Round 313 | selected=[71, 90, 56, 25, 50, 73, 43, 51, 61, 11]
Round 313 | train_loss=0.7002 train_acc=0.7676 test_loss=1.1779 test_acc=0.6029
Round 314 | selected=[50, 13, 46, 30, 6, 91, 38, 18, 36, 9]
Round 314 | train_loss=0.7014 train_acc=0.7728 test_loss=1.1291 test_acc=0.6205
Round 315 | selected=[61, 51, 54, 99, 69, 58, 31, 20, 70, 83]
Round 315 | train_loss=0.9290 train_acc=0.6658 test_loss=0.9501 test_acc=0.6560
Round 316 | selected=[84, 88, 34, 18, 13, 68, 23, 92, 73, 31]
Round 316 | train_loss=0.6667 train_acc=0.7810 test_loss=1.0111 test_acc=0.6381
Round 317 | selected=[36, 71, 44, 74, 31, 14, 88, 17, 10, 78]
Round 317 | train_loss=0.8773 train_acc=0.7038 test_loss=1.0081 test_acc=0.6302
Round 318 | selected=[34, 66, 9, 76, 94, 59, 87, 80, 33, 26]
Round 318 | train_loss=0.7000 train_acc=0.7624 test_loss=0.9848 test_acc=0.6389
Round 319 | selected=[93, 46, 87, 25, 14, 83, 65, 10, 49, 98]
Round 319 | train_loss=0.7107 train_acc=0.7482 test_loss=1.0204 test_acc=0.6328
Round 320 | selected=[90, 75, 10, 24, 15, 53, 49, 58, 28, 1]
Round 320 | train_loss=0.6650 train_acc=0.7742 test_loss=1.0644 test_acc=0.6050
Round 321 | selected=[94, 27, 28, 3, 16, 2, 17, 68, 96, 24]
Round 321 | train_loss=0.7530 train_acc=0.7264 test_loss=1.0275 test_acc=0.6311
Round 322 | selected=[5, 23, 97, 7, 65, 63, 33, 53, 70, 42]
Round 322 | train_loss=0.7745 train_acc=0.7234 test_loss=1.0787 test_acc=0.6109
Round 323 | selected=[24, 87, 54, 18, 30, 2, 34, 59, 72, 12]
Round 323 | train_loss=0.6672 train_acc=0.7538 test_loss=1.1944 test_acc=0.5743
Round 324 | selected=[31, 20, 15, 95, 51, 24, 11, 97, 45, 59]
Round 324 | train_loss=0.8017 train_acc=0.7166 test_loss=1.2281 test_acc=0.5631
Round 325 | selected=[30, 93, 94, 31, 97, 81, 99, 48, 32, 45]
Round 325 | train_loss=0.6141 train_acc=0.7908 test_loss=1.0559 test_acc=0.6078
Round 326 | selected=[35, 31, 2, 85, 33, 78, 96, 70, 71, 37]
Round 326 | train_loss=0.7184 train_acc=0.7430 test_loss=1.0951 test_acc=0.5953
Round 327 | selected=[20, 75, 16, 83, 4, 67, 1, 55, 88, 7]
Round 327 | train_loss=0.6702 train_acc=0.7664 test_loss=1.1252 test_acc=0.5937
Round 328 | selected=[46, 9, 25, 1, 74, 8, 56, 59, 0, 10]
Round 328 | train_loss=0.7489 train_acc=0.7326 test_loss=1.1576 test_acc=0.5907
Round 329 | selected=[86, 51, 65, 17, 85, 95, 88, 22, 12, 23]
Round 329 | train_loss=0.6972 train_acc=0.7542 test_loss=0.9786 test_acc=0.6511
Round 330 | selected=[51, 24, 81, 80, 1, 74, 26, 54, 57, 18]
Round 330 | train_loss=0.7117 train_acc=0.7460 test_loss=1.0289 test_acc=0.6225
Round 331 | selected=[69, 75, 92, 82, 73, 80, 14, 50, 10, 2]
Round 331 | train_loss=0.6292 train_acc=0.7768 test_loss=1.2597 test_acc=0.5705
Round 332 | selected=[1, 8, 83, 97, 66, 92, 69, 78, 81, 6]
Round 332 | train_loss=0.6176 train_acc=0.7884 test_loss=1.3971 test_acc=0.5421
Round 333 | selected=[85, 94, 51, 2, 33, 89, 49, 32, 52, 78]
Round 333 | train_loss=0.7001 train_acc=0.7570 test_loss=1.2527 test_acc=0.5710
Round 334 | selected=[58, 0, 47, 95, 28, 94, 11, 18, 39, 62]
Round 334 | train_loss=0.7748 train_acc=0.7342 test_loss=0.9833 test_acc=0.6437
Round 335 | selected=[86, 16, 7, 19, 29, 76, 57, 18, 83, 41]
Round 335 | train_loss=0.6451 train_acc=0.7778 test_loss=1.1401 test_acc=0.5926
Round 336 | selected=[14, 87, 91, 38, 51, 6, 64, 0, 53, 58]
Round 336 | train_loss=0.6000 train_acc=0.7930 test_loss=1.2606 test_acc=0.5647
Round 337 | selected=[51, 34, 43, 66, 0, 99, 73, 74, 38, 83]
Round 337 | train_loss=0.7730 train_acc=0.7486 test_loss=1.1028 test_acc=0.6083
Round 338 | selected=[66, 53, 20, 91, 36, 59, 9, 55, 28, 64]
Round 338 | train_loss=0.6472 train_acc=0.7710 test_loss=1.0520 test_acc=0.6332
Round 339 | selected=[56, 55, 24, 48, 87, 20, 51, 18, 41, 69]
Round 339 | train_loss=0.7304 train_acc=0.7468 test_loss=1.0341 test_acc=0.6520
Round 340 | selected=[1, 68, 80, 17, 28, 69, 88, 54, 90, 15]
Round 340 | train_loss=0.7459 train_acc=0.7410 test_loss=1.1018 test_acc=0.6071
Round 341 | selected=[74, 46, 14, 39, 38, 56, 18, 44, 0, 6]
Round 341 | train_loss=0.7327 train_acc=0.7602 test_loss=1.0499 test_acc=0.6151
Round 342 | selected=[19, 36, 85, 47, 32, 99, 65, 93, 72, 2]
Round 342 | train_loss=0.7524 train_acc=0.7420 test_loss=1.0133 test_acc=0.6149
Round 343 | selected=[87, 83, 91, 90, 70, 55, 89, 32, 23, 7]
Round 343 | train_loss=0.6106 train_acc=0.7818 test_loss=1.2140 test_acc=0.5688
Round 344 | selected=[15, 4, 80, 16, 22, 91, 81, 36, 32, 24]
Round 344 | train_loss=0.6362 train_acc=0.7886 test_loss=1.1652 test_acc=0.5776
Round 345 | selected=[17, 24, 36, 58, 84, 10, 83, 18, 52, 28]
Round 345 | train_loss=0.7451 train_acc=0.7492 test_loss=1.0150 test_acc=0.6379
Round 346 | selected=[31, 54, 17, 29, 4, 44, 63, 93, 71, 23]
Round 346 | train_loss=0.7903 train_acc=0.7108 test_loss=1.0762 test_acc=0.6174
Round 347 | selected=[11, 34, 27, 94, 55, 87, 60, 10, 32, 52]
Round 347 | train_loss=0.6767 train_acc=0.7580 test_loss=1.2172 test_acc=0.5644
Round 348 | selected=[86, 4, 26, 69, 33, 40, 53, 44, 28, 99]
Round 348 | train_loss=0.7083 train_acc=0.7568 test_loss=1.1012 test_acc=0.6094
Round 349 | selected=[52, 50, 2, 0, 46, 44, 77, 16, 25, 13]
Round 349 | train_loss=0.7010 train_acc=0.7550 test_loss=1.0587 test_acc=0.6266
Round 350 | selected=[47, 66, 30, 70, 15, 85, 96, 13, 34, 77]
Round 350 | train_loss=0.7985 train_acc=0.7274 test_loss=0.9968 test_acc=0.6423
Round 351 | selected=[1, 51, 81, 97, 23, 27, 29, 30, 71, 77]
Round 351 | train_loss=0.5861 train_acc=0.8038 test_loss=1.0928 test_acc=0.6048
Round 352 | selected=[52, 8, 3, 68, 77, 94, 46, 49, 81, 7]
Round 352 | train_loss=0.5993 train_acc=0.7956 test_loss=1.0231 test_acc=0.6459
Round 353 | selected=[29, 33, 15, 72, 68, 75, 27, 28, 55, 45]
Round 353 | train_loss=0.5359 train_acc=0.8290 test_loss=0.9985 test_acc=0.6455
Round 354 | selected=[75, 27, 15, 70, 7, 9, 52, 11, 49, 81]
Round 354 | train_loss=0.6556 train_acc=0.7802 test_loss=1.0162 test_acc=0.6466
Round 355 | selected=[64, 16, 99, 76, 15, 79, 65, 20, 12, 0]
Round 355 | train_loss=0.6479 train_acc=0.7798 test_loss=0.9519 test_acc=0.6652
Round 356 | selected=[57, 94, 82, 91, 58, 77, 78, 99, 51, 88]
Round 356 | train_loss=0.6547 train_acc=0.7848 test_loss=0.8681 test_acc=0.6882
Round 357 | selected=[38, 77, 39, 31, 11, 3, 90, 84, 17, 0]
Round 357 | train_loss=0.6314 train_acc=0.7790 test_loss=0.9537 test_acc=0.6374
Round 358 | selected=[69, 91, 75, 26, 17, 85, 80, 61, 14, 34]
Round 358 | train_loss=0.5487 train_acc=0.8066 test_loss=1.0111 test_acc=0.6192
Round 359 | selected=[4, 34, 85, 38, 25, 73, 44, 65, 22, 74]
Round 359 | train_loss=0.6086 train_acc=0.7944 test_loss=0.9070 test_acc=0.6706
Round 360 | selected=[10, 25, 2, 27, 38, 45, 18, 57, 86, 36]
Round 360 | train_loss=0.5172 train_acc=0.8168 test_loss=0.9711 test_acc=0.6576
Round 361 | selected=[1, 99, 97, 39, 12, 41, 11, 21, 83, 86]
Round 361 | train_loss=0.5696 train_acc=0.8056 test_loss=0.9428 test_acc=0.6605
Round 362 | selected=[17, 15, 30, 13, 9, 85, 71, 49, 55, 78]
Round 362 | train_loss=0.5884 train_acc=0.7978 test_loss=0.8547 test_acc=0.6937
Round 363 | selected=[57, 62, 16, 78, 39, 7, 2, 76, 67, 4]
Round 363 | train_loss=0.5809 train_acc=0.8046 test_loss=1.0220 test_acc=0.6255
Round 364 | selected=[13, 43, 3, 50, 4, 27, 60, 32, 46, 90]
Round 364 | train_loss=0.5712 train_acc=0.8034 test_loss=1.0419 test_acc=0.6223
Round 365 | selected=[13, 65, 18, 9, 45, 98, 91, 44, 51, 64]
Round 365 | train_loss=0.5158 train_acc=0.8252 test_loss=1.0696 test_acc=0.6219
Round 366 | selected=[14, 81, 21, 69, 26, 62, 25, 29, 68, 63]
Round 366 | train_loss=0.5285 train_acc=0.8214 test_loss=0.9033 test_acc=0.6801
Round 367 | selected=[46, 11, 67, 44, 17, 79, 84, 31, 66, 12]
Round 367 | train_loss=0.6596 train_acc=0.7800 test_loss=0.8863 test_acc=0.6800
Round 368 | selected=[58, 72, 78, 24, 88, 77, 64, 65, 14, 15]
Round 368 | train_loss=0.6048 train_acc=0.7758 test_loss=0.9832 test_acc=0.6440
Round 369 | selected=[78, 9, 91, 30, 79, 84, 5, 48, 92, 98]
Round 369 | train_loss=0.5580 train_acc=0.8064 test_loss=1.1255 test_acc=0.5974
Round 370 | selected=[85, 50, 25, 24, 46, 6, 55, 96, 15, 62]
Round 370 | train_loss=0.6086 train_acc=0.8018 test_loss=1.0827 test_acc=0.6363
Round 371 | selected=[94, 65, 79, 96, 85, 9, 91, 21, 2, 53]
Round 371 | train_loss=0.6035 train_acc=0.7942 test_loss=1.0376 test_acc=0.6721
Round 372 | selected=[18, 65, 68, 16, 6, 53, 75, 24, 60, 54]
Round 372 | train_loss=0.7219 train_acc=0.7682 test_loss=0.9667 test_acc=0.6604
Round 373 | selected=[90, 32, 77, 89, 85, 19, 12, 10, 75, 13]
Round 373 | train_loss=0.6415 train_acc=0.7678 test_loss=0.8644 test_acc=0.6896
Round 374 | selected=[20, 17, 76, 10, 44, 48, 46, 38, 96, 19]
Round 374 | train_loss=0.6277 train_acc=0.7824 test_loss=0.9986 test_acc=0.6325
Round 375 | selected=[56, 84, 70, 49, 74, 90, 80, 54, 23, 68]
Round 375 | train_loss=0.5680 train_acc=0.7952 test_loss=1.0268 test_acc=0.6520
Round 376 | selected=[52, 72, 19, 82, 65, 68, 64, 84, 58, 35]
Round 376 | train_loss=0.5468 train_acc=0.8108 test_loss=1.0878 test_acc=0.6666
Round 377 | selected=[33, 82, 67, 92, 4, 30, 68, 37, 96, 17]
Round 377 | train_loss=0.5302 train_acc=0.8286 test_loss=1.1537 test_acc=0.6695
Round 378 | selected=[47, 77, 30, 84, 76, 63, 19, 73, 26, 9]
Round 378 | train_loss=0.6117 train_acc=0.7998 test_loss=1.0954 test_acc=0.6627
Round 379 | selected=[70, 92, 88, 99, 94, 81, 98, 74, 93, 79]
Round 379 | train_loss=0.8089 train_acc=0.7246 test_loss=0.9983 test_acc=0.6398
Round 380 | selected=[79, 54, 74, 28, 53, 10, 75, 34, 73, 20]
Round 380 | train_loss=0.6679 train_acc=0.7618 test_loss=1.2113 test_acc=0.5902
Round 381 | selected=[42, 70, 62, 81, 8, 68, 48, 82, 72, 92]
Round 381 | train_loss=0.5999 train_acc=0.7930 test_loss=1.4339 test_acc=0.5306
Round 382 | selected=[79, 43, 59, 46, 18, 36, 78, 17, 64, 57]
Round 382 | train_loss=0.7125 train_acc=0.7516 test_loss=1.1168 test_acc=0.6082
Round 383 | selected=[74, 11, 68, 5, 22, 79, 83, 29, 63, 86]
Round 383 | train_loss=0.6512 train_acc=0.7714 test_loss=0.8976 test_acc=0.6756
Round 384 | selected=[55, 96, 75, 41, 14, 21, 46, 22, 56, 37]
Round 384 | train_loss=0.5526 train_acc=0.8286 test_loss=0.9444 test_acc=0.6665
Round 385 | selected=[92, 37, 51, 74, 52, 26, 47, 86, 63, 27]
Round 385 | train_loss=0.5973 train_acc=0.8002 test_loss=1.0718 test_acc=0.6370
Round 386 | selected=[0, 1, 58, 23, 40, 67, 66, 90, 19, 38]
Round 386 | train_loss=0.6084 train_acc=0.7870 test_loss=0.8458 test_acc=0.6986
Round 387 | selected=[31, 70, 62, 64, 12, 27, 83, 63, 55, 49]
Round 387 | train_loss=0.4904 train_acc=0.8262 test_loss=0.8101 test_acc=0.7083
Round 388 | selected=[57, 91, 58, 26, 67, 77, 15, 54, 0, 16]
Round 388 | train_loss=0.5623 train_acc=0.8052 test_loss=0.8417 test_acc=0.6913
Round 389 | selected=[44, 48, 57, 98, 76, 71, 59, 7, 65, 34]
Round 389 | train_loss=0.5900 train_acc=0.8002 test_loss=0.8360 test_acc=0.6925
Round 390 | selected=[61, 12, 42, 88, 53, 17, 58, 77, 34, 26]
Round 390 | train_loss=0.6013 train_acc=0.7878 test_loss=0.7942 test_acc=0.7116
Round 391 | selected=[95, 86, 87, 42, 13, 90, 66, 19, 88, 58]
Round 391 | train_loss=0.4783 train_acc=0.8312 test_loss=0.8091 test_acc=0.7134
Round 392 | selected=[55, 70, 22, 8, 25, 47, 98, 27, 13, 12]
Round 392 | train_loss=0.4522 train_acc=0.8496 test_loss=0.8878 test_acc=0.6965
Round 393 | selected=[75, 84, 48, 0, 19, 57, 16, 78, 27, 45]
Round 393 | train_loss=0.5371 train_acc=0.8220 test_loss=0.7824 test_acc=0.7271
Round 394 | selected=[96, 40, 71, 3, 41, 80, 0, 10, 32, 67]
Round 394 | train_loss=0.5688 train_acc=0.7958 test_loss=0.7935 test_acc=0.7140
Round 395 | selected=[58, 21, 17, 54, 89, 96, 64, 92, 35, 7]
Round 395 | train_loss=0.5000 train_acc=0.8250 test_loss=0.9497 test_acc=0.6537
Round 396 | selected=[84, 94, 4, 38, 69, 85, 81, 35, 52, 83]
Round 396 | train_loss=0.4716 train_acc=0.8448 test_loss=0.9655 test_acc=0.6511
Round 397 | selected=[39, 74, 40, 55, 56, 54, 45, 41, 3, 24]
Round 397 | train_loss=0.5341 train_acc=0.8124 test_loss=0.9108 test_acc=0.6797
Round 398 | selected=[38, 67, 5, 11, 0, 16, 49, 90, 15, 92]
Round 398 | train_loss=0.4786 train_acc=0.8392 test_loss=0.8259 test_acc=0.7058
Round 399 | selected=[74, 62, 26, 49, 15, 11, 8, 10, 0, 20]
Round 399 | train_loss=0.5820 train_acc=0.8050 test_loss=0.9072 test_acc=0.6651
Round 400 | selected=[88, 55, 91, 92, 74, 87, 67, 97, 44, 93]
Round 400 | train_loss=0.4519 train_acc=0.8448 test_loss=0.9716 test_acc=0.6376
Round 401 | selected=[66, 51, 90, 69, 8, 32, 9, 93, 34, 94]
Round 401 | train_loss=0.5204 train_acc=0.8150 test_loss=0.9121 test_acc=0.6674
Round 402 | selected=[49, 90, 97, 22, 25, 50, 16, 15, 12, 84]
Round 402 | train_loss=0.4455 train_acc=0.8492 test_loss=0.7660 test_acc=0.7287
Round 403 | selected=[42, 62, 15, 77, 83, 48, 2, 79, 27, 8]
Round 403 | train_loss=0.5016 train_acc=0.8296 test_loss=0.7755 test_acc=0.7275
Round 404 | selected=[12, 15, 32, 7, 89, 13, 4, 98, 11, 86]
Round 404 | train_loss=0.4759 train_acc=0.8420 test_loss=0.7771 test_acc=0.7216
Round 405 | selected=[1, 53, 89, 50, 20, 57, 68, 23, 96, 41]
Round 405 | train_loss=0.4781 train_acc=0.8326 test_loss=0.7657 test_acc=0.7246
Round 406 | selected=[82, 95, 18, 19, 28, 94, 92, 62, 17, 64]
Round 406 | train_loss=0.4397 train_acc=0.8518 test_loss=0.7636 test_acc=0.7291
Round 407 | selected=[86, 97, 47, 42, 70, 15, 68, 12, 13, 48]
Round 407 | train_loss=0.4472 train_acc=0.8406 test_loss=0.7816 test_acc=0.7120
Round 408 | selected=[24, 81, 82, 48, 35, 79, 50, 52, 14, 85]
Round 408 | train_loss=0.4927 train_acc=0.8316 test_loss=0.8354 test_acc=0.7016
Round 409 | selected=[35, 22, 45, 20, 42, 67, 59, 66, 9, 63]
Round 409 | train_loss=0.5393 train_acc=0.8128 test_loss=0.8199 test_acc=0.7046
Round 410 | selected=[10, 57, 36, 6, 81, 2, 23, 35, 11, 76]
Round 410 | train_loss=0.5150 train_acc=0.8188 test_loss=0.7810 test_acc=0.7282
Round 411 | selected=[96, 86, 30, 58, 71, 23, 48, 7, 79, 57]
Round 411 | train_loss=0.4628 train_acc=0.8390 test_loss=0.7898 test_acc=0.7277
Round 412 | selected=[11, 25, 20, 27, 49, 63, 72, 71, 93, 95]
Round 412 | train_loss=0.5014 train_acc=0.8226 test_loss=0.8058 test_acc=0.7050
Round 413 | selected=[5, 58, 1, 82, 39, 70, 18, 11, 34, 62]
Round 413 | train_loss=0.5396 train_acc=0.8154 test_loss=0.7930 test_acc=0.7157
Round 414 | selected=[34, 35, 56, 7, 24, 67, 88, 71, 50, 16]
Round 414 | train_loss=0.4576 train_acc=0.8458 test_loss=0.7437 test_acc=0.7326
Round 415 | selected=[76, 69, 59, 0, 81, 64, 56, 60, 63, 9]
Round 415 | train_loss=0.4404 train_acc=0.8492 test_loss=0.8141 test_acc=0.7221
Round 416 | selected=[73, 98, 44, 24, 95, 70, 71, 96, 76, 36]
Round 416 | train_loss=0.4809 train_acc=0.8310 test_loss=0.8233 test_acc=0.7188
Round 417 | selected=[7, 38, 36, 75, 81, 49, 31, 1, 35, 90]
Round 417 | train_loss=0.4557 train_acc=0.8416 test_loss=0.7516 test_acc=0.7323
Round 418 | selected=[9, 74, 43, 21, 88, 5, 91, 46, 42, 58]
Round 418 | train_loss=0.5298 train_acc=0.8188 test_loss=0.8700 test_acc=0.6907
Round 419 | selected=[6, 43, 11, 12, 41, 47, 21, 48, 99, 18]
Round 419 | train_loss=0.4971 train_acc=0.8198 test_loss=0.9490 test_acc=0.6710
Round 420 | selected=[13, 35, 81, 31, 3, 10, 15, 80, 17, 87]
Round 420 | train_loss=0.4231 train_acc=0.8502 test_loss=0.8115 test_acc=0.7088
Round 421 | selected=[83, 29, 35, 82, 98, 97, 76, 77, 40, 17]
Round 421 | train_loss=0.4434 train_acc=0.8422 test_loss=0.7691 test_acc=0.7234
Round 422 | selected=[37, 34, 75, 16, 12, 98, 64, 92, 56, 11]
Round 422 | train_loss=0.3429 train_acc=0.8834 test_loss=0.7830 test_acc=0.7225
Round 423 | selected=[44, 73, 32, 27, 20, 19, 82, 63, 65, 95]
Round 423 | train_loss=0.4017 train_acc=0.8616 test_loss=0.7554 test_acc=0.7364
Round 424 | selected=[11, 55, 33, 62, 83, 32, 17, 38, 61, 86]
Round 424 | train_loss=0.3682 train_acc=0.8724 test_loss=0.7496 test_acc=0.7298
Round 425 | selected=[87, 66, 31, 76, 22, 36, 17, 7, 64, 99]
Round 425 | train_loss=0.3915 train_acc=0.8720 test_loss=0.8044 test_acc=0.7097
Round 426 | selected=[45, 31, 73, 94, 28, 49, 71, 34, 97, 26]
Round 426 | train_loss=0.4101 train_acc=0.8606 test_loss=0.7958 test_acc=0.7109
Round 427 | selected=[85, 17, 20, 49, 35, 76, 65, 93, 7, 2]
Round 427 | train_loss=0.4512 train_acc=0.8412 test_loss=0.7172 test_acc=0.7442
Round 428 | selected=[61, 79, 58, 26, 51, 16, 8, 35, 64, 19]
Round 428 | train_loss=0.3846 train_acc=0.8726 test_loss=0.8279 test_acc=0.7124
Round 429 | selected=[73, 72, 9, 1, 51, 67, 24, 95, 44, 85]
Round 429 | train_loss=0.4273 train_acc=0.8546 test_loss=0.7589 test_acc=0.7361
Round 430 | selected=[16, 18, 39, 7, 53, 56, 13, 67, 49, 59]
Round 430 | train_loss=0.3768 train_acc=0.8696 test_loss=0.6796 test_acc=0.7617
Round 431 | selected=[37, 85, 62, 7, 73, 53, 39, 74, 71, 93]
Round 431 | train_loss=0.4309 train_acc=0.8480 test_loss=0.6582 test_acc=0.7681
Round 432 | selected=[39, 1, 15, 46, 49, 94, 24, 51, 19, 10]
Round 432 | train_loss=0.3640 train_acc=0.8740 test_loss=0.7730 test_acc=0.7200
Round 433 | selected=[25, 97, 77, 80, 82, 90, 88, 37, 78, 27]
Round 433 | train_loss=0.3575 train_acc=0.8818 test_loss=0.7455 test_acc=0.7308
Round 434 | selected=[66, 76, 47, 42, 46, 25, 96, 19, 61, 72]
Round 434 | train_loss=0.4139 train_acc=0.8602 test_loss=0.6891 test_acc=0.7551
Round 435 | selected=[19, 28, 0, 96, 71, 1, 99, 2, 43, 81]
Round 435 | train_loss=0.3913 train_acc=0.8674 test_loss=0.6732 test_acc=0.7647
Round 436 | selected=[1, 16, 9, 90, 68, 94, 12, 19, 40, 54]
Round 436 | train_loss=0.3217 train_acc=0.8912 test_loss=0.7392 test_acc=0.7450
Round 437 | selected=[27, 89, 97, 86, 12, 15, 55, 50, 99, 47]
Round 437 | train_loss=0.3534 train_acc=0.8820 test_loss=0.6999 test_acc=0.7549
Round 438 | selected=[46, 52, 88, 24, 5, 90, 42, 4, 83, 1]
Round 438 | train_loss=0.4630 train_acc=0.8436 test_loss=0.7045 test_acc=0.7482
Round 439 | selected=[58, 51, 54, 15, 96, 67, 11, 13, 25, 18]
Round 439 | train_loss=0.4188 train_acc=0.8532 test_loss=0.7750 test_acc=0.7152
Round 440 | selected=[88, 98, 4, 34, 96, 41, 86, 5, 62, 59]
Round 440 | train_loss=0.3919 train_acc=0.8636 test_loss=0.8128 test_acc=0.7073
Round 441 | selected=[18, 68, 15, 26, 47, 53, 74, 38, 51, 28]
Round 441 | train_loss=0.4100 train_acc=0.8556 test_loss=0.9691 test_acc=0.6655
Round 442 | selected=[40, 97, 21, 85, 11, 3, 28, 18, 0, 49]
Round 442 | train_loss=0.4342 train_acc=0.8516 test_loss=0.7704 test_acc=0.7274
Round 443 | selected=[17, 83, 28, 54, 19, 24, 23, 97, 38, 11]
Round 443 | train_loss=0.3806 train_acc=0.8674 test_loss=0.7621 test_acc=0.7304
Round 444 | selected=[33, 29, 52, 30, 69, 81, 97, 16, 28, 3]
Round 444 | train_loss=0.3372 train_acc=0.8858 test_loss=0.9084 test_acc=0.7017
Round 445 | selected=[62, 16, 94, 91, 52, 44, 71, 34, 99, 1]
Round 445 | train_loss=0.3688 train_acc=0.8758 test_loss=0.8055 test_acc=0.7242
Round 446 | selected=[27, 46, 45, 22, 41, 44, 74, 73, 47, 64]
Round 446 | train_loss=0.3799 train_acc=0.8670 test_loss=0.8133 test_acc=0.7207
Round 447 | selected=[18, 86, 55, 76, 4, 87, 77, 78, 79, 22]
Round 447 | train_loss=0.4437 train_acc=0.8408 test_loss=0.8648 test_acc=0.7039
Round 448 | selected=[8, 22, 75, 24, 5, 58, 92, 66, 73, 43]
Round 448 | train_loss=0.4655 train_acc=0.8382 test_loss=0.7243 test_acc=0.7331
Round 449 | selected=[5, 84, 33, 77, 20, 73, 98, 31, 97, 51]
Round 449 | train_loss=0.4306 train_acc=0.8512 test_loss=0.9296 test_acc=0.6836
Round 450 | selected=[14, 51, 76, 93, 32, 85, 42, 5, 90, 0]
Round 450 | train_loss=0.5292 train_acc=0.8016 test_loss=0.8148 test_acc=0.7060
Round 451 | selected=[50, 40, 28, 24, 48, 3, 47, 94, 44, 73]
Round 451 | train_loss=0.3812 train_acc=0.8664 test_loss=0.6716 test_acc=0.7674
Round 452 | selected=[36, 8, 29, 72, 33, 65, 60, 56, 74, 71]
Round 452 | train_loss=0.4032 train_acc=0.8656 test_loss=0.7444 test_acc=0.7427
Round 453 | selected=[72, 81, 0, 91, 33, 73, 79, 59, 48, 40]
Round 453 | train_loss=0.3893 train_acc=0.8678 test_loss=0.7999 test_acc=0.7231
Round 454 | selected=[26, 91, 25, 8, 81, 52, 64, 98, 36, 58]
Round 454 | train_loss=0.3318 train_acc=0.8878 test_loss=0.8868 test_acc=0.6979
Round 455 | selected=[95, 3, 16, 65, 29, 48, 82, 50, 10, 96]
Round 455 | train_loss=0.4683 train_acc=0.8300 test_loss=0.7505 test_acc=0.7351
Round 456 | selected=[20, 94, 16, 70, 43, 10, 30, 92, 72, 0]
Round 456 | train_loss=0.3685 train_acc=0.8686 test_loss=0.8117 test_acc=0.7126
Round 457 | selected=[77, 55, 53, 85, 54, 71, 29, 76, 10, 93]
Round 457 | train_loss=0.4878 train_acc=0.8204 test_loss=0.7740 test_acc=0.7262
Round 458 | selected=[13, 50, 84, 46, 35, 0, 53, 39, 44, 48]
Round 458 | train_loss=0.4142 train_acc=0.8574 test_loss=0.7652 test_acc=0.7260
Round 459 | selected=[74, 78, 56, 7, 20, 75, 26, 1, 86, 43]
Round 459 | train_loss=0.4562 train_acc=0.8420 test_loss=0.7750 test_acc=0.7305
Round 460 | selected=[39, 30, 75, 40, 76, 85, 17, 94, 67, 4]
Round 460 | train_loss=0.3423 train_acc=0.8878 test_loss=0.8415 test_acc=0.7069
Round 461 | selected=[18, 24, 5, 36, 94, 57, 92, 35, 6, 17]
Round 461 | train_loss=0.4479 train_acc=0.8424 test_loss=0.7354 test_acc=0.7536
Round 462 | selected=[72, 81, 35, 77, 92, 20, 27, 41, 59, 12]
Round 462 | train_loss=0.3746 train_acc=0.8684 test_loss=0.7304 test_acc=0.7494
Round 463 | selected=[6, 56, 93, 82, 69, 40, 70, 30, 4, 75]
Round 463 | train_loss=0.4407 train_acc=0.8490 test_loss=0.7106 test_acc=0.7555
Round 464 | selected=[66, 73, 37, 39, 8, 77, 68, 79, 18, 83]
Round 464 | train_loss=0.3699 train_acc=0.8646 test_loss=0.7792 test_acc=0.7334
Round 465 | selected=[82, 78, 52, 17, 81, 46, 39, 91, 12, 66]
Round 465 | train_loss=0.3692 train_acc=0.8682 test_loss=0.8225 test_acc=0.7241
Round 466 | selected=[34, 42, 27, 56, 52, 59, 98, 29, 18, 79]
Round 466 | train_loss=0.4398 train_acc=0.8490 test_loss=0.6842 test_acc=0.7556
Round 467 | selected=[38, 9, 59, 32, 16, 93, 98, 58, 65, 44]
Round 467 | train_loss=0.3522 train_acc=0.8784 test_loss=0.9817 test_acc=0.6705
Round 468 | selected=[84, 61, 98, 21, 66, 33, 48, 97, 15, 64]
Round 468 | train_loss=0.3368 train_acc=0.8874 test_loss=0.8425 test_acc=0.7083
Round 469 | selected=[84, 2, 76, 63, 58, 47, 10, 60, 98, 43]
Round 469 | train_loss=0.4148 train_acc=0.8494 test_loss=0.6519 test_acc=0.7719
Round 470 | selected=[34, 50, 99, 66, 8, 31, 2, 9, 21, 96]
Round 470 | train_loss=0.4079 train_acc=0.8604 test_loss=0.7273 test_acc=0.7480
Round 471 | selected=[21, 30, 74, 27, 79, 55, 95, 83, 63, 81]
Round 471 | train_loss=0.3090 train_acc=0.8984 test_loss=0.8048 test_acc=0.7195
Round 472 | selected=[35, 59, 94, 89, 63, 21, 53, 79, 49, 30]
Round 472 | train_loss=0.3465 train_acc=0.8792 test_loss=0.7836 test_acc=0.7175
Round 473 | selected=[6, 93, 36, 81, 74, 31, 84, 14, 37, 46]
Round 473 | train_loss=0.3872 train_acc=0.8656 test_loss=0.7607 test_acc=0.7288
Round 474 | selected=[16, 50, 52, 94, 96, 14, 75, 35, 76, 12]
Round 474 | train_loss=0.3394 train_acc=0.8886 test_loss=0.6968 test_acc=0.7541
Round 475 | selected=[87, 24, 93, 91, 10, 96, 3, 0, 52, 32]
Round 475 | train_loss=0.3694 train_acc=0.8648 test_loss=0.8817 test_acc=0.6915
Round 476 | selected=[0, 43, 81, 58, 52, 16, 99, 61, 74, 23]
Round 476 | train_loss=0.3397 train_acc=0.8836 test_loss=1.0387 test_acc=0.6522
Round 477 | selected=[89, 34, 31, 29, 95, 93, 23, 54, 92, 98]
Round 477 | train_loss=0.4244 train_acc=0.8526 test_loss=0.7523 test_acc=0.7457
Round 478 | selected=[60, 74, 50, 19, 88, 34, 90, 5, 73, 53]
Round 478 | train_loss=0.3441 train_acc=0.8890 test_loss=0.7697 test_acc=0.7415
Round 479 | selected=[23, 70, 60, 28, 7, 54, 94, 33, 79, 56]
Round 479 | train_loss=0.4050 train_acc=0.8616 test_loss=0.7639 test_acc=0.7475
Round 480 | selected=[61, 16, 71, 97, 48, 0, 64, 56, 22, 31]
Round 480 | train_loss=0.4107 train_acc=0.8544 test_loss=0.7465 test_acc=0.7457
Round 481 | selected=[66, 3, 27, 6, 67, 86, 98, 49, 68, 84]
Round 481 | train_loss=0.3197 train_acc=0.8922 test_loss=0.7766 test_acc=0.7262
Round 482 | selected=[85, 6, 20, 49, 0, 93, 38, 98, 77, 90]
Round 482 | train_loss=0.3704 train_acc=0.8682 test_loss=0.8988 test_acc=0.6735
Round 483 | selected=[57, 19, 28, 84, 31, 79, 63, 42, 72, 35]
Round 483 | train_loss=0.4590 train_acc=0.8284 test_loss=0.7532 test_acc=0.7338
Round 484 | selected=[80, 94, 79, 87, 97, 81, 91, 72, 69, 42]
Round 484 | train_loss=0.3322 train_acc=0.8894 test_loss=0.6718 test_acc=0.7759
Round 485 | selected=[22, 81, 95, 32, 38, 0, 57, 62, 17, 6]
Round 485 | train_loss=0.3379 train_acc=0.8850 test_loss=0.6548 test_acc=0.7737
Round 486 | selected=[56, 18, 4, 62, 45, 74, 92, 96, 34, 30]
Round 486 | train_loss=0.3120 train_acc=0.8942 test_loss=0.6740 test_acc=0.7657
Round 487 | selected=[81, 91, 90, 60, 33, 14, 61, 84, 49, 9]
Round 487 | train_loss=0.2644 train_acc=0.9140 test_loss=0.7099 test_acc=0.7523
Round 488 | selected=[39, 28, 65, 87, 66, 33, 88, 23, 41, 11]
Round 488 | train_loss=0.3314 train_acc=0.8868 test_loss=0.6726 test_acc=0.7728
Round 489 | selected=[65, 78, 33, 93, 19, 21, 4, 74, 7, 56]
Round 489 | train_loss=0.3231 train_acc=0.8912 test_loss=0.6707 test_acc=0.7679
Round 490 | selected=[33, 29, 98, 75, 19, 87, 34, 22, 58, 90]
Round 490 | train_loss=0.2782 train_acc=0.9070 test_loss=0.6932 test_acc=0.7615
Round 491 | selected=[97, 15, 37, 90, 16, 79, 7, 50, 80, 47]
Round 491 | train_loss=0.3270 train_acc=0.8892 test_loss=0.7398 test_acc=0.7348
Round 492 | selected=[49, 14, 92, 94, 9, 85, 87, 1, 97, 91]
Round 492 | train_loss=0.3039 train_acc=0.8952 test_loss=0.7230 test_acc=0.7368
Round 493 | selected=[36, 18, 3, 31, 40, 51, 70, 0, 14, 15]
Round 493 | train_loss=0.3504 train_acc=0.8762 test_loss=0.7956 test_acc=0.7221
Round 494 | selected=[47, 65, 71, 99, 14, 20, 24, 92, 73, 67]
Round 494 | train_loss=0.3156 train_acc=0.8938 test_loss=0.7186 test_acc=0.7541
Round 495 | selected=[40, 29, 84, 51, 4, 74, 11, 71, 72, 28]
Round 495 | train_loss=0.3853 train_acc=0.8662 test_loss=0.6209 test_acc=0.7915
Round 496 | selected=[35, 51, 82, 61, 78, 73, 38, 56, 30, 67]
Round 496 | train_loss=0.2828 train_acc=0.9038 test_loss=0.7621 test_acc=0.7334
Round 497 | selected=[0, 76, 84, 62, 87, 9, 12, 26, 46, 51]
Round 497 | train_loss=0.3654 train_acc=0.8718 test_loss=0.8823 test_acc=0.7078
Round 498 | selected=[53, 52, 6, 38, 84, 12, 89, 82, 55, 16]
Round 498 | train_loss=0.3003 train_acc=0.8988 test_loss=0.8953 test_acc=0.7010
Round 499 | selected=[70, 6, 25, 3, 54, 18, 91, 50, 55, 20]
Round 499 | train_loss=0.4248 train_acc=0.8410 test_loss=0.6507 test_acc=0.7759
Round 500 | selected=[45, 48, 51, 86, 12, 72, 76, 68, 18, 44]
Round 500 | train_loss=0.2848 train_acc=0.9028 test_loss=0.6530 test_acc=0.7803
Saved: track1/results/cifar10/final_seed46/fedavgm_alpha03_seed46.csv
COMPLETED: fedavgm alpha03 seed=46
