========================================
JOB:       12001705
TASK:      7
ALGORITHM: fedprox
PARTITION: alpha01
SEED:      42
GPU:       0
========================================
Device: cuda
GPU: NVIDIA A100-SXM4-80GB
Round 0 | test_loss=3.2142 test_acc=0.1000
Round 1 | selected=[96, 71, 8, 60, 41, 94, 68, 9, 19, 82]
Round 1 | train_loss=1.2555 train_acc=0.5840 test_loss=2.6701 test_acc=0.1086
Round 2 | selected=[75, 39, 34, 62, 81, 17, 40, 46, 54, 88]
Round 2 | train_loss=1.7602 train_acc=0.5782 test_loss=3.9994 test_acc=0.1329
Round 3 | selected=[66, 71, 25, 44, 34, 15, 58, 89, 95, 6]
Round 3 | train_loss=2.4656 train_acc=0.5474 test_loss=8.5443 test_acc=0.1000
Round 4 | selected=[93, 40, 70, 32, 63, 68, 35, 90, 14, 86]
Round 4 | train_loss=1.9775 train_acc=0.5802 test_loss=9.5932 test_acc=0.1000
Round 5 | selected=[70, 81, 20, 62, 89, 98, 41, 15, 52, 30]
Round 5 | train_loss=2.8497 train_acc=0.4776 test_loss=6.6187 test_acc=0.0945
Round 6 | selected=[63, 26, 0, 19, 22, 13, 59, 79, 99, 78]
Round 6 | train_loss=1.5251 train_acc=0.6436 test_loss=3.9151 test_acc=0.1299
Round 7 | selected=[23, 65, 52, 3, 42, 13, 47, 46, 10, 64]
Round 7 | train_loss=1.7327 train_acc=0.5210 test_loss=3.6746 test_acc=0.1561
Round 8 | selected=[33, 56, 28, 96, 27, 73, 50, 42, 21, 2]
Round 8 | train_loss=1.7358 train_acc=0.5242 test_loss=3.4342 test_acc=0.1000
Round 9 | selected=[76, 40, 66, 48, 83, 27, 53, 98, 62, 11]
Round 9 | train_loss=1.6022 train_acc=0.6024 test_loss=3.3405 test_acc=0.1077
Round 10 | selected=[15, 88, 49, 93, 8, 67, 65, 68, 43, 70]
Round 10 | train_loss=1.5309 train_acc=0.5564 test_loss=2.6189 test_acc=0.1766
Round 11 | selected=[33, 62, 8, 11, 57, 56, 91, 96, 98, 34]
Round 11 | train_loss=1.3035 train_acc=0.6166 test_loss=2.4303 test_acc=0.1725
Round 12 | selected=[70, 26, 66, 95, 7, 9, 42, 74, 24, 44]
Round 12 | train_loss=1.2210 train_acc=0.6014 test_loss=2.4149 test_acc=0.1539
Round 13 | selected=[47, 70, 65, 43, 99, 49, 1, 16, 72, 80]
Round 13 | train_loss=1.3512 train_acc=0.5684 test_loss=2.7499 test_acc=0.1376
Round 14 | selected=[37, 64, 3, 16, 31, 14, 18, 46, 67, 72]
Round 14 | train_loss=1.4414 train_acc=0.5144 test_loss=2.5626 test_acc=0.1266
Round 15 | selected=[55, 14, 2, 48, 56, 31, 41, 40, 93, 28]
Round 15 | train_loss=1.2918 train_acc=0.6302 test_loss=2.2116 test_acc=0.1838
Round 16 | selected=[53, 44, 54, 32, 25, 85, 14, 50, 93, 77]
Round 16 | train_loss=1.0753 train_acc=0.7026 test_loss=2.8512 test_acc=0.1454
Round 17 | selected=[99, 29, 49, 12, 52, 64, 65, 11, 10, 28]
Round 17 | train_loss=1.3409 train_acc=0.5884 test_loss=2.4580 test_acc=0.1765
Round 18 | selected=[21, 83, 30, 22, 13, 89, 97, 53, 3, 36]
Round 18 | train_loss=1.2260 train_acc=0.6534 test_loss=2.2720 test_acc=0.2137
Round 19 | selected=[52, 47, 4, 89, 94, 56, 17, 16, 24, 84]
Round 19 | train_loss=1.5334 train_acc=0.4970 test_loss=2.4993 test_acc=0.1265
Round 20 | selected=[49, 45, 20, 2, 76, 81, 33, 83, 10, 30]
Round 20 | train_loss=1.5036 train_acc=0.4948 test_loss=3.4250 test_acc=0.1346
Round 21 | selected=[98, 15, 22, 0, 11, 6, 3, 88, 86, 81]
Round 21 | train_loss=1.6174 train_acc=0.5116 test_loss=2.6283 test_acc=0.2229
Round 22 | selected=[48, 92, 30, 72, 47, 93, 42, 14, 91, 28]
Round 22 | train_loss=1.1833 train_acc=0.6820 test_loss=2.5099 test_acc=0.1595
Round 23 | selected=[86, 65, 85, 46, 19, 72, 55, 80, 40, 26]
Round 23 | train_loss=1.4021 train_acc=0.5364 test_loss=2.5992 test_acc=0.1482
Round 24 | selected=[91, 65, 7, 84, 49, 12, 47, 36, 28, 31]
Round 24 | train_loss=1.2761 train_acc=0.5960 test_loss=2.2857 test_acc=0.2545
Round 25 | selected=[13, 78, 9, 41, 0, 68, 72, 96, 95, 58]
Round 25 | train_loss=1.4319 train_acc=0.5600 test_loss=2.1559 test_acc=0.2287
Round 26 | selected=[71, 77, 46, 80, 24, 78, 27, 10, 62, 1]
Round 26 | train_loss=1.4297 train_acc=0.5066 test_loss=2.3087 test_acc=0.2404
Round 27 | selected=[26, 63, 86, 35, 40, 96, 37, 95, 88, 11]
Round 27 | train_loss=1.3666 train_acc=0.5580 test_loss=2.1522 test_acc=0.2141
Round 28 | selected=[35, 45, 88, 82, 6, 74, 57, 19, 9, 14]
Round 28 | train_loss=1.2278 train_acc=0.6230 test_loss=2.1276 test_acc=0.2282
Round 29 | selected=[2, 70, 93, 43, 11, 53, 14, 52, 5, 26]
Round 29 | train_loss=1.1937 train_acc=0.6294 test_loss=2.2213 test_acc=0.2431
Round 30 | selected=[92, 29, 98, 53, 70, 77, 84, 76, 47, 35]
Round 30 | train_loss=1.2762 train_acc=0.6048 test_loss=2.1465 test_acc=0.2257
Round 31 | selected=[4, 38, 89, 35, 0, 26, 88, 10, 51, 86]
Round 31 | train_loss=1.3319 train_acc=0.5548 test_loss=2.2847 test_acc=0.1396
Round 32 | selected=[22, 73, 56, 83, 93, 76, 98, 62, 30, 77]
Round 32 | train_loss=1.2680 train_acc=0.6074 test_loss=2.0085 test_acc=0.2488
Round 33 | selected=[24, 66, 36, 74, 77, 26, 62, 43, 78, 87]
Round 33 | train_loss=1.2231 train_acc=0.6410 test_loss=2.4228 test_acc=0.1888
Round 34 | selected=[69, 33, 23, 46, 36, 41, 31, 67, 17, 34]
Round 34 | train_loss=1.4897 train_acc=0.5388 test_loss=2.2526 test_acc=0.2250
Round 35 | selected=[19, 54, 46, 53, 79, 49, 89, 41, 62, 78]
Round 35 | train_loss=1.2941 train_acc=0.6142 test_loss=2.1049 test_acc=0.2159
Round 36 | selected=[12, 46, 80, 99, 59, 9, 86, 63, 91, 62]
Round 36 | train_loss=1.2181 train_acc=0.6064 test_loss=2.0637 test_acc=0.2330
Round 37 | selected=[55, 96, 73, 92, 77, 94, 42, 75, 37, 15]
Round 37 | train_loss=1.0043 train_acc=0.6916 test_loss=2.0401 test_acc=0.2200
Round 38 | selected=[72, 54, 15, 45, 11, 52, 0, 96, 51, 66]
Round 38 | train_loss=1.2568 train_acc=0.6000 test_loss=2.1811 test_acc=0.2065
Round 39 | selected=[76, 8, 93, 73, 64, 72, 68, 11, 47, 41]
Round 39 | train_loss=1.1729 train_acc=0.6302 test_loss=2.1102 test_acc=0.2129
Round 40 | selected=[51, 34, 15, 96, 30, 25, 74, 97, 69, 58]
Round 40 | train_loss=1.3384 train_acc=0.5774 test_loss=2.4460 test_acc=0.1828
Round 41 | selected=[87, 88, 46, 50, 34, 37, 74, 16, 13, 59]
Round 41 | train_loss=1.2913 train_acc=0.5494 test_loss=2.0906 test_acc=0.2657
Round 42 | selected=[3, 67, 57, 80, 59, 94, 45, 11, 54, 77]
Round 42 | train_loss=1.0599 train_acc=0.6848 test_loss=2.1167 test_acc=0.2672
Round 43 | selected=[88, 76, 1, 11, 40, 48, 71, 28, 53, 93]
Round 43 | train_loss=1.1034 train_acc=0.6496 test_loss=2.2088 test_acc=0.2114
Round 44 | selected=[2, 13, 63, 68, 92, 96, 61, 9, 97, 8]
Round 44 | train_loss=1.3411 train_acc=0.5528 test_loss=2.2346 test_acc=0.1848
Round 45 | selected=[99, 1, 0, 85, 3, 63, 27, 88, 73, 18]
Round 45 | train_loss=1.2971 train_acc=0.5998 test_loss=2.0431 test_acc=0.2493
Round 46 | selected=[22, 76, 98, 92, 5, 77, 62, 84, 11, 89]
Round 46 | train_loss=1.0658 train_acc=0.6650 test_loss=1.9656 test_acc=0.2845
Round 47 | selected=[70, 52, 50, 60, 15, 83, 46, 63, 8, 44]
Round 47 | train_loss=1.2573 train_acc=0.6294 test_loss=2.6303 test_acc=0.1366
Round 48 | selected=[21, 47, 59, 89, 0, 68, 56, 6, 5, 4]
Round 48 | train_loss=1.5398 train_acc=0.5158 test_loss=2.4151 test_acc=0.2228
Round 49 | selected=[34, 55, 75, 57, 62, 43, 24, 86, 90, 51]
Round 49 | train_loss=1.1821 train_acc=0.6292 test_loss=2.9717 test_acc=0.1216
Round 50 | selected=[23, 45, 60, 15, 69, 14, 63, 41, 50, 89]
Round 50 | train_loss=1.7814 train_acc=0.5070 test_loss=2.3583 test_acc=0.2060
Round 51 | selected=[96, 62, 8, 74, 57, 58, 41, 38, 40, 28]
Round 51 | train_loss=1.4088 train_acc=0.5652 test_loss=2.5036 test_acc=0.1325
Round 52 | selected=[9, 3, 27, 45, 38, 21, 44, 56, 35, 14]
Round 52 | train_loss=1.5243 train_acc=0.5234 test_loss=2.2351 test_acc=0.1963
Round 53 | selected=[61, 72, 31, 22, 52, 51, 41, 96, 18, 36]
Round 53 | train_loss=1.3951 train_acc=0.5574 test_loss=2.0891 test_acc=0.2239
Round 54 | selected=[67, 23, 48, 25, 38, 30, 50, 82, 45, 75]
Round 54 | train_loss=1.2650 train_acc=0.6178 test_loss=2.0188 test_acc=0.2347
Round 55 | selected=[6, 52, 30, 25, 70, 46, 16, 31, 7, 74]
Round 55 | train_loss=1.4680 train_acc=0.5234 test_loss=1.8884 test_acc=0.3103
Round 56 | selected=[94, 48, 13, 49, 62, 22, 55, 35, 11, 7]
Round 56 | train_loss=0.8953 train_acc=0.7472 test_loss=2.9708 test_acc=0.1402
Round 57 | selected=[68, 65, 20, 60, 52, 86, 74, 1, 35, 31]
Round 57 | train_loss=1.4708 train_acc=0.5294 test_loss=2.0297 test_acc=0.2414
Round 58 | selected=[44, 13, 84, 18, 49, 94, 62, 50, 78, 75]
Round 58 | train_loss=0.9845 train_acc=0.7064 test_loss=2.0333 test_acc=0.2248
Round 59 | selected=[91, 83, 4, 23, 62, 87, 17, 99, 28, 13]
Round 59 | train_loss=1.0376 train_acc=0.6796 test_loss=2.0607 test_acc=0.2014
Round 60 | selected=[81, 64, 22, 24, 79, 7, 80, 40, 54, 61]
Round 60 | train_loss=1.3140 train_acc=0.5794 test_loss=2.3387 test_acc=0.1916
Round 61 | selected=[46, 75, 68, 80, 86, 31, 51, 85, 94, 79]
Round 61 | train_loss=1.1871 train_acc=0.6066 test_loss=2.1206 test_acc=0.2249
Round 62 | selected=[79, 10, 50, 2, 30, 53, 46, 39, 49, 99]
Round 62 | train_loss=1.2360 train_acc=0.5996 test_loss=2.3704 test_acc=0.1654
Round 63 | selected=[14, 65, 59, 56, 30, 40, 2, 87, 23, 43]
Round 63 | train_loss=1.2698 train_acc=0.5942 test_loss=2.0124 test_acc=0.2619
Round 64 | selected=[73, 94, 89, 82, 98, 96, 45, 51, 57, 63]
Round 64 | train_loss=1.2395 train_acc=0.6052 test_loss=1.8924 test_acc=0.2448
Round 65 | selected=[46, 64, 93, 53, 41, 61, 75, 96, 98, 67]
Round 65 | train_loss=1.2116 train_acc=0.6070 test_loss=2.1648 test_acc=0.2070
Round 66 | selected=[75, 98, 31, 3, 0, 48, 11, 27, 94, 87]
Round 66 | train_loss=1.1967 train_acc=0.6276 test_loss=2.6032 test_acc=0.1630
Round 67 | selected=[25, 52, 51, 7, 90, 76, 82, 44, 59, 20]
Round 67 | train_loss=1.4894 train_acc=0.5502 test_loss=2.0337 test_acc=0.2659
Round 68 | selected=[39, 0, 73, 66, 72, 70, 83, 61, 93, 98]
Round 68 | train_loss=1.3014 train_acc=0.6134 test_loss=1.8833 test_acc=0.2791
Round 69 | selected=[40, 48, 88, 99, 65, 0, 2, 24, 75, 51]
Round 69 | train_loss=1.1826 train_acc=0.6370 test_loss=2.3494 test_acc=0.1862
Round 70 | selected=[68, 39, 11, 31, 84, 71, 57, 43, 28, 79]
Round 70 | train_loss=1.1884 train_acc=0.6352 test_loss=2.0589 test_acc=0.2575
Round 71 | selected=[29, 99, 39, 75, 61, 76, 50, 40, 66, 95]
Round 71 | train_loss=1.1179 train_acc=0.6532 test_loss=2.0657 test_acc=0.2153
Round 72 | selected=[21, 86, 10, 33, 48, 5, 36, 13, 54, 46]
Round 72 | train_loss=1.3346 train_acc=0.5386 test_loss=2.0530 test_acc=0.2361
Round 73 | selected=[75, 32, 87, 86, 95, 81, 58, 94, 42, 40]
Round 73 | train_loss=1.2111 train_acc=0.6126 test_loss=2.0234 test_acc=0.2604
Round 74 | selected=[28, 21, 58, 50, 61, 81, 94, 84, 29, 72]
Round 74 | train_loss=1.1640 train_acc=0.6200 test_loss=2.0531 test_acc=0.2677
Round 75 | selected=[80, 31, 77, 0, 5, 53, 57, 78, 26, 24]
Round 75 | train_loss=1.3203 train_acc=0.5978 test_loss=2.1730 test_acc=0.2189
Round 76 | selected=[31, 74, 94, 17, 55, 16, 83, 45, 25, 61]
Round 76 | train_loss=1.3297 train_acc=0.5722 test_loss=2.1470 test_acc=0.1469
Round 77 | selected=[24, 70, 5, 28, 87, 3, 90, 4, 12, 9]
Round 77 | train_loss=1.2407 train_acc=0.5836 test_loss=1.9422 test_acc=0.2776
Round 78 | selected=[5, 74, 4, 36, 78, 87, 59, 44, 69, 10]
Round 78 | train_loss=1.1607 train_acc=0.6306 test_loss=2.1419 test_acc=0.2152
Round 79 | selected=[48, 15, 27, 10, 0, 96, 49, 81, 38, 26]
Round 79 | train_loss=1.2878 train_acc=0.5628 test_loss=1.8066 test_acc=0.2858
Round 80 | selected=[94, 56, 67, 23, 84, 87, 21, 33, 46, 29]
Round 80 | train_loss=1.1177 train_acc=0.6718 test_loss=1.9505 test_acc=0.3081
Round 81 | selected=[17, 30, 14, 4, 2, 57, 65, 13, 91, 78]
Round 81 | train_loss=1.3943 train_acc=0.5630 test_loss=2.2464 test_acc=0.2007
Round 82 | selected=[95, 43, 54, 49, 84, 67, 8, 57, 22, 56]
Round 82 | train_loss=1.2412 train_acc=0.6090 test_loss=1.9269 test_acc=0.3236
Round 83 | selected=[54, 78, 23, 44, 88, 94, 27, 90, 95, 60]
Round 83 | train_loss=1.0854 train_acc=0.6874 test_loss=1.8701 test_acc=0.2838
Round 84 | selected=[20, 27, 40, 31, 10, 55, 49, 82, 62, 72]
Round 84 | train_loss=1.0786 train_acc=0.6584 test_loss=1.9001 test_acc=0.2811
Round 85 | selected=[31, 12, 93, 78, 80, 28, 59, 89, 70, 66]
Round 85 | train_loss=1.2632 train_acc=0.6186 test_loss=1.9661 test_acc=0.2749
Round 86 | selected=[90, 73, 1, 11, 0, 15, 47, 94, 25, 55]
Round 86 | train_loss=1.0594 train_acc=0.6788 test_loss=2.0461 test_acc=0.2335
Round 87 | selected=[59, 4, 58, 37, 69, 26, 17, 44, 15, 49]
Round 87 | train_loss=1.2244 train_acc=0.6052 test_loss=2.1725 test_acc=0.2401
Round 88 | selected=[54, 14, 60, 24, 21, 98, 18, 79, 83, 80]
Round 88 | train_loss=1.1935 train_acc=0.6438 test_loss=1.8070 test_acc=0.3439
Round 89 | selected=[14, 69, 1, 89, 40, 93, 92, 66, 50, 24]
Round 89 | train_loss=1.1122 train_acc=0.6614 test_loss=1.9667 test_acc=0.2590
Round 90 | selected=[35, 36, 80, 15, 64, 45, 95, 26, 14, 60]
Round 90 | train_loss=1.1025 train_acc=0.6500 test_loss=2.3547 test_acc=0.2553
Round 91 | selected=[81, 51, 43, 61, 40, 68, 37, 84, 62, 31]
Round 91 | train_loss=1.2159 train_acc=0.6026 test_loss=2.6491 test_acc=0.1753
Round 92 | selected=[82, 49, 0, 77, 71, 9, 98, 95, 65, 84]
Round 92 | train_loss=1.2616 train_acc=0.5840 test_loss=2.3352 test_acc=0.1964
Round 93 | selected=[34, 66, 59, 60, 31, 73, 86, 83, 99, 37]
Round 93 | train_loss=1.4471 train_acc=0.5336 test_loss=2.0828 test_acc=0.2136
Round 94 | selected=[33, 35, 75, 31, 38, 12, 42, 34, 18, 6]
Round 94 | train_loss=1.2074 train_acc=0.6126 test_loss=2.0428 test_acc=0.2590
Round 95 | selected=[33, 55, 84, 47, 43, 18, 27, 70, 9, 20]
Round 95 | train_loss=1.2141 train_acc=0.6176 test_loss=1.9283 test_acc=0.2682
Round 96 | selected=[66, 91, 63, 8, 23, 88, 4, 49, 44, 0]
Round 96 | train_loss=1.1106 train_acc=0.6666 test_loss=2.0623 test_acc=0.1905
Round 97 | selected=[7, 92, 70, 94, 34, 98, 9, 93, 82, 58]
Round 97 | train_loss=1.2778 train_acc=0.5740 test_loss=2.0358 test_acc=0.2878
Round 98 | selected=[45, 25, 50, 51, 8, 37, 57, 16, 76, 68]
Round 98 | train_loss=1.2518 train_acc=0.5984 test_loss=2.1040 test_acc=0.2028
Round 99 | selected=[72, 75, 20, 92, 10, 34, 77, 38, 4, 2]
Round 99 | train_loss=1.1527 train_acc=0.6176 test_loss=1.9805 test_acc=0.2416
Round 100 | selected=[16, 40, 17, 58, 18, 44, 24, 62, 6, 78]
Round 100 | train_loss=1.0618 train_acc=0.6654 test_loss=2.0378 test_acc=0.2713
Round 101 | selected=[31, 3, 23, 28, 66, 91, 95, 94, 15, 48]
Round 101 | train_loss=1.2844 train_acc=0.6198 test_loss=1.9318 test_acc=0.2652
Round 102 | selected=[35, 49, 36, 41, 98, 12, 34, 77, 48, 18]
Round 102 | train_loss=1.0833 train_acc=0.6674 test_loss=1.8206 test_acc=0.3368
Round 103 | selected=[2, 36, 19, 23, 98, 91, 83, 11, 15, 87]
Round 103 | train_loss=1.0666 train_acc=0.6782 test_loss=1.9398 test_acc=0.2531
Round 104 | selected=[17, 48, 37, 73, 78, 79, 13, 60, 80, 93]
Round 104 | train_loss=1.1446 train_acc=0.6358 test_loss=1.8868 test_acc=0.3020
Round 105 | selected=[84, 62, 59, 73, 5, 74, 96, 79, 31, 63]
Round 105 | train_loss=1.1606 train_acc=0.6146 test_loss=1.8640 test_acc=0.3173
Round 106 | selected=[94, 6, 0, 38, 92, 45, 84, 79, 26, 50]
Round 106 | train_loss=1.1028 train_acc=0.6732 test_loss=2.1072 test_acc=0.2005
Round 107 | selected=[64, 44, 59, 38, 29, 68, 96, 65, 94, 58]
Round 107 | train_loss=1.1299 train_acc=0.6278 test_loss=2.0421 test_acc=0.3074
Round 108 | selected=[90, 3, 61, 88, 94, 43, 54, 74, 78, 28]
Round 108 | train_loss=1.4141 train_acc=0.5720 test_loss=1.9601 test_acc=0.2758
Round 109 | selected=[66, 32, 88, 56, 70, 39, 34, 69, 38, 87]
Round 109 | train_loss=1.4033 train_acc=0.5474 test_loss=2.1580 test_acc=0.1965
Round 110 | selected=[37, 38, 42, 12, 25, 65, 82, 44, 31, 58]
Round 110 | train_loss=1.2622 train_acc=0.6074 test_loss=2.0273 test_acc=0.3114
Round 111 | selected=[15, 74, 98, 18, 84, 95, 80, 30, 91, 24]
Round 111 | train_loss=1.2597 train_acc=0.6082 test_loss=1.9791 test_acc=0.2488
Round 112 | selected=[62, 53, 25, 91, 71, 85, 86, 54, 19, 94]
Round 112 | train_loss=1.1229 train_acc=0.6256 test_loss=1.8147 test_acc=0.3642
Round 113 | selected=[66, 5, 49, 29, 53, 67, 42, 2, 91, 38]
Round 113 | train_loss=1.0031 train_acc=0.6948 test_loss=1.9321 test_acc=0.2906
Round 114 | selected=[85, 44, 94, 30, 48, 77, 82, 79, 69, 52]
Round 114 | train_loss=1.2896 train_acc=0.6028 test_loss=2.0753 test_acc=0.2482
Round 115 | selected=[28, 96, 74, 87, 76, 23, 91, 71, 1, 77]
Round 115 | train_loss=1.2431 train_acc=0.5918 test_loss=1.8833 test_acc=0.2984
Round 116 | selected=[55, 65, 97, 26, 34, 28, 43, 39, 23, 21]
Round 116 | train_loss=1.0723 train_acc=0.6862 test_loss=2.1272 test_acc=0.2400
Round 117 | selected=[13, 12, 22, 75, 41, 11, 67, 59, 78, 73]
Round 117 | train_loss=1.1325 train_acc=0.6366 test_loss=2.0121 test_acc=0.3091
Round 118 | selected=[88, 6, 38, 82, 57, 62, 93, 95, 27, 36]
Round 118 | train_loss=1.1771 train_acc=0.6330 test_loss=2.0904 test_acc=0.2577
Round 119 | selected=[10, 16, 97, 41, 78, 15, 50, 55, 54, 66]
Round 119 | train_loss=1.2273 train_acc=0.6018 test_loss=1.9849 test_acc=0.2573
Round 120 | selected=[11, 65, 94, 90, 70, 96, 2, 32, 48, 9]
Round 120 | train_loss=1.0818 train_acc=0.6600 test_loss=2.1797 test_acc=0.2104
Round 121 | selected=[92, 41, 80, 69, 87, 64, 79, 32, 30, 74]
Round 121 | train_loss=1.2587 train_acc=0.5668 test_loss=2.1173 test_acc=0.2291
Round 122 | selected=[83, 15, 9, 30, 24, 31, 53, 81, 13, 87]
Round 122 | train_loss=1.3539 train_acc=0.5536 test_loss=1.9005 test_acc=0.3114
Round 123 | selected=[3, 80, 62, 9, 32, 33, 72, 16, 71, 77]
Round 123 | train_loss=1.1983 train_acc=0.6020 test_loss=1.8053 test_acc=0.3123
Round 124 | selected=[52, 8, 74, 25, 71, 32, 39, 37, 3, 57]
Round 124 | train_loss=1.0983 train_acc=0.6526 test_loss=1.7845 test_acc=0.3229
Round 125 | selected=[8, 58, 93, 72, 61, 37, 11, 75, 20, 19]
Round 125 | train_loss=0.9711 train_acc=0.6838 test_loss=1.9222 test_acc=0.2925
Round 126 | selected=[62, 92, 78, 90, 12, 17, 43, 89, 18, 38]
Round 126 | train_loss=1.0211 train_acc=0.6932 test_loss=1.8912 test_acc=0.2551
Round 127 | selected=[99, 60, 0, 70, 43, 73, 23, 88, 55, 27]
Round 127 | train_loss=0.9567 train_acc=0.6820 test_loss=1.6949 test_acc=0.3459
Round 128 | selected=[27, 25, 54, 40, 10, 45, 34, 24, 58, 75]
Round 128 | train_loss=1.1068 train_acc=0.6268 test_loss=1.9313 test_acc=0.2941
Round 129 | selected=[41, 35, 0, 64, 53, 6, 81, 60, 28, 14]
Round 129 | train_loss=1.1801 train_acc=0.6282 test_loss=1.7679 test_acc=0.3559
Round 130 | selected=[46, 90, 81, 34, 80, 8, 78, 5, 45, 43]
Round 130 | train_loss=1.0574 train_acc=0.6644 test_loss=1.8707 test_acc=0.3121
Round 131 | selected=[40, 94, 19, 81, 7, 13, 38, 9, 17, 50]
Round 131 | train_loss=1.2259 train_acc=0.5990 test_loss=1.9560 test_acc=0.2707
Round 132 | selected=[87, 24, 31, 57, 98, 78, 40, 32, 19, 3]
Round 132 | train_loss=1.1269 train_acc=0.6512 test_loss=1.9463 test_acc=0.2574
Round 133 | selected=[72, 91, 97, 10, 18, 52, 37, 80, 68, 11]
Round 133 | train_loss=1.1184 train_acc=0.6284 test_loss=1.9484 test_acc=0.2630
Round 134 | selected=[78, 86, 16, 7, 96, 88, 53, 93, 32, 76]
Round 134 | train_loss=1.3092 train_acc=0.5460 test_loss=2.1975 test_acc=0.2301
Round 135 | selected=[30, 97, 21, 43, 53, 12, 62, 72, 10, 18]
Round 135 | train_loss=1.1921 train_acc=0.6264 test_loss=1.8753 test_acc=0.2988
Round 136 | selected=[38, 76, 39, 88, 73, 71, 90, 77, 58, 35]
Round 136 | train_loss=1.1488 train_acc=0.6232 test_loss=1.8878 test_acc=0.2539
Round 137 | selected=[34, 37, 31, 9, 52, 6, 33, 92, 51, 30]
Round 137 | train_loss=1.1444 train_acc=0.6172 test_loss=1.7840 test_acc=0.3077
Round 138 | selected=[69, 97, 70, 24, 50, 91, 80, 18, 51, 95]
Round 138 | train_loss=1.0780 train_acc=0.6564 test_loss=1.8133 test_acc=0.3130
Round 139 | selected=[84, 92, 98, 59, 54, 85, 3, 9, 0, 68]
Round 139 | train_loss=0.9600 train_acc=0.6940 test_loss=1.8221 test_acc=0.3254
Round 140 | selected=[76, 0, 91, 18, 45, 42, 54, 43, 88, 32]
Round 140 | train_loss=0.9949 train_acc=0.6984 test_loss=1.9504 test_acc=0.2917
Round 141 | selected=[39, 7, 20, 46, 13, 51, 71, 23, 96, 94]
Round 141 | train_loss=1.2405 train_acc=0.5936 test_loss=1.9453 test_acc=0.2986
Round 142 | selected=[36, 48, 34, 10, 23, 9, 55, 77, 46, 63]
Round 142 | train_loss=1.0040 train_acc=0.6708 test_loss=1.9003 test_acc=0.2510
Round 143 | selected=[74, 6, 10, 21, 81, 80, 69, 11, 30, 27]
Round 143 | train_loss=1.1999 train_acc=0.6040 test_loss=1.9282 test_acc=0.2332
Round 144 | selected=[15, 61, 53, 13, 63, 77, 36, 58, 10, 62]
Round 144 | train_loss=1.1637 train_acc=0.6136 test_loss=1.9442 test_acc=0.3194
Round 145 | selected=[94, 19, 9, 40, 52, 17, 49, 32, 92, 45]
Round 145 | train_loss=1.0826 train_acc=0.6706 test_loss=1.8791 test_acc=0.3046
Round 146 | selected=[58, 81, 40, 79, 41, 20, 3, 35, 33, 12]
Round 146 | train_loss=1.3578 train_acc=0.5938 test_loss=2.4753 test_acc=0.1833
Round 147 | selected=[91, 75, 4, 84, 36, 30, 49, 48, 27, 83]
Round 147 | train_loss=1.2159 train_acc=0.6224 test_loss=2.0358 test_acc=0.2781
Round 148 | selected=[38, 53, 67, 98, 81, 44, 85, 77, 6, 48]
Round 148 | train_loss=1.2025 train_acc=0.6256 test_loss=2.0118 test_acc=0.2624
Round 149 | selected=[8, 99, 18, 12, 69, 92, 83, 64, 53, 88]
Round 149 | train_loss=0.9683 train_acc=0.7008 test_loss=1.9225 test_acc=0.2732
Round 150 | selected=[96, 92, 72, 27, 51, 50, 43, 36, 87, 21]
Round 150 | train_loss=1.0593 train_acc=0.6618 test_loss=1.9649 test_acc=0.2697
Round 151 | selected=[10, 8, 76, 44, 7, 17, 68, 55, 71, 36]
Round 151 | train_loss=1.1196 train_acc=0.6250 test_loss=2.0143 test_acc=0.2418
Round 152 | selected=[20, 50, 90, 36, 65, 92, 76, 26, 18, 87]
Round 152 | train_loss=1.1582 train_acc=0.6580 test_loss=1.7084 test_acc=0.3686
Round 153 | selected=[13, 65, 62, 92, 53, 25, 87, 34, 17, 52]
Round 153 | train_loss=0.9335 train_acc=0.7252 test_loss=2.1782 test_acc=0.2747
Round 154 | selected=[43, 45, 11, 21, 86, 8, 32, 10, 39, 62]
Round 154 | train_loss=1.0870 train_acc=0.6678 test_loss=2.2067 test_acc=0.2456
Round 155 | selected=[17, 79, 56, 61, 64, 16, 29, 22, 15, 42]
Round 155 | train_loss=1.2739 train_acc=0.5782 test_loss=1.8793 test_acc=0.2808
Round 156 | selected=[96, 43, 3, 54, 94, 46, 91, 49, 9, 27]
Round 156 | train_loss=1.1496 train_acc=0.6136 test_loss=1.8482 test_acc=0.2901
Round 157 | selected=[4, 61, 99, 98, 22, 54, 59, 21, 68, 66]
Round 157 | train_loss=1.0556 train_acc=0.6616 test_loss=1.7419 test_acc=0.3641
Round 158 | selected=[74, 66, 70, 94, 44, 19, 60, 86, 41, 63]
Round 158 | train_loss=1.1284 train_acc=0.6438 test_loss=1.7654 test_acc=0.3116
Round 159 | selected=[56, 50, 40, 65, 88, 36, 79, 34, 61, 84]
Round 159 | train_loss=1.1518 train_acc=0.6274 test_loss=2.0403 test_acc=0.2400
Round 160 | selected=[35, 73, 93, 72, 59, 88, 22, 11, 10, 18]
Round 160 | train_loss=1.1302 train_acc=0.6350 test_loss=2.0785 test_acc=0.2105
Round 161 | selected=[99, 84, 35, 49, 74, 17, 30, 70, 26, 16]
Round 161 | train_loss=1.1381 train_acc=0.5992 test_loss=1.8267 test_acc=0.3134
Round 162 | selected=[81, 53, 14, 67, 28, 12, 22, 69, 35, 24]
Round 162 | train_loss=1.0008 train_acc=0.6846 test_loss=2.1696 test_acc=0.1883
Round 163 | selected=[23, 18, 32, 77, 41, 17, 35, 99, 26, 40]
Round 163 | train_loss=1.2631 train_acc=0.6010 test_loss=2.0431 test_acc=0.2566
Round 164 | selected=[25, 1, 68, 42, 28, 12, 86, 16, 29, 34]
Round 164 | train_loss=1.3494 train_acc=0.5594 test_loss=1.7296 test_acc=0.3745
Round 165 | selected=[60, 59, 57, 81, 45, 2, 95, 94, 88, 43]
Round 165 | train_loss=0.9500 train_acc=0.7008 test_loss=2.1507 test_acc=0.2349
Round 166 | selected=[44, 53, 46, 56, 93, 1, 97, 39, 76, 47]
Round 166 | train_loss=1.2549 train_acc=0.5872 test_loss=1.9822 test_acc=0.2872
Round 167 | selected=[11, 6, 87, 71, 15, 63, 31, 83, 93, 78]
Round 167 | train_loss=1.2873 train_acc=0.5878 test_loss=2.0552 test_acc=0.2758
Round 168 | selected=[16, 91, 28, 57, 74, 51, 19, 21, 20, 31]
Round 168 | train_loss=1.2239 train_acc=0.6218 test_loss=1.6723 test_acc=0.3470
Round 169 | selected=[99, 16, 61, 91, 94, 77, 21, 68, 17, 25]
Round 169 | train_loss=1.0398 train_acc=0.6730 test_loss=1.7161 test_acc=0.3241
Round 170 | selected=[25, 52, 0, 31, 69, 96, 94, 42, 41, 89]
Round 170 | train_loss=1.0623 train_acc=0.6568 test_loss=1.6545 test_acc=0.3568
Round 171 | selected=[87, 3, 76, 35, 95, 54, 0, 97, 19, 62]
Round 171 | train_loss=0.9041 train_acc=0.7294 test_loss=1.7450 test_acc=0.3280
Round 172 | selected=[35, 31, 16, 56, 69, 18, 22, 19, 14, 94]
Round 172 | train_loss=1.0985 train_acc=0.6566 test_loss=2.1758 test_acc=0.2152
Round 173 | selected=[15, 61, 38, 90, 97, 7, 95, 12, 23, 24]
Round 173 | train_loss=1.1995 train_acc=0.6210 test_loss=2.0893 test_acc=0.2516
Round 174 | selected=[97, 17, 18, 22, 37, 15, 78, 28, 44, 21]
Round 174 | train_loss=0.9603 train_acc=0.6892 test_loss=1.8655 test_acc=0.3396
Round 175 | selected=[22, 48, 12, 39, 38, 84, 25, 2, 88, 90]
Round 175 | train_loss=1.0020 train_acc=0.6920 test_loss=1.9084 test_acc=0.2998
Round 176 | selected=[83, 36, 24, 14, 7, 58, 82, 71, 87, 19]
Round 176 | train_loss=1.2064 train_acc=0.6124 test_loss=1.7198 test_acc=0.3265
Round 177 | selected=[74, 91, 11, 10, 56, 69, 15, 48, 12, 72]
Round 177 | train_loss=1.0367 train_acc=0.6536 test_loss=2.2490 test_acc=0.2061
Round 178 | selected=[74, 30, 69, 14, 96, 23, 58, 27, 11, 40]
Round 178 | train_loss=1.0356 train_acc=0.6568 test_loss=1.8176 test_acc=0.3066
Round 179 | selected=[23, 25, 28, 87, 73, 52, 70, 74, 84, 66]
Round 179 | train_loss=1.0713 train_acc=0.6456 test_loss=1.9065 test_acc=0.2484
Round 180 | selected=[46, 34, 64, 61, 36, 91, 33, 83, 14, 7]
Round 180 | train_loss=1.2619 train_acc=0.5946 test_loss=2.0366 test_acc=0.2746
Round 181 | selected=[47, 77, 57, 94, 35, 86, 30, 72, 46, 55]
Round 181 | train_loss=1.2072 train_acc=0.6070 test_loss=2.1578 test_acc=0.2167
Round 182 | selected=[87, 31, 88, 69, 55, 2, 42, 75, 60, 20]
Round 182 | train_loss=1.0824 train_acc=0.6450 test_loss=1.8486 test_acc=0.3275
Round 183 | selected=[38, 88, 76, 53, 34, 82, 25, 36, 73, 4]
Round 183 | train_loss=1.1518 train_acc=0.6320 test_loss=1.8729 test_acc=0.2813
Round 184 | selected=[22, 23, 39, 72, 37, 2, 48, 76, 75, 34]
Round 184 | train_loss=1.0069 train_acc=0.6584 test_loss=1.9620 test_acc=0.3028
Round 185 | selected=[43, 5, 42, 88, 30, 61, 11, 9, 19, 1]
Round 185 | train_loss=1.1080 train_acc=0.6256 test_loss=1.7599 test_acc=0.3432
Round 186 | selected=[29, 87, 63, 79, 32, 81, 16, 88, 15, 83]
Round 186 | train_loss=1.1000 train_acc=0.6344 test_loss=1.9029 test_acc=0.3059
Round 187 | selected=[77, 2, 50, 8, 56, 6, 71, 12, 79, 7]
Round 187 | train_loss=1.0560 train_acc=0.6532 test_loss=1.8698 test_acc=0.2906
Round 188 | selected=[32, 38, 45, 16, 66, 64, 98, 41, 42, 6]
Round 188 | train_loss=1.0587 train_acc=0.6456 test_loss=1.7243 test_acc=0.3399
Round 189 | selected=[7, 62, 61, 82, 64, 87, 30, 85, 76, 88]
Round 189 | train_loss=1.0555 train_acc=0.6622 test_loss=1.7171 test_acc=0.3265
Round 190 | selected=[32, 23, 97, 52, 61, 26, 44, 27, 90, 53]
Round 190 | train_loss=0.9335 train_acc=0.6984 test_loss=1.8695 test_acc=0.3528
Round 191 | selected=[40, 62, 50, 42, 4, 71, 6, 43, 56, 8]
Round 191 | train_loss=0.9880 train_acc=0.6850 test_loss=1.8629 test_acc=0.2187
Round 192 | selected=[75, 3, 42, 92, 72, 50, 49, 52, 8, 45]
Round 192 | train_loss=0.8007 train_acc=0.7416 test_loss=1.6459 test_acc=0.3566
Round 193 | selected=[90, 64, 67, 11, 47, 49, 92, 50, 38, 6]
Round 193 | train_loss=0.8925 train_acc=0.7230 test_loss=1.8657 test_acc=0.2909
Round 194 | selected=[0, 36, 13, 20, 39, 16, 42, 56, 9, 63]
Round 194 | train_loss=1.1325 train_acc=0.6214 test_loss=1.7632 test_acc=0.3655
Round 195 | selected=[39, 38, 31, 18, 86, 9, 60, 89, 64, 15]
Round 195 | train_loss=1.0723 train_acc=0.6598 test_loss=1.5785 test_acc=0.4134
Round 196 | selected=[45, 34, 96, 79, 22, 14, 80, 72, 46, 70]
Round 196 | train_loss=0.8900 train_acc=0.7220 test_loss=1.8201 test_acc=0.3341
Round 197 | selected=[10, 39, 70, 0, 61, 32, 84, 93, 91, 49]
Round 197 | train_loss=1.0812 train_acc=0.6530 test_loss=2.0904 test_acc=0.2577
Round 198 | selected=[88, 22, 87, 57, 79, 42, 93, 96, 40, 91]
Round 198 | train_loss=0.9879 train_acc=0.6804 test_loss=2.0173 test_acc=0.3020
Round 199 | selected=[38, 52, 78, 33, 64, 32, 41, 93, 58, 71]
Round 199 | train_loss=1.1858 train_acc=0.6220 test_loss=1.8725 test_acc=0.3006
Round 200 | selected=[95, 31, 52, 20, 92, 11, 2, 16, 70, 9]
Round 200 | train_loss=1.0829 train_acc=0.6376 test_loss=1.7542 test_acc=0.3516
Round 201 | selected=[51, 9, 15, 53, 84, 60, 2, 81, 94, 74]
Round 201 | train_loss=0.9499 train_acc=0.6832 test_loss=1.7292 test_acc=0.3523
Round 202 | selected=[87, 33, 16, 1, 81, 51, 57, 68, 54, 11]
Round 202 | train_loss=1.0733 train_acc=0.6402 test_loss=1.7158 test_acc=0.3179
Round 203 | selected=[46, 35, 76, 53, 91, 89, 87, 28, 81, 97]
Round 203 | train_loss=1.0400 train_acc=0.6730 test_loss=1.7635 test_acc=0.3331
Round 204 | selected=[97, 40, 51, 52, 61, 59, 1, 23, 29, 76]
Round 204 | train_loss=0.9979 train_acc=0.6878 test_loss=1.9110 test_acc=0.2587
Round 205 | selected=[16, 55, 41, 44, 82, 3, 21, 98, 22, 63]
Round 205 | train_loss=1.0919 train_acc=0.6446 test_loss=2.0595 test_acc=0.2393
Round 206 | selected=[1, 87, 84, 28, 98, 49, 48, 99, 92, 97]
Round 206 | train_loss=1.0039 train_acc=0.6746 test_loss=1.9869 test_acc=0.2844
Round 207 | selected=[60, 41, 71, 6, 47, 79, 7, 5, 58, 91]
Round 207 | train_loss=1.3175 train_acc=0.5632 test_loss=1.8191 test_acc=0.3231
Round 208 | selected=[53, 49, 30, 96, 44, 78, 66, 69, 16, 92]
Round 208 | train_loss=1.1238 train_acc=0.6240 test_loss=1.8171 test_acc=0.2986
Round 209 | selected=[93, 66, 85, 55, 21, 49, 70, 42, 88, 9]
Round 209 | train_loss=0.9713 train_acc=0.6866 test_loss=1.6863 test_acc=0.3962
Round 210 | selected=[53, 8, 65, 45, 11, 23, 14, 61, 95, 84]
Round 210 | train_loss=0.9020 train_acc=0.7284 test_loss=2.0108 test_acc=0.2929
Round 211 | selected=[13, 72, 2, 69, 32, 48, 52, 68, 82, 26]
Round 211 | train_loss=1.1689 train_acc=0.6142 test_loss=1.8775 test_acc=0.3318
Round 212 | selected=[27, 46, 18, 26, 82, 15, 64, 10, 32, 13]
Round 212 | train_loss=1.2319 train_acc=0.5986 test_loss=1.6504 test_acc=0.3920
Round 213 | selected=[67, 3, 26, 38, 62, 41, 25, 50, 61, 49]
Round 213 | train_loss=1.0417 train_acc=0.6574 test_loss=1.6314 test_acc=0.3892
Round 214 | selected=[78, 84, 0, 42, 93, 22, 98, 37, 30, 73]
Round 214 | train_loss=0.8227 train_acc=0.7424 test_loss=1.6715 test_acc=0.3636
Round 215 | selected=[77, 94, 68, 9, 92, 80, 32, 38, 75, 2]
Round 215 | train_loss=0.9374 train_acc=0.6978 test_loss=1.7214 test_acc=0.3749
Round 216 | selected=[35, 4, 44, 92, 57, 86, 95, 24, 93, 70]
Round 216 | train_loss=0.9466 train_acc=0.7034 test_loss=1.8172 test_acc=0.2935
Round 217 | selected=[14, 31, 79, 97, 0, 41, 47, 7, 48, 9]
Round 217 | train_loss=1.1460 train_acc=0.6346 test_loss=1.9416 test_acc=0.2602
Round 218 | selected=[24, 73, 4, 46, 8, 72, 41, 0, 92, 52]
Round 218 | train_loss=1.1417 train_acc=0.6188 test_loss=1.7476 test_acc=0.3616
Round 219 | selected=[82, 11, 26, 14, 83, 39, 38, 41, 32, 53]
Round 219 | train_loss=1.1378 train_acc=0.6694 test_loss=1.9550 test_acc=0.2803
Round 220 | selected=[67, 35, 66, 44, 51, 17, 49, 37, 64, 18]
Round 220 | train_loss=0.9580 train_acc=0.7094 test_loss=1.5787 test_acc=0.4260
Round 221 | selected=[20, 33, 25, 90, 9, 4, 59, 54, 80, 5]
Round 221 | train_loss=0.9553 train_acc=0.6902 test_loss=1.5590 test_acc=0.4121
Round 222 | selected=[22, 21, 92, 88, 32, 12, 69, 28, 62, 78]
Round 222 | train_loss=0.7770 train_acc=0.7668 test_loss=1.7400 test_acc=0.3340
Round 223 | selected=[10, 51, 17, 78, 14, 61, 75, 44, 47, 48]
Round 223 | train_loss=1.0684 train_acc=0.6640 test_loss=1.9616 test_acc=0.3133
Round 224 | selected=[79, 9, 34, 99, 26, 3, 22, 31, 27, 69]
Round 224 | train_loss=1.1343 train_acc=0.6510 test_loss=1.8617 test_acc=0.3509
Round 225 | selected=[8, 19, 74, 28, 56, 21, 99, 29, 59, 2]
Round 225 | train_loss=1.1094 train_acc=0.6508 test_loss=2.0964 test_acc=0.2998
Round 226 | selected=[71, 80, 12, 68, 70, 6, 45, 43, 86, 16]
Round 226 | train_loss=1.1688 train_acc=0.6022 test_loss=1.9557 test_acc=0.2773
Round 227 | selected=[91, 84, 13, 41, 72, 3, 64, 8, 99, 26]
Round 227 | train_loss=1.1105 train_acc=0.6316 test_loss=1.8654 test_acc=0.2930
Round 228 | selected=[69, 4, 39, 64, 8, 46, 81, 92, 44, 25]
Round 228 | train_loss=0.9975 train_acc=0.6826 test_loss=1.9110 test_acc=0.3041
Round 229 | selected=[41, 49, 82, 96, 31, 78, 40, 5, 85, 71]
Round 229 | train_loss=1.1246 train_acc=0.6390 test_loss=1.6461 test_acc=0.3439
Round 230 | selected=[45, 50, 38, 24, 51, 92, 96, 0, 78, 65]
Round 230 | train_loss=0.9333 train_acc=0.7104 test_loss=1.9599 test_acc=0.2719
Round 231 | selected=[28, 56, 50, 16, 30, 25, 76, 21, 15, 92]
Round 231 | train_loss=1.1202 train_acc=0.6364 test_loss=1.8680 test_acc=0.2843
Round 232 | selected=[6, 99, 28, 25, 16, 48, 75, 54, 1, 49]
Round 232 | train_loss=0.9860 train_acc=0.6782 test_loss=1.8741 test_acc=0.3015
Round 233 | selected=[55, 46, 15, 29, 11, 31, 47, 68, 23, 43]
Round 233 | train_loss=0.9474 train_acc=0.6948 test_loss=1.6416 test_acc=0.3640
Round 234 | selected=[8, 43, 95, 70, 92, 11, 57, 85, 86, 65]
Round 234 | train_loss=0.7713 train_acc=0.7546 test_loss=1.7398 test_acc=0.3229
Round 235 | selected=[84, 6, 46, 51, 17, 69, 81, 60, 28, 24]
Round 235 | train_loss=0.9910 train_acc=0.6768 test_loss=1.6421 test_acc=0.3768
Round 236 | selected=[38, 8, 71, 73, 47, 85, 84, 88, 13, 83]
Round 236 | train_loss=0.8776 train_acc=0.7170 test_loss=1.6628 test_acc=0.3500
Round 237 | selected=[42, 26, 63, 18, 68, 33, 19, 50, 37, 23]
Round 237 | train_loss=0.8437 train_acc=0.7340 test_loss=1.6708 test_acc=0.3705
Round 238 | selected=[25, 55, 29, 1, 27, 70, 35, 93, 51, 12]
Round 238 | train_loss=0.9545 train_acc=0.6692 test_loss=1.9134 test_acc=0.3620
Round 239 | selected=[8, 90, 74, 1, 2, 12, 43, 49, 96, 55]
Round 239 | train_loss=0.9344 train_acc=0.7190 test_loss=1.7343 test_acc=0.3595
Round 240 | selected=[81, 95, 56, 41, 86, 85, 51, 71, 4, 57]
Round 240 | train_loss=1.1571 train_acc=0.5988 test_loss=1.8062 test_acc=0.2860
Round 241 | selected=[38, 1, 32, 30, 97, 85, 20, 17, 44, 68]
Round 241 | train_loss=0.9538 train_acc=0.6780 test_loss=1.6522 test_acc=0.3779
Round 242 | selected=[17, 56, 60, 30, 15, 67, 21, 26, 59, 90]
Round 242 | train_loss=1.1285 train_acc=0.6530 test_loss=2.0727 test_acc=0.2883
Round 243 | selected=[48, 46, 67, 72, 20, 29, 91, 86, 89, 23]
Round 243 | train_loss=1.0111 train_acc=0.6594 test_loss=1.7082 test_acc=0.3670
Round 244 | selected=[38, 94, 93, 54, 79, 98, 0, 83, 7, 58]
Round 244 | train_loss=1.0389 train_acc=0.6732 test_loss=1.7683 test_acc=0.3173
Round 245 | selected=[86, 3, 2, 92, 80, 40, 45, 57, 75, 6]
Round 245 | train_loss=0.9399 train_acc=0.6772 test_loss=1.6130 test_acc=0.3856
Round 246 | selected=[39, 15, 47, 56, 18, 31, 79, 12, 53, 37]
Round 246 | train_loss=1.0319 train_acc=0.6646 test_loss=1.6782 test_acc=0.3587
Round 247 | selected=[69, 34, 62, 99, 53, 75, 51, 16, 31, 6]
Round 247 | train_loss=0.9472 train_acc=0.6974 test_loss=1.6985 test_acc=0.3681
Round 248 | selected=[77, 8, 78, 87, 28, 54, 7, 65, 2, 5]
Round 248 | train_loss=1.0284 train_acc=0.6680 test_loss=1.7407 test_acc=0.3661
Round 249 | selected=[38, 14, 44, 94, 84, 56, 47, 2, 80, 83]
Round 249 | train_loss=0.9718 train_acc=0.6962 test_loss=1.5289 test_acc=0.4307
Round 250 | selected=[35, 62, 34, 5, 51, 70, 26, 24, 77, 39]
Round 250 | train_loss=0.9244 train_acc=0.7136 test_loss=1.6202 test_acc=0.4036
Round 251 | selected=[55, 81, 20, 57, 44, 74, 13, 3, 97, 69]
Round 251 | train_loss=0.9756 train_acc=0.6726 test_loss=1.7059 test_acc=0.3620
Round 252 | selected=[96, 10, 16, 27, 25, 74, 70, 93, 32, 4]
Round 252 | train_loss=0.9891 train_acc=0.6406 test_loss=1.8002 test_acc=0.3316
Round 253 | selected=[24, 27, 38, 18, 12, 54, 97, 49, 92, 93]
Round 253 | train_loss=0.8958 train_acc=0.7142 test_loss=1.4560 test_acc=0.4486
Round 254 | selected=[74, 81, 35, 53, 50, 29, 87, 73, 23, 19]
Round 254 | train_loss=0.8208 train_acc=0.7362 test_loss=1.7365 test_acc=0.3060
Round 255 | selected=[85, 52, 45, 10, 96, 33, 23, 37, 17, 49]
Round 255 | train_loss=0.8774 train_acc=0.6930 test_loss=1.7455 test_acc=0.3567
Round 256 | selected=[6, 5, 9, 14, 69, 85, 77, 89, 10, 70]
Round 256 | train_loss=1.1785 train_acc=0.6072 test_loss=1.7991 test_acc=0.3429
Round 257 | selected=[5, 80, 43, 58, 18, 87, 93, 30, 66, 53]
Round 257 | train_loss=1.0322 train_acc=0.6696 test_loss=1.6422 test_acc=0.3685
Round 258 | selected=[5, 56, 0, 18, 46, 82, 32, 64, 51, 14]
Round 258 | train_loss=0.9167 train_acc=0.7186 test_loss=1.5268 test_acc=0.4349
Round 259 | selected=[93, 17, 27, 60, 66, 61, 53, 77, 75, 56]
Round 259 | train_loss=0.8624 train_acc=0.7284 test_loss=1.6310 test_acc=0.4085
Round 260 | selected=[51, 38, 79, 1, 8, 31, 63, 57, 21, 17]
Round 260 | train_loss=0.9806 train_acc=0.6830 test_loss=1.6634 test_acc=0.3344
Round 261 | selected=[36, 69, 50, 3, 26, 77, 41, 35, 66, 81]
Round 261 | train_loss=0.9969 train_acc=0.6544 test_loss=1.8161 test_acc=0.3402
Round 262 | selected=[46, 85, 35, 3, 10, 22, 90, 92, 97, 33]
Round 262 | train_loss=0.9185 train_acc=0.7144 test_loss=1.6131 test_acc=0.3936
Round 263 | selected=[18, 55, 84, 17, 83, 95, 90, 38, 4, 92]
Round 263 | train_loss=0.8290 train_acc=0.7506 test_loss=1.5505 test_acc=0.4215
Round 264 | selected=[49, 3, 62, 18, 75, 74, 60, 46, 66, 94]
Round 264 | train_loss=0.8313 train_acc=0.7272 test_loss=1.9128 test_acc=0.3167
Round 265 | selected=[60, 11, 86, 41, 83, 66, 48, 44, 5, 72]
Round 265 | train_loss=1.1229 train_acc=0.6404 test_loss=2.4363 test_acc=0.2325
Round 266 | selected=[80, 84, 94, 20, 55, 39, 51, 33, 15, 93]
Round 266 | train_loss=1.3056 train_acc=0.6238 test_loss=2.1089 test_acc=0.3118
Round 267 | selected=[88, 63, 83, 77, 97, 61, 4, 24, 52, 60]
Round 267 | train_loss=1.3011 train_acc=0.5830 test_loss=1.7429 test_acc=0.3578
Round 268 | selected=[49, 50, 31, 30, 71, 13, 77, 35, 0, 1]
Round 268 | train_loss=1.1664 train_acc=0.6156 test_loss=1.5814 test_acc=0.3942
Round 269 | selected=[99, 16, 28, 89, 30, 90, 54, 4, 58, 41]
Round 269 | train_loss=1.1702 train_acc=0.6134 test_loss=1.5124 test_acc=0.4299
Round 270 | selected=[81, 85, 22, 2, 91, 24, 63, 3, 95, 44]
Round 270 | train_loss=0.8079 train_acc=0.7546 test_loss=1.7076 test_acc=0.3553
Round 271 | selected=[68, 7, 44, 36, 64, 96, 99, 9, 29, 3]
Round 271 | train_loss=0.9357 train_acc=0.6924 test_loss=1.7896 test_acc=0.3713
Round 272 | selected=[66, 12, 83, 91, 14, 76, 57, 49, 24, 13]
Round 272 | train_loss=0.9973 train_acc=0.6878 test_loss=1.5319 test_acc=0.4150
Round 273 | selected=[45, 55, 0, 16, 82, 98, 95, 19, 41, 32]
Round 273 | train_loss=0.9101 train_acc=0.7010 test_loss=1.5778 test_acc=0.3658
Round 274 | selected=[8, 11, 75, 40, 86, 27, 68, 36, 47, 93]
Round 274 | train_loss=0.8303 train_acc=0.7330 test_loss=1.5705 test_acc=0.4191
Round 275 | selected=[23, 79, 44, 2, 9, 69, 45, 64, 13, 60]
Round 275 | train_loss=0.8153 train_acc=0.7518 test_loss=1.5064 test_acc=0.4262
Round 276 | selected=[44, 25, 71, 8, 28, 37, 29, 47, 12, 19]
Round 276 | train_loss=0.7474 train_acc=0.7594 test_loss=1.5875 test_acc=0.3700
Round 277 | selected=[14, 95, 41, 70, 21, 85, 54, 31, 56, 87]
Round 277 | train_loss=1.0746 train_acc=0.6572 test_loss=1.7771 test_acc=0.3592
Round 278 | selected=[51, 42, 82, 45, 50, 24, 18, 76, 67, 59]
Round 278 | train_loss=0.8427 train_acc=0.7168 test_loss=1.8508 test_acc=0.3175
Round 279 | selected=[69, 27, 92, 98, 88, 75, 82, 28, 25, 54]
Round 279 | train_loss=0.9565 train_acc=0.6892 test_loss=1.6769 test_acc=0.3588
Round 280 | selected=[44, 37, 77, 90, 72, 6, 39, 22, 16, 91]
Round 280 | train_loss=0.9979 train_acc=0.6740 test_loss=2.0287 test_acc=0.3097
Round 281 | selected=[49, 86, 77, 64, 28, 18, 54, 37, 24, 95]
Round 281 | train_loss=0.9989 train_acc=0.6756 test_loss=1.6006 test_acc=0.4162
Round 282 | selected=[38, 27, 30, 48, 53, 46, 42, 94, 57, 95]
Round 282 | train_loss=0.8394 train_acc=0.7366 test_loss=1.5809 test_acc=0.4561
Round 283 | selected=[55, 6, 75, 15, 31, 8, 81, 58, 60, 26]
Round 283 | train_loss=0.9147 train_acc=0.6918 test_loss=1.5859 test_acc=0.3790
Round 284 | selected=[47, 37, 5, 15, 86, 23, 44, 36, 90, 99]
Round 284 | train_loss=0.8070 train_acc=0.7376 test_loss=1.5305 test_acc=0.4007
Round 285 | selected=[36, 66, 81, 65, 87, 85, 2, 80, 38, 52]
Round 285 | train_loss=0.9080 train_acc=0.7100 test_loss=1.5123 test_acc=0.4252
Round 286 | selected=[30, 24, 52, 94, 61, 76, 20, 32, 7, 15]
Round 286 | train_loss=0.9391 train_acc=0.6900 test_loss=1.5516 test_acc=0.4052
Round 287 | selected=[40, 98, 97, 91, 47, 50, 80, 53, 1, 37]
Round 287 | train_loss=0.8937 train_acc=0.6978 test_loss=1.6332 test_acc=0.4304
Round 288 | selected=[88, 86, 15, 0, 49, 70, 71, 37, 28, 12]
Round 288 | train_loss=0.9114 train_acc=0.6908 test_loss=1.7131 test_acc=0.3579
Round 289 | selected=[5, 72, 67, 97, 99, 9, 16, 24, 56, 49]
Round 289 | train_loss=0.9366 train_acc=0.6762 test_loss=1.5531 test_acc=0.3921
Round 290 | selected=[48, 94, 16, 17, 3, 97, 72, 73, 71, 19]
Round 290 | train_loss=0.7803 train_acc=0.7468 test_loss=1.5625 test_acc=0.3843
Round 291 | selected=[73, 56, 52, 84, 36, 81, 66, 50, 67, 48]
Round 291 | train_loss=0.8636 train_acc=0.7196 test_loss=1.6397 test_acc=0.3749
Round 292 | selected=[8, 65, 6, 47, 5, 42, 83, 54, 87, 81]
Round 292 | train_loss=0.8395 train_acc=0.7202 test_loss=1.6897 test_acc=0.3799
Round 293 | selected=[56, 50, 10, 25, 53, 62, 19, 33, 69, 95]
Round 293 | train_loss=0.8487 train_acc=0.7248 test_loss=1.6281 test_acc=0.3677
Round 294 | selected=[53, 20, 28, 31, 66, 22, 69, 71, 65, 57]
Round 294 | train_loss=1.0041 train_acc=0.6796 test_loss=2.0476 test_acc=0.3083
Round 295 | selected=[79, 61, 90, 20, 7, 75, 35, 84, 51, 55]
Round 295 | train_loss=0.9136 train_acc=0.6984 test_loss=1.8192 test_acc=0.2621
Round 296 | selected=[55, 32, 57, 11, 26, 5, 23, 41, 99, 62]
Round 296 | train_loss=0.8515 train_acc=0.7316 test_loss=1.8899 test_acc=0.2839
Round 297 | selected=[28, 63, 51, 46, 42, 18, 3, 38, 2, 54]
Round 297 | train_loss=1.0082 train_acc=0.6658 test_loss=1.5413 test_acc=0.4255
Round 298 | selected=[91, 82, 61, 95, 73, 99, 93, 56, 5, 90]
Round 298 | train_loss=0.9584 train_acc=0.6850 test_loss=1.7679 test_acc=0.3366
Round 299 | selected=[19, 34, 78, 50, 73, 67, 41, 43, 79, 64]
Round 299 | train_loss=0.9728 train_acc=0.6912 test_loss=1.5272 test_acc=0.4328
Round 300 | selected=[20, 23, 40, 51, 37, 71, 41, 35, 74, 72]
Round 300 | train_loss=0.8017 train_acc=0.7294 test_loss=1.6626 test_acc=0.3334
Round 301 | selected=[34, 31, 39, 56, 75, 78, 29, 40, 53, 25]
Round 301 | train_loss=0.9561 train_acc=0.6816 test_loss=1.8032 test_acc=0.3722
Round 302 | selected=[99, 90, 10, 30, 64, 38, 20, 41, 51, 49]
Round 302 | train_loss=1.1313 train_acc=0.6358 test_loss=1.7643 test_acc=0.3115
Round 303 | selected=[69, 58, 84, 43, 1, 20, 42, 97, 3, 24]
Round 303 | train_loss=0.7423 train_acc=0.7652 test_loss=1.4892 test_acc=0.4271
Round 304 | selected=[99, 30, 18, 48, 9, 49, 0, 54, 15, 11]
Round 304 | train_loss=0.9226 train_acc=0.7126 test_loss=1.9837 test_acc=0.2332
Round 305 | selected=[11, 56, 65, 9, 36, 96, 61, 18, 14, 85]
Round 305 | train_loss=0.9248 train_acc=0.7076 test_loss=1.7749 test_acc=0.3445
Round 306 | selected=[39, 30, 18, 11, 37, 57, 92, 42, 52, 79]
Round 306 | train_loss=0.8300 train_acc=0.7392 test_loss=1.5851 test_acc=0.4107
Round 307 | selected=[59, 86, 14, 69, 37, 53, 98, 5, 94, 54]
Round 307 | train_loss=0.8110 train_acc=0.7352 test_loss=1.5250 test_acc=0.4215
Round 308 | selected=[79, 98, 26, 68, 82, 3, 55, 23, 76, 22]
Round 308 | train_loss=0.7489 train_acc=0.7554 test_loss=1.5619 test_acc=0.3685
Round 309 | selected=[23, 50, 38, 33, 59, 45, 55, 68, 62, 35]
Round 309 | train_loss=0.6873 train_acc=0.7726 test_loss=1.7009 test_acc=0.3455
Round 310 | selected=[29, 66, 1, 23, 87, 8, 42, 67, 64, 15]
Round 310 | train_loss=0.7715 train_acc=0.7490 test_loss=1.5865 test_acc=0.3953
Round 311 | selected=[51, 30, 11, 2, 93, 64, 76, 67, 38, 87]
Round 311 | train_loss=0.9374 train_acc=0.6952 test_loss=1.8468 test_acc=0.3736
Round 312 | selected=[64, 24, 31, 47, 97, 50, 14, 1, 18, 68]
Round 312 | train_loss=0.9561 train_acc=0.6886 test_loss=1.5756 test_acc=0.4030
Round 313 | selected=[32, 27, 10, 30, 81, 15, 51, 86, 23, 57]
Round 313 | train_loss=0.9980 train_acc=0.6614 test_loss=1.7492 test_acc=0.3411
Round 314 | selected=[70, 84, 47, 63, 77, 37, 86, 21, 18, 66]
Round 314 | train_loss=0.9386 train_acc=0.6786 test_loss=1.4102 test_acc=0.4669
Round 315 | selected=[5, 65, 17, 48, 23, 6, 70, 95, 55, 54]
Round 315 | train_loss=0.7267 train_acc=0.7724 test_loss=1.5466 test_acc=0.4238
Round 316 | selected=[45, 13, 84, 53, 81, 28, 4, 64, 80, 51]
Round 316 | train_loss=0.8216 train_acc=0.7254 test_loss=1.4593 test_acc=0.4435
Round 317 | selected=[58, 75, 38, 22, 70, 6, 65, 26, 42, 8]
Round 317 | train_loss=0.7359 train_acc=0.7712 test_loss=1.6968 test_acc=0.3780
Round 318 | selected=[27, 42, 50, 85, 98, 44, 66, 80, 70, 76]
Round 318 | train_loss=0.9156 train_acc=0.7056 test_loss=1.5966 test_acc=0.4065
Round 319 | selected=[10, 54, 68, 41, 14, 31, 30, 16, 55, 44]
Round 319 | train_loss=1.1538 train_acc=0.6240 test_loss=1.9393 test_acc=0.2960
Round 320 | selected=[35, 5, 12, 36, 34, 71, 97, 24, 22, 14]
Round 320 | train_loss=1.0151 train_acc=0.6984 test_loss=1.7765 test_acc=0.3750
Round 321 | selected=[81, 73, 63, 74, 43, 97, 86, 34, 38, 21]
Round 321 | train_loss=1.2004 train_acc=0.6052 test_loss=1.6170 test_acc=0.4352
Round 322 | selected=[19, 79, 82, 9, 22, 60, 77, 45, 2, 62]
Round 322 | train_loss=0.9283 train_acc=0.7142 test_loss=1.6909 test_acc=0.3563
Round 323 | selected=[24, 13, 23, 76, 21, 42, 16, 45, 88, 56]
Round 323 | train_loss=0.8419 train_acc=0.7088 test_loss=1.4385 test_acc=0.4710
Round 324 | selected=[41, 1, 53, 6, 29, 50, 80, 93, 66, 97]
Round 324 | train_loss=0.8451 train_acc=0.7174 test_loss=1.5926 test_acc=0.4174
Round 325 | selected=[22, 71, 7, 24, 56, 65, 21, 96, 11, 25]
Round 325 | train_loss=0.8132 train_acc=0.7380 test_loss=1.4911 test_acc=0.4657
Round 326 | selected=[68, 37, 17, 84, 87, 50, 41, 16, 75, 90]
Round 326 | train_loss=0.8288 train_acc=0.7350 test_loss=1.5157 test_acc=0.4357
Round 327 | selected=[15, 91, 57, 19, 24, 35, 93, 16, 21, 29]
Round 327 | train_loss=0.8290 train_acc=0.7332 test_loss=1.7959 test_acc=0.3506
Round 328 | selected=[90, 68, 27, 65, 30, 29, 17, 2, 41, 60]
Round 328 | train_loss=0.9513 train_acc=0.6816 test_loss=1.6590 test_acc=0.4246
Round 329 | selected=[25, 14, 63, 13, 26, 77, 64, 96, 70, 16]
Round 329 | train_loss=1.0342 train_acc=0.6454 test_loss=1.4425 test_acc=0.4583
Round 330 | selected=[93, 25, 99, 59, 66, 17, 23, 71, 50, 12]
Round 330 | train_loss=0.6471 train_acc=0.8024 test_loss=1.5867 test_acc=0.4220
Round 331 | selected=[6, 5, 79, 37, 76, 3, 70, 94, 53, 46]
Round 331 | train_loss=0.8425 train_acc=0.7334 test_loss=1.7043 test_acc=0.3626
Round 332 | selected=[6, 14, 59, 69, 96, 84, 29, 75, 3, 37]
Round 332 | train_loss=0.8605 train_acc=0.7146 test_loss=1.8864 test_acc=0.3212
Round 333 | selected=[17, 77, 6, 31, 91, 36, 5, 82, 44, 4]
Round 333 | train_loss=0.9674 train_acc=0.6716 test_loss=1.6654 test_acc=0.3507
Round 334 | selected=[18, 7, 54, 9, 6, 22, 55, 94, 97, 65]
Round 334 | train_loss=0.8935 train_acc=0.7208 test_loss=2.0010 test_acc=0.3029
Round 335 | selected=[44, 90, 84, 3, 32, 36, 63, 73, 50, 12]
Round 335 | train_loss=0.9111 train_acc=0.7096 test_loss=1.7859 test_acc=0.3477
Round 336 | selected=[16, 2, 7, 44, 95, 92, 5, 14, 75, 71]
Round 336 | train_loss=0.8406 train_acc=0.7252 test_loss=1.6747 test_acc=0.3574
Round 337 | selected=[73, 25, 55, 45, 38, 65, 50, 20, 22, 62]
Round 337 | train_loss=0.8373 train_acc=0.7378 test_loss=1.5260 test_acc=0.4309
Round 338 | selected=[41, 69, 90, 50, 61, 97, 74, 8, 85, 83]
Round 338 | train_loss=0.9701 train_acc=0.6700 test_loss=1.7016 test_acc=0.3573
Round 339 | selected=[99, 56, 84, 65, 64, 14, 15, 92, 74, 90]
Round 339 | train_loss=0.9171 train_acc=0.6918 test_loss=1.6130 test_acc=0.4411
Round 340 | selected=[67, 24, 72, 75, 18, 49, 3, 27, 78, 13]
Round 340 | train_loss=0.7724 train_acc=0.7502 test_loss=1.6014 test_acc=0.4276
Round 341 | selected=[9, 22, 12, 16, 49, 50, 35, 10, 40, 15]
Round 341 | train_loss=0.9208 train_acc=0.6930 test_loss=1.8612 test_acc=0.3126
Round 342 | selected=[29, 68, 98, 88, 13, 89, 83, 53, 77, 60]
Round 342 | train_loss=0.9612 train_acc=0.6878 test_loss=1.6084 test_acc=0.3876
Round 343 | selected=[43, 26, 48, 91, 99, 93, 53, 11, 27, 40]
Round 343 | train_loss=0.6944 train_acc=0.7786 test_loss=1.6607 test_acc=0.3662
Round 344 | selected=[0, 15, 1, 67, 98, 17, 51, 3, 29, 7]
Round 344 | train_loss=0.8041 train_acc=0.7336 test_loss=1.4811 test_acc=0.4825
Round 345 | selected=[30, 92, 87, 31, 17, 13, 58, 89, 64, 96]
Round 345 | train_loss=0.9539 train_acc=0.6822 test_loss=1.5218 test_acc=0.4423
Round 346 | selected=[89, 60, 46, 99, 9, 64, 13, 3, 48, 30]
Round 346 | train_loss=0.7634 train_acc=0.7438 test_loss=1.8177 test_acc=0.3737
Round 347 | selected=[61, 44, 72, 12, 3, 38, 8, 94, 41, 34]
Round 347 | train_loss=0.9696 train_acc=0.7084 test_loss=1.6620 test_acc=0.3492
Round 348 | selected=[47, 93, 88, 13, 68, 12, 2, 46, 45, 81]
Round 348 | train_loss=0.8897 train_acc=0.6844 test_loss=1.6106 test_acc=0.3850
Round 349 | selected=[57, 19, 83, 5, 31, 7, 2, 44, 93, 11]
Round 349 | train_loss=0.8639 train_acc=0.7158 test_loss=1.6868 test_acc=0.3844
Round 350 | selected=[8, 68, 17, 77, 32, 9, 95, 81, 30, 5]
Round 350 | train_loss=0.8058 train_acc=0.7432 test_loss=1.4191 test_acc=0.4559
Round 351 | selected=[96, 86, 49, 81, 22, 8, 77, 38, 57, 18]
Round 351 | train_loss=0.8667 train_acc=0.7138 test_loss=1.5771 test_acc=0.4131
Round 352 | selected=[85, 79, 31, 33, 28, 49, 90, 32, 17, 54]
Round 352 | train_loss=0.9978 train_acc=0.6882 test_loss=1.6674 test_acc=0.3870
Round 353 | selected=[46, 41, 78, 76, 13, 87, 63, 57, 77, 93]
Round 353 | train_loss=1.0068 train_acc=0.6752 test_loss=1.5377 test_acc=0.4210
Round 354 | selected=[46, 28, 33, 91, 29, 47, 56, 54, 18, 96]
Round 354 | train_loss=0.9540 train_acc=0.6868 test_loss=1.5726 test_acc=0.4009
Round 355 | selected=[56, 32, 31, 68, 65, 78, 64, 11, 54, 29]
Round 355 | train_loss=0.8983 train_acc=0.7240 test_loss=1.7472 test_acc=0.3685
Round 356 | selected=[41, 59, 98, 1, 77, 69, 15, 34, 48, 65]
Round 356 | train_loss=0.8409 train_acc=0.7220 test_loss=1.4081 test_acc=0.5095
Round 357 | selected=[67, 61, 19, 54, 84, 43, 52, 49, 95, 99]
Round 357 | train_loss=0.7011 train_acc=0.7814 test_loss=1.7219 test_acc=0.3467
Round 358 | selected=[22, 91, 61, 23, 90, 2, 84, 85, 71, 63]
Round 358 | train_loss=0.8627 train_acc=0.7124 test_loss=1.5290 test_acc=0.4141
Round 359 | selected=[49, 4, 48, 80, 86, 87, 76, 40, 81, 47]
Round 359 | train_loss=0.9516 train_acc=0.6708 test_loss=1.5101 test_acc=0.4289
Round 360 | selected=[61, 91, 51, 5, 29, 46, 59, 48, 50, 12]
Round 360 | train_loss=0.8249 train_acc=0.7292 test_loss=1.6504 test_acc=0.3781
Round 361 | selected=[79, 10, 15, 46, 34, 39, 25, 63, 94, 32]
Round 361 | train_loss=0.8876 train_acc=0.7124 test_loss=1.5602 test_acc=0.4119
Round 362 | selected=[43, 99, 16, 86, 52, 24, 95, 94, 66, 74]
Round 362 | train_loss=0.9335 train_acc=0.6832 test_loss=1.5280 test_acc=0.3985
Round 363 | selected=[87, 18, 72, 4, 24, 54, 29, 36, 3, 91]
Round 363 | train_loss=0.8266 train_acc=0.7356 test_loss=1.4277 test_acc=0.4643
Round 364 | selected=[76, 78, 99, 3, 0, 54, 65, 62, 86, 29]
Round 364 | train_loss=0.8030 train_acc=0.7436 test_loss=1.4859 test_acc=0.4437
Round 365 | selected=[34, 24, 1, 45, 0, 2, 77, 43, 7, 74]
Round 365 | train_loss=0.7818 train_acc=0.7476 test_loss=1.4298 test_acc=0.4734
Round 366 | selected=[27, 98, 42, 44, 79, 49, 28, 74, 91, 78]
Round 366 | train_loss=0.7220 train_acc=0.7674 test_loss=1.4792 test_acc=0.4195
Round 367 | selected=[83, 27, 16, 70, 54, 96, 87, 33, 43, 39]
Round 367 | train_loss=0.8641 train_acc=0.7006 test_loss=1.6266 test_acc=0.3736
Round 368 | selected=[59, 69, 19, 99, 28, 97, 74, 48, 58, 61]
Round 368 | train_loss=0.8880 train_acc=0.7206 test_loss=1.6417 test_acc=0.3617
Round 369 | selected=[65, 40, 69, 32, 89, 83, 21, 71, 37, 41]
Round 369 | train_loss=0.9170 train_acc=0.7050 test_loss=1.4674 test_acc=0.4527
Round 370 | selected=[66, 46, 76, 40, 68, 45, 51, 27, 58, 99]
Round 370 | train_loss=0.8609 train_acc=0.7220 test_loss=1.4486 test_acc=0.4320
Round 371 | selected=[53, 57, 69, 85, 81, 76, 6, 98, 80, 16]
Round 371 | train_loss=0.7838 train_acc=0.7464 test_loss=1.3287 test_acc=0.5181
Round 372 | selected=[63, 40, 82, 91, 89, 37, 14, 46, 96, 10]
Round 372 | train_loss=0.8351 train_acc=0.7252 test_loss=1.3431 test_acc=0.4803
Round 373 | selected=[64, 57, 74, 21, 58, 94, 69, 80, 15, 27]
Round 373 | train_loss=0.8429 train_acc=0.7236 test_loss=1.6980 test_acc=0.3981
Round 374 | selected=[16, 44, 20, 98, 95, 40, 61, 46, 30, 12]
Round 374 | train_loss=0.9346 train_acc=0.6862 test_loss=2.1810 test_acc=0.3583
Round 375 | selected=[3, 13, 47, 26, 53, 91, 48, 27, 92, 76]
Round 375 | train_loss=1.0191 train_acc=0.6628 test_loss=1.6839 test_acc=0.4269
Round 376 | selected=[85, 1, 17, 27, 82, 77, 81, 78, 30, 92]
Round 376 | train_loss=0.9111 train_acc=0.7034 test_loss=1.8917 test_acc=0.3353
Round 377 | selected=[41, 28, 13, 99, 58, 21, 37, 30, 82, 26]
Round 377 | train_loss=0.9764 train_acc=0.6722 test_loss=1.4105 test_acc=0.4504
Round 378 | selected=[72, 37, 97, 88, 79, 68, 38, 99, 57, 55]
Round 378 | train_loss=0.6991 train_acc=0.7920 test_loss=1.4686 test_acc=0.4409
Round 379 | selected=[75, 21, 47, 5, 44, 30, 25, 99, 4, 8]
Round 379 | train_loss=0.8134 train_acc=0.7296 test_loss=1.5639 test_acc=0.3966
Round 380 | selected=[94, 12, 92, 77, 0, 21, 43, 24, 47, 26]
Round 380 | train_loss=0.8107 train_acc=0.7326 test_loss=1.7735 test_acc=0.3557
Round 381 | selected=[60, 99, 49, 87, 32, 90, 37, 30, 1, 59]
Round 381 | train_loss=0.7863 train_acc=0.7550 test_loss=1.6738 test_acc=0.3955
Round 382 | selected=[87, 14, 82, 57, 46, 40, 69, 26, 23, 43]
Round 382 | train_loss=0.7513 train_acc=0.7544 test_loss=1.3680 test_acc=0.5037
Round 383 | selected=[17, 58, 76, 50, 41, 10, 13, 18, 92, 71]
Round 383 | train_loss=0.8117 train_acc=0.7340 test_loss=1.4890 test_acc=0.4399
Round 384 | selected=[80, 49, 11, 68, 65, 2, 26, 73, 60, 46]
Round 384 | train_loss=0.8136 train_acc=0.7284 test_loss=1.7311 test_acc=0.4275
Round 385 | selected=[80, 90, 72, 20, 24, 30, 40, 91, 22, 28]
Round 385 | train_loss=0.8368 train_acc=0.7350 test_loss=1.6925 test_acc=0.3149
Round 386 | selected=[20, 37, 50, 5, 89, 62, 47, 21, 81, 98]
Round 386 | train_loss=0.8887 train_acc=0.7088 test_loss=1.5175 test_acc=0.4126
Round 387 | selected=[11, 61, 85, 10, 35, 55, 83, 30, 90, 97]
Round 387 | train_loss=0.8920 train_acc=0.7112 test_loss=2.1142 test_acc=0.2570
Round 388 | selected=[0, 6, 5, 26, 29, 53, 84, 28, 73, 85]
Round 388 | train_loss=0.8852 train_acc=0.7068 test_loss=1.5846 test_acc=0.4051
Round 389 | selected=[89, 32, 67, 33, 3, 37, 54, 57, 59, 34]
Round 389 | train_loss=0.8088 train_acc=0.7354 test_loss=1.5098 test_acc=0.4339
Round 390 | selected=[46, 74, 3, 2, 4, 55, 27, 26, 38, 42]
Round 390 | train_loss=0.7628 train_acc=0.7366 test_loss=1.4607 test_acc=0.4545
Round 391 | selected=[7, 87, 31, 61, 22, 79, 64, 14, 73, 43]
Round 391 | train_loss=0.8517 train_acc=0.7186 test_loss=1.4134 test_acc=0.4877
Round 392 | selected=[98, 92, 77, 58, 79, 96, 35, 39, 82, 69]
Round 392 | train_loss=0.7816 train_acc=0.7540 test_loss=1.4311 test_acc=0.4409
Round 393 | selected=[65, 72, 93, 92, 24, 70, 55, 81, 58, 75]
Round 393 | train_loss=0.6348 train_acc=0.7900 test_loss=1.5190 test_acc=0.4158
Round 394 | selected=[24, 21, 71, 52, 15, 83, 92, 68, 95, 46]
Round 394 | train_loss=0.7481 train_acc=0.7582 test_loss=1.7426 test_acc=0.3659
Round 395 | selected=[87, 8, 19, 85, 73, 68, 46, 10, 1, 24]
Round 395 | train_loss=0.7953 train_acc=0.7312 test_loss=1.5880 test_acc=0.4193
Round 396 | selected=[28, 44, 33, 59, 35, 25, 14, 47, 41, 69]
Round 396 | train_loss=0.8767 train_acc=0.7174 test_loss=1.4289 test_acc=0.4340
Round 397 | selected=[5, 36, 41, 51, 82, 77, 76, 8, 23, 29]
Round 397 | train_loss=0.8549 train_acc=0.7062 test_loss=1.9736 test_acc=0.3364
Round 398 | selected=[63, 76, 36, 62, 49, 77, 48, 87, 45, 34]
Round 398 | train_loss=0.8904 train_acc=0.7376 test_loss=1.4450 test_acc=0.4574
Round 399 | selected=[51, 34, 87, 26, 92, 21, 44, 39, 68, 76]
Round 399 | train_loss=0.7765 train_acc=0.7486 test_loss=1.5060 test_acc=0.4502
Round 400 | selected=[9, 30, 20, 63, 11, 55, 0, 79, 2, 14]
Round 400 | train_loss=0.8743 train_acc=0.7074 test_loss=1.7520 test_acc=0.2926
Round 401 | selected=[27, 2, 29, 25, 17, 49, 7, 19, 1, 11]
Round 401 | train_loss=0.8686 train_acc=0.7000 test_loss=1.7582 test_acc=0.3594
Round 402 | selected=[84, 21, 71, 86, 72, 6, 54, 79, 52, 13]
Round 402 | train_loss=0.9921 train_acc=0.6706 test_loss=1.7709 test_acc=0.3123
Round 403 | selected=[52, 39, 55, 72, 3, 77, 93, 58, 10, 60]
Round 403 | train_loss=0.8006 train_acc=0.7226 test_loss=1.4815 test_acc=0.4516
Round 404 | selected=[58, 60, 56, 40, 57, 76, 85, 98, 92, 45]
Round 404 | train_loss=0.8057 train_acc=0.7306 test_loss=1.5145 test_acc=0.3903
Round 405 | selected=[62, 26, 33, 73, 40, 50, 83, 99, 65, 69]
Round 405 | train_loss=0.8207 train_acc=0.7334 test_loss=1.4514 test_acc=0.4422
Round 406 | selected=[50, 21, 26, 64, 47, 41, 27, 93, 49, 6]
Round 406 | train_loss=0.8037 train_acc=0.7390 test_loss=1.4405 test_acc=0.4411
Round 407 | selected=[7, 66, 46, 2, 41, 40, 62, 13, 1, 80]
Round 407 | train_loss=0.8948 train_acc=0.6910 test_loss=1.5581 test_acc=0.4381
Round 408 | selected=[58, 45, 36, 15, 84, 13, 64, 51, 0, 23]
Round 408 | train_loss=0.7369 train_acc=0.7588 test_loss=1.2780 test_acc=0.5332
Round 409 | selected=[41, 18, 79, 0, 14, 71, 13, 89, 35, 1]
Round 409 | train_loss=0.8423 train_acc=0.7248 test_loss=1.6188 test_acc=0.3724
Round 410 | selected=[3, 51, 80, 91, 25, 90, 8, 79, 41, 53]
Round 410 | train_loss=0.8304 train_acc=0.7264 test_loss=1.6506 test_acc=0.3986
Round 411 | selected=[69, 84, 54, 86, 29, 19, 13, 38, 57, 3]
Round 411 | train_loss=0.8553 train_acc=0.7116 test_loss=1.4881 test_acc=0.4222
Round 412 | selected=[69, 44, 85, 9, 51, 62, 34, 77, 46, 54]
Round 412 | train_loss=0.9207 train_acc=0.7038 test_loss=1.4831 test_acc=0.4165
Round 413 | selected=[16, 66, 89, 50, 38, 49, 36, 98, 28, 53]
Round 413 | train_loss=0.8306 train_acc=0.7322 test_loss=1.4744 test_acc=0.4600
Round 414 | selected=[52, 9, 82, 19, 23, 29, 53, 73, 83, 6]
Round 414 | train_loss=0.7273 train_acc=0.7742 test_loss=1.3993 test_acc=0.4497
Round 415 | selected=[25, 3, 28, 46, 33, 56, 63, 43, 64, 6]
Round 415 | train_loss=0.7995 train_acc=0.7230 test_loss=1.3253 test_acc=0.4874
Round 416 | selected=[16, 56, 78, 85, 74, 29, 20, 98, 31, 17]
Round 416 | train_loss=0.8387 train_acc=0.7130 test_loss=1.7359 test_acc=0.3308
Round 417 | selected=[69, 67, 58, 10, 98, 4, 57, 6, 19, 86]
Round 417 | train_loss=0.8553 train_acc=0.7006 test_loss=1.4944 test_acc=0.4226
Round 418 | selected=[93, 8, 33, 42, 11, 64, 32, 91, 89, 26]
Round 418 | train_loss=0.6719 train_acc=0.7848 test_loss=1.2944 test_acc=0.5499
Round 419 | selected=[7, 56, 13, 49, 92, 68, 61, 18, 52, 20]
Round 419 | train_loss=0.7367 train_acc=0.7670 test_loss=1.2575 test_acc=0.5437
Round 420 | selected=[55, 20, 0, 36, 22, 41, 21, 54, 4, 7]
Round 420 | train_loss=0.7532 train_acc=0.7474 test_loss=1.5969 test_acc=0.4128
Round 421 | selected=[39, 81, 90, 68, 23, 31, 0, 7, 80, 50]
Round 421 | train_loss=0.7617 train_acc=0.7416 test_loss=1.4622 test_acc=0.4403
Round 422 | selected=[23, 33, 40, 82, 25, 66, 16, 59, 30, 90]
Round 422 | train_loss=0.8484 train_acc=0.7178 test_loss=1.4244 test_acc=0.4503
Round 423 | selected=[22, 91, 4, 54, 56, 18, 24, 26, 16, 94]
Round 423 | train_loss=0.7576 train_acc=0.7464 test_loss=1.3667 test_acc=0.4773
Round 424 | selected=[7, 40, 84, 21, 67, 94, 29, 31, 18, 42]
Round 424 | train_loss=0.6746 train_acc=0.7864 test_loss=1.3994 test_acc=0.4648
Round 425 | selected=[85, 76, 49, 64, 44, 34, 54, 17, 37, 60]
Round 425 | train_loss=0.7213 train_acc=0.7774 test_loss=1.4983 test_acc=0.4442
Round 426 | selected=[78, 77, 3, 69, 74, 35, 85, 50, 42, 48]
Round 426 | train_loss=0.8436 train_acc=0.7342 test_loss=2.5184 test_acc=0.1861
Round 427 | selected=[68, 31, 92, 66, 17, 42, 93, 34, 7, 24]
Round 427 | train_loss=0.8938 train_acc=0.7106 test_loss=1.5409 test_acc=0.4457
Round 428 | selected=[88, 37, 40, 26, 74, 95, 11, 28, 77, 47]
Round 428 | train_loss=0.8570 train_acc=0.7078 test_loss=1.6863 test_acc=0.3640
Round 429 | selected=[85, 25, 65, 17, 59, 76, 68, 39, 87, 77]
Round 429 | train_loss=0.7207 train_acc=0.7634 test_loss=1.7055 test_acc=0.3852
Round 430 | selected=[5, 15, 44, 40, 37, 54, 91, 60, 16, 93]
Round 430 | train_loss=0.8718 train_acc=0.7030 test_loss=1.6926 test_acc=0.3442
Round 431 | selected=[14, 27, 66, 84, 17, 50, 7, 59, 80, 2]
Round 431 | train_loss=0.8832 train_acc=0.6992 test_loss=1.5410 test_acc=0.4357
Round 432 | selected=[14, 19, 18, 60, 32, 67, 56, 30, 20, 51]
Round 432 | train_loss=0.7569 train_acc=0.7468 test_loss=1.3886 test_acc=0.4907
Round 433 | selected=[28, 83, 4, 68, 58, 8, 71, 62, 99, 91]
Round 433 | train_loss=0.7250 train_acc=0.7634 test_loss=1.5369 test_acc=0.3973
Round 434 | selected=[45, 57, 31, 34, 71, 83, 85, 96, 25, 29]
Round 434 | train_loss=0.7406 train_acc=0.7350 test_loss=1.6644 test_acc=0.4186
Round 435 | selected=[39, 36, 35, 79, 47, 93, 3, 58, 50, 14]
Round 435 | train_loss=0.8501 train_acc=0.7150 test_loss=1.7174 test_acc=0.3435
Round 436 | selected=[47, 12, 38, 7, 93, 48, 13, 33, 1, 49]
Round 436 | train_loss=0.8219 train_acc=0.7182 test_loss=1.4465 test_acc=0.4556
Round 437 | selected=[3, 48, 45, 25, 4, 99, 36, 5, 41, 72]
Round 437 | train_loss=0.7470 train_acc=0.7518 test_loss=1.7710 test_acc=0.3644
Round 438 | selected=[44, 68, 56, 5, 30, 40, 45, 0, 48, 41]
Round 438 | train_loss=0.7859 train_acc=0.7476 test_loss=1.3005 test_acc=0.4947
Round 439 | selected=[3, 80, 25, 30, 38, 15, 48, 24, 58, 62]
Round 439 | train_loss=0.6912 train_acc=0.7916 test_loss=1.4256 test_acc=0.4609
Round 440 | selected=[87, 18, 96, 65, 69, 12, 78, 94, 28, 24]
Round 440 | train_loss=0.8147 train_acc=0.7346 test_loss=1.7339 test_acc=0.3982
Round 441 | selected=[71, 66, 11, 83, 33, 48, 16, 67, 47, 91]
Round 441 | train_loss=0.8745 train_acc=0.6992 test_loss=1.4344 test_acc=0.4284
Round 442 | selected=[21, 59, 90, 38, 95, 44, 53, 68, 82, 7]
Round 442 | train_loss=0.6652 train_acc=0.7834 test_loss=1.3709 test_acc=0.4944
Round 443 | selected=[19, 98, 6, 63, 61, 9, 77, 10, 82, 81]
Round 443 | train_loss=0.8299 train_acc=0.7186 test_loss=1.6279 test_acc=0.3875
Round 444 | selected=[71, 6, 44, 18, 34, 26, 40, 66, 22, 68]
Round 444 | train_loss=0.7368 train_acc=0.7676 test_loss=1.4174 test_acc=0.4765
Round 445 | selected=[17, 95, 1, 23, 33, 64, 73, 29, 89, 44]
Round 445 | train_loss=0.7076 train_acc=0.7788 test_loss=1.5353 test_acc=0.4353
Round 446 | selected=[46, 3, 88, 71, 51, 16, 24, 94, 38, 67]
Round 446 | train_loss=0.9310 train_acc=0.6844 test_loss=1.6399 test_acc=0.3720
Round 447 | selected=[97, 42, 73, 82, 62, 61, 76, 50, 59, 79]
Round 447 | train_loss=0.7540 train_acc=0.7532 test_loss=1.8578 test_acc=0.3542
Round 448 | selected=[26, 18, 1, 57, 77, 96, 91, 33, 99, 28]
Round 448 | train_loss=0.9437 train_acc=0.6822 test_loss=1.7234 test_acc=0.3669
Round 449 | selected=[76, 89, 52, 91, 47, 57, 2, 43, 95, 27]
Round 449 | train_loss=0.8511 train_acc=0.7236 test_loss=1.6102 test_acc=0.3902
Round 450 | selected=[29, 39, 76, 53, 2, 74, 46, 93, 77, 50]
Round 450 | train_loss=0.7639 train_acc=0.7552 test_loss=1.6816 test_acc=0.3842
Round 451 | selected=[3, 86, 82, 89, 38, 58, 47, 28, 79, 70]
Round 451 | train_loss=0.9473 train_acc=0.6738 test_loss=1.5831 test_acc=0.3566
Round 452 | selected=[84, 90, 14, 86, 95, 56, 98, 81, 85, 20]
Round 452 | train_loss=0.7921 train_acc=0.7288 test_loss=1.6985 test_acc=0.3748
Round 453 | selected=[42, 19, 53, 47, 57, 74, 37, 98, 16, 38]
Round 453 | train_loss=0.8382 train_acc=0.7118 test_loss=1.3326 test_acc=0.5244
Round 454 | selected=[66, 1, 53, 17, 11, 19, 34, 37, 31, 77]
Round 454 | train_loss=0.7464 train_acc=0.7548 test_loss=1.5320 test_acc=0.4250
Round 455 | selected=[80, 78, 75, 59, 42, 0, 26, 43, 91, 71]
Round 455 | train_loss=0.5752 train_acc=0.8192 test_loss=1.7052 test_acc=0.3958
Round 456 | selected=[98, 5, 1, 56, 19, 85, 62, 53, 76, 31]
Round 456 | train_loss=0.8755 train_acc=0.7114 test_loss=1.6519 test_acc=0.4076
Round 457 | selected=[6, 81, 25, 80, 2, 97, 44, 65, 29, 1]
Round 457 | train_loss=0.7414 train_acc=0.7654 test_loss=1.4468 test_acc=0.4451
Round 458 | selected=[94, 11, 62, 70, 52, 7, 51, 99, 22, 33]
Round 458 | train_loss=0.6964 train_acc=0.7648 test_loss=1.4734 test_acc=0.4781
Round 459 | selected=[90, 6, 61, 4, 47, 87, 64, 55, 69, 23]
Round 459 | train_loss=0.7385 train_acc=0.7584 test_loss=1.2698 test_acc=0.5369
Round 460 | selected=[59, 94, 62, 22, 50, 97, 85, 73, 87, 69]
Round 460 | train_loss=0.5532 train_acc=0.8284 test_loss=1.3617 test_acc=0.4837
Round 461 | selected=[93, 8, 16, 59, 3, 38, 49, 11, 26, 81]
Round 461 | train_loss=0.6718 train_acc=0.7800 test_loss=1.2977 test_acc=0.5263
Round 462 | selected=[21, 28, 10, 2, 48, 88, 72, 97, 30, 46]
Round 462 | train_loss=0.7682 train_acc=0.7588 test_loss=1.3774 test_acc=0.4669
Round 463 | selected=[72, 97, 50, 53, 65, 25, 24, 11, 18, 13]
Round 463 | train_loss=0.5996 train_acc=0.8216 test_loss=1.6255 test_acc=0.4073
Round 464 | selected=[75, 14, 77, 74, 59, 49, 1, 63, 96, 72]
Round 464 | train_loss=0.7825 train_acc=0.7358 test_loss=1.2664 test_acc=0.5325
Round 465 | selected=[33, 74, 62, 46, 15, 5, 98, 35, 80, 70]
Round 465 | train_loss=0.6609 train_acc=0.7878 test_loss=1.3572 test_acc=0.5170
Round 466 | selected=[51, 1, 27, 48, 97, 63, 17, 26, 0, 29]
Round 466 | train_loss=0.7301 train_acc=0.7550 test_loss=1.4619 test_acc=0.4373
Round 467 | selected=[22, 2, 12, 90, 93, 27, 13, 51, 30, 79]
Round 467 | train_loss=0.6980 train_acc=0.7610 test_loss=1.7383 test_acc=0.4182
Round 468 | selected=[4, 27, 96, 75, 21, 33, 28, 44, 35, 29]
Round 468 | train_loss=0.8175 train_acc=0.7254 test_loss=1.6447 test_acc=0.4081
Round 469 | selected=[45, 62, 71, 35, 93, 84, 1, 27, 12, 53]
Round 469 | train_loss=0.6980 train_acc=0.7680 test_loss=1.7493 test_acc=0.3704
Round 470 | selected=[4, 30, 73, 69, 81, 62, 13, 63, 29, 55]
Round 470 | train_loss=0.7241 train_acc=0.7470 test_loss=1.5024 test_acc=0.4449
Round 471 | selected=[55, 96, 34, 63, 15, 23, 13, 97, 88, 78]
Round 471 | train_loss=0.7654 train_acc=0.7388 test_loss=1.3563 test_acc=0.4806
Round 472 | selected=[10, 45, 60, 86, 82, 63, 23, 34, 50, 42]
Round 472 | train_loss=0.7176 train_acc=0.7602 test_loss=1.3129 test_acc=0.5050
Round 473 | selected=[17, 79, 57, 36, 75, 74, 26, 28, 31, 10]
Round 473 | train_loss=0.7634 train_acc=0.7366 test_loss=1.4727 test_acc=0.4942
Round 474 | selected=[95, 33, 25, 0, 2, 21, 1, 46, 9, 48]
Round 474 | train_loss=0.7667 train_acc=0.7436 test_loss=1.6565 test_acc=0.4261
Round 475 | selected=[40, 38, 42, 18, 85, 43, 0, 71, 77, 12]
Round 475 | train_loss=0.7327 train_acc=0.7684 test_loss=1.9239 test_acc=0.3020
Round 476 | selected=[86, 10, 42, 79, 55, 89, 63, 29, 21, 11]
Round 476 | train_loss=0.7722 train_acc=0.7422 test_loss=1.3753 test_acc=0.4744
Round 477 | selected=[87, 54, 79, 39, 86, 70, 71, 4, 2, 72]
Round 477 | train_loss=0.7761 train_acc=0.7326 test_loss=1.3332 test_acc=0.5084
Round 478 | selected=[8, 11, 60, 56, 48, 28, 45, 2, 80, 96]
Round 478 | train_loss=0.6669 train_acc=0.7720 test_loss=1.4713 test_acc=0.4254
Round 479 | selected=[64, 38, 47, 14, 93, 17, 27, 2, 51, 34]
Round 479 | train_loss=0.8574 train_acc=0.7026 test_loss=1.7015 test_acc=0.4370
Round 480 | selected=[24, 63, 45, 6, 43, 0, 22, 65, 15, 33]
Round 480 | train_loss=0.6798 train_acc=0.7910 test_loss=1.4175 test_acc=0.4767
Round 481 | selected=[0, 22, 84, 92, 58, 91, 9, 79, 16, 26]
Round 481 | train_loss=0.7671 train_acc=0.7558 test_loss=1.3613 test_acc=0.4906
Round 482 | selected=[43, 8, 15, 52, 79, 83, 28, 46, 68, 36]
Round 482 | train_loss=0.7151 train_acc=0.7854 test_loss=1.4371 test_acc=0.4748
Round 483 | selected=[93, 73, 83, 6, 63, 53, 75, 62, 98, 91]
Round 483 | train_loss=0.5967 train_acc=0.8126 test_loss=1.2961 test_acc=0.5425
Round 484 | selected=[72, 3, 48, 95, 22, 83, 58, 16, 80, 82]
Round 484 | train_loss=0.6440 train_acc=0.7958 test_loss=1.5636 test_acc=0.4015
Round 485 | selected=[83, 63, 90, 98, 30, 32, 43, 1, 59, 37]
Round 485 | train_loss=0.6715 train_acc=0.7800 test_loss=1.3977 test_acc=0.4787
Round 486 | selected=[92, 19, 42, 30, 9, 66, 14, 93, 7, 83]
Round 486 | train_loss=0.6628 train_acc=0.7962 test_loss=1.4148 test_acc=0.4581
Round 487 | selected=[64, 61, 50, 51, 43, 41, 27, 93, 49, 21]
Round 487 | train_loss=0.7325 train_acc=0.7516 test_loss=1.5720 test_acc=0.4559
Round 488 | selected=[27, 77, 15, 35, 25, 80, 44, 30, 17, 18]
Round 488 | train_loss=0.8066 train_acc=0.7492 test_loss=1.5223 test_acc=0.4383
Round 489 | selected=[95, 96, 16, 20, 21, 6, 64, 54, 77, 31]
Round 489 | train_loss=0.9059 train_acc=0.6856 test_loss=1.7294 test_acc=0.3654
Round 490 | selected=[85, 99, 63, 72, 83, 90, 18, 30, 20, 45]
Round 490 | train_loss=0.8835 train_acc=0.7034 test_loss=1.8555 test_acc=0.3981
Round 491 | selected=[80, 10, 82, 72, 95, 15, 56, 44, 96, 37]
Round 491 | train_loss=0.7829 train_acc=0.7452 test_loss=1.2509 test_acc=0.5260
Round 492 | selected=[90, 86, 69, 52, 77, 38, 60, 9, 33, 37]
Round 492 | train_loss=0.8079 train_acc=0.7376 test_loss=1.3374 test_acc=0.5006
Round 493 | selected=[13, 94, 63, 60, 3, 69, 39, 10, 7, 12]
Round 493 | train_loss=0.7340 train_acc=0.7612 test_loss=1.4490 test_acc=0.4585
Round 494 | selected=[33, 97, 71, 42, 31, 92, 67, 2, 27, 44]
Round 494 | train_loss=0.6652 train_acc=0.7650 test_loss=1.4660 test_acc=0.4598
Round 495 | selected=[72, 40, 78, 37, 16, 47, 64, 97, 36, 39]
Round 495 | train_loss=0.7939 train_acc=0.7428 test_loss=1.4270 test_acc=0.5002
Round 496 | selected=[50, 28, 79, 8, 95, 34, 31, 80, 24, 12]
Round 496 | train_loss=0.6395 train_acc=0.7962 test_loss=1.3082 test_acc=0.5212
Round 497 | selected=[98, 34, 6, 56, 18, 40, 84, 23, 54, 41]
Round 497 | train_loss=0.6727 train_acc=0.7964 test_loss=1.2802 test_acc=0.5097
Round 498 | selected=[58, 75, 6, 68, 74, 90, 49, 71, 24, 33]
Round 498 | train_loss=0.6487 train_acc=0.7882 test_loss=1.5074 test_acc=0.4373
Round 499 | selected=[60, 22, 32, 74, 37, 11, 36, 84, 85, 89]
Round 499 | train_loss=0.6671 train_acc=0.7780 test_loss=1.9286 test_acc=0.4160
Round 500 | selected=[27, 22, 20, 35, 1, 54, 7, 42, 74, 19]
Round 500 | train_loss=0.6919 train_acc=0.7694 test_loss=1.4697 test_acc=0.4429
Saved: track1/results/cifar10/final_seed42/fedprox_alpha01_seed42.csv
COMPLETED: fedprox alpha01 seed=42
