========================================
JOB:       12006988
TASK:      38
ALGORITHM: fedprox
PARTITION: alpha03
SEED:      45
GPU:       0
========================================
Device: cuda
GPU: Tesla V100-PCIE-32GB
Round 0 | test_loss=2.8279 test_acc=0.0938
Round 1 | selected=[84, 96, 49, 52, 68, 55, 73, 51, 79, 50]
Round 1 | train_loss=1.5937 train_acc=0.4782 test_loss=2.6626 test_acc=0.1000
Round 2 | selected=[61, 70, 47, 11, 92, 52, 58, 77, 79, 57]
Round 2 | train_loss=2.0296 train_acc=0.4052 test_loss=2.6053 test_acc=0.1641
Round 3 | selected=[68, 28, 99, 76, 4, 11, 39, 98, 40, 5]
Round 3 | train_loss=2.1067 train_acc=0.4232 test_loss=3.6040 test_acc=0.1000
Round 4 | selected=[26, 11, 9, 16, 70, 81, 96, 73, 29, 19]
Round 4 | train_loss=2.2258 train_acc=0.4120 test_loss=3.1295 test_acc=0.1442
Round 5 | selected=[11, 19, 35, 99, 1, 3, 45, 97, 31, 91]
Round 5 | train_loss=1.8061 train_acc=0.4730 test_loss=3.0348 test_acc=0.1717
Round 6 | selected=[65, 92, 81, 94, 48, 86, 77, 43, 30, 68]
Round 6 | train_loss=2.0090 train_acc=0.3806 test_loss=3.1398 test_acc=0.1523
Round 7 | selected=[35, 74, 98, 56, 37, 62, 89, 49, 80, 13]
Round 7 | train_loss=1.7419 train_acc=0.4804 test_loss=3.3619 test_acc=0.1837
Round 8 | selected=[29, 13, 46, 2, 67, 30, 38, 4, 60, 73]
Round 8 | train_loss=1.7148 train_acc=0.4806 test_loss=2.3593 test_acc=0.1996
Round 9 | selected=[69, 44, 76, 74, 34, 79, 22, 60, 16, 15]
Round 9 | train_loss=1.4654 train_acc=0.5416 test_loss=2.1706 test_acc=0.1848
Round 10 | selected=[8, 64, 44, 23, 48, 9, 69, 1, 29, 86]
Round 10 | train_loss=1.6476 train_acc=0.4614 test_loss=2.3090 test_acc=0.1712
Round 11 | selected=[73, 27, 86, 10, 22, 92, 9, 36, 43, 21]
Round 11 | train_loss=1.5706 train_acc=0.4396 test_loss=2.4044 test_acc=0.1679
Round 12 | selected=[19, 10, 46, 11, 4, 42, 16, 99, 96, 21]
Round 12 | train_loss=1.6680 train_acc=0.4786 test_loss=2.7833 test_acc=0.2038
Round 13 | selected=[31, 94, 27, 21, 48, 46, 69, 72, 24, 19]
Round 13 | train_loss=1.6866 train_acc=0.4782 test_loss=2.4432 test_acc=0.2337
Round 14 | selected=[25, 64, 96, 46, 42, 85, 98, 20, 65, 89]
Round 14 | train_loss=1.5304 train_acc=0.5170 test_loss=2.1380 test_acc=0.1922
Round 15 | selected=[94, 59, 89, 13, 76, 48, 39, 55, 44, 60]
Round 15 | train_loss=1.4793 train_acc=0.5294 test_loss=2.0973 test_acc=0.2415
Round 16 | selected=[44, 33, 28, 69, 36, 32, 46, 3, 35, 5]
Round 16 | train_loss=1.4494 train_acc=0.5284 test_loss=2.3326 test_acc=0.1767
Round 17 | selected=[56, 86, 33, 90, 8, 44, 94, 74, 83, 93]
Round 17 | train_loss=1.5790 train_acc=0.4656 test_loss=2.5626 test_acc=0.1755
Round 18 | selected=[37, 96, 61, 80, 73, 86, 52, 2, 81, 38]
Round 18 | train_loss=1.7403 train_acc=0.4024 test_loss=2.2513 test_acc=0.2381
Round 19 | selected=[66, 82, 91, 49, 25, 42, 15, 74, 75, 13]
Round 19 | train_loss=1.5787 train_acc=0.5202 test_loss=2.1365 test_acc=0.2056
Round 20 | selected=[99, 42, 96, 30, 8, 88, 93, 46, 90, 82]
Round 20 | train_loss=1.5956 train_acc=0.4934 test_loss=2.1464 test_acc=0.1960
Round 21 | selected=[91, 8, 48, 72, 47, 73, 24, 60, 98, 50]
Round 21 | train_loss=1.6141 train_acc=0.4736 test_loss=2.1568 test_acc=0.1899
Round 22 | selected=[77, 27, 23, 18, 4, 45, 66, 71, 72, 51]
Round 22 | train_loss=1.5121 train_acc=0.5124 test_loss=2.0534 test_acc=0.1974
Round 23 | selected=[5, 69, 78, 15, 35, 44, 28, 19, 61, 59]
Round 23 | train_loss=1.5676 train_acc=0.4656 test_loss=2.1137 test_acc=0.2357
Round 24 | selected=[85, 67, 48, 41, 94, 11, 53, 22, 20, 52]
Round 24 | train_loss=1.4411 train_acc=0.5326 test_loss=2.2095 test_acc=0.2233
Round 25 | selected=[46, 96, 40, 57, 45, 30, 99, 94, 9, 5]
Round 25 | train_loss=1.6732 train_acc=0.4560 test_loss=2.1586 test_acc=0.2134
Round 26 | selected=[60, 99, 84, 0, 28, 13, 19, 55, 9, 96]
Round 26 | train_loss=1.3966 train_acc=0.5380 test_loss=2.0075 test_acc=0.2382
Round 27 | selected=[85, 18, 27, 88, 21, 73, 6, 62, 2, 82]
Round 27 | train_loss=1.5260 train_acc=0.4946 test_loss=2.0333 test_acc=0.2579
Round 28 | selected=[59, 40, 9, 65, 22, 53, 44, 72, 79, 45]
Round 28 | train_loss=1.4601 train_acc=0.5136 test_loss=2.1044 test_acc=0.2106
Round 29 | selected=[15, 11, 81, 91, 12, 35, 43, 26, 44, 94]
Round 29 | train_loss=1.4811 train_acc=0.4976 test_loss=2.0630 test_acc=0.2031
Round 30 | selected=[61, 1, 5, 70, 21, 6, 92, 75, 45, 40]
Round 30 | train_loss=1.5691 train_acc=0.4340 test_loss=2.0185 test_acc=0.2615
Round 31 | selected=[3, 14, 15, 90, 86, 96, 47, 45, 63, 10]
Round 31 | train_loss=1.5763 train_acc=0.4668 test_loss=2.0380 test_acc=0.2180
Round 32 | selected=[33, 35, 79, 59, 54, 96, 60, 67, 61, 39]
Round 32 | train_loss=1.4757 train_acc=0.5106 test_loss=2.4392 test_acc=0.1985
Round 33 | selected=[72, 49, 39, 77, 98, 10, 59, 17, 29, 9]
Round 33 | train_loss=1.5993 train_acc=0.4960 test_loss=2.0427 test_acc=0.2392
Round 34 | selected=[15, 59, 57, 88, 60, 13, 70, 47, 76, 26]
Round 34 | train_loss=1.4843 train_acc=0.4934 test_loss=2.0960 test_acc=0.2017
Round 35 | selected=[76, 4, 23, 69, 56, 13, 43, 54, 99, 88]
Round 35 | train_loss=1.5291 train_acc=0.4874 test_loss=2.3870 test_acc=0.2229
Round 36 | selected=[3, 50, 71, 29, 88, 11, 13, 2, 7, 47]
Round 36 | train_loss=1.5785 train_acc=0.4870 test_loss=2.0931 test_acc=0.1899
Round 37 | selected=[47, 27, 28, 8, 2, 88, 30, 16, 45, 60]
Round 37 | train_loss=1.5327 train_acc=0.4942 test_loss=1.8640 test_acc=0.2674
Round 38 | selected=[50, 29, 85, 86, 64, 10, 7, 16, 49, 48]
Round 38 | train_loss=1.3269 train_acc=0.5684 test_loss=2.0592 test_acc=0.2139
Round 39 | selected=[3, 88, 98, 97, 23, 40, 74, 61, 79, 59]
Round 39 | train_loss=1.6194 train_acc=0.4510 test_loss=2.4495 test_acc=0.1832
Round 40 | selected=[29, 47, 55, 25, 13, 65, 91, 10, 8, 89]
Round 40 | train_loss=1.6775 train_acc=0.4474 test_loss=2.0996 test_acc=0.2267
Round 41 | selected=[51, 18, 44, 36, 79, 62, 64, 43, 11, 96]
Round 41 | train_loss=1.3667 train_acc=0.5794 test_loss=2.0486 test_acc=0.2579
Round 42 | selected=[41, 24, 80, 14, 5, 27, 42, 90, 73, 47]
Round 42 | train_loss=1.4737 train_acc=0.5102 test_loss=2.1180 test_acc=0.2212
Round 43 | selected=[23, 81, 54, 52, 62, 9, 6, 38, 79, 2]
Round 43 | train_loss=1.7540 train_acc=0.4152 test_loss=2.4633 test_acc=0.2108
Round 44 | selected=[47, 85, 84, 78, 86, 3, 36, 7, 5, 81]
Round 44 | train_loss=1.8529 train_acc=0.4284 test_loss=1.8764 test_acc=0.2707
Round 45 | selected=[11, 75, 46, 15, 87, 21, 51, 99, 61, 90]
Round 45 | train_loss=1.3940 train_acc=0.5160 test_loss=1.7596 test_acc=0.3005
Round 46 | selected=[69, 76, 10, 45, 22, 62, 23, 65, 12, 3]
Round 46 | train_loss=1.3280 train_acc=0.5576 test_loss=1.7576 test_acc=0.3134
Round 47 | selected=[67, 90, 35, 54, 81, 44, 49, 39, 59, 23]
Round 47 | train_loss=1.4376 train_acc=0.5228 test_loss=1.9728 test_acc=0.2311
Round 48 | selected=[21, 14, 50, 90, 26, 19, 13, 68, 34, 48]
Round 48 | train_loss=1.4281 train_acc=0.5008 test_loss=1.7888 test_acc=0.3051
Round 49 | selected=[54, 25, 65, 52, 28, 81, 63, 5, 74, 91]
Round 49 | train_loss=1.4418 train_acc=0.5170 test_loss=1.8512 test_acc=0.2789
Round 50 | selected=[71, 16, 75, 59, 89, 46, 84, 44, 60, 37]
Round 50 | train_loss=1.3266 train_acc=0.5606 test_loss=1.7037 test_acc=0.3221
Round 51 | selected=[68, 88, 39, 89, 20, 76, 95, 70, 81, 26]
Round 51 | train_loss=1.3413 train_acc=0.5400 test_loss=1.8181 test_acc=0.3230
Round 52 | selected=[2, 9, 53, 58, 82, 81, 77, 74, 40, 95]
Round 52 | train_loss=1.4109 train_acc=0.5136 test_loss=1.8293 test_acc=0.2915
Round 53 | selected=[91, 64, 55, 94, 70, 61, 93, 71, 56, 63]
Round 53 | train_loss=1.4893 train_acc=0.5074 test_loss=1.7655 test_acc=0.3131
Round 54 | selected=[59, 24, 95, 36, 63, 16, 76, 94, 42, 51]
Round 54 | train_loss=1.2550 train_acc=0.5968 test_loss=1.7328 test_acc=0.3349
Round 55 | selected=[2, 85, 78, 67, 42, 69, 86, 31, 90, 57]
Round 55 | train_loss=1.4138 train_acc=0.5128 test_loss=1.8124 test_acc=0.3026
Round 56 | selected=[86, 69, 52, 75, 71, 66, 57, 37, 12, 77]
Round 56 | train_loss=1.3871 train_acc=0.5152 test_loss=1.6994 test_acc=0.3414
Round 57 | selected=[60, 27, 8, 63, 19, 52, 90, 30, 29, 57]
Round 57 | train_loss=1.3502 train_acc=0.5494 test_loss=1.8905 test_acc=0.2607
Round 58 | selected=[44, 8, 64, 25, 74, 77, 42, 81, 43, 55]
Round 58 | train_loss=1.4528 train_acc=0.5032 test_loss=1.7490 test_acc=0.3222
Round 59 | selected=[44, 0, 23, 91, 9, 5, 37, 62, 12, 24]
Round 59 | train_loss=1.3766 train_acc=0.5414 test_loss=1.8229 test_acc=0.3468
Round 60 | selected=[27, 89, 95, 51, 21, 17, 94, 46, 24, 14]
Round 60 | train_loss=1.2611 train_acc=0.5822 test_loss=1.8335 test_acc=0.3117
Round 61 | selected=[3, 17, 86, 96, 49, 24, 78, 79, 92, 14]
Round 61 | train_loss=1.3146 train_acc=0.5444 test_loss=1.8265 test_acc=0.2909
Round 62 | selected=[43, 95, 8, 94, 90, 22, 28, 12, 1, 11]
Round 62 | train_loss=1.3121 train_acc=0.5480 test_loss=1.8875 test_acc=0.2504
Round 63 | selected=[87, 26, 19, 31, 37, 54, 55, 93, 67, 65]
Round 63 | train_loss=1.2453 train_acc=0.5698 test_loss=1.8483 test_acc=0.3279
Round 64 | selected=[37, 76, 80, 61, 9, 65, 84, 69, 95, 72]
Round 64 | train_loss=1.3907 train_acc=0.5050 test_loss=1.8550 test_acc=0.3245
Round 65 | selected=[32, 78, 54, 85, 58, 86, 57, 60, 76, 56]
Round 65 | train_loss=1.3164 train_acc=0.5582 test_loss=1.8558 test_acc=0.2982
Round 66 | selected=[45, 26, 67, 90, 8, 3, 37, 15, 29, 18]
Round 66 | train_loss=1.4220 train_acc=0.5212 test_loss=1.7510 test_acc=0.3207
Round 67 | selected=[18, 35, 94, 9, 30, 39, 48, 97, 19, 96]
Round 67 | train_loss=1.4022 train_acc=0.5334 test_loss=1.7629 test_acc=0.3145
Round 68 | selected=[86, 41, 45, 81, 62, 43, 3, 9, 91, 63]
Round 68 | train_loss=1.5179 train_acc=0.4698 test_loss=1.7396 test_acc=0.3360
Round 69 | selected=[47, 88, 22, 84, 75, 80, 46, 37, 34, 2]
Round 69 | train_loss=1.3809 train_acc=0.5292 test_loss=1.7373 test_acc=0.3161
Round 70 | selected=[81, 48, 10, 38, 56, 21, 69, 85, 53, 5]
Round 70 | train_loss=1.4042 train_acc=0.5242 test_loss=1.7345 test_acc=0.3326
Round 71 | selected=[63, 19, 5, 92, 36, 43, 94, 99, 45, 18]
Round 71 | train_loss=1.3791 train_acc=0.5224 test_loss=2.2643 test_acc=0.2378
Round 72 | selected=[51, 3, 83, 10, 39, 15, 87, 6, 12, 62]
Round 72 | train_loss=1.4751 train_acc=0.5098 test_loss=1.7010 test_acc=0.3566
Round 73 | selected=[3, 70, 15, 1, 83, 5, 94, 77, 24, 75]
Round 73 | train_loss=1.2445 train_acc=0.5872 test_loss=1.6743 test_acc=0.3379
Round 74 | selected=[71, 75, 73, 62, 48, 56, 80, 29, 51, 37]
Round 74 | train_loss=1.2395 train_acc=0.5602 test_loss=1.8420 test_acc=0.2824
Round 75 | selected=[99, 7, 11, 35, 74, 59, 23, 19, 68, 13]
Round 75 | train_loss=1.3621 train_acc=0.5438 test_loss=2.1221 test_acc=0.2978
Round 76 | selected=[85, 57, 37, 71, 18, 9, 47, 58, 66, 2]
Round 76 | train_loss=1.5346 train_acc=0.5090 test_loss=1.8936 test_acc=0.2677
Round 77 | selected=[68, 92, 73, 45, 46, 72, 34, 25, 4, 0]
Round 77 | train_loss=1.4584 train_acc=0.4686 test_loss=1.7181 test_acc=0.3373
Round 78 | selected=[50, 61, 77, 51, 7, 26, 34, 58, 62, 33]
Round 78 | train_loss=1.2779 train_acc=0.5730 test_loss=1.8106 test_acc=0.3285
Round 79 | selected=[40, 68, 80, 67, 84, 74, 25, 93, 19, 14]
Round 79 | train_loss=1.4981 train_acc=0.4732 test_loss=1.7727 test_acc=0.3392
Round 80 | selected=[88, 51, 95, 64, 11, 83, 44, 99, 78, 89]
Round 80 | train_loss=1.3847 train_acc=0.5294 test_loss=1.7903 test_acc=0.3074
Round 81 | selected=[98, 73, 9, 96, 21, 33, 44, 89, 50, 61]
Round 81 | train_loss=1.3732 train_acc=0.5318 test_loss=1.6591 test_acc=0.3666
Round 82 | selected=[58, 51, 48, 54, 80, 38, 20, 83, 6, 14]
Round 82 | train_loss=1.2325 train_acc=0.5848 test_loss=1.6039 test_acc=0.4053
Round 83 | selected=[99, 66, 71, 70, 40, 12, 33, 50, 67, 1]
Round 83 | train_loss=1.3374 train_acc=0.5504 test_loss=1.6918 test_acc=0.3596
Round 84 | selected=[25, 75, 86, 41, 95, 65, 31, 66, 60, 15]
Round 84 | train_loss=1.2824 train_acc=0.5602 test_loss=1.7188 test_acc=0.3203
Round 85 | selected=[26, 73, 10, 18, 86, 79, 39, 97, 0, 76]
Round 85 | train_loss=1.4294 train_acc=0.5140 test_loss=1.9968 test_acc=0.3102
Round 86 | selected=[40, 7, 15, 29, 13, 89, 85, 46, 10, 84]
Round 86 | train_loss=1.3706 train_acc=0.5260 test_loss=1.8534 test_acc=0.3207
Round 87 | selected=[0, 43, 52, 5, 42, 14, 88, 63, 77, 74]
Round 87 | train_loss=1.3984 train_acc=0.5398 test_loss=1.7091 test_acc=0.3272
Round 88 | selected=[45, 9, 95, 94, 75, 33, 12, 25, 36, 24]
Round 88 | train_loss=1.3354 train_acc=0.5424 test_loss=1.5466 test_acc=0.4309
Round 89 | selected=[21, 56, 47, 38, 83, 81, 19, 95, 64, 70]
Round 89 | train_loss=1.3205 train_acc=0.5540 test_loss=1.5990 test_acc=0.3792
Round 90 | selected=[39, 29, 23, 41, 7, 84, 42, 34, 67, 22]
Round 90 | train_loss=1.2268 train_acc=0.5816 test_loss=1.6120 test_acc=0.3659
Round 91 | selected=[56, 60, 6, 0, 17, 95, 23, 48, 29, 87]
Round 91 | train_loss=1.3128 train_acc=0.5342 test_loss=1.6160 test_acc=0.3822
Round 92 | selected=[56, 66, 36, 89, 41, 74, 61, 9, 34, 8]
Round 92 | train_loss=1.2360 train_acc=0.5900 test_loss=1.6578 test_acc=0.3327
Round 93 | selected=[60, 88, 58, 61, 14, 5, 66, 49, 83, 1]
Round 93 | train_loss=1.1610 train_acc=0.6216 test_loss=1.6735 test_acc=0.3601
Round 94 | selected=[59, 44, 52, 11, 32, 4, 81, 91, 6, 3]
Round 94 | train_loss=1.2934 train_acc=0.5794 test_loss=1.6149 test_acc=0.3812
Round 95 | selected=[19, 48, 34, 50, 8, 70, 63, 88, 46, 51]
Round 95 | train_loss=1.2712 train_acc=0.5798 test_loss=1.8018 test_acc=0.2982
Round 96 | selected=[63, 29, 43, 11, 81, 61, 70, 94, 3, 55]
Round 96 | train_loss=1.2856 train_acc=0.5912 test_loss=1.7335 test_acc=0.3513
Round 97 | selected=[39, 40, 22, 32, 12, 34, 67, 3, 35, 50]
Round 97 | train_loss=1.2500 train_acc=0.5734 test_loss=1.6829 test_acc=0.3329
Round 98 | selected=[58, 74, 98, 93, 22, 21, 28, 43, 94, 26]
Round 98 | train_loss=1.2214 train_acc=0.5936 test_loss=1.7815 test_acc=0.3115
Round 99 | selected=[95, 9, 57, 78, 38, 54, 55, 43, 72, 40]
Round 99 | train_loss=1.3090 train_acc=0.5532 test_loss=1.5064 test_acc=0.4488
Round 100 | selected=[66, 84, 7, 3, 17, 72, 23, 11, 91, 57]
Round 100 | train_loss=1.1683 train_acc=0.6242 test_loss=1.6373 test_acc=0.3750
Round 101 | selected=[14, 28, 15, 86, 89, 81, 40, 19, 35, 1]
Round 101 | train_loss=1.2901 train_acc=0.5586 test_loss=1.5327 test_acc=0.4200
Round 102 | selected=[7, 3, 46, 8, 74, 65, 17, 70, 10, 88]
Round 102 | train_loss=1.2569 train_acc=0.5802 test_loss=1.6642 test_acc=0.3593
Round 103 | selected=[11, 33, 62, 32, 95, 9, 12, 77, 35, 28]
Round 103 | train_loss=1.3210 train_acc=0.5618 test_loss=2.0843 test_acc=0.3119
Round 104 | selected=[43, 37, 72, 22, 0, 98, 79, 78, 51, 20]
Round 104 | train_loss=1.3243 train_acc=0.5660 test_loss=1.9173 test_acc=0.3641
Round 105 | selected=[22, 88, 68, 39, 90, 46, 44, 45, 78, 29]
Round 105 | train_loss=1.4471 train_acc=0.5082 test_loss=1.7400 test_acc=0.3626
Round 106 | selected=[38, 39, 34, 99, 78, 42, 37, 2, 10, 45]
Round 106 | train_loss=1.3267 train_acc=0.5540 test_loss=1.5790 test_acc=0.3911
Round 107 | selected=[28, 54, 61, 86, 3, 48, 97, 82, 35, 24]
Round 107 | train_loss=1.2232 train_acc=0.5890 test_loss=1.5479 test_acc=0.3888
Round 108 | selected=[84, 8, 19, 14, 93, 73, 79, 27, 70, 22]
Round 108 | train_loss=1.1414 train_acc=0.6120 test_loss=1.5669 test_acc=0.4014
Round 109 | selected=[53, 66, 15, 37, 76, 57, 80, 40, 13, 83]
Round 109 | train_loss=1.2304 train_acc=0.5926 test_loss=1.4422 test_acc=0.4745
Round 110 | selected=[50, 44, 37, 11, 64, 48, 12, 69, 31, 75]
Round 110 | train_loss=1.1228 train_acc=0.6264 test_loss=1.6354 test_acc=0.3763
Round 111 | selected=[8, 16, 20, 51, 12, 99, 75, 71, 94, 11]
Round 111 | train_loss=1.1279 train_acc=0.6280 test_loss=1.6092 test_acc=0.3678
Round 112 | selected=[38, 98, 73, 46, 9, 93, 90, 97, 8, 25]
Round 112 | train_loss=1.3583 train_acc=0.5226 test_loss=1.7546 test_acc=0.3311
Round 113 | selected=[38, 99, 89, 63, 90, 9, 69, 67, 40, 56]
Round 113 | train_loss=1.3340 train_acc=0.5340 test_loss=1.7351 test_acc=0.3872
Round 114 | selected=[36, 91, 82, 59, 87, 61, 75, 85, 3, 83]
Round 114 | train_loss=1.2089 train_acc=0.6022 test_loss=1.7063 test_acc=0.3518
Round 115 | selected=[52, 71, 12, 3, 5, 27, 90, 87, 15, 55]
Round 115 | train_loss=1.2784 train_acc=0.5630 test_loss=1.5683 test_acc=0.3908
Round 116 | selected=[83, 74, 2, 68, 5, 40, 73, 69, 92, 78]
Round 116 | train_loss=1.3738 train_acc=0.5164 test_loss=1.7924 test_acc=0.3202
Round 117 | selected=[29, 36, 35, 63, 92, 71, 51, 84, 7, 25]
Round 117 | train_loss=1.2327 train_acc=0.5818 test_loss=1.7714 test_acc=0.3196
Round 118 | selected=[2, 95, 88, 35, 43, 7, 38, 79, 48, 74]
Round 118 | train_loss=1.3094 train_acc=0.5604 test_loss=1.6541 test_acc=0.3951
Round 119 | selected=[67, 37, 65, 53, 79, 34, 94, 15, 13, 62]
Round 119 | train_loss=1.2185 train_acc=0.5966 test_loss=1.5018 test_acc=0.4321
Round 120 | selected=[1, 35, 6, 65, 51, 7, 31, 94, 77, 71]
Round 120 | train_loss=1.1635 train_acc=0.6112 test_loss=1.6244 test_acc=0.3642
Round 121 | selected=[90, 76, 30, 20, 69, 92, 67, 72, 58, 35]
Round 121 | train_loss=1.2651 train_acc=0.5862 test_loss=1.4903 test_acc=0.4498
Round 122 | selected=[49, 66, 29, 55, 18, 54, 57, 77, 14, 27]
Round 122 | train_loss=1.2247 train_acc=0.6040 test_loss=1.9799 test_acc=0.2714
Round 123 | selected=[9, 36, 44, 73, 23, 64, 58, 4, 95, 87]
Round 123 | train_loss=1.3441 train_acc=0.5318 test_loss=1.7761 test_acc=0.3494
Round 124 | selected=[13, 0, 76, 96, 59, 36, 72, 68, 4, 20]
Round 124 | train_loss=1.1834 train_acc=0.6052 test_loss=1.6348 test_acc=0.3643
Round 125 | selected=[48, 37, 94, 90, 25, 92, 95, 79, 59, 46]
Round 125 | train_loss=1.3439 train_acc=0.5254 test_loss=1.5978 test_acc=0.3894
Round 126 | selected=[77, 88, 94, 4, 9, 24, 80, 32, 75, 39]
Round 126 | train_loss=1.2359 train_acc=0.5876 test_loss=1.5846 test_acc=0.4030
Round 127 | selected=[76, 91, 89, 54, 79, 92, 15, 94, 68, 85]
Round 127 | train_loss=1.2458 train_acc=0.5810 test_loss=1.6418 test_acc=0.3893
Round 128 | selected=[62, 49, 80, 96, 68, 12, 95, 71, 2, 47]
Round 128 | train_loss=1.2435 train_acc=0.5708 test_loss=1.6504 test_acc=0.3738
Round 129 | selected=[69, 99, 82, 43, 34, 3, 73, 4, 77, 96]
Round 129 | train_loss=1.1820 train_acc=0.6118 test_loss=1.5931 test_acc=0.4032
Round 130 | selected=[1, 38, 37, 7, 78, 21, 42, 54, 18, 99]
Round 130 | train_loss=1.1909 train_acc=0.5894 test_loss=1.5413 test_acc=0.4085
Round 131 | selected=[11, 71, 57, 27, 98, 19, 89, 30, 44, 50]
Round 131 | train_loss=1.1188 train_acc=0.6278 test_loss=1.6282 test_acc=0.3797
Round 132 | selected=[25, 57, 74, 87, 17, 99, 61, 68, 0, 12]
Round 132 | train_loss=1.3263 train_acc=0.5466 test_loss=1.6378 test_acc=0.3726
Round 133 | selected=[18, 39, 13, 63, 29, 41, 45, 17, 20, 3]
Round 133 | train_loss=1.2241 train_acc=0.5960 test_loss=1.6609 test_acc=0.3676
Round 134 | selected=[93, 62, 95, 33, 77, 1, 67, 73, 35, 43]
Round 134 | train_loss=1.1881 train_acc=0.6082 test_loss=1.6084 test_acc=0.4041
Round 135 | selected=[57, 38, 58, 16, 23, 7, 70, 76, 5, 4]
Round 135 | train_loss=1.1617 train_acc=0.6154 test_loss=1.6703 test_acc=0.3788
Round 136 | selected=[20, 8, 56, 19, 18, 47, 61, 66, 84, 62]
Round 136 | train_loss=1.1797 train_acc=0.6048 test_loss=1.7519 test_acc=0.3993
Round 137 | selected=[45, 3, 78, 20, 36, 51, 98, 89, 41, 29]
Round 137 | train_loss=1.1611 train_acc=0.6164 test_loss=1.4655 test_acc=0.4483
Round 138 | selected=[37, 71, 8, 7, 28, 96, 38, 22, 94, 60]
Round 138 | train_loss=1.1697 train_acc=0.6036 test_loss=1.4967 test_acc=0.4188
Round 139 | selected=[42, 47, 54, 72, 48, 60, 12, 79, 87, 86]
Round 139 | train_loss=1.1858 train_acc=0.5916 test_loss=1.8410 test_acc=0.3557
Round 140 | selected=[75, 11, 90, 15, 6, 58, 63, 8, 25, 84]
Round 140 | train_loss=1.4344 train_acc=0.5380 test_loss=1.7693 test_acc=0.3881
Round 141 | selected=[62, 37, 94, 51, 95, 0, 82, 29, 74, 83]
Round 141 | train_loss=1.2655 train_acc=0.5900 test_loss=1.6066 test_acc=0.4314
Round 142 | selected=[47, 95, 64, 30, 55, 32, 24, 71, 73, 90]
Round 142 | train_loss=1.1560 train_acc=0.6338 test_loss=1.5872 test_acc=0.4003
Round 143 | selected=[37, 12, 10, 30, 20, 38, 66, 34, 0, 50]
Round 143 | train_loss=1.1980 train_acc=0.6064 test_loss=1.6024 test_acc=0.4232
Round 144 | selected=[17, 26, 43, 32, 49, 95, 66, 2, 5, 83]
Round 144 | train_loss=1.1015 train_acc=0.6440 test_loss=1.5776 test_acc=0.3858
Round 145 | selected=[3, 94, 98, 88, 50, 54, 40, 38, 80, 49]
Round 145 | train_loss=1.1417 train_acc=0.6224 test_loss=1.5073 test_acc=0.4314
Round 146 | selected=[75, 36, 71, 76, 48, 3, 57, 14, 27, 74]
Round 146 | train_loss=1.1294 train_acc=0.6194 test_loss=1.6406 test_acc=0.3700
Round 147 | selected=[31, 9, 45, 81, 14, 95, 62, 5, 69, 34]
Round 147 | train_loss=1.1332 train_acc=0.6150 test_loss=1.4399 test_acc=0.4486
Round 148 | selected=[50, 74, 99, 1, 20, 70, 58, 59, 83, 80]
Round 148 | train_loss=1.0170 train_acc=0.6688 test_loss=1.4410 test_acc=0.4552
Round 149 | selected=[46, 79, 54, 41, 43, 83, 40, 50, 1, 18]
Round 149 | train_loss=1.0280 train_acc=0.6638 test_loss=1.8708 test_acc=0.3301
Round 150 | selected=[70, 53, 4, 36, 68, 28, 16, 47, 17, 38]
Round 150 | train_loss=1.2983 train_acc=0.5812 test_loss=1.7613 test_acc=0.3826
Round 151 | selected=[24, 79, 58, 50, 38, 45, 59, 9, 27, 7]
Round 151 | train_loss=1.2461 train_acc=0.5814 test_loss=1.4795 test_acc=0.4495
Round 152 | selected=[95, 74, 41, 81, 55, 22, 62, 25, 17, 34]
Round 152 | train_loss=1.1046 train_acc=0.6304 test_loss=1.4953 test_acc=0.4143
Round 153 | selected=[28, 98, 99, 27, 65, 71, 17, 95, 6, 46]
Round 153 | train_loss=1.2220 train_acc=0.5630 test_loss=1.5865 test_acc=0.4010
Round 154 | selected=[13, 56, 26, 83, 48, 65, 12, 14, 32, 41]
Round 154 | train_loss=1.0874 train_acc=0.6218 test_loss=1.4585 test_acc=0.4536
Round 155 | selected=[5, 74, 68, 19, 71, 80, 69, 11, 96, 90]
Round 155 | train_loss=1.2507 train_acc=0.5734 test_loss=1.6069 test_acc=0.4069
Round 156 | selected=[58, 94, 30, 45, 14, 50, 66, 84, 85, 57]
Round 156 | train_loss=1.1295 train_acc=0.6324 test_loss=1.5567 test_acc=0.4202
Round 157 | selected=[78, 23, 56, 99, 68, 17, 58, 76, 7, 74]
Round 157 | train_loss=1.2481 train_acc=0.5696 test_loss=1.4871 test_acc=0.4208
Round 158 | selected=[0, 12, 93, 19, 41, 28, 86, 31, 96, 54]
Round 158 | train_loss=1.1579 train_acc=0.5994 test_loss=1.4062 test_acc=0.4695
Round 159 | selected=[85, 14, 35, 56, 59, 94, 9, 43, 72, 89]
Round 159 | train_loss=1.1859 train_acc=0.6078 test_loss=1.4908 test_acc=0.4134
Round 160 | selected=[13, 59, 24, 85, 19, 32, 3, 79, 25, 68]
Round 160 | train_loss=1.1211 train_acc=0.6256 test_loss=1.5194 test_acc=0.4445
Round 161 | selected=[6, 97, 95, 9, 96, 5, 81, 65, 42, 43]
Round 161 | train_loss=1.2481 train_acc=0.5698 test_loss=1.4850 test_acc=0.4256
Round 162 | selected=[18, 6, 24, 95, 26, 58, 19, 46, 44, 41]
Round 162 | train_loss=1.1150 train_acc=0.6266 test_loss=1.5582 test_acc=0.4566
Round 163 | selected=[84, 5, 85, 80, 3, 21, 92, 75, 76, 98]
Round 163 | train_loss=1.2131 train_acc=0.5932 test_loss=1.4703 test_acc=0.4602
Round 164 | selected=[26, 17, 54, 89, 51, 44, 23, 73, 82, 24]
Round 164 | train_loss=1.1018 train_acc=0.6552 test_loss=1.5215 test_acc=0.4371
Round 165 | selected=[33, 12, 19, 10, 1, 27, 96, 17, 25, 97]
Round 165 | train_loss=1.1983 train_acc=0.5920 test_loss=1.3360 test_acc=0.4914
Round 166 | selected=[68, 62, 0, 59, 86, 63, 94, 33, 67, 10]
Round 166 | train_loss=1.1006 train_acc=0.6348 test_loss=1.3163 test_acc=0.5126
Round 167 | selected=[61, 64, 89, 30, 19, 44, 2, 97, 15, 37]
Round 167 | train_loss=1.0854 train_acc=0.6264 test_loss=1.3600 test_acc=0.4735
Round 168 | selected=[11, 52, 21, 99, 83, 30, 62, 61, 10, 74]
Round 168 | train_loss=1.0656 train_acc=0.6380 test_loss=1.8059 test_acc=0.3732
Round 169 | selected=[74, 1, 75, 34, 21, 9, 6, 85, 65, 13]
Round 169 | train_loss=1.1244 train_acc=0.6188 test_loss=1.5617 test_acc=0.4287
Round 170 | selected=[35, 86, 45, 12, 49, 13, 10, 43, 32, 88]
Round 170 | train_loss=1.1581 train_acc=0.6234 test_loss=1.6940 test_acc=0.3742
Round 171 | selected=[89, 42, 46, 19, 77, 59, 44, 17, 71, 6]
Round 171 | train_loss=1.1754 train_acc=0.5830 test_loss=1.4782 test_acc=0.4449
Round 172 | selected=[35, 65, 4, 72, 29, 46, 44, 56, 61, 87]
Round 172 | train_loss=1.0629 train_acc=0.6494 test_loss=1.3349 test_acc=0.5076
Round 173 | selected=[67, 56, 34, 48, 77, 44, 16, 1, 83, 19]
Round 173 | train_loss=0.9751 train_acc=0.6816 test_loss=1.3284 test_acc=0.4940
Round 174 | selected=[41, 30, 8, 94, 74, 96, 90, 79, 61, 15]
Round 174 | train_loss=1.1942 train_acc=0.5978 test_loss=1.5772 test_acc=0.4312
Round 175 | selected=[90, 45, 16, 55, 47, 69, 9, 80, 76, 62]
Round 175 | train_loss=1.2584 train_acc=0.5696 test_loss=1.5885 test_acc=0.4365
Round 176 | selected=[68, 7, 87, 9, 48, 37, 90, 12, 67, 32]
Round 176 | train_loss=1.2010 train_acc=0.5868 test_loss=1.4215 test_acc=0.4576
Round 177 | selected=[99, 89, 94, 88, 25, 84, 97, 2, 15, 74]
Round 177 | train_loss=1.0752 train_acc=0.6404 test_loss=1.3228 test_acc=0.4994
Round 178 | selected=[93, 26, 75, 83, 25, 50, 65, 1, 96, 22]
Round 178 | train_loss=1.0060 train_acc=0.6638 test_loss=1.5925 test_acc=0.4155
Round 179 | selected=[24, 18, 13, 21, 55, 11, 73, 30, 10, 16]
Round 179 | train_loss=1.1143 train_acc=0.6400 test_loss=1.5141 test_acc=0.4275
Round 180 | selected=[88, 6, 34, 3, 1, 58, 21, 42, 47, 81]
Round 180 | train_loss=1.1161 train_acc=0.6318 test_loss=1.3550 test_acc=0.4852
Round 181 | selected=[51, 56, 29, 6, 20, 64, 75, 30, 16, 94]
Round 181 | train_loss=1.0219 train_acc=0.6688 test_loss=1.4088 test_acc=0.4500
Round 182 | selected=[1, 25, 75, 80, 95, 72, 43, 11, 24, 99]
Round 182 | train_loss=0.9937 train_acc=0.6722 test_loss=1.4014 test_acc=0.4625
Round 183 | selected=[63, 11, 60, 61, 95, 8, 32, 94, 55, 24]
Round 183 | train_loss=0.9733 train_acc=0.6994 test_loss=1.4147 test_acc=0.4558
Round 184 | selected=[39, 8, 43, 50, 12, 22, 23, 52, 75, 25]
Round 184 | train_loss=1.0992 train_acc=0.6162 test_loss=1.6323 test_acc=0.4412
Round 185 | selected=[71, 46, 83, 90, 55, 24, 8, 30, 87, 63]
Round 185 | train_loss=1.1062 train_acc=0.6364 test_loss=1.4189 test_acc=0.4562
Round 186 | selected=[67, 66, 36, 50, 78, 90, 99, 44, 33, 37]
Round 186 | train_loss=1.0516 train_acc=0.6462 test_loss=1.3488 test_acc=0.4799
Round 187 | selected=[53, 45, 0, 89, 5, 68, 18, 92, 54, 74]
Round 187 | train_loss=1.2278 train_acc=0.5842 test_loss=1.4374 test_acc=0.4699
Round 188 | selected=[7, 80, 22, 17, 66, 79, 87, 63, 33, 64]
Round 188 | train_loss=0.9835 train_acc=0.6718 test_loss=1.5374 test_acc=0.4134
Round 189 | selected=[39, 59, 66, 51, 90, 86, 31, 81, 26, 6]
Round 189 | train_loss=1.0872 train_acc=0.6274 test_loss=1.3233 test_acc=0.5054
Round 190 | selected=[97, 30, 67, 35, 51, 96, 80, 81, 44, 71]
Round 190 | train_loss=1.0554 train_acc=0.6444 test_loss=1.3042 test_acc=0.4953
Round 191 | selected=[49, 54, 28, 75, 89, 61, 77, 43, 0, 53]
Round 191 | train_loss=1.0411 train_acc=0.6676 test_loss=1.3736 test_acc=0.4881
Round 192 | selected=[48, 60, 6, 66, 29, 63, 77, 55, 2, 82]
Round 192 | train_loss=1.0500 train_acc=0.6522 test_loss=1.5486 test_acc=0.4415
Round 193 | selected=[56, 48, 24, 58, 97, 75, 60, 31, 68, 63]
Round 193 | train_loss=0.9679 train_acc=0.6806 test_loss=1.2808 test_acc=0.5343
Round 194 | selected=[67, 61, 34, 64, 91, 3, 99, 80, 32, 26]
Round 194 | train_loss=1.0371 train_acc=0.6548 test_loss=1.3253 test_acc=0.5041
Round 195 | selected=[36, 3, 1, 7, 60, 11, 19, 23, 9, 57]
Round 195 | train_loss=0.9867 train_acc=0.6808 test_loss=1.4962 test_acc=0.4359
Round 196 | selected=[63, 0, 41, 36, 78, 85, 19, 49, 13, 55]
Round 196 | train_loss=0.9566 train_acc=0.6898 test_loss=1.3152 test_acc=0.5237
Round 197 | selected=[39, 25, 22, 27, 14, 99, 73, 93, 96, 88]
Round 197 | train_loss=1.0850 train_acc=0.6314 test_loss=1.3500 test_acc=0.5041
Round 198 | selected=[42, 89, 50, 4, 56, 86, 2, 19, 67, 10]
Round 198 | train_loss=1.0673 train_acc=0.6422 test_loss=1.3433 test_acc=0.5108
Round 199 | selected=[72, 81, 34, 35, 50, 49, 55, 67, 69, 28]
Round 199 | train_loss=1.0310 train_acc=0.6678 test_loss=1.4491 test_acc=0.4484
Round 200 | selected=[65, 93, 92, 19, 98, 27, 43, 59, 56, 62]
Round 200 | train_loss=1.0717 train_acc=0.6252 test_loss=1.6532 test_acc=0.3996
Round 201 | selected=[48, 14, 1, 11, 26, 68, 8, 52, 32, 66]
Round 201 | train_loss=1.0886 train_acc=0.6528 test_loss=1.7296 test_acc=0.3412
Round 202 | selected=[22, 4, 74, 1, 76, 12, 68, 81, 5, 98]
Round 202 | train_loss=1.0810 train_acc=0.6296 test_loss=1.6306 test_acc=0.4149
Round 203 | selected=[9, 18, 69, 47, 74, 0, 88, 71, 75, 34]
Round 203 | train_loss=1.1400 train_acc=0.6190 test_loss=1.4880 test_acc=0.4626
Round 204 | selected=[45, 67, 86, 7, 8, 65, 36, 9, 46, 11]
Round 204 | train_loss=1.1345 train_acc=0.6240 test_loss=1.3385 test_acc=0.5007
Round 205 | selected=[53, 57, 76, 29, 13, 84, 98, 10, 38, 18]
Round 205 | train_loss=1.0334 train_acc=0.6530 test_loss=1.2802 test_acc=0.5089
Round 206 | selected=[59, 89, 44, 39, 58, 94, 2, 26, 81, 87]
Round 206 | train_loss=1.0621 train_acc=0.6422 test_loss=1.4140 test_acc=0.4767
Round 207 | selected=[72, 57, 60, 22, 47, 69, 21, 61, 46, 35]
Round 207 | train_loss=1.0195 train_acc=0.6550 test_loss=1.3949 test_acc=0.4726
Round 208 | selected=[86, 88, 12, 90, 15, 13, 10, 5, 54, 29]
Round 208 | train_loss=1.1006 train_acc=0.6328 test_loss=1.3972 test_acc=0.4928
Round 209 | selected=[42, 19, 53, 43, 77, 70, 7, 94, 87, 15]
Round 209 | train_loss=1.0678 train_acc=0.6340 test_loss=1.4231 test_acc=0.4694
Round 210 | selected=[30, 7, 46, 85, 87, 40, 63, 12, 15, 16]
Round 210 | train_loss=1.0361 train_acc=0.6568 test_loss=1.2402 test_acc=0.5509
Round 211 | selected=[3, 5, 70, 7, 60, 24, 51, 4, 35, 21]
Round 211 | train_loss=1.0464 train_acc=0.6540 test_loss=1.9105 test_acc=0.3638
Round 212 | selected=[0, 36, 46, 44, 88, 11, 83, 15, 77, 50]
Round 212 | train_loss=1.2834 train_acc=0.5836 test_loss=1.6963 test_acc=0.4385
Round 213 | selected=[42, 58, 19, 39, 49, 53, 83, 23, 25, 7]
Round 213 | train_loss=1.0675 train_acc=0.6410 test_loss=1.4168 test_acc=0.4889
Round 214 | selected=[36, 55, 29, 12, 88, 44, 63, 57, 69, 50]
Round 214 | train_loss=0.9744 train_acc=0.6838 test_loss=1.2796 test_acc=0.5148
Round 215 | selected=[63, 89, 71, 37, 59, 88, 69, 93, 95, 72]
Round 215 | train_loss=1.0388 train_acc=0.6456 test_loss=1.4830 test_acc=0.4556
Round 216 | selected=[28, 18, 95, 50, 14, 17, 24, 92, 73, 49]
Round 216 | train_loss=1.1256 train_acc=0.6250 test_loss=1.4084 test_acc=0.4726
Round 217 | selected=[69, 46, 18, 26, 39, 6, 70, 22, 83, 11]
Round 217 | train_loss=1.0063 train_acc=0.6580 test_loss=1.3013 test_acc=0.5124
Round 218 | selected=[59, 16, 4, 83, 18, 63, 36, 11, 1, 85]
Round 218 | train_loss=0.9162 train_acc=0.7222 test_loss=1.3969 test_acc=0.4781
Round 219 | selected=[3, 63, 98, 99, 81, 93, 74, 25, 47, 28]
Round 219 | train_loss=1.0212 train_acc=0.6582 test_loss=1.2231 test_acc=0.5574
Round 220 | selected=[92, 14, 37, 19, 8, 36, 9, 65, 58, 10]
Round 220 | train_loss=1.0869 train_acc=0.6386 test_loss=1.3950 test_acc=0.4732
Round 221 | selected=[54, 60, 8, 71, 75, 43, 19, 81, 64, 58]
Round 221 | train_loss=1.0690 train_acc=0.6412 test_loss=1.2874 test_acc=0.5301
Round 222 | selected=[11, 84, 10, 39, 0, 36, 58, 92, 77, 66]
Round 222 | train_loss=1.1143 train_acc=0.6270 test_loss=1.5818 test_acc=0.4149
Round 223 | selected=[51, 75, 84, 87, 77, 31, 54, 38, 15, 29]
Round 223 | train_loss=1.0391 train_acc=0.6480 test_loss=1.4477 test_acc=0.5100
Round 224 | selected=[42, 54, 89, 3, 32, 49, 12, 61, 82, 68]
Round 224 | train_loss=1.0422 train_acc=0.6620 test_loss=1.4369 test_acc=0.4799
Round 225 | selected=[26, 79, 18, 19, 38, 89, 53, 86, 29, 51]
Round 225 | train_loss=0.9854 train_acc=0.6708 test_loss=1.3163 test_acc=0.4810
Round 226 | selected=[51, 18, 99, 33, 28, 72, 34, 27, 26, 75]
Round 226 | train_loss=0.8687 train_acc=0.7162 test_loss=1.2408 test_acc=0.5259
Round 227 | selected=[24, 37, 5, 23, 38, 6, 78, 80, 66, 0]
Round 227 | train_loss=0.9819 train_acc=0.6646 test_loss=1.1854 test_acc=0.5616
Round 228 | selected=[72, 37, 51, 6, 63, 90, 49, 22, 56, 92]
Round 228 | train_loss=0.9556 train_acc=0.6846 test_loss=1.1444 test_acc=0.5944
Round 229 | selected=[27, 34, 70, 12, 99, 76, 48, 98, 26, 42]
Round 229 | train_loss=0.8860 train_acc=0.7048 test_loss=1.1810 test_acc=0.5585
Round 230 | selected=[22, 92, 19, 6, 28, 78, 98, 43, 83, 74]
Round 230 | train_loss=1.0017 train_acc=0.6604 test_loss=1.4091 test_acc=0.4797
Round 231 | selected=[71, 16, 18, 51, 63, 39, 86, 15, 25, 45]
Round 231 | train_loss=1.0536 train_acc=0.6380 test_loss=1.2103 test_acc=0.5429
Round 232 | selected=[56, 66, 7, 43, 6, 84, 24, 60, 0, 15]
Round 232 | train_loss=0.8982 train_acc=0.7018 test_loss=1.1853 test_acc=0.5724
Round 233 | selected=[51, 58, 46, 86, 28, 47, 32, 92, 64, 56]
Round 233 | train_loss=0.9860 train_acc=0.6796 test_loss=1.2238 test_acc=0.5520
Round 234 | selected=[34, 87, 21, 85, 8, 32, 43, 73, 55, 74]
Round 234 | train_loss=0.9446 train_acc=0.6866 test_loss=1.3622 test_acc=0.4771
Round 235 | selected=[63, 38, 29, 96, 51, 94, 16, 25, 30, 36]
Round 235 | train_loss=0.9955 train_acc=0.6796 test_loss=1.3236 test_acc=0.4957
Round 236 | selected=[29, 97, 82, 88, 15, 98, 0, 95, 67, 41]
Round 236 | train_loss=1.1537 train_acc=0.6026 test_loss=1.4191 test_acc=0.4973
Round 237 | selected=[2, 43, 91, 7, 80, 51, 82, 78, 92, 76]
Round 237 | train_loss=1.0598 train_acc=0.6316 test_loss=1.2977 test_acc=0.5388
Round 238 | selected=[31, 43, 0, 6, 21, 47, 57, 88, 83, 25]
Round 238 | train_loss=1.0003 train_acc=0.6640 test_loss=1.1981 test_acc=0.5621
Round 239 | selected=[82, 33, 25, 68, 10, 87, 62, 56, 81, 23]
Round 239 | train_loss=1.0196 train_acc=0.6634 test_loss=1.2070 test_acc=0.5346
Round 240 | selected=[51, 69, 73, 10, 67, 24, 50, 41, 43, 58]
Round 240 | train_loss=0.9480 train_acc=0.6794 test_loss=1.4067 test_acc=0.4806
Round 241 | selected=[4, 49, 89, 19, 29, 9, 45, 22, 0, 18]
Round 241 | train_loss=1.0374 train_acc=0.6516 test_loss=1.3439 test_acc=0.4884
Round 242 | selected=[88, 17, 67, 51, 56, 49, 59, 14, 10, 45]
Round 242 | train_loss=1.0137 train_acc=0.6624 test_loss=1.3536 test_acc=0.5083
Round 243 | selected=[75, 16, 36, 70, 17, 5, 53, 14, 47, 66]
Round 243 | train_loss=0.9543 train_acc=0.6806 test_loss=1.4602 test_acc=0.4834
Round 244 | selected=[8, 40, 45, 53, 32, 55, 25, 12, 87, 91]
Round 244 | train_loss=1.1219 train_acc=0.6200 test_loss=1.2189 test_acc=0.5472
Round 245 | selected=[56, 87, 80, 82, 68, 75, 2, 53, 64, 6]
Round 245 | train_loss=0.9708 train_acc=0.6662 test_loss=1.6570 test_acc=0.3919
Round 246 | selected=[55, 95, 57, 32, 33, 35, 96, 0, 5, 50]
Round 246 | train_loss=1.0802 train_acc=0.6480 test_loss=1.7386 test_acc=0.4465
Round 247 | selected=[89, 42, 97, 18, 61, 10, 12, 80, 77, 4]
Round 247 | train_loss=1.1936 train_acc=0.6208 test_loss=1.3150 test_acc=0.5104
Round 248 | selected=[31, 76, 62, 86, 32, 20, 71, 72, 5, 21]
Round 248 | train_loss=1.0085 train_acc=0.6686 test_loss=1.2340 test_acc=0.5402
Round 249 | selected=[27, 75, 3, 19, 92, 94, 41, 7, 24, 32]
Round 249 | train_loss=0.9552 train_acc=0.6862 test_loss=1.2446 test_acc=0.5449
Round 250 | selected=[87, 36, 46, 53, 56, 34, 17, 33, 25, 49]
Round 250 | train_loss=0.9623 train_acc=0.6830 test_loss=1.4077 test_acc=0.4624
Round 251 | selected=[5, 53, 59, 49, 78, 71, 4, 70, 66, 76]
Round 251 | train_loss=1.0265 train_acc=0.6536 test_loss=1.3703 test_acc=0.5089
Round 252 | selected=[77, 33, 1, 71, 67, 70, 22, 75, 27, 48]
Round 252 | train_loss=0.9777 train_acc=0.6662 test_loss=1.2230 test_acc=0.5429
Round 253 | selected=[32, 63, 85, 55, 47, 93, 15, 46, 2, 13]
Round 253 | train_loss=0.9200 train_acc=0.6946 test_loss=1.2063 test_acc=0.5479
Round 254 | selected=[35, 38, 68, 58, 91, 59, 82, 69, 75, 81]
Round 254 | train_loss=1.0202 train_acc=0.6650 test_loss=1.2708 test_acc=0.5214
Round 255 | selected=[37, 30, 71, 7, 40, 60, 64, 74, 72, 79]
Round 255 | train_loss=1.0396 train_acc=0.6440 test_loss=1.3535 test_acc=0.5050
Round 256 | selected=[91, 66, 73, 33, 84, 22, 99, 32, 75, 1]
Round 256 | train_loss=0.9447 train_acc=0.6764 test_loss=1.4107 test_acc=0.4850
Round 257 | selected=[23, 36, 53, 18, 33, 70, 9, 80, 96, 20]
Round 257 | train_loss=1.0285 train_acc=0.6616 test_loss=1.5429 test_acc=0.4370
Round 258 | selected=[33, 47, 48, 59, 76, 8, 17, 45, 81, 23]
Round 258 | train_loss=1.0121 train_acc=0.6496 test_loss=1.2407 test_acc=0.5441
Round 259 | selected=[95, 97, 84, 45, 26, 53, 65, 92, 5, 60]
Round 259 | train_loss=0.9785 train_acc=0.6644 test_loss=1.1400 test_acc=0.5883
Round 260 | selected=[46, 69, 36, 77, 30, 71, 72, 81, 43, 27]
Round 260 | train_loss=1.0186 train_acc=0.6566 test_loss=1.2520 test_acc=0.5258
Round 261 | selected=[0, 18, 32, 17, 80, 3, 23, 58, 73, 19]
Round 261 | train_loss=0.8934 train_acc=0.7104 test_loss=1.1552 test_acc=0.5766
Round 262 | selected=[80, 30, 37, 28, 68, 96, 18, 57, 97, 27]
Round 262 | train_loss=0.9823 train_acc=0.6762 test_loss=1.2926 test_acc=0.4989
Round 263 | selected=[3, 46, 10, 17, 24, 66, 75, 36, 62, 14]
Round 263 | train_loss=0.9864 train_acc=0.6740 test_loss=1.5256 test_acc=0.4455
Round 264 | selected=[11, 56, 23, 12, 73, 55, 41, 75, 92, 64]
Round 264 | train_loss=1.1042 train_acc=0.6430 test_loss=1.2248 test_acc=0.5474
Round 265 | selected=[19, 93, 29, 59, 50, 24, 96, 75, 16, 23]
Round 265 | train_loss=0.8813 train_acc=0.7098 test_loss=1.3719 test_acc=0.4787
Round 266 | selected=[66, 62, 0, 92, 56, 22, 67, 91, 88, 34]
Round 266 | train_loss=1.0388 train_acc=0.6466 test_loss=1.2741 test_acc=0.5498
Round 267 | selected=[40, 31, 96, 76, 72, 0, 54, 69, 52, 29]
Round 267 | train_loss=0.9877 train_acc=0.6700 test_loss=1.1635 test_acc=0.5763
Round 268 | selected=[25, 58, 64, 4, 97, 83, 17, 78, 50, 77]
Round 268 | train_loss=0.9461 train_acc=0.6834 test_loss=1.1856 test_acc=0.5753
Round 269 | selected=[20, 30, 81, 11, 76, 77, 49, 88, 75, 23]
Round 269 | train_loss=0.9213 train_acc=0.7112 test_loss=1.3998 test_acc=0.4847
Round 270 | selected=[81, 92, 39, 1, 62, 28, 19, 91, 80, 69]
Round 270 | train_loss=1.1178 train_acc=0.6138 test_loss=1.3353 test_acc=0.5128
Round 271 | selected=[61, 17, 39, 59, 67, 57, 81, 66, 29, 28]
Round 271 | train_loss=1.0023 train_acc=0.6626 test_loss=1.2844 test_acc=0.5423
Round 272 | selected=[63, 42, 80, 78, 36, 83, 17, 84, 43, 93]
Round 272 | train_loss=0.9778 train_acc=0.6742 test_loss=1.2559 test_acc=0.5118
Round 273 | selected=[16, 69, 98, 24, 35, 13, 56, 10, 55, 65]
Round 273 | train_loss=0.9363 train_acc=0.6912 test_loss=1.2315 test_acc=0.5481
Round 274 | selected=[35, 86, 50, 82, 5, 47, 63, 91, 11, 19]
Round 274 | train_loss=0.9462 train_acc=0.6910 test_loss=1.2770 test_acc=0.5270
Round 275 | selected=[2, 12, 33, 17, 1, 62, 47, 6, 58, 91]
Round 275 | train_loss=1.0153 train_acc=0.6592 test_loss=1.2269 test_acc=0.5465
Round 276 | selected=[86, 31, 87, 77, 78, 83, 14, 91, 62, 38]
Round 276 | train_loss=0.9647 train_acc=0.6680 test_loss=1.2417 test_acc=0.5266
Round 277 | selected=[6, 13, 27, 15, 78, 16, 89, 21, 69, 68]
Round 277 | train_loss=0.9860 train_acc=0.6490 test_loss=1.3549 test_acc=0.5056
Round 278 | selected=[30, 68, 21, 98, 81, 52, 61, 78, 95, 48]
Round 278 | train_loss=1.0247 train_acc=0.6516 test_loss=1.1931 test_acc=0.5619
Round 279 | selected=[67, 93, 74, 79, 3, 89, 17, 33, 85, 70]
Round 279 | train_loss=0.8636 train_acc=0.7182 test_loss=1.2745 test_acc=0.5273
Round 280 | selected=[82, 22, 0, 83, 76, 52, 53, 27, 69, 65]
Round 280 | train_loss=0.9711 train_acc=0.6748 test_loss=1.1873 test_acc=0.5732
Round 281 | selected=[42, 73, 78, 93, 48, 84, 26, 19, 17, 7]
Round 281 | train_loss=0.9192 train_acc=0.6908 test_loss=1.2339 test_acc=0.5479
Round 282 | selected=[16, 0, 87, 31, 62, 74, 50, 48, 10, 54]
Round 282 | train_loss=0.8358 train_acc=0.7232 test_loss=1.3179 test_acc=0.5131
Round 283 | selected=[31, 89, 64, 51, 1, 68, 61, 23, 91, 2]
Round 283 | train_loss=0.9913 train_acc=0.6814 test_loss=1.3019 test_acc=0.5373
Round 284 | selected=[29, 54, 23, 66, 36, 20, 24, 63, 47, 95]
Round 284 | train_loss=0.8628 train_acc=0.7210 test_loss=1.2613 test_acc=0.5215
Round 285 | selected=[19, 33, 55, 93, 21, 39, 59, 4, 84, 29]
Round 285 | train_loss=0.9603 train_acc=0.6902 test_loss=1.2098 test_acc=0.5532
Round 286 | selected=[27, 98, 60, 85, 11, 62, 44, 65, 22, 36]
Round 286 | train_loss=0.9151 train_acc=0.6980 test_loss=1.1646 test_acc=0.5886
Round 287 | selected=[1, 90, 38, 54, 53, 4, 42, 60, 6, 30]
Round 287 | train_loss=1.0168 train_acc=0.6674 test_loss=1.1841 test_acc=0.5616
Round 288 | selected=[97, 71, 60, 27, 90, 22, 58, 0, 3, 11]
Round 288 | train_loss=0.9702 train_acc=0.6762 test_loss=1.3569 test_acc=0.4884
Round 289 | selected=[1, 14, 13, 85, 0, 64, 95, 61, 19, 84]
Round 289 | train_loss=0.9204 train_acc=0.6900 test_loss=1.3174 test_acc=0.5156
Round 290 | selected=[84, 79, 54, 32, 2, 86, 67, 56, 19, 39]
Round 290 | train_loss=0.9058 train_acc=0.6922 test_loss=1.3814 test_acc=0.4984
Round 291 | selected=[72, 98, 30, 21, 75, 54, 77, 79, 32, 45]
Round 291 | train_loss=0.8914 train_acc=0.6908 test_loss=1.1388 test_acc=0.5844
Round 292 | selected=[9, 88, 5, 27, 42, 69, 70, 10, 31, 7]
Round 292 | train_loss=1.0044 train_acc=0.6626 test_loss=1.3817 test_acc=0.4877
Round 293 | selected=[61, 97, 34, 23, 62, 20, 42, 41, 72, 51]
Round 293 | train_loss=0.9680 train_acc=0.6936 test_loss=1.5210 test_acc=0.4445
Round 294 | selected=[25, 34, 3, 1, 19, 97, 84, 65, 90, 58]
Round 294 | train_loss=1.0499 train_acc=0.6564 test_loss=1.2970 test_acc=0.5443
Round 295 | selected=[97, 83, 12, 47, 82, 49, 58, 34, 37, 94]
Round 295 | train_loss=1.0182 train_acc=0.6740 test_loss=1.2864 test_acc=0.5253
Round 296 | selected=[79, 20, 3, 49, 4, 82, 75, 83, 57, 64]
Round 296 | train_loss=0.8339 train_acc=0.7370 test_loss=1.2626 test_acc=0.5488
Round 297 | selected=[26, 85, 13, 95, 36, 96, 12, 70, 91, 24]
Round 297 | train_loss=0.9032 train_acc=0.7050 test_loss=1.1698 test_acc=0.5834
Round 298 | selected=[25, 99, 43, 49, 78, 12, 51, 18, 75, 8]
Round 298 | train_loss=0.8934 train_acc=0.7028 test_loss=1.2018 test_acc=0.5552
Round 299 | selected=[97, 28, 49, 67, 30, 54, 16, 21, 33, 76]
Round 299 | train_loss=0.8692 train_acc=0.7116 test_loss=1.1653 test_acc=0.5731
Round 300 | selected=[13, 65, 5, 92, 95, 60, 26, 39, 78, 66]
Round 300 | train_loss=0.9475 train_acc=0.6836 test_loss=1.3631 test_acc=0.5308
Round 301 | selected=[9, 7, 93, 98, 56, 68, 45, 54, 61, 55]
Round 301 | train_loss=0.9493 train_acc=0.6802 test_loss=1.1274 test_acc=0.6014
Round 302 | selected=[70, 15, 24, 86, 52, 20, 89, 39, 26, 29]
Round 302 | train_loss=0.8571 train_acc=0.7160 test_loss=1.2544 test_acc=0.5275
Round 303 | selected=[88, 70, 93, 14, 40, 54, 38, 11, 83, 68]
Round 303 | train_loss=0.9599 train_acc=0.6802 test_loss=1.4493 test_acc=0.4720
Round 304 | selected=[32, 7, 18, 89, 71, 28, 47, 27, 8, 11]
Round 304 | train_loss=0.9597 train_acc=0.6854 test_loss=1.5386 test_acc=0.4567
Round 305 | selected=[45, 20, 3, 79, 63, 59, 56, 57, 16, 51]
Round 305 | train_loss=0.9766 train_acc=0.6844 test_loss=1.3529 test_acc=0.4971
Round 306 | selected=[64, 86, 36, 51, 71, 58, 67, 68, 83, 11]
Round 306 | train_loss=1.0041 train_acc=0.6588 test_loss=1.2366 test_acc=0.5459
Round 307 | selected=[15, 75, 99, 73, 85, 98, 49, 83, 93, 23]
Round 307 | train_loss=0.8414 train_acc=0.7242 test_loss=1.1180 test_acc=0.5998
Round 308 | selected=[69, 28, 30, 84, 15, 86, 87, 7, 36, 59]
Round 308 | train_loss=0.9195 train_acc=0.6900 test_loss=1.1348 test_acc=0.5777
Round 309 | selected=[16, 19, 85, 9, 34, 64, 66, 25, 35, 86]
Round 309 | train_loss=0.8790 train_acc=0.7176 test_loss=1.1486 test_acc=0.5685
Round 310 | selected=[93, 20, 90, 69, 28, 18, 52, 15, 19, 3]
Round 310 | train_loss=0.9904 train_acc=0.6590 test_loss=1.4933 test_acc=0.4688
Round 311 | selected=[34, 77, 19, 88, 85, 9, 45, 5, 20, 39]
Round 311 | train_loss=1.0732 train_acc=0.6396 test_loss=1.5138 test_acc=0.4960
Round 312 | selected=[5, 14, 60, 30, 49, 71, 87, 35, 39, 80]
Round 312 | train_loss=1.0335 train_acc=0.6554 test_loss=1.3605 test_acc=0.5135
Round 313 | selected=[63, 69, 41, 25, 81, 3, 68, 49, 34, 89]
Round 313 | train_loss=0.9611 train_acc=0.6788 test_loss=1.0801 test_acc=0.6197
Round 314 | selected=[82, 39, 65, 22, 38, 51, 36, 50, 10, 75]
Round 314 | train_loss=0.7916 train_acc=0.7462 test_loss=1.0932 test_acc=0.5969
Round 315 | selected=[63, 38, 85, 47, 55, 86, 4, 44, 76, 36]
Round 315 | train_loss=0.8784 train_acc=0.7168 test_loss=1.2349 test_acc=0.5686
Round 316 | selected=[67, 32, 53, 11, 61, 28, 62, 44, 98, 43]
Round 316 | train_loss=0.8418 train_acc=0.7264 test_loss=1.6864 test_acc=0.4516
Round 317 | selected=[54, 42, 31, 56, 37, 38, 4, 26, 55, 47]
Round 317 | train_loss=0.9448 train_acc=0.6900 test_loss=1.2985 test_acc=0.5534
Round 318 | selected=[77, 24, 38, 71, 6, 43, 79, 12, 84, 69]
Round 318 | train_loss=0.9181 train_acc=0.6968 test_loss=1.0955 test_acc=0.6160
Round 319 | selected=[22, 47, 46, 87, 35, 90, 2, 33, 53, 99]
Round 319 | train_loss=0.9306 train_acc=0.6850 test_loss=1.2186 test_acc=0.5352
Round 320 | selected=[94, 86, 38, 85, 83, 29, 68, 97, 92, 55]
Round 320 | train_loss=1.0118 train_acc=0.6536 test_loss=1.1841 test_acc=0.5612
Round 321 | selected=[33, 52, 40, 54, 43, 85, 97, 59, 83, 71]
Round 321 | train_loss=0.8871 train_acc=0.6996 test_loss=1.1578 test_acc=0.5718
Round 322 | selected=[39, 18, 9, 77, 71, 38, 99, 74, 25, 52]
Round 322 | train_loss=0.9543 train_acc=0.6656 test_loss=1.0898 test_acc=0.5996
Round 323 | selected=[85, 22, 13, 49, 88, 7, 98, 16, 56, 24]
Round 323 | train_loss=0.7993 train_acc=0.7406 test_loss=1.1055 test_acc=0.6062
Round 324 | selected=[43, 83, 24, 21, 97, 76, 30, 84, 75, 82]
Round 324 | train_loss=0.8999 train_acc=0.7082 test_loss=1.1086 test_acc=0.5998
Round 325 | selected=[69, 34, 42, 37, 92, 81, 17, 60, 88, 16]
Round 325 | train_loss=0.9373 train_acc=0.6808 test_loss=1.5127 test_acc=0.4532
Round 326 | selected=[27, 7, 8, 71, 40, 1, 86, 12, 4, 44]
Round 326 | train_loss=1.0313 train_acc=0.6388 test_loss=1.3617 test_acc=0.5219
Round 327 | selected=[85, 99, 68, 3, 9, 72, 57, 36, 82, 47]
Round 327 | train_loss=0.9615 train_acc=0.6846 test_loss=1.2733 test_acc=0.5268
Round 328 | selected=[87, 32, 37, 52, 27, 54, 45, 80, 57, 73]
Round 328 | train_loss=0.9261 train_acc=0.6866 test_loss=1.1378 test_acc=0.5813
Round 329 | selected=[73, 13, 77, 46, 64, 91, 33, 36, 62, 15]
Round 329 | train_loss=0.8760 train_acc=0.7004 test_loss=1.1424 test_acc=0.5687
Round 330 | selected=[3, 79, 26, 43, 96, 6, 54, 45, 85, 59]
Round 330 | train_loss=0.8163 train_acc=0.7310 test_loss=1.0580 test_acc=0.6194
Round 331 | selected=[0, 29, 41, 44, 7, 51, 23, 84, 33, 43]
Round 331 | train_loss=0.8317 train_acc=0.7244 test_loss=1.3055 test_acc=0.5320
Round 332 | selected=[7, 27, 68, 57, 83, 43, 42, 25, 3, 17]
Round 332 | train_loss=0.9229 train_acc=0.6804 test_loss=1.0707 test_acc=0.6055
Round 333 | selected=[73, 8, 34, 79, 81, 70, 94, 5, 74, 98]
Round 333 | train_loss=0.8854 train_acc=0.7084 test_loss=1.2219 test_acc=0.5362
Round 334 | selected=[16, 75, 82, 12, 48, 57, 97, 34, 24, 36]
Round 334 | train_loss=0.7888 train_acc=0.7370 test_loss=1.1336 test_acc=0.5857
Round 335 | selected=[61, 68, 64, 45, 47, 90, 74, 31, 93, 16]
Round 335 | train_loss=0.8932 train_acc=0.7048 test_loss=1.0528 test_acc=0.6214
Round 336 | selected=[43, 53, 1, 92, 73, 15, 94, 87, 52, 41]
Round 336 | train_loss=0.8634 train_acc=0.7102 test_loss=1.1179 test_acc=0.5856
Round 337 | selected=[34, 58, 25, 90, 72, 1, 88, 28, 52, 96]
Round 337 | train_loss=0.9173 train_acc=0.6996 test_loss=1.0691 test_acc=0.6114
Round 338 | selected=[67, 52, 69, 46, 25, 55, 29, 68, 56, 64]
Round 338 | train_loss=0.8920 train_acc=0.6928 test_loss=1.1567 test_acc=0.5706
Round 339 | selected=[82, 52, 80, 63, 25, 12, 21, 73, 6, 33]
Round 339 | train_loss=0.8736 train_acc=0.7086 test_loss=0.9980 test_acc=0.6394
Round 340 | selected=[6, 82, 4, 28, 13, 10, 23, 5, 63, 55]
Round 340 | train_loss=0.8384 train_acc=0.7352 test_loss=1.1429 test_acc=0.5752
Round 341 | selected=[98, 40, 29, 90, 12, 94, 66, 88, 34, 42]
Round 341 | train_loss=0.9171 train_acc=0.6896 test_loss=1.1001 test_acc=0.6082
Round 342 | selected=[26, 41, 31, 47, 13, 78, 86, 33, 82, 10]
Round 342 | train_loss=0.7933 train_acc=0.7398 test_loss=1.0544 test_acc=0.6142
Round 343 | selected=[3, 73, 48, 97, 53, 0, 6, 34, 87, 44]
Round 343 | train_loss=0.8828 train_acc=0.7024 test_loss=1.1343 test_acc=0.5758
Round 344 | selected=[61, 26, 12, 8, 23, 84, 73, 4, 79, 77]
Round 344 | train_loss=0.9228 train_acc=0.7008 test_loss=1.3765 test_acc=0.5351
Round 345 | selected=[22, 13, 98, 18, 34, 76, 24, 52, 0, 78]
Round 345 | train_loss=0.9131 train_acc=0.7018 test_loss=1.4225 test_acc=0.4851
Round 346 | selected=[15, 91, 94, 56, 43, 58, 63, 69, 93, 47]
Round 346 | train_loss=0.9670 train_acc=0.6788 test_loss=1.2459 test_acc=0.5639
Round 347 | selected=[92, 49, 52, 29, 54, 0, 51, 42, 64, 82]
Round 347 | train_loss=0.9780 train_acc=0.6826 test_loss=1.1705 test_acc=0.5819
Round 348 | selected=[74, 28, 96, 92, 39, 64, 88, 80, 22, 25]
Round 348 | train_loss=0.9259 train_acc=0.6882 test_loss=1.2091 test_acc=0.5528
Round 349 | selected=[60, 54, 20, 21, 67, 98, 39, 52, 90, 59]
Round 349 | train_loss=0.9569 train_acc=0.6812 test_loss=1.6199 test_acc=0.4428
Round 350 | selected=[3, 53, 84, 93, 81, 50, 19, 1, 10, 89]
Round 350 | train_loss=0.9562 train_acc=0.6828 test_loss=1.3695 test_acc=0.5033
Round 351 | selected=[96, 5, 88, 48, 9, 60, 12, 65, 83, 22]
Round 351 | train_loss=0.9314 train_acc=0.6814 test_loss=1.2170 test_acc=0.5435
Round 352 | selected=[85, 43, 42, 29, 38, 46, 86, 12, 62, 51]
Round 352 | train_loss=0.8357 train_acc=0.7154 test_loss=1.0862 test_acc=0.6094
Round 353 | selected=[88, 58, 25, 67, 31, 28, 97, 15, 53, 8]
Round 353 | train_loss=0.9489 train_acc=0.6776 test_loss=1.2319 test_acc=0.5544
Round 354 | selected=[16, 14, 4, 49, 89, 11, 83, 42, 80, 95]
Round 354 | train_loss=0.8305 train_acc=0.7286 test_loss=1.2242 test_acc=0.5647
Round 355 | selected=[18, 58, 73, 34, 54, 2, 23, 69, 95, 61]
Round 355 | train_loss=0.9233 train_acc=0.6904 test_loss=1.2654 test_acc=0.5138
Round 356 | selected=[98, 64, 16, 20, 66, 76, 32, 91, 96, 9]
Round 356 | train_loss=0.8852 train_acc=0.7072 test_loss=1.1068 test_acc=0.5965
Round 357 | selected=[67, 29, 4, 11, 85, 87, 3, 30, 39, 45]
Round 357 | train_loss=0.8811 train_acc=0.7052 test_loss=1.1599 test_acc=0.5823
Round 358 | selected=[85, 75, 33, 64, 55, 50, 47, 26, 4, 67]
Round 358 | train_loss=0.7940 train_acc=0.7442 test_loss=1.1398 test_acc=0.5973
Round 359 | selected=[48, 62, 58, 3, 57, 95, 45, 26, 94, 29]
Round 359 | train_loss=0.8277 train_acc=0.7214 test_loss=1.3516 test_acc=0.5109
Round 360 | selected=[68, 86, 88, 57, 67, 30, 45, 41, 47, 95]
Round 360 | train_loss=0.9409 train_acc=0.6824 test_loss=1.3209 test_acc=0.5477
Round 361 | selected=[3, 20, 87, 48, 80, 71, 97, 8, 98, 18]
Round 361 | train_loss=0.9243 train_acc=0.6914 test_loss=1.2068 test_acc=0.5667
Round 362 | selected=[74, 49, 41, 88, 4, 19, 98, 46, 6, 90]
Round 362 | train_loss=0.9129 train_acc=0.6974 test_loss=0.9972 test_acc=0.6518
Round 363 | selected=[57, 35, 8, 59, 94, 49, 83, 23, 95, 85]
Round 363 | train_loss=0.7827 train_acc=0.7484 test_loss=1.2086 test_acc=0.5580
Round 364 | selected=[43, 77, 30, 89, 32, 61, 10, 82, 56, 54]
Round 364 | train_loss=0.8212 train_acc=0.7232 test_loss=1.0768 test_acc=0.6137
Round 365 | selected=[40, 55, 48, 89, 88, 49, 24, 28, 83, 75]
Round 365 | train_loss=0.8696 train_acc=0.7066 test_loss=1.2456 test_acc=0.5337
Round 366 | selected=[96, 72, 92, 13, 17, 15, 26, 41, 65, 78]
Round 366 | train_loss=0.9939 train_acc=0.6708 test_loss=1.1833 test_acc=0.5812
Round 367 | selected=[43, 47, 20, 3, 31, 81, 45, 68, 17, 82]
Round 367 | train_loss=0.8544 train_acc=0.7196 test_loss=1.0818 test_acc=0.6031
Round 368 | selected=[22, 19, 87, 79, 94, 91, 69, 17, 48, 49]
Round 368 | train_loss=0.8043 train_acc=0.7304 test_loss=1.1480 test_acc=0.5980
Round 369 | selected=[62, 7, 25, 85, 66, 38, 18, 50, 56, 37]
Round 369 | train_loss=0.8129 train_acc=0.7310 test_loss=1.0938 test_acc=0.6218
Round 370 | selected=[39, 24, 42, 3, 10, 75, 59, 49, 55, 46]
Round 370 | train_loss=0.8060 train_acc=0.7368 test_loss=1.1512 test_acc=0.5915
Round 371 | selected=[91, 8, 74, 84, 76, 82, 35, 42, 86, 59]
Round 371 | train_loss=0.9458 train_acc=0.6918 test_loss=1.0068 test_acc=0.6417
Round 372 | selected=[9, 79, 77, 68, 21, 63, 5, 53, 36, 86]
Round 372 | train_loss=0.9232 train_acc=0.6960 test_loss=1.0393 test_acc=0.6277
Round 373 | selected=[52, 33, 72, 14, 81, 77, 3, 61, 46, 76]
Round 373 | train_loss=0.8889 train_acc=0.7124 test_loss=1.0915 test_acc=0.5994
Round 374 | selected=[18, 57, 98, 58, 43, 87, 97, 64, 10, 22]
Round 374 | train_loss=0.8300 train_acc=0.7254 test_loss=1.1156 test_acc=0.5875
Round 375 | selected=[52, 94, 14, 5, 23, 38, 46, 16, 1, 17]
Round 375 | train_loss=0.8550 train_acc=0.7218 test_loss=1.3127 test_acc=0.5329
Round 376 | selected=[3, 76, 12, 15, 39, 7, 95, 54, 17, 88]
Round 376 | train_loss=0.9772 train_acc=0.6610 test_loss=1.3001 test_acc=0.5168
Round 377 | selected=[22, 46, 90, 2, 76, 36, 48, 23, 4, 42]
Round 377 | train_loss=0.8429 train_acc=0.7084 test_loss=1.0565 test_acc=0.6162
Round 378 | selected=[87, 45, 21, 19, 36, 4, 3, 1, 65, 86]
Round 378 | train_loss=0.8253 train_acc=0.7214 test_loss=1.0933 test_acc=0.5964
Round 379 | selected=[38, 83, 44, 5, 54, 85, 43, 86, 60, 68]
Round 379 | train_loss=0.8643 train_acc=0.7158 test_loss=1.2929 test_acc=0.5364
Round 380 | selected=[92, 42, 35, 15, 21, 37, 72, 4, 54, 51]
Round 380 | train_loss=0.8933 train_acc=0.7002 test_loss=1.2333 test_acc=0.5595
Round 381 | selected=[44, 82, 22, 37, 83, 55, 41, 20, 69, 56]
Round 381 | train_loss=0.8654 train_acc=0.7138 test_loss=1.2489 test_acc=0.5594
Round 382 | selected=[17, 69, 96, 11, 2, 86, 6, 77, 97, 56]
Round 382 | train_loss=0.9804 train_acc=0.6662 test_loss=1.2172 test_acc=0.5489
Round 383 | selected=[82, 27, 14, 71, 21, 94, 91, 45, 1, 77]
Round 383 | train_loss=0.9726 train_acc=0.6562 test_loss=1.0853 test_acc=0.6143
Round 384 | selected=[4, 6, 87, 81, 27, 51, 84, 7, 50, 82]
Round 384 | train_loss=0.8281 train_acc=0.7274 test_loss=1.1766 test_acc=0.5612
Round 385 | selected=[42, 51, 38, 98, 72, 3, 57, 0, 48, 13]
Round 385 | train_loss=0.8305 train_acc=0.7238 test_loss=1.3320 test_acc=0.5229
Round 386 | selected=[44, 3, 90, 56, 95, 66, 51, 54, 38, 60]
Round 386 | train_loss=0.8040 train_acc=0.7358 test_loss=1.0771 test_acc=0.6250
Round 387 | selected=[32, 61, 24, 5, 72, 51, 40, 73, 93, 18]
Round 387 | train_loss=0.7312 train_acc=0.7652 test_loss=1.1495 test_acc=0.6035
Round 388 | selected=[25, 47, 98, 42, 31, 81, 84, 57, 24, 62]
Round 388 | train_loss=0.7315 train_acc=0.7586 test_loss=1.0089 test_acc=0.6347
Round 389 | selected=[28, 16, 86, 62, 51, 35, 9, 37, 44, 57]
Round 389 | train_loss=0.8248 train_acc=0.7264 test_loss=1.0730 test_acc=0.5936
Round 390 | selected=[36, 37, 98, 66, 85, 38, 74, 52, 92, 87]
Round 390 | train_loss=0.8207 train_acc=0.7208 test_loss=1.0601 test_acc=0.6072
Round 391 | selected=[3, 77, 64, 49, 19, 55, 18, 68, 12, 35]
Round 391 | train_loss=0.8268 train_acc=0.7218 test_loss=1.3602 test_acc=0.5154
Round 392 | selected=[39, 51, 60, 72, 61, 38, 23, 4, 55, 88]
Round 392 | train_loss=0.9021 train_acc=0.7052 test_loss=1.2727 test_acc=0.5474
Round 393 | selected=[8, 77, 28, 38, 56, 79, 22, 48, 69, 53]
Round 393 | train_loss=0.9239 train_acc=0.6860 test_loss=1.1757 test_acc=0.5742
Round 394 | selected=[71, 20, 10, 26, 30, 84, 9, 14, 50, 47]
Round 394 | train_loss=0.8986 train_acc=0.7002 test_loss=1.1468 test_acc=0.5744
Round 395 | selected=[35, 56, 30, 19, 36, 83, 25, 28, 16, 13]
Round 395 | train_loss=0.8419 train_acc=0.7150 test_loss=1.3083 test_acc=0.5281
Round 396 | selected=[71, 79, 49, 61, 73, 59, 60, 83, 10, 81]
Round 396 | train_loss=1.0006 train_acc=0.6726 test_loss=1.2585 test_acc=0.5468
Round 397 | selected=[30, 94, 28, 68, 57, 74, 34, 81, 86, 33]
Round 397 | train_loss=0.8808 train_acc=0.7048 test_loss=1.2173 test_acc=0.5481
Round 398 | selected=[25, 45, 51, 62, 91, 55, 12, 46, 53, 63]
Round 398 | train_loss=0.9543 train_acc=0.6790 test_loss=1.1990 test_acc=0.5407
Round 399 | selected=[48, 60, 78, 39, 75, 72, 70, 59, 19, 27]
Round 399 | train_loss=0.8438 train_acc=0.7064 test_loss=1.0205 test_acc=0.6232
Round 400 | selected=[58, 16, 89, 40, 44, 53, 79, 93, 47, 69]
Round 400 | train_loss=0.8198 train_acc=0.7310 test_loss=1.0838 test_acc=0.6104
Round 401 | selected=[30, 61, 62, 45, 76, 60, 12, 78, 55, 71]
Round 401 | train_loss=0.8363 train_acc=0.7196 test_loss=1.1507 test_acc=0.5664
Round 402 | selected=[60, 0, 12, 33, 15, 49, 13, 48, 52, 58]
Round 402 | train_loss=0.7582 train_acc=0.7428 test_loss=1.1241 test_acc=0.5957
Round 403 | selected=[57, 52, 21, 55, 96, 33, 29, 71, 84, 48]
Round 403 | train_loss=0.8379 train_acc=0.7254 test_loss=1.3327 test_acc=0.5155
Round 404 | selected=[68, 83, 92, 91, 8, 13, 10, 25, 66, 53]
Round 404 | train_loss=0.9942 train_acc=0.6692 test_loss=1.3654 test_acc=0.5171
Round 405 | selected=[46, 36, 82, 76, 1, 51, 63, 65, 54, 70]
Round 405 | train_loss=0.8117 train_acc=0.7298 test_loss=1.0764 test_acc=0.6134
Round 406 | selected=[76, 86, 8, 30, 3, 91, 93, 16, 55, 57]
Round 406 | train_loss=0.8013 train_acc=0.7352 test_loss=1.0325 test_acc=0.6301
Round 407 | selected=[7, 3, 81, 70, 98, 24, 44, 8, 39, 16]
Round 407 | train_loss=0.7555 train_acc=0.7520 test_loss=1.0013 test_acc=0.6354
Round 408 | selected=[79, 44, 97, 35, 77, 6, 46, 29, 38, 82]
Round 408 | train_loss=0.8535 train_acc=0.7238 test_loss=1.0164 test_acc=0.6365
Round 409 | selected=[54, 0, 51, 65, 41, 34, 84, 70, 3, 36]
Round 409 | train_loss=0.8613 train_acc=0.7184 test_loss=1.3441 test_acc=0.5247
Round 410 | selected=[43, 11, 38, 47, 69, 30, 22, 88, 19, 24]
Round 410 | train_loss=0.8181 train_acc=0.7280 test_loss=1.1547 test_acc=0.5896
Round 411 | selected=[62, 98, 10, 76, 14, 25, 49, 7, 89, 17]
Round 411 | train_loss=0.7754 train_acc=0.7326 test_loss=1.0392 test_acc=0.6160
Round 412 | selected=[34, 19, 37, 70, 98, 64, 69, 5, 94, 3]
Round 412 | train_loss=0.7841 train_acc=0.7514 test_loss=1.0374 test_acc=0.6096
Round 413 | selected=[51, 28, 42, 21, 29, 30, 38, 96, 34, 97]
Round 413 | train_loss=0.7580 train_acc=0.7422 test_loss=0.9605 test_acc=0.6541
Round 414 | selected=[98, 67, 83, 59, 41, 45, 39, 70, 21, 25]
Round 414 | train_loss=0.7845 train_acc=0.7324 test_loss=0.9364 test_acc=0.6680
Round 415 | selected=[7, 15, 43, 85, 41, 50, 67, 21, 90, 5]
Round 415 | train_loss=0.7693 train_acc=0.7390 test_loss=1.0908 test_acc=0.5992
Round 416 | selected=[73, 77, 81, 41, 99, 10, 54, 89, 20, 85]
Round 416 | train_loss=0.8264 train_acc=0.7298 test_loss=1.0187 test_acc=0.6380
Round 417 | selected=[24, 60, 96, 79, 36, 56, 38, 74, 19, 35]
Round 417 | train_loss=0.8017 train_acc=0.7308 test_loss=1.1896 test_acc=0.6073
Round 418 | selected=[48, 82, 66, 74, 15, 51, 24, 98, 76, 33]
Round 418 | train_loss=0.7668 train_acc=0.7506 test_loss=1.1358 test_acc=0.5842
Round 419 | selected=[19, 88, 66, 76, 48, 37, 57, 0, 14, 62]
Round 419 | train_loss=0.8557 train_acc=0.7168 test_loss=1.2153 test_acc=0.5631
Round 420 | selected=[88, 77, 68, 0, 32, 9, 20, 90, 79, 8]
Round 420 | train_loss=0.9543 train_acc=0.6780 test_loss=1.1117 test_acc=0.5973
Round 421 | selected=[22, 71, 9, 65, 64, 7, 2, 73, 21, 40]
Round 421 | train_loss=0.8571 train_acc=0.7014 test_loss=1.0995 test_acc=0.6019
Round 422 | selected=[60, 73, 61, 4, 21, 48, 95, 51, 56, 55]
Round 422 | train_loss=0.7594 train_acc=0.7466 test_loss=1.0419 test_acc=0.6208
Round 423 | selected=[37, 74, 73, 36, 52, 33, 60, 31, 21, 43]
Round 423 | train_loss=0.7815 train_acc=0.7444 test_loss=1.0693 test_acc=0.6002
Round 424 | selected=[78, 56, 34, 12, 60, 65, 10, 39, 11, 57]
Round 424 | train_loss=0.8198 train_acc=0.7266 test_loss=1.0873 test_acc=0.6010
Round 425 | selected=[21, 93, 77, 97, 89, 4, 16, 56, 87, 63]
Round 425 | train_loss=0.8064 train_acc=0.7258 test_loss=1.1143 test_acc=0.6051
Round 426 | selected=[78, 64, 7, 94, 68, 10, 36, 39, 89, 23]
Round 426 | train_loss=0.8591 train_acc=0.7014 test_loss=1.0293 test_acc=0.6337
Round 427 | selected=[90, 27, 55, 44, 95, 51, 20, 50, 62, 69]
Round 427 | train_loss=0.8184 train_acc=0.7388 test_loss=1.0435 test_acc=0.6198
Round 428 | selected=[2, 98, 7, 73, 72, 14, 48, 56, 21, 92]
Round 428 | train_loss=0.8209 train_acc=0.7158 test_loss=1.0041 test_acc=0.6324
Round 429 | selected=[4, 34, 14, 68, 54, 17, 27, 57, 63, 16]
Round 429 | train_loss=0.6671 train_acc=0.7792 test_loss=0.9771 test_acc=0.6460
Round 430 | selected=[90, 85, 99, 60, 4, 5, 72, 57, 92, 20]
Round 430 | train_loss=0.8032 train_acc=0.7384 test_loss=1.2091 test_acc=0.5594
Round 431 | selected=[90, 29, 95, 23, 31, 97, 7, 16, 86, 34]
Round 431 | train_loss=0.7786 train_acc=0.7336 test_loss=1.1976 test_acc=0.5816
Round 432 | selected=[58, 95, 63, 60, 75, 37, 18, 45, 93, 42]
Round 432 | train_loss=0.7378 train_acc=0.7590 test_loss=0.9945 test_acc=0.6429
Round 433 | selected=[41, 10, 52, 79, 45, 94, 16, 20, 81, 80]
Round 433 | train_loss=0.7572 train_acc=0.7540 test_loss=1.0881 test_acc=0.5972
Round 434 | selected=[23, 86, 49, 93, 15, 71, 77, 5, 79, 70]
Round 434 | train_loss=0.8172 train_acc=0.7224 test_loss=1.0855 test_acc=0.6205
Round 435 | selected=[21, 34, 75, 43, 98, 99, 44, 35, 23, 64]
Round 435 | train_loss=0.7602 train_acc=0.7440 test_loss=0.9829 test_acc=0.6482
Round 436 | selected=[21, 89, 58, 75, 2, 46, 52, 40, 87, 10]
Round 436 | train_loss=0.8099 train_acc=0.7276 test_loss=1.3318 test_acc=0.5507
Round 437 | selected=[22, 59, 10, 94, 97, 87, 16, 33, 34, 57]
Round 437 | train_loss=0.7655 train_acc=0.7492 test_loss=1.4973 test_acc=0.5011
Round 438 | selected=[84, 50, 77, 39, 37, 4, 96, 53, 66, 6]
Round 438 | train_loss=0.9782 train_acc=0.6740 test_loss=1.4275 test_acc=0.4923
Round 439 | selected=[24, 81, 21, 69, 14, 52, 98, 78, 6, 86]
Round 439 | train_loss=0.9484 train_acc=0.6824 test_loss=1.0671 test_acc=0.6235
Round 440 | selected=[48, 10, 69, 43, 85, 59, 98, 19, 58, 64]
Round 440 | train_loss=0.7673 train_acc=0.7520 test_loss=1.0429 test_acc=0.6076
Round 441 | selected=[52, 78, 19, 11, 97, 91, 47, 63, 23, 72]
Round 441 | train_loss=0.8082 train_acc=0.7346 test_loss=1.1994 test_acc=0.5800
Round 442 | selected=[82, 10, 16, 61, 74, 37, 11, 99, 79, 65]
Round 442 | train_loss=0.8275 train_acc=0.7334 test_loss=0.9448 test_acc=0.6693
Round 443 | selected=[60, 97, 54, 99, 72, 78, 71, 40, 15, 52]
Round 443 | train_loss=0.7965 train_acc=0.7300 test_loss=1.0239 test_acc=0.6191
Round 444 | selected=[23, 24, 27, 34, 14, 95, 91, 63, 8, 60]
Round 444 | train_loss=0.7170 train_acc=0.7690 test_loss=0.9131 test_acc=0.6762
Round 445 | selected=[13, 29, 62, 97, 66, 45, 85, 38, 60, 52]
Round 445 | train_loss=0.7309 train_acc=0.7602 test_loss=1.0297 test_acc=0.6231
Round 446 | selected=[33, 44, 7, 84, 79, 35, 96, 48, 56, 83]
Round 446 | train_loss=0.7707 train_acc=0.7382 test_loss=1.0875 test_acc=0.6041
Round 447 | selected=[78, 25, 62, 11, 96, 50, 54, 31, 99, 86]
Round 447 | train_loss=0.7032 train_acc=0.7670 test_loss=1.1206 test_acc=0.5874
Round 448 | selected=[77, 5, 35, 11, 93, 38, 6, 36, 70, 75]
Round 448 | train_loss=0.7747 train_acc=0.7456 test_loss=0.9620 test_acc=0.6365
Round 449 | selected=[44, 41, 53, 99, 40, 70, 6, 11, 51, 47]
Round 449 | train_loss=0.7068 train_acc=0.7700 test_loss=0.9960 test_acc=0.6355
Round 450 | selected=[91, 34, 46, 68, 97, 37, 20, 81, 2, 40]
Round 450 | train_loss=0.8250 train_acc=0.7130 test_loss=0.9900 test_acc=0.6342
Round 451 | selected=[30, 62, 47, 57, 82, 68, 24, 77, 36, 31]
Round 451 | train_loss=0.7895 train_acc=0.7474 test_loss=1.2741 test_acc=0.5593
Round 452 | selected=[14, 88, 98, 74, 20, 16, 58, 77, 99, 62]
Round 452 | train_loss=0.8842 train_acc=0.7094 test_loss=1.3649 test_acc=0.5367
Round 453 | selected=[99, 50, 9, 2, 91, 73, 29, 68, 86, 62]
Round 453 | train_loss=0.8754 train_acc=0.6976 test_loss=1.0347 test_acc=0.6319
Round 454 | selected=[32, 36, 15, 28, 24, 80, 62, 71, 0, 43]
Round 454 | train_loss=0.7396 train_acc=0.7480 test_loss=1.0919 test_acc=0.5957
Round 455 | selected=[97, 14, 93, 26, 44, 60, 78, 91, 65, 83]
Round 455 | train_loss=0.7176 train_acc=0.7552 test_loss=1.1043 test_acc=0.6123
Round 456 | selected=[28, 52, 69, 85, 15, 41, 75, 48, 54, 73]
Round 456 | train_loss=0.7845 train_acc=0.7424 test_loss=0.9940 test_acc=0.6359
Round 457 | selected=[35, 89, 40, 61, 68, 90, 73, 51, 55, 4]
Round 457 | train_loss=0.7577 train_acc=0.7460 test_loss=1.1475 test_acc=0.5937
Round 458 | selected=[18, 0, 98, 28, 26, 93, 68, 95, 37, 29]
Round 458 | train_loss=0.7381 train_acc=0.7540 test_loss=0.9862 test_acc=0.6382
Round 459 | selected=[34, 69, 22, 91, 48, 66, 70, 94, 47, 99]
Round 459 | train_loss=0.7679 train_acc=0.7366 test_loss=1.2133 test_acc=0.5841
Round 460 | selected=[37, 13, 35, 34, 60, 90, 28, 50, 73, 40]
Round 460 | train_loss=0.7986 train_acc=0.7338 test_loss=1.3679 test_acc=0.5874
Round 461 | selected=[69, 27, 26, 89, 64, 93, 54, 67, 44, 57]
Round 461 | train_loss=0.7293 train_acc=0.7610 test_loss=1.1398 test_acc=0.6148
Round 462 | selected=[26, 83, 30, 5, 43, 44, 91, 8, 93, 6]
Round 462 | train_loss=0.6829 train_acc=0.7744 test_loss=0.8953 test_acc=0.6799
Round 463 | selected=[63, 2, 29, 62, 74, 69, 37, 91, 78, 14]
Round 463 | train_loss=0.7543 train_acc=0.7442 test_loss=0.8722 test_acc=0.6824
Round 464 | selected=[21, 59, 82, 78, 68, 99, 15, 47, 71, 93]
Round 464 | train_loss=0.7683 train_acc=0.7486 test_loss=1.0087 test_acc=0.6208
Round 465 | selected=[61, 99, 89, 95, 81, 71, 64, 42, 14, 35]
Round 465 | train_loss=0.7872 train_acc=0.7372 test_loss=0.9695 test_acc=0.6477
Round 466 | selected=[74, 69, 55, 29, 84, 19, 12, 73, 64, 94]
Round 466 | train_loss=0.7204 train_acc=0.7604 test_loss=0.9489 test_acc=0.6552
Round 467 | selected=[49, 23, 48, 90, 19, 29, 92, 63, 66, 6]
Round 467 | train_loss=0.7325 train_acc=0.7550 test_loss=1.1530 test_acc=0.5879
Round 468 | selected=[9, 49, 61, 94, 30, 79, 75, 36, 5, 4]
Round 468 | train_loss=0.7219 train_acc=0.7674 test_loss=1.1715 test_acc=0.6259
Round 469 | selected=[38, 21, 72, 77, 16, 18, 62, 46, 53, 78]
Round 469 | train_loss=0.8342 train_acc=0.7246 test_loss=1.1328 test_acc=0.5964
Round 470 | selected=[68, 51, 56, 72, 34, 27, 7, 65, 57, 73]
Round 470 | train_loss=0.7554 train_acc=0.7396 test_loss=1.3953 test_acc=0.5404
Round 471 | selected=[10, 43, 96, 4, 90, 36, 70, 48, 9, 87]
Round 471 | train_loss=0.9311 train_acc=0.6764 test_loss=1.2109 test_acc=0.5604
Round 472 | selected=[49, 92, 66, 45, 98, 85, 8, 5, 37, 27]
Round 472 | train_loss=0.8318 train_acc=0.7188 test_loss=1.0565 test_acc=0.6390
Round 473 | selected=[14, 26, 1, 60, 72, 16, 93, 24, 75, 40]
Round 473 | train_loss=0.7893 train_acc=0.7408 test_loss=1.1030 test_acc=0.5890
Round 474 | selected=[24, 81, 71, 51, 96, 40, 65, 68, 4, 19]
Round 474 | train_loss=0.7887 train_acc=0.7300 test_loss=1.0614 test_acc=0.5968
Round 475 | selected=[26, 80, 85, 71, 9, 68, 81, 54, 10, 34]
Round 475 | train_loss=0.8087 train_acc=0.7238 test_loss=1.0673 test_acc=0.6116
Round 476 | selected=[24, 8, 31, 71, 23, 79, 65, 21, 86, 38]
Round 476 | train_loss=0.7734 train_acc=0.7424 test_loss=0.9226 test_acc=0.6828
Round 477 | selected=[82, 97, 61, 42, 90, 7, 53, 44, 88, 17]
Round 477 | train_loss=0.7678 train_acc=0.7462 test_loss=1.0487 test_acc=0.6147
Round 478 | selected=[84, 73, 66, 47, 44, 75, 83, 55, 80, 11]
Round 478 | train_loss=0.6929 train_acc=0.7654 test_loss=1.0384 test_acc=0.6188
Round 479 | selected=[93, 40, 1, 66, 61, 99, 54, 2, 16, 96]
Round 479 | train_loss=0.6869 train_acc=0.7768 test_loss=1.0013 test_acc=0.6466
Round 480 | selected=[86, 94, 82, 23, 24, 71, 66, 36, 77, 16]
Round 480 | train_loss=0.7282 train_acc=0.7540 test_loss=1.0671 test_acc=0.6389
Round 481 | selected=[9, 7, 28, 65, 63, 32, 16, 87, 99, 15]
Round 481 | train_loss=0.6664 train_acc=0.7750 test_loss=0.9872 test_acc=0.6343
Round 482 | selected=[52, 75, 59, 72, 25, 39, 12, 64, 26, 78]
Round 482 | train_loss=0.7999 train_acc=0.7244 test_loss=1.3241 test_acc=0.5573
Round 483 | selected=[41, 19, 54, 29, 82, 4, 7, 9, 27, 50]
Round 483 | train_loss=0.8236 train_acc=0.7168 test_loss=1.0298 test_acc=0.6176
Round 484 | selected=[45, 55, 75, 58, 64, 3, 22, 53, 4, 97]
Round 484 | train_loss=0.7394 train_acc=0.7484 test_loss=0.9778 test_acc=0.6521
Round 485 | selected=[77, 57, 42, 0, 89, 58, 92, 5, 49, 11]
Round 485 | train_loss=0.7571 train_acc=0.7540 test_loss=1.3218 test_acc=0.5347
Round 486 | selected=[92, 18, 20, 58, 66, 59, 84, 62, 9, 64]
Round 486 | train_loss=0.8945 train_acc=0.7128 test_loss=1.0780 test_acc=0.6205
Round 487 | selected=[22, 8, 25, 80, 19, 96, 81, 69, 60, 68]
Round 487 | train_loss=0.7774 train_acc=0.7402 test_loss=0.9685 test_acc=0.6420
Round 488 | selected=[83, 74, 17, 10, 23, 36, 99, 87, 60, 81]
Round 488 | train_loss=0.7705 train_acc=0.7372 test_loss=0.9735 test_acc=0.6590
Round 489 | selected=[85, 64, 97, 13, 99, 40, 78, 35, 0, 10]
Round 489 | train_loss=0.8299 train_acc=0.7226 test_loss=1.0546 test_acc=0.6201
Round 490 | selected=[25, 22, 31, 56, 85, 74, 72, 7, 36, 63]
Round 490 | train_loss=0.8075 train_acc=0.7266 test_loss=1.0949 test_acc=0.5973
Round 491 | selected=[53, 32, 56, 99, 12, 98, 75, 89, 67, 72]
Round 491 | train_loss=0.7205 train_acc=0.7566 test_loss=0.9067 test_acc=0.6771
Round 492 | selected=[53, 80, 65, 64, 44, 6, 10, 41, 86, 77]
Round 492 | train_loss=0.7968 train_acc=0.7306 test_loss=0.9588 test_acc=0.6657
Round 493 | selected=[88, 97, 8, 19, 47, 18, 99, 73, 1, 85]
Round 493 | train_loss=0.7083 train_acc=0.7650 test_loss=0.9758 test_acc=0.6457
Round 494 | selected=[19, 42, 78, 33, 41, 50, 56, 72, 89, 98]
Round 494 | train_loss=0.6730 train_acc=0.7732 test_loss=1.0262 test_acc=0.6318
Round 495 | selected=[62, 39, 87, 74, 36, 91, 7, 37, 49, 10]
Round 495 | train_loss=0.8406 train_acc=0.7206 test_loss=1.1636 test_acc=0.5804
Round 496 | selected=[83, 22, 41, 7, 51, 8, 82, 45, 80, 36]
Round 496 | train_loss=0.7378 train_acc=0.7496 test_loss=1.0948 test_acc=0.6214
Round 497 | selected=[28, 23, 98, 24, 29, 46, 82, 40, 10, 77]
Round 497 | train_loss=0.8140 train_acc=0.7344 test_loss=1.0989 test_acc=0.6173
Round 498 | selected=[14, 6, 59, 49, 40, 97, 22, 86, 15, 99]
Round 498 | train_loss=0.7389 train_acc=0.7486 test_loss=1.1226 test_acc=0.6150
Round 499 | selected=[3, 94, 16, 47, 19, 20, 55, 51, 60, 89]
Round 499 | train_loss=0.6913 train_acc=0.7744 test_loss=1.0841 test_acc=0.6145
Round 500 | selected=[87, 19, 15, 59, 0, 7, 24, 38, 48, 8]
Round 500 | train_loss=0.7507 train_acc=0.7490 test_loss=0.8406 test_acc=0.7070
Saved: track1/results/cifar10/final_seed45/fedprox_alpha03_seed45.csv
COMPLETED: fedprox alpha03 seed=45
