========================================
JOB:       12003942
TASK:      3
ALGORITHM: fedavg
PARTITION: alpha01
SEED:      43
GPU:       0
========================================
Device: cuda
GPU: NVIDIA A100-SXM4-80GB
Round 0 | test_loss=2.8588 test_acc=0.1082
Round 1 | selected=[45, 82, 4, 54, 60, 98, 1, 26, 37, 58]
Round 1 | train_loss=1.3587 train_acc=0.6108 test_loss=2.9085 test_acc=0.1000
Round 2 | selected=[98, 18, 76, 36, 27, 13, 88, 41, 89, 84]
Round 2 | train_loss=1.9230 train_acc=0.5086 test_loss=3.6383 test_acc=0.1075
Round 3 | selected=[49, 78, 43, 90, 96, 45, 58, 36, 69, 94]
Round 3 | train_loss=1.5765 train_acc=0.5796 test_loss=3.5967 test_acc=0.1044
Round 4 | selected=[67, 79, 53, 5, 31, 11, 59, 99, 9, 28]
Round 4 | train_loss=1.7458 train_acc=0.6034 test_loss=5.4101 test_acc=0.1000
Round 5 | selected=[52, 9, 39, 27, 68, 31, 25, 58, 3, 95]
Round 5 | train_loss=2.1470 train_acc=0.5250 test_loss=9.0607 test_acc=0.1423
Round 6 | selected=[26, 64, 42, 36, 16, 77, 7, 22, 20, 31]
Round 6 | train_loss=2.1132 train_acc=0.5488 test_loss=6.0713 test_acc=0.1318
Round 7 | selected=[12, 64, 62, 75, 73, 84, 79, 40, 32, 52]
Round 7 | train_loss=2.1519 train_acc=0.5154 test_loss=9.1679 test_acc=0.1000
Round 8 | selected=[48, 84, 78, 81, 73, 93, 51, 12, 16, 66]
Round 8 | train_loss=2.4889 train_acc=0.4300 test_loss=4.9193 test_acc=0.1000
Round 9 | selected=[59, 44, 87, 73, 64, 76, 16, 97, 39, 99]
Round 9 | train_loss=2.1398 train_acc=0.4664 test_loss=2.8405 test_acc=0.1404
Round 10 | selected=[66, 45, 67, 21, 94, 50, 49, 73, 97, 28]
Round 10 | train_loss=1.8686 train_acc=0.4882 test_loss=3.3727 test_acc=0.1248
Round 11 | selected=[71, 91, 81, 50, 27, 52, 61, 25, 63, 75]
Round 11 | train_loss=1.4552 train_acc=0.5522 test_loss=2.5998 test_acc=0.1860
Round 12 | selected=[78, 91, 66, 74, 93, 33, 92, 18, 68, 20]
Round 12 | train_loss=1.4351 train_acc=0.5636 test_loss=2.6798 test_acc=0.1265
Round 13 | selected=[84, 70, 72, 43, 26, 95, 74, 53, 98, 13]
Round 13 | train_loss=1.2706 train_acc=0.6532 test_loss=2.8639 test_acc=0.1096
Round 14 | selected=[62, 88, 39, 53, 68, 8, 45, 26, 50, 17]
Round 14 | train_loss=1.4086 train_acc=0.5950 test_loss=2.4095 test_acc=0.1081
Round 15 | selected=[81, 84, 25, 29, 3, 45, 13, 0, 44, 9]
Round 15 | train_loss=1.3723 train_acc=0.5608 test_loss=2.4134 test_acc=0.2198
Round 16 | selected=[45, 82, 93, 92, 91, 3, 83, 59, 66, 11]
Round 16 | train_loss=1.3681 train_acc=0.5872 test_loss=2.2728 test_acc=0.1683
Round 17 | selected=[15, 4, 66, 46, 8, 75, 62, 35, 57, 53]
Round 17 | train_loss=1.2721 train_acc=0.6156 test_loss=2.3885 test_acc=0.1823
Round 18 | selected=[70, 85, 99, 21, 88, 16, 37, 23, 91, 0]
Round 18 | train_loss=1.4089 train_acc=0.5620 test_loss=2.4424 test_acc=0.1677
Round 19 | selected=[36, 15, 31, 92, 98, 73, 83, 7, 11, 20]
Round 19 | train_loss=1.3241 train_acc=0.5848 test_loss=2.3187 test_acc=0.1820
Round 20 | selected=[39, 89, 40, 95, 37, 0, 15, 60, 59, 74]
Round 20 | train_loss=1.2782 train_acc=0.5688 test_loss=2.3470 test_acc=0.1701
Round 21 | selected=[35, 57, 89, 86, 46, 36, 54, 30, 84, 77]
Round 21 | train_loss=1.2862 train_acc=0.5932 test_loss=2.0311 test_acc=0.2352
Round 22 | selected=[76, 10, 70, 46, 58, 89, 67, 66, 32, 0]
Round 22 | train_loss=1.3439 train_acc=0.5266 test_loss=2.2881 test_acc=0.2247
Round 23 | selected=[14, 0, 41, 64, 71, 15, 68, 98, 46, 6]
Round 23 | train_loss=1.3145 train_acc=0.5698 test_loss=2.2417 test_acc=0.1797
Round 24 | selected=[43, 83, 13, 65, 78, 79, 35, 15, 47, 3]
Round 24 | train_loss=1.2396 train_acc=0.6118 test_loss=2.2199 test_acc=0.2411
Round 25 | selected=[22, 9, 27, 36, 31, 89, 71, 86, 11, 29]
Round 25 | train_loss=1.2824 train_acc=0.6044 test_loss=2.3058 test_acc=0.1485
Round 26 | selected=[55, 61, 4, 90, 51, 94, 45, 0, 31, 96]
Round 26 | train_loss=1.4348 train_acc=0.5278 test_loss=2.1657 test_acc=0.1887
Round 27 | selected=[60, 6, 30, 69, 19, 1, 52, 34, 7, 5]
Round 27 | train_loss=1.1664 train_acc=0.6488 test_loss=2.2438 test_acc=0.1779
Round 28 | selected=[37, 27, 52, 59, 18, 21, 57, 61, 99, 41]
Round 28 | train_loss=1.1621 train_acc=0.6080 test_loss=2.4379 test_acc=0.1915
Round 29 | selected=[29, 67, 19, 12, 59, 89, 94, 39, 76, 98]
Round 29 | train_loss=1.5392 train_acc=0.4776 test_loss=2.6634 test_acc=0.1716
Round 30 | selected=[61, 99, 64, 39, 12, 29, 85, 37, 28, 14]
Round 30 | train_loss=1.5571 train_acc=0.4916 test_loss=2.2583 test_acc=0.2003
Round 31 | selected=[59, 92, 69, 23, 11, 93, 88, 57, 30, 8]
Round 31 | train_loss=1.1383 train_acc=0.6334 test_loss=2.4182 test_acc=0.1193
Round 32 | selected=[27, 33, 32, 41, 88, 49, 39, 44, 71, 67]
Round 32 | train_loss=1.4357 train_acc=0.5216 test_loss=2.1906 test_acc=0.2038
Round 33 | selected=[83, 58, 19, 10, 51, 40, 75, 59, 70, 17]
Round 33 | train_loss=1.2329 train_acc=0.5710 test_loss=2.4039 test_acc=0.2052
Round 34 | selected=[53, 62, 57, 4, 60, 76, 98, 31, 90, 23]
Round 34 | train_loss=1.4186 train_acc=0.5698 test_loss=2.7973 test_acc=0.1217
Round 35 | selected=[40, 41, 53, 13, 35, 90, 85, 73, 68, 15]
Round 35 | train_loss=1.4022 train_acc=0.5450 test_loss=2.4347 test_acc=0.1920
Round 36 | selected=[18, 9, 0, 24, 23, 20, 39, 94, 29, 41]
Round 36 | train_loss=1.2929 train_acc=0.5764 test_loss=2.1263 test_acc=0.2497
Round 37 | selected=[0, 56, 76, 25, 77, 24, 43, 8, 35, 78]
Round 37 | train_loss=1.3018 train_acc=0.5886 test_loss=2.3954 test_acc=0.1639
Round 38 | selected=[53, 77, 74, 63, 22, 80, 28, 67, 24, 41]
Round 38 | train_loss=1.2928 train_acc=0.6116 test_loss=2.6033 test_acc=0.1470
Round 39 | selected=[18, 83, 80, 4, 69, 89, 92, 61, 21, 73]
Round 39 | train_loss=1.2752 train_acc=0.6038 test_loss=2.3665 test_acc=0.2064
Round 40 | selected=[60, 71, 66, 28, 27, 54, 99, 6, 55, 74]
Round 40 | train_loss=1.4184 train_acc=0.5194 test_loss=2.0267 test_acc=0.2598
Round 41 | selected=[75, 13, 68, 32, 20, 2, 10, 79, 41, 89]
Round 41 | train_loss=1.1611 train_acc=0.6188 test_loss=2.2416 test_acc=0.1522
Round 42 | selected=[21, 6, 71, 85, 94, 56, 29, 95, 27, 87]
Round 42 | train_loss=1.2130 train_acc=0.5936 test_loss=2.1832 test_acc=0.2150
Round 43 | selected=[71, 34, 79, 90, 87, 39, 89, 18, 81, 96]
Round 43 | train_loss=1.3870 train_acc=0.5352 test_loss=2.0309 test_acc=0.2545
Round 44 | selected=[39, 94, 2, 85, 60, 12, 89, 36, 44, 98]
Round 44 | train_loss=1.2963 train_acc=0.5578 test_loss=1.9844 test_acc=0.2016
Round 45 | selected=[11, 68, 5, 85, 51, 12, 83, 32, 73, 29]
Round 45 | train_loss=1.1451 train_acc=0.6454 test_loss=2.2721 test_acc=0.1468
Round 46 | selected=[63, 47, 4, 13, 49, 41, 19, 99, 91, 79]
Round 46 | train_loss=1.2751 train_acc=0.5928 test_loss=2.0632 test_acc=0.2339
Round 47 | selected=[30, 90, 52, 15, 32, 41, 66, 49, 64, 25]
Round 47 | train_loss=1.2415 train_acc=0.5942 test_loss=2.1795 test_acc=0.1787
Round 48 | selected=[24, 88, 14, 52, 68, 8, 46, 9, 10, 6]
Round 48 | train_loss=1.3189 train_acc=0.5732 test_loss=2.2495 test_acc=0.1836
Round 49 | selected=[66, 60, 59, 76, 0, 92, 43, 42, 30, 29]
Round 49 | train_loss=1.4793 train_acc=0.5422 test_loss=2.3441 test_acc=0.1560
Round 50 | selected=[91, 16, 57, 32, 42, 70, 5, 80, 29, 68]
Round 50 | train_loss=1.2198 train_acc=0.6188 test_loss=2.0446 test_acc=0.2396
Round 51 | selected=[30, 25, 6, 51, 79, 11, 40, 2, 85, 31]
Round 51 | train_loss=1.2048 train_acc=0.6222 test_loss=1.9948 test_acc=0.2248
Round 52 | selected=[44, 49, 52, 17, 63, 20, 28, 16, 78, 30]
Round 52 | train_loss=1.1380 train_acc=0.6230 test_loss=2.2107 test_acc=0.1982
Round 53 | selected=[55, 76, 18, 47, 52, 43, 77, 61, 83, 10]
Round 53 | train_loss=1.2357 train_acc=0.5760 test_loss=2.0954 test_acc=0.2401
Round 54 | selected=[52, 43, 62, 20, 53, 14, 66, 40, 81, 79]
Round 54 | train_loss=1.1424 train_acc=0.6268 test_loss=2.1450 test_acc=0.2130
Round 55 | selected=[88, 63, 61, 33, 34, 76, 99, 66, 30, 23]
Round 55 | train_loss=1.4371 train_acc=0.5570 test_loss=2.5639 test_acc=0.1420
Round 56 | selected=[39, 29, 26, 67, 71, 17, 66, 96, 55, 94]
Round 56 | train_loss=1.4931 train_acc=0.5294 test_loss=2.0147 test_acc=0.2211
Round 57 | selected=[32, 97, 12, 98, 18, 24, 26, 83, 16, 48]
Round 57 | train_loss=1.2261 train_acc=0.6004 test_loss=1.9273 test_acc=0.2700
Round 58 | selected=[50, 22, 98, 81, 8, 75, 70, 74, 93, 25]
Round 58 | train_loss=1.2382 train_acc=0.6100 test_loss=1.9581 test_acc=0.2874
Round 59 | selected=[61, 29, 66, 92, 80, 90, 18, 28, 54, 98]
Round 59 | train_loss=1.2512 train_acc=0.6048 test_loss=1.9933 test_acc=0.2751
Round 60 | selected=[51, 27, 15, 76, 94, 43, 29, 49, 61, 65]
Round 60 | train_loss=1.2915 train_acc=0.5632 test_loss=1.8156 test_acc=0.2990
Round 61 | selected=[58, 89, 25, 93, 86, 77, 27, 22, 62, 11]
Round 61 | train_loss=1.2198 train_acc=0.5804 test_loss=2.2132 test_acc=0.2063
Round 62 | selected=[81, 66, 51, 45, 40, 13, 53, 44, 27, 73]
Round 62 | train_loss=1.3412 train_acc=0.5640 test_loss=2.3777 test_acc=0.1840
Round 63 | selected=[8, 31, 92, 57, 35, 66, 58, 14, 48, 55]
Round 63 | train_loss=1.3419 train_acc=0.5642 test_loss=2.3701 test_acc=0.2073
Round 64 | selected=[63, 15, 61, 92, 37, 72, 20, 95, 47, 58]
Round 64 | train_loss=1.2525 train_acc=0.5926 test_loss=2.0602 test_acc=0.1923
Round 65 | selected=[72, 39, 84, 35, 46, 12, 75, 30, 41, 23]
Round 65 | train_loss=1.2796 train_acc=0.5950 test_loss=1.9389 test_acc=0.2838
Round 66 | selected=[68, 80, 29, 76, 69, 92, 31, 26, 77, 96]
Round 66 | train_loss=1.2215 train_acc=0.6294 test_loss=1.9573 test_acc=0.2771
Round 67 | selected=[56, 15, 69, 64, 47, 88, 13, 81, 65, 98]
Round 67 | train_loss=1.2757 train_acc=0.5796 test_loss=2.1622 test_acc=0.2217
Round 68 | selected=[95, 72, 30, 88, 79, 85, 73, 39, 28, 38]
Round 68 | train_loss=1.1597 train_acc=0.6278 test_loss=2.1503 test_acc=0.2011
Round 69 | selected=[46, 50, 61, 41, 37, 75, 30, 18, 4, 33]
Round 69 | train_loss=1.1514 train_acc=0.6232 test_loss=2.0804 test_acc=0.2227
Round 70 | selected=[69, 23, 60, 48, 39, 30, 87, 92, 24, 5]
Round 70 | train_loss=1.2307 train_acc=0.6126 test_loss=2.1972 test_acc=0.1965
Round 71 | selected=[15, 69, 52, 5, 83, 29, 1, 37, 57, 9]
Round 71 | train_loss=0.9672 train_acc=0.6730 test_loss=2.5033 test_acc=0.1543
Round 72 | selected=[81, 66, 40, 61, 67, 57, 41, 25, 99, 80]
Round 72 | train_loss=1.3264 train_acc=0.5736 test_loss=1.9640 test_acc=0.2382
Round 73 | selected=[12, 49, 64, 56, 70, 98, 71, 22, 36, 89]
Round 73 | train_loss=1.1767 train_acc=0.6152 test_loss=2.0511 test_acc=0.2349
Round 74 | selected=[12, 63, 31, 60, 98, 15, 59, 62, 61, 76]
Round 74 | train_loss=1.3387 train_acc=0.5574 test_loss=1.9256 test_acc=0.2866
Round 75 | selected=[93, 96, 84, 47, 59, 25, 24, 6, 29, 64]
Round 75 | train_loss=1.1555 train_acc=0.6406 test_loss=2.2048 test_acc=0.2259
Round 76 | selected=[0, 34, 54, 30, 51, 91, 88, 3, 94, 41]
Round 76 | train_loss=1.3297 train_acc=0.5542 test_loss=2.3216 test_acc=0.1905
Round 77 | selected=[29, 25, 97, 34, 83, 3, 47, 11, 2, 80]
Round 77 | train_loss=1.2353 train_acc=0.6158 test_loss=1.9351 test_acc=0.2410
Round 78 | selected=[78, 89, 75, 5, 81, 59, 97, 93, 85, 62]
Round 78 | train_loss=1.2678 train_acc=0.5528 test_loss=1.8933 test_acc=0.2929
Round 79 | selected=[45, 32, 35, 26, 46, 64, 96, 6, 30, 69]
Round 79 | train_loss=1.0067 train_acc=0.6976 test_loss=1.9923 test_acc=0.2849
Round 80 | selected=[56, 36, 21, 47, 41, 59, 81, 33, 91, 27]
Round 80 | train_loss=1.1500 train_acc=0.6330 test_loss=2.0488 test_acc=0.2024
Round 81 | selected=[53, 76, 15, 34, 78, 63, 89, 41, 37, 80]
Round 81 | train_loss=1.2007 train_acc=0.5880 test_loss=2.1225 test_acc=0.2206
Round 82 | selected=[5, 97, 18, 48, 24, 73, 69, 68, 33, 28]
Round 82 | train_loss=0.9955 train_acc=0.6838 test_loss=2.0255 test_acc=0.2481
Round 83 | selected=[22, 21, 32, 26, 64, 46, 76, 85, 33, 91]
Round 83 | train_loss=1.1278 train_acc=0.6350 test_loss=2.2563 test_acc=0.1970
Round 84 | selected=[35, 45, 84, 49, 93, 11, 20, 97, 87, 86]
Round 84 | train_loss=1.1776 train_acc=0.6118 test_loss=1.9125 test_acc=0.2904
Round 85 | selected=[60, 30, 22, 29, 73, 13, 34, 41, 8, 71]
Round 85 | train_loss=1.0428 train_acc=0.6922 test_loss=1.9197 test_acc=0.2448
Round 86 | selected=[56, 58, 86, 79, 49, 52, 51, 40, 87, 72]
Round 86 | train_loss=1.2557 train_acc=0.5866 test_loss=2.4275 test_acc=0.2070
Round 87 | selected=[62, 28, 18, 72, 43, 2, 46, 97, 90, 63]
Round 87 | train_loss=1.4421 train_acc=0.5408 test_loss=2.2584 test_acc=0.2384
Round 88 | selected=[89, 84, 71, 66, 22, 45, 51, 79, 18, 92]
Round 88 | train_loss=1.3010 train_acc=0.5762 test_loss=2.4208 test_acc=0.1472
Round 89 | selected=[97, 84, 67, 2, 12, 14, 93, 96, 38, 4]
Round 89 | train_loss=1.2373 train_acc=0.5776 test_loss=1.9426 test_acc=0.2829
Round 90 | selected=[25, 71, 59, 98, 65, 48, 13, 82, 68, 12]
Round 90 | train_loss=1.2620 train_acc=0.5988 test_loss=1.8218 test_acc=0.2909
Round 91 | selected=[15, 67, 29, 79, 0, 10, 21, 55, 24, 76]
Round 91 | train_loss=1.1240 train_acc=0.6356 test_loss=1.9009 test_acc=0.2509
Round 92 | selected=[2, 28, 29, 86, 73, 43, 88, 92, 56, 18]
Round 92 | train_loss=1.0889 train_acc=0.6386 test_loss=1.8837 test_acc=0.2911
Round 93 | selected=[78, 21, 62, 45, 39, 84, 89, 94, 81, 30]
Round 93 | train_loss=1.2174 train_acc=0.6022 test_loss=1.9677 test_acc=0.2623
Round 94 | selected=[95, 55, 71, 77, 59, 73, 22, 4, 75, 38]
Round 94 | train_loss=1.1265 train_acc=0.6472 test_loss=1.8598 test_acc=0.3009
Round 95 | selected=[87, 12, 2, 22, 27, 15, 80, 3, 84, 99]
Round 95 | train_loss=1.0859 train_acc=0.6440 test_loss=1.8310 test_acc=0.3094
Round 96 | selected=[90, 97, 67, 86, 56, 18, 55, 57, 82, 2]
Round 96 | train_loss=1.2290 train_acc=0.5970 test_loss=2.0909 test_acc=0.2284
Round 97 | selected=[0, 71, 1, 8, 24, 10, 50, 47, 3, 60]
Round 97 | train_loss=1.2886 train_acc=0.5682 test_loss=1.8343 test_acc=0.2889
Round 98 | selected=[34, 98, 39, 11, 43, 62, 81, 49, 13, 1]
Round 98 | train_loss=1.0061 train_acc=0.6710 test_loss=1.7144 test_acc=0.3275
Round 99 | selected=[51, 37, 48, 55, 70, 81, 67, 29, 9, 52]
Round 99 | train_loss=1.0504 train_acc=0.6690 test_loss=2.0616 test_acc=0.2465
Round 100 | selected=[77, 49, 65, 39, 10, 31, 73, 52, 34, 71]
Round 100 | train_loss=1.1601 train_acc=0.6226 test_loss=1.7786 test_acc=0.3186
Round 101 | selected=[40, 37, 72, 92, 67, 33, 46, 60, 74, 85]
Round 101 | train_loss=1.0661 train_acc=0.6566 test_loss=2.0154 test_acc=0.3040
Round 102 | selected=[57, 1, 99, 3, 61, 85, 5, 91, 37, 38]
Round 102 | train_loss=1.3167 train_acc=0.5772 test_loss=2.2928 test_acc=0.2359
Round 103 | selected=[28, 79, 4, 10, 63, 62, 86, 13, 67, 61]
Round 103 | train_loss=1.3794 train_acc=0.5496 test_loss=2.0683 test_acc=0.2318
Round 104 | selected=[59, 56, 26, 33, 9, 41, 86, 76, 67, 45]
Round 104 | train_loss=1.1700 train_acc=0.6170 test_loss=2.0435 test_acc=0.2118
Round 105 | selected=[52, 63, 32, 41, 16, 5, 20, 23, 97, 72]
Round 105 | train_loss=1.2578 train_acc=0.5656 test_loss=2.0123 test_acc=0.2763
Round 106 | selected=[49, 10, 37, 20, 12, 81, 41, 47, 72, 16]
Round 106 | train_loss=1.1384 train_acc=0.6204 test_loss=1.8333 test_acc=0.3227
Round 107 | selected=[16, 71, 17, 25, 32, 98, 14, 85, 47, 41]
Round 107 | train_loss=1.1676 train_acc=0.6082 test_loss=2.1618 test_acc=0.1553
Round 108 | selected=[87, 4, 41, 79, 63, 76, 52, 20, 80, 59]
Round 108 | train_loss=1.0592 train_acc=0.6612 test_loss=1.8964 test_acc=0.2518
Round 109 | selected=[49, 83, 22, 58, 84, 28, 53, 81, 99, 35]
Round 109 | train_loss=1.1046 train_acc=0.6276 test_loss=1.9631 test_acc=0.3244
Round 110 | selected=[60, 90, 88, 43, 73, 50, 57, 53, 24, 66]
Round 110 | train_loss=1.1572 train_acc=0.6498 test_loss=2.1051 test_acc=0.2576
Round 111 | selected=[32, 36, 78, 37, 3, 15, 16, 48, 79, 27]
Round 111 | train_loss=1.2806 train_acc=0.5690 test_loss=2.0920 test_acc=0.2387
Round 112 | selected=[56, 59, 63, 86, 68, 58, 54, 93, 43, 3]
Round 112 | train_loss=1.2813 train_acc=0.5770 test_loss=2.1033 test_acc=0.2609
Round 113 | selected=[29, 33, 24, 13, 26, 44, 56, 37, 11, 15]
Round 113 | train_loss=1.2767 train_acc=0.6342 test_loss=1.9003 test_acc=0.3190
Round 114 | selected=[42, 21, 43, 7, 2, 74, 83, 24, 54, 99]
Round 114 | train_loss=1.0122 train_acc=0.6906 test_loss=1.8619 test_acc=0.3238
Round 115 | selected=[24, 3, 25, 57, 68, 66, 39, 86, 65, 53]
Round 115 | train_loss=1.3114 train_acc=0.5758 test_loss=1.9007 test_acc=0.2401
Round 116 | selected=[3, 68, 2, 73, 98, 38, 76, 67, 85, 28]
Round 116 | train_loss=1.0992 train_acc=0.6302 test_loss=1.8425 test_acc=0.2881
Round 117 | selected=[23, 74, 78, 98, 27, 31, 33, 36, 91, 10]
Round 117 | train_loss=1.0826 train_acc=0.6520 test_loss=1.8181 test_acc=0.3116
Round 118 | selected=[56, 20, 79, 5, 84, 59, 39, 83, 31, 97]
Round 118 | train_loss=1.1148 train_acc=0.6372 test_loss=1.8629 test_acc=0.2584
Round 119 | selected=[87, 66, 96, 44, 3, 90, 13, 45, 4, 21]
Round 119 | train_loss=1.1095 train_acc=0.6566 test_loss=1.8669 test_acc=0.2987
Round 120 | selected=[3, 12, 73, 70, 41, 63, 51, 65, 75, 15]
Round 120 | train_loss=1.0939 train_acc=0.6582 test_loss=1.9054 test_acc=0.3190
Round 121 | selected=[82, 3, 53, 5, 95, 94, 49, 92, 1, 64]
Round 121 | train_loss=1.1952 train_acc=0.6162 test_loss=2.1942 test_acc=0.1963
Round 122 | selected=[57, 13, 89, 4, 28, 56, 72, 21, 86, 43]
Round 122 | train_loss=1.1842 train_acc=0.6222 test_loss=1.8239 test_acc=0.3287
Round 123 | selected=[55, 7, 62, 67, 65, 6, 38, 96, 84, 73]
Round 123 | train_loss=1.0979 train_acc=0.6554 test_loss=1.7609 test_acc=0.3464
Round 124 | selected=[52, 75, 68, 13, 61, 86, 9, 67, 22, 3]
Round 124 | train_loss=1.0121 train_acc=0.7094 test_loss=2.1211 test_acc=0.2324
Round 125 | selected=[40, 15, 99, 37, 73, 90, 60, 58, 35, 79]
Round 125 | train_loss=1.1138 train_acc=0.6386 test_loss=1.7708 test_acc=0.3264
Round 126 | selected=[74, 3, 0, 32, 77, 96, 5, 7, 71, 39]
Round 126 | train_loss=1.0314 train_acc=0.6548 test_loss=1.8808 test_acc=0.3028
Round 127 | selected=[29, 12, 93, 45, 91, 13, 74, 34, 58, 83]
Round 127 | train_loss=1.1313 train_acc=0.6404 test_loss=1.8237 test_acc=0.3170
Round 128 | selected=[48, 99, 82, 39, 85, 84, 93, 97, 69, 70]
Round 128 | train_loss=1.2184 train_acc=0.5950 test_loss=1.9185 test_acc=0.3012
Round 129 | selected=[35, 5, 16, 38, 77, 23, 20, 44, 88, 78]
Round 129 | train_loss=1.1537 train_acc=0.6170 test_loss=2.4571 test_acc=0.1814
Round 130 | selected=[79, 52, 24, 30, 72, 14, 62, 6, 94, 48]
Round 130 | train_loss=1.2985 train_acc=0.5778 test_loss=2.3801 test_acc=0.2338
Round 131 | selected=[36, 75, 59, 9, 32, 16, 86, 21, 2, 52]
Round 131 | train_loss=1.1266 train_acc=0.6316 test_loss=2.0272 test_acc=0.3121
Round 132 | selected=[81, 18, 35, 13, 53, 89, 57, 39, 38, 96]
Round 132 | train_loss=1.2575 train_acc=0.5980 test_loss=1.9855 test_acc=0.2405
Round 133 | selected=[21, 30, 63, 56, 72, 12, 5, 16, 87, 64]
Round 133 | train_loss=1.1714 train_acc=0.6212 test_loss=2.2347 test_acc=0.2203
Round 134 | selected=[95, 57, 78, 62, 97, 40, 70, 1, 67, 17]
Round 134 | train_loss=1.1684 train_acc=0.6196 test_loss=1.8850 test_acc=0.2942
Round 135 | selected=[62, 79, 71, 60, 11, 65, 94, 28, 80, 97]
Round 135 | train_loss=1.1170 train_acc=0.6280 test_loss=1.7400 test_acc=0.3125
Round 136 | selected=[18, 95, 11, 39, 6, 97, 54, 42, 38, 89]
Round 136 | train_loss=0.9953 train_acc=0.6802 test_loss=1.6923 test_acc=0.3587
Round 137 | selected=[54, 32, 31, 65, 98, 61, 15, 8, 91, 2]
Round 137 | train_loss=1.1802 train_acc=0.6232 test_loss=1.7640 test_acc=0.3499
Round 138 | selected=[36, 47, 11, 79, 45, 35, 18, 2, 71, 22]
Round 138 | train_loss=1.0236 train_acc=0.6926 test_loss=1.7162 test_acc=0.3307
Round 139 | selected=[75, 0, 82, 87, 90, 5, 15, 54, 80, 65]
Round 139 | train_loss=1.1049 train_acc=0.6362 test_loss=1.8807 test_acc=0.2817
Round 140 | selected=[10, 47, 80, 78, 30, 24, 82, 54, 93, 32]
Round 140 | train_loss=1.1291 train_acc=0.6308 test_loss=1.8962 test_acc=0.3213
Round 141 | selected=[77, 42, 38, 49, 23, 30, 95, 1, 44, 90]
Round 141 | train_loss=1.0338 train_acc=0.6708 test_loss=1.8310 test_acc=0.2789
Round 142 | selected=[50, 26, 55, 10, 40, 49, 90, 6, 76, 23]
Round 142 | train_loss=1.0904 train_acc=0.6338 test_loss=1.6408 test_acc=0.4048
Round 143 | selected=[4, 70, 50, 56, 15, 20, 8, 62, 96, 51]
Round 143 | train_loss=1.0758 train_acc=0.6570 test_loss=1.9665 test_acc=0.2506
Round 144 | selected=[41, 45, 6, 25, 58, 99, 39, 54, 27, 95]
Round 144 | train_loss=1.0713 train_acc=0.6534 test_loss=1.8247 test_acc=0.3245
Round 145 | selected=[58, 59, 19, 81, 97, 84, 64, 74, 34, 1]
Round 145 | train_loss=1.1712 train_acc=0.5950 test_loss=1.7922 test_acc=0.3077
Round 146 | selected=[16, 4, 20, 18, 83, 50, 43, 14, 81, 13]
Round 146 | train_loss=1.0984 train_acc=0.6148 test_loss=1.7100 test_acc=0.3563
Round 147 | selected=[76, 78, 53, 64, 62, 41, 58, 15, 33, 83]
Round 147 | train_loss=1.0200 train_acc=0.6632 test_loss=2.0898 test_acc=0.2142
Round 148 | selected=[12, 44, 20, 75, 3, 62, 66, 24, 25, 22]
Round 148 | train_loss=1.1613 train_acc=0.6338 test_loss=2.0734 test_acc=0.2477
Round 149 | selected=[36, 32, 61, 86, 11, 99, 70, 30, 5, 76]
Round 149 | train_loss=1.2721 train_acc=0.5784 test_loss=2.3995 test_acc=0.2105
Round 150 | selected=[97, 75, 20, 67, 18, 9, 17, 74, 62, 78]
Round 150 | train_loss=1.4283 train_acc=0.5520 test_loss=1.9223 test_acc=0.3247
Round 151 | selected=[84, 21, 11, 3, 4, 65, 87, 91, 17, 86]
Round 151 | train_loss=1.1781 train_acc=0.6286 test_loss=1.8801 test_acc=0.2834
Round 152 | selected=[60, 47, 95, 35, 62, 82, 70, 42, 6, 16]
Round 152 | train_loss=1.1135 train_acc=0.6524 test_loss=2.0813 test_acc=0.2482
Round 153 | selected=[32, 81, 8, 58, 85, 47, 12, 18, 24, 3]
Round 153 | train_loss=1.1821 train_acc=0.5998 test_loss=1.7719 test_acc=0.3474
Round 154 | selected=[90, 37, 57, 3, 58, 39, 31, 15, 74, 78]
Round 154 | train_loss=1.1263 train_acc=0.6342 test_loss=1.8607 test_acc=0.3208
Round 155 | selected=[18, 36, 21, 38, 90, 86, 62, 3, 33, 49]
Round 155 | train_loss=1.0893 train_acc=0.6392 test_loss=1.9716 test_acc=0.2962
Round 156 | selected=[89, 24, 84, 44, 4, 99, 91, 20, 88, 40]
Round 156 | train_loss=1.0733 train_acc=0.6662 test_loss=1.9010 test_acc=0.2677
Round 157 | selected=[45, 4, 2, 96, 31, 97, 80, 56, 7, 79]
Round 157 | train_loss=1.0284 train_acc=0.6682 test_loss=1.8628 test_acc=0.2860
Round 158 | selected=[86, 7, 66, 54, 72, 78, 6, 99, 25, 55]
Round 158 | train_loss=1.1929 train_acc=0.6136 test_loss=1.9508 test_acc=0.2382
Round 159 | selected=[82, 38, 99, 92, 44, 79, 34, 98, 86, 6]
Round 159 | train_loss=1.0651 train_acc=0.6652 test_loss=2.0075 test_acc=0.2485
Round 160 | selected=[50, 47, 33, 32, 72, 13, 67, 68, 86, 15]
Round 160 | train_loss=1.2437 train_acc=0.5988 test_loss=1.8753 test_acc=0.3297
Round 161 | selected=[74, 44, 57, 10, 60, 12, 92, 29, 34, 27]
Round 161 | train_loss=0.9978 train_acc=0.6774 test_loss=1.7807 test_acc=0.3620
Round 162 | selected=[30, 41, 94, 21, 88, 43, 14, 73, 46, 67]
Round 162 | train_loss=1.0622 train_acc=0.6764 test_loss=1.8190 test_acc=0.2988
Round 163 | selected=[71, 10, 1, 55, 57, 22, 23, 6, 20, 59]
Round 163 | train_loss=1.0378 train_acc=0.6510 test_loss=1.9679 test_acc=0.2879
Round 164 | selected=[41, 38, 13, 94, 81, 46, 49, 32, 97, 11]
Round 164 | train_loss=1.1059 train_acc=0.6418 test_loss=1.7556 test_acc=0.3299
Round 165 | selected=[8, 26, 15, 18, 46, 13, 44, 56, 20, 33]
Round 165 | train_loss=1.0986 train_acc=0.6478 test_loss=1.9607 test_acc=0.2747
Round 166 | selected=[14, 36, 34, 16, 12, 28, 73, 30, 56, 31]
Round 166 | train_loss=1.1866 train_acc=0.5910 test_loss=1.7140 test_acc=0.3769
Round 167 | selected=[99, 4, 21, 1, 53, 94, 72, 84, 39, 26]
Round 167 | train_loss=1.1375 train_acc=0.6528 test_loss=2.2210 test_acc=0.2139
Round 168 | selected=[49, 80, 87, 71, 22, 69, 5, 95, 55, 99]
Round 168 | train_loss=1.2333 train_acc=0.6356 test_loss=2.2006 test_acc=0.2385
Round 169 | selected=[78, 63, 77, 93, 82, 56, 1, 66, 53, 39]
Round 169 | train_loss=1.3851 train_acc=0.5630 test_loss=1.7503 test_acc=0.3179
Round 170 | selected=[77, 94, 62, 14, 9, 27, 90, 26, 81, 69]
Round 170 | train_loss=1.2077 train_acc=0.5926 test_loss=1.7790 test_acc=0.3251
Round 171 | selected=[70, 73, 42, 31, 95, 63, 17, 94, 79, 9]
Round 171 | train_loss=0.9459 train_acc=0.7234 test_loss=1.7787 test_acc=0.3023
Round 172 | selected=[99, 94, 34, 92, 91, 32, 9, 74, 72, 96]
Round 172 | train_loss=1.0400 train_acc=0.6738 test_loss=1.6183 test_acc=0.4099
Round 173 | selected=[63, 12, 65, 22, 71, 70, 54, 55, 21, 66]
Round 173 | train_loss=0.9628 train_acc=0.6990 test_loss=1.7053 test_acc=0.3377
Round 174 | selected=[53, 34, 58, 6, 59, 78, 83, 7, 89, 96]
Round 174 | train_loss=0.9930 train_acc=0.6724 test_loss=1.7726 test_acc=0.3487
Round 175 | selected=[0, 17, 22, 23, 61, 54, 39, 99, 79, 26]
Round 175 | train_loss=0.9937 train_acc=0.6820 test_loss=1.7027 test_acc=0.3848
Round 176 | selected=[36, 91, 30, 51, 90, 66, 16, 76, 47, 44]
Round 176 | train_loss=1.1547 train_acc=0.6188 test_loss=1.7522 test_acc=0.3213
Round 177 | selected=[66, 68, 14, 83, 19, 1, 90, 16, 45, 27]
Round 177 | train_loss=1.1125 train_acc=0.6192 test_loss=1.7676 test_acc=0.3252
Round 178 | selected=[54, 59, 40, 48, 62, 88, 93, 91, 82, 99]
Round 178 | train_loss=1.0753 train_acc=0.6480 test_loss=1.9849 test_acc=0.2791
Round 179 | selected=[84, 71, 19, 16, 66, 94, 99, 62, 80, 47]
Round 179 | train_loss=1.0862 train_acc=0.6374 test_loss=1.7175 test_acc=0.3427
Round 180 | selected=[97, 62, 90, 7, 83, 57, 50, 72, 8, 28]
Round 180 | train_loss=1.0842 train_acc=0.6396 test_loss=1.7072 test_acc=0.3614
Round 181 | selected=[8, 19, 0, 73, 91, 30, 98, 26, 57, 58]
Round 181 | train_loss=1.1440 train_acc=0.6240 test_loss=1.9363 test_acc=0.3218
Round 182 | selected=[78, 74, 4, 60, 94, 92, 81, 54, 40, 33]
Round 182 | train_loss=1.0281 train_acc=0.6682 test_loss=1.7799 test_acc=0.3188
Round 183 | selected=[85, 79, 5, 33, 49, 47, 7, 57, 22, 26]
Round 183 | train_loss=0.8751 train_acc=0.7334 test_loss=1.7744 test_acc=0.3409
Round 184 | selected=[27, 82, 37, 32, 89, 59, 76, 56, 15, 77]
Round 184 | train_loss=1.1520 train_acc=0.6066 test_loss=2.1475 test_acc=0.2934
Round 185 | selected=[31, 56, 90, 23, 14, 64, 75, 35, 53, 42]
Round 185 | train_loss=1.0556 train_acc=0.6570 test_loss=1.8042 test_acc=0.3308
Round 186 | selected=[62, 40, 78, 77, 47, 96, 9, 60, 61, 39]
Round 186 | train_loss=1.0452 train_acc=0.6588 test_loss=1.8086 test_acc=0.2908
Round 187 | selected=[23, 11, 97, 57, 72, 1, 63, 35, 46, 7]
Round 187 | train_loss=1.0576 train_acc=0.6568 test_loss=1.7578 test_acc=0.3764
Round 188 | selected=[75, 10, 64, 52, 27, 91, 81, 21, 62, 20]
Round 188 | train_loss=1.2349 train_acc=0.6120 test_loss=2.6172 test_acc=0.1887
Round 189 | selected=[19, 34, 33, 32, 72, 82, 2, 80, 83, 17]
Round 189 | train_loss=1.2272 train_acc=0.6002 test_loss=2.0888 test_acc=0.2401
Round 190 | selected=[37, 35, 3, 33, 96, 60, 30, 65, 81, 1]
Round 190 | train_loss=1.1837 train_acc=0.5928 test_loss=1.9203 test_acc=0.3242
Round 191 | selected=[33, 52, 91, 66, 18, 5, 1, 38, 79, 13]
Round 191 | train_loss=0.9354 train_acc=0.7054 test_loss=1.8257 test_acc=0.3308
Round 192 | selected=[23, 81, 26, 55, 63, 37, 59, 86, 93, 64]
Round 192 | train_loss=1.2387 train_acc=0.5830 test_loss=1.8887 test_acc=0.3367
Round 193 | selected=[26, 9, 1, 94, 29, 84, 63, 54, 46, 65]
Round 193 | train_loss=1.1764 train_acc=0.6260 test_loss=1.7707 test_acc=0.3568
Round 194 | selected=[34, 97, 52, 94, 31, 28, 72, 70, 11, 65]
Round 194 | train_loss=1.0438 train_acc=0.6698 test_loss=1.7356 test_acc=0.3583
Round 195 | selected=[3, 21, 23, 31, 93, 77, 78, 35, 16, 36]
Round 195 | train_loss=1.0950 train_acc=0.6492 test_loss=1.6998 test_acc=0.3545
Round 196 | selected=[76, 40, 52, 57, 9, 38, 53, 82, 74, 6]
Round 196 | train_loss=0.8934 train_acc=0.7166 test_loss=1.6814 test_acc=0.3636
Round 197 | selected=[6, 43, 48, 44, 19, 91, 29, 50, 2, 85]
Round 197 | train_loss=0.8796 train_acc=0.7166 test_loss=1.8472 test_acc=0.3342
Round 198 | selected=[64, 4, 70, 57, 49, 99, 92, 12, 74, 98]
Round 198 | train_loss=1.0180 train_acc=0.6820 test_loss=1.8640 test_acc=0.3443
Round 199 | selected=[76, 23, 39, 99, 40, 86, 65, 22, 50, 2]
Round 199 | train_loss=1.0438 train_acc=0.6648 test_loss=1.8179 test_acc=0.3711
Round 200 | selected=[16, 42, 72, 36, 65, 80, 61, 64, 49, 91]
Round 200 | train_loss=1.0796 train_acc=0.6510 test_loss=1.6362 test_acc=0.3692
Round 201 | selected=[62, 56, 48, 21, 23, 94, 78, 33, 71, 50]
Round 201 | train_loss=0.9235 train_acc=0.7092 test_loss=1.8927 test_acc=0.3419
Round 202 | selected=[40, 20, 17, 25, 38, 48, 63, 29, 30, 61]
Round 202 | train_loss=0.9736 train_acc=0.6978 test_loss=2.0122 test_acc=0.2616
Round 203 | selected=[51, 72, 77, 0, 40, 53, 14, 8, 55, 43]
Round 203 | train_loss=1.3497 train_acc=0.5440 test_loss=2.0995 test_acc=0.2760
Round 204 | selected=[77, 90, 5, 39, 31, 87, 67, 89, 93, 69]
Round 204 | train_loss=1.3048 train_acc=0.5988 test_loss=2.0450 test_acc=0.2907
Round 205 | selected=[5, 28, 60, 6, 2, 92, 46, 41, 48, 55]
Round 205 | train_loss=0.9463 train_acc=0.6942 test_loss=1.6538 test_acc=0.3630
Round 206 | selected=[45, 9, 15, 19, 41, 76, 66, 61, 42, 49]
Round 206 | train_loss=1.0180 train_acc=0.6758 test_loss=1.8542 test_acc=0.3005
Round 207 | selected=[50, 18, 78, 97, 24, 29, 34, 6, 56, 71]
Round 207 | train_loss=1.1062 train_acc=0.6350 test_loss=1.8042 test_acc=0.3125
Round 208 | selected=[19, 2, 64, 13, 59, 41, 16, 22, 57, 63]
Round 208 | train_loss=0.9612 train_acc=0.6862 test_loss=2.0987 test_acc=0.2519
Round 209 | selected=[86, 73, 71, 81, 21, 4, 64, 41, 24, 0]
Round 209 | train_loss=1.0976 train_acc=0.6566 test_loss=1.7241 test_acc=0.3415
Round 210 | selected=[22, 58, 0, 9, 32, 62, 93, 72, 40, 98]
Round 210 | train_loss=0.9617 train_acc=0.6906 test_loss=1.8564 test_acc=0.3229
Round 211 | selected=[57, 84, 82, 31, 16, 10, 6, 23, 79, 51]
Round 211 | train_loss=1.0143 train_acc=0.6606 test_loss=1.8770 test_acc=0.3247
Round 212 | selected=[6, 15, 98, 81, 67, 85, 66, 90, 74, 62]
Round 212 | train_loss=1.1365 train_acc=0.6204 test_loss=1.9332 test_acc=0.3054
Round 213 | selected=[55, 58, 18, 36, 83, 16, 85, 27, 63, 17]
Round 213 | train_loss=1.0910 train_acc=0.6210 test_loss=1.9802 test_acc=0.2205
Round 214 | selected=[94, 59, 71, 97, 63, 61, 22, 81, 46, 70]
Round 214 | train_loss=1.1581 train_acc=0.6172 test_loss=2.0432 test_acc=0.2684
Round 215 | selected=[61, 16, 47, 25, 78, 39, 52, 74, 91, 76]
Round 215 | train_loss=1.0551 train_acc=0.6512 test_loss=1.6321 test_acc=0.4013
Round 216 | selected=[28, 88, 74, 93, 38, 78, 76, 60, 6, 58]
Round 216 | train_loss=1.1022 train_acc=0.6404 test_loss=1.8092 test_acc=0.3201
Round 217 | selected=[64, 6, 17, 94, 77, 88, 39, 45, 80, 65]
Round 217 | train_loss=1.1085 train_acc=0.6394 test_loss=1.5544 test_acc=0.3981
Round 218 | selected=[65, 20, 57, 82, 92, 97, 76, 83, 19, 5]
Round 218 | train_loss=0.9925 train_acc=0.6638 test_loss=1.8036 test_acc=0.2926
Round 219 | selected=[99, 13, 43, 0, 33, 34, 81, 47, 78, 83]
Round 219 | train_loss=1.0952 train_acc=0.6594 test_loss=2.1393 test_acc=0.2817
Round 220 | selected=[40, 83, 60, 23, 11, 0, 26, 39, 15, 13]
Round 220 | train_loss=1.1591 train_acc=0.6432 test_loss=2.0581 test_acc=0.2577
Round 221 | selected=[22, 49, 12, 27, 19, 77, 99, 50, 61, 79]
Round 221 | train_loss=1.1498 train_acc=0.6198 test_loss=1.7514 test_acc=0.3306
Round 222 | selected=[99, 14, 39, 46, 41, 18, 55, 0, 68, 29]
Round 222 | train_loss=1.0396 train_acc=0.6552 test_loss=1.6173 test_acc=0.3871
Round 223 | selected=[3, 91, 1, 31, 70, 63, 88, 79, 84, 97]
Round 223 | train_loss=1.0098 train_acc=0.6906 test_loss=1.6148 test_acc=0.3786
Round 224 | selected=[54, 59, 88, 26, 60, 94, 98, 81, 5, 33]
Round 224 | train_loss=0.9363 train_acc=0.7028 test_loss=2.1559 test_acc=0.2410
Round 225 | selected=[20, 54, 15, 80, 76, 51, 43, 41, 56, 7]
Round 225 | train_loss=1.0462 train_acc=0.6490 test_loss=1.7193 test_acc=0.3560
Round 226 | selected=[72, 12, 39, 65, 81, 44, 83, 93, 37, 94]
Round 226 | train_loss=1.1174 train_acc=0.6344 test_loss=1.6565 test_acc=0.3756
Round 227 | selected=[75, 10, 40, 31, 0, 83, 54, 14, 37, 15]
Round 227 | train_loss=1.0066 train_acc=0.6728 test_loss=1.8264 test_acc=0.3226
Round 228 | selected=[81, 30, 83, 1, 62, 16, 92, 47, 93, 57]
Round 228 | train_loss=1.0728 train_acc=0.6408 test_loss=1.7961 test_acc=0.3004
Round 229 | selected=[28, 17, 36, 63, 49, 86, 57, 23, 34, 24]
Round 229 | train_loss=1.0063 train_acc=0.6772 test_loss=2.0453 test_acc=0.2013
Round 230 | selected=[84, 7, 13, 54, 61, 82, 0, 71, 42, 20]
Round 230 | train_loss=1.1879 train_acc=0.6120 test_loss=1.8329 test_acc=0.3613
Round 231 | selected=[5, 83, 24, 94, 2, 10, 12, 47, 18, 66]
Round 231 | train_loss=1.3026 train_acc=0.5962 test_loss=2.2407 test_acc=0.2991
Round 232 | selected=[90, 31, 26, 49, 71, 16, 52, 13, 88, 6]
Round 232 | train_loss=1.1800 train_acc=0.6466 test_loss=1.7031 test_acc=0.3438
Round 233 | selected=[50, 91, 28, 97, 49, 40, 7, 37, 73, 62]
Round 233 | train_loss=0.9338 train_acc=0.6994 test_loss=1.7354 test_acc=0.3588
Round 234 | selected=[76, 63, 98, 54, 39, 61, 79, 66, 2, 70]
Round 234 | train_loss=1.0329 train_acc=0.6534 test_loss=1.6674 test_acc=0.3772
Round 235 | selected=[81, 58, 6, 19, 34, 13, 69, 35, 28, 55]
Round 235 | train_loss=1.0258 train_acc=0.6630 test_loss=1.6306 test_acc=0.3787
Round 236 | selected=[89, 0, 40, 81, 23, 76, 71, 79, 27, 61]
Round 236 | train_loss=0.9784 train_acc=0.6836 test_loss=1.5996 test_acc=0.4218
Round 237 | selected=[98, 56, 59, 22, 55, 48, 82, 99, 16, 37]
Round 237 | train_loss=0.9097 train_acc=0.7222 test_loss=1.6673 test_acc=0.4144
Round 238 | selected=[4, 36, 53, 5, 43, 38, 62, 3, 25, 98]
Round 238 | train_loss=0.9692 train_acc=0.6980 test_loss=2.4021 test_acc=0.1952
Round 239 | selected=[40, 6, 11, 30, 74, 32, 61, 5, 93, 31]
Round 239 | train_loss=1.0792 train_acc=0.6504 test_loss=1.8715 test_acc=0.3297
Round 240 | selected=[92, 54, 74, 28, 7, 14, 8, 47, 78, 87]
Round 240 | train_loss=1.1098 train_acc=0.6276 test_loss=1.8159 test_acc=0.2855
Round 241 | selected=[1, 10, 6, 11, 86, 82, 59, 50, 42, 41]
Round 241 | train_loss=1.0738 train_acc=0.6534 test_loss=1.6452 test_acc=0.3920
Round 242 | selected=[30, 12, 68, 52, 89, 81, 6, 79, 2, 26]
Round 242 | train_loss=0.9186 train_acc=0.7124 test_loss=1.6670 test_acc=0.3874
Round 243 | selected=[52, 25, 30, 78, 91, 51, 74, 48, 38, 41]
Round 243 | train_loss=0.9270 train_acc=0.7162 test_loss=1.7987 test_acc=0.3009
Round 244 | selected=[92, 94, 46, 18, 87, 68, 90, 39, 50, 34]
Round 244 | train_loss=0.9944 train_acc=0.6706 test_loss=1.6446 test_acc=0.3231
Round 245 | selected=[32, 97, 99, 45, 85, 73, 52, 71, 75, 59]
Round 245 | train_loss=1.0053 train_acc=0.6580 test_loss=1.7429 test_acc=0.4215
Round 246 | selected=[68, 40, 88, 28, 31, 2, 97, 11, 76, 96]
Round 246 | train_loss=1.0970 train_acc=0.6460 test_loss=1.7298 test_acc=0.3538
Round 247 | selected=[33, 67, 64, 44, 14, 0, 10, 16, 2, 12]
Round 247 | train_loss=0.9994 train_acc=0.6614 test_loss=1.6281 test_acc=0.3875
Round 248 | selected=[55, 9, 28, 20, 78, 59, 6, 80, 77, 4]
Round 248 | train_loss=0.9745 train_acc=0.6748 test_loss=1.8465 test_acc=0.3401
Round 249 | selected=[88, 44, 19, 53, 80, 51, 36, 33, 59, 12]
Round 249 | train_loss=1.1168 train_acc=0.6412 test_loss=1.9380 test_acc=0.3032
Round 250 | selected=[50, 71, 97, 77, 19, 94, 7, 34, 37, 98]
Round 250 | train_loss=1.1460 train_acc=0.6208 test_loss=1.5559 test_acc=0.4262
Round 251 | selected=[7, 72, 46, 24, 9, 82, 3, 22, 26, 21]
Round 251 | train_loss=0.9998 train_acc=0.6900 test_loss=1.8150 test_acc=0.3169
Round 252 | selected=[19, 38, 51, 28, 43, 37, 34, 77, 84, 88]
Round 252 | train_loss=1.1565 train_acc=0.5956 test_loss=2.0174 test_acc=0.3193
Round 253 | selected=[15, 20, 36, 17, 38, 60, 83, 84, 54, 9]
Round 253 | train_loss=1.0379 train_acc=0.6710 test_loss=1.8090 test_acc=0.2611
Round 254 | selected=[47, 81, 1, 36, 32, 18, 40, 59, 94, 89]
Round 254 | train_loss=1.1199 train_acc=0.6098 test_loss=1.5755 test_acc=0.4075
Round 255 | selected=[57, 12, 26, 7, 44, 18, 82, 39, 38, 52]
Round 255 | train_loss=0.9277 train_acc=0.7152 test_loss=1.5930 test_acc=0.4180
Round 256 | selected=[51, 18, 64, 15, 37, 60, 61, 13, 0, 39]
Round 256 | train_loss=0.9809 train_acc=0.6712 test_loss=1.7806 test_acc=0.3767
Round 257 | selected=[13, 60, 6, 27, 31, 36, 12, 83, 81, 52]
Round 257 | train_loss=0.9985 train_acc=0.6710 test_loss=1.5662 test_acc=0.4291
Round 258 | selected=[28, 23, 80, 42, 29, 26, 33, 0, 61, 64]
Round 258 | train_loss=0.9331 train_acc=0.7094 test_loss=1.9140 test_acc=0.3185
Round 259 | selected=[33, 79, 83, 18, 51, 73, 39, 95, 65, 17]
Round 259 | train_loss=0.8794 train_acc=0.7138 test_loss=1.6300 test_acc=0.4270
Round 260 | selected=[41, 95, 84, 0, 63, 59, 47, 54, 29, 83]
Round 260 | train_loss=0.7406 train_acc=0.7748 test_loss=1.8806 test_acc=0.2622
Round 261 | selected=[89, 35, 94, 8, 95, 4, 27, 58, 79, 85]
Round 261 | train_loss=0.9452 train_acc=0.6784 test_loss=1.9384 test_acc=0.3003
Round 262 | selected=[65, 58, 28, 44, 24, 61, 36, 98, 31, 34]
Round 262 | train_loss=1.2373 train_acc=0.5914 test_loss=1.6423 test_acc=0.3982
Round 263 | selected=[27, 31, 88, 50, 52, 47, 38, 90, 77, 17]
Round 263 | train_loss=1.0235 train_acc=0.6728 test_loss=1.5099 test_acc=0.4257
Round 264 | selected=[63, 21, 3, 54, 47, 73, 67, 70, 7, 18]
Round 264 | train_loss=0.9110 train_acc=0.7178 test_loss=1.5706 test_acc=0.4455
Round 265 | selected=[13, 35, 20, 62, 75, 42, 19, 6, 8, 3]
Round 265 | train_loss=0.8541 train_acc=0.7344 test_loss=1.6519 test_acc=0.3807
Round 266 | selected=[51, 92, 85, 77, 46, 73, 70, 65, 68, 35]
Round 266 | train_loss=0.9796 train_acc=0.6678 test_loss=1.7284 test_acc=0.3875
Round 267 | selected=[48, 40, 0, 92, 52, 20, 1, 12, 21, 51]
Round 267 | train_loss=0.9811 train_acc=0.6848 test_loss=1.8586 test_acc=0.3035
Round 268 | selected=[56, 73, 44, 50, 87, 3, 24, 22, 70, 7]
Round 268 | train_loss=0.9455 train_acc=0.6916 test_loss=1.7149 test_acc=0.3697
Round 269 | selected=[46, 82, 1, 72, 2, 14, 0, 85, 42, 33]
Round 269 | train_loss=0.9284 train_acc=0.6880 test_loss=1.8517 test_acc=0.3225
Round 270 | selected=[35, 1, 99, 17, 8, 21, 30, 69, 2, 94]
Round 270 | train_loss=0.9140 train_acc=0.7032 test_loss=1.5963 test_acc=0.4174
Round 271 | selected=[19, 51, 9, 43, 7, 93, 89, 6, 70, 86]
Round 271 | train_loss=0.9155 train_acc=0.7016 test_loss=1.5968 test_acc=0.4161
Round 272 | selected=[73, 75, 32, 2, 60, 85, 66, 3, 46, 59]
Round 272 | train_loss=0.8790 train_acc=0.7140 test_loss=1.7200 test_acc=0.4073
Round 273 | selected=[16, 62, 59, 9, 84, 42, 47, 23, 56, 80]
Round 273 | train_loss=0.8025 train_acc=0.7400 test_loss=1.6705 test_acc=0.4146
Round 274 | selected=[69, 52, 44, 41, 32, 91, 9, 62, 73, 31]
Round 274 | train_loss=0.7719 train_acc=0.7820 test_loss=1.8551 test_acc=0.3106
Round 275 | selected=[33, 62, 86, 46, 88, 90, 40, 13, 69, 44]
Round 275 | train_loss=0.8617 train_acc=0.7252 test_loss=1.7959 test_acc=0.3332
Round 276 | selected=[72, 54, 14, 46, 35, 65, 69, 47, 12, 45]
Round 276 | train_loss=0.9806 train_acc=0.6916 test_loss=1.8503 test_acc=0.3503
Round 277 | selected=[14, 76, 59, 32, 30, 12, 71, 8, 49, 45]
Round 277 | train_loss=0.9569 train_acc=0.6850 test_loss=1.8676 test_acc=0.3139
Round 278 | selected=[35, 81, 52, 8, 99, 67, 56, 32, 94, 3]
Round 278 | train_loss=1.0324 train_acc=0.6530 test_loss=1.9711 test_acc=0.3246
Round 279 | selected=[0, 96, 5, 84, 24, 87, 4, 32, 85, 52]
Round 279 | train_loss=0.9207 train_acc=0.6978 test_loss=1.7172 test_acc=0.3429
Round 280 | selected=[19, 23, 96, 73, 71, 6, 54, 33, 63, 55]
Round 280 | train_loss=0.8650 train_acc=0.7084 test_loss=1.5796 test_acc=0.4043
Round 281 | selected=[98, 22, 19, 95, 55, 15, 45, 84, 87, 3]
Round 281 | train_loss=0.9892 train_acc=0.6722 test_loss=1.8783 test_acc=0.3179
Round 282 | selected=[14, 35, 65, 40, 20, 97, 22, 9, 54, 23]
Round 282 | train_loss=1.0432 train_acc=0.6278 test_loss=1.6975 test_acc=0.3646
Round 283 | selected=[99, 93, 22, 76, 8, 41, 4, 68, 17, 53]
Round 283 | train_loss=1.0376 train_acc=0.6592 test_loss=1.8193 test_acc=0.2766
Round 284 | selected=[16, 27, 33, 44, 50, 80, 9, 2, 37, 85]
Round 284 | train_loss=1.0256 train_acc=0.6360 test_loss=2.1170 test_acc=0.2786
Round 285 | selected=[78, 68, 37, 65, 38, 55, 26, 69, 4, 5]
Round 285 | train_loss=1.0679 train_acc=0.6748 test_loss=2.2650 test_acc=0.2712
Round 286 | selected=[67, 82, 31, 57, 77, 63, 3, 19, 88, 52]
Round 286 | train_loss=1.0579 train_acc=0.6622 test_loss=1.6031 test_acc=0.3748
Round 287 | selected=[85, 53, 10, 91, 43, 18, 52, 78, 5, 1]
Round 287 | train_loss=0.9058 train_acc=0.7006 test_loss=1.6883 test_acc=0.3598
Round 288 | selected=[41, 20, 28, 42, 25, 58, 84, 98, 62, 95]
Round 288 | train_loss=0.9819 train_acc=0.6862 test_loss=1.8592 test_acc=0.2793
Round 289 | selected=[69, 3, 22, 33, 19, 71, 96, 81, 18, 25]
Round 289 | train_loss=1.0730 train_acc=0.6512 test_loss=1.5781 test_acc=0.4278
Round 290 | selected=[41, 4, 24, 67, 16, 53, 22, 97, 34, 64]
Round 290 | train_loss=0.9219 train_acc=0.7030 test_loss=1.6466 test_acc=0.3641
Round 291 | selected=[70, 3, 60, 47, 19, 76, 49, 11, 16, 68]
Round 291 | train_loss=1.0030 train_acc=0.6722 test_loss=1.6425 test_acc=0.3524
Round 292 | selected=[67, 38, 34, 57, 6, 10, 58, 93, 37, 23]
Round 292 | train_loss=0.9294 train_acc=0.6798 test_loss=1.5340 test_acc=0.4274
Round 293 | selected=[64, 44, 21, 12, 90, 11, 98, 33, 43, 19]
Round 293 | train_loss=0.9620 train_acc=0.7052 test_loss=1.9235 test_acc=0.3107
Round 294 | selected=[79, 4, 30, 27, 81, 54, 74, 35, 70, 2]
Round 294 | train_loss=0.9598 train_acc=0.6884 test_loss=1.6191 test_acc=0.3900
Round 295 | selected=[51, 49, 8, 56, 68, 25, 91, 72, 17, 15]
Round 295 | train_loss=0.9783 train_acc=0.6986 test_loss=1.8940 test_acc=0.3225
Round 296 | selected=[57, 76, 33, 72, 30, 8, 96, 38, 19, 21]
Round 296 | train_loss=0.9641 train_acc=0.6742 test_loss=1.8373 test_acc=0.3626
Round 297 | selected=[25, 60, 63, 75, 42, 52, 98, 56, 2, 28]
Round 297 | train_loss=1.0331 train_acc=0.6710 test_loss=1.7174 test_acc=0.3937
Round 298 | selected=[20, 41, 87, 32, 27, 11, 82, 43, 78, 91]
Round 298 | train_loss=1.0003 train_acc=0.6744 test_loss=1.7102 test_acc=0.3776
Round 299 | selected=[93, 89, 79, 33, 90, 2, 8, 56, 95, 4]
Round 299 | train_loss=0.8185 train_acc=0.7344 test_loss=1.6212 test_acc=0.3982
Round 300 | selected=[18, 54, 5, 4, 28, 35, 3, 78, 52, 10]
Round 300 | train_loss=0.8129 train_acc=0.7364 test_loss=1.5651 test_acc=0.4045
Round 301 | selected=[57, 8, 13, 5, 68, 95, 77, 79, 63, 48]
Round 301 | train_loss=0.7814 train_acc=0.7542 test_loss=1.5795 test_acc=0.4277
Round 302 | selected=[32, 84, 30, 86, 90, 60, 35, 64, 11, 53]
Round 302 | train_loss=0.8595 train_acc=0.7254 test_loss=1.8675 test_acc=0.3410
Round 303 | selected=[88, 43, 9, 28, 61, 48, 76, 21, 93, 59]
Round 303 | train_loss=1.0632 train_acc=0.6526 test_loss=2.0334 test_acc=0.3049
Round 304 | selected=[99, 51, 95, 89, 34, 10, 83, 42, 52, 62]
Round 304 | train_loss=0.9395 train_acc=0.7000 test_loss=1.8821 test_acc=0.3219
Round 305 | selected=[58, 12, 79, 28, 53, 81, 38, 14, 27, 46]
Round 305 | train_loss=1.2119 train_acc=0.6132 test_loss=1.7029 test_acc=0.3310
Round 306 | selected=[31, 95, 87, 82, 20, 12, 72, 18, 1, 62]
Round 306 | train_loss=0.9631 train_acc=0.6892 test_loss=1.8878 test_acc=0.3010
Round 307 | selected=[10, 31, 28, 13, 60, 35, 36, 52, 72, 84]
Round 307 | train_loss=0.9882 train_acc=0.6714 test_loss=1.6915 test_acc=0.3536
Round 308 | selected=[19, 9, 52, 28, 35, 4, 21, 2, 57, 98]
Round 308 | train_loss=0.8066 train_acc=0.7408 test_loss=1.6572 test_acc=0.4118
Round 309 | selected=[67, 6, 27, 51, 74, 58, 40, 38, 71, 98]
Round 309 | train_loss=0.9749 train_acc=0.6772 test_loss=1.6992 test_acc=0.3618
Round 310 | selected=[83, 11, 66, 73, 23, 12, 34, 1, 65, 63]
Round 310 | train_loss=1.1127 train_acc=0.6488 test_loss=1.7888 test_acc=0.3437
Round 311 | selected=[5, 43, 81, 92, 82, 89, 93, 56, 16, 28]
Round 311 | train_loss=1.0973 train_acc=0.6520 test_loss=1.9349 test_acc=0.2812
Round 312 | selected=[53, 73, 61, 62, 91, 83, 45, 89, 1, 50]
Round 312 | train_loss=0.9830 train_acc=0.6722 test_loss=1.5745 test_acc=0.4131
Round 313 | selected=[17, 3, 77, 14, 99, 96, 21, 20, 42, 79]
Round 313 | train_loss=0.9550 train_acc=0.6720 test_loss=1.6670 test_acc=0.3225
Round 314 | selected=[47, 58, 81, 46, 24, 49, 60, 82, 80, 53]
Round 314 | train_loss=0.9784 train_acc=0.6768 test_loss=1.8429 test_acc=0.3451
Round 315 | selected=[99, 29, 20, 39, 60, 58, 18, 44, 32, 95]
Round 315 | train_loss=0.9455 train_acc=0.6832 test_loss=1.8368 test_acc=0.3385
Round 316 | selected=[42, 77, 38, 74, 99, 34, 78, 86, 52, 46]
Round 316 | train_loss=0.8673 train_acc=0.7272 test_loss=1.5696 test_acc=0.3974
Round 317 | selected=[0, 47, 94, 5, 29, 50, 40, 99, 11, 31]
Round 317 | train_loss=0.9259 train_acc=0.7134 test_loss=1.6716 test_acc=0.3621
Round 318 | selected=[51, 84, 92, 16, 17, 19, 31, 34, 39, 99]
Round 318 | train_loss=0.9200 train_acc=0.6932 test_loss=1.5840 test_acc=0.3909
Round 319 | selected=[55, 58, 37, 65, 9, 52, 88, 94, 93, 72]
Round 319 | train_loss=1.0040 train_acc=0.6420 test_loss=1.8474 test_acc=0.3308
Round 320 | selected=[25, 28, 5, 81, 2, 76, 54, 30, 91, 75]
Round 320 | train_loss=0.9314 train_acc=0.6880 test_loss=1.6150 test_acc=0.3856
Round 321 | selected=[59, 53, 29, 97, 15, 41, 8, 52, 9, 10]
Round 321 | train_loss=0.9493 train_acc=0.6824 test_loss=1.6541 test_acc=0.3610
Round 322 | selected=[64, 27, 71, 18, 47, 35, 33, 74, 13, 43]
Round 322 | train_loss=0.8798 train_acc=0.7084 test_loss=2.2249 test_acc=0.2143
Round 323 | selected=[87, 9, 65, 74, 79, 95, 68, 57, 23, 97]
Round 323 | train_loss=1.1639 train_acc=0.6382 test_loss=2.1834 test_acc=0.2740
Round 324 | selected=[70, 79, 67, 45, 40, 54, 75, 36, 24, 51]
Round 324 | train_loss=1.0990 train_acc=0.6552 test_loss=1.9278 test_acc=0.3106
Round 325 | selected=[61, 55, 1, 25, 50, 8, 98, 86, 33, 70]
Round 325 | train_loss=1.3754 train_acc=0.5892 test_loss=1.9696 test_acc=0.3362
Round 326 | selected=[16, 41, 52, 36, 70, 17, 46, 53, 15, 11]
Round 326 | train_loss=0.9727 train_acc=0.7032 test_loss=1.6505 test_acc=0.3627
Round 327 | selected=[18, 8, 66, 72, 4, 89, 6, 22, 24, 79]
Round 327 | train_loss=0.9110 train_acc=0.7084 test_loss=1.6376 test_acc=0.3710
Round 328 | selected=[29, 97, 11, 94, 7, 78, 20, 98, 4, 56]
Round 328 | train_loss=0.9548 train_acc=0.6764 test_loss=1.6783 test_acc=0.3425
Round 329 | selected=[5, 51, 84, 77, 81, 48, 38, 4, 93, 22]
Round 329 | train_loss=0.8392 train_acc=0.7212 test_loss=1.7463 test_acc=0.3261
Round 330 | selected=[25, 59, 48, 13, 38, 44, 95, 15, 50, 76]
Round 330 | train_loss=0.9042 train_acc=0.6916 test_loss=1.9869 test_acc=0.3013
Round 331 | selected=[73, 30, 33, 26, 69, 32, 62, 57, 11, 27]
Round 331 | train_loss=0.7492 train_acc=0.7722 test_loss=1.9525 test_acc=0.2847
Round 332 | selected=[33, 69, 48, 80, 19, 75, 14, 17, 35, 13]
Round 332 | train_loss=0.8500 train_acc=0.7268 test_loss=1.6194 test_acc=0.3786
Round 333 | selected=[52, 33, 71, 76, 63, 57, 85, 96, 58, 88]
Round 333 | train_loss=0.8519 train_acc=0.6984 test_loss=1.5426 test_acc=0.4366
Round 334 | selected=[30, 82, 24, 50, 10, 71, 11, 85, 21, 36]
Round 334 | train_loss=0.9063 train_acc=0.7116 test_loss=1.6921 test_acc=0.3654
Round 335 | selected=[38, 58, 44, 18, 32, 88, 75, 78, 22, 42]
Round 335 | train_loss=0.8598 train_acc=0.7120 test_loss=1.6123 test_acc=0.3904
Round 336 | selected=[67, 45, 87, 37, 74, 95, 30, 76, 34, 27]
Round 336 | train_loss=0.8276 train_acc=0.7270 test_loss=1.5310 test_acc=0.4087
Round 337 | selected=[66, 13, 43, 42, 37, 2, 97, 35, 79, 38]
Round 337 | train_loss=0.6862 train_acc=0.7814 test_loss=1.5117 test_acc=0.4598
Round 338 | selected=[36, 58, 25, 46, 22, 73, 76, 26, 0, 79]
Round 338 | train_loss=0.8718 train_acc=0.7028 test_loss=1.5744 test_acc=0.3763
Round 339 | selected=[88, 72, 10, 23, 22, 8, 52, 0, 93, 5]
Round 339 | train_loss=0.8536 train_acc=0.7064 test_loss=1.6672 test_acc=0.4208
Round 340 | selected=[16, 2, 65, 33, 43, 31, 61, 75, 95, 7]
Round 340 | train_loss=0.8141 train_acc=0.7386 test_loss=1.6413 test_acc=0.3681
Round 341 | selected=[22, 53, 1, 49, 64, 83, 93, 46, 5, 45]
Round 341 | train_loss=0.7969 train_acc=0.7426 test_loss=1.9075 test_acc=0.2819
Round 342 | selected=[6, 26, 29, 10, 86, 82, 50, 95, 56, 21]
Round 342 | train_loss=0.9124 train_acc=0.6972 test_loss=1.9602 test_acc=0.3210
Round 343 | selected=[31, 10, 28, 40, 93, 79, 88, 0, 69, 72]
Round 343 | train_loss=1.0148 train_acc=0.6558 test_loss=1.8730 test_acc=0.3185
Round 344 | selected=[29, 0, 96, 5, 15, 89, 6, 11, 62, 34]
Round 344 | train_loss=0.7673 train_acc=0.7526 test_loss=1.5626 test_acc=0.4173
Round 345 | selected=[7, 82, 42, 57, 92, 60, 33, 66, 99, 76]
Round 345 | train_loss=0.9300 train_acc=0.6938 test_loss=2.0459 test_acc=0.2810
Round 346 | selected=[4, 0, 35, 44, 49, 36, 72, 92, 31, 17]
Round 346 | train_loss=0.9317 train_acc=0.6946 test_loss=1.7830 test_acc=0.3530
Round 347 | selected=[34, 52, 90, 33, 25, 95, 78, 43, 83, 35]
Round 347 | train_loss=0.6305 train_acc=0.8118 test_loss=2.0241 test_acc=0.2501
Round 348 | selected=[69, 0, 84, 83, 38, 1, 11, 14, 77, 19]
Round 348 | train_loss=1.0517 train_acc=0.6346 test_loss=1.6354 test_acc=0.3911
Round 349 | selected=[69, 63, 98, 65, 43, 99, 71, 96, 19, 5]
Round 349 | train_loss=0.7596 train_acc=0.7544 test_loss=1.8508 test_acc=0.3145
Round 350 | selected=[33, 84, 54, 79, 8, 56, 12, 95, 59, 49]
Round 350 | train_loss=0.8854 train_acc=0.7226 test_loss=1.6252 test_acc=0.4067
Round 351 | selected=[82, 48, 7, 99, 89, 71, 40, 83, 5, 67]
Round 351 | train_loss=0.8755 train_acc=0.7284 test_loss=1.5289 test_acc=0.3784
Round 352 | selected=[73, 99, 4, 45, 26, 95, 70, 34, 78, 82]
Round 352 | train_loss=0.7683 train_acc=0.7706 test_loss=1.7692 test_acc=0.3232
Round 353 | selected=[55, 90, 51, 72, 0, 44, 28, 19, 85, 49]
Round 353 | train_loss=1.0078 train_acc=0.6494 test_loss=1.7022 test_acc=0.3799
Round 354 | selected=[90, 15, 82, 98, 80, 51, 42, 71, 10, 58]
Round 354 | train_loss=1.0280 train_acc=0.6630 test_loss=1.5817 test_acc=0.3939
Round 355 | selected=[53, 88, 1, 75, 70, 91, 87, 35, 51, 68]
Round 355 | train_loss=0.8045 train_acc=0.7468 test_loss=1.5547 test_acc=0.4026
Round 356 | selected=[80, 43, 32, 94, 27, 61, 69, 17, 71, 36]
Round 356 | train_loss=0.9010 train_acc=0.6966 test_loss=1.4525 test_acc=0.4812
Round 357 | selected=[61, 19, 30, 31, 38, 99, 3, 64, 36, 7]
Round 357 | train_loss=0.8831 train_acc=0.7112 test_loss=1.8959 test_acc=0.3210
Round 358 | selected=[33, 92, 3, 23, 19, 22, 83, 62, 38, 70]
Round 358 | train_loss=0.8355 train_acc=0.7272 test_loss=1.8239 test_acc=0.3787
Round 359 | selected=[84, 33, 94, 19, 31, 57, 43, 73, 35, 32]
Round 359 | train_loss=0.7419 train_acc=0.7840 test_loss=2.0428 test_acc=0.2891
Round 360 | selected=[44, 87, 52, 29, 58, 57, 60, 40, 72, 82]
Round 360 | train_loss=1.0444 train_acc=0.6590 test_loss=1.9465 test_acc=0.3343
Round 361 | selected=[22, 95, 67, 89, 4, 75, 31, 8, 53, 1]
Round 361 | train_loss=0.9575 train_acc=0.6902 test_loss=1.8731 test_acc=0.3752
Round 362 | selected=[85, 31, 1, 26, 88, 53, 37, 57, 95, 9]
Round 362 | train_loss=0.8925 train_acc=0.7158 test_loss=1.7263 test_acc=0.3639
Round 363 | selected=[90, 80, 88, 6, 37, 33, 60, 84, 64, 32]
Round 363 | train_loss=0.8741 train_acc=0.7022 test_loss=1.5989 test_acc=0.3757
Round 364 | selected=[89, 51, 39, 85, 69, 68, 18, 57, 49, 71]
Round 364 | train_loss=0.8938 train_acc=0.7136 test_loss=1.5924 test_acc=0.4054
Round 365 | selected=[89, 54, 97, 58, 49, 83, 29, 0, 74, 7]
Round 365 | train_loss=0.7633 train_acc=0.7332 test_loss=1.4668 test_acc=0.4422
Round 366 | selected=[27, 13, 20, 96, 58, 21, 51, 70, 8, 34]
Round 366 | train_loss=0.8774 train_acc=0.7036 test_loss=1.5218 test_acc=0.4266
Round 367 | selected=[63, 0, 10, 54, 85, 3, 94, 83, 28, 73]
Round 367 | train_loss=0.8832 train_acc=0.6840 test_loss=2.1119 test_acc=0.2532
Round 368 | selected=[38, 26, 28, 4, 80, 33, 87, 81, 34, 25]
Round 368 | train_loss=0.9335 train_acc=0.7000 test_loss=1.6967 test_acc=0.3727
Round 369 | selected=[86, 5, 0, 18, 41, 47, 49, 80, 10, 68]
Round 369 | train_loss=0.9289 train_acc=0.6922 test_loss=1.6370 test_acc=0.3807
Round 370 | selected=[47, 82, 1, 0, 83, 66, 52, 62, 68, 94]
Round 370 | train_loss=0.8297 train_acc=0.7396 test_loss=1.7784 test_acc=0.2949
Round 371 | selected=[39, 14, 71, 13, 75, 2, 34, 26, 37, 21]
Round 371 | train_loss=0.8856 train_acc=0.7086 test_loss=1.5700 test_acc=0.4054
Round 372 | selected=[28, 90, 25, 83, 36, 32, 74, 87, 14, 30]
Round 372 | train_loss=0.8964 train_acc=0.6794 test_loss=1.9358 test_acc=0.2939
Round 373 | selected=[53, 26, 24, 0, 28, 66, 58, 9, 22, 74]
Round 373 | train_loss=1.0549 train_acc=0.6634 test_loss=1.8320 test_acc=0.3498
Round 374 | selected=[73, 56, 29, 51, 65, 62, 9, 16, 97, 48]
Round 374 | train_loss=0.9922 train_acc=0.6456 test_loss=1.8930 test_acc=0.3257
Round 375 | selected=[53, 66, 63, 32, 48, 95, 70, 81, 5, 2]
Round 375 | train_loss=0.8831 train_acc=0.6974 test_loss=1.7501 test_acc=0.3427
Round 376 | selected=[51, 27, 69, 85, 38, 74, 26, 90, 24, 16]
Round 376 | train_loss=0.8889 train_acc=0.7010 test_loss=1.6197 test_acc=0.3863
Round 377 | selected=[10, 83, 60, 57, 89, 91, 42, 46, 82, 53]
Round 377 | train_loss=0.8350 train_acc=0.7406 test_loss=2.0379 test_acc=0.3231
Round 378 | selected=[0, 79, 2, 39, 88, 28, 63, 81, 1, 56]
Round 378 | train_loss=1.0000 train_acc=0.6690 test_loss=1.5950 test_acc=0.4629
Round 379 | selected=[19, 27, 16, 88, 7, 42, 65, 36, 97, 28]
Round 379 | train_loss=1.0038 train_acc=0.6672 test_loss=1.5722 test_acc=0.3914
Round 380 | selected=[40, 23, 7, 11, 53, 0, 60, 78, 95, 1]
Round 380 | train_loss=0.8304 train_acc=0.7282 test_loss=1.6597 test_acc=0.3599
Round 381 | selected=[97, 32, 19, 11, 34, 87, 49, 48, 83, 60]
Round 381 | train_loss=0.7540 train_acc=0.7428 test_loss=1.5279 test_acc=0.3925
Round 382 | selected=[63, 56, 31, 73, 42, 75, 14, 33, 76, 57]
Round 382 | train_loss=0.8282 train_acc=0.7192 test_loss=1.5359 test_acc=0.4330
Round 383 | selected=[22, 94, 51, 6, 1, 14, 90, 8, 0, 23]
Round 383 | train_loss=1.0031 train_acc=0.6562 test_loss=1.5869 test_acc=0.4066
Round 384 | selected=[92, 74, 51, 65, 67, 76, 59, 25, 72, 97]
Round 384 | train_loss=0.9679 train_acc=0.6666 test_loss=1.6073 test_acc=0.3724
Round 385 | selected=[94, 99, 12, 70, 59, 26, 31, 40, 84, 11]
Round 385 | train_loss=0.8669 train_acc=0.7178 test_loss=1.6369 test_acc=0.3854
Round 386 | selected=[37, 54, 88, 20, 94, 61, 43, 80, 4, 29]
Round 386 | train_loss=0.8675 train_acc=0.7156 test_loss=1.5592 test_acc=0.4238
Round 387 | selected=[66, 16, 80, 70, 1, 36, 90, 56, 65, 9]
Round 387 | train_loss=0.9349 train_acc=0.6812 test_loss=1.3745 test_acc=0.4684
Round 388 | selected=[24, 63, 91, 99, 53, 43, 62, 47, 55, 70]
Round 388 | train_loss=0.7835 train_acc=0.7516 test_loss=1.6023 test_acc=0.3801
Round 389 | selected=[65, 21, 41, 35, 20, 40, 22, 78, 15, 32]
Round 389 | train_loss=0.7235 train_acc=0.7702 test_loss=1.5799 test_acc=0.4119
Round 390 | selected=[72, 45, 76, 80, 93, 54, 20, 49, 86, 64]
Round 390 | train_loss=0.8388 train_acc=0.7336 test_loss=1.6533 test_acc=0.4075
Round 391 | selected=[49, 29, 34, 35, 63, 18, 3, 44, 96, 24]
Round 391 | train_loss=0.8030 train_acc=0.7368 test_loss=1.6242 test_acc=0.3887
Round 392 | selected=[12, 31, 21, 78, 84, 40, 33, 91, 19, 14]
Round 392 | train_loss=0.7850 train_acc=0.7384 test_loss=1.6332 test_acc=0.3970
Round 393 | selected=[82, 87, 56, 39, 27, 64, 84, 78, 1, 98]
Round 393 | train_loss=0.8801 train_acc=0.7154 test_loss=1.8273 test_acc=0.3162
Round 394 | selected=[67, 40, 92, 19, 77, 72, 81, 0, 34, 15]
Round 394 | train_loss=0.9031 train_acc=0.6816 test_loss=1.6913 test_acc=0.3715
Round 395 | selected=[62, 65, 34, 49, 47, 97, 66, 12, 45, 26]
Round 395 | train_loss=0.7870 train_acc=0.7348 test_loss=1.5062 test_acc=0.4474
Round 396 | selected=[66, 74, 94, 5, 93, 60, 2, 75, 22, 85]
Round 396 | train_loss=0.7411 train_acc=0.7566 test_loss=1.5179 test_acc=0.4178
Round 397 | selected=[13, 37, 42, 93, 58, 54, 9, 50, 75, 35]
Round 397 | train_loss=0.7399 train_acc=0.7568 test_loss=1.6635 test_acc=0.3960
Round 398 | selected=[42, 70, 13, 45, 43, 32, 17, 22, 87, 50]
Round 398 | train_loss=0.7722 train_acc=0.7552 test_loss=1.6246 test_acc=0.4574
Round 399 | selected=[88, 56, 36, 70, 41, 44, 39, 46, 93, 37]
Round 399 | train_loss=0.8478 train_acc=0.7394 test_loss=1.3396 test_acc=0.5077
Round 400 | selected=[14, 99, 3, 21, 87, 38, 86, 93, 94, 67]
Round 400 | train_loss=0.8225 train_acc=0.7282 test_loss=1.6386 test_acc=0.3701
Round 401 | selected=[1, 76, 41, 84, 67, 55, 70, 56, 37, 31]
Round 401 | train_loss=0.8473 train_acc=0.7168 test_loss=1.3969 test_acc=0.4949
Round 402 | selected=[88, 97, 80, 43, 56, 12, 0, 54, 93, 72]
Round 402 | train_loss=0.8564 train_acc=0.7152 test_loss=1.6363 test_acc=0.4117
Round 403 | selected=[22, 53, 57, 86, 56, 68, 21, 47, 74, 73]
Round 403 | train_loss=0.6581 train_acc=0.8052 test_loss=1.8135 test_acc=0.3431
Round 404 | selected=[94, 54, 73, 95, 3, 36, 4, 64, 45, 29]
Round 404 | train_loss=0.8335 train_acc=0.7220 test_loss=1.5512 test_acc=0.4025
Round 405 | selected=[58, 21, 63, 16, 73, 93, 30, 70, 34, 54]
Round 405 | train_loss=0.8228 train_acc=0.7280 test_loss=1.3838 test_acc=0.4924
Round 406 | selected=[55, 81, 49, 89, 16, 50, 27, 76, 99, 79]
Round 406 | train_loss=0.8084 train_acc=0.7316 test_loss=1.4701 test_acc=0.4799
Round 407 | selected=[18, 99, 11, 35, 91, 70, 7, 23, 46, 65]
Round 407 | train_loss=0.7739 train_acc=0.7540 test_loss=1.5911 test_acc=0.4090
Round 408 | selected=[55, 23, 60, 78, 67, 48, 56, 59, 45, 8]
Round 408 | train_loss=0.8821 train_acc=0.7208 test_loss=1.9794 test_acc=0.3140
Round 409 | selected=[51, 34, 37, 11, 22, 88, 86, 77, 56, 79]
Round 409 | train_loss=0.9150 train_acc=0.6996 test_loss=1.4811 test_acc=0.4538
Round 410 | selected=[59, 47, 34, 27, 45, 11, 51, 14, 42, 46]
Round 410 | train_loss=0.8935 train_acc=0.7096 test_loss=1.6090 test_acc=0.3738
Round 411 | selected=[20, 97, 55, 64, 75, 63, 15, 95, 35, 13]
Round 411 | train_loss=0.8082 train_acc=0.7198 test_loss=2.0130 test_acc=0.3032
Round 412 | selected=[0, 12, 32, 63, 14, 50, 94, 21, 54, 52]
Round 412 | train_loss=0.8223 train_acc=0.7180 test_loss=1.5377 test_acc=0.4269
Round 413 | selected=[52, 85, 22, 3, 14, 19, 49, 47, 98, 1]
Round 413 | train_loss=0.8435 train_acc=0.7026 test_loss=1.5320 test_acc=0.4139
Round 414 | selected=[53, 83, 96, 50, 57, 93, 87, 44, 95, 85]
Round 414 | train_loss=0.8039 train_acc=0.7278 test_loss=1.5364 test_acc=0.4127
Round 415 | selected=[55, 24, 30, 66, 43, 39, 44, 33, 90, 8]
Round 415 | train_loss=0.8213 train_acc=0.7284 test_loss=1.3133 test_acc=0.5251
Round 416 | selected=[84, 92, 44, 13, 91, 28, 74, 58, 96, 72]
Round 416 | train_loss=0.7136 train_acc=0.7572 test_loss=1.3413 test_acc=0.5090
Round 417 | selected=[11, 67, 2, 85, 28, 87, 82, 5, 59, 68]
Round 417 | train_loss=0.7610 train_acc=0.7594 test_loss=1.4310 test_acc=0.4319
Round 418 | selected=[85, 39, 80, 93, 96, 82, 41, 60, 81, 25]
Round 418 | train_loss=0.7992 train_acc=0.7374 test_loss=1.3635 test_acc=0.4975
Round 419 | selected=[18, 8, 87, 33, 55, 95, 64, 74, 62, 31]
Round 419 | train_loss=0.6684 train_acc=0.7978 test_loss=2.2105 test_acc=0.2550
Round 420 | selected=[97, 74, 13, 77, 54, 18, 72, 86, 67, 63]
Round 420 | train_loss=0.9351 train_acc=0.6876 test_loss=1.4944 test_acc=0.4596
Round 421 | selected=[77, 16, 23, 27, 98, 37, 33, 88, 67, 40]
Round 421 | train_loss=0.8631 train_acc=0.7028 test_loss=1.6762 test_acc=0.3660
Round 422 | selected=[25, 88, 81, 31, 72, 96, 26, 69, 94, 36]
Round 422 | train_loss=0.8705 train_acc=0.7070 test_loss=1.4337 test_acc=0.4757
Round 423 | selected=[75, 89, 24, 37, 5, 67, 48, 21, 59, 99]
Round 423 | train_loss=0.6918 train_acc=0.7852 test_loss=1.4310 test_acc=0.5183
Round 424 | selected=[80, 52, 4, 99, 67, 96, 60, 20, 93, 32]
Round 424 | train_loss=0.6757 train_acc=0.7856 test_loss=1.5752 test_acc=0.4276
Round 425 | selected=[48, 2, 25, 0, 77, 76, 58, 73, 24, 35]
Round 425 | train_loss=0.8659 train_acc=0.7092 test_loss=1.5050 test_acc=0.4479
Round 426 | selected=[15, 63, 75, 85, 80, 47, 93, 69, 54, 68]
Round 426 | train_loss=0.7416 train_acc=0.7554 test_loss=1.7298 test_acc=0.3921
Round 427 | selected=[14, 27, 90, 69, 13, 53, 19, 76, 93, 39]
Round 427 | train_loss=0.9737 train_acc=0.6522 test_loss=1.4709 test_acc=0.4672
Round 428 | selected=[96, 63, 38, 81, 43, 83, 99, 18, 53, 37]
Round 428 | train_loss=0.7423 train_acc=0.7466 test_loss=1.5987 test_acc=0.3896
Round 429 | selected=[29, 18, 25, 69, 89, 73, 31, 16, 5, 54]
Round 429 | train_loss=0.6757 train_acc=0.7820 test_loss=1.5122 test_acc=0.4177
Round 430 | selected=[29, 60, 98, 53, 28, 69, 54, 38, 96, 67]
Round 430 | train_loss=0.6540 train_acc=0.7886 test_loss=1.4494 test_acc=0.4289
Round 431 | selected=[40, 64, 45, 59, 56, 6, 55, 62, 7, 91]
Round 431 | train_loss=0.8538 train_acc=0.7228 test_loss=2.0099 test_acc=0.3514
Round 432 | selected=[75, 14, 87, 72, 3, 38, 24, 49, 76, 16]
Round 432 | train_loss=1.0276 train_acc=0.6594 test_loss=2.2860 test_acc=0.2305
Round 433 | selected=[62, 0, 71, 32, 10, 13, 84, 20, 99, 26]
Round 433 | train_loss=1.0210 train_acc=0.6726 test_loss=1.7844 test_acc=0.3721
Round 434 | selected=[28, 61, 82, 92, 72, 18, 15, 47, 87, 11]
Round 434 | train_loss=0.9529 train_acc=0.6878 test_loss=1.6047 test_acc=0.3653
Round 435 | selected=[82, 0, 77, 4, 65, 13, 99, 11, 30, 43]
Round 435 | train_loss=0.8514 train_acc=0.7276 test_loss=1.7097 test_acc=0.3423
Round 436 | selected=[67, 10, 73, 65, 20, 47, 24, 90, 92, 91]
Round 436 | train_loss=1.0859 train_acc=0.6466 test_loss=1.8056 test_acc=0.3547
Round 437 | selected=[49, 23, 34, 82, 80, 2, 67, 93, 42, 14]
Round 437 | train_loss=0.8794 train_acc=0.7250 test_loss=1.4582 test_acc=0.4484
Round 438 | selected=[6, 60, 46, 3, 89, 1, 91, 47, 88, 72]
Round 438 | train_loss=0.7836 train_acc=0.7526 test_loss=1.4840 test_acc=0.4279
Round 439 | selected=[51, 79, 59, 7, 4, 72, 10, 71, 16, 1]
Round 439 | train_loss=0.7442 train_acc=0.7522 test_loss=1.5504 test_acc=0.4034
Round 440 | selected=[43, 59, 74, 90, 53, 26, 38, 86, 48, 2]
Round 440 | train_loss=0.7423 train_acc=0.7538 test_loss=1.5145 test_acc=0.4368
Round 441 | selected=[78, 79, 24, 1, 87, 61, 33, 85, 54, 96]
Round 441 | train_loss=0.7824 train_acc=0.7344 test_loss=1.4626 test_acc=0.4756
Round 442 | selected=[50, 29, 11, 71, 20, 9, 85, 67, 2, 42]
Round 442 | train_loss=0.7229 train_acc=0.7688 test_loss=1.5317 test_acc=0.4619
Round 443 | selected=[97, 7, 81, 6, 39, 34, 76, 65, 84, 17]
Round 443 | train_loss=0.9003 train_acc=0.6982 test_loss=1.2998 test_acc=0.5395
Round 444 | selected=[23, 68, 64, 41, 17, 51, 34, 78, 12, 57]
Round 444 | train_loss=0.7258 train_acc=0.7804 test_loss=1.7583 test_acc=0.3646
Round 445 | selected=[18, 10, 28, 70, 45, 4, 60, 49, 58, 8]
Round 445 | train_loss=0.8866 train_acc=0.7146 test_loss=1.7047 test_acc=0.3849
Round 446 | selected=[47, 51, 45, 62, 53, 80, 22, 0, 83, 96]
Round 446 | train_loss=0.7225 train_acc=0.7636 test_loss=1.6471 test_acc=0.3996
Round 447 | selected=[60, 45, 43, 88, 29, 46, 67, 25, 74, 51]
Round 447 | train_loss=0.8022 train_acc=0.7560 test_loss=1.6396 test_acc=0.3782
Round 448 | selected=[86, 26, 20, 74, 45, 82, 94, 33, 81, 58]
Round 448 | train_loss=0.8701 train_acc=0.7106 test_loss=1.6944 test_acc=0.3544
Round 449 | selected=[86, 78, 90, 22, 24, 39, 5, 77, 4, 71]
Round 449 | train_loss=0.8870 train_acc=0.6976 test_loss=1.5166 test_acc=0.4128
Round 450 | selected=[84, 1, 17, 43, 94, 12, 76, 46, 80, 66]
Round 450 | train_loss=0.8149 train_acc=0.7310 test_loss=1.7001 test_acc=0.4278
Round 451 | selected=[60, 69, 13, 97, 79, 39, 4, 19, 94, 46]
Round 451 | train_loss=0.7422 train_acc=0.7584 test_loss=1.6340 test_acc=0.4106
Round 452 | selected=[77, 45, 56, 97, 1, 59, 14, 89, 21, 85]
Round 452 | train_loss=0.9148 train_acc=0.6878 test_loss=1.5747 test_acc=0.4363
Round 453 | selected=[90, 48, 83, 53, 95, 14, 67, 60, 29, 69]
Round 453 | train_loss=0.7630 train_acc=0.7558 test_loss=1.7656 test_acc=0.3415
Round 454 | selected=[89, 93, 2, 74, 64, 62, 13, 15, 68, 1]
Round 454 | train_loss=0.8171 train_acc=0.7286 test_loss=1.5778 test_acc=0.4600
Round 455 | selected=[61, 85, 10, 66, 62, 43, 98, 37, 91, 30]
Round 455 | train_loss=0.8242 train_acc=0.7350 test_loss=1.4433 test_acc=0.4571
Round 456 | selected=[45, 87, 41, 25, 34, 18, 33, 11, 39, 83]
Round 456 | train_loss=0.6219 train_acc=0.8092 test_loss=1.8915 test_acc=0.2748
Round 457 | selected=[86, 23, 31, 68, 55, 17, 15, 97, 43, 4]
Round 457 | train_loss=0.8442 train_acc=0.7342 test_loss=1.5012 test_acc=0.4508
Round 458 | selected=[67, 90, 85, 55, 16, 37, 75, 66, 92, 53]
Round 458 | train_loss=0.7651 train_acc=0.7424 test_loss=1.4769 test_acc=0.4437
Round 459 | selected=[49, 26, 79, 37, 92, 63, 55, 90, 99, 22]
Round 459 | train_loss=0.6517 train_acc=0.7854 test_loss=1.3973 test_acc=0.4917
Round 460 | selected=[70, 97, 61, 88, 4, 64, 86, 22, 31, 29]
Round 460 | train_loss=0.7547 train_acc=0.7578 test_loss=1.3890 test_acc=0.5037
Round 461 | selected=[70, 40, 21, 10, 3, 68, 37, 83, 1, 98]
Round 461 | train_loss=0.7081 train_acc=0.7630 test_loss=1.4121 test_acc=0.4614
Round 462 | selected=[15, 96, 85, 22, 99, 84, 51, 55, 1, 28]
Round 462 | train_loss=0.7942 train_acc=0.7290 test_loss=1.5232 test_acc=0.4501
Round 463 | selected=[53, 45, 91, 54, 6, 24, 7, 16, 67, 97]
Round 463 | train_loss=0.7649 train_acc=0.7544 test_loss=1.6572 test_acc=0.3859
Round 464 | selected=[35, 71, 4, 89, 80, 52, 44, 36, 42, 11]
Round 464 | train_loss=0.6604 train_acc=0.7896 test_loss=1.5579 test_acc=0.4305
Round 465 | selected=[86, 1, 57, 68, 31, 74, 88, 20, 21, 91]
Round 465 | train_loss=0.7881 train_acc=0.7480 test_loss=1.4557 test_acc=0.4354
Round 466 | selected=[76, 52, 42, 1, 80, 10, 88, 58, 95, 8]
Round 466 | train_loss=0.7873 train_acc=0.7240 test_loss=1.3905 test_acc=0.4778
Round 467 | selected=[17, 25, 53, 69, 83, 98, 3, 7, 21, 87]
Round 467 | train_loss=0.7474 train_acc=0.7570 test_loss=1.5075 test_acc=0.4237
Round 468 | selected=[30, 99, 10, 33, 74, 59, 14, 25, 32, 86]
Round 468 | train_loss=0.8396 train_acc=0.7196 test_loss=1.4699 test_acc=0.4889
Round 469 | selected=[70, 75, 76, 19, 21, 90, 66, 14, 82, 33]
Round 469 | train_loss=0.8607 train_acc=0.7156 test_loss=1.4759 test_acc=0.4594
Round 470 | selected=[78, 83, 38, 49, 53, 81, 37, 76, 31, 4]
Round 470 | train_loss=0.6887 train_acc=0.7746 test_loss=1.3423 test_acc=0.4914
Round 471 | selected=[26, 61, 25, 15, 39, 66, 71, 72, 1, 40]
Round 471 | train_loss=0.7134 train_acc=0.7702 test_loss=1.3209 test_acc=0.5135
Round 472 | selected=[29, 8, 95, 0, 51, 62, 73, 68, 61, 24]
Round 472 | train_loss=0.7653 train_acc=0.7508 test_loss=1.7130 test_acc=0.3758
Round 473 | selected=[95, 28, 49, 83, 11, 31, 1, 65, 63, 74]
Round 473 | train_loss=0.7598 train_acc=0.7482 test_loss=1.6433 test_acc=0.4046
Round 474 | selected=[48, 42, 71, 63, 36, 57, 13, 35, 92, 60]
Round 474 | train_loss=0.7081 train_acc=0.7756 test_loss=1.5352 test_acc=0.4061
Round 475 | selected=[56, 25, 10, 83, 37, 92, 66, 33, 81, 73]
Round 475 | train_loss=0.7189 train_acc=0.7644 test_loss=1.5243 test_acc=0.4202
Round 476 | selected=[1, 30, 64, 48, 82, 69, 60, 3, 78, 73]
Round 476 | train_loss=0.7322 train_acc=0.7522 test_loss=1.7029 test_acc=0.4383
Round 477 | selected=[91, 93, 20, 17, 87, 23, 0, 3, 53, 67]
Round 477 | train_loss=0.9747 train_acc=0.6858 test_loss=1.5935 test_acc=0.4011
Round 478 | selected=[31, 74, 30, 23, 58, 78, 20, 5, 56, 6]
Round 478 | train_loss=0.7157 train_acc=0.7636 test_loss=1.5167 test_acc=0.4625
Round 479 | selected=[99, 21, 45, 30, 93, 85, 58, 97, 56, 13]
Round 479 | train_loss=0.6739 train_acc=0.7736 test_loss=1.4749 test_acc=0.4972
Round 480 | selected=[62, 29, 37, 54, 51, 93, 33, 59, 4, 16]
Round 480 | train_loss=0.6893 train_acc=0.7866 test_loss=1.4233 test_acc=0.4779
Round 481 | selected=[63, 58, 57, 77, 98, 21, 18, 1, 24, 5]
Round 481 | train_loss=0.8240 train_acc=0.7200 test_loss=1.5990 test_acc=0.3807
Round 482 | selected=[51, 31, 14, 17, 13, 45, 70, 89, 63, 48]
Round 482 | train_loss=0.8357 train_acc=0.7346 test_loss=1.5523 test_acc=0.4037
Round 483 | selected=[73, 39, 8, 94, 58, 98, 10, 29, 31, 95]
Round 483 | train_loss=0.8156 train_acc=0.7194 test_loss=1.4211 test_acc=0.4549
Round 484 | selected=[96, 98, 50, 32, 25, 12, 59, 69, 87, 15]
Round 484 | train_loss=0.7121 train_acc=0.7528 test_loss=1.5543 test_acc=0.3917
Round 485 | selected=[56, 25, 32, 19, 10, 77, 80, 88, 94, 2]
Round 485 | train_loss=0.8596 train_acc=0.6944 test_loss=1.6156 test_acc=0.4110
Round 486 | selected=[65, 46, 32, 58, 95, 92, 23, 52, 18, 75]
Round 486 | train_loss=0.7781 train_acc=0.7300 test_loss=1.6335 test_acc=0.4132
Round 487 | selected=[45, 85, 58, 0, 93, 42, 8, 13, 52, 88]
Round 487 | train_loss=0.7291 train_acc=0.7474 test_loss=1.5091 test_acc=0.4733
Round 488 | selected=[19, 7, 9, 50, 56, 93, 53, 31, 22, 8]
Round 488 | train_loss=0.6801 train_acc=0.7880 test_loss=1.4366 test_acc=0.5116
Round 489 | selected=[95, 10, 58, 52, 94, 88, 68, 87, 50, 59]
Round 489 | train_loss=0.8935 train_acc=0.6978 test_loss=1.7306 test_acc=0.3482
Round 490 | selected=[1, 53, 82, 11, 36, 5, 95, 24, 42, 56]
Round 490 | train_loss=0.6753 train_acc=0.7726 test_loss=1.4671 test_acc=0.4533
Round 491 | selected=[91, 41, 85, 48, 45, 46, 6, 99, 1, 92]
Round 491 | train_loss=0.6842 train_acc=0.7890 test_loss=1.5116 test_acc=0.4184
Round 492 | selected=[88, 56, 24, 98, 58, 26, 70, 13, 9, 99]
Round 492 | train_loss=0.8006 train_acc=0.7290 test_loss=1.6588 test_acc=0.3836
Round 493 | selected=[39, 62, 79, 46, 91, 78, 7, 19, 51, 18]
Round 493 | train_loss=0.7983 train_acc=0.7352 test_loss=1.4515 test_acc=0.4633
Round 494 | selected=[12, 31, 21, 40, 68, 17, 97, 50, 26, 80]
Round 494 | train_loss=0.7589 train_acc=0.7574 test_loss=1.3626 test_acc=0.4990
Round 495 | selected=[14, 84, 21, 22, 19, 43, 54, 29, 59, 94]
Round 495 | train_loss=0.6832 train_acc=0.7784 test_loss=1.5418 test_acc=0.4080
Round 496 | selected=[10, 42, 74, 1, 3, 80, 13, 61, 77, 16]
Round 496 | train_loss=0.8124 train_acc=0.7192 test_loss=1.3960 test_acc=0.4823
Round 497 | selected=[31, 17, 59, 7, 29, 85, 37, 87, 22, 64]
Round 497 | train_loss=0.7608 train_acc=0.7596 test_loss=1.5405 test_acc=0.4274
Round 498 | selected=[70, 87, 92, 69, 10, 34, 7, 68, 6, 67]
Round 498 | train_loss=0.7435 train_acc=0.7464 test_loss=1.3474 test_acc=0.5143
Round 499 | selected=[73, 71, 28, 27, 36, 64, 24, 55, 86, 7]
Round 499 | train_loss=0.7847 train_acc=0.7350 test_loss=1.5388 test_acc=0.4159
Round 500 | selected=[52, 95, 60, 97, 91, 69, 44, 93, 76, 3]
Round 500 | train_loss=0.7034 train_acc=0.7678 test_loss=1.4998 test_acc=0.4657
Saved: track1/results/cifar10/final_seed43/fedavg_alpha01_seed43.csv
COMPLETED: fedavg alpha01 seed=43
