========================================
JOB:       12006162
TASK:      35
ALGORITHM: fedavg
PARTITION: alpha01
SEED:      45
GPU:       0
========================================
Device: cuda
GPU: Tesla V100-PCIE-32GB
Round 0 | test_loss=2.8279 test_acc=0.0938
Round 1 | selected=[84, 96, 49, 52, 68, 55, 73, 51, 79, 50]
Round 1 | train_loss=1.3809 train_acc=0.5404 test_loss=2.6246 test_acc=0.1024
Round 2 | selected=[61, 70, 47, 11, 92, 52, 58, 77, 79, 57]
Round 2 | train_loss=1.3875 train_acc=0.5716 test_loss=3.1687 test_acc=0.1000
Round 3 | selected=[68, 28, 99, 76, 4, 11, 39, 98, 40, 5]
Round 3 | train_loss=1.8060 train_acc=0.5808 test_loss=5.0464 test_acc=0.1015
Round 4 | selected=[26, 11, 9, 16, 70, 81, 96, 73, 29, 19]
Round 4 | train_loss=2.5337 train_acc=0.4874 test_loss=5.8582 test_acc=0.1446
Round 5 | selected=[11, 19, 35, 99, 1, 3, 45, 97, 31, 91]
Round 5 | train_loss=2.1688 train_acc=0.5678 test_loss=6.1958 test_acc=0.1000
Round 6 | selected=[65, 92, 81, 94, 48, 86, 77, 43, 30, 68]
Round 6 | train_loss=1.5584 train_acc=0.5598 test_loss=4.7828 test_acc=0.1003
Round 7 | selected=[35, 74, 98, 56, 37, 62, 89, 49, 80, 13]
Round 7 | train_loss=1.7480 train_acc=0.5132 test_loss=3.7893 test_acc=0.1000
Round 8 | selected=[29, 13, 46, 2, 67, 30, 38, 4, 60, 73]
Round 8 | train_loss=1.6446 train_acc=0.5932 test_loss=2.6950 test_acc=0.1526
Round 9 | selected=[69, 44, 76, 74, 34, 79, 22, 60, 16, 15]
Round 9 | train_loss=1.3187 train_acc=0.5922 test_loss=2.9147 test_acc=0.1000
Round 10 | selected=[8, 64, 44, 23, 48, 9, 69, 1, 29, 86]
Round 10 | train_loss=1.4874 train_acc=0.5572 test_loss=2.8509 test_acc=0.1739
Round 11 | selected=[73, 27, 86, 10, 22, 92, 9, 36, 43, 21]
Round 11 | train_loss=1.4102 train_acc=0.5342 test_loss=2.9811 test_acc=0.1693
Round 12 | selected=[19, 10, 46, 11, 4, 42, 16, 99, 96, 21]
Round 12 | train_loss=1.4248 train_acc=0.6404 test_loss=2.5733 test_acc=0.1540
Round 13 | selected=[31, 94, 27, 21, 48, 46, 69, 72, 24, 19]
Round 13 | train_loss=1.2012 train_acc=0.6430 test_loss=2.6094 test_acc=0.1532
Round 14 | selected=[25, 64, 96, 46, 42, 85, 98, 20, 65, 89]
Round 14 | train_loss=1.3624 train_acc=0.5604 test_loss=2.8338 test_acc=0.1149
Round 15 | selected=[94, 59, 89, 13, 76, 48, 39, 55, 44, 60]
Round 15 | train_loss=1.7602 train_acc=0.4840 test_loss=2.6063 test_acc=0.2105
Round 16 | selected=[44, 33, 28, 69, 36, 32, 46, 3, 35, 5]
Round 16 | train_loss=1.4130 train_acc=0.5740 test_loss=2.3165 test_acc=0.1609
Round 17 | selected=[56, 86, 33, 90, 8, 44, 94, 74, 83, 93]
Round 17 | train_loss=1.1751 train_acc=0.6044 test_loss=2.3610 test_acc=0.1619
Round 18 | selected=[37, 96, 61, 80, 73, 86, 52, 2, 81, 38]
Round 18 | train_loss=1.3983 train_acc=0.5532 test_loss=2.6898 test_acc=0.1256
Round 19 | selected=[66, 82, 91, 49, 25, 42, 15, 74, 75, 13]
Round 19 | train_loss=1.4525 train_acc=0.5494 test_loss=2.4202 test_acc=0.1972
Round 20 | selected=[99, 42, 96, 30, 8, 88, 93, 46, 90, 82]
Round 20 | train_loss=1.2588 train_acc=0.6398 test_loss=2.5313 test_acc=0.1733
Round 21 | selected=[91, 8, 48, 72, 47, 73, 24, 60, 98, 50]
Round 21 | train_loss=1.5510 train_acc=0.5612 test_loss=2.4004 test_acc=0.1716
Round 22 | selected=[77, 27, 23, 18, 4, 45, 66, 71, 72, 51]
Round 22 | train_loss=1.4438 train_acc=0.4984 test_loss=2.2388 test_acc=0.1846
Round 23 | selected=[5, 69, 78, 15, 35, 44, 28, 19, 61, 59]
Round 23 | train_loss=1.2495 train_acc=0.6222 test_loss=2.2829 test_acc=0.1646
Round 24 | selected=[85, 67, 48, 41, 94, 11, 53, 22, 20, 52]
Round 24 | train_loss=1.3140 train_acc=0.5810 test_loss=2.4716 test_acc=0.1659
Round 25 | selected=[46, 96, 40, 57, 45, 30, 99, 94, 9, 5]
Round 25 | train_loss=1.4743 train_acc=0.5430 test_loss=2.3946 test_acc=0.1613
Round 26 | selected=[60, 99, 84, 0, 28, 13, 19, 55, 9, 96]
Round 26 | train_loss=1.2442 train_acc=0.5772 test_loss=2.6674 test_acc=0.1454
Round 27 | selected=[85, 18, 27, 88, 21, 73, 6, 62, 2, 82]
Round 27 | train_loss=1.6374 train_acc=0.4680 test_loss=2.5029 test_acc=0.1726
Round 28 | selected=[59, 40, 9, 65, 22, 53, 44, 72, 79, 45]
Round 28 | train_loss=1.5533 train_acc=0.4960 test_loss=2.2850 test_acc=0.2392
Round 29 | selected=[15, 11, 81, 91, 12, 35, 43, 26, 44, 94]
Round 29 | train_loss=1.3536 train_acc=0.5864 test_loss=2.1979 test_acc=0.2374
Round 30 | selected=[61, 1, 5, 70, 21, 6, 92, 75, 45, 40]
Round 30 | train_loss=1.3540 train_acc=0.5810 test_loss=2.1050 test_acc=0.1953
Round 31 | selected=[3, 14, 15, 90, 86, 96, 47, 45, 63, 10]
Round 31 | train_loss=1.1984 train_acc=0.6100 test_loss=2.5731 test_acc=0.1704
Round 32 | selected=[33, 35, 79, 59, 54, 96, 60, 67, 61, 39]
Round 32 | train_loss=1.4054 train_acc=0.5468 test_loss=2.2897 test_acc=0.2100
Round 33 | selected=[72, 49, 39, 77, 98, 10, 59, 17, 29, 9]
Round 33 | train_loss=1.4956 train_acc=0.5048 test_loss=2.2134 test_acc=0.1914
Round 34 | selected=[15, 59, 57, 88, 60, 13, 70, 47, 76, 26]
Round 34 | train_loss=1.2728 train_acc=0.5902 test_loss=2.4428 test_acc=0.1519
Round 35 | selected=[76, 4, 23, 69, 56, 13, 43, 54, 99, 88]
Round 35 | train_loss=1.1339 train_acc=0.6352 test_loss=2.3376 test_acc=0.1883
Round 36 | selected=[3, 50, 71, 29, 88, 11, 13, 2, 7, 47]
Round 36 | train_loss=1.3520 train_acc=0.5834 test_loss=2.2530 test_acc=0.1711
Round 37 | selected=[47, 27, 28, 8, 2, 88, 30, 16, 45, 60]
Round 37 | train_loss=1.3391 train_acc=0.5554 test_loss=2.1322 test_acc=0.2246
Round 38 | selected=[50, 29, 85, 86, 64, 10, 7, 16, 49, 48]
Round 38 | train_loss=1.2084 train_acc=0.6038 test_loss=2.2679 test_acc=0.1860
Round 39 | selected=[3, 88, 98, 97, 23, 40, 74, 61, 79, 59]
Round 39 | train_loss=1.3932 train_acc=0.5580 test_loss=2.0828 test_acc=0.2137
Round 40 | selected=[29, 47, 55, 25, 13, 65, 91, 10, 8, 89]
Round 40 | train_loss=1.3324 train_acc=0.5410 test_loss=2.1846 test_acc=0.1569
Round 41 | selected=[51, 18, 44, 36, 79, 62, 64, 43, 11, 96]
Round 41 | train_loss=1.5441 train_acc=0.4942 test_loss=2.2838 test_acc=0.1988
Round 42 | selected=[41, 24, 80, 14, 5, 27, 42, 90, 73, 47]
Round 42 | train_loss=1.2657 train_acc=0.5818 test_loss=2.1234 test_acc=0.1579
Round 43 | selected=[23, 81, 54, 52, 62, 9, 6, 38, 79, 2]
Round 43 | train_loss=1.1822 train_acc=0.6056 test_loss=2.0642 test_acc=0.2023
Round 44 | selected=[47, 85, 84, 78, 86, 3, 36, 7, 5, 81]
Round 44 | train_loss=1.1254 train_acc=0.6528 test_loss=2.0594 test_acc=0.2354
Round 45 | selected=[11, 75, 46, 15, 87, 21, 51, 99, 61, 90]
Round 45 | train_loss=1.1816 train_acc=0.6242 test_loss=2.2145 test_acc=0.2132
Round 46 | selected=[69, 76, 10, 45, 22, 62, 23, 65, 12, 3]
Round 46 | train_loss=1.2639 train_acc=0.5920 test_loss=2.3225 test_acc=0.2082
Round 47 | selected=[67, 90, 35, 54, 81, 44, 49, 39, 59, 23]
Round 47 | train_loss=1.2031 train_acc=0.6308 test_loss=2.2578 test_acc=0.2223
Round 48 | selected=[21, 14, 50, 90, 26, 19, 13, 68, 34, 48]
Round 48 | train_loss=1.1408 train_acc=0.6348 test_loss=2.1987 test_acc=0.1920
Round 49 | selected=[54, 25, 65, 52, 28, 81, 63, 5, 74, 91]
Round 49 | train_loss=1.1697 train_acc=0.6458 test_loss=2.0555 test_acc=0.2148
Round 50 | selected=[71, 16, 75, 59, 89, 46, 84, 44, 60, 37]
Round 50 | train_loss=1.2639 train_acc=0.5662 test_loss=2.0217 test_acc=0.2184
Round 51 | selected=[68, 88, 39, 89, 20, 76, 95, 70, 81, 26]
Round 51 | train_loss=1.2172 train_acc=0.6066 test_loss=2.1710 test_acc=0.2131
Round 52 | selected=[2, 9, 53, 58, 82, 81, 77, 74, 40, 95]
Round 52 | train_loss=1.2989 train_acc=0.5822 test_loss=1.9812 test_acc=0.2183
Round 53 | selected=[91, 64, 55, 94, 70, 61, 93, 71, 56, 63]
Round 53 | train_loss=1.2340 train_acc=0.6032 test_loss=2.0984 test_acc=0.1768
Round 54 | selected=[59, 24, 95, 36, 63, 16, 76, 94, 42, 51]
Round 54 | train_loss=1.1255 train_acc=0.6392 test_loss=1.9490 test_acc=0.2418
Round 55 | selected=[2, 85, 78, 67, 42, 69, 86, 31, 90, 57]
Round 55 | train_loss=0.9376 train_acc=0.7076 test_loss=2.3173 test_acc=0.2096
Round 56 | selected=[86, 69, 52, 75, 71, 66, 57, 37, 12, 77]
Round 56 | train_loss=1.1469 train_acc=0.6276 test_loss=1.9112 test_acc=0.2245
Round 57 | selected=[60, 27, 8, 63, 19, 52, 90, 30, 29, 57]
Round 57 | train_loss=1.1152 train_acc=0.6344 test_loss=2.2423 test_acc=0.2003
Round 58 | selected=[44, 8, 64, 25, 74, 77, 42, 81, 43, 55]
Round 58 | train_loss=1.3099 train_acc=0.5828 test_loss=2.1909 test_acc=0.2072
Round 59 | selected=[44, 0, 23, 91, 9, 5, 37, 62, 12, 24]
Round 59 | train_loss=1.2003 train_acc=0.6182 test_loss=2.3191 test_acc=0.1886
Round 60 | selected=[27, 89, 95, 51, 21, 17, 94, 46, 24, 14]
Round 60 | train_loss=1.3946 train_acc=0.5492 test_loss=2.1551 test_acc=0.2070
Round 61 | selected=[3, 17, 86, 96, 49, 24, 78, 79, 92, 14]
Round 61 | train_loss=1.2047 train_acc=0.6522 test_loss=1.9473 test_acc=0.2434
Round 62 | selected=[43, 95, 8, 94, 90, 22, 28, 12, 1, 11]
Round 62 | train_loss=1.3607 train_acc=0.5670 test_loss=2.0952 test_acc=0.2012
Round 63 | selected=[87, 26, 19, 31, 37, 54, 55, 93, 67, 65]
Round 63 | train_loss=1.2466 train_acc=0.6054 test_loss=2.1523 test_acc=0.2256
Round 64 | selected=[37, 76, 80, 61, 9, 65, 84, 69, 95, 72]
Round 64 | train_loss=1.2328 train_acc=0.6074 test_loss=2.1059 test_acc=0.1727
Round 65 | selected=[32, 78, 54, 85, 58, 86, 57, 60, 76, 56]
Round 65 | train_loss=0.9695 train_acc=0.6924 test_loss=2.0438 test_acc=0.2666
Round 66 | selected=[45, 26, 67, 90, 8, 3, 37, 15, 29, 18]
Round 66 | train_loss=1.2137 train_acc=0.6134 test_loss=1.9249 test_acc=0.2618
Round 67 | selected=[18, 35, 94, 9, 30, 39, 48, 97, 19, 96]
Round 67 | train_loss=1.2975 train_acc=0.5612 test_loss=2.1423 test_acc=0.2027
Round 68 | selected=[86, 41, 45, 81, 62, 43, 3, 9, 91, 63]
Round 68 | train_loss=1.1116 train_acc=0.6540 test_loss=1.8234 test_acc=0.2867
Round 69 | selected=[47, 88, 22, 84, 75, 80, 46, 37, 34, 2]
Round 69 | train_loss=1.1433 train_acc=0.6264 test_loss=1.8928 test_acc=0.2784
Round 70 | selected=[81, 48, 10, 38, 56, 21, 69, 85, 53, 5]
Round 70 | train_loss=0.9514 train_acc=0.7196 test_loss=2.4089 test_acc=0.1772
Round 71 | selected=[63, 19, 5, 92, 36, 43, 94, 99, 45, 18]
Round 71 | train_loss=1.2390 train_acc=0.6088 test_loss=1.9914 test_acc=0.2618
Round 72 | selected=[51, 3, 83, 10, 39, 15, 87, 6, 12, 62]
Round 72 | train_loss=1.1901 train_acc=0.6066 test_loss=1.9989 test_acc=0.2458
Round 73 | selected=[3, 70, 15, 1, 83, 5, 94, 77, 24, 75]
Round 73 | train_loss=1.1917 train_acc=0.6240 test_loss=2.0183 test_acc=0.2711
Round 74 | selected=[71, 75, 73, 62, 48, 56, 80, 29, 51, 37]
Round 74 | train_loss=1.3739 train_acc=0.5270 test_loss=2.1162 test_acc=0.2268
Round 75 | selected=[99, 7, 11, 35, 74, 59, 23, 19, 68, 13]
Round 75 | train_loss=1.1122 train_acc=0.6622 test_loss=2.6302 test_acc=0.1424
Round 76 | selected=[85, 57, 37, 71, 18, 9, 47, 58, 66, 2]
Round 76 | train_loss=1.5470 train_acc=0.5212 test_loss=2.1139 test_acc=0.2592
Round 77 | selected=[68, 92, 73, 45, 46, 72, 34, 25, 4, 0]
Round 77 | train_loss=1.3584 train_acc=0.5892 test_loss=2.1011 test_acc=0.1904
Round 78 | selected=[50, 61, 77, 51, 7, 26, 34, 58, 62, 33]
Round 78 | train_loss=1.4476 train_acc=0.5022 test_loss=2.2099 test_acc=0.1841
Round 79 | selected=[40, 68, 80, 67, 84, 74, 25, 93, 19, 14]
Round 79 | train_loss=1.2687 train_acc=0.5866 test_loss=2.5610 test_acc=0.1672
Round 80 | selected=[88, 51, 95, 64, 11, 83, 44, 99, 78, 89]
Round 80 | train_loss=1.5096 train_acc=0.5294 test_loss=2.0127 test_acc=0.2706
Round 81 | selected=[98, 73, 9, 96, 21, 33, 44, 89, 50, 61]
Round 81 | train_loss=1.3893 train_acc=0.5430 test_loss=1.8677 test_acc=0.2704
Round 82 | selected=[58, 51, 48, 54, 80, 38, 20, 83, 6, 14]
Round 82 | train_loss=1.2818 train_acc=0.5936 test_loss=2.0363 test_acc=0.1856
Round 83 | selected=[99, 66, 71, 70, 40, 12, 33, 50, 67, 1]
Round 83 | train_loss=1.1571 train_acc=0.5946 test_loss=2.1099 test_acc=0.2210
Round 84 | selected=[25, 75, 86, 41, 95, 65, 31, 66, 60, 15]
Round 84 | train_loss=1.1186 train_acc=0.6338 test_loss=2.0429 test_acc=0.2488
Round 85 | selected=[26, 73, 10, 18, 86, 79, 39, 97, 0, 76]
Round 85 | train_loss=1.1944 train_acc=0.5972 test_loss=1.8503 test_acc=0.2522
Round 86 | selected=[40, 7, 15, 29, 13, 89, 85, 46, 10, 84]
Round 86 | train_loss=1.1429 train_acc=0.5996 test_loss=2.0031 test_acc=0.2632
Round 87 | selected=[0, 43, 52, 5, 42, 14, 88, 63, 77, 74]
Round 87 | train_loss=1.2128 train_acc=0.6358 test_loss=1.8564 test_acc=0.2936
Round 88 | selected=[45, 9, 95, 94, 75, 33, 12, 25, 36, 24]
Round 88 | train_loss=1.2423 train_acc=0.5734 test_loss=2.1840 test_acc=0.2365
Round 89 | selected=[21, 56, 47, 38, 83, 81, 19, 95, 64, 70]
Round 89 | train_loss=1.1093 train_acc=0.6708 test_loss=2.4330 test_acc=0.1214
Round 90 | selected=[39, 29, 23, 41, 7, 84, 42, 34, 67, 22]
Round 90 | train_loss=1.1939 train_acc=0.5890 test_loss=2.0369 test_acc=0.2596
Round 91 | selected=[56, 60, 6, 0, 17, 95, 23, 48, 29, 87]
Round 91 | train_loss=1.1661 train_acc=0.6334 test_loss=1.9236 test_acc=0.2703
Round 92 | selected=[56, 66, 36, 89, 41, 74, 61, 9, 34, 8]
Round 92 | train_loss=1.1498 train_acc=0.6288 test_loss=1.8337 test_acc=0.2679
Round 93 | selected=[60, 88, 58, 61, 14, 5, 66, 49, 83, 1]
Round 93 | train_loss=1.0856 train_acc=0.6526 test_loss=1.9751 test_acc=0.2624
Round 94 | selected=[59, 44, 52, 11, 32, 4, 81, 91, 6, 3]
Round 94 | train_loss=1.1812 train_acc=0.6124 test_loss=2.2130 test_acc=0.1785
Round 95 | selected=[19, 48, 34, 50, 8, 70, 63, 88, 46, 51]
Round 95 | train_loss=1.1888 train_acc=0.6058 test_loss=2.1286 test_acc=0.1925
Round 96 | selected=[63, 29, 43, 11, 81, 61, 70, 94, 3, 55]
Round 96 | train_loss=1.3747 train_acc=0.5396 test_loss=2.0829 test_acc=0.1908
Round 97 | selected=[39, 40, 22, 32, 12, 34, 67, 3, 35, 50]
Round 97 | train_loss=1.1341 train_acc=0.5980 test_loss=2.0762 test_acc=0.2641
Round 98 | selected=[58, 74, 98, 93, 22, 21, 28, 43, 94, 26]
Round 98 | train_loss=1.2866 train_acc=0.5704 test_loss=2.0762 test_acc=0.2600
Round 99 | selected=[95, 9, 57, 78, 38, 54, 55, 43, 72, 40]
Round 99 | train_loss=1.3577 train_acc=0.5866 test_loss=1.9559 test_acc=0.2527
Round 100 | selected=[66, 84, 7, 3, 17, 72, 23, 11, 91, 57]
Round 100 | train_loss=1.0489 train_acc=0.6756 test_loss=2.0206 test_acc=0.2329
Round 101 | selected=[14, 28, 15, 86, 89, 81, 40, 19, 35, 1]
Round 101 | train_loss=1.2011 train_acc=0.6192 test_loss=2.0658 test_acc=0.2276
Round 102 | selected=[7, 3, 46, 8, 74, 65, 17, 70, 10, 88]
Round 102 | train_loss=1.2411 train_acc=0.5916 test_loss=1.9217 test_acc=0.2545
Round 103 | selected=[11, 33, 62, 32, 95, 9, 12, 77, 35, 28]
Round 103 | train_loss=1.3467 train_acc=0.5796 test_loss=1.9928 test_acc=0.2223
Round 104 | selected=[43, 37, 72, 22, 0, 98, 79, 78, 51, 20]
Round 104 | train_loss=1.3189 train_acc=0.5684 test_loss=1.9515 test_acc=0.2482
Round 105 | selected=[22, 88, 68, 39, 90, 46, 44, 45, 78, 29]
Round 105 | train_loss=1.2139 train_acc=0.5888 test_loss=2.1037 test_acc=0.2474
Round 106 | selected=[38, 39, 34, 99, 78, 42, 37, 2, 10, 45]
Round 106 | train_loss=1.1772 train_acc=0.6250 test_loss=1.9905 test_acc=0.2024
Round 107 | selected=[28, 54, 61, 86, 3, 48, 97, 82, 35, 24]
Round 107 | train_loss=1.2398 train_acc=0.5918 test_loss=1.9802 test_acc=0.2842
Round 108 | selected=[84, 8, 19, 14, 93, 73, 79, 27, 70, 22]
Round 108 | train_loss=1.1571 train_acc=0.6222 test_loss=2.0261 test_acc=0.2161
Round 109 | selected=[53, 66, 15, 37, 76, 57, 80, 40, 13, 83]
Round 109 | train_loss=1.1485 train_acc=0.6296 test_loss=2.0285 test_acc=0.2699
Round 110 | selected=[50, 44, 37, 11, 64, 48, 12, 69, 31, 75]
Round 110 | train_loss=1.3183 train_acc=0.5782 test_loss=1.8686 test_acc=0.2753
Round 111 | selected=[8, 16, 20, 51, 12, 99, 75, 71, 94, 11]
Round 111 | train_loss=1.3190 train_acc=0.5552 test_loss=1.9207 test_acc=0.2787
Round 112 | selected=[38, 98, 73, 46, 9, 93, 90, 97, 8, 25]
Round 112 | train_loss=1.0583 train_acc=0.6572 test_loss=2.0021 test_acc=0.2736
Round 113 | selected=[38, 99, 89, 63, 90, 9, 69, 67, 40, 56]
Round 113 | train_loss=0.9298 train_acc=0.7112 test_loss=2.1888 test_acc=0.2306
Round 114 | selected=[36, 91, 82, 59, 87, 61, 75, 85, 3, 83]
Round 114 | train_loss=1.3995 train_acc=0.5176 test_loss=1.8746 test_acc=0.3075
Round 115 | selected=[52, 71, 12, 3, 5, 27, 90, 87, 15, 55]
Round 115 | train_loss=1.2414 train_acc=0.6090 test_loss=1.7625 test_acc=0.3292
Round 116 | selected=[83, 74, 2, 68, 5, 40, 73, 69, 92, 78]
Round 116 | train_loss=1.0959 train_acc=0.6664 test_loss=1.9170 test_acc=0.2691
Round 117 | selected=[29, 36, 35, 63, 92, 71, 51, 84, 7, 25]
Round 117 | train_loss=1.0734 train_acc=0.6402 test_loss=1.8042 test_acc=0.3359
Round 118 | selected=[2, 95, 88, 35, 43, 7, 38, 79, 48, 74]
Round 118 | train_loss=1.0784 train_acc=0.6694 test_loss=1.7672 test_acc=0.3242
Round 119 | selected=[67, 37, 65, 53, 79, 34, 94, 15, 13, 62]
Round 119 | train_loss=0.9907 train_acc=0.7050 test_loss=1.8925 test_acc=0.3207
Round 120 | selected=[1, 35, 6, 65, 51, 7, 31, 94, 77, 71]
Round 120 | train_loss=1.2687 train_acc=0.5804 test_loss=1.8072 test_acc=0.2916
Round 121 | selected=[90, 76, 30, 20, 69, 92, 67, 72, 58, 35]
Round 121 | train_loss=0.8567 train_acc=0.7588 test_loss=2.4506 test_acc=0.1685
Round 122 | selected=[49, 66, 29, 55, 18, 54, 57, 77, 14, 27]
Round 122 | train_loss=1.3578 train_acc=0.5694 test_loss=1.9445 test_acc=0.3044
Round 123 | selected=[9, 36, 44, 73, 23, 64, 58, 4, 95, 87]
Round 123 | train_loss=1.1833 train_acc=0.6182 test_loss=1.7948 test_acc=0.3360
Round 124 | selected=[13, 0, 76, 96, 59, 36, 72, 68, 4, 20]
Round 124 | train_loss=1.0900 train_acc=0.6466 test_loss=2.0470 test_acc=0.2561
Round 125 | selected=[48, 37, 94, 90, 25, 92, 95, 79, 59, 46]
Round 125 | train_loss=1.2179 train_acc=0.6224 test_loss=2.2010 test_acc=0.2671
Round 126 | selected=[77, 88, 94, 4, 9, 24, 80, 32, 75, 39]
Round 126 | train_loss=1.4558 train_acc=0.5144 test_loss=2.0653 test_acc=0.2165
Round 127 | selected=[76, 91, 89, 54, 79, 92, 15, 94, 68, 85]
Round 127 | train_loss=1.2890 train_acc=0.5906 test_loss=1.9991 test_acc=0.2954
Round 128 | selected=[62, 49, 80, 96, 68, 12, 95, 71, 2, 47]
Round 128 | train_loss=1.3056 train_acc=0.5708 test_loss=1.8383 test_acc=0.2821
Round 129 | selected=[69, 99, 82, 43, 34, 3, 73, 4, 77, 96]
Round 129 | train_loss=1.1519 train_acc=0.6228 test_loss=1.8373 test_acc=0.3342
Round 130 | selected=[1, 38, 37, 7, 78, 21, 42, 54, 18, 99]
Round 130 | train_loss=1.0145 train_acc=0.7002 test_loss=2.2090 test_acc=0.2155
Round 131 | selected=[11, 71, 57, 27, 98, 19, 89, 30, 44, 50]
Round 131 | train_loss=1.3547 train_acc=0.5402 test_loss=2.2613 test_acc=0.1797
Round 132 | selected=[25, 57, 74, 87, 17, 99, 61, 68, 0, 12]
Round 132 | train_loss=1.2649 train_acc=0.5950 test_loss=3.2917 test_acc=0.1017
Round 133 | selected=[18, 39, 13, 63, 29, 41, 45, 17, 20, 3]
Round 133 | train_loss=1.5468 train_acc=0.5278 test_loss=2.1113 test_acc=0.2719
Round 134 | selected=[93, 62, 95, 33, 77, 1, 67, 73, 35, 43]
Round 134 | train_loss=1.2325 train_acc=0.6018 test_loss=1.9287 test_acc=0.2741
Round 135 | selected=[57, 38, 58, 16, 23, 7, 70, 76, 5, 4]
Round 135 | train_loss=1.0328 train_acc=0.6918 test_loss=1.8668 test_acc=0.2936
Round 136 | selected=[20, 8, 56, 19, 18, 47, 61, 66, 84, 62]
Round 136 | train_loss=1.0809 train_acc=0.6712 test_loss=1.8400 test_acc=0.3088
Round 137 | selected=[45, 3, 78, 20, 36, 51, 98, 89, 41, 29]
Round 137 | train_loss=1.1612 train_acc=0.6108 test_loss=1.8410 test_acc=0.2932
Round 138 | selected=[37, 71, 8, 7, 28, 96, 38, 22, 94, 60]
Round 138 | train_loss=1.1135 train_acc=0.6172 test_loss=2.0129 test_acc=0.2534
Round 139 | selected=[42, 47, 54, 72, 48, 60, 12, 79, 87, 86]
Round 139 | train_loss=1.1988 train_acc=0.6380 test_loss=2.0284 test_acc=0.2914
Round 140 | selected=[75, 11, 90, 15, 6, 58, 63, 8, 25, 84]
Round 140 | train_loss=1.1803 train_acc=0.6324 test_loss=2.4685 test_acc=0.1788
Round 141 | selected=[62, 37, 94, 51, 95, 0, 82, 29, 74, 83]
Round 141 | train_loss=1.3907 train_acc=0.5276 test_loss=1.8235 test_acc=0.3002
Round 142 | selected=[47, 95, 64, 30, 55, 32, 24, 71, 73, 90]
Round 142 | train_loss=1.1820 train_acc=0.6206 test_loss=1.8471 test_acc=0.3197
Round 143 | selected=[37, 12, 10, 30, 20, 38, 66, 34, 0, 50]
Round 143 | train_loss=1.0851 train_acc=0.6406 test_loss=1.8539 test_acc=0.2574
Round 144 | selected=[17, 26, 43, 32, 49, 95, 66, 2, 5, 83]
Round 144 | train_loss=1.1755 train_acc=0.6254 test_loss=1.7510 test_acc=0.3687
Round 145 | selected=[3, 94, 98, 88, 50, 54, 40, 38, 80, 49]
Round 145 | train_loss=1.3194 train_acc=0.5664 test_loss=2.3766 test_acc=0.2117
Round 146 | selected=[75, 36, 71, 76, 48, 3, 57, 14, 27, 74]
Round 146 | train_loss=1.3642 train_acc=0.5312 test_loss=2.1743 test_acc=0.1916
Round 147 | selected=[31, 9, 45, 81, 14, 95, 62, 5, 69, 34]
Round 147 | train_loss=1.2772 train_acc=0.5738 test_loss=1.8664 test_acc=0.2645
Round 148 | selected=[50, 74, 99, 1, 20, 70, 58, 59, 83, 80]
Round 148 | train_loss=1.2238 train_acc=0.5928 test_loss=1.9306 test_acc=0.3115
Round 149 | selected=[46, 79, 54, 41, 43, 83, 40, 50, 1, 18]
Round 149 | train_loss=1.0532 train_acc=0.6510 test_loss=1.8285 test_acc=0.3074
Round 150 | selected=[70, 53, 4, 36, 68, 28, 16, 47, 17, 38]
Round 150 | train_loss=1.1272 train_acc=0.6222 test_loss=1.9921 test_acc=0.2522
Round 151 | selected=[24, 79, 58, 50, 38, 45, 59, 9, 27, 7]
Round 151 | train_loss=1.1622 train_acc=0.6134 test_loss=1.9367 test_acc=0.2365
Round 152 | selected=[95, 74, 41, 81, 55, 22, 62, 25, 17, 34]
Round 152 | train_loss=1.1351 train_acc=0.6272 test_loss=1.9978 test_acc=0.2422
Round 153 | selected=[28, 98, 99, 27, 65, 71, 17, 95, 6, 46]
Round 153 | train_loss=1.1984 train_acc=0.5998 test_loss=1.9251 test_acc=0.2815
Round 154 | selected=[13, 56, 26, 83, 48, 65, 12, 14, 32, 41]
Round 154 | train_loss=1.0302 train_acc=0.6766 test_loss=2.0464 test_acc=0.2290
Round 155 | selected=[5, 74, 68, 19, 71, 80, 69, 11, 96, 90]
Round 155 | train_loss=1.1732 train_acc=0.6116 test_loss=2.0082 test_acc=0.2861
Round 156 | selected=[58, 94, 30, 45, 14, 50, 66, 84, 85, 57]
Round 156 | train_loss=1.0691 train_acc=0.6512 test_loss=1.7560 test_acc=0.3191
Round 157 | selected=[78, 23, 56, 99, 68, 17, 58, 76, 7, 74]
Round 157 | train_loss=0.8175 train_acc=0.7596 test_loss=2.3904 test_acc=0.1689
Round 158 | selected=[0, 12, 93, 19, 41, 28, 86, 31, 96, 54]
Round 158 | train_loss=1.4357 train_acc=0.5526 test_loss=2.3348 test_acc=0.2401
Round 159 | selected=[85, 14, 35, 56, 59, 94, 9, 43, 72, 89]
Round 159 | train_loss=1.4080 train_acc=0.5544 test_loss=1.9060 test_acc=0.2464
Round 160 | selected=[13, 59, 24, 85, 19, 32, 3, 79, 25, 68]
Round 160 | train_loss=1.0195 train_acc=0.6888 test_loss=1.8867 test_acc=0.2668
Round 161 | selected=[6, 97, 95, 9, 96, 5, 81, 65, 42, 43]
Round 161 | train_loss=1.4936 train_acc=0.5174 test_loss=1.9579 test_acc=0.2461
Round 162 | selected=[18, 6, 24, 95, 26, 58, 19, 46, 44, 41]
Round 162 | train_loss=1.1357 train_acc=0.6382 test_loss=1.8488 test_acc=0.2966
Round 163 | selected=[84, 5, 85, 80, 3, 21, 92, 75, 76, 98]
Round 163 | train_loss=1.3112 train_acc=0.5362 test_loss=1.9413 test_acc=0.2764
Round 164 | selected=[26, 17, 54, 89, 51, 44, 23, 73, 82, 24]
Round 164 | train_loss=1.3421 train_acc=0.5518 test_loss=1.7967 test_acc=0.2859
Round 165 | selected=[33, 12, 19, 10, 1, 27, 96, 17, 25, 97]
Round 165 | train_loss=1.1885 train_acc=0.5882 test_loss=1.8790 test_acc=0.2949
Round 166 | selected=[68, 62, 0, 59, 86, 63, 94, 33, 67, 10]
Round 166 | train_loss=1.1071 train_acc=0.6504 test_loss=1.7586 test_acc=0.3711
Round 167 | selected=[61, 64, 89, 30, 19, 44, 2, 97, 15, 37]
Round 167 | train_loss=1.0900 train_acc=0.6406 test_loss=1.9222 test_acc=0.2922
Round 168 | selected=[11, 52, 21, 99, 83, 30, 62, 61, 10, 74]
Round 168 | train_loss=1.0951 train_acc=0.6416 test_loss=1.9520 test_acc=0.2099
Round 169 | selected=[74, 1, 75, 34, 21, 9, 6, 85, 65, 13]
Round 169 | train_loss=1.1671 train_acc=0.5964 test_loss=1.8009 test_acc=0.2562
Round 170 | selected=[35, 86, 45, 12, 49, 13, 10, 43, 32, 88]
Round 170 | train_loss=1.0612 train_acc=0.6564 test_loss=2.2350 test_acc=0.1812
Round 171 | selected=[89, 42, 46, 19, 77, 59, 44, 17, 71, 6]
Round 171 | train_loss=1.2950 train_acc=0.5654 test_loss=2.3150 test_acc=0.1948
Round 172 | selected=[35, 65, 4, 72, 29, 46, 44, 56, 61, 87]
Round 172 | train_loss=1.1553 train_acc=0.6040 test_loss=1.9658 test_acc=0.2378
Round 173 | selected=[67, 56, 34, 48, 77, 44, 16, 1, 83, 19]
Round 173 | train_loss=0.9549 train_acc=0.7006 test_loss=1.8339 test_acc=0.3383
Round 174 | selected=[41, 30, 8, 94, 74, 96, 90, 79, 61, 15]
Round 174 | train_loss=1.0041 train_acc=0.6802 test_loss=1.8303 test_acc=0.2461
Round 175 | selected=[90, 45, 16, 55, 47, 69, 9, 80, 76, 62]
Round 175 | train_loss=1.1131 train_acc=0.6248 test_loss=1.8150 test_acc=0.3024
Round 176 | selected=[68, 7, 87, 9, 48, 37, 90, 12, 67, 32]
Round 176 | train_loss=0.9396 train_acc=0.7010 test_loss=1.9037 test_acc=0.3013
Round 177 | selected=[99, 89, 94, 88, 25, 84, 97, 2, 15, 74]
Round 177 | train_loss=1.0048 train_acc=0.6834 test_loss=1.9284 test_acc=0.3239
Round 178 | selected=[93, 26, 75, 83, 25, 50, 65, 1, 96, 22]
Round 178 | train_loss=1.0936 train_acc=0.6402 test_loss=1.7895 test_acc=0.3095
Round 179 | selected=[24, 18, 13, 21, 55, 11, 73, 30, 10, 16]
Round 179 | train_loss=1.1914 train_acc=0.6146 test_loss=2.0465 test_acc=0.2464
Round 180 | selected=[88, 6, 34, 3, 1, 58, 21, 42, 47, 81]
Round 180 | train_loss=1.0606 train_acc=0.6432 test_loss=1.8634 test_acc=0.3252
Round 181 | selected=[51, 56, 29, 6, 20, 64, 75, 30, 16, 94]
Round 181 | train_loss=1.1285 train_acc=0.6078 test_loss=1.9384 test_acc=0.2783
Round 182 | selected=[1, 25, 75, 80, 95, 72, 43, 11, 24, 99]
Round 182 | train_loss=1.1321 train_acc=0.6342 test_loss=1.9184 test_acc=0.2787
Round 183 | selected=[63, 11, 60, 61, 95, 8, 32, 94, 55, 24]
Round 183 | train_loss=1.1442 train_acc=0.6232 test_loss=1.8353 test_acc=0.3354
Round 184 | selected=[39, 8, 43, 50, 12, 22, 23, 52, 75, 25]
Round 184 | train_loss=1.1898 train_acc=0.5924 test_loss=2.1207 test_acc=0.2172
Round 185 | selected=[71, 46, 83, 90, 55, 24, 8, 30, 87, 63]
Round 185 | train_loss=1.1015 train_acc=0.6342 test_loss=1.9907 test_acc=0.2447
Round 186 | selected=[67, 66, 36, 50, 78, 90, 99, 44, 33, 37]
Round 186 | train_loss=1.0330 train_acc=0.6622 test_loss=1.8327 test_acc=0.3079
Round 187 | selected=[53, 45, 0, 89, 5, 68, 18, 92, 54, 74]
Round 187 | train_loss=1.0820 train_acc=0.6508 test_loss=1.8231 test_acc=0.2647
Round 188 | selected=[7, 80, 22, 17, 66, 79, 87, 63, 33, 64]
Round 188 | train_loss=1.0037 train_acc=0.6804 test_loss=1.8806 test_acc=0.2852
Round 189 | selected=[39, 59, 66, 51, 90, 86, 31, 81, 26, 6]
Round 189 | train_loss=1.0408 train_acc=0.6518 test_loss=1.8460 test_acc=0.3382
Round 190 | selected=[97, 30, 67, 35, 51, 96, 80, 81, 44, 71]
Round 190 | train_loss=1.1427 train_acc=0.6262 test_loss=1.6377 test_acc=0.3678
Round 191 | selected=[49, 54, 28, 75, 89, 61, 77, 43, 0, 53]
Round 191 | train_loss=1.2246 train_acc=0.5788 test_loss=1.7307 test_acc=0.3296
Round 192 | selected=[48, 60, 6, 66, 29, 63, 77, 55, 2, 82]
Round 192 | train_loss=1.0789 train_acc=0.6424 test_loss=1.7544 test_acc=0.2957
Round 193 | selected=[56, 48, 24, 58, 97, 75, 60, 31, 68, 63]
Round 193 | train_loss=0.9387 train_acc=0.6882 test_loss=1.8111 test_acc=0.3076
Round 194 | selected=[67, 61, 34, 64, 91, 3, 99, 80, 32, 26]
Round 194 | train_loss=1.0201 train_acc=0.6758 test_loss=1.7274 test_acc=0.3553
Round 195 | selected=[36, 3, 1, 7, 60, 11, 19, 23, 9, 57]
Round 195 | train_loss=0.9104 train_acc=0.6964 test_loss=1.6300 test_acc=0.4004
Round 196 | selected=[63, 0, 41, 36, 78, 85, 19, 49, 13, 55]
Round 196 | train_loss=0.9370 train_acc=0.7042 test_loss=1.9074 test_acc=0.2906
Round 197 | selected=[39, 25, 22, 27, 14, 99, 73, 93, 96, 88]
Round 197 | train_loss=1.2041 train_acc=0.5986 test_loss=2.1414 test_acc=0.2597
Round 198 | selected=[42, 89, 50, 4, 56, 86, 2, 19, 67, 10]
Round 198 | train_loss=1.1609 train_acc=0.6154 test_loss=2.0249 test_acc=0.3006
Round 199 | selected=[72, 81, 34, 35, 50, 49, 55, 67, 69, 28]
Round 199 | train_loss=1.0997 train_acc=0.6498 test_loss=1.8143 test_acc=0.2584
Round 200 | selected=[65, 93, 92, 19, 98, 27, 43, 59, 56, 62]
Round 200 | train_loss=0.9755 train_acc=0.6806 test_loss=1.8746 test_acc=0.2751
Round 201 | selected=[48, 14, 1, 11, 26, 68, 8, 52, 32, 66]
Round 201 | train_loss=0.9751 train_acc=0.6790 test_loss=1.8069 test_acc=0.3079
Round 202 | selected=[22, 4, 74, 1, 76, 12, 68, 81, 5, 98]
Round 202 | train_loss=0.9791 train_acc=0.6710 test_loss=2.0866 test_acc=0.2635
Round 203 | selected=[9, 18, 69, 47, 74, 0, 88, 71, 75, 34]
Round 203 | train_loss=1.2663 train_acc=0.5782 test_loss=1.8464 test_acc=0.3264
Round 204 | selected=[45, 67, 86, 7, 8, 65, 36, 9, 46, 11]
Round 204 | train_loss=1.0214 train_acc=0.6632 test_loss=1.6416 test_acc=0.3934
Round 205 | selected=[53, 57, 76, 29, 13, 84, 98, 10, 38, 18]
Round 205 | train_loss=0.9200 train_acc=0.7078 test_loss=1.7256 test_acc=0.3287
Round 206 | selected=[59, 89, 44, 39, 58, 94, 2, 26, 81, 87]
Round 206 | train_loss=1.0312 train_acc=0.6704 test_loss=1.8216 test_acc=0.3075
Round 207 | selected=[72, 57, 60, 22, 47, 69, 21, 61, 46, 35]
Round 207 | train_loss=1.0281 train_acc=0.6760 test_loss=1.9850 test_acc=0.2786
Round 208 | selected=[86, 88, 12, 90, 15, 13, 10, 5, 54, 29]
Round 208 | train_loss=1.0938 train_acc=0.6706 test_loss=2.1455 test_acc=0.2202
Round 209 | selected=[42, 19, 53, 43, 77, 70, 7, 94, 87, 15]
Round 209 | train_loss=1.1412 train_acc=0.6292 test_loss=1.9304 test_acc=0.2661
Round 210 | selected=[30, 7, 46, 85, 87, 40, 63, 12, 15, 16]
Round 210 | train_loss=0.9626 train_acc=0.7028 test_loss=1.7250 test_acc=0.3687
Round 211 | selected=[3, 5, 70, 7, 60, 24, 51, 4, 35, 21]
Round 211 | train_loss=0.9938 train_acc=0.6738 test_loss=1.7618 test_acc=0.3233
Round 212 | selected=[0, 36, 46, 44, 88, 11, 83, 15, 77, 50]
Round 212 | train_loss=1.2077 train_acc=0.6014 test_loss=2.0518 test_acc=0.2906
Round 213 | selected=[42, 58, 19, 39, 49, 53, 83, 23, 25, 7]
Round 213 | train_loss=1.0864 train_acc=0.6648 test_loss=1.8113 test_acc=0.3117
Round 214 | selected=[36, 55, 29, 12, 88, 44, 63, 57, 69, 50]
Round 214 | train_loss=1.1178 train_acc=0.6180 test_loss=1.7514 test_acc=0.3258
Round 215 | selected=[63, 89, 71, 37, 59, 88, 69, 93, 95, 72]
Round 215 | train_loss=0.8994 train_acc=0.7212 test_loss=1.7126 test_acc=0.3809
Round 216 | selected=[28, 18, 95, 50, 14, 17, 24, 92, 73, 49]
Round 216 | train_loss=1.1223 train_acc=0.6308 test_loss=1.9272 test_acc=0.2554
Round 217 | selected=[69, 46, 18, 26, 39, 6, 70, 22, 83, 11]
Round 217 | train_loss=1.0658 train_acc=0.6230 test_loss=1.8200 test_acc=0.2962
Round 218 | selected=[59, 16, 4, 83, 18, 63, 36, 11, 1, 85]
Round 218 | train_loss=1.0378 train_acc=0.6394 test_loss=1.6617 test_acc=0.4033
Round 219 | selected=[3, 63, 98, 99, 81, 93, 74, 25, 47, 28]
Round 219 | train_loss=0.9588 train_acc=0.7066 test_loss=1.9472 test_acc=0.2783
Round 220 | selected=[92, 14, 37, 19, 8, 36, 9, 65, 58, 10]
Round 220 | train_loss=1.1786 train_acc=0.6156 test_loss=2.4375 test_acc=0.2528
Round 221 | selected=[54, 60, 8, 71, 75, 43, 19, 81, 64, 58]
Round 221 | train_loss=1.1536 train_acc=0.6236 test_loss=1.8246 test_acc=0.3778
Round 222 | selected=[11, 84, 10, 39, 0, 36, 58, 92, 77, 66]
Round 222 | train_loss=1.0928 train_acc=0.6416 test_loss=2.2241 test_acc=0.2236
Round 223 | selected=[51, 75, 84, 87, 77, 31, 54, 38, 15, 29]
Round 223 | train_loss=1.2046 train_acc=0.6312 test_loss=1.6847 test_acc=0.3689
Round 224 | selected=[42, 54, 89, 3, 32, 49, 12, 61, 82, 68]
Round 224 | train_loss=1.1149 train_acc=0.6396 test_loss=1.7350 test_acc=0.3185
Round 225 | selected=[26, 79, 18, 19, 38, 89, 53, 86, 29, 51]
Round 225 | train_loss=1.0242 train_acc=0.6398 test_loss=1.7631 test_acc=0.3265
Round 226 | selected=[51, 18, 99, 33, 28, 72, 34, 27, 26, 75]
Round 226 | train_loss=1.1882 train_acc=0.5868 test_loss=1.6657 test_acc=0.3728
Round 227 | selected=[24, 37, 5, 23, 38, 6, 78, 80, 66, 0]
Round 227 | train_loss=1.0533 train_acc=0.6768 test_loss=2.0983 test_acc=0.2406
Round 228 | selected=[72, 37, 51, 6, 63, 90, 49, 22, 56, 92]
Round 228 | train_loss=1.0427 train_acc=0.6488 test_loss=1.7620 test_acc=0.3338
Round 229 | selected=[27, 34, 70, 12, 99, 76, 48, 98, 26, 42]
Round 229 | train_loss=1.0799 train_acc=0.6308 test_loss=1.7380 test_acc=0.3411
Round 230 | selected=[22, 92, 19, 6, 28, 78, 98, 43, 83, 74]
Round 230 | train_loss=1.1076 train_acc=0.6252 test_loss=1.7762 test_acc=0.3311
Round 231 | selected=[71, 16, 18, 51, 63, 39, 86, 15, 25, 45]
Round 231 | train_loss=1.0430 train_acc=0.6412 test_loss=2.0255 test_acc=0.2615
Round 232 | selected=[56, 66, 7, 43, 6, 84, 24, 60, 0, 15]
Round 232 | train_loss=0.8187 train_acc=0.7222 test_loss=2.3791 test_acc=0.2268
Round 233 | selected=[51, 58, 46, 86, 28, 47, 32, 92, 64, 56]
Round 233 | train_loss=1.1125 train_acc=0.6424 test_loss=2.1457 test_acc=0.2981
Round 234 | selected=[34, 87, 21, 85, 8, 32, 43, 73, 55, 74]
Round 234 | train_loss=1.4349 train_acc=0.5410 test_loss=2.1783 test_acc=0.2452
Round 235 | selected=[63, 38, 29, 96, 51, 94, 16, 25, 30, 36]
Round 235 | train_loss=1.2070 train_acc=0.5810 test_loss=1.8676 test_acc=0.2836
Round 236 | selected=[29, 97, 82, 88, 15, 98, 0, 95, 67, 41]
Round 236 | train_loss=1.0961 train_acc=0.6388 test_loss=1.6718 test_acc=0.3768
Round 237 | selected=[2, 43, 91, 7, 80, 51, 82, 78, 92, 76]
Round 237 | train_loss=1.0076 train_acc=0.6648 test_loss=1.7365 test_acc=0.3508
Round 238 | selected=[31, 43, 0, 6, 21, 47, 57, 88, 83, 25]
Round 238 | train_loss=1.0364 train_acc=0.6586 test_loss=1.8341 test_acc=0.2649
Round 239 | selected=[82, 33, 25, 68, 10, 87, 62, 56, 81, 23]
Round 239 | train_loss=0.9253 train_acc=0.6966 test_loss=1.6531 test_acc=0.3562
Round 240 | selected=[51, 69, 73, 10, 67, 24, 50, 41, 43, 58]
Round 240 | train_loss=0.9655 train_acc=0.6736 test_loss=1.6888 test_acc=0.3732
Round 241 | selected=[4, 49, 89, 19, 29, 9, 45, 22, 0, 18]
Round 241 | train_loss=1.1397 train_acc=0.5934 test_loss=1.6334 test_acc=0.3634
Round 242 | selected=[88, 17, 67, 51, 56, 49, 59, 14, 10, 45]
Round 242 | train_loss=0.9930 train_acc=0.6638 test_loss=1.7178 test_acc=0.3424
Round 243 | selected=[75, 16, 36, 70, 17, 5, 53, 14, 47, 66]
Round 243 | train_loss=0.9523 train_acc=0.6868 test_loss=1.7658 test_acc=0.3315
Round 244 | selected=[8, 40, 45, 53, 32, 55, 25, 12, 87, 91]
Round 244 | train_loss=0.8651 train_acc=0.7268 test_loss=1.6128 test_acc=0.4056
Round 245 | selected=[56, 87, 80, 82, 68, 75, 2, 53, 64, 6]
Round 245 | train_loss=0.9285 train_acc=0.6836 test_loss=1.6705 test_acc=0.3261
Round 246 | selected=[55, 95, 57, 32, 33, 35, 96, 0, 5, 50]
Round 246 | train_loss=1.0668 train_acc=0.6392 test_loss=1.7480 test_acc=0.3297
Round 247 | selected=[89, 42, 97, 18, 61, 10, 12, 80, 77, 4]
Round 247 | train_loss=1.1124 train_acc=0.6034 test_loss=1.7790 test_acc=0.3135
Round 248 | selected=[31, 76, 62, 86, 32, 20, 71, 72, 5, 21]
Round 248 | train_loss=0.9651 train_acc=0.6860 test_loss=2.0316 test_acc=0.3005
Round 249 | selected=[27, 75, 3, 19, 92, 94, 41, 7, 24, 32]
Round 249 | train_loss=0.9236 train_acc=0.7042 test_loss=2.1746 test_acc=0.2169
Round 250 | selected=[87, 36, 46, 53, 56, 34, 17, 33, 25, 49]
Round 250 | train_loss=1.0110 train_acc=0.6582 test_loss=1.7948 test_acc=0.4044
Round 251 | selected=[5, 53, 59, 49, 78, 71, 4, 70, 66, 76]
Round 251 | train_loss=0.8441 train_acc=0.7370 test_loss=1.7881 test_acc=0.3441
Round 252 | selected=[77, 33, 1, 71, 67, 70, 22, 75, 27, 48]
Round 252 | train_loss=1.1403 train_acc=0.6208 test_loss=1.6935 test_acc=0.3458
Round 253 | selected=[32, 63, 85, 55, 47, 93, 15, 46, 2, 13]
Round 253 | train_loss=0.8733 train_acc=0.7120 test_loss=1.6450 test_acc=0.3519
Round 254 | selected=[35, 38, 68, 58, 91, 59, 82, 69, 75, 81]
Round 254 | train_loss=0.9754 train_acc=0.7004 test_loss=2.1465 test_acc=0.2514
Round 255 | selected=[37, 30, 71, 7, 40, 60, 64, 74, 72, 79]
Round 255 | train_loss=1.0902 train_acc=0.6726 test_loss=1.6441 test_acc=0.3426
Round 256 | selected=[91, 66, 73, 33, 84, 22, 99, 32, 75, 1]
Round 256 | train_loss=1.0790 train_acc=0.6404 test_loss=1.9071 test_acc=0.2756
Round 257 | selected=[23, 36, 53, 18, 33, 70, 9, 80, 96, 20]
Round 257 | train_loss=1.0360 train_acc=0.6438 test_loss=1.5971 test_acc=0.3889
Round 258 | selected=[33, 47, 48, 59, 76, 8, 17, 45, 81, 23]
Round 258 | train_loss=0.8452 train_acc=0.7204 test_loss=1.5690 test_acc=0.3961
Round 259 | selected=[95, 97, 84, 45, 26, 53, 65, 92, 5, 60]
Round 259 | train_loss=0.9721 train_acc=0.6874 test_loss=1.6328 test_acc=0.3866
Round 260 | selected=[46, 69, 36, 77, 30, 71, 72, 81, 43, 27]
Round 260 | train_loss=0.9753 train_acc=0.6844 test_loss=1.5619 test_acc=0.3986
Round 261 | selected=[0, 18, 32, 17, 80, 3, 23, 58, 73, 19]
Round 261 | train_loss=0.9182 train_acc=0.6978 test_loss=1.6952 test_acc=0.3543
Round 262 | selected=[80, 30, 37, 28, 68, 96, 18, 57, 97, 27]
Round 262 | train_loss=1.0458 train_acc=0.6296 test_loss=1.5964 test_acc=0.3776
Round 263 | selected=[3, 46, 10, 17, 24, 66, 75, 36, 62, 14]
Round 263 | train_loss=0.9221 train_acc=0.6880 test_loss=1.7296 test_acc=0.3454
Round 264 | selected=[11, 56, 23, 12, 73, 55, 41, 75, 92, 64]
Round 264 | train_loss=1.0097 train_acc=0.6760 test_loss=2.0138 test_acc=0.2514
Round 265 | selected=[19, 93, 29, 59, 50, 24, 96, 75, 16, 23]
Round 265 | train_loss=1.1327 train_acc=0.6162 test_loss=1.8322 test_acc=0.3246
Round 266 | selected=[66, 62, 0, 92, 56, 22, 67, 91, 88, 34]
Round 266 | train_loss=1.1293 train_acc=0.6806 test_loss=1.7325 test_acc=0.3441
Round 267 | selected=[40, 31, 96, 76, 72, 0, 54, 69, 52, 29]
Round 267 | train_loss=0.9066 train_acc=0.7096 test_loss=1.8803 test_acc=0.3088
Round 268 | selected=[25, 58, 64, 4, 97, 83, 17, 78, 50, 77]
Round 268 | train_loss=1.0973 train_acc=0.6270 test_loss=1.9416 test_acc=0.3211
Round 269 | selected=[20, 30, 81, 11, 76, 77, 49, 88, 75, 23]
Round 269 | train_loss=1.3054 train_acc=0.5890 test_loss=1.7741 test_acc=0.3346
Round 270 | selected=[81, 92, 39, 1, 62, 28, 19, 91, 80, 69]
Round 270 | train_loss=0.9442 train_acc=0.6858 test_loss=1.8942 test_acc=0.3016
Round 271 | selected=[61, 17, 39, 59, 67, 57, 81, 66, 29, 28]
Round 271 | train_loss=1.0726 train_acc=0.6534 test_loss=1.7079 test_acc=0.3947
Round 272 | selected=[63, 42, 80, 78, 36, 83, 17, 84, 43, 93]
Round 272 | train_loss=0.9148 train_acc=0.7156 test_loss=1.7728 test_acc=0.3297
Round 273 | selected=[16, 69, 98, 24, 35, 13, 56, 10, 55, 65]
Round 273 | train_loss=0.9942 train_acc=0.6704 test_loss=1.7125 test_acc=0.3665
Round 274 | selected=[35, 86, 50, 82, 5, 47, 63, 91, 11, 19]
Round 274 | train_loss=0.9446 train_acc=0.6926 test_loss=1.6751 test_acc=0.3752
Round 275 | selected=[2, 12, 33, 17, 1, 62, 47, 6, 58, 91]
Round 275 | train_loss=1.0426 train_acc=0.6614 test_loss=1.6274 test_acc=0.3854
Round 276 | selected=[86, 31, 87, 77, 78, 83, 14, 91, 62, 38]
Round 276 | train_loss=0.9065 train_acc=0.7096 test_loss=1.6407 test_acc=0.3866
Round 277 | selected=[6, 13, 27, 15, 78, 16, 89, 21, 69, 68]
Round 277 | train_loss=0.8414 train_acc=0.7234 test_loss=1.6710 test_acc=0.3383
Round 278 | selected=[30, 68, 21, 98, 81, 52, 61, 78, 95, 48]
Round 278 | train_loss=0.8210 train_acc=0.7360 test_loss=1.6959 test_acc=0.3419
Round 279 | selected=[67, 93, 74, 79, 3, 89, 17, 33, 85, 70]
Round 279 | train_loss=0.9375 train_acc=0.6784 test_loss=1.6506 test_acc=0.3906
Round 280 | selected=[82, 22, 0, 83, 76, 52, 53, 27, 69, 65]
Round 280 | train_loss=0.8621 train_acc=0.7286 test_loss=1.7963 test_acc=0.3090
Round 281 | selected=[42, 73, 78, 93, 48, 84, 26, 19, 17, 7]
Round 281 | train_loss=0.8494 train_acc=0.7204 test_loss=1.9481 test_acc=0.2742
Round 282 | selected=[16, 0, 87, 31, 62, 74, 50, 48, 10, 54]
Round 282 | train_loss=1.0917 train_acc=0.6390 test_loss=1.8194 test_acc=0.2711
Round 283 | selected=[31, 89, 64, 51, 1, 68, 61, 23, 91, 2]
Round 283 | train_loss=0.9696 train_acc=0.6598 test_loss=1.5975 test_acc=0.4015
Round 284 | selected=[29, 54, 23, 66, 36, 20, 24, 63, 47, 95]
Round 284 | train_loss=0.7874 train_acc=0.7590 test_loss=1.8280 test_acc=0.3447
Round 285 | selected=[19, 33, 55, 93, 21, 39, 59, 4, 84, 29]
Round 285 | train_loss=1.0620 train_acc=0.6342 test_loss=1.7335 test_acc=0.3288
Round 286 | selected=[27, 98, 60, 85, 11, 62, 44, 65, 22, 36]
Round 286 | train_loss=1.1193 train_acc=0.6264 test_loss=1.5872 test_acc=0.3860
Round 287 | selected=[1, 90, 38, 54, 53, 4, 42, 60, 6, 30]
Round 287 | train_loss=0.7897 train_acc=0.7364 test_loss=1.5342 test_acc=0.4219
Round 288 | selected=[97, 71, 60, 27, 90, 22, 58, 0, 3, 11]
Round 288 | train_loss=0.9449 train_acc=0.6760 test_loss=1.6578 test_acc=0.3580
Round 289 | selected=[1, 14, 13, 85, 0, 64, 95, 61, 19, 84]
Round 289 | train_loss=1.0125 train_acc=0.6626 test_loss=1.8622 test_acc=0.3325
Round 290 | selected=[84, 79, 54, 32, 2, 86, 67, 56, 19, 39]
Round 290 | train_loss=0.8042 train_acc=0.7588 test_loss=1.9146 test_acc=0.2924
Round 291 | selected=[72, 98, 30, 21, 75, 54, 77, 79, 32, 45]
Round 291 | train_loss=0.9457 train_acc=0.6980 test_loss=1.6466 test_acc=0.3513
Round 292 | selected=[9, 88, 5, 27, 42, 69, 70, 10, 31, 7]
Round 292 | train_loss=0.9387 train_acc=0.6884 test_loss=1.7479 test_acc=0.3037
Round 293 | selected=[61, 97, 34, 23, 62, 20, 42, 41, 72, 51]
Round 293 | train_loss=0.9289 train_acc=0.6910 test_loss=1.5623 test_acc=0.3992
Round 294 | selected=[25, 34, 3, 1, 19, 97, 84, 65, 90, 58]
Round 294 | train_loss=0.7245 train_acc=0.7764 test_loss=1.7416 test_acc=0.3524
Round 295 | selected=[97, 83, 12, 47, 82, 49, 58, 34, 37, 94]
Round 295 | train_loss=0.8654 train_acc=0.7066 test_loss=1.9052 test_acc=0.3404
Round 296 | selected=[79, 20, 3, 49, 4, 82, 75, 83, 57, 64]
Round 296 | train_loss=1.0191 train_acc=0.6536 test_loss=1.8057 test_acc=0.3039
Round 297 | selected=[26, 85, 13, 95, 36, 96, 12, 70, 91, 24]
Round 297 | train_loss=1.0839 train_acc=0.6366 test_loss=1.6762 test_acc=0.3840
Round 298 | selected=[25, 99, 43, 49, 78, 12, 51, 18, 75, 8]
Round 298 | train_loss=0.9786 train_acc=0.6750 test_loss=1.7261 test_acc=0.3707
Round 299 | selected=[97, 28, 49, 67, 30, 54, 16, 21, 33, 76]
Round 299 | train_loss=0.8903 train_acc=0.7074 test_loss=2.0763 test_acc=0.2782
Round 300 | selected=[13, 65, 5, 92, 95, 60, 26, 39, 78, 66]
Round 300 | train_loss=1.0335 train_acc=0.6714 test_loss=1.8166 test_acc=0.3462
Round 301 | selected=[9, 7, 93, 98, 56, 68, 45, 54, 61, 55]
Round 301 | train_loss=1.1692 train_acc=0.6274 test_loss=1.7580 test_acc=0.3462
Round 302 | selected=[70, 15, 24, 86, 52, 20, 89, 39, 26, 29]
Round 302 | train_loss=1.0068 train_acc=0.6550 test_loss=1.6529 test_acc=0.3490
Round 303 | selected=[88, 70, 93, 14, 40, 54, 38, 11, 83, 68]
Round 303 | train_loss=0.9035 train_acc=0.7036 test_loss=1.7897 test_acc=0.4008
Round 304 | selected=[32, 7, 18, 89, 71, 28, 47, 27, 8, 11]
Round 304 | train_loss=1.0741 train_acc=0.6406 test_loss=1.5870 test_acc=0.3978
Round 305 | selected=[45, 20, 3, 79, 63, 59, 56, 57, 16, 51]
Round 305 | train_loss=0.8978 train_acc=0.7090 test_loss=1.6298 test_acc=0.3627
Round 306 | selected=[64, 86, 36, 51, 71, 58, 67, 68, 83, 11]
Round 306 | train_loss=0.9247 train_acc=0.6952 test_loss=1.9487 test_acc=0.2845
Round 307 | selected=[15, 75, 99, 73, 85, 98, 49, 83, 93, 23]
Round 307 | train_loss=1.1493 train_acc=0.6106 test_loss=1.7919 test_acc=0.3562
Round 308 | selected=[69, 28, 30, 84, 15, 86, 87, 7, 36, 59]
Round 308 | train_loss=1.1331 train_acc=0.6734 test_loss=2.1752 test_acc=0.2500
Round 309 | selected=[16, 19, 85, 9, 34, 64, 66, 25, 35, 86]
Round 309 | train_loss=1.0476 train_acc=0.6834 test_loss=1.5761 test_acc=0.4174
Round 310 | selected=[93, 20, 90, 69, 28, 18, 52, 15, 19, 3]
Round 310 | train_loss=0.8882 train_acc=0.7168 test_loss=1.6067 test_acc=0.3902
Round 311 | selected=[34, 77, 19, 88, 85, 9, 45, 5, 20, 39]
Round 311 | train_loss=0.9764 train_acc=0.6722 test_loss=1.5314 test_acc=0.4187
Round 312 | selected=[5, 14, 60, 30, 49, 71, 87, 35, 39, 80]
Round 312 | train_loss=0.8938 train_acc=0.7144 test_loss=1.4638 test_acc=0.4278
Round 313 | selected=[63, 69, 41, 25, 81, 3, 68, 49, 34, 89]
Round 313 | train_loss=0.7789 train_acc=0.7516 test_loss=1.6833 test_acc=0.3808
Round 314 | selected=[82, 39, 65, 22, 38, 51, 36, 50, 10, 75]
Round 314 | train_loss=1.1865 train_acc=0.5962 test_loss=1.6922 test_acc=0.3421
Round 315 | selected=[63, 38, 85, 47, 55, 86, 4, 44, 76, 36]
Round 315 | train_loss=1.0198 train_acc=0.6612 test_loss=1.6966 test_acc=0.3765
Round 316 | selected=[67, 32, 53, 11, 61, 28, 62, 44, 98, 43]
Round 316 | train_loss=1.0226 train_acc=0.6524 test_loss=1.5353 test_acc=0.4045
Round 317 | selected=[54, 42, 31, 56, 37, 38, 4, 26, 55, 47]
Round 317 | train_loss=0.9027 train_acc=0.7176 test_loss=1.6137 test_acc=0.4179
Round 318 | selected=[77, 24, 38, 71, 6, 43, 79, 12, 84, 69]
Round 318 | train_loss=0.8975 train_acc=0.7100 test_loss=1.6507 test_acc=0.3529
Round 319 | selected=[22, 47, 46, 87, 35, 90, 2, 33, 53, 99]
Round 319 | train_loss=0.7893 train_acc=0.7460 test_loss=1.6337 test_acc=0.3754
Round 320 | selected=[94, 86, 38, 85, 83, 29, 68, 97, 92, 55]
Round 320 | train_loss=0.9076 train_acc=0.6898 test_loss=1.8893 test_acc=0.2849
Round 321 | selected=[33, 52, 40, 54, 43, 85, 97, 59, 83, 71]
Round 321 | train_loss=0.9686 train_acc=0.6506 test_loss=1.6282 test_acc=0.4267
Round 322 | selected=[39, 18, 9, 77, 71, 38, 99, 74, 25, 52]
Round 322 | train_loss=0.9583 train_acc=0.6902 test_loss=2.0587 test_acc=0.2603
Round 323 | selected=[85, 22, 13, 49, 88, 7, 98, 16, 56, 24]
Round 323 | train_loss=0.9707 train_acc=0.6654 test_loss=2.0215 test_acc=0.3045
Round 324 | selected=[43, 83, 24, 21, 97, 76, 30, 84, 75, 82]
Round 324 | train_loss=1.0271 train_acc=0.6548 test_loss=1.7233 test_acc=0.3459
Round 325 | selected=[69, 34, 42, 37, 92, 81, 17, 60, 88, 16]
Round 325 | train_loss=0.8909 train_acc=0.7274 test_loss=1.7577 test_acc=0.3824
Round 326 | selected=[27, 7, 8, 71, 40, 1, 86, 12, 4, 44]
Round 326 | train_loss=0.9089 train_acc=0.6996 test_loss=1.6607 test_acc=0.4077
Round 327 | selected=[85, 99, 68, 3, 9, 72, 57, 36, 82, 47]
Round 327 | train_loss=0.9012 train_acc=0.7104 test_loss=1.6733 test_acc=0.3785
Round 328 | selected=[87, 32, 37, 52, 27, 54, 45, 80, 57, 73]
Round 328 | train_loss=1.1172 train_acc=0.6476 test_loss=1.6314 test_acc=0.4021
Round 329 | selected=[73, 13, 77, 46, 64, 91, 33, 36, 62, 15]
Round 329 | train_loss=1.0040 train_acc=0.6940 test_loss=1.6005 test_acc=0.3827
Round 330 | selected=[3, 79, 26, 43, 96, 6, 54, 45, 85, 59]
Round 330 | train_loss=1.0101 train_acc=0.6590 test_loss=1.6598 test_acc=0.3529
Round 331 | selected=[0, 29, 41, 44, 7, 51, 23, 84, 33, 43]
Round 331 | train_loss=0.9042 train_acc=0.6976 test_loss=1.6099 test_acc=0.4015
Round 332 | selected=[7, 27, 68, 57, 83, 43, 42, 25, 3, 17]
Round 332 | train_loss=0.7319 train_acc=0.7660 test_loss=1.8198 test_acc=0.2999
Round 333 | selected=[73, 8, 34, 79, 81, 70, 94, 5, 74, 98]
Round 333 | train_loss=1.1847 train_acc=0.6118 test_loss=2.0633 test_acc=0.2602
Round 334 | selected=[16, 75, 82, 12, 48, 57, 97, 34, 24, 36]
Round 334 | train_loss=1.0897 train_acc=0.6296 test_loss=1.6331 test_acc=0.3902
Round 335 | selected=[61, 68, 64, 45, 47, 90, 74, 31, 93, 16]
Round 335 | train_loss=0.9340 train_acc=0.6710 test_loss=1.7701 test_acc=0.3365
Round 336 | selected=[43, 53, 1, 92, 73, 15, 94, 87, 52, 41]
Round 336 | train_loss=1.0742 train_acc=0.6488 test_loss=1.7274 test_acc=0.3721
Round 337 | selected=[34, 58, 25, 90, 72, 1, 88, 28, 52, 96]
Round 337 | train_loss=0.9064 train_acc=0.7148 test_loss=1.5754 test_acc=0.3982
Round 338 | selected=[67, 52, 69, 46, 25, 55, 29, 68, 56, 64]
Round 338 | train_loss=0.8183 train_acc=0.7446 test_loss=1.7148 test_acc=0.3721
Round 339 | selected=[82, 52, 80, 63, 25, 12, 21, 73, 6, 33]
Round 339 | train_loss=0.9515 train_acc=0.6892 test_loss=1.5141 test_acc=0.4381
Round 340 | selected=[6, 82, 4, 28, 13, 10, 23, 5, 63, 55]
Round 340 | train_loss=0.9411 train_acc=0.6874 test_loss=1.6451 test_acc=0.3266
Round 341 | selected=[98, 40, 29, 90, 12, 94, 66, 88, 34, 42]
Round 341 | train_loss=0.8822 train_acc=0.7070 test_loss=1.5021 test_acc=0.4629
Round 342 | selected=[26, 41, 31, 47, 13, 78, 86, 33, 82, 10]
Round 342 | train_loss=0.8501 train_acc=0.7182 test_loss=1.7169 test_acc=0.3246
Round 343 | selected=[3, 73, 48, 97, 53, 0, 6, 34, 87, 44]
Round 343 | train_loss=1.0456 train_acc=0.6598 test_loss=1.8921 test_acc=0.3075
Round 344 | selected=[61, 26, 12, 8, 23, 84, 73, 4, 79, 77]
Round 344 | train_loss=0.9960 train_acc=0.6572 test_loss=1.5706 test_acc=0.3675
Round 345 | selected=[22, 13, 98, 18, 34, 76, 24, 52, 0, 78]
Round 345 | train_loss=0.9536 train_acc=0.6784 test_loss=2.0387 test_acc=0.2897
Round 346 | selected=[15, 91, 94, 56, 43, 58, 63, 69, 93, 47]
Round 346 | train_loss=1.0006 train_acc=0.6944 test_loss=1.8295 test_acc=0.3280
Round 347 | selected=[92, 49, 52, 29, 54, 0, 51, 42, 64, 82]
Round 347 | train_loss=1.1989 train_acc=0.6224 test_loss=1.8303 test_acc=0.3297
Round 348 | selected=[74, 28, 96, 92, 39, 64, 88, 80, 22, 25]
Round 348 | train_loss=1.0367 train_acc=0.6422 test_loss=1.7517 test_acc=0.3453
Round 349 | selected=[60, 54, 20, 21, 67, 98, 39, 52, 90, 59]
Round 349 | train_loss=0.9935 train_acc=0.6896 test_loss=1.6621 test_acc=0.3910
Round 350 | selected=[3, 53, 84, 93, 81, 50, 19, 1, 10, 89]
Round 350 | train_loss=0.9193 train_acc=0.6818 test_loss=1.9030 test_acc=0.3102
Round 351 | selected=[96, 5, 88, 48, 9, 60, 12, 65, 83, 22]
Round 351 | train_loss=1.0388 train_acc=0.6472 test_loss=1.5696 test_acc=0.4107
Round 352 | selected=[85, 43, 42, 29, 38, 46, 86, 12, 62, 51]
Round 352 | train_loss=0.8816 train_acc=0.7152 test_loss=1.4514 test_acc=0.4352
Round 353 | selected=[88, 58, 25, 67, 31, 28, 97, 15, 53, 8]
Round 353 | train_loss=0.7661 train_acc=0.7538 test_loss=1.5744 test_acc=0.4468
Round 354 | selected=[16, 14, 4, 49, 89, 11, 83, 42, 80, 95]
Round 354 | train_loss=1.0258 train_acc=0.6446 test_loss=1.6178 test_acc=0.3722
Round 355 | selected=[18, 58, 73, 34, 54, 2, 23, 69, 95, 61]
Round 355 | train_loss=0.8957 train_acc=0.7126 test_loss=1.5332 test_acc=0.4135
Round 356 | selected=[98, 64, 16, 20, 66, 76, 32, 91, 96, 9]
Round 356 | train_loss=0.8781 train_acc=0.7094 test_loss=1.8538 test_acc=0.3352
Round 357 | selected=[67, 29, 4, 11, 85, 87, 3, 30, 39, 45]
Round 357 | train_loss=0.9997 train_acc=0.6642 test_loss=1.6101 test_acc=0.3891
Round 358 | selected=[85, 75, 33, 64, 55, 50, 47, 26, 4, 67]
Round 358 | train_loss=1.0837 train_acc=0.6148 test_loss=1.8709 test_acc=0.2835
Round 359 | selected=[48, 62, 58, 3, 57, 95, 45, 26, 94, 29]
Round 359 | train_loss=1.0894 train_acc=0.6620 test_loss=1.5666 test_acc=0.4166
Round 360 | selected=[68, 86, 88, 57, 67, 30, 45, 41, 47, 95]
Round 360 | train_loss=0.8108 train_acc=0.7528 test_loss=1.6749 test_acc=0.3841
Round 361 | selected=[3, 20, 87, 48, 80, 71, 97, 8, 98, 18]
Round 361 | train_loss=1.0297 train_acc=0.6470 test_loss=1.7561 test_acc=0.3579
Round 362 | selected=[74, 49, 41, 88, 4, 19, 98, 46, 6, 90]
Round 362 | train_loss=0.8965 train_acc=0.6940 test_loss=1.7970 test_acc=0.3402
Round 363 | selected=[57, 35, 8, 59, 94, 49, 83, 23, 95, 85]
Round 363 | train_loss=0.9573 train_acc=0.6824 test_loss=1.5378 test_acc=0.4202
Round 364 | selected=[43, 77, 30, 89, 32, 61, 10, 82, 56, 54]
Round 364 | train_loss=0.9256 train_acc=0.6692 test_loss=1.7951 test_acc=0.3466
Round 365 | selected=[40, 55, 48, 89, 88, 49, 24, 28, 83, 75]
Round 365 | train_loss=1.0218 train_acc=0.6580 test_loss=1.4894 test_acc=0.4326
Round 366 | selected=[96, 72, 92, 13, 17, 15, 26, 41, 65, 78]
Round 366 | train_loss=0.7575 train_acc=0.7600 test_loss=1.6173 test_acc=0.3648
Round 367 | selected=[43, 47, 20, 3, 31, 81, 45, 68, 17, 82]
Round 367 | train_loss=0.8794 train_acc=0.7022 test_loss=1.5939 test_acc=0.3729
Round 368 | selected=[22, 19, 87, 79, 94, 91, 69, 17, 48, 49]
Round 368 | train_loss=0.8077 train_acc=0.7286 test_loss=1.5991 test_acc=0.3936
Round 369 | selected=[62, 7, 25, 85, 66, 38, 18, 50, 56, 37]
Round 369 | train_loss=0.7697 train_acc=0.7576 test_loss=1.7788 test_acc=0.3170
Round 370 | selected=[39, 24, 42, 3, 10, 75, 59, 49, 55, 46]
Round 370 | train_loss=0.9881 train_acc=0.6410 test_loss=1.7099 test_acc=0.3743
Round 371 | selected=[91, 8, 74, 84, 76, 82, 35, 42, 86, 59]
Round 371 | train_loss=0.8458 train_acc=0.7336 test_loss=1.5864 test_acc=0.4421
Round 372 | selected=[9, 79, 77, 68, 21, 63, 5, 53, 36, 86]
Round 372 | train_loss=0.7989 train_acc=0.7622 test_loss=1.4900 test_acc=0.4545
Round 373 | selected=[52, 33, 72, 14, 81, 77, 3, 61, 46, 76]
Round 373 | train_loss=0.8525 train_acc=0.7188 test_loss=1.4347 test_acc=0.4572
Round 374 | selected=[18, 57, 98, 58, 43, 87, 97, 64, 10, 22]
Round 374 | train_loss=0.9051 train_acc=0.7034 test_loss=1.5314 test_acc=0.3876
Round 375 | selected=[52, 94, 14, 5, 23, 38, 46, 16, 1, 17]
Round 375 | train_loss=0.7548 train_acc=0.7556 test_loss=1.8597 test_acc=0.3134
Round 376 | selected=[3, 76, 12, 15, 39, 7, 95, 54, 17, 88]
Round 376 | train_loss=0.8230 train_acc=0.7212 test_loss=1.5463 test_acc=0.4469
Round 377 | selected=[22, 46, 90, 2, 76, 36, 48, 23, 4, 42]
Round 377 | train_loss=0.7820 train_acc=0.7362 test_loss=1.4071 test_acc=0.4994
Round 378 | selected=[87, 45, 21, 19, 36, 4, 3, 1, 65, 86]
Round 378 | train_loss=0.7503 train_acc=0.7436 test_loss=1.7825 test_acc=0.3460
Round 379 | selected=[38, 83, 44, 5, 54, 85, 43, 86, 60, 68]
Round 379 | train_loss=0.8764 train_acc=0.7134 test_loss=1.5991 test_acc=0.3993
Round 380 | selected=[92, 42, 35, 15, 21, 37, 72, 4, 54, 51]
Round 380 | train_loss=0.8114 train_acc=0.7438 test_loss=1.5292 test_acc=0.4467
Round 381 | selected=[44, 82, 22, 37, 83, 55, 41, 20, 69, 56]
Round 381 | train_loss=0.7849 train_acc=0.7354 test_loss=1.6856 test_acc=0.3120
Round 382 | selected=[17, 69, 96, 11, 2, 86, 6, 77, 97, 56]
Round 382 | train_loss=0.8429 train_acc=0.7008 test_loss=1.6891 test_acc=0.3397
Round 383 | selected=[82, 27, 14, 71, 21, 94, 91, 45, 1, 77]
Round 383 | train_loss=0.9869 train_acc=0.6528 test_loss=1.5489 test_acc=0.4397
Round 384 | selected=[4, 6, 87, 81, 27, 51, 84, 7, 50, 82]
Round 384 | train_loss=0.9842 train_acc=0.6756 test_loss=1.6125 test_acc=0.3827
Round 385 | selected=[42, 51, 38, 98, 72, 3, 57, 0, 48, 13]
Round 385 | train_loss=0.8752 train_acc=0.7276 test_loss=1.6409 test_acc=0.3904
Round 386 | selected=[44, 3, 90, 56, 95, 66, 51, 54, 38, 60]
Round 386 | train_loss=0.8328 train_acc=0.7442 test_loss=2.1596 test_acc=0.2978
Round 387 | selected=[32, 61, 24, 5, 72, 51, 40, 73, 93, 18]
Round 387 | train_loss=0.9642 train_acc=0.6890 test_loss=1.5649 test_acc=0.3972
Round 388 | selected=[25, 47, 98, 42, 31, 81, 84, 57, 24, 62]
Round 388 | train_loss=0.8204 train_acc=0.7310 test_loss=1.4277 test_acc=0.4446
Round 389 | selected=[28, 16, 86, 62, 51, 35, 9, 37, 44, 57]
Round 389 | train_loss=0.8291 train_acc=0.7240 test_loss=1.5299 test_acc=0.4293
Round 390 | selected=[36, 37, 98, 66, 85, 38, 74, 52, 92, 87]
Round 390 | train_loss=0.8459 train_acc=0.7186 test_loss=1.9256 test_acc=0.2987
Round 391 | selected=[3, 77, 64, 49, 19, 55, 18, 68, 12, 35]
Round 391 | train_loss=0.9301 train_acc=0.6854 test_loss=1.6981 test_acc=0.4262
Round 392 | selected=[39, 51, 60, 72, 61, 38, 23, 4, 55, 88]
Round 392 | train_loss=1.0428 train_acc=0.6602 test_loss=1.6644 test_acc=0.3526
Round 393 | selected=[8, 77, 28, 38, 56, 79, 22, 48, 69, 53]
Round 393 | train_loss=0.9132 train_acc=0.6868 test_loss=1.7305 test_acc=0.3783
Round 394 | selected=[71, 20, 10, 26, 30, 84, 9, 14, 50, 47]
Round 394 | train_loss=0.9468 train_acc=0.6906 test_loss=1.6627 test_acc=0.3192
Round 395 | selected=[35, 56, 30, 19, 36, 83, 25, 28, 16, 13]
Round 395 | train_loss=0.7620 train_acc=0.7454 test_loss=1.5588 test_acc=0.4382
Round 396 | selected=[71, 79, 49, 61, 73, 59, 60, 83, 10, 81]
Round 396 | train_loss=0.8039 train_acc=0.7354 test_loss=1.6942 test_acc=0.3586
Round 397 | selected=[30, 94, 28, 68, 57, 74, 34, 81, 86, 33]
Round 397 | train_loss=0.8255 train_acc=0.7236 test_loss=1.7953 test_acc=0.3653
Round 398 | selected=[25, 45, 51, 62, 91, 55, 12, 46, 53, 63]
Round 398 | train_loss=0.9248 train_acc=0.6938 test_loss=1.6388 test_acc=0.3919
Round 399 | selected=[48, 60, 78, 39, 75, 72, 70, 59, 19, 27]
Round 399 | train_loss=0.9753 train_acc=0.6670 test_loss=1.8615 test_acc=0.3168
Round 400 | selected=[58, 16, 89, 40, 44, 53, 79, 93, 47, 69]
Round 400 | train_loss=0.8255 train_acc=0.7168 test_loss=1.6958 test_acc=0.3506
Round 401 | selected=[30, 61, 62, 45, 76, 60, 12, 78, 55, 71]
Round 401 | train_loss=0.9158 train_acc=0.6946 test_loss=1.5009 test_acc=0.4502
Round 402 | selected=[60, 0, 12, 33, 15, 49, 13, 48, 52, 58]
Round 402 | train_loss=0.8352 train_acc=0.7340 test_loss=1.5672 test_acc=0.3740
Round 403 | selected=[57, 52, 21, 55, 96, 33, 29, 71, 84, 48]
Round 403 | train_loss=0.9093 train_acc=0.6900 test_loss=1.5145 test_acc=0.4119
Round 404 | selected=[68, 83, 92, 91, 8, 13, 10, 25, 66, 53]
Round 404 | train_loss=0.6488 train_acc=0.7948 test_loss=1.5137 test_acc=0.3896
Round 405 | selected=[46, 36, 82, 76, 1, 51, 63, 65, 54, 70]
Round 405 | train_loss=0.8831 train_acc=0.6952 test_loss=1.8795 test_acc=0.3356
Round 406 | selected=[76, 86, 8, 30, 3, 91, 93, 16, 55, 57]
Round 406 | train_loss=0.9645 train_acc=0.6938 test_loss=1.7926 test_acc=0.3731
Round 407 | selected=[7, 3, 81, 70, 98, 24, 44, 8, 39, 16]
Round 407 | train_loss=0.8390 train_acc=0.7182 test_loss=1.6683 test_acc=0.3591
Round 408 | selected=[79, 44, 97, 35, 77, 6, 46, 29, 38, 82]
Round 408 | train_loss=0.9209 train_acc=0.6726 test_loss=1.7502 test_acc=0.3820
Round 409 | selected=[54, 0, 51, 65, 41, 34, 84, 70, 3, 36]
Round 409 | train_loss=1.0001 train_acc=0.6708 test_loss=1.4964 test_acc=0.4431
Round 410 | selected=[43, 11, 38, 47, 69, 30, 22, 88, 19, 24]
Round 410 | train_loss=0.8486 train_acc=0.7140 test_loss=1.5501 test_acc=0.4016
Round 411 | selected=[62, 98, 10, 76, 14, 25, 49, 7, 89, 17]
Round 411 | train_loss=0.8500 train_acc=0.7186 test_loss=1.5737 test_acc=0.3658
Round 412 | selected=[34, 19, 37, 70, 98, 64, 69, 5, 94, 3]
Round 412 | train_loss=0.7295 train_acc=0.7574 test_loss=1.6611 test_acc=0.3527
Round 413 | selected=[51, 28, 42, 21, 29, 30, 38, 96, 34, 97]
Round 413 | train_loss=0.8986 train_acc=0.6938 test_loss=1.4294 test_acc=0.4394
Round 414 | selected=[98, 67, 83, 59, 41, 45, 39, 70, 21, 25]
Round 414 | train_loss=0.7440 train_acc=0.7488 test_loss=1.6324 test_acc=0.3776
Round 415 | selected=[7, 15, 43, 85, 41, 50, 67, 21, 90, 5]
Round 415 | train_loss=0.8127 train_acc=0.7214 test_loss=1.6232 test_acc=0.3619
Round 416 | selected=[73, 77, 81, 41, 99, 10, 54, 89, 20, 85]
Round 416 | train_loss=0.8461 train_acc=0.7200 test_loss=1.5696 test_acc=0.3968
Round 417 | selected=[24, 60, 96, 79, 36, 56, 38, 74, 19, 35]
Round 417 | train_loss=0.7313 train_acc=0.7600 test_loss=1.6192 test_acc=0.4003
Round 418 | selected=[48, 82, 66, 74, 15, 51, 24, 98, 76, 33]
Round 418 | train_loss=0.7694 train_acc=0.7478 test_loss=1.4104 test_acc=0.4975
Round 419 | selected=[19, 88, 66, 76, 48, 37, 57, 0, 14, 62]
Round 419 | train_loss=0.7017 train_acc=0.7868 test_loss=1.5705 test_acc=0.4253
Round 420 | selected=[88, 77, 68, 0, 32, 9, 20, 90, 79, 8]
Round 420 | train_loss=0.8135 train_acc=0.7342 test_loss=1.4721 test_acc=0.4152
Round 421 | selected=[22, 71, 9, 65, 64, 7, 2, 73, 21, 40]
Round 421 | train_loss=0.8590 train_acc=0.6990 test_loss=1.5007 test_acc=0.4449
Round 422 | selected=[60, 73, 61, 4, 21, 48, 95, 51, 56, 55]
Round 422 | train_loss=0.8469 train_acc=0.7180 test_loss=1.4260 test_acc=0.4545
Round 423 | selected=[37, 74, 73, 36, 52, 33, 60, 31, 21, 43]
Round 423 | train_loss=0.7825 train_acc=0.7378 test_loss=1.4164 test_acc=0.4625
Round 424 | selected=[78, 56, 34, 12, 60, 65, 10, 39, 11, 57]
Round 424 | train_loss=0.7399 train_acc=0.7600 test_loss=1.5267 test_acc=0.3996
Round 425 | selected=[21, 93, 77, 97, 89, 4, 16, 56, 87, 63]
Round 425 | train_loss=0.7125 train_acc=0.7636 test_loss=2.0189 test_acc=0.2886
Round 426 | selected=[78, 64, 7, 94, 68, 10, 36, 39, 89, 23]
Round 426 | train_loss=0.8731 train_acc=0.7150 test_loss=1.5863 test_acc=0.3806
Round 427 | selected=[90, 27, 55, 44, 95, 51, 20, 50, 62, 69]
Round 427 | train_loss=0.9152 train_acc=0.6896 test_loss=1.6064 test_acc=0.3686
Round 428 | selected=[2, 98, 7, 73, 72, 14, 48, 56, 21, 92]
Round 428 | train_loss=0.7883 train_acc=0.7358 test_loss=1.8175 test_acc=0.3362
Round 429 | selected=[4, 34, 14, 68, 54, 17, 27, 57, 63, 16]
Round 429 | train_loss=0.9274 train_acc=0.6762 test_loss=1.4641 test_acc=0.4928
Round 430 | selected=[90, 85, 99, 60, 4, 5, 72, 57, 92, 20]
Round 430 | train_loss=0.8214 train_acc=0.7438 test_loss=1.3642 test_acc=0.4920
Round 431 | selected=[90, 29, 95, 23, 31, 97, 7, 16, 86, 34]
Round 431 | train_loss=0.7575 train_acc=0.7478 test_loss=1.3948 test_acc=0.4834
Round 432 | selected=[58, 95, 63, 60, 75, 37, 18, 45, 93, 42]
Round 432 | train_loss=0.7330 train_acc=0.7480 test_loss=1.5378 test_acc=0.3780
Round 433 | selected=[41, 10, 52, 79, 45, 94, 16, 20, 81, 80]
Round 433 | train_loss=0.8535 train_acc=0.7040 test_loss=1.6631 test_acc=0.3531
Round 434 | selected=[23, 86, 49, 93, 15, 71, 77, 5, 79, 70]
Round 434 | train_loss=0.7327 train_acc=0.7558 test_loss=1.5125 test_acc=0.4635
Round 435 | selected=[21, 34, 75, 43, 98, 99, 44, 35, 23, 64]
Round 435 | train_loss=0.7368 train_acc=0.7488 test_loss=1.5364 test_acc=0.4123
Round 436 | selected=[21, 89, 58, 75, 2, 46, 52, 40, 87, 10]
Round 436 | train_loss=0.7377 train_acc=0.7566 test_loss=1.5079 test_acc=0.4685
Round 437 | selected=[22, 59, 10, 94, 97, 87, 16, 33, 34, 57]
Round 437 | train_loss=0.8139 train_acc=0.7324 test_loss=1.3723 test_acc=0.4926
Round 438 | selected=[84, 50, 77, 39, 37, 4, 96, 53, 66, 6]
Round 438 | train_loss=0.8560 train_acc=0.7100 test_loss=2.1610 test_acc=0.2643
Round 439 | selected=[24, 81, 21, 69, 14, 52, 98, 78, 6, 86]
Round 439 | train_loss=0.6719 train_acc=0.7716 test_loss=1.7319 test_acc=0.3376
Round 440 | selected=[48, 10, 69, 43, 85, 59, 98, 19, 58, 64]
Round 440 | train_loss=0.8624 train_acc=0.7170 test_loss=1.5746 test_acc=0.3628
Round 441 | selected=[52, 78, 19, 11, 97, 91, 47, 63, 23, 72]
Round 441 | train_loss=0.7655 train_acc=0.7454 test_loss=1.5642 test_acc=0.4193
Round 442 | selected=[82, 10, 16, 61, 74, 37, 11, 99, 79, 65]
Round 442 | train_loss=0.8211 train_acc=0.7146 test_loss=1.5936 test_acc=0.3921
Round 443 | selected=[60, 97, 54, 99, 72, 78, 71, 40, 15, 52]
Round 443 | train_loss=0.8301 train_acc=0.7216 test_loss=1.5950 test_acc=0.3965
Round 444 | selected=[23, 24, 27, 34, 14, 95, 91, 63, 8, 60]
Round 444 | train_loss=0.8394 train_acc=0.7188 test_loss=1.8020 test_acc=0.3510
Round 445 | selected=[13, 29, 62, 97, 66, 45, 85, 38, 60, 52]
Round 445 | train_loss=0.8906 train_acc=0.7128 test_loss=1.4284 test_acc=0.4736
Round 446 | selected=[33, 44, 7, 84, 79, 35, 96, 48, 56, 83]
Round 446 | train_loss=0.7798 train_acc=0.7346 test_loss=1.4896 test_acc=0.4044
Round 447 | selected=[78, 25, 62, 11, 96, 50, 54, 31, 99, 86]
Round 447 | train_loss=0.8121 train_acc=0.7182 test_loss=1.4331 test_acc=0.4787
Round 448 | selected=[77, 5, 35, 11, 93, 38, 6, 36, 70, 75]
Round 448 | train_loss=0.8593 train_acc=0.7112 test_loss=1.7031 test_acc=0.3946
Round 449 | selected=[44, 41, 53, 99, 40, 70, 6, 11, 51, 47]
Round 449 | train_loss=0.8409 train_acc=0.7194 test_loss=1.3136 test_acc=0.5368
Round 450 | selected=[91, 34, 46, 68, 97, 37, 20, 81, 2, 40]
Round 450 | train_loss=0.7126 train_acc=0.7736 test_loss=1.5134 test_acc=0.3974
Round 451 | selected=[30, 62, 47, 57, 82, 68, 24, 77, 36, 31]
Round 451 | train_loss=0.9074 train_acc=0.7074 test_loss=1.4429 test_acc=0.4791
Round 452 | selected=[14, 88, 98, 74, 20, 16, 58, 77, 99, 62]
Round 452 | train_loss=0.8945 train_acc=0.7150 test_loss=1.7074 test_acc=0.3665
Round 453 | selected=[99, 50, 9, 2, 91, 73, 29, 68, 86, 62]
Round 453 | train_loss=0.8026 train_acc=0.7320 test_loss=1.5837 test_acc=0.3820
Round 454 | selected=[32, 36, 15, 28, 24, 80, 62, 71, 0, 43]
Round 454 | train_loss=0.8999 train_acc=0.7056 test_loss=1.6954 test_acc=0.3758
Round 455 | selected=[97, 14, 93, 26, 44, 60, 78, 91, 65, 83]
Round 455 | train_loss=0.7398 train_acc=0.7664 test_loss=1.9756 test_acc=0.3303
Round 456 | selected=[28, 52, 69, 85, 15, 41, 75, 48, 54, 73]
Round 456 | train_loss=1.1113 train_acc=0.6860 test_loss=2.1817 test_acc=0.2864
Round 457 | selected=[35, 89, 40, 61, 68, 90, 73, 51, 55, 4]
Round 457 | train_loss=1.0991 train_acc=0.6388 test_loss=1.4587 test_acc=0.4293
Round 458 | selected=[18, 0, 98, 28, 26, 93, 68, 95, 37, 29]
Round 458 | train_loss=0.8773 train_acc=0.6992 test_loss=1.3812 test_acc=0.4646
Round 459 | selected=[34, 69, 22, 91, 48, 66, 70, 94, 47, 99]
Round 459 | train_loss=0.7092 train_acc=0.7654 test_loss=1.5220 test_acc=0.4191
Round 460 | selected=[37, 13, 35, 34, 60, 90, 28, 50, 73, 40]
Round 460 | train_loss=0.8679 train_acc=0.7108 test_loss=1.7188 test_acc=0.4133
Round 461 | selected=[69, 27, 26, 89, 64, 93, 54, 67, 44, 57]
Round 461 | train_loss=0.9325 train_acc=0.6970 test_loss=1.8169 test_acc=0.3790
Round 462 | selected=[26, 83, 30, 5, 43, 44, 91, 8, 93, 6]
Round 462 | train_loss=0.9519 train_acc=0.6900 test_loss=1.6574 test_acc=0.3489
Round 463 | selected=[63, 2, 29, 62, 74, 69, 37, 91, 78, 14]
Round 463 | train_loss=0.7443 train_acc=0.7582 test_loss=1.4788 test_acc=0.4208
Round 464 | selected=[21, 59, 82, 78, 68, 99, 15, 47, 71, 93]
Round 464 | train_loss=0.6369 train_acc=0.7932 test_loss=1.6761 test_acc=0.3536
Round 465 | selected=[61, 99, 89, 95, 81, 71, 64, 42, 14, 35]
Round 465 | train_loss=0.9090 train_acc=0.7144 test_loss=1.6304 test_acc=0.3759
Round 466 | selected=[74, 69, 55, 29, 84, 19, 12, 73, 64, 94]
Round 466 | train_loss=0.9264 train_acc=0.7024 test_loss=1.4640 test_acc=0.4693
Round 467 | selected=[49, 23, 48, 90, 19, 29, 92, 63, 66, 6]
Round 467 | train_loss=0.6890 train_acc=0.7782 test_loss=1.4218 test_acc=0.4625
Round 468 | selected=[9, 49, 61, 94, 30, 79, 75, 36, 5, 4]
Round 468 | train_loss=0.8557 train_acc=0.6998 test_loss=1.4323 test_acc=0.4997
Round 469 | selected=[38, 21, 72, 77, 16, 18, 62, 46, 53, 78]
Round 469 | train_loss=0.7230 train_acc=0.7674 test_loss=1.5094 test_acc=0.4156
Round 470 | selected=[68, 51, 56, 72, 34, 27, 7, 65, 57, 73]
Round 470 | train_loss=0.7683 train_acc=0.7432 test_loss=1.4947 test_acc=0.4045
Round 471 | selected=[10, 43, 96, 4, 90, 36, 70, 48, 9, 87]
Round 471 | train_loss=0.8997 train_acc=0.6922 test_loss=1.6267 test_acc=0.3486
Round 472 | selected=[49, 92, 66, 45, 98, 85, 8, 5, 37, 27]
Round 472 | train_loss=0.9325 train_acc=0.6742 test_loss=1.6077 test_acc=0.4037
Round 473 | selected=[14, 26, 1, 60, 72, 16, 93, 24, 75, 40]
Round 473 | train_loss=0.8754 train_acc=0.6976 test_loss=1.4383 test_acc=0.5072
Round 474 | selected=[24, 81, 71, 51, 96, 40, 65, 68, 4, 19]
Round 474 | train_loss=0.7365 train_acc=0.7606 test_loss=1.4640 test_acc=0.4515
Round 475 | selected=[26, 80, 85, 71, 9, 68, 81, 54, 10, 34]
Round 475 | train_loss=0.8299 train_acc=0.7088 test_loss=1.3694 test_acc=0.4920
Round 476 | selected=[24, 8, 31, 71, 23, 79, 65, 21, 86, 38]
Round 476 | train_loss=0.6473 train_acc=0.7868 test_loss=1.4488 test_acc=0.4652
Round 477 | selected=[82, 97, 61, 42, 90, 7, 53, 44, 88, 17]
Round 477 | train_loss=0.7272 train_acc=0.7608 test_loss=1.5861 test_acc=0.4034
Round 478 | selected=[84, 73, 66, 47, 44, 75, 83, 55, 80, 11]
Round 478 | train_loss=0.8082 train_acc=0.7276 test_loss=1.5970 test_acc=0.3904
Round 479 | selected=[93, 40, 1, 66, 61, 99, 54, 2, 16, 96]
Round 479 | train_loss=0.7455 train_acc=0.7586 test_loss=1.4565 test_acc=0.4550
Round 480 | selected=[86, 94, 82, 23, 24, 71, 66, 36, 77, 16]
Round 480 | train_loss=0.7296 train_acc=0.7554 test_loss=1.4848 test_acc=0.4531
Round 481 | selected=[9, 7, 28, 65, 63, 32, 16, 87, 99, 15]
Round 481 | train_loss=0.6619 train_acc=0.7892 test_loss=1.4661 test_acc=0.4399
Round 482 | selected=[52, 75, 59, 72, 25, 39, 12, 64, 26, 78]
Round 482 | train_loss=0.7256 train_acc=0.7598 test_loss=1.5086 test_acc=0.4264
Round 483 | selected=[41, 19, 54, 29, 82, 4, 7, 9, 27, 50]
Round 483 | train_loss=0.8377 train_acc=0.7040 test_loss=1.5460 test_acc=0.4450
Round 484 | selected=[45, 55, 75, 58, 64, 3, 22, 53, 4, 97]
Round 484 | train_loss=0.8748 train_acc=0.6992 test_loss=1.3871 test_acc=0.4613
Round 485 | selected=[77, 57, 42, 0, 89, 58, 92, 5, 49, 11]
Round 485 | train_loss=0.8139 train_acc=0.7168 test_loss=1.6853 test_acc=0.3875
Round 486 | selected=[92, 18, 20, 58, 66, 59, 84, 62, 9, 64]
Round 486 | train_loss=0.8408 train_acc=0.7260 test_loss=1.3376 test_acc=0.4990
Round 487 | selected=[22, 8, 25, 80, 19, 96, 81, 69, 60, 68]
Round 487 | train_loss=0.6456 train_acc=0.7856 test_loss=1.3578 test_acc=0.4995
Round 488 | selected=[83, 74, 17, 10, 23, 36, 99, 87, 60, 81]
Round 488 | train_loss=0.5919 train_acc=0.8172 test_loss=1.3036 test_acc=0.5139
Round 489 | selected=[85, 64, 97, 13, 99, 40, 78, 35, 0, 10]
Round 489 | train_loss=0.6575 train_acc=0.7824 test_loss=1.3551 test_acc=0.5236
Round 490 | selected=[25, 22, 31, 56, 85, 74, 72, 7, 36, 63]
Round 490 | train_loss=0.6805 train_acc=0.7866 test_loss=1.3258 test_acc=0.4987
Round 491 | selected=[53, 32, 56, 99, 12, 98, 75, 89, 67, 72]
Round 491 | train_loss=0.6286 train_acc=0.7998 test_loss=1.4893 test_acc=0.4231
Round 492 | selected=[53, 80, 65, 64, 44, 6, 10, 41, 86, 77]
Round 492 | train_loss=0.8252 train_acc=0.7258 test_loss=1.6047 test_acc=0.3882
Round 493 | selected=[88, 97, 8, 19, 47, 18, 99, 73, 1, 85]
Round 493 | train_loss=0.7913 train_acc=0.7270 test_loss=1.3766 test_acc=0.5085
Round 494 | selected=[19, 42, 78, 33, 41, 50, 56, 72, 89, 98]
Round 494 | train_loss=0.7682 train_acc=0.7464 test_loss=1.8110 test_acc=0.3338
Round 495 | selected=[62, 39, 87, 74, 36, 91, 7, 37, 49, 10]
Round 495 | train_loss=0.8161 train_acc=0.7218 test_loss=1.4953 test_acc=0.4501
Round 496 | selected=[83, 22, 41, 7, 51, 8, 82, 45, 80, 36]
Round 496 | train_loss=0.8372 train_acc=0.7072 test_loss=1.3111 test_acc=0.5194
Round 497 | selected=[28, 23, 98, 24, 29, 46, 82, 40, 10, 77]
Round 497 | train_loss=0.6491 train_acc=0.7924 test_loss=1.3629 test_acc=0.4898
Round 498 | selected=[14, 6, 59, 49, 40, 97, 22, 86, 15, 99]
Round 498 | train_loss=0.6155 train_acc=0.7958 test_loss=1.2219 test_acc=0.5488
Round 499 | selected=[3, 94, 16, 47, 19, 20, 55, 51, 60, 89]
Round 499 | train_loss=0.7428 train_acc=0.7408 test_loss=1.2997 test_acc=0.4931
Round 500 | selected=[87, 19, 15, 59, 0, 7, 24, 38, 48, 8]
Round 500 | train_loss=0.5892 train_acc=0.8128 test_loss=1.2483 test_acc=0.5351
Saved: track1/results/cifar10/final_seed45/fedavg_alpha01_seed45.csv
COMPLETED: fedavg alpha01 seed=45
