========================================
JOB:       12009133
TASK:      51
ALGORITHM: fedavg
PARTITION: alpha01
SEED:      46
GPU:       0
========================================
Device: cuda
GPU: Tesla V100-PCIE-32GB
Round 0 | test_loss=3.1277 test_acc=0.0954
Round 1 | selected=[20, 26, 83, 93, 7, 60, 52, 24, 45, 13]
Round 1 | train_loss=1.2809 train_acc=0.6170 test_loss=2.5249 test_acc=0.1285
Round 2 | selected=[5, 81, 53, 62, 47, 68, 49, 77, 66, 75]
Round 2 | train_loss=1.5569 train_acc=0.5572 test_loss=3.2421 test_acc=0.1303
Round 3 | selected=[30, 93, 0, 98, 81, 24, 18, 94, 80, 23]
Round 3 | train_loss=1.7443 train_acc=0.6048 test_loss=3.5072 test_acc=0.1005
Round 4 | selected=[68, 96, 87, 66, 5, 62, 61, 57, 80, 99]
Round 4 | train_loss=1.8084 train_acc=0.5032 test_loss=4.3465 test_acc=0.1595
Round 5 | selected=[43, 63, 24, 13, 36, 72, 18, 51, 46, 15]
Round 5 | train_loss=1.7313 train_acc=0.5404 test_loss=4.3996 test_acc=0.1748
Round 6 | selected=[93, 15, 46, 55, 45, 4, 23, 83, 27, 40]
Round 6 | train_loss=1.7467 train_acc=0.5906 test_loss=4.9950 test_acc=0.1337
Round 7 | selected=[18, 23, 22, 31, 88, 68, 42, 38, 92, 98]
Round 7 | train_loss=1.3742 train_acc=0.6242 test_loss=5.1375 test_acc=0.1783
Round 8 | selected=[85, 34, 62, 61, 35, 72, 26, 71, 28, 9]
Round 8 | train_loss=2.4601 train_acc=0.4780 test_loss=3.7657 test_acc=0.1257
Round 9 | selected=[59, 12, 51, 64, 11, 73, 8, 38, 31, 63]
Round 9 | train_loss=2.0844 train_acc=0.5118 test_loss=7.7084 test_acc=0.1000
Round 10 | selected=[65, 57, 19, 80, 71, 67, 32, 59, 47, 58]
Round 10 | train_loss=2.0256 train_acc=0.5260 test_loss=6.2081 test_acc=0.1681
Round 11 | selected=[1, 49, 56, 28, 42, 16, 35, 11, 40, 61]
Round 11 | train_loss=1.5049 train_acc=0.6048 test_loss=3.1905 test_acc=0.1393
Round 12 | selected=[71, 22, 31, 34, 4, 78, 38, 11, 55, 82]
Round 12 | train_loss=1.7677 train_acc=0.5562 test_loss=2.5085 test_acc=0.1940
Round 13 | selected=[12, 80, 53, 65, 90, 75, 5, 16, 10, 43]
Round 13 | train_loss=1.3871 train_acc=0.5730 test_loss=2.3393 test_acc=0.1120
Round 14 | selected=[32, 76, 31, 47, 99, 18, 53, 8, 65, 51]
Round 14 | train_loss=1.2854 train_acc=0.5778 test_loss=3.0227 test_acc=0.1000
Round 15 | selected=[71, 40, 96, 38, 82, 7, 28, 24, 55, 13]
Round 15 | train_loss=1.4599 train_acc=0.5398 test_loss=2.9018 test_acc=0.1517
Round 16 | selected=[53, 33, 17, 23, 30, 28, 65, 13, 92, 19]
Round 16 | train_loss=1.5375 train_acc=0.5850 test_loss=2.5031 test_acc=0.1036
Round 17 | selected=[77, 54, 38, 21, 13, 2, 72, 51, 28, 66]
Round 17 | train_loss=1.4420 train_acc=0.5472 test_loss=2.3936 test_acc=0.1904
Round 18 | selected=[20, 65, 44, 11, 51, 22, 72, 37, 35, 96]
Round 18 | train_loss=1.2719 train_acc=0.6094 test_loss=2.7402 test_acc=0.1347
Round 19 | selected=[10, 94, 29, 60, 99, 16, 92, 35, 54, 96]
Round 19 | train_loss=1.4792 train_acc=0.4946 test_loss=2.3894 test_acc=0.1280
Round 20 | selected=[47, 20, 53, 40, 37, 75, 48, 27, 94, 4]
Round 20 | train_loss=1.4060 train_acc=0.5672 test_loss=2.5626 test_acc=0.1546
Round 21 | selected=[87, 63, 53, 36, 77, 37, 11, 24, 70, 28]
Round 21 | train_loss=1.3169 train_acc=0.5946 test_loss=2.1954 test_acc=0.1562
Round 22 | selected=[19, 94, 3, 74, 10, 66, 12, 15, 34, 96]
Round 22 | train_loss=1.3521 train_acc=0.5662 test_loss=3.2569 test_acc=0.1007
Round 23 | selected=[21, 65, 82, 31, 87, 4, 24, 43, 1, 37]
Round 23 | train_loss=1.6639 train_acc=0.5300 test_loss=2.9892 test_acc=0.1669
Round 24 | selected=[80, 26, 7, 40, 51, 3, 38, 69, 81, 6]
Round 24 | train_loss=1.6230 train_acc=0.5318 test_loss=2.3670 test_acc=0.1945
Round 25 | selected=[67, 33, 68, 23, 69, 46, 84, 74, 17, 39]
Round 25 | train_loss=1.3063 train_acc=0.5868 test_loss=2.4002 test_acc=0.1096
Round 26 | selected=[35, 73, 94, 20, 13, 11, 29, 70, 87, 55]
Round 26 | train_loss=1.3241 train_acc=0.5752 test_loss=2.2858 test_acc=0.1998
Round 27 | selected=[36, 34, 32, 97, 17, 73, 92, 31, 65, 22]
Round 27 | train_loss=1.1218 train_acc=0.6230 test_loss=2.7691 test_acc=0.1312
Round 28 | selected=[55, 47, 35, 83, 29, 69, 49, 84, 52, 80]
Round 28 | train_loss=1.7252 train_acc=0.4610 test_loss=2.4764 test_acc=0.1908
Round 29 | selected=[64, 84, 49, 55, 35, 88, 37, 68, 51, 77]
Round 29 | train_loss=1.2007 train_acc=0.6016 test_loss=2.4780 test_acc=0.1755
Round 30 | selected=[44, 58, 83, 37, 38, 24, 16, 86, 19, 97]
Round 30 | train_loss=1.3358 train_acc=0.5902 test_loss=2.2926 test_acc=0.1404
Round 31 | selected=[91, 12, 26, 97, 28, 19, 27, 29, 50, 37]
Round 31 | train_loss=1.2423 train_acc=0.6064 test_loss=2.2944 test_acc=0.1984
Round 32 | selected=[18, 48, 87, 47, 37, 8, 99, 29, 42, 27]
Round 32 | train_loss=1.4958 train_acc=0.4994 test_loss=2.0862 test_acc=0.2348
Round 33 | selected=[91, 10, 70, 33, 85, 48, 46, 36, 44, 68]
Round 33 | train_loss=1.1435 train_acc=0.6670 test_loss=2.3512 test_acc=0.1408
Round 34 | selected=[15, 77, 58, 63, 47, 18, 34, 98, 25, 97]
Round 34 | train_loss=1.2518 train_acc=0.5974 test_loss=2.2482 test_acc=0.2103
Round 35 | selected=[95, 82, 19, 77, 83, 25, 30, 0, 87, 69]
Round 35 | train_loss=1.3087 train_acc=0.5716 test_loss=2.1422 test_acc=0.2263
Round 36 | selected=[57, 41, 2, 99, 9, 38, 87, 39, 80, 48]
Round 36 | train_loss=1.3368 train_acc=0.5730 test_loss=2.0267 test_acc=0.2318
Round 37 | selected=[6, 47, 4, 5, 82, 33, 91, 38, 59, 98]
Round 37 | train_loss=1.3577 train_acc=0.5600 test_loss=2.0365 test_acc=0.2206
Round 38 | selected=[8, 30, 11, 0, 86, 68, 93, 67, 60, 40]
Round 38 | train_loss=1.2275 train_acc=0.6036 test_loss=2.1302 test_acc=0.1947
Round 39 | selected=[5, 84, 28, 83, 34, 74, 2, 3, 53, 50]
Round 39 | train_loss=1.2955 train_acc=0.5894 test_loss=2.1493 test_acc=0.1979
Round 40 | selected=[10, 22, 74, 23, 38, 30, 0, 93, 44, 57]
Round 40 | train_loss=1.2344 train_acc=0.5992 test_loss=2.3111 test_acc=0.1397
Round 41 | selected=[67, 8, 13, 28, 34, 37, 77, 14, 49, 47]
Round 41 | train_loss=1.2192 train_acc=0.6112 test_loss=2.2374 test_acc=0.2077
Round 42 | selected=[86, 57, 24, 4, 23, 55, 94, 59, 50, 21]
Round 42 | train_loss=1.3361 train_acc=0.5998 test_loss=2.4321 test_acc=0.1593
Round 43 | selected=[17, 72, 35, 18, 5, 86, 95, 23, 77, 25]
Round 43 | train_loss=1.3186 train_acc=0.5654 test_loss=2.2310 test_acc=0.2097
Round 44 | selected=[54, 13, 62, 81, 94, 17, 47, 22, 50, 21]
Round 44 | train_loss=1.2506 train_acc=0.6268 test_loss=2.1307 test_acc=0.2089
Round 45 | selected=[4, 35, 52, 85, 71, 51, 61, 3, 72, 91]
Round 45 | train_loss=1.2545 train_acc=0.6246 test_loss=1.9401 test_acc=0.2893
Round 46 | selected=[32, 47, 83, 65, 75, 56, 4, 51, 52, 79]
Round 46 | train_loss=1.2214 train_acc=0.6268 test_loss=2.1785 test_acc=0.1913
Round 47 | selected=[50, 13, 94, 72, 14, 31, 27, 97, 9, 59]
Round 47 | train_loss=1.2157 train_acc=0.6078 test_loss=2.0472 test_acc=0.2245
Round 48 | selected=[59, 80, 54, 0, 68, 39, 88, 72, 42, 5]
Round 48 | train_loss=1.3266 train_acc=0.5528 test_loss=2.0328 test_acc=0.2108
Round 49 | selected=[45, 33, 23, 97, 88, 1, 0, 58, 21, 74]
Round 49 | train_loss=1.1982 train_acc=0.6414 test_loss=2.0329 test_acc=0.2651
Round 50 | selected=[73, 88, 96, 64, 4, 0, 17, 86, 14, 95]
Round 50 | train_loss=1.1973 train_acc=0.6268 test_loss=2.1020 test_acc=0.2364
Round 51 | selected=[2, 25, 22, 72, 33, 66, 11, 56, 59, 4]
Round 51 | train_loss=1.1984 train_acc=0.6136 test_loss=2.1355 test_acc=0.2111
Round 52 | selected=[25, 55, 52, 51, 65, 15, 77, 67, 10, 49]
Round 52 | train_loss=1.1211 train_acc=0.6704 test_loss=2.2398 test_acc=0.2006
Round 53 | selected=[45, 17, 75, 29, 88, 55, 6, 34, 7, 22]
Round 53 | train_loss=1.1249 train_acc=0.6398 test_loss=2.2258 test_acc=0.2127
Round 54 | selected=[90, 89, 22, 45, 85, 2, 64, 27, 99, 34]
Round 54 | train_loss=1.1651 train_acc=0.6432 test_loss=2.1972 test_acc=0.1731
Round 55 | selected=[41, 82, 22, 88, 56, 8, 72, 93, 24, 5]
Round 55 | train_loss=1.4719 train_acc=0.5224 test_loss=2.2074 test_acc=0.2074
Round 56 | selected=[23, 38, 99, 11, 58, 0, 75, 34, 94, 74]
Round 56 | train_loss=1.2546 train_acc=0.5798 test_loss=2.2984 test_acc=0.2158
Round 57 | selected=[15, 97, 73, 19, 40, 83, 85, 58, 89, 45]
Round 57 | train_loss=1.3260 train_acc=0.5902 test_loss=2.4525 test_acc=0.1732
Round 58 | selected=[78, 55, 41, 22, 89, 88, 93, 85, 86, 98]
Round 58 | train_loss=1.2546 train_acc=0.6150 test_loss=2.0355 test_acc=0.2179
Round 59 | selected=[85, 47, 15, 62, 50, 82, 38, 90, 52, 33]
Round 59 | train_loss=1.3390 train_acc=0.5460 test_loss=1.9260 test_acc=0.2377
Round 60 | selected=[46, 25, 40, 86, 31, 50, 84, 13, 19, 72]
Round 60 | train_loss=1.1786 train_acc=0.6146 test_loss=2.1321 test_acc=0.2255
Round 61 | selected=[3, 8, 54, 52, 77, 81, 60, 93, 25, 79]
Round 61 | train_loss=1.2474 train_acc=0.5910 test_loss=2.1363 test_acc=0.2107
Round 62 | selected=[77, 76, 7, 30, 74, 47, 93, 33, 42, 98]
Round 62 | train_loss=1.1271 train_acc=0.6454 test_loss=2.1085 test_acc=0.1983
Round 63 | selected=[17, 52, 91, 21, 85, 47, 44, 87, 42, 10]
Round 63 | train_loss=1.2496 train_acc=0.5938 test_loss=1.9880 test_acc=0.2154
Round 64 | selected=[1, 79, 93, 32, 29, 10, 47, 78, 58, 19]
Round 64 | train_loss=1.2198 train_acc=0.6070 test_loss=2.3082 test_acc=0.2016
Round 65 | selected=[55, 10, 46, 74, 54, 15, 81, 66, 12, 93]
Round 65 | train_loss=1.1164 train_acc=0.6336 test_loss=2.1341 test_acc=0.2106
Round 66 | selected=[56, 11, 93, 73, 94, 26, 22, 52, 36, 29]
Round 66 | train_loss=1.2734 train_acc=0.5958 test_loss=2.1502 test_acc=0.1598
Round 67 | selected=[82, 22, 31, 16, 28, 33, 56, 41, 76, 11]
Round 67 | train_loss=1.0478 train_acc=0.6644 test_loss=2.0003 test_acc=0.2238
Round 68 | selected=[81, 97, 82, 70, 39, 55, 89, 85, 36, 83]
Round 68 | train_loss=1.1561 train_acc=0.6186 test_loss=2.0011 test_acc=0.2258
Round 69 | selected=[80, 73, 18, 98, 55, 49, 43, 61, 8, 82]
Round 69 | train_loss=1.2073 train_acc=0.6112 test_loss=2.2866 test_acc=0.2222
Round 70 | selected=[17, 6, 47, 63, 96, 3, 81, 41, 21, 46]
Round 70 | train_loss=1.3122 train_acc=0.5736 test_loss=2.3259 test_acc=0.1196
Round 71 | selected=[85, 20, 24, 98, 21, 64, 11, 58, 68, 62]
Round 71 | train_loss=1.1077 train_acc=0.6466 test_loss=2.1685 test_acc=0.2306
Round 72 | selected=[5, 16, 63, 59, 66, 92, 17, 31, 74, 64]
Round 72 | train_loss=1.2652 train_acc=0.5864 test_loss=2.0191 test_acc=0.2549
Round 73 | selected=[14, 92, 71, 69, 4, 54, 23, 62, 43, 7]
Round 73 | train_loss=1.2519 train_acc=0.6078 test_loss=1.8730 test_acc=0.2948
Round 74 | selected=[72, 6, 11, 52, 57, 59, 55, 28, 94, 82]
Round 74 | train_loss=1.1800 train_acc=0.6264 test_loss=1.9695 test_acc=0.2668
Round 75 | selected=[81, 43, 26, 4, 87, 50, 59, 40, 47, 95]
Round 75 | train_loss=1.2980 train_acc=0.5660 test_loss=1.9502 test_acc=0.2567
Round 76 | selected=[17, 59, 12, 15, 38, 40, 57, 21, 47, 49]
Round 76 | train_loss=1.2656 train_acc=0.5940 test_loss=2.0048 test_acc=0.2472
Round 77 | selected=[8, 57, 39, 27, 96, 6, 59, 44, 66, 86]
Round 77 | train_loss=1.3822 train_acc=0.5624 test_loss=2.0249 test_acc=0.2557
Round 78 | selected=[73, 79, 56, 35, 47, 30, 52, 15, 97, 66]
Round 78 | train_loss=1.2624 train_acc=0.5986 test_loss=2.3055 test_acc=0.1955
Round 79 | selected=[8, 44, 75, 17, 20, 80, 60, 53, 16, 95]
Round 79 | train_loss=1.1126 train_acc=0.6566 test_loss=1.8654 test_acc=0.2835
Round 80 | selected=[4, 88, 83, 15, 45, 78, 92, 58, 46, 52]
Round 80 | train_loss=1.1778 train_acc=0.6130 test_loss=1.9640 test_acc=0.2164
Round 81 | selected=[80, 91, 48, 38, 41, 49, 0, 71, 4, 1]
Round 81 | train_loss=1.2724 train_acc=0.5776 test_loss=2.1060 test_acc=0.2452
Round 82 | selected=[52, 98, 54, 45, 61, 36, 76, 27, 22, 25]
Round 82 | train_loss=1.2800 train_acc=0.6044 test_loss=2.3571 test_acc=0.1886
Round 83 | selected=[96, 15, 80, 66, 98, 0, 44, 70, 38, 10]
Round 83 | train_loss=1.4250 train_acc=0.5228 test_loss=2.1029 test_acc=0.2093
Round 84 | selected=[69, 9, 45, 35, 99, 84, 58, 73, 18, 3]
Round 84 | train_loss=1.3354 train_acc=0.5566 test_loss=2.0839 test_acc=0.2089
Round 85 | selected=[81, 71, 9, 53, 89, 98, 26, 91, 43, 68]
Round 85 | train_loss=1.3805 train_acc=0.5430 test_loss=2.1846 test_acc=0.2148
Round 86 | selected=[39, 82, 72, 29, 95, 53, 75, 79, 90, 32]
Round 86 | train_loss=1.3321 train_acc=0.5616 test_loss=1.9867 test_acc=0.2898
Round 87 | selected=[38, 81, 50, 19, 66, 9, 82, 61, 15, 72]
Round 87 | train_loss=1.3099 train_acc=0.5528 test_loss=2.0194 test_acc=0.2614
Round 88 | selected=[27, 5, 39, 61, 50, 67, 49, 31, 34, 79]
Round 88 | train_loss=1.1762 train_acc=0.6178 test_loss=1.9049 test_acc=0.2932
Round 89 | selected=[48, 42, 13, 22, 57, 15, 55, 56, 19, 36]
Round 89 | train_loss=1.1859 train_acc=0.6298 test_loss=2.0293 test_acc=0.1999
Round 90 | selected=[78, 81, 32, 27, 85, 58, 40, 11, 7, 39]
Round 90 | train_loss=1.2276 train_acc=0.5900 test_loss=2.1285 test_acc=0.2546
Round 91 | selected=[2, 24, 36, 13, 37, 98, 96, 67, 38, 83]
Round 91 | train_loss=1.1684 train_acc=0.6254 test_loss=1.8806 test_acc=0.3138
Round 92 | selected=[57, 54, 69, 47, 15, 32, 68, 59, 20, 90]
Round 92 | train_loss=1.1114 train_acc=0.6458 test_loss=1.9692 test_acc=0.2147
Round 93 | selected=[66, 19, 91, 63, 65, 60, 90, 18, 24, 68]
Round 93 | train_loss=1.0310 train_acc=0.6808 test_loss=1.7792 test_acc=0.3098
Round 94 | selected=[68, 51, 73, 29, 36, 48, 20, 86, 94, 87]
Round 94 | train_loss=1.0307 train_acc=0.6932 test_loss=1.9023 test_acc=0.2833
Round 95 | selected=[36, 74, 82, 80, 10, 28, 88, 17, 66, 13]
Round 95 | train_loss=1.1849 train_acc=0.6358 test_loss=1.9883 test_acc=0.2928
Round 96 | selected=[76, 36, 88, 15, 60, 12, 20, 78, 13, 9]
Round 96 | train_loss=1.1258 train_acc=0.6318 test_loss=1.8743 test_acc=0.2731
Round 97 | selected=[10, 34, 48, 70, 52, 79, 5, 56, 60, 50]
Round 97 | train_loss=1.2476 train_acc=0.5786 test_loss=2.0392 test_acc=0.2606
Round 98 | selected=[95, 69, 18, 64, 54, 31, 85, 15, 88, 48]
Round 98 | train_loss=1.2892 train_acc=0.5876 test_loss=2.0292 test_acc=0.2552
Round 99 | selected=[6, 4, 93, 38, 91, 64, 19, 12, 35, 5]
Round 99 | train_loss=1.2667 train_acc=0.6128 test_loss=1.9368 test_acc=0.2927
Round 100 | selected=[34, 52, 32, 95, 18, 79, 0, 81, 8, 92]
Round 100 | train_loss=1.1978 train_acc=0.5976 test_loss=1.8020 test_acc=0.3662
Round 101 | selected=[42, 20, 63, 46, 75, 93, 12, 37, 55, 61]
Round 101 | train_loss=1.0616 train_acc=0.6824 test_loss=1.9469 test_acc=0.2321
Round 102 | selected=[75, 15, 6, 90, 74, 24, 27, 78, 68, 79]
Round 102 | train_loss=1.0122 train_acc=0.6626 test_loss=1.8259 test_acc=0.2982
Round 103 | selected=[5, 29, 63, 18, 9, 87, 20, 62, 82, 49]
Round 103 | train_loss=1.2541 train_acc=0.5944 test_loss=2.1076 test_acc=0.2158
Round 104 | selected=[91, 66, 37, 23, 40, 27, 15, 65, 88, 78]
Round 104 | train_loss=1.1080 train_acc=0.6506 test_loss=2.1013 test_acc=0.2517
Round 105 | selected=[31, 91, 32, 14, 77, 35, 46, 17, 2, 86]
Round 105 | train_loss=0.8645 train_acc=0.7438 test_loss=2.0521 test_acc=0.2734
Round 106 | selected=[43, 62, 10, 45, 4, 38, 8, 49, 52, 84]
Round 106 | train_loss=1.3486 train_acc=0.5620 test_loss=1.9378 test_acc=0.2750
Round 107 | selected=[34, 19, 64, 70, 43, 29, 41, 4, 1, 37]
Round 107 | train_loss=1.1479 train_acc=0.6424 test_loss=2.0220 test_acc=0.2524
Round 108 | selected=[8, 22, 62, 30, 38, 64, 80, 56, 19, 29]
Round 108 | train_loss=1.2592 train_acc=0.5860 test_loss=2.0627 test_acc=0.2275
Round 109 | selected=[15, 16, 98, 34, 91, 38, 8, 43, 47, 35]
Round 109 | train_loss=1.2892 train_acc=0.5714 test_loss=2.1013 test_acc=0.2536
Round 110 | selected=[27, 16, 95, 72, 96, 63, 5, 24, 85, 3]
Round 110 | train_loss=1.2720 train_acc=0.6000 test_loss=2.0263 test_acc=0.2247
Round 111 | selected=[29, 42, 75, 4, 76, 83, 93, 72, 47, 73]
Round 111 | train_loss=1.3316 train_acc=0.5474 test_loss=1.8905 test_acc=0.2849
Round 112 | selected=[60, 39, 13, 43, 98, 49, 0, 79, 23, 66]
Round 112 | train_loss=1.0543 train_acc=0.6640 test_loss=1.7996 test_acc=0.2929
Round 113 | selected=[50, 68, 73, 44, 4, 14, 38, 32, 63, 77]
Round 113 | train_loss=1.0971 train_acc=0.6584 test_loss=2.3472 test_acc=0.1551
Round 114 | selected=[31, 69, 59, 15, 30, 37, 4, 78, 97, 34]
Round 114 | train_loss=1.1793 train_acc=0.6334 test_loss=1.9287 test_acc=0.2669
Round 115 | selected=[28, 20, 98, 85, 23, 22, 16, 60, 41, 36]
Round 115 | train_loss=0.9747 train_acc=0.6934 test_loss=1.8918 test_acc=0.2371
Round 116 | selected=[4, 35, 40, 44, 50, 41, 91, 11, 7, 88]
Round 116 | train_loss=1.1472 train_acc=0.6466 test_loss=1.9611 test_acc=0.2785
Round 117 | selected=[27, 50, 15, 67, 51, 77, 32, 66, 21, 48]
Round 117 | train_loss=1.0271 train_acc=0.6770 test_loss=1.8860 test_acc=0.3387
Round 118 | selected=[84, 34, 53, 82, 94, 61, 31, 14, 3, 51]
Round 118 | train_loss=0.9555 train_acc=0.7036 test_loss=1.9845 test_acc=0.3030
Round 119 | selected=[92, 28, 70, 45, 60, 30, 89, 27, 68, 56]
Round 119 | train_loss=1.2525 train_acc=0.5814 test_loss=2.1348 test_acc=0.2509
Round 120 | selected=[62, 69, 95, 53, 41, 5, 27, 8, 43, 13]
Round 120 | train_loss=1.2529 train_acc=0.6118 test_loss=1.7855 test_acc=0.2959
Round 121 | selected=[71, 77, 89, 7, 38, 56, 96, 15, 19, 43]
Round 121 | train_loss=1.2982 train_acc=0.5594 test_loss=2.0509 test_acc=0.2540
Round 122 | selected=[64, 37, 53, 94, 98, 21, 2, 24, 84, 4]
Round 122 | train_loss=1.0669 train_acc=0.6784 test_loss=1.9812 test_acc=0.2571
Round 123 | selected=[86, 25, 31, 15, 62, 95, 45, 91, 57, 14]
Round 123 | train_loss=0.9945 train_acc=0.6910 test_loss=2.0908 test_acc=0.2887
Round 124 | selected=[14, 47, 16, 5, 94, 8, 76, 71, 32, 81]
Round 124 | train_loss=1.3554 train_acc=0.5666 test_loss=2.0057 test_acc=0.2653
Round 125 | selected=[15, 43, 97, 55, 32, 99, 31, 92, 18, 78]
Round 125 | train_loss=1.1349 train_acc=0.6184 test_loss=1.9845 test_acc=0.2206
Round 126 | selected=[6, 64, 13, 31, 9, 23, 94, 37, 79, 74]
Round 126 | train_loss=0.9870 train_acc=0.6882 test_loss=1.8979 test_acc=0.2999
Round 127 | selected=[47, 4, 9, 44, 50, 96, 43, 63, 68, 6]
Round 127 | train_loss=1.3491 train_acc=0.5600 test_loss=2.1593 test_acc=0.1829
Round 128 | selected=[89, 80, 29, 51, 1, 14, 33, 57, 3, 6]
Round 128 | train_loss=1.1674 train_acc=0.6388 test_loss=1.9653 test_acc=0.2695
Round 129 | selected=[44, 18, 53, 66, 5, 99, 71, 30, 55, 63]
Round 129 | train_loss=1.3354 train_acc=0.5548 test_loss=1.8496 test_acc=0.3532
Round 130 | selected=[22, 62, 81, 37, 31, 77, 73, 3, 33, 46]
Round 130 | train_loss=1.0489 train_acc=0.6868 test_loss=1.7166 test_acc=0.3693
Round 131 | selected=[68, 35, 90, 12, 77, 3, 85, 0, 31, 33]
Round 131 | train_loss=0.8689 train_acc=0.7582 test_loss=1.8469 test_acc=0.2701
Round 132 | selected=[52, 62, 20, 40, 11, 7, 76, 93, 4, 78]
Round 132 | train_loss=1.0640 train_acc=0.6650 test_loss=1.8653 test_acc=0.3104
Round 133 | selected=[97, 12, 52, 74, 59, 24, 95, 51, 8, 9]
Round 133 | train_loss=1.1396 train_acc=0.6516 test_loss=2.2126 test_acc=0.2061
Round 134 | selected=[71, 92, 40, 49, 84, 82, 88, 28, 33, 22]
Round 134 | train_loss=1.1997 train_acc=0.6032 test_loss=1.7200 test_acc=0.3851
Round 135 | selected=[69, 8, 52, 23, 7, 18, 3, 9, 19, 60]
Round 135 | train_loss=1.1577 train_acc=0.6426 test_loss=1.8042 test_acc=0.3316
Round 136 | selected=[45, 19, 90, 58, 65, 18, 16, 21, 39, 69]
Round 136 | train_loss=1.0194 train_acc=0.6920 test_loss=2.1896 test_acc=0.1976
Round 137 | selected=[22, 66, 1, 85, 96, 9, 81, 78, 73, 91]
Round 137 | train_loss=1.3786 train_acc=0.5426 test_loss=2.0009 test_acc=0.2772
Round 138 | selected=[25, 2, 19, 62, 93, 31, 46, 6, 10, 63]
Round 138 | train_loss=1.2718 train_acc=0.6220 test_loss=1.9718 test_acc=0.3263
Round 139 | selected=[57, 15, 60, 54, 90, 45, 64, 97, 3, 85]
Round 139 | train_loss=1.1721 train_acc=0.6326 test_loss=2.2902 test_acc=0.1891
Round 140 | selected=[88, 68, 82, 2, 54, 57, 96, 33, 22, 89]
Round 140 | train_loss=1.1624 train_acc=0.6208 test_loss=2.0160 test_acc=0.2031
Round 141 | selected=[54, 10, 46, 37, 42, 38, 1, 80, 36, 45]
Round 141 | train_loss=1.1421 train_acc=0.6072 test_loss=1.7809 test_acc=0.3249
Round 142 | selected=[52, 31, 86, 11, 79, 83, 16, 6, 3, 20]
Round 142 | train_loss=0.9693 train_acc=0.6910 test_loss=2.1074 test_acc=0.1516
Round 143 | selected=[58, 46, 84, 39, 45, 93, 67, 36, 40, 16]
Round 143 | train_loss=1.1211 train_acc=0.6100 test_loss=2.8315 test_acc=0.1725
Round 144 | selected=[81, 11, 24, 76, 50, 7, 42, 49, 88, 26]
Round 144 | train_loss=1.6424 train_acc=0.5062 test_loss=2.4027 test_acc=0.2198
Round 145 | selected=[12, 79, 26, 41, 23, 95, 63, 58, 94, 20]
Round 145 | train_loss=1.2348 train_acc=0.6334 test_loss=1.9463 test_acc=0.3012
Round 146 | selected=[60, 24, 40, 83, 94, 64, 71, 95, 84, 5]
Round 146 | train_loss=1.3034 train_acc=0.5718 test_loss=1.7575 test_acc=0.3623
Round 147 | selected=[39, 51, 68, 53, 34, 42, 64, 44, 15, 67]
Round 147 | train_loss=1.1267 train_acc=0.6328 test_loss=1.8750 test_acc=0.2831
Round 148 | selected=[92, 85, 18, 97, 45, 65, 93, 63, 2, 36]
Round 148 | train_loss=1.0110 train_acc=0.6838 test_loss=2.1845 test_acc=0.1778
Round 149 | selected=[14, 25, 77, 59, 20, 42, 43, 55, 48, 86]
Round 149 | train_loss=1.2602 train_acc=0.6050 test_loss=2.1351 test_acc=0.2219
Round 150 | selected=[37, 21, 26, 74, 13, 19, 51, 96, 46, 73]
Round 150 | train_loss=1.2849 train_acc=0.5864 test_loss=1.8017 test_acc=0.3267
Round 151 | selected=[40, 2, 47, 60, 78, 76, 56, 71, 21, 53]
Round 151 | train_loss=1.1909 train_acc=0.6138 test_loss=1.6990 test_acc=0.3747
Round 152 | selected=[95, 45, 93, 78, 10, 83, 85, 33, 68, 55]
Round 152 | train_loss=1.0432 train_acc=0.6744 test_loss=1.8585 test_acc=0.3380
Round 153 | selected=[50, 92, 80, 68, 54, 75, 55, 20, 1, 16]
Round 153 | train_loss=1.0956 train_acc=0.6662 test_loss=1.8245 test_acc=0.3374
Round 154 | selected=[12, 64, 99, 17, 11, 4, 9, 82, 60, 8]
Round 154 | train_loss=1.2698 train_acc=0.5896 test_loss=1.9181 test_acc=0.2449
Round 155 | selected=[11, 75, 99, 24, 17, 95, 8, 34, 56, 90]
Round 155 | train_loss=0.9654 train_acc=0.6670 test_loss=1.7861 test_acc=0.3024
Round 156 | selected=[92, 29, 95, 44, 5, 39, 70, 38, 62, 76]
Round 156 | train_loss=1.2898 train_acc=0.5816 test_loss=2.2485 test_acc=0.2237
Round 157 | selected=[93, 29, 99, 27, 73, 89, 33, 51, 34, 42]
Round 157 | train_loss=1.2708 train_acc=0.5836 test_loss=2.0349 test_acc=0.2620
Round 158 | selected=[9, 29, 75, 78, 87, 52, 1, 36, 48, 37]
Round 158 | train_loss=1.2702 train_acc=0.5832 test_loss=1.8110 test_acc=0.3541
Round 159 | selected=[2, 77, 75, 60, 19, 11, 89, 20, 1, 91]
Round 159 | train_loss=1.0835 train_acc=0.6560 test_loss=1.9511 test_acc=0.2906
Round 160 | selected=[78, 3, 40, 74, 24, 90, 51, 22, 65, 38]
Round 160 | train_loss=0.9771 train_acc=0.6922 test_loss=1.9151 test_acc=0.2460
Round 161 | selected=[17, 23, 29, 44, 32, 97, 82, 4, 13, 55]
Round 161 | train_loss=1.0498 train_acc=0.6614 test_loss=2.0361 test_acc=0.2441
Round 162 | selected=[4, 83, 67, 55, 17, 93, 48, 18, 94, 86]
Round 162 | train_loss=0.9866 train_acc=0.6882 test_loss=1.7584 test_acc=0.3661
Round 163 | selected=[13, 86, 29, 48, 70, 94, 1, 54, 95, 69]
Round 163 | train_loss=1.0391 train_acc=0.6830 test_loss=1.6646 test_acc=0.4179
Round 164 | selected=[80, 3, 9, 10, 81, 37, 57, 97, 58, 24]
Round 164 | train_loss=0.8873 train_acc=0.7388 test_loss=1.6966 test_acc=0.4054
Round 165 | selected=[56, 90, 24, 74, 19, 45, 21, 97, 96, 95]
Round 165 | train_loss=0.9905 train_acc=0.7024 test_loss=1.7853 test_acc=0.3225
Round 166 | selected=[9, 71, 15, 75, 32, 18, 61, 63, 53, 80]
Round 166 | train_loss=1.2240 train_acc=0.6016 test_loss=1.8680 test_acc=0.3048
Round 167 | selected=[95, 97, 52, 12, 96, 77, 80, 74, 78, 98]
Round 167 | train_loss=0.9321 train_acc=0.7150 test_loss=1.8214 test_acc=0.2598
Round 168 | selected=[86, 55, 74, 26, 73, 62, 95, 88, 56, 83]
Round 168 | train_loss=1.0792 train_acc=0.6490 test_loss=1.8698 test_acc=0.2703
Round 169 | selected=[71, 42, 12, 36, 74, 11, 80, 78, 77, 9]
Round 169 | train_loss=1.0751 train_acc=0.6380 test_loss=1.8814 test_acc=0.3315
Round 170 | selected=[16, 65, 91, 57, 20, 60, 25, 4, 94, 58]
Round 170 | train_loss=1.1117 train_acc=0.6670 test_loss=2.1174 test_acc=0.2383
Round 171 | selected=[71, 8, 24, 37, 72, 62, 16, 19, 83, 84]
Round 171 | train_loss=1.2457 train_acc=0.5956 test_loss=1.8023 test_acc=0.3189
Round 172 | selected=[57, 23, 92, 98, 26, 36, 48, 14, 88, 50]
Round 172 | train_loss=1.0321 train_acc=0.6708 test_loss=1.8960 test_acc=0.2755
Round 173 | selected=[56, 51, 45, 0, 59, 55, 68, 33, 61, 80]
Round 173 | train_loss=1.0247 train_acc=0.6754 test_loss=1.7793 test_acc=0.3084
Round 174 | selected=[21, 87, 82, 58, 5, 4, 42, 97, 28, 31]
Round 174 | train_loss=1.0423 train_acc=0.6544 test_loss=2.0312 test_acc=0.2790
Round 175 | selected=[59, 15, 86, 23, 73, 88, 34, 83, 98, 43]
Round 175 | train_loss=1.3733 train_acc=0.5448 test_loss=1.9543 test_acc=0.2842
Round 176 | selected=[2, 59, 98, 12, 75, 63, 21, 86, 89, 19]
Round 176 | train_loss=1.0749 train_acc=0.6626 test_loss=1.7045 test_acc=0.3806
Round 177 | selected=[0, 69, 39, 84, 64, 2, 62, 45, 52, 77]
Round 177 | train_loss=1.0082 train_acc=0.6862 test_loss=2.2750 test_acc=0.2619
Round 178 | selected=[25, 89, 78, 42, 61, 59, 55, 88, 74, 3]
Round 178 | train_loss=1.2164 train_acc=0.6176 test_loss=1.9327 test_acc=0.2864
Round 179 | selected=[11, 28, 63, 57, 83, 70, 93, 50, 74, 18]
Round 179 | train_loss=1.0542 train_acc=0.6528 test_loss=1.7855 test_acc=0.3161
Round 180 | selected=[89, 53, 19, 81, 28, 93, 7, 55, 67, 60]
Round 180 | train_loss=0.9991 train_acc=0.6856 test_loss=1.7340 test_acc=0.3088
Round 181 | selected=[5, 63, 12, 76, 34, 9, 52, 8, 82, 58]
Round 181 | train_loss=1.1032 train_acc=0.6402 test_loss=1.7260 test_acc=0.3429
Round 182 | selected=[3, 5, 21, 29, 44, 62, 95, 17, 31, 93]
Round 182 | train_loss=0.9318 train_acc=0.7226 test_loss=1.9749 test_acc=0.2749
Round 183 | selected=[52, 37, 53, 35, 39, 96, 26, 24, 42, 95]
Round 183 | train_loss=1.2110 train_acc=0.6150 test_loss=1.8398 test_acc=0.3488
Round 184 | selected=[50, 43, 99, 20, 72, 45, 59, 40, 36, 74]
Round 184 | train_loss=1.0783 train_acc=0.6492 test_loss=1.8282 test_acc=0.2740
Round 185 | selected=[58, 98, 50, 82, 81, 7, 49, 1, 96, 48]
Round 185 | train_loss=1.1424 train_acc=0.6352 test_loss=1.7168 test_acc=0.3693
Round 186 | selected=[23, 84, 45, 76, 92, 10, 6, 68, 51, 20]
Round 186 | train_loss=0.9775 train_acc=0.6844 test_loss=2.0390 test_acc=0.2374
Round 187 | selected=[84, 33, 15, 79, 4, 21, 64, 14, 7, 98]
Round 187 | train_loss=0.9699 train_acc=0.6726 test_loss=1.9202 test_acc=0.3548
Round 188 | selected=[57, 47, 0, 85, 7, 54, 40, 66, 43, 36]
Round 188 | train_loss=1.1788 train_acc=0.6326 test_loss=1.8322 test_acc=0.3228
Round 189 | selected=[90, 91, 60, 37, 9, 1, 22, 15, 55, 33]
Round 189 | train_loss=1.0600 train_acc=0.6604 test_loss=2.0102 test_acc=0.2680
Round 190 | selected=[70, 54, 1, 87, 49, 59, 36, 20, 5, 12]
Round 190 | train_loss=1.1522 train_acc=0.6286 test_loss=1.6296 test_acc=0.4073
Round 191 | selected=[98, 7, 79, 0, 15, 13, 99, 32, 43, 12]
Round 191 | train_loss=0.9487 train_acc=0.6958 test_loss=1.7046 test_acc=0.3373
Round 192 | selected=[12, 16, 58, 74, 80, 63, 28, 89, 54, 75]
Round 192 | train_loss=0.9198 train_acc=0.7096 test_loss=1.8972 test_acc=0.2690
Round 193 | selected=[83, 59, 72, 27, 14, 61, 70, 2, 21, 54]
Round 193 | train_loss=1.0497 train_acc=0.6548 test_loss=1.7057 test_acc=0.3483
Round 194 | selected=[50, 69, 52, 76, 10, 15, 35, 94, 32, 82]
Round 194 | train_loss=1.0364 train_acc=0.6544 test_loss=1.9287 test_acc=0.2929
Round 195 | selected=[59, 18, 76, 83, 0, 69, 14, 55, 40, 5]
Round 195 | train_loss=1.0611 train_acc=0.6434 test_loss=1.7165 test_acc=0.4203
Round 196 | selected=[17, 14, 50, 2, 3, 56, 28, 88, 39, 54]
Round 196 | train_loss=0.8787 train_acc=0.7322 test_loss=1.8968 test_acc=0.3025
Round 197 | selected=[70, 97, 32, 90, 2, 35, 23, 94, 4, 68]
Round 197 | train_loss=0.9417 train_acc=0.7084 test_loss=1.9532 test_acc=0.3122
Round 198 | selected=[81, 80, 0, 17, 87, 25, 11, 69, 30, 16]
Round 198 | train_loss=1.0646 train_acc=0.6456 test_loss=2.0052 test_acc=0.2600
Round 199 | selected=[30, 98, 72, 60, 5, 21, 56, 64, 34, 24]
Round 199 | train_loss=1.0572 train_acc=0.6306 test_loss=2.0739 test_acc=0.2723
Round 200 | selected=[3, 57, 79, 20, 84, 21, 71, 76, 59, 60]
Round 200 | train_loss=1.0826 train_acc=0.6386 test_loss=2.0790 test_acc=0.2643
Round 201 | selected=[10, 61, 75, 47, 13, 46, 53, 52, 39, 34]
Round 201 | train_loss=1.2995 train_acc=0.5670 test_loss=1.9642 test_acc=0.3044
Round 202 | selected=[27, 2, 66, 63, 5, 97, 34, 51, 22, 60]
Round 202 | train_loss=1.1438 train_acc=0.6286 test_loss=2.1036 test_acc=0.1843
Round 203 | selected=[96, 74, 75, 25, 4, 98, 33, 70, 89, 95]
Round 203 | train_loss=1.0689 train_acc=0.6384 test_loss=1.8552 test_acc=0.3343
Round 204 | selected=[76, 40, 77, 14, 0, 34, 24, 91, 95, 56]
Round 204 | train_loss=0.9245 train_acc=0.6930 test_loss=2.4385 test_acc=0.2282
Round 205 | selected=[54, 74, 20, 71, 17, 27, 61, 83, 53, 23]
Round 205 | train_loss=1.3250 train_acc=0.5830 test_loss=2.0368 test_acc=0.2414
Round 206 | selected=[60, 74, 34, 53, 3, 35, 4, 6, 19, 91]
Round 206 | train_loss=1.1997 train_acc=0.6392 test_loss=1.9702 test_acc=0.2775
Round 207 | selected=[42, 89, 22, 55, 94, 2, 88, 98, 80, 45]
Round 207 | train_loss=1.0012 train_acc=0.6848 test_loss=1.9635 test_acc=0.2336
Round 208 | selected=[11, 26, 42, 33, 9, 17, 13, 97, 30, 22]
Round 208 | train_loss=0.9277 train_acc=0.6848 test_loss=2.3698 test_acc=0.1486
Round 209 | selected=[67, 23, 20, 18, 37, 58, 25, 52, 98, 3]
Round 209 | train_loss=1.2000 train_acc=0.6314 test_loss=2.0428 test_acc=0.3076
Round 210 | selected=[44, 6, 58, 57, 24, 32, 3, 67, 20, 91]
Round 210 | train_loss=1.0422 train_acc=0.7104 test_loss=1.8683 test_acc=0.3652
Round 211 | selected=[49, 76, 69, 70, 39, 8, 63, 71, 38, 9]
Round 211 | train_loss=1.1966 train_acc=0.6260 test_loss=1.7565 test_acc=0.3713
Round 212 | selected=[43, 48, 99, 93, 2, 67, 86, 18, 64, 39]
Round 212 | train_loss=1.0316 train_acc=0.6714 test_loss=1.7180 test_acc=0.3751
Round 213 | selected=[3, 49, 26, 15, 90, 25, 67, 99, 73, 63]
Round 213 | train_loss=0.9892 train_acc=0.6934 test_loss=1.6648 test_acc=0.3724
Round 214 | selected=[62, 22, 26, 67, 69, 96, 53, 77, 54, 49]
Round 214 | train_loss=1.0328 train_acc=0.6664 test_loss=1.9230 test_acc=0.3171
Round 215 | selected=[87, 42, 41, 25, 47, 93, 56, 68, 22, 72]
Round 215 | train_loss=1.0515 train_acc=0.6536 test_loss=1.8444 test_acc=0.2972
Round 216 | selected=[85, 35, 9, 62, 6, 75, 47, 18, 59, 58]
Round 216 | train_loss=1.1273 train_acc=0.6232 test_loss=1.6913 test_acc=0.3686
Round 217 | selected=[30, 15, 77, 93, 91, 98, 1, 60, 99, 17]
Round 217 | train_loss=0.9876 train_acc=0.6598 test_loss=2.1973 test_acc=0.2342
Round 218 | selected=[80, 51, 15, 25, 22, 23, 86, 49, 4, 72]
Round 218 | train_loss=1.0493 train_acc=0.6650 test_loss=2.1463 test_acc=0.2589
Round 219 | selected=[72, 30, 26, 62, 68, 27, 54, 56, 12, 38]
Round 219 | train_loss=1.2253 train_acc=0.5840 test_loss=1.9091 test_acc=0.3303
Round 220 | selected=[85, 12, 1, 74, 46, 92, 8, 49, 72, 64]
Round 220 | train_loss=1.1816 train_acc=0.6090 test_loss=1.6903 test_acc=0.3409
Round 221 | selected=[79, 21, 7, 2, 99, 34, 35, 80, 5, 69]
Round 221 | train_loss=1.0019 train_acc=0.6720 test_loss=1.7969 test_acc=0.3734
Round 222 | selected=[63, 55, 80, 93, 88, 51, 15, 68, 76, 32]
Round 222 | train_loss=1.0472 train_acc=0.6744 test_loss=2.0876 test_acc=0.2278
Round 223 | selected=[69, 22, 38, 44, 51, 57, 9, 99, 35, 79]
Round 223 | train_loss=1.1194 train_acc=0.6346 test_loss=1.8334 test_acc=0.3051
Round 224 | selected=[13, 54, 77, 75, 98, 81, 4, 65, 53, 45]
Round 224 | train_loss=1.1192 train_acc=0.6304 test_loss=1.9224 test_acc=0.3127
Round 225 | selected=[73, 41, 50, 83, 64, 54, 39, 7, 98, 34]
Round 225 | train_loss=1.0844 train_acc=0.6518 test_loss=1.6920 test_acc=0.3636
Round 226 | selected=[85, 45, 66, 87, 39, 60, 37, 50, 30, 54]
Round 226 | train_loss=0.9772 train_acc=0.6872 test_loss=1.8188 test_acc=0.2994
Round 227 | selected=[86, 1, 96, 4, 71, 99, 59, 44, 39, 76]
Round 227 | train_loss=1.2325 train_acc=0.5808 test_loss=1.6909 test_acc=0.3719
Round 228 | selected=[58, 29, 34, 31, 56, 3, 52, 7, 92, 14]
Round 228 | train_loss=0.9352 train_acc=0.7106 test_loss=1.7124 test_acc=0.4092
Round 229 | selected=[45, 47, 35, 42, 83, 5, 60, 21, 82, 38]
Round 229 | train_loss=1.2223 train_acc=0.6010 test_loss=1.7404 test_acc=0.3216
Round 230 | selected=[18, 79, 88, 65, 7, 83, 87, 35, 51, 98]
Round 230 | train_loss=1.0873 train_acc=0.6532 test_loss=2.1258 test_acc=0.2146
Round 231 | selected=[15, 9, 45, 35, 48, 97, 23, 62, 90, 68]
Round 231 | train_loss=1.0977 train_acc=0.6432 test_loss=1.8374 test_acc=0.3559
Round 232 | selected=[9, 68, 3, 33, 62, 35, 74, 1, 30, 7]
Round 232 | train_loss=0.8485 train_acc=0.7496 test_loss=1.8605 test_acc=0.3052
Round 233 | selected=[85, 32, 82, 39, 21, 72, 0, 84, 25, 49]
Round 233 | train_loss=1.1512 train_acc=0.6076 test_loss=1.6771 test_acc=0.4002
Round 234 | selected=[78, 42, 24, 38, 35, 51, 74, 75, 29, 57]
Round 234 | train_loss=0.9275 train_acc=0.7006 test_loss=1.6151 test_acc=0.4185
Round 235 | selected=[89, 4, 84, 66, 15, 45, 14, 0, 62, 2]
Round 235 | train_loss=0.8165 train_acc=0.7426 test_loss=1.7360 test_acc=0.3392
Round 236 | selected=[60, 31, 16, 81, 25, 90, 38, 21, 8, 91]
Round 236 | train_loss=1.0146 train_acc=0.6646 test_loss=1.7348 test_acc=0.3190
Round 237 | selected=[41, 21, 25, 56, 60, 82, 93, 70, 30, 33]
Round 237 | train_loss=0.9501 train_acc=0.6826 test_loss=1.7545 test_acc=0.3502
Round 238 | selected=[4, 38, 88, 89, 24, 33, 46, 45, 85, 77]
Round 238 | train_loss=0.9410 train_acc=0.6818 test_loss=1.9032 test_acc=0.2636
Round 239 | selected=[48, 79, 76, 5, 68, 95, 31, 1, 86, 73]
Round 239 | train_loss=0.9889 train_acc=0.6800 test_loss=1.6657 test_acc=0.3843
Round 240 | selected=[99, 49, 97, 65, 6, 71, 16, 5, 85, 47]
Round 240 | train_loss=0.9454 train_acc=0.6904 test_loss=1.7754 test_acc=0.3397
Round 241 | selected=[75, 20, 22, 64, 87, 25, 16, 76, 78, 81]
Round 241 | train_loss=0.9116 train_acc=0.7170 test_loss=1.7576 test_acc=0.3168
Round 242 | selected=[78, 1, 19, 37, 33, 75, 23, 60, 8, 87]
Round 242 | train_loss=1.0072 train_acc=0.6658 test_loss=1.7513 test_acc=0.3517
Round 243 | selected=[23, 85, 36, 35, 47, 84, 39, 58, 31, 95]
Round 243 | train_loss=1.0288 train_acc=0.6882 test_loss=1.8103 test_acc=0.2597
Round 244 | selected=[36, 23, 21, 44, 2, 22, 35, 76, 9, 49]
Round 244 | train_loss=0.8366 train_acc=0.7438 test_loss=1.5767 test_acc=0.4054
Round 245 | selected=[93, 47, 23, 83, 65, 53, 49, 50, 13, 95]
Round 245 | train_loss=0.9826 train_acc=0.6866 test_loss=1.8148 test_acc=0.3783
Round 246 | selected=[73, 6, 77, 95, 89, 32, 50, 52, 53, 64]
Round 246 | train_loss=0.9544 train_acc=0.6974 test_loss=1.7653 test_acc=0.3367
Round 247 | selected=[58, 36, 75, 66, 47, 62, 25, 83, 38, 1]
Round 247 | train_loss=1.0465 train_acc=0.6592 test_loss=1.8370 test_acc=0.3225
Round 248 | selected=[45, 57, 87, 53, 79, 10, 40, 56, 90, 18]
Round 248 | train_loss=1.0073 train_acc=0.6756 test_loss=1.6974 test_acc=0.3326
Round 249 | selected=[18, 63, 54, 32, 48, 42, 14, 7, 52, 76]
Round 249 | train_loss=0.9990 train_acc=0.6802 test_loss=1.6958 test_acc=0.3685
Round 250 | selected=[12, 64, 3, 91, 21, 52, 48, 9, 1, 22]
Round 250 | train_loss=0.9647 train_acc=0.6974 test_loss=1.7684 test_acc=0.3000
Round 251 | selected=[58, 8, 53, 54, 63, 25, 38, 57, 30, 90]
Round 251 | train_loss=1.0818 train_acc=0.6436 test_loss=1.9910 test_acc=0.2528
Round 252 | selected=[43, 4, 63, 55, 95, 5, 64, 86, 40, 30]
Round 252 | train_loss=1.0386 train_acc=0.6764 test_loss=1.5491 test_acc=0.4253
Round 253 | selected=[0, 41, 29, 19, 81, 58, 63, 64, 31, 3]
Round 253 | train_loss=0.9203 train_acc=0.7110 test_loss=1.6736 test_acc=0.3611
Round 254 | selected=[40, 42, 9, 48, 34, 46, 86, 71, 22, 60]
Round 254 | train_loss=1.0787 train_acc=0.6376 test_loss=1.8711 test_acc=0.3198
Round 255 | selected=[35, 12, 19, 99, 75, 6, 93, 91, 34, 71]
Round 255 | train_loss=1.0762 train_acc=0.6766 test_loss=1.6524 test_acc=0.3662
Round 256 | selected=[17, 92, 78, 49, 60, 45, 94, 76, 51, 20]
Round 256 | train_loss=0.8530 train_acc=0.7318 test_loss=1.6422 test_acc=0.3790
Round 257 | selected=[38, 11, 72, 73, 19, 23, 94, 75, 30, 55]
Round 257 | train_loss=0.9551 train_acc=0.7060 test_loss=1.9938 test_acc=0.2725
Round 258 | selected=[29, 25, 70, 18, 94, 67, 84, 66, 0, 77]
Round 258 | train_loss=0.9921 train_acc=0.6710 test_loss=1.7126 test_acc=0.3582
Round 259 | selected=[52, 19, 67, 94, 12, 57, 66, 99, 26, 41]
Round 259 | train_loss=1.0694 train_acc=0.6638 test_loss=1.6532 test_acc=0.3898
Round 260 | selected=[91, 35, 45, 56, 81, 83, 93, 60, 12, 65]
Round 260 | train_loss=0.9716 train_acc=0.6836 test_loss=1.7013 test_acc=0.3573
Round 261 | selected=[54, 18, 81, 50, 56, 43, 92, 32, 7, 15]
Round 261 | train_loss=1.0459 train_acc=0.6554 test_loss=1.7323 test_acc=0.3696
Round 262 | selected=[82, 21, 86, 12, 89, 14, 37, 38, 56, 7]
Round 262 | train_loss=0.9531 train_acc=0.6926 test_loss=2.2398 test_acc=0.2166
Round 263 | selected=[54, 91, 63, 39, 94, 16, 2, 52, 17, 21]
Round 263 | train_loss=1.0707 train_acc=0.6842 test_loss=2.1110 test_acc=0.3233
Round 264 | selected=[84, 47, 79, 39, 43, 25, 16, 85, 75, 5]
Round 264 | train_loss=1.1028 train_acc=0.6616 test_loss=1.9907 test_acc=0.2969
Round 265 | selected=[36, 72, 30, 68, 29, 7, 42, 10, 87, 23]
Round 265 | train_loss=0.9925 train_acc=0.6498 test_loss=1.9547 test_acc=0.3637
Round 266 | selected=[75, 76, 14, 48, 59, 28, 60, 23, 42, 66]
Round 266 | train_loss=1.0603 train_acc=0.6564 test_loss=1.6769 test_acc=0.3515
Round 267 | selected=[70, 10, 17, 3, 41, 11, 55, 38, 76, 44]
Round 267 | train_loss=0.8924 train_acc=0.7054 test_loss=1.9092 test_acc=0.2818
Round 268 | selected=[97, 49, 23, 34, 48, 59, 46, 96, 80, 70]
Round 268 | train_loss=1.0456 train_acc=0.6658 test_loss=1.6063 test_acc=0.4059
Round 269 | selected=[33, 79, 18, 68, 54, 87, 4, 56, 46, 44]
Round 269 | train_loss=0.8782 train_acc=0.7048 test_loss=1.6899 test_acc=0.3536
Round 270 | selected=[44, 51, 80, 99, 39, 66, 52, 68, 8, 89]
Round 270 | train_loss=0.9544 train_acc=0.7000 test_loss=1.7196 test_acc=0.3939
Round 271 | selected=[90, 77, 24, 13, 84, 11, 63, 2, 38, 65]
Round 271 | train_loss=0.9236 train_acc=0.7024 test_loss=1.7515 test_acc=0.3192
Round 272 | selected=[48, 83, 1, 59, 8, 65, 88, 31, 37, 61]
Round 272 | train_loss=1.0175 train_acc=0.6606 test_loss=1.7221 test_acc=0.3588
Round 273 | selected=[33, 47, 86, 28, 43, 88, 90, 46, 42, 97]
Round 273 | train_loss=0.8801 train_acc=0.7178 test_loss=1.9302 test_acc=0.2832
Round 274 | selected=[41, 46, 88, 66, 43, 23, 39, 62, 14, 13]
Round 274 | train_loss=0.9999 train_acc=0.6836 test_loss=1.6583 test_acc=0.4119
Round 275 | selected=[61, 49, 76, 43, 34, 75, 19, 77, 13, 96]
Round 275 | train_loss=1.0956 train_acc=0.6624 test_loss=1.7297 test_acc=0.3857
Round 276 | selected=[63, 14, 97, 54, 11, 13, 95, 53, 80, 50]
Round 276 | train_loss=0.9317 train_acc=0.7042 test_loss=1.8862 test_acc=0.2987
Round 277 | selected=[36, 0, 55, 23, 21, 84, 37, 43, 79, 51]
Round 277 | train_loss=0.9765 train_acc=0.6734 test_loss=1.8429 test_acc=0.3005
Round 278 | selected=[88, 16, 12, 33, 22, 77, 38, 87, 92, 24]
Round 278 | train_loss=0.9969 train_acc=0.6826 test_loss=1.8659 test_acc=0.2835
Round 279 | selected=[50, 1, 88, 64, 27, 11, 59, 91, 32, 78]
Round 279 | train_loss=1.0944 train_acc=0.6374 test_loss=1.8131 test_acc=0.3266
Round 280 | selected=[49, 54, 95, 5, 79, 4, 90, 22, 41, 46]
Round 280 | train_loss=1.0582 train_acc=0.6424 test_loss=1.8434 test_acc=0.3463
Round 281 | selected=[30, 44, 36, 49, 52, 58, 41, 65, 93, 75]
Round 281 | train_loss=0.8964 train_acc=0.7254 test_loss=1.6969 test_acc=0.3957
Round 282 | selected=[22, 85, 29, 18, 19, 7, 40, 70, 88, 83]
Round 282 | train_loss=1.0853 train_acc=0.6668 test_loss=1.8038 test_acc=0.2689
Round 283 | selected=[84, 8, 42, 58, 65, 97, 26, 74, 5, 95]
Round 283 | train_loss=0.9456 train_acc=0.6972 test_loss=1.6275 test_acc=0.3733
Round 284 | selected=[93, 42, 37, 78, 6, 35, 86, 70, 13, 83]
Round 284 | train_loss=0.9196 train_acc=0.7090 test_loss=1.8408 test_acc=0.3434
Round 285 | selected=[21, 98, 36, 86, 47, 90, 69, 48, 97, 75]
Round 285 | train_loss=1.0156 train_acc=0.6660 test_loss=1.6039 test_acc=0.3843
Round 286 | selected=[86, 3, 51, 72, 66, 17, 48, 56, 43, 9]
Round 286 | train_loss=0.8169 train_acc=0.7534 test_loss=1.7506 test_acc=0.3566
Round 287 | selected=[77, 47, 18, 84, 2, 34, 15, 0, 63, 91]
Round 287 | train_loss=0.9565 train_acc=0.6846 test_loss=1.5471 test_acc=0.4160
Round 288 | selected=[70, 7, 18, 56, 15, 51, 42, 0, 28, 2]
Round 288 | train_loss=0.8678 train_acc=0.7124 test_loss=1.5855 test_acc=0.4236
Round 289 | selected=[0, 20, 50, 48, 42, 15, 26, 64, 30, 46]
Round 289 | train_loss=0.9380 train_acc=0.6782 test_loss=1.9014 test_acc=0.3091
Round 290 | selected=[58, 43, 87, 13, 83, 56, 66, 78, 39, 25]
Round 290 | train_loss=1.0538 train_acc=0.6606 test_loss=2.2357 test_acc=0.3268
Round 291 | selected=[97, 98, 38, 37, 11, 1, 23, 71, 50, 66]
Round 291 | train_loss=1.0702 train_acc=0.6508 test_loss=1.9608 test_acc=0.2956
Round 292 | selected=[80, 50, 82, 7, 95, 75, 3, 56, 72, 66]
Round 292 | train_loss=1.0114 train_acc=0.6898 test_loss=1.8392 test_acc=0.3637
Round 293 | selected=[95, 7, 20, 34, 4, 62, 84, 91, 73, 98]
Round 293 | train_loss=0.8366 train_acc=0.7312 test_loss=1.6896 test_acc=0.3975
Round 294 | selected=[69, 12, 11, 48, 39, 90, 21, 53, 4, 94]
Round 294 | train_loss=0.8445 train_acc=0.7318 test_loss=1.6118 test_acc=0.4051
Round 295 | selected=[47, 84, 55, 14, 77, 50, 69, 29, 66, 24]
Round 295 | train_loss=0.8063 train_acc=0.7372 test_loss=1.7083 test_acc=0.3739
Round 296 | selected=[8, 64, 63, 88, 95, 47, 14, 98, 86, 76]
Round 296 | train_loss=0.9413 train_acc=0.6926 test_loss=1.7663 test_acc=0.3566
Round 297 | selected=[94, 42, 5, 52, 69, 16, 93, 50, 78, 44]
Round 297 | train_loss=0.9471 train_acc=0.6884 test_loss=1.7286 test_acc=0.3271
Round 298 | selected=[81, 3, 93, 73, 43, 91, 53, 21, 19, 18]
Round 298 | train_loss=0.9495 train_acc=0.6926 test_loss=1.8850 test_acc=0.2833
Round 299 | selected=[77, 32, 91, 48, 59, 29, 14, 22, 46, 65]
Round 299 | train_loss=0.8908 train_acc=0.7078 test_loss=1.9871 test_acc=0.2595
Round 300 | selected=[98, 5, 90, 73, 35, 13, 34, 82, 30, 0]
Round 300 | train_loss=0.9799 train_acc=0.6966 test_loss=1.7274 test_acc=0.3574
Round 301 | selected=[93, 98, 83, 65, 91, 13, 20, 60, 11, 62]
Round 301 | train_loss=0.8424 train_acc=0.7264 test_loss=1.8428 test_acc=0.2959
Round 302 | selected=[7, 78, 60, 95, 98, 21, 71, 79, 69, 11]
Round 302 | train_loss=0.8805 train_acc=0.7182 test_loss=1.5485 test_acc=0.4190
Round 303 | selected=[45, 38, 77, 21, 1, 9, 76, 47, 60, 80]
Round 303 | train_loss=0.9377 train_acc=0.6884 test_loss=1.4746 test_acc=0.4918
Round 304 | selected=[77, 70, 6, 89, 20, 42, 47, 75, 43, 96]
Round 304 | train_loss=0.9180 train_acc=0.7030 test_loss=1.8653 test_acc=0.2918
Round 305 | selected=[29, 35, 80, 62, 28, 94, 83, 69, 8, 25]
Round 305 | train_loss=1.0027 train_acc=0.6782 test_loss=1.9937 test_acc=0.3027
Round 306 | selected=[6, 44, 41, 43, 88, 85, 1, 39, 30, 47]
Round 306 | train_loss=1.2338 train_acc=0.6204 test_loss=1.6579 test_acc=0.3795
Round 307 | selected=[48, 39, 6, 83, 14, 84, 3, 44, 70, 58]
Round 307 | train_loss=0.9274 train_acc=0.7040 test_loss=1.6183 test_acc=0.3900
Round 308 | selected=[7, 71, 22, 27, 64, 42, 1, 44, 81, 9]
Round 308 | train_loss=0.9994 train_acc=0.6700 test_loss=1.5571 test_acc=0.4454
Round 309 | selected=[57, 74, 5, 3, 97, 71, 43, 63, 23, 96]
Round 309 | train_loss=0.8851 train_acc=0.7226 test_loss=1.5246 test_acc=0.4025
Round 310 | selected=[2, 62, 79, 16, 44, 42, 12, 78, 58, 99]
Round 310 | train_loss=0.7801 train_acc=0.7548 test_loss=2.5782 test_acc=0.2511
Round 311 | selected=[22, 46, 57, 81, 15, 51, 30, 88, 17, 56]
Round 311 | train_loss=1.2023 train_acc=0.6246 test_loss=2.3506 test_acc=0.2007
Round 312 | selected=[70, 46, 11, 62, 56, 73, 13, 40, 59, 94]
Round 312 | train_loss=1.1754 train_acc=0.6164 test_loss=1.7203 test_acc=0.4374
Round 313 | selected=[71, 90, 56, 25, 50, 73, 43, 51, 61, 11]
Round 313 | train_loss=0.9866 train_acc=0.7080 test_loss=1.7991 test_acc=0.3172
Round 314 | selected=[50, 13, 46, 30, 6, 91, 38, 18, 36, 9]
Round 314 | train_loss=0.9547 train_acc=0.6848 test_loss=1.5193 test_acc=0.4571
Round 315 | selected=[61, 51, 54, 99, 69, 58, 31, 20, 70, 83]
Round 315 | train_loss=0.7980 train_acc=0.7566 test_loss=1.7943 test_acc=0.3065
Round 316 | selected=[84, 88, 34, 18, 13, 68, 23, 92, 73, 31]
Round 316 | train_loss=0.8775 train_acc=0.7104 test_loss=1.4795 test_acc=0.4698
Round 317 | selected=[36, 71, 44, 74, 31, 14, 88, 17, 10, 78]
Round 317 | train_loss=0.7599 train_acc=0.7652 test_loss=1.5084 test_acc=0.4643
Round 318 | selected=[34, 66, 9, 76, 94, 59, 87, 80, 33, 26]
Round 318 | train_loss=0.9757 train_acc=0.6846 test_loss=1.4790 test_acc=0.4258
Round 319 | selected=[93, 46, 87, 25, 14, 83, 65, 10, 49, 98]
Round 319 | train_loss=0.8347 train_acc=0.7572 test_loss=1.7140 test_acc=0.3701
Round 320 | selected=[90, 75, 10, 24, 15, 53, 49, 58, 28, 1]
Round 320 | train_loss=0.8661 train_acc=0.7296 test_loss=1.5359 test_acc=0.4127
Round 321 | selected=[94, 27, 28, 3, 16, 2, 17, 68, 96, 24]
Round 321 | train_loss=0.6922 train_acc=0.7796 test_loss=1.7647 test_acc=0.3503
Round 322 | selected=[5, 23, 97, 7, 65, 63, 33, 53, 70, 42]
Round 322 | train_loss=0.8183 train_acc=0.7422 test_loss=1.9981 test_acc=0.2668
Round 323 | selected=[24, 87, 54, 18, 30, 2, 34, 59, 72, 12]
Round 323 | train_loss=1.1027 train_acc=0.6250 test_loss=1.7862 test_acc=0.3846
Round 324 | selected=[31, 20, 15, 95, 51, 24, 11, 97, 45, 59]
Round 324 | train_loss=0.7849 train_acc=0.7508 test_loss=1.9119 test_acc=0.2875
Round 325 | selected=[30, 93, 94, 31, 97, 81, 99, 48, 32, 45]
Round 325 | train_loss=0.7999 train_acc=0.7486 test_loss=1.7097 test_acc=0.3591
Round 326 | selected=[35, 31, 2, 85, 33, 78, 96, 70, 71, 37]
Round 326 | train_loss=0.9002 train_acc=0.6946 test_loss=1.7686 test_acc=0.3779
Round 327 | selected=[20, 75, 16, 83, 4, 67, 1, 55, 88, 7]
Round 327 | train_loss=0.9167 train_acc=0.7056 test_loss=1.7030 test_acc=0.3440
Round 328 | selected=[46, 9, 25, 1, 74, 8, 56, 59, 0, 10]
Round 328 | train_loss=1.0227 train_acc=0.6466 test_loss=1.6821 test_acc=0.3499
Round 329 | selected=[86, 51, 65, 17, 85, 95, 88, 22, 12, 23]
Round 329 | train_loss=0.9186 train_acc=0.7230 test_loss=2.4822 test_acc=0.2147
Round 330 | selected=[51, 24, 81, 80, 1, 74, 26, 54, 57, 18]
Round 330 | train_loss=1.2459 train_acc=0.6134 test_loss=1.8091 test_acc=0.3594
Round 331 | selected=[69, 75, 92, 82, 73, 80, 14, 50, 10, 2]
Round 331 | train_loss=0.9146 train_acc=0.7030 test_loss=1.7411 test_acc=0.3727
Round 332 | selected=[1, 8, 83, 97, 66, 92, 69, 78, 81, 6]
Round 332 | train_loss=0.9538 train_acc=0.6766 test_loss=1.5440 test_acc=0.4297
Round 333 | selected=[85, 94, 51, 2, 33, 89, 49, 32, 52, 78]
Round 333 | train_loss=0.7430 train_acc=0.7704 test_loss=1.5347 test_acc=0.4248
Round 334 | selected=[58, 0, 47, 95, 28, 94, 11, 18, 39, 62]
Round 334 | train_loss=0.8835 train_acc=0.7248 test_loss=1.8607 test_acc=0.2980
Round 335 | selected=[86, 16, 7, 19, 29, 76, 57, 18, 83, 41]
Round 335 | train_loss=1.0638 train_acc=0.6654 test_loss=1.7963 test_acc=0.3801
Round 336 | selected=[14, 87, 91, 38, 51, 6, 64, 0, 53, 58]
Round 336 | train_loss=0.8637 train_acc=0.7276 test_loss=1.9442 test_acc=0.3091
Round 337 | selected=[51, 34, 43, 66, 0, 99, 73, 74, 38, 83]
Round 337 | train_loss=0.9613 train_acc=0.6826 test_loss=1.6742 test_acc=0.3625
Round 338 | selected=[66, 53, 20, 91, 36, 59, 9, 55, 28, 64]
Round 338 | train_loss=0.9664 train_acc=0.6874 test_loss=1.8309 test_acc=0.3138
Round 339 | selected=[56, 55, 24, 48, 87, 20, 51, 18, 41, 69]
Round 339 | train_loss=0.9354 train_acc=0.7016 test_loss=1.6311 test_acc=0.3823
Round 340 | selected=[1, 68, 80, 17, 28, 69, 88, 54, 90, 15]
Round 340 | train_loss=0.8725 train_acc=0.6932 test_loss=1.5964 test_acc=0.4339
Round 341 | selected=[74, 46, 14, 39, 38, 56, 18, 44, 0, 6]
Round 341 | train_loss=0.9055 train_acc=0.7090 test_loss=1.4854 test_acc=0.4700
Round 342 | selected=[19, 36, 85, 47, 32, 99, 65, 93, 72, 2]
Round 342 | train_loss=0.8668 train_acc=0.7190 test_loss=1.5212 test_acc=0.4456
Round 343 | selected=[87, 83, 91, 90, 70, 55, 89, 32, 23, 7]
Round 343 | train_loss=0.7993 train_acc=0.7576 test_loss=2.0925 test_acc=0.2113
Round 344 | selected=[15, 4, 80, 16, 22, 91, 81, 36, 32, 24]
Round 344 | train_loss=0.9181 train_acc=0.6802 test_loss=1.6160 test_acc=0.4117
Round 345 | selected=[17, 24, 36, 58, 84, 10, 83, 18, 52, 28]
Round 345 | train_loss=0.8362 train_acc=0.7320 test_loss=1.5420 test_acc=0.4290
Round 346 | selected=[31, 54, 17, 29, 4, 44, 63, 93, 71, 23]
Round 346 | train_loss=0.7361 train_acc=0.7678 test_loss=1.4945 test_acc=0.4612
Round 347 | selected=[11, 34, 27, 94, 55, 87, 60, 10, 32, 52]
Round 347 | train_loss=0.8062 train_acc=0.7438 test_loss=1.7308 test_acc=0.3311
Round 348 | selected=[86, 4, 26, 69, 33, 40, 53, 44, 28, 99]
Round 348 | train_loss=0.9486 train_acc=0.6910 test_loss=2.0401 test_acc=0.2930
Round 349 | selected=[52, 50, 2, 0, 46, 44, 77, 16, 25, 13]
Round 349 | train_loss=0.8251 train_acc=0.7606 test_loss=1.9362 test_acc=0.3205
Round 350 | selected=[47, 66, 30, 70, 15, 85, 96, 13, 34, 77]
Round 350 | train_loss=0.9508 train_acc=0.6680 test_loss=1.6041 test_acc=0.4024
Round 351 | selected=[1, 51, 81, 97, 23, 27, 29, 30, 71, 77]
Round 351 | train_loss=0.8233 train_acc=0.7358 test_loss=1.6234 test_acc=0.4153
Round 352 | selected=[52, 8, 3, 68, 77, 94, 46, 49, 81, 7]
Round 352 | train_loss=0.8399 train_acc=0.7274 test_loss=1.7355 test_acc=0.3523
Round 353 | selected=[29, 33, 15, 72, 68, 75, 27, 28, 55, 45]
Round 353 | train_loss=0.8111 train_acc=0.7226 test_loss=1.7693 test_acc=0.3396
Round 354 | selected=[75, 27, 15, 70, 7, 9, 52, 11, 49, 81]
Round 354 | train_loss=0.9824 train_acc=0.6782 test_loss=1.5471 test_acc=0.4417
Round 355 | selected=[64, 16, 99, 76, 15, 79, 65, 20, 12, 0]
Round 355 | train_loss=0.7867 train_acc=0.7366 test_loss=1.9094 test_acc=0.3169
Round 356 | selected=[57, 94, 82, 91, 58, 77, 78, 99, 51, 88]
Round 356 | train_loss=0.8454 train_acc=0.7474 test_loss=1.6590 test_acc=0.3735
Round 357 | selected=[38, 77, 39, 31, 11, 3, 90, 84, 17, 0]
Round 357 | train_loss=0.7711 train_acc=0.7520 test_loss=1.6240 test_acc=0.3764
Round 358 | selected=[69, 91, 75, 26, 17, 85, 80, 61, 14, 34]
Round 358 | train_loss=0.8355 train_acc=0.7288 test_loss=1.5438 test_acc=0.4061
Round 359 | selected=[4, 34, 85, 38, 25, 73, 44, 65, 22, 74]
Round 359 | train_loss=0.7271 train_acc=0.7682 test_loss=1.7091 test_acc=0.3948
Round 360 | selected=[10, 25, 2, 27, 38, 45, 18, 57, 86, 36]
Round 360 | train_loss=0.7946 train_acc=0.7332 test_loss=1.6523 test_acc=0.3876
Round 361 | selected=[1, 99, 97, 39, 12, 41, 11, 21, 83, 86]
Round 361 | train_loss=0.9590 train_acc=0.6834 test_loss=2.0707 test_acc=0.2939
Round 362 | selected=[17, 15, 30, 13, 9, 85, 71, 49, 55, 78]
Round 362 | train_loss=0.9086 train_acc=0.7138 test_loss=1.8473 test_acc=0.3408
Round 363 | selected=[57, 62, 16, 78, 39, 7, 2, 76, 67, 4]
Round 363 | train_loss=0.9520 train_acc=0.6966 test_loss=2.2343 test_acc=0.2439
Round 364 | selected=[13, 43, 3, 50, 4, 27, 60, 32, 46, 90]
Round 364 | train_loss=1.2108 train_acc=0.6028 test_loss=1.9072 test_acc=0.3091
Round 365 | selected=[13, 65, 18, 9, 45, 98, 91, 44, 51, 64]
Round 365 | train_loss=1.0437 train_acc=0.6822 test_loss=1.7803 test_acc=0.3774
Round 366 | selected=[14, 81, 21, 69, 26, 62, 25, 29, 68, 63]
Round 366 | train_loss=1.0205 train_acc=0.6776 test_loss=1.7704 test_acc=0.3576
Round 367 | selected=[46, 11, 67, 44, 17, 79, 84, 31, 66, 12]
Round 367 | train_loss=0.8213 train_acc=0.7406 test_loss=1.5091 test_acc=0.4507
Round 368 | selected=[58, 72, 78, 24, 88, 77, 64, 65, 14, 15]
Round 368 | train_loss=0.7973 train_acc=0.7328 test_loss=1.5513 test_acc=0.4596
Round 369 | selected=[78, 9, 91, 30, 79, 84, 5, 48, 92, 98]
Round 369 | train_loss=0.8620 train_acc=0.7154 test_loss=1.6026 test_acc=0.4122
Round 370 | selected=[85, 50, 25, 24, 46, 6, 55, 96, 15, 62]
Round 370 | train_loss=0.8876 train_acc=0.7074 test_loss=1.6569 test_acc=0.3506
Round 371 | selected=[94, 65, 79, 96, 85, 9, 91, 21, 2, 53]
Round 371 | train_loss=0.8448 train_acc=0.7116 test_loss=1.6452 test_acc=0.3507
Round 372 | selected=[18, 65, 68, 16, 6, 53, 75, 24, 60, 54]
Round 372 | train_loss=0.8533 train_acc=0.7170 test_loss=1.6831 test_acc=0.3679
Round 373 | selected=[90, 32, 77, 89, 85, 19, 12, 10, 75, 13]
Round 373 | train_loss=0.9273 train_acc=0.7054 test_loss=1.5071 test_acc=0.4293
Round 374 | selected=[20, 17, 76, 10, 44, 48, 46, 38, 96, 19]
Round 374 | train_loss=0.8060 train_acc=0.7396 test_loss=1.5490 test_acc=0.4223
Round 375 | selected=[56, 84, 70, 49, 74, 90, 80, 54, 23, 68]
Round 375 | train_loss=0.7902 train_acc=0.7428 test_loss=1.5222 test_acc=0.4100
Round 376 | selected=[52, 72, 19, 82, 65, 68, 64, 84, 58, 35]
Round 376 | train_loss=0.8079 train_acc=0.7372 test_loss=1.4565 test_acc=0.4589
Round 377 | selected=[33, 82, 67, 92, 4, 30, 68, 37, 96, 17]
Round 377 | train_loss=0.7925 train_acc=0.7340 test_loss=1.7267 test_acc=0.3368
Round 378 | selected=[47, 77, 30, 84, 76, 63, 19, 73, 26, 9]
Round 378 | train_loss=0.9735 train_acc=0.6738 test_loss=1.4608 test_acc=0.4667
Round 379 | selected=[70, 92, 88, 99, 94, 81, 98, 74, 93, 79]
Round 379 | train_loss=0.7267 train_acc=0.7626 test_loss=1.9643 test_acc=0.2598
Round 380 | selected=[79, 54, 74, 28, 53, 10, 75, 34, 73, 20]
Round 380 | train_loss=0.7700 train_acc=0.7394 test_loss=1.4204 test_acc=0.5015
Round 381 | selected=[42, 70, 62, 81, 8, 68, 48, 82, 72, 92]
Round 381 | train_loss=0.8969 train_acc=0.6904 test_loss=1.6545 test_acc=0.3562
Round 382 | selected=[79, 43, 59, 46, 18, 36, 78, 17, 64, 57]
Round 382 | train_loss=0.8829 train_acc=0.6932 test_loss=1.4112 test_acc=0.4663
Round 383 | selected=[74, 11, 68, 5, 22, 79, 83, 29, 63, 86]
Round 383 | train_loss=0.7401 train_acc=0.7516 test_loss=1.6057 test_acc=0.3861
Round 384 | selected=[55, 96, 75, 41, 14, 21, 46, 22, 56, 37]
Round 384 | train_loss=0.7424 train_acc=0.7582 test_loss=1.5753 test_acc=0.4071
Round 385 | selected=[92, 37, 51, 74, 52, 26, 47, 86, 63, 27]
Round 385 | train_loss=0.7720 train_acc=0.7442 test_loss=1.5859 test_acc=0.4436
Round 386 | selected=[0, 1, 58, 23, 40, 67, 66, 90, 19, 38]
Round 386 | train_loss=0.8710 train_acc=0.7096 test_loss=1.5642 test_acc=0.4126
Round 387 | selected=[31, 70, 62, 64, 12, 27, 83, 63, 55, 49]
Round 387 | train_loss=0.8063 train_acc=0.7510 test_loss=1.6979 test_acc=0.3712
Round 388 | selected=[57, 91, 58, 26, 67, 77, 15, 54, 0, 16]
Round 388 | train_loss=0.8179 train_acc=0.7310 test_loss=1.6052 test_acc=0.4355
Round 389 | selected=[44, 48, 57, 98, 76, 71, 59, 7, 65, 34]
Round 389 | train_loss=0.8410 train_acc=0.7386 test_loss=1.5501 test_acc=0.4216
Round 390 | selected=[61, 12, 42, 88, 53, 17, 58, 77, 34, 26]
Round 390 | train_loss=0.8257 train_acc=0.7274 test_loss=1.5716 test_acc=0.3786
Round 391 | selected=[95, 86, 87, 42, 13, 90, 66, 19, 88, 58]
Round 391 | train_loss=0.8576 train_acc=0.7226 test_loss=1.4093 test_acc=0.4654
Round 392 | selected=[55, 70, 22, 8, 25, 47, 98, 27, 13, 12]
Round 392 | train_loss=0.6960 train_acc=0.7850 test_loss=1.5255 test_acc=0.4289
Round 393 | selected=[75, 84, 48, 0, 19, 57, 16, 78, 27, 45]
Round 393 | train_loss=0.8182 train_acc=0.7286 test_loss=1.6805 test_acc=0.3917
Round 394 | selected=[96, 40, 71, 3, 41, 80, 0, 10, 32, 67]
Round 394 | train_loss=0.9577 train_acc=0.6934 test_loss=1.5304 test_acc=0.4546
Round 395 | selected=[58, 21, 17, 54, 89, 96, 64, 92, 35, 7]
Round 395 | train_loss=0.8384 train_acc=0.7272 test_loss=1.4933 test_acc=0.4416
Round 396 | selected=[84, 94, 4, 38, 69, 85, 81, 35, 52, 83]
Round 396 | train_loss=0.9629 train_acc=0.6778 test_loss=1.5703 test_acc=0.4259
Round 397 | selected=[39, 74, 40, 55, 56, 54, 45, 41, 3, 24]
Round 397 | train_loss=0.7918 train_acc=0.7538 test_loss=1.5294 test_acc=0.4148
Round 398 | selected=[38, 67, 5, 11, 0, 16, 49, 90, 15, 92]
Round 398 | train_loss=0.8408 train_acc=0.6956 test_loss=1.4233 test_acc=0.4756
Round 399 | selected=[74, 62, 26, 49, 15, 11, 8, 10, 0, 20]
Round 399 | train_loss=0.7985 train_acc=0.7282 test_loss=1.6707 test_acc=0.3657
Round 400 | selected=[88, 55, 91, 92, 74, 87, 67, 97, 44, 93]
Round 400 | train_loss=0.7674 train_acc=0.7642 test_loss=2.3980 test_acc=0.2233
Round 401 | selected=[66, 51, 90, 69, 8, 32, 9, 93, 34, 94]
Round 401 | train_loss=1.0627 train_acc=0.6770 test_loss=2.1720 test_acc=0.2664
Round 402 | selected=[49, 90, 97, 22, 25, 50, 16, 15, 12, 84]
Round 402 | train_loss=0.8281 train_acc=0.7340 test_loss=1.7176 test_acc=0.3562
Round 403 | selected=[42, 62, 15, 77, 83, 48, 2, 79, 27, 8]
Round 403 | train_loss=0.8262 train_acc=0.7240 test_loss=1.4576 test_acc=0.4334
Round 404 | selected=[12, 15, 32, 7, 89, 13, 4, 98, 11, 86]
Round 404 | train_loss=0.8060 train_acc=0.7310 test_loss=1.4480 test_acc=0.4980
Round 405 | selected=[1, 53, 89, 50, 20, 57, 68, 23, 96, 41]
Round 405 | train_loss=0.7865 train_acc=0.7330 test_loss=1.6718 test_acc=0.3332
Round 406 | selected=[82, 95, 18, 19, 28, 94, 92, 62, 17, 64]
Round 406 | train_loss=0.9714 train_acc=0.6852 test_loss=2.0038 test_acc=0.3586
Round 407 | selected=[86, 97, 47, 42, 70, 15, 68, 12, 13, 48]
Round 407 | train_loss=1.2038 train_acc=0.6544 test_loss=1.8104 test_acc=0.3083
Round 408 | selected=[24, 81, 82, 48, 35, 79, 50, 52, 14, 85]
Round 408 | train_loss=0.9058 train_acc=0.6860 test_loss=1.5997 test_acc=0.4336
Round 409 | selected=[35, 22, 45, 20, 42, 67, 59, 66, 9, 63]
Round 409 | train_loss=0.8687 train_acc=0.7196 test_loss=1.6433 test_acc=0.3966
Round 410 | selected=[10, 57, 36, 6, 81, 2, 23, 35, 11, 76]
Round 410 | train_loss=0.8185 train_acc=0.7318 test_loss=1.5956 test_acc=0.3648
Round 411 | selected=[96, 86, 30, 58, 71, 23, 48, 7, 79, 57]
Round 411 | train_loss=0.7609 train_acc=0.7498 test_loss=1.3917 test_acc=0.5140
Round 412 | selected=[11, 25, 20, 27, 49, 63, 72, 71, 93, 95]
Round 412 | train_loss=0.7319 train_acc=0.7808 test_loss=1.3659 test_acc=0.4978
Round 413 | selected=[5, 58, 1, 82, 39, 70, 18, 11, 34, 62]
Round 413 | train_loss=0.8192 train_acc=0.7388 test_loss=1.4304 test_acc=0.4699
Round 414 | selected=[34, 35, 56, 7, 24, 67, 88, 71, 50, 16]
Round 414 | train_loss=0.6962 train_acc=0.7870 test_loss=1.6278 test_acc=0.3980
Round 415 | selected=[76, 69, 59, 0, 81, 64, 56, 60, 63, 9]
Round 415 | train_loss=0.9638 train_acc=0.6692 test_loss=1.4984 test_acc=0.4344
Round 416 | selected=[73, 98, 44, 24, 95, 70, 71, 96, 76, 36]
Round 416 | train_loss=0.8541 train_acc=0.7198 test_loss=1.3630 test_acc=0.5080
Round 417 | selected=[7, 38, 36, 75, 81, 49, 31, 1, 35, 90]
Round 417 | train_loss=0.7829 train_acc=0.7454 test_loss=1.4197 test_acc=0.4685
Round 418 | selected=[9, 74, 43, 21, 88, 5, 91, 46, 42, 58]
Round 418 | train_loss=0.8198 train_acc=0.7254 test_loss=1.7236 test_acc=0.4030
Round 419 | selected=[6, 43, 11, 12, 41, 47, 21, 48, 99, 18]
Round 419 | train_loss=0.9424 train_acc=0.7090 test_loss=1.4923 test_acc=0.4433
Round 420 | selected=[13, 35, 81, 31, 3, 10, 15, 80, 17, 87]
Round 420 | train_loss=0.7606 train_acc=0.7668 test_loss=1.5613 test_acc=0.4279
Round 421 | selected=[83, 29, 35, 82, 98, 97, 76, 77, 40, 17]
Round 421 | train_loss=0.7163 train_acc=0.7748 test_loss=1.7105 test_acc=0.3766
Round 422 | selected=[37, 34, 75, 16, 12, 98, 64, 92, 56, 11]
Round 422 | train_loss=0.6617 train_acc=0.7850 test_loss=1.6034 test_acc=0.4496
Round 423 | selected=[44, 73, 32, 27, 20, 19, 82, 63, 65, 95]
Round 423 | train_loss=0.7743 train_acc=0.7596 test_loss=1.6950 test_acc=0.3489
Round 424 | selected=[11, 55, 33, 62, 83, 32, 17, 38, 61, 86]
Round 424 | train_loss=0.7349 train_acc=0.7618 test_loss=1.5789 test_acc=0.4064
Round 425 | selected=[87, 66, 31, 76, 22, 36, 17, 7, 64, 99]
Round 425 | train_loss=0.6840 train_acc=0.7842 test_loss=1.4452 test_acc=0.4532
Round 426 | selected=[45, 31, 73, 94, 28, 49, 71, 34, 97, 26]
Round 426 | train_loss=0.7080 train_acc=0.7768 test_loss=1.5060 test_acc=0.4287
Round 427 | selected=[85, 17, 20, 49, 35, 76, 65, 93, 7, 2]
Round 427 | train_loss=0.5800 train_acc=0.8208 test_loss=1.5287 test_acc=0.4473
Round 428 | selected=[61, 79, 58, 26, 51, 16, 8, 35, 64, 19]
Round 428 | train_loss=0.7123 train_acc=0.7742 test_loss=2.0150 test_acc=0.2511
Round 429 | selected=[73, 72, 9, 1, 51, 67, 24, 95, 44, 85]
Round 429 | train_loss=0.8969 train_acc=0.6956 test_loss=1.7740 test_acc=0.3686
Round 430 | selected=[16, 18, 39, 7, 53, 56, 13, 67, 49, 59]
Round 430 | train_loss=0.7987 train_acc=0.7410 test_loss=1.4924 test_acc=0.4770
Round 431 | selected=[37, 85, 62, 7, 73, 53, 39, 74, 71, 93]
Round 431 | train_loss=0.6361 train_acc=0.8034 test_loss=1.5090 test_acc=0.4657
Round 432 | selected=[39, 1, 15, 46, 49, 94, 24, 51, 19, 10]
Round 432 | train_loss=0.7967 train_acc=0.7426 test_loss=1.5508 test_acc=0.4261
Round 433 | selected=[25, 97, 77, 80, 82, 90, 88, 37, 78, 27]
Round 433 | train_loss=0.7422 train_acc=0.7682 test_loss=1.5788 test_acc=0.4237
Round 434 | selected=[66, 76, 47, 42, 46, 25, 96, 19, 61, 72]
Round 434 | train_loss=0.9196 train_acc=0.6882 test_loss=1.3749 test_acc=0.4770
Round 435 | selected=[19, 28, 0, 96, 71, 1, 99, 2, 43, 81]
Round 435 | train_loss=0.7788 train_acc=0.7348 test_loss=1.3166 test_acc=0.5333
Round 436 | selected=[1, 16, 9, 90, 68, 94, 12, 19, 40, 54]
Round 436 | train_loss=0.6040 train_acc=0.8230 test_loss=1.4996 test_acc=0.4242
Round 437 | selected=[27, 89, 97, 86, 12, 15, 55, 50, 99, 47]
Round 437 | train_loss=0.6864 train_acc=0.7618 test_loss=1.3806 test_acc=0.4931
Round 438 | selected=[46, 52, 88, 24, 5, 90, 42, 4, 83, 1]
Round 438 | train_loss=0.8415 train_acc=0.7254 test_loss=1.4018 test_acc=0.4633
Round 439 | selected=[58, 51, 54, 15, 96, 67, 11, 13, 25, 18]
Round 439 | train_loss=0.6819 train_acc=0.7678 test_loss=1.5840 test_acc=0.4415
Round 440 | selected=[88, 98, 4, 34, 96, 41, 86, 5, 62, 59]
Round 440 | train_loss=0.9569 train_acc=0.6754 test_loss=1.5724 test_acc=0.4121
Round 441 | selected=[18, 68, 15, 26, 47, 53, 74, 38, 51, 28]
Round 441 | train_loss=0.7453 train_acc=0.7486 test_loss=1.4578 test_acc=0.4545
Round 442 | selected=[40, 97, 21, 85, 11, 3, 28, 18, 0, 49]
Round 442 | train_loss=0.6837 train_acc=0.7734 test_loss=1.4906 test_acc=0.4417
Round 443 | selected=[17, 83, 28, 54, 19, 24, 23, 97, 38, 11]
Round 443 | train_loss=0.7034 train_acc=0.7768 test_loss=1.5720 test_acc=0.3868
Round 444 | selected=[33, 29, 52, 30, 69, 81, 97, 16, 28, 3]
Round 444 | train_loss=0.6547 train_acc=0.7802 test_loss=1.7179 test_acc=0.4096
Round 445 | selected=[62, 16, 94, 91, 52, 44, 71, 34, 99, 1]
Round 445 | train_loss=0.7179 train_acc=0.7642 test_loss=1.3424 test_acc=0.5103
Round 446 | selected=[27, 46, 45, 22, 41, 44, 74, 73, 47, 64]
Round 446 | train_loss=0.6787 train_acc=0.7822 test_loss=1.4472 test_acc=0.4588
Round 447 | selected=[18, 86, 55, 76, 4, 87, 77, 78, 79, 22]
Round 447 | train_loss=0.8600 train_acc=0.7330 test_loss=1.7179 test_acc=0.3653
Round 448 | selected=[8, 22, 75, 24, 5, 58, 92, 66, 73, 43]
Round 448 | train_loss=0.8875 train_acc=0.7010 test_loss=1.3677 test_acc=0.4936
Round 449 | selected=[5, 84, 33, 77, 20, 73, 98, 31, 97, 51]
Round 449 | train_loss=0.6099 train_acc=0.8120 test_loss=1.5220 test_acc=0.4217
Round 450 | selected=[14, 51, 76, 93, 32, 85, 42, 5, 90, 0]
Round 450 | train_loss=0.7523 train_acc=0.7542 test_loss=1.4149 test_acc=0.4618
Round 451 | selected=[50, 40, 28, 24, 48, 3, 47, 94, 44, 73]
Round 451 | train_loss=0.7633 train_acc=0.7538 test_loss=1.7921 test_acc=0.3577
Round 452 | selected=[36, 8, 29, 72, 33, 65, 60, 56, 74, 71]
Round 452 | train_loss=0.8391 train_acc=0.7182 test_loss=1.4938 test_acc=0.4312
Round 453 | selected=[72, 81, 0, 91, 33, 73, 79, 59, 48, 40]
Round 453 | train_loss=0.9239 train_acc=0.6866 test_loss=1.7476 test_acc=0.3733
Round 454 | selected=[26, 91, 25, 8, 81, 52, 64, 98, 36, 58]
Round 454 | train_loss=0.8698 train_acc=0.7182 test_loss=1.6729 test_acc=0.4096
Round 455 | selected=[95, 3, 16, 65, 29, 48, 82, 50, 10, 96]
Round 455 | train_loss=0.8652 train_acc=0.7164 test_loss=1.6656 test_acc=0.4221
Round 456 | selected=[20, 94, 16, 70, 43, 10, 30, 92, 72, 0]
Round 456 | train_loss=0.7540 train_acc=0.7330 test_loss=1.4931 test_acc=0.4521
Round 457 | selected=[77, 55, 53, 85, 54, 71, 29, 76, 10, 93]
Round 457 | train_loss=0.7033 train_acc=0.7656 test_loss=1.5714 test_acc=0.4435
Round 458 | selected=[13, 50, 84, 46, 35, 0, 53, 39, 44, 48]
Round 458 | train_loss=0.8408 train_acc=0.7238 test_loss=1.8470 test_acc=0.3471
Round 459 | selected=[74, 78, 56, 7, 20, 75, 26, 1, 86, 43]
Round 459 | train_loss=0.8829 train_acc=0.7110 test_loss=1.6942 test_acc=0.4381
Round 460 | selected=[39, 30, 75, 40, 76, 85, 17, 94, 67, 4]
Round 460 | train_loss=0.7362 train_acc=0.7688 test_loss=1.8111 test_acc=0.3896
Round 461 | selected=[18, 24, 5, 36, 94, 57, 92, 35, 6, 17]
Round 461 | train_loss=0.7500 train_acc=0.7570 test_loss=1.4485 test_acc=0.4411
Round 462 | selected=[72, 81, 35, 77, 92, 20, 27, 41, 59, 12]
Round 462 | train_loss=0.7752 train_acc=0.7406 test_loss=1.3829 test_acc=0.4953
Round 463 | selected=[6, 56, 93, 82, 69, 40, 70, 30, 4, 75]
Round 463 | train_loss=0.7145 train_acc=0.7718 test_loss=1.5113 test_acc=0.4285
Round 464 | selected=[66, 73, 37, 39, 8, 77, 68, 79, 18, 83]
Round 464 | train_loss=0.8061 train_acc=0.7248 test_loss=1.3626 test_acc=0.4763
Round 465 | selected=[82, 78, 52, 17, 81, 46, 39, 91, 12, 66]
Round 465 | train_loss=0.6988 train_acc=0.7832 test_loss=1.4374 test_acc=0.4504
Round 466 | selected=[34, 42, 27, 56, 52, 59, 98, 29, 18, 79]
Round 466 | train_loss=0.7595 train_acc=0.7422 test_loss=1.5419 test_acc=0.4430
Round 467 | selected=[38, 9, 59, 32, 16, 93, 98, 58, 65, 44]
Round 467 | train_loss=0.6338 train_acc=0.7936 test_loss=1.5444 test_acc=0.4101
Round 468 | selected=[84, 61, 98, 21, 66, 33, 48, 97, 15, 64]
Round 468 | train_loss=0.6737 train_acc=0.7834 test_loss=1.4190 test_acc=0.4831
Round 469 | selected=[84, 2, 76, 63, 58, 47, 10, 60, 98, 43]
Round 469 | train_loss=0.6934 train_acc=0.7802 test_loss=1.4160 test_acc=0.4530
Round 470 | selected=[34, 50, 99, 66, 8, 31, 2, 9, 21, 96]
Round 470 | train_loss=0.7244 train_acc=0.7544 test_loss=1.4944 test_acc=0.4482
Round 471 | selected=[21, 30, 74, 27, 79, 55, 95, 83, 63, 81]
Round 471 | train_loss=0.7606 train_acc=0.7538 test_loss=1.6933 test_acc=0.3817
Round 472 | selected=[35, 59, 94, 89, 63, 21, 53, 79, 49, 30]
Round 472 | train_loss=0.7529 train_acc=0.7668 test_loss=1.5299 test_acc=0.4290
Round 473 | selected=[6, 93, 36, 81, 74, 31, 84, 14, 37, 46]
Round 473 | train_loss=0.6054 train_acc=0.7992 test_loss=1.3099 test_acc=0.5388
Round 474 | selected=[16, 50, 52, 94, 96, 14, 75, 35, 76, 12]
Round 474 | train_loss=0.6461 train_acc=0.7946 test_loss=1.4724 test_acc=0.4653
Round 475 | selected=[87, 24, 93, 91, 10, 96, 3, 0, 52, 32]
Round 475 | train_loss=0.7252 train_acc=0.7666 test_loss=1.5147 test_acc=0.4261
Round 476 | selected=[0, 43, 81, 58, 52, 16, 99, 61, 74, 23]
Round 476 | train_loss=0.6910 train_acc=0.7620 test_loss=1.4449 test_acc=0.4467
Round 477 | selected=[89, 34, 31, 29, 95, 93, 23, 54, 92, 98]
Round 477 | train_loss=0.6349 train_acc=0.7842 test_loss=1.5477 test_acc=0.4317
Round 478 | selected=[60, 74, 50, 19, 88, 34, 90, 5, 73, 53]
Round 478 | train_loss=0.7810 train_acc=0.7532 test_loss=1.3908 test_acc=0.4762
Round 479 | selected=[23, 70, 60, 28, 7, 54, 94, 33, 79, 56]
Round 479 | train_loss=0.6925 train_acc=0.7728 test_loss=1.4133 test_acc=0.4576
Round 480 | selected=[61, 16, 71, 97, 48, 0, 64, 56, 22, 31]
Round 480 | train_loss=0.6792 train_acc=0.7778 test_loss=1.6932 test_acc=0.4055
Round 481 | selected=[66, 3, 27, 6, 67, 86, 98, 49, 68, 84]
Round 481 | train_loss=0.7004 train_acc=0.7688 test_loss=1.5563 test_acc=0.4157
Round 482 | selected=[85, 6, 20, 49, 0, 93, 38, 98, 77, 90]
Round 482 | train_loss=0.7323 train_acc=0.7654 test_loss=1.6083 test_acc=0.3847
Round 483 | selected=[57, 19, 28, 84, 31, 79, 63, 42, 72, 35]
Round 483 | train_loss=0.7282 train_acc=0.7618 test_loss=1.5653 test_acc=0.4022
Round 484 | selected=[80, 94, 79, 87, 97, 81, 91, 72, 69, 42]
Round 484 | train_loss=0.7972 train_acc=0.7308 test_loss=1.6900 test_acc=0.3552
Round 485 | selected=[22, 81, 95, 32, 38, 0, 57, 62, 17, 6]
Round 485 | train_loss=0.8337 train_acc=0.7358 test_loss=1.4564 test_acc=0.4778
Round 486 | selected=[56, 18, 4, 62, 45, 74, 92, 96, 34, 30]
Round 486 | train_loss=0.6929 train_acc=0.7662 test_loss=1.5760 test_acc=0.4157
Round 487 | selected=[81, 91, 90, 60, 33, 14, 61, 84, 49, 9]
Round 487 | train_loss=0.8211 train_acc=0.7218 test_loss=1.4465 test_acc=0.4533
Round 488 | selected=[39, 28, 65, 87, 66, 33, 88, 23, 41, 11]
Round 488 | train_loss=0.7889 train_acc=0.7408 test_loss=2.2520 test_acc=0.3087
Round 489 | selected=[65, 78, 33, 93, 19, 21, 4, 74, 7, 56]
Round 489 | train_loss=0.7430 train_acc=0.7840 test_loss=1.5876 test_acc=0.4089
Round 490 | selected=[33, 29, 98, 75, 19, 87, 34, 22, 58, 90]
Round 490 | train_loss=0.6721 train_acc=0.7892 test_loss=1.4759 test_acc=0.4094
Round 491 | selected=[97, 15, 37, 90, 16, 79, 7, 50, 80, 47]
Round 491 | train_loss=0.6195 train_acc=0.7954 test_loss=1.2523 test_acc=0.5728
Round 492 | selected=[49, 14, 92, 94, 9, 85, 87, 1, 97, 91]
Round 492 | train_loss=0.6046 train_acc=0.8038 test_loss=1.5011 test_acc=0.4173
Round 493 | selected=[36, 18, 3, 31, 40, 51, 70, 0, 14, 15]
Round 493 | train_loss=0.6457 train_acc=0.7932 test_loss=1.2706 test_acc=0.5457
Round 494 | selected=[47, 65, 71, 99, 14, 20, 24, 92, 73, 67]
Round 494 | train_loss=0.5712 train_acc=0.8282 test_loss=1.3990 test_acc=0.4656
Round 495 | selected=[40, 29, 84, 51, 4, 74, 11, 71, 72, 28]
Round 495 | train_loss=0.6597 train_acc=0.7800 test_loss=1.7987 test_acc=0.3721
Round 496 | selected=[35, 51, 82, 61, 78, 73, 38, 56, 30, 67]
Round 496 | train_loss=0.8775 train_acc=0.7228 test_loss=1.9416 test_acc=0.3548
Round 497 | selected=[0, 76, 84, 62, 87, 9, 12, 26, 46, 51]
Round 497 | train_loss=0.9446 train_acc=0.6986 test_loss=1.9360 test_acc=0.3604
Round 498 | selected=[53, 52, 6, 38, 84, 12, 89, 82, 55, 16]
Round 498 | train_loss=0.8323 train_acc=0.7314 test_loss=1.5080 test_acc=0.4277
Round 499 | selected=[70, 6, 25, 3, 54, 18, 91, 50, 55, 20]
Round 499 | train_loss=0.6073 train_acc=0.8186 test_loss=1.5453 test_acc=0.3811
Round 500 | selected=[45, 48, 51, 86, 12, 72, 76, 68, 18, 44]
Round 500 | train_loss=0.6564 train_acc=0.7870 test_loss=1.3212 test_acc=0.5197
Saved: track1/results/cifar10/final_seed46/fedavg_alpha01_seed46.csv
COMPLETED: fedavg alpha01 seed=46
