========================================
JOB:       12008153
TASK:      42
ALGORITHM: fedavgm
PARTITION: alpha03
SEED:      45
GPU:       0
========================================
Device: cuda
GPU: Tesla V100-PCIE-32GB
Round 0 | test_loss=2.8279 test_acc=0.0938
Round 1 | selected=[84, 96, 49, 52, 68, 55, 73, 51, 79, 50]
Round 1 | train_loss=1.5926 train_acc=0.4774 test_loss=2.6681 test_acc=0.1000
Round 2 | selected=[61, 70, 47, 11, 92, 52, 58, 77, 79, 57]
Round 2 | train_loss=2.0300 train_acc=0.4060 test_loss=2.6731 test_acc=0.1573
Round 3 | selected=[68, 28, 99, 76, 4, 11, 39, 98, 40, 5]
Round 3 | train_loss=1.8313 train_acc=0.4422 test_loss=3.2981 test_acc=0.1126
Round 4 | selected=[26, 11, 9, 16, 70, 81, 96, 73, 29, 19]
Round 4 | train_loss=2.0566 train_acc=0.4202 test_loss=4.0206 test_acc=0.1925
Round 5 | selected=[11, 19, 35, 99, 1, 3, 45, 97, 31, 91]
Round 5 | train_loss=1.8897 train_acc=0.4728 test_loss=5.4251 test_acc=0.1581
Round 6 | selected=[65, 92, 81, 94, 48, 86, 77, 43, 30, 68]
Round 6 | train_loss=2.1927 train_acc=0.3784 test_loss=6.0239 test_acc=0.1729
Round 7 | selected=[35, 74, 98, 56, 37, 62, 89, 49, 80, 13]
Round 7 | train_loss=1.8135 train_acc=0.4784 test_loss=15.6665 test_acc=0.1147
Round 8 | selected=[29, 13, 46, 2, 67, 30, 38, 4, 60, 73]
Round 8 | train_loss=1.8737 train_acc=0.4322 test_loss=12.1816 test_acc=0.1124
Round 9 | selected=[69, 44, 76, 74, 34, 79, 22, 60, 16, 15]
Round 9 | train_loss=1.8852 train_acc=0.4110 test_loss=7.1106 test_acc=0.1415
Round 10 | selected=[8, 64, 44, 23, 48, 9, 69, 1, 29, 86]
Round 10 | train_loss=2.0696 train_acc=0.3606 test_loss=4.2109 test_acc=0.1731
Round 11 | selected=[73, 27, 86, 10, 22, 92, 9, 36, 43, 21]
Round 11 | train_loss=1.9619 train_acc=0.3810 test_loss=3.6862 test_acc=0.1651
Round 12 | selected=[19, 10, 46, 11, 4, 42, 16, 99, 96, 21]
Round 12 | train_loss=1.6821 train_acc=0.4478 test_loss=3.1707 test_acc=0.1807
Round 13 | selected=[31, 94, 27, 21, 48, 46, 69, 72, 24, 19]
Round 13 | train_loss=1.9887 train_acc=0.3914 test_loss=2.8143 test_acc=0.1850
Round 14 | selected=[25, 64, 96, 46, 42, 85, 98, 20, 65, 89]
Round 14 | train_loss=1.8340 train_acc=0.4238 test_loss=2.5757 test_acc=0.2215
Round 15 | selected=[94, 59, 89, 13, 76, 48, 39, 55, 44, 60]
Round 15 | train_loss=1.8966 train_acc=0.4220 test_loss=2.3157 test_acc=0.2204
Round 16 | selected=[44, 33, 28, 69, 36, 32, 46, 3, 35, 5]
Round 16 | train_loss=1.8447 train_acc=0.4140 test_loss=2.6516 test_acc=0.1862
Round 17 | selected=[56, 86, 33, 90, 8, 44, 94, 74, 83, 93]
Round 17 | train_loss=1.8194 train_acc=0.3902 test_loss=2.7540 test_acc=0.2183
Round 18 | selected=[37, 96, 61, 80, 73, 86, 52, 2, 81, 38]
Round 18 | train_loss=2.2745 train_acc=0.2600 test_loss=2.4879 test_acc=0.1853
Round 19 | selected=[66, 82, 91, 49, 25, 42, 15, 74, 75, 13]
Round 19 | train_loss=2.0505 train_acc=0.3458 test_loss=2.1144 test_acc=0.2131
Round 20 | selected=[99, 42, 96, 30, 8, 88, 93, 46, 90, 82]
Round 20 | train_loss=1.8521 train_acc=0.3776 test_loss=2.2205 test_acc=0.2200
Round 21 | selected=[91, 8, 48, 72, 47, 73, 24, 60, 98, 50]
Round 21 | train_loss=2.0526 train_acc=0.3342 test_loss=2.2525 test_acc=0.2121
Round 22 | selected=[77, 27, 23, 18, 4, 45, 66, 71, 72, 51]
Round 22 | train_loss=1.9102 train_acc=0.3834 test_loss=2.2602 test_acc=0.2143
Round 23 | selected=[5, 69, 78, 15, 35, 44, 28, 19, 61, 59]
Round 23 | train_loss=2.1565 train_acc=0.2604 test_loss=2.1231 test_acc=0.2339
Round 24 | selected=[85, 67, 48, 41, 94, 11, 53, 22, 20, 52]
Round 24 | train_loss=1.9533 train_acc=0.3614 test_loss=2.3077 test_acc=0.2098
Round 25 | selected=[46, 96, 40, 57, 45, 30, 99, 94, 9, 5]
Round 25 | train_loss=1.8961 train_acc=0.2968 test_loss=2.2299 test_acc=0.2217
Round 26 | selected=[60, 99, 84, 0, 28, 13, 19, 55, 9, 96]
Round 26 | train_loss=1.7766 train_acc=0.4018 test_loss=2.3495 test_acc=0.1871
Round 27 | selected=[85, 18, 27, 88, 21, 73, 6, 62, 2, 82]
Round 27 | train_loss=2.0541 train_acc=0.2728 test_loss=2.3104 test_acc=0.2131
Round 28 | selected=[59, 40, 9, 65, 22, 53, 44, 72, 79, 45]
Round 28 | train_loss=2.0458 train_acc=0.2668 test_loss=2.1011 test_acc=0.2085
Round 29 | selected=[15, 11, 81, 91, 12, 35, 43, 26, 44, 94]
Round 29 | train_loss=2.0878 train_acc=0.2600 test_loss=2.0259 test_acc=0.2088
Round 30 | selected=[61, 1, 5, 70, 21, 6, 92, 75, 45, 40]
Round 30 | train_loss=2.0518 train_acc=0.2830 test_loss=2.0274 test_acc=0.2209
Round 31 | selected=[3, 14, 15, 90, 86, 96, 47, 45, 63, 10]
Round 31 | train_loss=2.0344 train_acc=0.2844 test_loss=1.9229 test_acc=0.2732
Round 32 | selected=[33, 35, 79, 59, 54, 96, 60, 67, 61, 39]
Round 32 | train_loss=1.7641 train_acc=0.4054 test_loss=1.9503 test_acc=0.2643
Round 33 | selected=[72, 49, 39, 77, 98, 10, 59, 17, 29, 9]
Round 33 | train_loss=1.8716 train_acc=0.3942 test_loss=2.1249 test_acc=0.2443
Round 34 | selected=[15, 59, 57, 88, 60, 13, 70, 47, 76, 26]
Round 34 | train_loss=1.7948 train_acc=0.3900 test_loss=1.9793 test_acc=0.2530
Round 35 | selected=[76, 4, 23, 69, 56, 13, 43, 54, 99, 88]
Round 35 | train_loss=1.8779 train_acc=0.3298 test_loss=1.9894 test_acc=0.2429
Round 36 | selected=[3, 50, 71, 29, 88, 11, 13, 2, 7, 47]
Round 36 | train_loss=1.8429 train_acc=0.3718 test_loss=1.9169 test_acc=0.2705
Round 37 | selected=[47, 27, 28, 8, 2, 88, 30, 16, 45, 60]
Round 37 | train_loss=1.8047 train_acc=0.3940 test_loss=1.9525 test_acc=0.2592
Round 38 | selected=[50, 29, 85, 86, 64, 10, 7, 16, 49, 48]
Round 38 | train_loss=1.6731 train_acc=0.4204 test_loss=2.0559 test_acc=0.2295
Round 39 | selected=[3, 88, 98, 97, 23, 40, 74, 61, 79, 59]
Round 39 | train_loss=2.0930 train_acc=0.2806 test_loss=1.9836 test_acc=0.2512
Round 40 | selected=[29, 47, 55, 25, 13, 65, 91, 10, 8, 89]
Round 40 | train_loss=1.6558 train_acc=0.4458 test_loss=1.9192 test_acc=0.2753
Round 41 | selected=[51, 18, 44, 36, 79, 62, 64, 43, 11, 96]
Round 41 | train_loss=1.8186 train_acc=0.3962 test_loss=1.8533 test_acc=0.2786
Round 42 | selected=[41, 24, 80, 14, 5, 27, 42, 90, 73, 47]
Round 42 | train_loss=1.8201 train_acc=0.3894 test_loss=1.9570 test_acc=0.2810
Round 43 | selected=[23, 81, 54, 52, 62, 9, 6, 38, 79, 2]
Round 43 | train_loss=1.9006 train_acc=0.2988 test_loss=2.1016 test_acc=0.2551
Round 44 | selected=[47, 85, 84, 78, 86, 3, 36, 7, 5, 81]
Round 44 | train_loss=1.7452 train_acc=0.3864 test_loss=2.1604 test_acc=0.2349
Round 45 | selected=[11, 75, 46, 15, 87, 21, 51, 99, 61, 90]
Round 45 | train_loss=1.7881 train_acc=0.3696 test_loss=1.9422 test_acc=0.2492
Round 46 | selected=[69, 76, 10, 45, 22, 62, 23, 65, 12, 3]
Round 46 | train_loss=1.7738 train_acc=0.3530 test_loss=1.8182 test_acc=0.3052
Round 47 | selected=[67, 90, 35, 54, 81, 44, 49, 39, 59, 23]
Round 47 | train_loss=1.7438 train_acc=0.4216 test_loss=1.8658 test_acc=0.3008
Round 48 | selected=[21, 14, 50, 90, 26, 19, 13, 68, 34, 48]
Round 48 | train_loss=1.7657 train_acc=0.3648 test_loss=1.8863 test_acc=0.3020
Round 49 | selected=[54, 25, 65, 52, 28, 81, 63, 5, 74, 91]
Round 49 | train_loss=1.7729 train_acc=0.3870 test_loss=1.8540 test_acc=0.2941
Round 50 | selected=[71, 16, 75, 59, 89, 46, 84, 44, 60, 37]
Round 50 | train_loss=1.7294 train_acc=0.3686 test_loss=1.7732 test_acc=0.3161
Round 51 | selected=[68, 88, 39, 89, 20, 76, 95, 70, 81, 26]
Round 51 | train_loss=1.7884 train_acc=0.3648 test_loss=1.7846 test_acc=0.2887
Round 52 | selected=[2, 9, 53, 58, 82, 81, 77, 74, 40, 95]
Round 52 | train_loss=1.7210 train_acc=0.3894 test_loss=1.8727 test_acc=0.2798
Round 53 | selected=[91, 64, 55, 94, 70, 61, 93, 71, 56, 63]
Round 53 | train_loss=1.8626 train_acc=0.3694 test_loss=2.0322 test_acc=0.2664
Round 54 | selected=[59, 24, 95, 36, 63, 16, 76, 94, 42, 51]
Round 54 | train_loss=1.7775 train_acc=0.4290 test_loss=1.9787 test_acc=0.2562
Round 55 | selected=[2, 85, 78, 67, 42, 69, 86, 31, 90, 57]
Round 55 | train_loss=1.8037 train_acc=0.3816 test_loss=1.8509 test_acc=0.2911
Round 56 | selected=[86, 69, 52, 75, 71, 66, 57, 37, 12, 77]
Round 56 | train_loss=1.8317 train_acc=0.3624 test_loss=1.9460 test_acc=0.2569
Round 57 | selected=[60, 27, 8, 63, 19, 52, 90, 30, 29, 57]
Round 57 | train_loss=1.8037 train_acc=0.3502 test_loss=1.9456 test_acc=0.2801
Round 58 | selected=[44, 8, 64, 25, 74, 77, 42, 81, 43, 55]
Round 58 | train_loss=1.8875 train_acc=0.3404 test_loss=1.8967 test_acc=0.2806
Round 59 | selected=[44, 0, 23, 91, 9, 5, 37, 62, 12, 24]
Round 59 | train_loss=1.8012 train_acc=0.3606 test_loss=1.8275 test_acc=0.2885
Round 60 | selected=[27, 89, 95, 51, 21, 17, 94, 46, 24, 14]
Round 60 | train_loss=1.7171 train_acc=0.4036 test_loss=1.9460 test_acc=0.2812
Round 61 | selected=[3, 17, 86, 96, 49, 24, 78, 79, 92, 14]
Round 61 | train_loss=1.7449 train_acc=0.4112 test_loss=1.9933 test_acc=0.2974
Round 62 | selected=[43, 95, 8, 94, 90, 22, 28, 12, 1, 11]
Round 62 | train_loss=1.8384 train_acc=0.3290 test_loss=2.0090 test_acc=0.3099
Round 63 | selected=[87, 26, 19, 31, 37, 54, 55, 93, 67, 65]
Round 63 | train_loss=1.8698 train_acc=0.3504 test_loss=1.9007 test_acc=0.2962
Round 64 | selected=[37, 76, 80, 61, 9, 65, 84, 69, 95, 72]
Round 64 | train_loss=1.8205 train_acc=0.3670 test_loss=1.8208 test_acc=0.2997
Round 65 | selected=[32, 78, 54, 85, 58, 86, 57, 60, 76, 56]
Round 65 | train_loss=1.7301 train_acc=0.4136 test_loss=1.8182 test_acc=0.3088
Round 66 | selected=[45, 26, 67, 90, 8, 3, 37, 15, 29, 18]
Round 66 | train_loss=1.7148 train_acc=0.3962 test_loss=1.8240 test_acc=0.3084
Round 67 | selected=[18, 35, 94, 9, 30, 39, 48, 97, 19, 96]
Round 67 | train_loss=1.7709 train_acc=0.3730 test_loss=1.8909 test_acc=0.2796
Round 68 | selected=[86, 41, 45, 81, 62, 43, 3, 9, 91, 63]
Round 68 | train_loss=1.7392 train_acc=0.3726 test_loss=1.8027 test_acc=0.2940
Round 69 | selected=[47, 88, 22, 84, 75, 80, 46, 37, 34, 2]
Round 69 | train_loss=1.6498 train_acc=0.4220 test_loss=1.7775 test_acc=0.2938
Round 70 | selected=[81, 48, 10, 38, 56, 21, 69, 85, 53, 5]
Round 70 | train_loss=1.6922 train_acc=0.4012 test_loss=1.7280 test_acc=0.3303
Round 71 | selected=[63, 19, 5, 92, 36, 43, 94, 99, 45, 18]
Round 71 | train_loss=1.6432 train_acc=0.4204 test_loss=1.6990 test_acc=0.3426
Round 72 | selected=[51, 3, 83, 10, 39, 15, 87, 6, 12, 62]
Round 72 | train_loss=1.5971 train_acc=0.4580 test_loss=1.6962 test_acc=0.3538
Round 73 | selected=[3, 70, 15, 1, 83, 5, 94, 77, 24, 75]
Round 73 | train_loss=1.4836 train_acc=0.5254 test_loss=1.7401 test_acc=0.3255
Round 74 | selected=[71, 75, 73, 62, 48, 56, 80, 29, 51, 37]
Round 74 | train_loss=1.5262 train_acc=0.4474 test_loss=1.7197 test_acc=0.3166
Round 75 | selected=[99, 7, 11, 35, 74, 59, 23, 19, 68, 13]
Round 75 | train_loss=1.5500 train_acc=0.4700 test_loss=1.7193 test_acc=0.3228
Round 76 | selected=[85, 57, 37, 71, 18, 9, 47, 58, 66, 2]
Round 76 | train_loss=1.5955 train_acc=0.4532 test_loss=1.7529 test_acc=0.3205
Round 77 | selected=[68, 92, 73, 45, 46, 72, 34, 25, 4, 0]
Round 77 | train_loss=1.6286 train_acc=0.4114 test_loss=1.8160 test_acc=0.3018
Round 78 | selected=[50, 61, 77, 51, 7, 26, 34, 58, 62, 33]
Round 78 | train_loss=1.5198 train_acc=0.4896 test_loss=1.7760 test_acc=0.3022
Round 79 | selected=[40, 68, 80, 67, 84, 74, 25, 93, 19, 14]
Round 79 | train_loss=1.6170 train_acc=0.3986 test_loss=1.6841 test_acc=0.3308
Round 80 | selected=[88, 51, 95, 64, 11, 83, 44, 99, 78, 89]
Round 80 | train_loss=1.5100 train_acc=0.4736 test_loss=1.6350 test_acc=0.3595
Round 81 | selected=[98, 73, 9, 96, 21, 33, 44, 89, 50, 61]
Round 81 | train_loss=1.5650 train_acc=0.4644 test_loss=1.7023 test_acc=0.3475
Round 82 | selected=[58, 51, 48, 54, 80, 38, 20, 83, 6, 14]
Round 82 | train_loss=1.5465 train_acc=0.4610 test_loss=1.7127 test_acc=0.3353
Round 83 | selected=[99, 66, 71, 70, 40, 12, 33, 50, 67, 1]
Round 83 | train_loss=1.5224 train_acc=0.4624 test_loss=1.6574 test_acc=0.3468
Round 84 | selected=[25, 75, 86, 41, 95, 65, 31, 66, 60, 15]
Round 84 | train_loss=1.3960 train_acc=0.5174 test_loss=1.7026 test_acc=0.3365
Round 85 | selected=[26, 73, 10, 18, 86, 79, 39, 97, 0, 76]
Round 85 | train_loss=1.7068 train_acc=0.3928 test_loss=1.7738 test_acc=0.3506
Round 86 | selected=[40, 7, 15, 29, 13, 89, 85, 46, 10, 84]
Round 86 | train_loss=1.6106 train_acc=0.4338 test_loss=2.1249 test_acc=0.3298
Round 87 | selected=[0, 43, 52, 5, 42, 14, 88, 63, 77, 74]
Round 87 | train_loss=1.4944 train_acc=0.4804 test_loss=1.7783 test_acc=0.3346
Round 88 | selected=[45, 9, 95, 94, 75, 33, 12, 25, 36, 24]
Round 88 | train_loss=1.5704 train_acc=0.4464 test_loss=1.7058 test_acc=0.3384
Round 89 | selected=[21, 56, 47, 38, 83, 81, 19, 95, 64, 70]
Round 89 | train_loss=1.6121 train_acc=0.4406 test_loss=1.6250 test_acc=0.3751
Round 90 | selected=[39, 29, 23, 41, 7, 84, 42, 34, 67, 22]
Round 90 | train_loss=1.3580 train_acc=0.5346 test_loss=1.7399 test_acc=0.3275
Round 91 | selected=[56, 60, 6, 0, 17, 95, 23, 48, 29, 87]
Round 91 | train_loss=1.6319 train_acc=0.4118 test_loss=1.7312 test_acc=0.3489
Round 92 | selected=[56, 66, 36, 89, 41, 74, 61, 9, 34, 8]
Round 92 | train_loss=1.4368 train_acc=0.4878 test_loss=1.8026 test_acc=0.3101
Round 93 | selected=[60, 88, 58, 61, 14, 5, 66, 49, 83, 1]
Round 93 | train_loss=1.4456 train_acc=0.5180 test_loss=1.8474 test_acc=0.3382
Round 94 | selected=[59, 44, 52, 11, 32, 4, 81, 91, 6, 3]
Round 94 | train_loss=1.6987 train_acc=0.4118 test_loss=1.8599 test_acc=0.3711
Round 95 | selected=[19, 48, 34, 50, 8, 70, 63, 88, 46, 51]
Round 95 | train_loss=1.3297 train_acc=0.5632 test_loss=1.8122 test_acc=0.3672
Round 96 | selected=[63, 29, 43, 11, 81, 61, 70, 94, 3, 55]
Round 96 | train_loss=1.4662 train_acc=0.5270 test_loss=1.8389 test_acc=0.3464
Round 97 | selected=[39, 40, 22, 32, 12, 34, 67, 3, 35, 50]
Round 97 | train_loss=1.6317 train_acc=0.4682 test_loss=1.8486 test_acc=0.3547
Round 98 | selected=[58, 74, 98, 93, 22, 21, 28, 43, 94, 26]
Round 98 | train_loss=1.5417 train_acc=0.4896 test_loss=1.9061 test_acc=0.3006
Round 99 | selected=[95, 9, 57, 78, 38, 54, 55, 43, 72, 40]
Round 99 | train_loss=1.6864 train_acc=0.3780 test_loss=1.9608 test_acc=0.2637
Round 100 | selected=[66, 84, 7, 3, 17, 72, 23, 11, 91, 57]
Round 100 | train_loss=1.6461 train_acc=0.4228 test_loss=1.8939 test_acc=0.2863
Round 101 | selected=[14, 28, 15, 86, 89, 81, 40, 19, 35, 1]
Round 101 | train_loss=1.6441 train_acc=0.4002 test_loss=1.7362 test_acc=0.3332
Round 102 | selected=[7, 3, 46, 8, 74, 65, 17, 70, 10, 88]
Round 102 | train_loss=1.7198 train_acc=0.3680 test_loss=1.7475 test_acc=0.3442
Round 103 | selected=[11, 33, 62, 32, 95, 9, 12, 77, 35, 28]
Round 103 | train_loss=1.6320 train_acc=0.4474 test_loss=1.7541 test_acc=0.3092
Round 104 | selected=[43, 37, 72, 22, 0, 98, 79, 78, 51, 20]
Round 104 | train_loss=1.6454 train_acc=0.4286 test_loss=1.8023 test_acc=0.3370
Round 105 | selected=[22, 88, 68, 39, 90, 46, 44, 45, 78, 29]
Round 105 | train_loss=1.6255 train_acc=0.4148 test_loss=1.7978 test_acc=0.3249
Round 106 | selected=[38, 39, 34, 99, 78, 42, 37, 2, 10, 45]
Round 106 | train_loss=1.5740 train_acc=0.4342 test_loss=1.8978 test_acc=0.3157
Round 107 | selected=[28, 54, 61, 86, 3, 48, 97, 82, 35, 24]
Round 107 | train_loss=1.5116 train_acc=0.4720 test_loss=1.8158 test_acc=0.3144
Round 108 | selected=[84, 8, 19, 14, 93, 73, 79, 27, 70, 22]
Round 108 | train_loss=1.4807 train_acc=0.4958 test_loss=1.8128 test_acc=0.2783
Round 109 | selected=[53, 66, 15, 37, 76, 57, 80, 40, 13, 83]
Round 109 | train_loss=1.4861 train_acc=0.4798 test_loss=1.8248 test_acc=0.2857
Round 110 | selected=[50, 44, 37, 11, 64, 48, 12, 69, 31, 75]
Round 110 | train_loss=1.3664 train_acc=0.5572 test_loss=1.7963 test_acc=0.3114
Round 111 | selected=[8, 16, 20, 51, 12, 99, 75, 71, 94, 11]
Round 111 | train_loss=1.3858 train_acc=0.5302 test_loss=1.8502 test_acc=0.3337
Round 112 | selected=[38, 98, 73, 46, 9, 93, 90, 97, 8, 25]
Round 112 | train_loss=1.8995 train_acc=0.3406 test_loss=1.9369 test_acc=0.3068
Round 113 | selected=[38, 99, 89, 63, 90, 9, 69, 67, 40, 56]
Round 113 | train_loss=1.5500 train_acc=0.4752 test_loss=2.0785 test_acc=0.2832
Round 114 | selected=[36, 91, 82, 59, 87, 61, 75, 85, 3, 83]
Round 114 | train_loss=1.6047 train_acc=0.4306 test_loss=1.8762 test_acc=0.3272
Round 115 | selected=[52, 71, 12, 3, 5, 27, 90, 87, 15, 55]
Round 115 | train_loss=1.7616 train_acc=0.3462 test_loss=1.7293 test_acc=0.3763
Round 116 | selected=[83, 74, 2, 68, 5, 40, 73, 69, 92, 78]
Round 116 | train_loss=1.8228 train_acc=0.3594 test_loss=1.7398 test_acc=0.3546
Round 117 | selected=[29, 36, 35, 63, 92, 71, 51, 84, 7, 25]
Round 117 | train_loss=1.5914 train_acc=0.4494 test_loss=1.8075 test_acc=0.3078
Round 118 | selected=[2, 95, 88, 35, 43, 7, 38, 79, 48, 74]
Round 118 | train_loss=1.6471 train_acc=0.3918 test_loss=1.9107 test_acc=0.2893
Round 119 | selected=[67, 37, 65, 53, 79, 34, 94, 15, 13, 62]
Round 119 | train_loss=1.6162 train_acc=0.3978 test_loss=1.8165 test_acc=0.3046
Round 120 | selected=[1, 35, 6, 65, 51, 7, 31, 94, 77, 71]
Round 120 | train_loss=1.5181 train_acc=0.4582 test_loss=1.6873 test_acc=0.3556
Round 121 | selected=[90, 76, 30, 20, 69, 92, 67, 72, 58, 35]
Round 121 | train_loss=1.7267 train_acc=0.4130 test_loss=1.6622 test_acc=0.3683
Round 122 | selected=[49, 66, 29, 55, 18, 54, 57, 77, 14, 27]
Round 122 | train_loss=1.5720 train_acc=0.4248 test_loss=1.6151 test_acc=0.3725
Round 123 | selected=[9, 36, 44, 73, 23, 64, 58, 4, 95, 87]
Round 123 | train_loss=1.6122 train_acc=0.4176 test_loss=1.6235 test_acc=0.3708
Round 124 | selected=[13, 0, 76, 96, 59, 36, 72, 68, 4, 20]
Round 124 | train_loss=1.6432 train_acc=0.3926 test_loss=1.7389 test_acc=0.3653
Round 125 | selected=[48, 37, 94, 90, 25, 92, 95, 79, 59, 46]
Round 125 | train_loss=1.6087 train_acc=0.4272 test_loss=1.7526 test_acc=0.3482
Round 126 | selected=[77, 88, 94, 4, 9, 24, 80, 32, 75, 39]
Round 126 | train_loss=1.5603 train_acc=0.4520 test_loss=1.7022 test_acc=0.3541
Round 127 | selected=[76, 91, 89, 54, 79, 92, 15, 94, 68, 85]
Round 127 | train_loss=1.6506 train_acc=0.4220 test_loss=1.6382 test_acc=0.3669
Round 128 | selected=[62, 49, 80, 96, 68, 12, 95, 71, 2, 47]
Round 128 | train_loss=1.5517 train_acc=0.4218 test_loss=1.5827 test_acc=0.3898
Round 129 | selected=[69, 99, 82, 43, 34, 3, 73, 4, 77, 96]
Round 129 | train_loss=1.5025 train_acc=0.4998 test_loss=1.5931 test_acc=0.3881
Round 130 | selected=[1, 38, 37, 7, 78, 21, 42, 54, 18, 99]
Round 130 | train_loss=1.5349 train_acc=0.4436 test_loss=1.5878 test_acc=0.3882
Round 131 | selected=[11, 71, 57, 27, 98, 19, 89, 30, 44, 50]
Round 131 | train_loss=1.4647 train_acc=0.5072 test_loss=1.6648 test_acc=0.3580
Round 132 | selected=[25, 57, 74, 87, 17, 99, 61, 68, 0, 12]
Round 132 | train_loss=1.5088 train_acc=0.4576 test_loss=1.5875 test_acc=0.3873
Round 133 | selected=[18, 39, 13, 63, 29, 41, 45, 17, 20, 3]
Round 133 | train_loss=1.4573 train_acc=0.5184 test_loss=1.6353 test_acc=0.3686
Round 134 | selected=[93, 62, 95, 33, 77, 1, 67, 73, 35, 43]
Round 134 | train_loss=1.5021 train_acc=0.4750 test_loss=1.7232 test_acc=0.3675
Round 135 | selected=[57, 38, 58, 16, 23, 7, 70, 76, 5, 4]
Round 135 | train_loss=1.4240 train_acc=0.4986 test_loss=1.6138 test_acc=0.4082
Round 136 | selected=[20, 8, 56, 19, 18, 47, 61, 66, 84, 62]
Round 136 | train_loss=1.3749 train_acc=0.5582 test_loss=1.5392 test_acc=0.4264
Round 137 | selected=[45, 3, 78, 20, 36, 51, 98, 89, 41, 29]
Round 137 | train_loss=1.3621 train_acc=0.5482 test_loss=1.5308 test_acc=0.4332
Round 138 | selected=[37, 71, 8, 7, 28, 96, 38, 22, 94, 60]
Round 138 | train_loss=1.4288 train_acc=0.5046 test_loss=1.5696 test_acc=0.4205
Round 139 | selected=[42, 47, 54, 72, 48, 60, 12, 79, 87, 86]
Round 139 | train_loss=1.3273 train_acc=0.5390 test_loss=1.5462 test_acc=0.4285
Round 140 | selected=[75, 11, 90, 15, 6, 58, 63, 8, 25, 84]
Round 140 | train_loss=1.3329 train_acc=0.5346 test_loss=1.4677 test_acc=0.4476
Round 141 | selected=[62, 37, 94, 51, 95, 0, 82, 29, 74, 83]
Round 141 | train_loss=1.2954 train_acc=0.5550 test_loss=1.4712 test_acc=0.4463
Round 142 | selected=[47, 95, 64, 30, 55, 32, 24, 71, 73, 90]
Round 142 | train_loss=1.3197 train_acc=0.5500 test_loss=1.4700 test_acc=0.4429
Round 143 | selected=[37, 12, 10, 30, 20, 38, 66, 34, 0, 50]
Round 143 | train_loss=1.2208 train_acc=0.5912 test_loss=1.4883 test_acc=0.4327
Round 144 | selected=[17, 26, 43, 32, 49, 95, 66, 2, 5, 83]
Round 144 | train_loss=1.1605 train_acc=0.6072 test_loss=1.5665 test_acc=0.4111
Round 145 | selected=[3, 94, 98, 88, 50, 54, 40, 38, 80, 49]
Round 145 | train_loss=1.2364 train_acc=0.5796 test_loss=1.7503 test_acc=0.3459
Round 146 | selected=[75, 36, 71, 76, 48, 3, 57, 14, 27, 74]
Round 146 | train_loss=1.4365 train_acc=0.4776 test_loss=1.5946 test_acc=0.3866
Round 147 | selected=[31, 9, 45, 81, 14, 95, 62, 5, 69, 34]
Round 147 | train_loss=1.2817 train_acc=0.5440 test_loss=1.6836 test_acc=0.3751
Round 148 | selected=[50, 74, 99, 1, 20, 70, 58, 59, 83, 80]
Round 148 | train_loss=1.2888 train_acc=0.5566 test_loss=1.5692 test_acc=0.4242
Round 149 | selected=[46, 79, 54, 41, 43, 83, 40, 50, 1, 18]
Round 149 | train_loss=1.2850 train_acc=0.5694 test_loss=1.6662 test_acc=0.3778
Round 150 | selected=[70, 53, 4, 36, 68, 28, 16, 47, 17, 38]
Round 150 | train_loss=1.3858 train_acc=0.5138 test_loss=1.6331 test_acc=0.3802
Round 151 | selected=[24, 79, 58, 50, 38, 45, 59, 9, 27, 7]
Round 151 | train_loss=1.2723 train_acc=0.5598 test_loss=1.4628 test_acc=0.4393
Round 152 | selected=[95, 74, 41, 81, 55, 22, 62, 25, 17, 34]
Round 152 | train_loss=1.2395 train_acc=0.5672 test_loss=1.4930 test_acc=0.4380
Round 153 | selected=[28, 98, 99, 27, 65, 71, 17, 95, 6, 46]
Round 153 | train_loss=1.3099 train_acc=0.5552 test_loss=1.4898 test_acc=0.4281
Round 154 | selected=[13, 56, 26, 83, 48, 65, 12, 14, 32, 41]
Round 154 | train_loss=1.3139 train_acc=0.5502 test_loss=1.5559 test_acc=0.4142
Round 155 | selected=[5, 74, 68, 19, 71, 80, 69, 11, 96, 90]
Round 155 | train_loss=1.2503 train_acc=0.5588 test_loss=1.6078 test_acc=0.3992
Round 156 | selected=[58, 94, 30, 45, 14, 50, 66, 84, 85, 57]
Round 156 | train_loss=1.1599 train_acc=0.6088 test_loss=1.5110 test_acc=0.4467
Round 157 | selected=[78, 23, 56, 99, 68, 17, 58, 76, 7, 74]
Round 157 | train_loss=1.3369 train_acc=0.5220 test_loss=1.5933 test_acc=0.4185
Round 158 | selected=[0, 12, 93, 19, 41, 28, 86, 31, 96, 54]
Round 158 | train_loss=1.2961 train_acc=0.5324 test_loss=1.5515 test_acc=0.4209
Round 159 | selected=[85, 14, 35, 56, 59, 94, 9, 43, 72, 89]
Round 159 | train_loss=1.2683 train_acc=0.5698 test_loss=1.5755 test_acc=0.4200
Round 160 | selected=[13, 59, 24, 85, 19, 32, 3, 79, 25, 68]
Round 160 | train_loss=1.2316 train_acc=0.5802 test_loss=1.5652 test_acc=0.4279
Round 161 | selected=[6, 97, 95, 9, 96, 5, 81, 65, 42, 43]
Round 161 | train_loss=1.2453 train_acc=0.5746 test_loss=1.4462 test_acc=0.4511
Round 162 | selected=[18, 6, 24, 95, 26, 58, 19, 46, 44, 41]
Round 162 | train_loss=1.1514 train_acc=0.6132 test_loss=1.4153 test_acc=0.4526
Round 163 | selected=[84, 5, 85, 80, 3, 21, 92, 75, 76, 98]
Round 163 | train_loss=1.2091 train_acc=0.5828 test_loss=1.3917 test_acc=0.4676
Round 164 | selected=[26, 17, 54, 89, 51, 44, 23, 73, 82, 24]
Round 164 | train_loss=1.0710 train_acc=0.6526 test_loss=1.5710 test_acc=0.4135
Round 165 | selected=[33, 12, 19, 10, 1, 27, 96, 17, 25, 97]
Round 165 | train_loss=1.2414 train_acc=0.5728 test_loss=1.7815 test_acc=0.3435
Round 166 | selected=[68, 62, 0, 59, 86, 63, 94, 33, 67, 10]
Round 166 | train_loss=1.2642 train_acc=0.5530 test_loss=1.5154 test_acc=0.4191
Round 167 | selected=[61, 64, 89, 30, 19, 44, 2, 97, 15, 37]
Round 167 | train_loss=1.1821 train_acc=0.5846 test_loss=1.3472 test_acc=0.4904
Round 168 | selected=[11, 52, 21, 99, 83, 30, 62, 61, 10, 74]
Round 168 | train_loss=1.1522 train_acc=0.6150 test_loss=1.4334 test_acc=0.4554
Round 169 | selected=[74, 1, 75, 34, 21, 9, 6, 85, 65, 13]
Round 169 | train_loss=1.1237 train_acc=0.5936 test_loss=1.5857 test_acc=0.4244
Round 170 | selected=[35, 86, 45, 12, 49, 13, 10, 43, 32, 88]
Round 170 | train_loss=1.1731 train_acc=0.6024 test_loss=1.6255 test_acc=0.4044
Round 171 | selected=[89, 42, 46, 19, 77, 59, 44, 17, 71, 6]
Round 171 | train_loss=1.3276 train_acc=0.5372 test_loss=1.5664 test_acc=0.4162
Round 172 | selected=[35, 65, 4, 72, 29, 46, 44, 56, 61, 87]
Round 172 | train_loss=1.2154 train_acc=0.5664 test_loss=1.5586 test_acc=0.4128
Round 173 | selected=[67, 56, 34, 48, 77, 44, 16, 1, 83, 19]
Round 173 | train_loss=1.0928 train_acc=0.6196 test_loss=1.6878 test_acc=0.4051
Round 174 | selected=[41, 30, 8, 94, 74, 96, 90, 79, 61, 15]
Round 174 | train_loss=1.2964 train_acc=0.5508 test_loss=1.5697 test_acc=0.4252
Round 175 | selected=[90, 45, 16, 55, 47, 69, 9, 80, 76, 62]
Round 175 | train_loss=1.3174 train_acc=0.5360 test_loss=1.4928 test_acc=0.4418
Round 176 | selected=[68, 7, 87, 9, 48, 37, 90, 12, 67, 32]
Round 176 | train_loss=1.2772 train_acc=0.5376 test_loss=1.5446 test_acc=0.4176
Round 177 | selected=[99, 89, 94, 88, 25, 84, 97, 2, 15, 74]
Round 177 | train_loss=1.2812 train_acc=0.5590 test_loss=1.8088 test_acc=0.3226
Round 178 | selected=[93, 26, 75, 83, 25, 50, 65, 1, 96, 22]
Round 178 | train_loss=1.3265 train_acc=0.5038 test_loss=1.6290 test_acc=0.4021
Round 179 | selected=[24, 18, 13, 21, 55, 11, 73, 30, 10, 16]
Round 179 | train_loss=1.2748 train_acc=0.5490 test_loss=1.4239 test_acc=0.4635
Round 180 | selected=[88, 6, 34, 3, 1, 58, 21, 42, 47, 81]
Round 180 | train_loss=1.2327 train_acc=0.5682 test_loss=1.5000 test_acc=0.4185
Round 181 | selected=[51, 56, 29, 6, 20, 64, 75, 30, 16, 94]
Round 181 | train_loss=1.1463 train_acc=0.6066 test_loss=1.6369 test_acc=0.3865
Round 182 | selected=[1, 25, 75, 80, 95, 72, 43, 11, 24, 99]
Round 182 | train_loss=1.1827 train_acc=0.5788 test_loss=1.4971 test_acc=0.4404
Round 183 | selected=[63, 11, 60, 61, 95, 8, 32, 94, 55, 24]
Round 183 | train_loss=1.2184 train_acc=0.5672 test_loss=1.4408 test_acc=0.4672
Round 184 | selected=[39, 8, 43, 50, 12, 22, 23, 52, 75, 25]
Round 184 | train_loss=1.2094 train_acc=0.5860 test_loss=1.5592 test_acc=0.4176
Round 185 | selected=[71, 46, 83, 90, 55, 24, 8, 30, 87, 63]
Round 185 | train_loss=1.3360 train_acc=0.5298 test_loss=1.5806 test_acc=0.3848
Round 186 | selected=[67, 66, 36, 50, 78, 90, 99, 44, 33, 37]
Round 186 | train_loss=1.2341 train_acc=0.5522 test_loss=1.4958 test_acc=0.4273
Round 187 | selected=[53, 45, 0, 89, 5, 68, 18, 92, 54, 74]
Round 187 | train_loss=1.2162 train_acc=0.5642 test_loss=1.5197 test_acc=0.4516
Round 188 | selected=[7, 80, 22, 17, 66, 79, 87, 63, 33, 64]
Round 188 | train_loss=1.0613 train_acc=0.6584 test_loss=1.5974 test_acc=0.4287
Round 189 | selected=[39, 59, 66, 51, 90, 86, 31, 81, 26, 6]
Round 189 | train_loss=1.2999 train_acc=0.5596 test_loss=1.5481 test_acc=0.4180
Round 190 | selected=[97, 30, 67, 35, 51, 96, 80, 81, 44, 71]
Round 190 | train_loss=1.2086 train_acc=0.5700 test_loss=1.4719 test_acc=0.4382
Round 191 | selected=[49, 54, 28, 75, 89, 61, 77, 43, 0, 53]
Round 191 | train_loss=1.2830 train_acc=0.5526 test_loss=1.4088 test_acc=0.4695
Round 192 | selected=[48, 60, 6, 66, 29, 63, 77, 55, 2, 82]
Round 192 | train_loss=1.1297 train_acc=0.6042 test_loss=1.5715 test_acc=0.3964
Round 193 | selected=[56, 48, 24, 58, 97, 75, 60, 31, 68, 63]
Round 193 | train_loss=1.1129 train_acc=0.6070 test_loss=1.5682 test_acc=0.4238
Round 194 | selected=[67, 61, 34, 64, 91, 3, 99, 80, 32, 26]
Round 194 | train_loss=1.2536 train_acc=0.5692 test_loss=1.4273 test_acc=0.4750
Round 195 | selected=[36, 3, 1, 7, 60, 11, 19, 23, 9, 57]
Round 195 | train_loss=1.1816 train_acc=0.5916 test_loss=1.5638 test_acc=0.4344
Round 196 | selected=[63, 0, 41, 36, 78, 85, 19, 49, 13, 55]
Round 196 | train_loss=1.1599 train_acc=0.5950 test_loss=1.6284 test_acc=0.4230
Round 197 | selected=[39, 25, 22, 27, 14, 99, 73, 93, 96, 88]
Round 197 | train_loss=1.3346 train_acc=0.5022 test_loss=1.6077 test_acc=0.4296
Round 198 | selected=[42, 89, 50, 4, 56, 86, 2, 19, 67, 10]
Round 198 | train_loss=1.3857 train_acc=0.4980 test_loss=1.5960 test_acc=0.4150
Round 199 | selected=[72, 81, 34, 35, 50, 49, 55, 67, 69, 28]
Round 199 | train_loss=1.3515 train_acc=0.5480 test_loss=1.7472 test_acc=0.3851
Round 200 | selected=[65, 93, 92, 19, 98, 27, 43, 59, 56, 62]
Round 200 | train_loss=1.4196 train_acc=0.5060 test_loss=1.4619 test_acc=0.4497
Round 201 | selected=[48, 14, 1, 11, 26, 68, 8, 52, 32, 66]
Round 201 | train_loss=1.0905 train_acc=0.6184 test_loss=1.5168 test_acc=0.4497
Round 202 | selected=[22, 4, 74, 1, 76, 12, 68, 81, 5, 98]
Round 202 | train_loss=1.1822 train_acc=0.5908 test_loss=1.6891 test_acc=0.3889
Round 203 | selected=[9, 18, 69, 47, 74, 0, 88, 71, 75, 34]
Round 203 | train_loss=1.4264 train_acc=0.4932 test_loss=1.4567 test_acc=0.4532
Round 204 | selected=[45, 67, 86, 7, 8, 65, 36, 9, 46, 11]
Round 204 | train_loss=1.2761 train_acc=0.5296 test_loss=1.4616 test_acc=0.4657
Round 205 | selected=[53, 57, 76, 29, 13, 84, 98, 10, 38, 18]
Round 205 | train_loss=1.2376 train_acc=0.5848 test_loss=1.4646 test_acc=0.4655
Round 206 | selected=[59, 89, 44, 39, 58, 94, 2, 26, 81, 87]
Round 206 | train_loss=1.2510 train_acc=0.5566 test_loss=1.5935 test_acc=0.4222
Round 207 | selected=[72, 57, 60, 22, 47, 69, 21, 61, 46, 35]
Round 207 | train_loss=1.2562 train_acc=0.5774 test_loss=1.5599 test_acc=0.4158
Round 208 | selected=[86, 88, 12, 90, 15, 13, 10, 5, 54, 29]
Round 208 | train_loss=1.3613 train_acc=0.5258 test_loss=1.4400 test_acc=0.4631
Round 209 | selected=[42, 19, 53, 43, 77, 70, 7, 94, 87, 15]
Round 209 | train_loss=1.3090 train_acc=0.5252 test_loss=1.3027 test_acc=0.5163
Round 210 | selected=[30, 7, 46, 85, 87, 40, 63, 12, 15, 16]
Round 210 | train_loss=1.1573 train_acc=0.5994 test_loss=1.3507 test_acc=0.5075
Round 211 | selected=[3, 5, 70, 7, 60, 24, 51, 4, 35, 21]
Round 211 | train_loss=1.1607 train_acc=0.6016 test_loss=1.3308 test_acc=0.5101
Round 212 | selected=[0, 36, 46, 44, 88, 11, 83, 15, 77, 50]
Round 212 | train_loss=1.0897 train_acc=0.6284 test_loss=1.4324 test_acc=0.4772
Round 213 | selected=[42, 58, 19, 39, 49, 53, 83, 23, 25, 7]
Round 213 | train_loss=1.1282 train_acc=0.6008 test_loss=1.5969 test_acc=0.4362
Round 214 | selected=[36, 55, 29, 12, 88, 44, 63, 57, 69, 50]
Round 214 | train_loss=1.1329 train_acc=0.6102 test_loss=1.4901 test_acc=0.4534
Round 215 | selected=[63, 89, 71, 37, 59, 88, 69, 93, 95, 72]
Round 215 | train_loss=1.1710 train_acc=0.5812 test_loss=1.3580 test_acc=0.4982
Round 216 | selected=[28, 18, 95, 50, 14, 17, 24, 92, 73, 49]
Round 216 | train_loss=1.0877 train_acc=0.6254 test_loss=1.4086 test_acc=0.4674
Round 217 | selected=[69, 46, 18, 26, 39, 6, 70, 22, 83, 11]
Round 217 | train_loss=1.1383 train_acc=0.5978 test_loss=1.2948 test_acc=0.5053
Round 218 | selected=[59, 16, 4, 83, 18, 63, 36, 11, 1, 85]
Round 218 | train_loss=1.0071 train_acc=0.6676 test_loss=1.3041 test_acc=0.5074
Round 219 | selected=[3, 63, 98, 99, 81, 93, 74, 25, 47, 28]
Round 219 | train_loss=1.0913 train_acc=0.6264 test_loss=1.3574 test_acc=0.4917
Round 220 | selected=[92, 14, 37, 19, 8, 36, 9, 65, 58, 10]
Round 220 | train_loss=1.1634 train_acc=0.5794 test_loss=1.3465 test_acc=0.4886
Round 221 | selected=[54, 60, 8, 71, 75, 43, 19, 81, 64, 58]
Round 221 | train_loss=1.1023 train_acc=0.6204 test_loss=1.3536 test_acc=0.5077
Round 222 | selected=[11, 84, 10, 39, 0, 36, 58, 92, 77, 66]
Round 222 | train_loss=1.0641 train_acc=0.6428 test_loss=1.3621 test_acc=0.4973
Round 223 | selected=[51, 75, 84, 87, 77, 31, 54, 38, 15, 29]
Round 223 | train_loss=1.0921 train_acc=0.6164 test_loss=1.3296 test_acc=0.5170
Round 224 | selected=[42, 54, 89, 3, 32, 49, 12, 61, 82, 68]
Round 224 | train_loss=1.0563 train_acc=0.6346 test_loss=1.3576 test_acc=0.5243
Round 225 | selected=[26, 79, 18, 19, 38, 89, 53, 86, 29, 51]
Round 225 | train_loss=1.2972 train_acc=0.5696 test_loss=1.4482 test_acc=0.4870
Round 226 | selected=[51, 18, 99, 33, 28, 72, 34, 27, 26, 75]
Round 226 | train_loss=1.0365 train_acc=0.6478 test_loss=1.5278 test_acc=0.4504
Round 227 | selected=[24, 37, 5, 23, 38, 6, 78, 80, 66, 0]
Round 227 | train_loss=1.0622 train_acc=0.6246 test_loss=1.4174 test_acc=0.4274
Round 228 | selected=[72, 37, 51, 6, 63, 90, 49, 22, 56, 92]
Round 228 | train_loss=1.1186 train_acc=0.5794 test_loss=1.4232 test_acc=0.4574
Round 229 | selected=[27, 34, 70, 12, 99, 76, 48, 98, 26, 42]
Round 229 | train_loss=1.0967 train_acc=0.6110 test_loss=1.3902 test_acc=0.4794
Round 230 | selected=[22, 92, 19, 6, 28, 78, 98, 43, 83, 74]
Round 230 | train_loss=1.1378 train_acc=0.5992 test_loss=1.3099 test_acc=0.5076
Round 231 | selected=[71, 16, 18, 51, 63, 39, 86, 15, 25, 45]
Round 231 | train_loss=1.1005 train_acc=0.6100 test_loss=1.2817 test_acc=0.5242
Round 232 | selected=[56, 66, 7, 43, 6, 84, 24, 60, 0, 15]
Round 232 | train_loss=0.9986 train_acc=0.6590 test_loss=1.2957 test_acc=0.5292
Round 233 | selected=[51, 58, 46, 86, 28, 47, 32, 92, 64, 56]
Round 233 | train_loss=1.0422 train_acc=0.6448 test_loss=1.2946 test_acc=0.5266
Round 234 | selected=[34, 87, 21, 85, 8, 32, 43, 73, 55, 74]
Round 234 | train_loss=1.0707 train_acc=0.6146 test_loss=1.3005 test_acc=0.5212
Round 235 | selected=[63, 38, 29, 96, 51, 94, 16, 25, 30, 36]
Round 235 | train_loss=1.0699 train_acc=0.6222 test_loss=1.4322 test_acc=0.4634
Round 236 | selected=[29, 97, 82, 88, 15, 98, 0, 95, 67, 41]
Round 236 | train_loss=1.2104 train_acc=0.5678 test_loss=1.4072 test_acc=0.4743
Round 237 | selected=[2, 43, 91, 7, 80, 51, 82, 78, 92, 76]
Round 237 | train_loss=1.1565 train_acc=0.5752 test_loss=1.2027 test_acc=0.5626
Round 238 | selected=[31, 43, 0, 6, 21, 47, 57, 88, 83, 25]
Round 238 | train_loss=1.0142 train_acc=0.6514 test_loss=1.2243 test_acc=0.5476
Round 239 | selected=[82, 33, 25, 68, 10, 87, 62, 56, 81, 23]
Round 239 | train_loss=1.1190 train_acc=0.6056 test_loss=1.2622 test_acc=0.5426
Round 240 | selected=[51, 69, 73, 10, 67, 24, 50, 41, 43, 58]
Round 240 | train_loss=0.8971 train_acc=0.6950 test_loss=1.2757 test_acc=0.5577
Round 241 | selected=[4, 49, 89, 19, 29, 9, 45, 22, 0, 18]
Round 241 | train_loss=1.1725 train_acc=0.5992 test_loss=1.1745 test_acc=0.5776
Round 242 | selected=[88, 17, 67, 51, 56, 49, 59, 14, 10, 45]
Round 242 | train_loss=0.9312 train_acc=0.6868 test_loss=1.2679 test_acc=0.5319
Round 243 | selected=[75, 16, 36, 70, 17, 5, 53, 14, 47, 66]
Round 243 | train_loss=0.8956 train_acc=0.6948 test_loss=1.6466 test_acc=0.4093
Round 244 | selected=[8, 40, 45, 53, 32, 55, 25, 12, 87, 91]
Round 244 | train_loss=1.1900 train_acc=0.5880 test_loss=1.7024 test_acc=0.4158
Round 245 | selected=[56, 87, 80, 82, 68, 75, 2, 53, 64, 6]
Round 245 | train_loss=1.1947 train_acc=0.5746 test_loss=1.5590 test_acc=0.4494
Round 246 | selected=[55, 95, 57, 32, 33, 35, 96, 0, 5, 50]
Round 246 | train_loss=1.1155 train_acc=0.6236 test_loss=1.4859 test_acc=0.4806
Round 247 | selected=[89, 42, 97, 18, 61, 10, 12, 80, 77, 4]
Round 247 | train_loss=1.1923 train_acc=0.5830 test_loss=1.3295 test_acc=0.5004
Round 248 | selected=[31, 76, 62, 86, 32, 20, 71, 72, 5, 21]
Round 248 | train_loss=1.0762 train_acc=0.6248 test_loss=1.3577 test_acc=0.5125
Round 249 | selected=[27, 75, 3, 19, 92, 94, 41, 7, 24, 32]
Round 249 | train_loss=1.1104 train_acc=0.6142 test_loss=1.3557 test_acc=0.5163
Round 250 | selected=[87, 36, 46, 53, 56, 34, 17, 33, 25, 49]
Round 250 | train_loss=1.2383 train_acc=0.5456 test_loss=1.3328 test_acc=0.5248
Round 251 | selected=[5, 53, 59, 49, 78, 71, 4, 70, 66, 76]
Round 251 | train_loss=1.0647 train_acc=0.6294 test_loss=1.3898 test_acc=0.5054
Round 252 | selected=[77, 33, 1, 71, 67, 70, 22, 75, 27, 48]
Round 252 | train_loss=1.0822 train_acc=0.6258 test_loss=1.3003 test_acc=0.5046
Round 253 | selected=[32, 63, 85, 55, 47, 93, 15, 46, 2, 13]
Round 253 | train_loss=1.0579 train_acc=0.6546 test_loss=1.2789 test_acc=0.5075
Round 254 | selected=[35, 38, 68, 58, 91, 59, 82, 69, 75, 81]
Round 254 | train_loss=1.1492 train_acc=0.6000 test_loss=1.2823 test_acc=0.5167
Round 255 | selected=[37, 30, 71, 7, 40, 60, 64, 74, 72, 79]
Round 255 | train_loss=1.1628 train_acc=0.5886 test_loss=1.2092 test_acc=0.5575
Round 256 | selected=[91, 66, 73, 33, 84, 22, 99, 32, 75, 1]
Round 256 | train_loss=0.8901 train_acc=0.7070 test_loss=1.2423 test_acc=0.5406
Round 257 | selected=[23, 36, 53, 18, 33, 70, 9, 80, 96, 20]
Round 257 | train_loss=1.0803 train_acc=0.6260 test_loss=1.2169 test_acc=0.5530
Round 258 | selected=[33, 47, 48, 59, 76, 8, 17, 45, 81, 23]
Round 258 | train_loss=0.9835 train_acc=0.6590 test_loss=1.2360 test_acc=0.5440
Round 259 | selected=[95, 97, 84, 45, 26, 53, 65, 92, 5, 60]
Round 259 | train_loss=1.0136 train_acc=0.6388 test_loss=1.2345 test_acc=0.5524
Round 260 | selected=[46, 69, 36, 77, 30, 71, 72, 81, 43, 27]
Round 260 | train_loss=1.0445 train_acc=0.6372 test_loss=1.1830 test_acc=0.5756
Round 261 | selected=[0, 18, 32, 17, 80, 3, 23, 58, 73, 19]
Round 261 | train_loss=0.9020 train_acc=0.7000 test_loss=1.2188 test_acc=0.5579
Round 262 | selected=[80, 30, 37, 28, 68, 96, 18, 57, 97, 27]
Round 262 | train_loss=1.0332 train_acc=0.6370 test_loss=1.2525 test_acc=0.5490
Round 263 | selected=[3, 46, 10, 17, 24, 66, 75, 36, 62, 14]
Round 263 | train_loss=0.8810 train_acc=0.6980 test_loss=1.1479 test_acc=0.5696
Round 264 | selected=[11, 56, 23, 12, 73, 55, 41, 75, 92, 64]
Round 264 | train_loss=0.8865 train_acc=0.6894 test_loss=1.2095 test_acc=0.5576
Round 265 | selected=[19, 93, 29, 59, 50, 24, 96, 75, 16, 23]
Round 265 | train_loss=0.8012 train_acc=0.7324 test_loss=1.2224 test_acc=0.5353
Round 266 | selected=[66, 62, 0, 92, 56, 22, 67, 91, 88, 34]
Round 266 | train_loss=0.9330 train_acc=0.6714 test_loss=1.1350 test_acc=0.5672
Round 267 | selected=[40, 31, 96, 76, 72, 0, 54, 69, 52, 29]
Round 267 | train_loss=0.9436 train_acc=0.6732 test_loss=1.1654 test_acc=0.5727
Round 268 | selected=[25, 58, 64, 4, 97, 83, 17, 78, 50, 77]
Round 268 | train_loss=0.9179 train_acc=0.6888 test_loss=1.1801 test_acc=0.5707
Round 269 | selected=[20, 30, 81, 11, 76, 77, 49, 88, 75, 23]
Round 269 | train_loss=0.7521 train_acc=0.7446 test_loss=1.1853 test_acc=0.5628
Round 270 | selected=[81, 92, 39, 1, 62, 28, 19, 91, 80, 69]
Round 270 | train_loss=0.9502 train_acc=0.6570 test_loss=1.1580 test_acc=0.5756
Round 271 | selected=[61, 17, 39, 59, 67, 57, 81, 66, 29, 28]
Round 271 | train_loss=0.9136 train_acc=0.6926 test_loss=1.1108 test_acc=0.5919
Round 272 | selected=[63, 42, 80, 78, 36, 83, 17, 84, 43, 93]
Round 272 | train_loss=0.8168 train_acc=0.7254 test_loss=1.2067 test_acc=0.5430
Round 273 | selected=[16, 69, 98, 24, 35, 13, 56, 10, 55, 65]
Round 273 | train_loss=0.8151 train_acc=0.7244 test_loss=1.3100 test_acc=0.5371
Round 274 | selected=[35, 86, 50, 82, 5, 47, 63, 91, 11, 19]
Round 274 | train_loss=0.9222 train_acc=0.6906 test_loss=1.1047 test_acc=0.5898
Round 275 | selected=[2, 12, 33, 17, 1, 62, 47, 6, 58, 91]
Round 275 | train_loss=0.8027 train_acc=0.7210 test_loss=1.1791 test_acc=0.5596
Round 276 | selected=[86, 31, 87, 77, 78, 83, 14, 91, 62, 38]
Round 276 | train_loss=0.8916 train_acc=0.6912 test_loss=1.2173 test_acc=0.5563
Round 277 | selected=[6, 13, 27, 15, 78, 16, 89, 21, 69, 68]
Round 277 | train_loss=0.9280 train_acc=0.6796 test_loss=1.2373 test_acc=0.5490
Round 278 | selected=[30, 68, 21, 98, 81, 52, 61, 78, 95, 48]
Round 278 | train_loss=0.9189 train_acc=0.6796 test_loss=1.3621 test_acc=0.5200
Round 279 | selected=[67, 93, 74, 79, 3, 89, 17, 33, 85, 70]
Round 279 | train_loss=0.9301 train_acc=0.6680 test_loss=1.3327 test_acc=0.5372
Round 280 | selected=[82, 22, 0, 83, 76, 52, 53, 27, 69, 65]
Round 280 | train_loss=0.9575 train_acc=0.6706 test_loss=1.2831 test_acc=0.5388
Round 281 | selected=[42, 73, 78, 93, 48, 84, 26, 19, 17, 7]
Round 281 | train_loss=0.8482 train_acc=0.6972 test_loss=1.2695 test_acc=0.5653
Round 282 | selected=[16, 0, 87, 31, 62, 74, 50, 48, 10, 54]
Round 282 | train_loss=0.7692 train_acc=0.7284 test_loss=1.2523 test_acc=0.5908
Round 283 | selected=[31, 89, 64, 51, 1, 68, 61, 23, 91, 2]
Round 283 | train_loss=0.9964 train_acc=0.6664 test_loss=1.2261 test_acc=0.5834
Round 284 | selected=[29, 54, 23, 66, 36, 20, 24, 63, 47, 95]
Round 284 | train_loss=0.8097 train_acc=0.7304 test_loss=1.1919 test_acc=0.5615
Round 285 | selected=[19, 33, 55, 93, 21, 39, 59, 4, 84, 29]
Round 285 | train_loss=1.0074 train_acc=0.6530 test_loss=1.3676 test_acc=0.5208
Round 286 | selected=[27, 98, 60, 85, 11, 62, 44, 65, 22, 36]
Round 286 | train_loss=0.8507 train_acc=0.7092 test_loss=1.5602 test_acc=0.4178
Round 287 | selected=[1, 90, 38, 54, 53, 4, 42, 60, 6, 30]
Round 287 | train_loss=1.0029 train_acc=0.6330 test_loss=1.3858 test_acc=0.4692
Round 288 | selected=[97, 71, 60, 27, 90, 22, 58, 0, 3, 11]
Round 288 | train_loss=0.9371 train_acc=0.6660 test_loss=1.1817 test_acc=0.5574
Round 289 | selected=[1, 14, 13, 85, 0, 64, 95, 61, 19, 84]
Round 289 | train_loss=0.9031 train_acc=0.6914 test_loss=1.0729 test_acc=0.6054
Round 290 | selected=[84, 79, 54, 32, 2, 86, 67, 56, 19, 39]
Round 290 | train_loss=0.9345 train_acc=0.6718 test_loss=1.6175 test_acc=0.4486
Round 291 | selected=[72, 98, 30, 21, 75, 54, 77, 79, 32, 45]
Round 291 | train_loss=0.8665 train_acc=0.7010 test_loss=2.0052 test_acc=0.3850
Round 292 | selected=[9, 88, 5, 27, 42, 69, 70, 10, 31, 7]
Round 292 | train_loss=1.2289 train_acc=0.5758 test_loss=1.1450 test_acc=0.5711
Round 293 | selected=[61, 97, 34, 23, 62, 20, 42, 41, 72, 51]
Round 293 | train_loss=0.7745 train_acc=0.7332 test_loss=1.5093 test_acc=0.4875
Round 294 | selected=[25, 34, 3, 1, 19, 97, 84, 65, 90, 58]
Round 294 | train_loss=0.8787 train_acc=0.6950 test_loss=1.6529 test_acc=0.4380
Round 295 | selected=[97, 83, 12, 47, 82, 49, 58, 34, 37, 94]
Round 295 | train_loss=0.9797 train_acc=0.6722 test_loss=1.2607 test_acc=0.5308
Round 296 | selected=[79, 20, 3, 49, 4, 82, 75, 83, 57, 64]
Round 296 | train_loss=0.7961 train_acc=0.7336 test_loss=1.4660 test_acc=0.5001
Round 297 | selected=[26, 85, 13, 95, 36, 96, 12, 70, 91, 24]
Round 297 | train_loss=0.9792 train_acc=0.6684 test_loss=1.8060 test_acc=0.4159
Round 298 | selected=[25, 99, 43, 49, 78, 12, 51, 18, 75, 8]
Round 298 | train_loss=1.0776 train_acc=0.6196 test_loss=1.3939 test_acc=0.4928
Round 299 | selected=[97, 28, 49, 67, 30, 54, 16, 21, 33, 76]
Round 299 | train_loss=0.9114 train_acc=0.6728 test_loss=1.2816 test_acc=0.5275
Round 300 | selected=[13, 65, 5, 92, 95, 60, 26, 39, 78, 66]
Round 300 | train_loss=0.9249 train_acc=0.6740 test_loss=1.2588 test_acc=0.5108
Round 301 | selected=[9, 7, 93, 98, 56, 68, 45, 54, 61, 55]
Round 301 | train_loss=1.0125 train_acc=0.6406 test_loss=1.2297 test_acc=0.5372
Round 302 | selected=[70, 15, 24, 86, 52, 20, 89, 39, 26, 29]
Round 302 | train_loss=0.9650 train_acc=0.6644 test_loss=1.3194 test_acc=0.5135
Round 303 | selected=[88, 70, 93, 14, 40, 54, 38, 11, 83, 68]
Round 303 | train_loss=0.9379 train_acc=0.6612 test_loss=1.3224 test_acc=0.5443
Round 304 | selected=[32, 7, 18, 89, 71, 28, 47, 27, 8, 11]
Round 304 | train_loss=0.9558 train_acc=0.6672 test_loss=1.4102 test_acc=0.5195
Round 305 | selected=[45, 20, 3, 79, 63, 59, 56, 57, 16, 51]
Round 305 | train_loss=0.9621 train_acc=0.6722 test_loss=1.3536 test_acc=0.4956
Round 306 | selected=[64, 86, 36, 51, 71, 58, 67, 68, 83, 11]
Round 306 | train_loss=0.9081 train_acc=0.6738 test_loss=1.2569 test_acc=0.5179
Round 307 | selected=[15, 75, 99, 73, 85, 98, 49, 83, 93, 23]
Round 307 | train_loss=0.7941 train_acc=0.7298 test_loss=1.2750 test_acc=0.5441
Round 308 | selected=[69, 28, 30, 84, 15, 86, 87, 7, 36, 59]
Round 308 | train_loss=1.0319 train_acc=0.6502 test_loss=1.2301 test_acc=0.5634
Round 309 | selected=[16, 19, 85, 9, 34, 64, 66, 25, 35, 86]
Round 309 | train_loss=0.9333 train_acc=0.6796 test_loss=1.1695 test_acc=0.5643
Round 310 | selected=[93, 20, 90, 69, 28, 18, 52, 15, 19, 3]
Round 310 | train_loss=0.9574 train_acc=0.6682 test_loss=1.0854 test_acc=0.6063
Round 311 | selected=[34, 77, 19, 88, 85, 9, 45, 5, 20, 39]
Round 311 | train_loss=0.8218 train_acc=0.7274 test_loss=1.2525 test_acc=0.5441
Round 312 | selected=[5, 14, 60, 30, 49, 71, 87, 35, 39, 80]
Round 312 | train_loss=0.8500 train_acc=0.7016 test_loss=1.3064 test_acc=0.5190
Round 313 | selected=[63, 69, 41, 25, 81, 3, 68, 49, 34, 89]
Round 313 | train_loss=0.8969 train_acc=0.6814 test_loss=1.2635 test_acc=0.5259
Round 314 | selected=[82, 39, 65, 22, 38, 51, 36, 50, 10, 75]
Round 314 | train_loss=0.8624 train_acc=0.6918 test_loss=1.1128 test_acc=0.5918
Round 315 | selected=[63, 38, 85, 47, 55, 86, 4, 44, 76, 36]
Round 315 | train_loss=0.8910 train_acc=0.7016 test_loss=1.0922 test_acc=0.5963
Round 316 | selected=[67, 32, 53, 11, 61, 28, 62, 44, 98, 43]
Round 316 | train_loss=0.8076 train_acc=0.7144 test_loss=1.1289 test_acc=0.5766
Round 317 | selected=[54, 42, 31, 56, 37, 38, 4, 26, 55, 47]
Round 317 | train_loss=0.8341 train_acc=0.7108 test_loss=1.1939 test_acc=0.5475
Round 318 | selected=[77, 24, 38, 71, 6, 43, 79, 12, 84, 69]
Round 318 | train_loss=0.8457 train_acc=0.6890 test_loss=1.2333 test_acc=0.5481
Round 319 | selected=[22, 47, 46, 87, 35, 90, 2, 33, 53, 99]
Round 319 | train_loss=1.0163 train_acc=0.6280 test_loss=1.1289 test_acc=0.5916
Round 320 | selected=[94, 86, 38, 85, 83, 29, 68, 97, 92, 55]
Round 320 | train_loss=0.8377 train_acc=0.7110 test_loss=1.2173 test_acc=0.5412
Round 321 | selected=[33, 52, 40, 54, 43, 85, 97, 59, 83, 71]
Round 321 | train_loss=0.8446 train_acc=0.6938 test_loss=1.2129 test_acc=0.5740
Round 322 | selected=[39, 18, 9, 77, 71, 38, 99, 74, 25, 52]
Round 322 | train_loss=0.9192 train_acc=0.6850 test_loss=1.2073 test_acc=0.5684
Round 323 | selected=[85, 22, 13, 49, 88, 7, 98, 16, 56, 24]
Round 323 | train_loss=0.6985 train_acc=0.7626 test_loss=1.1280 test_acc=0.5897
Round 324 | selected=[43, 83, 24, 21, 97, 76, 30, 84, 75, 82]
Round 324 | train_loss=0.7662 train_acc=0.7358 test_loss=1.0173 test_acc=0.6306
Round 325 | selected=[69, 34, 42, 37, 92, 81, 17, 60, 88, 16]
Round 325 | train_loss=0.7767 train_acc=0.7296 test_loss=1.1247 test_acc=0.5859
Round 326 | selected=[27, 7, 8, 71, 40, 1, 86, 12, 4, 44]
Round 326 | train_loss=0.8568 train_acc=0.6958 test_loss=1.2364 test_acc=0.5414
Round 327 | selected=[85, 99, 68, 3, 9, 72, 57, 36, 82, 47]
Round 327 | train_loss=0.9148 train_acc=0.6708 test_loss=1.1741 test_acc=0.5599
Round 328 | selected=[87, 32, 37, 52, 27, 54, 45, 80, 57, 73]
Round 328 | train_loss=0.8245 train_acc=0.7130 test_loss=1.1438 test_acc=0.5746
Round 329 | selected=[73, 13, 77, 46, 64, 91, 33, 36, 62, 15]
Round 329 | train_loss=0.7518 train_acc=0.7428 test_loss=1.1841 test_acc=0.5476
Round 330 | selected=[3, 79, 26, 43, 96, 6, 54, 45, 85, 59]
Round 330 | train_loss=0.7885 train_acc=0.7254 test_loss=1.1327 test_acc=0.5867
Round 331 | selected=[0, 29, 41, 44, 7, 51, 23, 84, 33, 43]
Round 331 | train_loss=0.7293 train_acc=0.7544 test_loss=1.1346 test_acc=0.5793
Round 332 | selected=[7, 27, 68, 57, 83, 43, 42, 25, 3, 17]
Round 332 | train_loss=0.7806 train_acc=0.7186 test_loss=1.0800 test_acc=0.5935
Round 333 | selected=[73, 8, 34, 79, 81, 70, 94, 5, 74, 98]
Round 333 | train_loss=0.7298 train_acc=0.7380 test_loss=1.0241 test_acc=0.6258
Round 334 | selected=[16, 75, 82, 12, 48, 57, 97, 34, 24, 36]
Round 334 | train_loss=0.6592 train_acc=0.7640 test_loss=1.0678 test_acc=0.6160
Round 335 | selected=[61, 68, 64, 45, 47, 90, 74, 31, 93, 16]
Round 335 | train_loss=0.7168 train_acc=0.7612 test_loss=1.2063 test_acc=0.5747
Round 336 | selected=[43, 53, 1, 92, 73, 15, 94, 87, 52, 41]
Round 336 | train_loss=0.8206 train_acc=0.7098 test_loss=1.0406 test_acc=0.6222
Round 337 | selected=[34, 58, 25, 90, 72, 1, 88, 28, 52, 96]
Round 337 | train_loss=0.8145 train_acc=0.7122 test_loss=1.0774 test_acc=0.5992
Round 338 | selected=[67, 52, 69, 46, 25, 55, 29, 68, 56, 64]
Round 338 | train_loss=0.8068 train_acc=0.7220 test_loss=1.2202 test_acc=0.5680
Round 339 | selected=[82, 52, 80, 63, 25, 12, 21, 73, 6, 33]
Round 339 | train_loss=0.8209 train_acc=0.7182 test_loss=1.1301 test_acc=0.5980
Round 340 | selected=[6, 82, 4, 28, 13, 10, 23, 5, 63, 55]
Round 340 | train_loss=0.7082 train_acc=0.7574 test_loss=1.0513 test_acc=0.6159
Round 341 | selected=[98, 40, 29, 90, 12, 94, 66, 88, 34, 42]
Round 341 | train_loss=0.7565 train_acc=0.7372 test_loss=0.9794 test_acc=0.6448
Round 342 | selected=[26, 41, 31, 47, 13, 78, 86, 33, 82, 10]
Round 342 | train_loss=0.7158 train_acc=0.7616 test_loss=0.9921 test_acc=0.6382
Round 343 | selected=[3, 73, 48, 97, 53, 0, 6, 34, 87, 44]
Round 343 | train_loss=0.8189 train_acc=0.7096 test_loss=1.0000 test_acc=0.6297
Round 344 | selected=[61, 26, 12, 8, 23, 84, 73, 4, 79, 77]
Round 344 | train_loss=0.7370 train_acc=0.7510 test_loss=1.1705 test_acc=0.5821
Round 345 | selected=[22, 13, 98, 18, 34, 76, 24, 52, 0, 78]
Round 345 | train_loss=0.7527 train_acc=0.7458 test_loss=1.1564 test_acc=0.5800
Round 346 | selected=[15, 91, 94, 56, 43, 58, 63, 69, 93, 47]
Round 346 | train_loss=0.7846 train_acc=0.7240 test_loss=1.0029 test_acc=0.6473
Round 347 | selected=[92, 49, 52, 29, 54, 0, 51, 42, 64, 82]
Round 347 | train_loss=0.7530 train_acc=0.7350 test_loss=1.0256 test_acc=0.6351
Round 348 | selected=[74, 28, 96, 92, 39, 64, 88, 80, 22, 25]
Round 348 | train_loss=1.0576 train_acc=0.6370 test_loss=1.0616 test_acc=0.5999
Round 349 | selected=[60, 54, 20, 21, 67, 98, 39, 52, 90, 59]
Round 349 | train_loss=0.8221 train_acc=0.7164 test_loss=1.3411 test_acc=0.5039
Round 350 | selected=[3, 53, 84, 93, 81, 50, 19, 1, 10, 89]
Round 350 | train_loss=0.9234 train_acc=0.6708 test_loss=1.2687 test_acc=0.5504
Round 351 | selected=[96, 5, 88, 48, 9, 60, 12, 65, 83, 22]
Round 351 | train_loss=0.8619 train_acc=0.6904 test_loss=0.9742 test_acc=0.6574
Round 352 | selected=[85, 43, 42, 29, 38, 46, 86, 12, 62, 51]
Round 352 | train_loss=0.7108 train_acc=0.7608 test_loss=0.9981 test_acc=0.6411
Round 353 | selected=[88, 58, 25, 67, 31, 28, 97, 15, 53, 8]
Round 353 | train_loss=0.9134 train_acc=0.6728 test_loss=1.0697 test_acc=0.6194
Round 354 | selected=[16, 14, 4, 49, 89, 11, 83, 42, 80, 95]
Round 354 | train_loss=0.7104 train_acc=0.7600 test_loss=1.0420 test_acc=0.6333
Round 355 | selected=[18, 58, 73, 34, 54, 2, 23, 69, 95, 61]
Round 355 | train_loss=0.7380 train_acc=0.7500 test_loss=1.0085 test_acc=0.6331
Round 356 | selected=[98, 64, 16, 20, 66, 76, 32, 91, 96, 9]
Round 356 | train_loss=0.7724 train_acc=0.7310 test_loss=1.0532 test_acc=0.6085
Round 357 | selected=[67, 29, 4, 11, 85, 87, 3, 30, 39, 45]
Round 357 | train_loss=0.8428 train_acc=0.7030 test_loss=1.0297 test_acc=0.6245
Round 358 | selected=[85, 75, 33, 64, 55, 50, 47, 26, 4, 67]
Round 358 | train_loss=0.7047 train_acc=0.7674 test_loss=1.0318 test_acc=0.6092
Round 359 | selected=[48, 62, 58, 3, 57, 95, 45, 26, 94, 29]
Round 359 | train_loss=0.7378 train_acc=0.7400 test_loss=1.1423 test_acc=0.5717
Round 360 | selected=[68, 86, 88, 57, 67, 30, 45, 41, 47, 95]
Round 360 | train_loss=0.8562 train_acc=0.6814 test_loss=1.1705 test_acc=0.5833
Round 361 | selected=[3, 20, 87, 48, 80, 71, 97, 8, 98, 18]
Round 361 | train_loss=0.9685 train_acc=0.6744 test_loss=1.0587 test_acc=0.6286
Round 362 | selected=[74, 49, 41, 88, 4, 19, 98, 46, 6, 90]
Round 362 | train_loss=0.7645 train_acc=0.7336 test_loss=1.1346 test_acc=0.5958
Round 363 | selected=[57, 35, 8, 59, 94, 49, 83, 23, 95, 85]
Round 363 | train_loss=0.7134 train_acc=0.7432 test_loss=1.2911 test_acc=0.5504
Round 364 | selected=[43, 77, 30, 89, 32, 61, 10, 82, 56, 54]
Round 364 | train_loss=0.7449 train_acc=0.7364 test_loss=1.3732 test_acc=0.5206
Round 365 | selected=[40, 55, 48, 89, 88, 49, 24, 28, 83, 75]
Round 365 | train_loss=0.8890 train_acc=0.6732 test_loss=1.2005 test_acc=0.5726
Round 366 | selected=[96, 72, 92, 13, 17, 15, 26, 41, 65, 78]
Round 366 | train_loss=0.8387 train_acc=0.7028 test_loss=0.9681 test_acc=0.6526
Round 367 | selected=[43, 47, 20, 3, 31, 81, 45, 68, 17, 82]
Round 367 | train_loss=0.7718 train_acc=0.7362 test_loss=0.9845 test_acc=0.6368
Round 368 | selected=[22, 19, 87, 79, 94, 91, 69, 17, 48, 49]
Round 368 | train_loss=0.7592 train_acc=0.7390 test_loss=1.0531 test_acc=0.6080
Round 369 | selected=[62, 7, 25, 85, 66, 38, 18, 50, 56, 37]
Round 369 | train_loss=0.7771 train_acc=0.7346 test_loss=1.0935 test_acc=0.6012
Round 370 | selected=[39, 24, 42, 3, 10, 75, 59, 49, 55, 46]
Round 370 | train_loss=0.6743 train_acc=0.7650 test_loss=1.0842 test_acc=0.6099
Round 371 | selected=[91, 8, 74, 84, 76, 82, 35, 42, 86, 59]
Round 371 | train_loss=1.0397 train_acc=0.6430 test_loss=0.9879 test_acc=0.6483
Round 372 | selected=[9, 79, 77, 68, 21, 63, 5, 53, 36, 86]
Round 372 | train_loss=0.7767 train_acc=0.7400 test_loss=0.9905 test_acc=0.6441
Round 373 | selected=[52, 33, 72, 14, 81, 77, 3, 61, 46, 76]
Round 373 | train_loss=0.7590 train_acc=0.7368 test_loss=1.1136 test_acc=0.5906
Round 374 | selected=[18, 57, 98, 58, 43, 87, 97, 64, 10, 22]
Round 374 | train_loss=0.7516 train_acc=0.7358 test_loss=1.1833 test_acc=0.5719
Round 375 | selected=[52, 94, 14, 5, 23, 38, 46, 16, 1, 17]
Round 375 | train_loss=0.6452 train_acc=0.7720 test_loss=1.0335 test_acc=0.6348
Round 376 | selected=[3, 76, 12, 15, 39, 7, 95, 54, 17, 88]
Round 376 | train_loss=0.7702 train_acc=0.7276 test_loss=0.9353 test_acc=0.6644
Round 377 | selected=[22, 46, 90, 2, 76, 36, 48, 23, 4, 42]
Round 377 | train_loss=0.7119 train_acc=0.7510 test_loss=0.9055 test_acc=0.6733
Round 378 | selected=[87, 45, 21, 19, 36, 4, 3, 1, 65, 86]
Round 378 | train_loss=0.7054 train_acc=0.7562 test_loss=0.9370 test_acc=0.6690
Round 379 | selected=[38, 83, 44, 5, 54, 85, 43, 86, 60, 68]
Round 379 | train_loss=0.6472 train_acc=0.7862 test_loss=0.9587 test_acc=0.6551
Round 380 | selected=[92, 42, 35, 15, 21, 37, 72, 4, 54, 51]
Round 380 | train_loss=0.7254 train_acc=0.7452 test_loss=0.9737 test_acc=0.6485
Round 381 | selected=[44, 82, 22, 37, 83, 55, 41, 20, 69, 56]
Round 381 | train_loss=0.6540 train_acc=0.7816 test_loss=0.9199 test_acc=0.6754
Round 382 | selected=[17, 69, 96, 11, 2, 86, 6, 77, 97, 56]
Round 382 | train_loss=0.7156 train_acc=0.7602 test_loss=0.9018 test_acc=0.6765
Round 383 | selected=[82, 27, 14, 71, 21, 94, 91, 45, 1, 77]
Round 383 | train_loss=0.7002 train_acc=0.7510 test_loss=0.9590 test_acc=0.6573
Round 384 | selected=[4, 6, 87, 81, 27, 51, 84, 7, 50, 82]
Round 384 | train_loss=0.6064 train_acc=0.7906 test_loss=0.9219 test_acc=0.6684
Round 385 | selected=[42, 51, 38, 98, 72, 3, 57, 0, 48, 13]
Round 385 | train_loss=0.5539 train_acc=0.8090 test_loss=0.9415 test_acc=0.6629
Round 386 | selected=[44, 3, 90, 56, 95, 66, 51, 54, 38, 60]
Round 386 | train_loss=0.5903 train_acc=0.7980 test_loss=1.0506 test_acc=0.6255
Round 387 | selected=[32, 61, 24, 5, 72, 51, 40, 73, 93, 18]
Round 387 | train_loss=0.5604 train_acc=0.8040 test_loss=1.0469 test_acc=0.6324
Round 388 | selected=[25, 47, 98, 42, 31, 81, 84, 57, 24, 62]
Round 388 | train_loss=0.5906 train_acc=0.7950 test_loss=0.8738 test_acc=0.6848
Round 389 | selected=[28, 16, 86, 62, 51, 35, 9, 37, 44, 57]
Round 389 | train_loss=0.6142 train_acc=0.7878 test_loss=1.0010 test_acc=0.6317
Round 390 | selected=[36, 37, 98, 66, 85, 38, 74, 52, 92, 87]
Round 390 | train_loss=0.6569 train_acc=0.7758 test_loss=1.1499 test_acc=0.5794
Round 391 | selected=[3, 77, 64, 49, 19, 55, 18, 68, 12, 35]
Round 391 | train_loss=0.6126 train_acc=0.7892 test_loss=1.1549 test_acc=0.5785
Round 392 | selected=[39, 51, 60, 72, 61, 38, 23, 4, 55, 88]
Round 392 | train_loss=0.6597 train_acc=0.7652 test_loss=1.1051 test_acc=0.6094
Round 393 | selected=[8, 77, 28, 38, 56, 79, 22, 48, 69, 53]
Round 393 | train_loss=0.7053 train_acc=0.7580 test_loss=1.1142 test_acc=0.6096
Round 394 | selected=[71, 20, 10, 26, 30, 84, 9, 14, 50, 47]
Round 394 | train_loss=0.6787 train_acc=0.7658 test_loss=0.9582 test_acc=0.6583
Round 395 | selected=[35, 56, 30, 19, 36, 83, 25, 28, 16, 13]
Round 395 | train_loss=0.6199 train_acc=0.7746 test_loss=0.9086 test_acc=0.6795
Round 396 | selected=[71, 79, 49, 61, 73, 59, 60, 83, 10, 81]
Round 396 | train_loss=0.6122 train_acc=0.7972 test_loss=0.9705 test_acc=0.6582
Round 397 | selected=[30, 94, 28, 68, 57, 74, 34, 81, 86, 33]
Round 397 | train_loss=0.6238 train_acc=0.7882 test_loss=1.0061 test_acc=0.6471
Round 398 | selected=[25, 45, 51, 62, 91, 55, 12, 46, 53, 63]
Round 398 | train_loss=0.6717 train_acc=0.7614 test_loss=0.8681 test_acc=0.6837
Round 399 | selected=[48, 60, 78, 39, 75, 72, 70, 59, 19, 27]
Round 399 | train_loss=0.6057 train_acc=0.7858 test_loss=0.8736 test_acc=0.6833
Round 400 | selected=[58, 16, 89, 40, 44, 53, 79, 93, 47, 69]
Round 400 | train_loss=0.6094 train_acc=0.7936 test_loss=0.8755 test_acc=0.6918
Round 401 | selected=[30, 61, 62, 45, 76, 60, 12, 78, 55, 71]
Round 401 | train_loss=0.6103 train_acc=0.7788 test_loss=0.7909 test_acc=0.7105
Round 402 | selected=[60, 0, 12, 33, 15, 49, 13, 48, 52, 58]
Round 402 | train_loss=0.5017 train_acc=0.8296 test_loss=0.9381 test_acc=0.6704
Round 403 | selected=[57, 52, 21, 55, 96, 33, 29, 71, 84, 48]
Round 403 | train_loss=0.6258 train_acc=0.7748 test_loss=1.0987 test_acc=0.6177
Round 404 | selected=[68, 83, 92, 91, 8, 13, 10, 25, 66, 53]
Round 404 | train_loss=0.7424 train_acc=0.7386 test_loss=1.0181 test_acc=0.6294
Round 405 | selected=[46, 36, 82, 76, 1, 51, 63, 65, 54, 70]
Round 405 | train_loss=0.5515 train_acc=0.8030 test_loss=1.0293 test_acc=0.6370
Round 406 | selected=[76, 86, 8, 30, 3, 91, 93, 16, 55, 57]
Round 406 | train_loss=0.5947 train_acc=0.7972 test_loss=0.9870 test_acc=0.6398
Round 407 | selected=[7, 3, 81, 70, 98, 24, 44, 8, 39, 16]
Round 407 | train_loss=0.5966 train_acc=0.7866 test_loss=1.0095 test_acc=0.6419
Round 408 | selected=[79, 44, 97, 35, 77, 6, 46, 29, 38, 82]
Round 408 | train_loss=0.6057 train_acc=0.7982 test_loss=1.0310 test_acc=0.6428
Round 409 | selected=[54, 0, 51, 65, 41, 34, 84, 70, 3, 36]
Round 409 | train_loss=0.5405 train_acc=0.8110 test_loss=1.0005 test_acc=0.6517
Round 410 | selected=[43, 11, 38, 47, 69, 30, 22, 88, 19, 24]
Round 410 | train_loss=0.5161 train_acc=0.8214 test_loss=1.0653 test_acc=0.6364
Round 411 | selected=[62, 98, 10, 76, 14, 25, 49, 7, 89, 17]
Round 411 | train_loss=0.5721 train_acc=0.8018 test_loss=1.0701 test_acc=0.6311
Round 412 | selected=[34, 19, 37, 70, 98, 64, 69, 5, 94, 3]
Round 412 | train_loss=0.5511 train_acc=0.8110 test_loss=0.9225 test_acc=0.6695
Round 413 | selected=[51, 28, 42, 21, 29, 30, 38, 96, 34, 97]
Round 413 | train_loss=0.5388 train_acc=0.8184 test_loss=0.9242 test_acc=0.6740
Round 414 | selected=[98, 67, 83, 59, 41, 45, 39, 70, 21, 25]
Round 414 | train_loss=0.6213 train_acc=0.7862 test_loss=0.8271 test_acc=0.7090
Round 415 | selected=[7, 15, 43, 85, 41, 50, 67, 21, 90, 5]
Round 415 | train_loss=0.5958 train_acc=0.7926 test_loss=0.8284 test_acc=0.7075
Round 416 | selected=[73, 77, 81, 41, 99, 10, 54, 89, 20, 85]
Round 416 | train_loss=0.5792 train_acc=0.8046 test_loss=1.0485 test_acc=0.6386
Round 417 | selected=[24, 60, 96, 79, 36, 56, 38, 74, 19, 35]
Round 417 | train_loss=0.6349 train_acc=0.7718 test_loss=0.9511 test_acc=0.6564
Round 418 | selected=[48, 82, 66, 74, 15, 51, 24, 98, 76, 33]
Round 418 | train_loss=0.4811 train_acc=0.8330 test_loss=1.1247 test_acc=0.5992
Round 419 | selected=[19, 88, 66, 76, 48, 37, 57, 0, 14, 62]
Round 419 | train_loss=0.6355 train_acc=0.7806 test_loss=0.9336 test_acc=0.6465
Round 420 | selected=[88, 77, 68, 0, 32, 9, 20, 90, 79, 8]
Round 420 | train_loss=0.6138 train_acc=0.7826 test_loss=0.9366 test_acc=0.6597
Round 421 | selected=[22, 71, 9, 65, 64, 7, 2, 73, 21, 40]
Round 421 | train_loss=0.6481 train_acc=0.7740 test_loss=1.0309 test_acc=0.6241
Round 422 | selected=[60, 73, 61, 4, 21, 48, 95, 51, 56, 55]
Round 422 | train_loss=0.5962 train_acc=0.7948 test_loss=0.8873 test_acc=0.6729
Round 423 | selected=[37, 74, 73, 36, 52, 33, 60, 31, 21, 43]
Round 423 | train_loss=0.5947 train_acc=0.7880 test_loss=0.8518 test_acc=0.7029
Round 424 | selected=[78, 56, 34, 12, 60, 65, 10, 39, 11, 57]
Round 424 | train_loss=0.5028 train_acc=0.8244 test_loss=0.8702 test_acc=0.7079
Round 425 | selected=[21, 93, 77, 97, 89, 4, 16, 56, 87, 63]
Round 425 | train_loss=0.5361 train_acc=0.8164 test_loss=0.8007 test_acc=0.7172
Round 426 | selected=[78, 64, 7, 94, 68, 10, 36, 39, 89, 23]
Round 426 | train_loss=0.5472 train_acc=0.8008 test_loss=0.8926 test_acc=0.6890
Round 427 | selected=[90, 27, 55, 44, 95, 51, 20, 50, 62, 69]
Round 427 | train_loss=0.5281 train_acc=0.8292 test_loss=0.8742 test_acc=0.6935
Round 428 | selected=[2, 98, 7, 73, 72, 14, 48, 56, 21, 92]
Round 428 | train_loss=0.6114 train_acc=0.7854 test_loss=0.8059 test_acc=0.7112
Round 429 | selected=[4, 34, 14, 68, 54, 17, 27, 57, 63, 16]
Round 429 | train_loss=0.4467 train_acc=0.8518 test_loss=0.8968 test_acc=0.6887
Round 430 | selected=[90, 85, 99, 60, 4, 5, 72, 57, 92, 20]
Round 430 | train_loss=0.5195 train_acc=0.8260 test_loss=0.8965 test_acc=0.6863
Round 431 | selected=[90, 29, 95, 23, 31, 97, 7, 16, 86, 34]
Round 431 | train_loss=0.5281 train_acc=0.8224 test_loss=0.7709 test_acc=0.7241
Round 432 | selected=[58, 95, 63, 60, 75, 37, 18, 45, 93, 42]
Round 432 | train_loss=0.4583 train_acc=0.8450 test_loss=0.8887 test_acc=0.6797
Round 433 | selected=[41, 10, 52, 79, 45, 94, 16, 20, 81, 80]
Round 433 | train_loss=0.4926 train_acc=0.8254 test_loss=0.8706 test_acc=0.6851
Round 434 | selected=[23, 86, 49, 93, 15, 71, 77, 5, 79, 70]
Round 434 | train_loss=0.4906 train_acc=0.8308 test_loss=0.7717 test_acc=0.7217
Round 435 | selected=[21, 34, 75, 43, 98, 99, 44, 35, 23, 64]
Round 435 | train_loss=0.4794 train_acc=0.8354 test_loss=0.8290 test_acc=0.7028
Round 436 | selected=[21, 89, 58, 75, 2, 46, 52, 40, 87, 10]
Round 436 | train_loss=0.6269 train_acc=0.7796 test_loss=0.7651 test_acc=0.7317
Round 437 | selected=[22, 59, 10, 94, 97, 87, 16, 33, 34, 57]
Round 437 | train_loss=0.4114 train_acc=0.8622 test_loss=0.8122 test_acc=0.7138
Round 438 | selected=[84, 50, 77, 39, 37, 4, 96, 53, 66, 6]
Round 438 | train_loss=0.6262 train_acc=0.7778 test_loss=0.8185 test_acc=0.7050
Round 439 | selected=[24, 81, 21, 69, 14, 52, 98, 78, 6, 86]
Round 439 | train_loss=0.5347 train_acc=0.8182 test_loss=0.8711 test_acc=0.6804
Round 440 | selected=[48, 10, 69, 43, 85, 59, 98, 19, 58, 64]
Round 440 | train_loss=0.5299 train_acc=0.8096 test_loss=0.7903 test_acc=0.7149
Round 441 | selected=[52, 78, 19, 11, 97, 91, 47, 63, 23, 72]
Round 441 | train_loss=0.4578 train_acc=0.8402 test_loss=0.8398 test_acc=0.7132
Round 442 | selected=[82, 10, 16, 61, 74, 37, 11, 99, 79, 65]
Round 442 | train_loss=0.4783 train_acc=0.8304 test_loss=0.8868 test_acc=0.6953
Round 443 | selected=[60, 97, 54, 99, 72, 78, 71, 40, 15, 52]
Round 443 | train_loss=0.5994 train_acc=0.7894 test_loss=0.7486 test_acc=0.7409
Round 444 | selected=[23, 24, 27, 34, 14, 95, 91, 63, 8, 60]
Round 444 | train_loss=0.4420 train_acc=0.8458 test_loss=0.9126 test_acc=0.6721
Round 445 | selected=[13, 29, 62, 97, 66, 45, 85, 38, 60, 52]
Round 445 | train_loss=0.4516 train_acc=0.8456 test_loss=0.9463 test_acc=0.6586
Round 446 | selected=[33, 44, 7, 84, 79, 35, 96, 48, 56, 83]
Round 446 | train_loss=0.5094 train_acc=0.8216 test_loss=0.8693 test_acc=0.6875
Round 447 | selected=[78, 25, 62, 11, 96, 50, 54, 31, 99, 86]
Round 447 | train_loss=0.4762 train_acc=0.8342 test_loss=0.8800 test_acc=0.6857
Round 448 | selected=[77, 5, 35, 11, 93, 38, 6, 36, 70, 75]
Round 448 | train_loss=0.4289 train_acc=0.8528 test_loss=0.8746 test_acc=0.6907
Round 449 | selected=[44, 41, 53, 99, 40, 70, 6, 11, 51, 47]
Round 449 | train_loss=0.4984 train_acc=0.8334 test_loss=0.7607 test_acc=0.7308
Round 450 | selected=[91, 34, 46, 68, 97, 37, 20, 81, 2, 40]
Round 450 | train_loss=0.5113 train_acc=0.8216 test_loss=0.8825 test_acc=0.6925
Round 451 | selected=[30, 62, 47, 57, 82, 68, 24, 77, 36, 31]
Round 451 | train_loss=0.4069 train_acc=0.8600 test_loss=0.8931 test_acc=0.6954
Round 452 | selected=[14, 88, 98, 74, 20, 16, 58, 77, 99, 62]
Round 452 | train_loss=0.4394 train_acc=0.8482 test_loss=0.8206 test_acc=0.7097
Round 453 | selected=[99, 50, 9, 2, 91, 73, 29, 68, 86, 62]
Round 453 | train_loss=0.5224 train_acc=0.8242 test_loss=0.7267 test_acc=0.7480
Round 454 | selected=[32, 36, 15, 28, 24, 80, 62, 71, 0, 43]
Round 454 | train_loss=0.4398 train_acc=0.8452 test_loss=0.8220 test_acc=0.7139
Round 455 | selected=[97, 14, 93, 26, 44, 60, 78, 91, 65, 83]
Round 455 | train_loss=0.4382 train_acc=0.8498 test_loss=0.8370 test_acc=0.7087
Round 456 | selected=[28, 52, 69, 85, 15, 41, 75, 48, 54, 73]
Round 456 | train_loss=0.4743 train_acc=0.8410 test_loss=0.7039 test_acc=0.7487
Round 457 | selected=[35, 89, 40, 61, 68, 90, 73, 51, 55, 4]
Round 457 | train_loss=0.4871 train_acc=0.8372 test_loss=0.7616 test_acc=0.7252
Round 458 | selected=[18, 0, 98, 28, 26, 93, 68, 95, 37, 29]
Round 458 | train_loss=0.4583 train_acc=0.8410 test_loss=0.8718 test_acc=0.6917
Round 459 | selected=[34, 69, 22, 91, 48, 66, 70, 94, 47, 99]
Round 459 | train_loss=0.4064 train_acc=0.8592 test_loss=0.7805 test_acc=0.7221
Round 460 | selected=[37, 13, 35, 34, 60, 90, 28, 50, 73, 40]
Round 460 | train_loss=0.4298 train_acc=0.8486 test_loss=0.7155 test_acc=0.7494
Round 461 | selected=[69, 27, 26, 89, 64, 93, 54, 67, 44, 57]
Round 461 | train_loss=0.4044 train_acc=0.8662 test_loss=0.7211 test_acc=0.7510
Round 462 | selected=[26, 83, 30, 5, 43, 44, 91, 8, 93, 6]
Round 462 | train_loss=0.4172 train_acc=0.8526 test_loss=0.7105 test_acc=0.7516
Round 463 | selected=[63, 2, 29, 62, 74, 69, 37, 91, 78, 14]
Round 463 | train_loss=0.4704 train_acc=0.8364 test_loss=0.7226 test_acc=0.7359
Round 464 | selected=[21, 59, 82, 78, 68, 99, 15, 47, 71, 93]
Round 464 | train_loss=0.4722 train_acc=0.8360 test_loss=0.7840 test_acc=0.7091
Round 465 | selected=[61, 99, 89, 95, 81, 71, 64, 42, 14, 35]
Round 465 | train_loss=0.5045 train_acc=0.8214 test_loss=0.7417 test_acc=0.7365
Round 466 | selected=[74, 69, 55, 29, 84, 19, 12, 73, 64, 94]
Round 466 | train_loss=0.4271 train_acc=0.8554 test_loss=0.7610 test_acc=0.7262
Round 467 | selected=[49, 23, 48, 90, 19, 29, 92, 63, 66, 6]
Round 467 | train_loss=0.4075 train_acc=0.8574 test_loss=0.7946 test_acc=0.7137
Round 468 | selected=[9, 49, 61, 94, 30, 79, 75, 36, 5, 4]
Round 468 | train_loss=0.3615 train_acc=0.8766 test_loss=0.9461 test_acc=0.6803
Round 469 | selected=[38, 21, 72, 77, 16, 18, 62, 46, 53, 78]
Round 469 | train_loss=0.4614 train_acc=0.8416 test_loss=0.8589 test_acc=0.6970
Round 470 | selected=[68, 51, 56, 72, 34, 27, 7, 65, 57, 73]
Round 470 | train_loss=0.3969 train_acc=0.8594 test_loss=0.9001 test_acc=0.6816
Round 471 | selected=[10, 43, 96, 4, 90, 36, 70, 48, 9, 87]
Round 471 | train_loss=0.5194 train_acc=0.8122 test_loss=0.8865 test_acc=0.6886
Round 472 | selected=[49, 92, 66, 45, 98, 85, 8, 5, 37, 27]
Round 472 | train_loss=0.4193 train_acc=0.8554 test_loss=0.8069 test_acc=0.7080
Round 473 | selected=[14, 26, 1, 60, 72, 16, 93, 24, 75, 40]
Round 473 | train_loss=0.3490 train_acc=0.8836 test_loss=0.8981 test_acc=0.6880
Round 474 | selected=[24, 81, 71, 51, 96, 40, 65, 68, 4, 19]
Round 474 | train_loss=0.4223 train_acc=0.8444 test_loss=0.9105 test_acc=0.6795
Round 475 | selected=[26, 80, 85, 71, 9, 68, 81, 54, 10, 34]
Round 475 | train_loss=0.4898 train_acc=0.8254 test_loss=0.7046 test_acc=0.7544
Round 476 | selected=[24, 8, 31, 71, 23, 79, 65, 21, 86, 38]
Round 476 | train_loss=0.3872 train_acc=0.8658 test_loss=0.9293 test_acc=0.6916
Round 477 | selected=[82, 97, 61, 42, 90, 7, 53, 44, 88, 17]
Round 477 | train_loss=0.5057 train_acc=0.8250 test_loss=0.8743 test_acc=0.7013
Round 478 | selected=[84, 73, 66, 47, 44, 75, 83, 55, 80, 11]
Round 478 | train_loss=0.4348 train_acc=0.8446 test_loss=0.7010 test_acc=0.7571
Round 479 | selected=[93, 40, 1, 66, 61, 99, 54, 2, 16, 96]
Round 479 | train_loss=0.3526 train_acc=0.8804 test_loss=0.8726 test_acc=0.7059
Round 480 | selected=[86, 94, 82, 23, 24, 71, 66, 36, 77, 16]
Round 480 | train_loss=0.4263 train_acc=0.8530 test_loss=0.9231 test_acc=0.6817
Round 481 | selected=[9, 7, 28, 65, 63, 32, 16, 87, 99, 15]
Round 481 | train_loss=0.4585 train_acc=0.8340 test_loss=0.7914 test_acc=0.7115
Round 482 | selected=[52, 75, 59, 72, 25, 39, 12, 64, 26, 78]
Round 482 | train_loss=0.4519 train_acc=0.8428 test_loss=0.6671 test_acc=0.7682
Round 483 | selected=[41, 19, 54, 29, 82, 4, 7, 9, 27, 50]
Round 483 | train_loss=0.4405 train_acc=0.8500 test_loss=0.7532 test_acc=0.7445
Round 484 | selected=[45, 55, 75, 58, 64, 3, 22, 53, 4, 97]
Round 484 | train_loss=0.4843 train_acc=0.8260 test_loss=0.6817 test_acc=0.7629
Round 485 | selected=[77, 57, 42, 0, 89, 58, 92, 5, 49, 11]
Round 485 | train_loss=0.3531 train_acc=0.8822 test_loss=0.7245 test_acc=0.7449
Round 486 | selected=[92, 18, 20, 58, 66, 59, 84, 62, 9, 64]
Round 486 | train_loss=0.4145 train_acc=0.8580 test_loss=0.7382 test_acc=0.7384
Round 487 | selected=[22, 8, 25, 80, 19, 96, 81, 69, 60, 68]
Round 487 | train_loss=0.4513 train_acc=0.8506 test_loss=0.7556 test_acc=0.7213
Round 488 | selected=[83, 74, 17, 10, 23, 36, 99, 87, 60, 81]
Round 488 | train_loss=0.4291 train_acc=0.8574 test_loss=0.8229 test_acc=0.6991
Round 489 | selected=[85, 64, 97, 13, 99, 40, 78, 35, 0, 10]
Round 489 | train_loss=0.5347 train_acc=0.8072 test_loss=0.6709 test_acc=0.7590
Round 490 | selected=[25, 22, 31, 56, 85, 74, 72, 7, 36, 63]
Round 490 | train_loss=0.3698 train_acc=0.8710 test_loss=0.6634 test_acc=0.7661
Round 491 | selected=[53, 32, 56, 99, 12, 98, 75, 89, 67, 72]
Round 491 | train_loss=0.4110 train_acc=0.8582 test_loss=0.6648 test_acc=0.7635
Round 492 | selected=[53, 80, 65, 64, 44, 6, 10, 41, 86, 77]
Round 492 | train_loss=0.4641 train_acc=0.8374 test_loss=0.7064 test_acc=0.7557
Round 493 | selected=[88, 97, 8, 19, 47, 18, 99, 73, 1, 85]
Round 493 | train_loss=0.3946 train_acc=0.8684 test_loss=0.7156 test_acc=0.7446
Round 494 | selected=[19, 42, 78, 33, 41, 50, 56, 72, 89, 98]
Round 494 | train_loss=0.3778 train_acc=0.8684 test_loss=0.7813 test_acc=0.7183
Round 495 | selected=[62, 39, 87, 74, 36, 91, 7, 37, 49, 10]
Round 495 | train_loss=0.4184 train_acc=0.8514 test_loss=0.8196 test_acc=0.7110
Round 496 | selected=[83, 22, 41, 7, 51, 8, 82, 45, 80, 36]
Round 496 | train_loss=0.3849 train_acc=0.8648 test_loss=0.6512 test_acc=0.7664
Round 497 | selected=[28, 23, 98, 24, 29, 46, 82, 40, 10, 77]
Round 497 | train_loss=0.3881 train_acc=0.8738 test_loss=0.7276 test_acc=0.7443
Round 498 | selected=[14, 6, 59, 49, 40, 97, 22, 86, 15, 99]
Round 498 | train_loss=0.3767 train_acc=0.8676 test_loss=0.7765 test_acc=0.7347
Round 499 | selected=[3, 94, 16, 47, 19, 20, 55, 51, 60, 89]
Round 499 | train_loss=0.3230 train_acc=0.8976 test_loss=0.7108 test_acc=0.7512
Round 500 | selected=[87, 19, 15, 59, 0, 7, 24, 38, 48, 8]
Round 500 | train_loss=0.3780 train_acc=0.8736 test_loss=0.7465 test_acc=0.7399
Saved: track1/results/cifar10/final_seed45/fedavgm_alpha03_seed45.csv
COMPLETED: fedavgm alpha03 seed=45
