========================================
JOB:       12004241
TASK:      18
ALGORITHM: fedavg
PARTITION: alpha03
SEED:      44
GPU:       0
========================================
Device: cuda
GPU: Tesla V100-PCIE-32GB
Round 0 | test_loss=3.0410 test_acc=0.1229
Round 1 | selected=[38, 24, 76, 63, 8, 52, 11, 60, 94, 16]
Round 1 | train_loss=1.6743 train_acc=0.4494 test_loss=2.3387 test_acc=0.1172
Round 2 | selected=[38, 88, 40, 98, 58, 91, 39, 56, 35, 96]
Round 2 | train_loss=1.8187 train_acc=0.4100 test_loss=2.6329 test_acc=0.1651
Round 3 | selected=[63, 8, 77, 16, 70, 81, 90, 68, 18, 54]
Round 3 | train_loss=2.0472 train_acc=0.4346 test_loss=4.1350 test_acc=0.1511
Round 4 | selected=[62, 58, 33, 61, 76, 14, 29, 71, 39, 27]
Round 4 | train_loss=2.5365 train_acc=0.4244 test_loss=4.0776 test_acc=0.1710
Round 5 | selected=[10, 71, 32, 79, 27, 87, 48, 53, 59, 76]
Round 5 | train_loss=2.3098 train_acc=0.4960 test_loss=3.0236 test_acc=0.1677
Round 6 | selected=[96, 43, 42, 70, 26, 67, 35, 12, 51, 55]
Round 6 | train_loss=1.7825 train_acc=0.4588 test_loss=2.7381 test_acc=0.1272
Round 7 | selected=[41, 62, 97, 46, 72, 24, 32, 30, 19, 21]
Round 7 | train_loss=1.8257 train_acc=0.4464 test_loss=2.4190 test_acc=0.1681
Round 8 | selected=[14, 39, 84, 69, 58, 11, 79, 44, 99, 86]
Round 8 | train_loss=1.7305 train_acc=0.4914 test_loss=3.2619 test_acc=0.1528
Round 9 | selected=[65, 67, 19, 15, 83, 72, 91, 25, 0, 3]
Round 9 | train_loss=1.8689 train_acc=0.4522 test_loss=2.8254 test_acc=0.2050
Round 10 | selected=[41, 79, 99, 18, 46, 7, 20, 74, 73, 33]
Round 10 | train_loss=1.8495 train_acc=0.4814 test_loss=2.9866 test_acc=0.1976
Round 11 | selected=[26, 48, 65, 63, 77, 20, 12, 81, 83, 30]
Round 11 | train_loss=1.6818 train_acc=0.5006 test_loss=2.5917 test_acc=0.1799
Round 12 | selected=[17, 12, 30, 9, 67, 97, 87, 35, 65, 14]
Round 12 | train_loss=1.7427 train_acc=0.4506 test_loss=2.3488 test_acc=0.2131
Round 13 | selected=[38, 49, 87, 82, 5, 97, 31, 93, 80, 58]
Round 13 | train_loss=1.6138 train_acc=0.4836 test_loss=2.2049 test_acc=0.2097
Round 14 | selected=[76, 65, 90, 20, 87, 52, 7, 28, 4, 81]
Round 14 | train_loss=1.5306 train_acc=0.4892 test_loss=2.4127 test_acc=0.2161
Round 15 | selected=[67, 29, 12, 96, 70, 48, 17, 83, 93, 62]
Round 15 | train_loss=1.6736 train_acc=0.4558 test_loss=2.6366 test_acc=0.2272
Round 16 | selected=[31, 16, 28, 87, 57, 21, 71, 24, 37, 83]
Round 16 | train_loss=1.7246 train_acc=0.4728 test_loss=2.2550 test_acc=0.2075
Round 17 | selected=[11, 21, 65, 34, 43, 10, 99, 71, 40, 14]
Round 17 | train_loss=1.4711 train_acc=0.5352 test_loss=2.2335 test_acc=0.2320
Round 18 | selected=[49, 17, 56, 0, 16, 99, 80, 6, 44, 40]
Round 18 | train_loss=1.6343 train_acc=0.4528 test_loss=2.4786 test_acc=0.2157
Round 19 | selected=[70, 38, 57, 98, 74, 14, 71, 81, 28, 97]
Round 19 | train_loss=1.6028 train_acc=0.4866 test_loss=2.9825 test_acc=0.1789
Round 20 | selected=[1, 16, 49, 67, 22, 27, 88, 76, 21, 15]
Round 20 | train_loss=1.8325 train_acc=0.4496 test_loss=2.7583 test_acc=0.2301
Round 21 | selected=[83, 43, 56, 50, 16, 18, 32, 15, 74, 62]
Round 21 | train_loss=1.7585 train_acc=0.4554 test_loss=3.1052 test_acc=0.1970
Round 22 | selected=[24, 34, 96, 18, 44, 92, 8, 32, 95, 90]
Round 22 | train_loss=1.7589 train_acc=0.4662 test_loss=2.2512 test_acc=0.2094
Round 23 | selected=[64, 65, 0, 57, 52, 97, 73, 19, 58, 4]
Round 23 | train_loss=1.5760 train_acc=0.4598 test_loss=2.0522 test_acc=0.2189
Round 24 | selected=[19, 94, 23, 25, 64, 77, 8, 81, 41, 10]
Round 24 | train_loss=1.2500 train_acc=0.5776 test_loss=2.4253 test_acc=0.1718
Round 25 | selected=[70, 34, 47, 84, 12, 40, 32, 64, 18, 83]
Round 25 | train_loss=1.8510 train_acc=0.4056 test_loss=2.4268 test_acc=0.2434
Round 26 | selected=[43, 79, 40, 96, 47, 24, 64, 11, 48, 42]
Round 26 | train_loss=1.5967 train_acc=0.4992 test_loss=2.2412 test_acc=0.2017
Round 27 | selected=[67, 41, 12, 54, 98, 21, 83, 13, 30, 1]
Round 27 | train_loss=1.7147 train_acc=0.4012 test_loss=2.0969 test_acc=0.3036
Round 28 | selected=[92, 72, 96, 76, 33, 15, 30, 46, 74, 23]
Round 28 | train_loss=1.4845 train_acc=0.5146 test_loss=2.2636 test_acc=0.2079
Round 29 | selected=[82, 77, 28, 32, 37, 26, 55, 67, 71, 44]
Round 29 | train_loss=1.5691 train_acc=0.4760 test_loss=1.8939 test_acc=0.2919
Round 30 | selected=[31, 96, 80, 66, 34, 26, 33, 3, 52, 11]
Round 30 | train_loss=1.4338 train_acc=0.5210 test_loss=1.9370 test_acc=0.2628
Round 31 | selected=[58, 10, 95, 55, 69, 25, 1, 13, 77, 65]
Round 31 | train_loss=1.4042 train_acc=0.5250 test_loss=1.8794 test_acc=0.2748
Round 32 | selected=[53, 30, 66, 76, 6, 85, 81, 48, 54, 5]
Round 32 | train_loss=1.3951 train_acc=0.5222 test_loss=1.9893 test_acc=0.2453
Round 33 | selected=[91, 75, 14, 11, 33, 80, 8, 47, 82, 37]
Round 33 | train_loss=1.5335 train_acc=0.4848 test_loss=1.8062 test_acc=0.3316
Round 34 | selected=[54, 94, 5, 99, 64, 91, 80, 62, 36, 52]
Round 34 | train_loss=1.3842 train_acc=0.5176 test_loss=1.8697 test_acc=0.2830
Round 35 | selected=[5, 20, 50, 98, 84, 74, 51, 91, 44, 78]
Round 35 | train_loss=1.3863 train_acc=0.5468 test_loss=2.0488 test_acc=0.2460
Round 36 | selected=[78, 31, 53, 12, 21, 49, 76, 46, 80, 2]
Round 36 | train_loss=1.4663 train_acc=0.5270 test_loss=2.1357 test_acc=0.2624
Round 37 | selected=[61, 19, 23, 45, 12, 65, 27, 39, 85, 24]
Round 37 | train_loss=1.3892 train_acc=0.5112 test_loss=2.0275 test_acc=0.2847
Round 38 | selected=[24, 92, 93, 64, 44, 89, 42, 35, 45, 20]
Round 38 | train_loss=1.5331 train_acc=0.4736 test_loss=1.9464 test_acc=0.2862
Round 39 | selected=[95, 2, 21, 56, 41, 52, 31, 55, 23, 57]
Round 39 | train_loss=1.4534 train_acc=0.5334 test_loss=2.2176 test_acc=0.2232
Round 40 | selected=[80, 69, 90, 46, 78, 67, 38, 55, 10, 49]
Round 40 | train_loss=1.4870 train_acc=0.4894 test_loss=1.7566 test_acc=0.3587
Round 41 | selected=[70, 76, 56, 97, 71, 44, 64, 94, 4, 36]
Round 41 | train_loss=1.3279 train_acc=0.5476 test_loss=1.9681 test_acc=0.2406
Round 42 | selected=[94, 14, 80, 79, 17, 23, 33, 2, 44, 88]
Round 42 | train_loss=1.3284 train_acc=0.5438 test_loss=1.8544 test_acc=0.3050
Round 43 | selected=[66, 91, 58, 96, 1, 49, 38, 16, 89, 39]
Round 43 | train_loss=1.4967 train_acc=0.4816 test_loss=2.2196 test_acc=0.2451
Round 44 | selected=[91, 90, 7, 26, 99, 12, 54, 48, 0, 36]
Round 44 | train_loss=1.5393 train_acc=0.4888 test_loss=2.1295 test_acc=0.2530
Round 45 | selected=[47, 6, 4, 38, 14, 62, 40, 63, 41, 99]
Round 45 | train_loss=1.3625 train_acc=0.5270 test_loss=1.9758 test_acc=0.2419
Round 46 | selected=[2, 52, 60, 29, 57, 71, 33, 39, 75, 95]
Round 46 | train_loss=1.4179 train_acc=0.4984 test_loss=1.8245 test_acc=0.3052
Round 47 | selected=[92, 35, 28, 54, 74, 46, 49, 13, 62, 4]
Round 47 | train_loss=1.4120 train_acc=0.5068 test_loss=1.9565 test_acc=0.2569
Round 48 | selected=[97, 40, 62, 82, 13, 85, 78, 32, 63, 43]
Round 48 | train_loss=1.4026 train_acc=0.5088 test_loss=1.8125 test_acc=0.3001
Round 49 | selected=[5, 6, 35, 70, 67, 94, 82, 33, 45, 91]
Round 49 | train_loss=1.4763 train_acc=0.4562 test_loss=1.8819 test_acc=0.3209
Round 50 | selected=[58, 48, 26, 18, 85, 14, 75, 81, 29, 47]
Round 50 | train_loss=1.3773 train_acc=0.5568 test_loss=2.3321 test_acc=0.2361
Round 51 | selected=[5, 11, 20, 81, 75, 4, 32, 86, 17, 7]
Round 51 | train_loss=1.2291 train_acc=0.5880 test_loss=2.0867 test_acc=0.2218
Round 52 | selected=[41, 98, 97, 1, 93, 3, 33, 87, 88, 31]
Round 52 | train_loss=1.4937 train_acc=0.4872 test_loss=2.0946 test_acc=0.3005
Round 53 | selected=[66, 26, 17, 68, 79, 88, 27, 25, 89, 12]
Round 53 | train_loss=1.5619 train_acc=0.5500 test_loss=1.8805 test_acc=0.2981
Round 54 | selected=[13, 22, 89, 3, 91, 63, 61, 14, 90, 95]
Round 54 | train_loss=1.3574 train_acc=0.5374 test_loss=1.8802 test_acc=0.2944
Round 55 | selected=[18, 90, 57, 2, 98, 61, 67, 51, 60, 76]
Round 55 | train_loss=1.4185 train_acc=0.5344 test_loss=1.9136 test_acc=0.3067
Round 56 | selected=[20, 50, 90, 10, 18, 73, 52, 26, 41, 76]
Round 56 | train_loss=1.2407 train_acc=0.5822 test_loss=1.9446 test_acc=0.2788
Round 57 | selected=[44, 6, 91, 4, 15, 23, 76, 36, 73, 50]
Round 57 | train_loss=1.1995 train_acc=0.5894 test_loss=1.8471 test_acc=0.2980
Round 58 | selected=[76, 70, 99, 41, 38, 17, 77, 34, 21, 59]
Round 58 | train_loss=1.3850 train_acc=0.5490 test_loss=1.6924 test_acc=0.3524
Round 59 | selected=[31, 41, 12, 17, 67, 42, 84, 82, 16, 69]
Round 59 | train_loss=1.4310 train_acc=0.4938 test_loss=1.8115 test_acc=0.3040
Round 60 | selected=[6, 43, 10, 86, 28, 11, 19, 79, 39, 60]
Round 60 | train_loss=1.3135 train_acc=0.5370 test_loss=1.7666 test_acc=0.2905
Round 61 | selected=[46, 2, 96, 11, 65, 66, 23, 24, 78, 19]
Round 61 | train_loss=1.3265 train_acc=0.5656 test_loss=1.8405 test_acc=0.3117
Round 62 | selected=[88, 68, 83, 23, 30, 86, 70, 0, 97, 75]
Round 62 | train_loss=1.2855 train_acc=0.5688 test_loss=1.9169 test_acc=0.2680
Round 63 | selected=[16, 27, 68, 1, 40, 96, 88, 34, 77, 53]
Round 63 | train_loss=1.4584 train_acc=0.5172 test_loss=1.8966 test_acc=0.3080
Round 64 | selected=[9, 76, 78, 87, 2, 79, 65, 37, 60, 64]
Round 64 | train_loss=1.3607 train_acc=0.5528 test_loss=1.9187 test_acc=0.3438
Round 65 | selected=[79, 96, 86, 98, 9, 75, 58, 87, 51, 17]
Round 65 | train_loss=1.3391 train_acc=0.5556 test_loss=1.6659 test_acc=0.3233
Round 66 | selected=[3, 41, 39, 35, 38, 13, 11, 31, 81, 1]
Round 66 | train_loss=1.2934 train_acc=0.5722 test_loss=1.7615 test_acc=0.3565
Round 67 | selected=[45, 75, 3, 47, 57, 56, 88, 79, 8, 22]
Round 67 | train_loss=1.3845 train_acc=0.5230 test_loss=1.6921 test_acc=0.3531
Round 68 | selected=[65, 16, 0, 7, 40, 77, 81, 41, 60, 83]
Round 68 | train_loss=1.3412 train_acc=0.5522 test_loss=1.6964 test_acc=0.3548
Round 69 | selected=[18, 68, 89, 15, 88, 93, 49, 92, 67, 38]
Round 69 | train_loss=1.3501 train_acc=0.5416 test_loss=1.8091 test_acc=0.3195
Round 70 | selected=[1, 99, 7, 54, 51, 92, 67, 95, 88, 50]
Round 70 | train_loss=1.3431 train_acc=0.5502 test_loss=1.8158 test_acc=0.3023
Round 71 | selected=[45, 20, 79, 28, 66, 94, 35, 11, 93, 33]
Round 71 | train_loss=1.4896 train_acc=0.4830 test_loss=2.0063 test_acc=0.2642
Round 72 | selected=[64, 43, 83, 81, 5, 71, 95, 58, 11, 74]
Round 72 | train_loss=1.4247 train_acc=0.5130 test_loss=2.0444 test_acc=0.3018
Round 73 | selected=[50, 32, 0, 81, 8, 64, 66, 60, 70, 45]
Round 73 | train_loss=1.4936 train_acc=0.5292 test_loss=1.7741 test_acc=0.3220
Round 74 | selected=[92, 58, 39, 11, 3, 84, 97, 85, 20, 65]
Round 74 | train_loss=1.4346 train_acc=0.4988 test_loss=1.7827 test_acc=0.3157
Round 75 | selected=[92, 29, 28, 26, 10, 65, 85, 84, 43, 42]
Round 75 | train_loss=1.3687 train_acc=0.5302 test_loss=1.6383 test_acc=0.3438
Round 76 | selected=[93, 19, 91, 29, 14, 4, 88, 32, 0, 11]
Round 76 | train_loss=1.1961 train_acc=0.6022 test_loss=1.9019 test_acc=0.2821
Round 77 | selected=[58, 76, 51, 88, 10, 37, 94, 99, 69, 89]
Round 77 | train_loss=1.3783 train_acc=0.5346 test_loss=1.6728 test_acc=0.3895
Round 78 | selected=[6, 3, 33, 78, 32, 97, 83, 86, 80, 62]
Round 78 | train_loss=1.3104 train_acc=0.5466 test_loss=1.6883 test_acc=0.3779
Round 79 | selected=[88, 71, 8, 85, 82, 50, 51, 44, 14, 56]
Round 79 | train_loss=1.3146 train_acc=0.5664 test_loss=1.7781 test_acc=0.3209
Round 80 | selected=[2, 7, 13, 46, 71, 19, 24, 77, 86, 79]
Round 80 | train_loss=1.2355 train_acc=0.5980 test_loss=1.6225 test_acc=0.3660
Round 81 | selected=[25, 90, 13, 32, 59, 66, 54, 81, 67, 16]
Round 81 | train_loss=1.2578 train_acc=0.5656 test_loss=1.6073 test_acc=0.3730
Round 82 | selected=[85, 20, 54, 73, 50, 70, 71, 51, 99, 74]
Round 82 | train_loss=1.1989 train_acc=0.6082 test_loss=1.6852 test_acc=0.3089
Round 83 | selected=[42, 20, 17, 11, 98, 10, 46, 84, 38, 53]
Round 83 | train_loss=1.3194 train_acc=0.5576 test_loss=1.7608 test_acc=0.3411
Round 84 | selected=[72, 1, 52, 21, 9, 5, 69, 45, 74, 58]
Round 84 | train_loss=1.4076 train_acc=0.5104 test_loss=1.6735 test_acc=0.3221
Round 85 | selected=[74, 13, 75, 78, 80, 24, 8, 30, 97, 20]
Round 85 | train_loss=1.3480 train_acc=0.5380 test_loss=1.7350 test_acc=0.3475
Round 86 | selected=[48, 45, 38, 10, 71, 84, 82, 53, 42, 7]
Round 86 | train_loss=1.3363 train_acc=0.5290 test_loss=2.1400 test_acc=0.2556
Round 87 | selected=[98, 54, 40, 95, 59, 88, 92, 93, 28, 97]
Round 87 | train_loss=1.5308 train_acc=0.4802 test_loss=1.9387 test_acc=0.3097
Round 88 | selected=[16, 44, 9, 82, 81, 18, 85, 94, 64, 88]
Round 88 | train_loss=1.3452 train_acc=0.5482 test_loss=1.7920 test_acc=0.2965
Round 89 | selected=[18, 61, 27, 67, 48, 57, 95, 49, 76, 30]
Round 89 | train_loss=1.3836 train_acc=0.5246 test_loss=2.0530 test_acc=0.2491
Round 90 | selected=[90, 31, 36, 67, 7, 93, 1, 77, 11, 15]
Round 90 | train_loss=1.4251 train_acc=0.5036 test_loss=1.9859 test_acc=0.2819
Round 91 | selected=[50, 15, 33, 91, 99, 98, 2, 67, 49, 43]
Round 91 | train_loss=1.3946 train_acc=0.5396 test_loss=1.6733 test_acc=0.3585
Round 92 | selected=[47, 23, 16, 25, 85, 13, 15, 12, 55, 97]
Round 92 | train_loss=1.1933 train_acc=0.6070 test_loss=1.7101 test_acc=0.3668
Round 93 | selected=[10, 5, 36, 2, 76, 89, 40, 12, 58, 47]
Round 93 | train_loss=1.3539 train_acc=0.5432 test_loss=1.6398 test_acc=0.3642
Round 94 | selected=[56, 51, 89, 78, 22, 87, 67, 62, 11, 91]
Round 94 | train_loss=1.2194 train_acc=0.6008 test_loss=1.6241 test_acc=0.4088
Round 95 | selected=[36, 56, 50, 92, 13, 42, 93, 8, 20, 45]
Round 95 | train_loss=1.3061 train_acc=0.5580 test_loss=1.6862 test_acc=0.3268
Round 96 | selected=[42, 2, 44, 21, 74, 82, 34, 83, 49, 31]
Round 96 | train_loss=1.3867 train_acc=0.5124 test_loss=1.7050 test_acc=0.3721
Round 97 | selected=[20, 33, 86, 30, 23, 31, 71, 2, 50, 69]
Round 97 | train_loss=1.1005 train_acc=0.6320 test_loss=1.6778 test_acc=0.3744
Round 98 | selected=[75, 45, 13, 32, 12, 54, 16, 80, 83, 86]
Round 98 | train_loss=1.3300 train_acc=0.5428 test_loss=1.6144 test_acc=0.3666
Round 99 | selected=[31, 83, 63, 91, 90, 35, 69, 82, 16, 49]
Round 99 | train_loss=1.2698 train_acc=0.5538 test_loss=1.5908 test_acc=0.3788
Round 100 | selected=[45, 35, 10, 6, 64, 72, 34, 37, 75, 7]
Round 100 | train_loss=1.2890 train_acc=0.5378 test_loss=1.6242 test_acc=0.3871
Round 101 | selected=[1, 11, 21, 12, 36, 50, 53, 52, 9, 37]
Round 101 | train_loss=1.3536 train_acc=0.5606 test_loss=1.9821 test_acc=0.2361
Round 102 | selected=[78, 94, 38, 97, 29, 51, 73, 52, 76, 1]
Round 102 | train_loss=1.3557 train_acc=0.5394 test_loss=1.6633 test_acc=0.3541
Round 103 | selected=[48, 85, 24, 15, 40, 35, 70, 43, 90, 26]
Round 103 | train_loss=1.2124 train_acc=0.5856 test_loss=1.4689 test_acc=0.4649
Round 104 | selected=[37, 29, 21, 85, 7, 4, 79, 76, 47, 23]
Round 104 | train_loss=1.1703 train_acc=0.6046 test_loss=1.5370 test_acc=0.4318
Round 105 | selected=[42, 23, 78, 32, 19, 3, 21, 57, 24, 98]
Round 105 | train_loss=1.1627 train_acc=0.6046 test_loss=1.6435 test_acc=0.3476
Round 106 | selected=[25, 82, 31, 36, 65, 7, 41, 66, 75, 58]
Round 106 | train_loss=1.2210 train_acc=0.5968 test_loss=1.5963 test_acc=0.3942
Round 107 | selected=[37, 63, 64, 13, 73, 79, 33, 56, 10, 99]
Round 107 | train_loss=1.2136 train_acc=0.5826 test_loss=1.6595 test_acc=0.3682
Round 108 | selected=[66, 64, 2, 75, 29, 4, 16, 99, 77, 0]
Round 108 | train_loss=1.2008 train_acc=0.5830 test_loss=1.5935 test_acc=0.4280
Round 109 | selected=[43, 74, 18, 13, 17, 91, 71, 82, 85, 35]
Round 109 | train_loss=1.2376 train_acc=0.5826 test_loss=1.5964 test_acc=0.3759
Round 110 | selected=[49, 89, 46, 3, 79, 82, 16, 90, 57, 58]
Round 110 | train_loss=1.3378 train_acc=0.5200 test_loss=1.9608 test_acc=0.2905
Round 111 | selected=[12, 41, 68, 0, 93, 29, 81, 54, 44, 57]
Round 111 | train_loss=1.2449 train_acc=0.5766 test_loss=1.5822 test_acc=0.4104
Round 112 | selected=[16, 86, 51, 25, 57, 48, 34, 36, 63, 76]
Round 112 | train_loss=1.0649 train_acc=0.6624 test_loss=1.8212 test_acc=0.3381
Round 113 | selected=[70, 34, 33, 48, 27, 16, 50, 44, 24, 75]
Round 113 | train_loss=1.2934 train_acc=0.5634 test_loss=1.7341 test_acc=0.4016
Round 114 | selected=[26, 31, 15, 13, 51, 96, 86, 39, 90, 19]
Round 114 | train_loss=1.2349 train_acc=0.5852 test_loss=1.6615 test_acc=0.3689
Round 115 | selected=[71, 72, 74, 12, 84, 99, 76, 68, 59, 36]
Round 115 | train_loss=1.3079 train_acc=0.5634 test_loss=1.6423 test_acc=0.3609
Round 116 | selected=[6, 35, 55, 52, 97, 78, 5, 76, 53, 56]
Round 116 | train_loss=1.3280 train_acc=0.5222 test_loss=1.8094 test_acc=0.3685
Round 117 | selected=[33, 96, 7, 4, 53, 81, 67, 24, 88, 64]
Round 117 | train_loss=1.2997 train_acc=0.5646 test_loss=1.7004 test_acc=0.3537
Round 118 | selected=[24, 17, 90, 76, 39, 34, 35, 2, 66, 12]
Round 118 | train_loss=1.3182 train_acc=0.5486 test_loss=1.6152 test_acc=0.4016
Round 119 | selected=[64, 97, 94, 24, 45, 22, 48, 25, 81, 57]
Round 119 | train_loss=1.2125 train_acc=0.6030 test_loss=1.7033 test_acc=0.3410
Round 120 | selected=[28, 38, 41, 36, 30, 79, 5, 61, 50, 20]
Round 120 | train_loss=1.2156 train_acc=0.5830 test_loss=1.6726 test_acc=0.3823
Round 121 | selected=[34, 62, 94, 41, 27, 64, 96, 72, 45, 18]
Round 121 | train_loss=1.2030 train_acc=0.5856 test_loss=1.6550 test_acc=0.3603
Round 122 | selected=[76, 61, 9, 70, 37, 74, 85, 89, 64, 94]
Round 122 | train_loss=1.2529 train_acc=0.5822 test_loss=1.5896 test_acc=0.3905
Round 123 | selected=[28, 25, 19, 75, 43, 44, 87, 20, 38, 53]
Round 123 | train_loss=1.1346 train_acc=0.6222 test_loss=1.4584 test_acc=0.4523
Round 124 | selected=[99, 88, 92, 27, 57, 41, 61, 5, 11, 0]
Round 124 | train_loss=1.1764 train_acc=0.6108 test_loss=1.6061 test_acc=0.3570
Round 125 | selected=[20, 74, 28, 12, 55, 44, 81, 15, 50, 40]
Round 125 | train_loss=1.1630 train_acc=0.6052 test_loss=1.6672 test_acc=0.3628
Round 126 | selected=[71, 60, 16, 46, 39, 69, 48, 52, 23, 78]
Round 126 | train_loss=1.1481 train_acc=0.6178 test_loss=1.5095 test_acc=0.4150
Round 127 | selected=[61, 57, 4, 87, 66, 58, 82, 28, 26, 52]
Round 127 | train_loss=1.1991 train_acc=0.5934 test_loss=1.4602 test_acc=0.4349
Round 128 | selected=[68, 7, 43, 81, 46, 88, 94, 48, 47, 31]
Round 128 | train_loss=1.1031 train_acc=0.6312 test_loss=1.5084 test_acc=0.3969
Round 129 | selected=[68, 3, 51, 92, 84, 88, 79, 56, 85, 75]
Round 129 | train_loss=1.2188 train_acc=0.6072 test_loss=1.6684 test_acc=0.3377
Round 130 | selected=[38, 15, 69, 9, 21, 82, 43, 18, 92, 87]
Round 130 | train_loss=1.2572 train_acc=0.5720 test_loss=1.7287 test_acc=0.3777
Round 131 | selected=[3, 43, 73, 91, 81, 80, 55, 40, 14, 58]
Round 131 | train_loss=1.1911 train_acc=0.6182 test_loss=1.7089 test_acc=0.3533
Round 132 | selected=[93, 63, 46, 12, 78, 82, 52, 26, 86, 70]
Round 132 | train_loss=1.1516 train_acc=0.6168 test_loss=1.6398 test_acc=0.3902
Round 133 | selected=[51, 1, 92, 77, 82, 49, 75, 97, 36, 56]
Round 133 | train_loss=1.3214 train_acc=0.5526 test_loss=1.6945 test_acc=0.3586
Round 134 | selected=[80, 73, 62, 87, 45, 83, 89, 75, 46, 17]
Round 134 | train_loss=1.2049 train_acc=0.5786 test_loss=1.6479 test_acc=0.4180
Round 135 | selected=[8, 60, 45, 32, 28, 74, 93, 84, 29, 49]
Round 135 | train_loss=1.2701 train_acc=0.5824 test_loss=1.6564 test_acc=0.3717
Round 136 | selected=[69, 97, 91, 1, 40, 67, 98, 13, 56, 36]
Round 136 | train_loss=1.3007 train_acc=0.5618 test_loss=1.4584 test_acc=0.4642
Round 137 | selected=[54, 78, 37, 13, 5, 57, 2, 44, 48, 28]
Round 137 | train_loss=1.1175 train_acc=0.6212 test_loss=1.4617 test_acc=0.4438
Round 138 | selected=[26, 13, 33, 8, 77, 31, 28, 70, 47, 57]
Round 138 | train_loss=1.2365 train_acc=0.5866 test_loss=1.4330 test_acc=0.4456
Round 139 | selected=[74, 93, 85, 18, 84, 21, 68, 62, 72, 7]
Round 139 | train_loss=1.2055 train_acc=0.5848 test_loss=1.6728 test_acc=0.3591
Round 140 | selected=[63, 1, 77, 51, 48, 30, 67, 55, 36, 13]
Round 140 | train_loss=1.2301 train_acc=0.5914 test_loss=1.5240 test_acc=0.4212
Round 141 | selected=[48, 91, 29, 60, 4, 9, 22, 27, 45, 21]
Round 141 | train_loss=1.1272 train_acc=0.6336 test_loss=1.5659 test_acc=0.3802
Round 142 | selected=[22, 18, 17, 0, 42, 24, 13, 91, 35, 88]
Round 142 | train_loss=1.1279 train_acc=0.6238 test_loss=1.6743 test_acc=0.4046
Round 143 | selected=[5, 48, 37, 43, 54, 88, 30, 61, 34, 79]
Round 143 | train_loss=1.1727 train_acc=0.5974 test_loss=1.4477 test_acc=0.4505
Round 144 | selected=[2, 85, 26, 42, 67, 68, 93, 76, 58, 74]
Round 144 | train_loss=1.1515 train_acc=0.6264 test_loss=1.4589 test_acc=0.4541
Round 145 | selected=[52, 31, 1, 92, 23, 96, 40, 0, 16, 9]
Round 145 | train_loss=1.2459 train_acc=0.5924 test_loss=1.6771 test_acc=0.3483
Round 146 | selected=[34, 88, 98, 86, 89, 59, 60, 81, 28, 9]
Round 146 | train_loss=1.2221 train_acc=0.5988 test_loss=1.7414 test_acc=0.3265
Round 147 | selected=[59, 37, 57, 27, 82, 44, 83, 51, 92, 99]
Round 147 | train_loss=1.3643 train_acc=0.5410 test_loss=1.6078 test_acc=0.4396
Round 148 | selected=[73, 1, 71, 81, 14, 65, 8, 89, 67, 80]
Round 148 | train_loss=1.1735 train_acc=0.6224 test_loss=1.4041 test_acc=0.4709
Round 149 | selected=[87, 89, 42, 75, 8, 47, 19, 48, 50, 34]
Round 149 | train_loss=1.1145 train_acc=0.6312 test_loss=1.7201 test_acc=0.3459
Round 150 | selected=[92, 9, 4, 32, 53, 80, 22, 68, 2, 31]
Round 150 | train_loss=1.3113 train_acc=0.5708 test_loss=1.8004 test_acc=0.4012
Round 151 | selected=[79, 95, 42, 6, 1, 17, 76, 83, 73, 3]
Round 151 | train_loss=1.3114 train_acc=0.5658 test_loss=1.4759 test_acc=0.4526
Round 152 | selected=[93, 44, 6, 0, 10, 82, 81, 86, 48, 89]
Round 152 | train_loss=1.1393 train_acc=0.6042 test_loss=1.5756 test_acc=0.3722
Round 153 | selected=[32, 72, 9, 43, 55, 67, 78, 4, 6, 66]
Round 153 | train_loss=1.3077 train_acc=0.5442 test_loss=1.5511 test_acc=0.4274
Round 154 | selected=[31, 20, 52, 36, 15, 99, 72, 26, 40, 63]
Round 154 | train_loss=1.1774 train_acc=0.6088 test_loss=1.4449 test_acc=0.4681
Round 155 | selected=[78, 96, 56, 75, 63, 93, 38, 45, 89, 55]
Round 155 | train_loss=1.1260 train_acc=0.6206 test_loss=1.4394 test_acc=0.4394
Round 156 | selected=[64, 4, 87, 76, 91, 15, 95, 13, 83, 26]
Round 156 | train_loss=1.0850 train_acc=0.6500 test_loss=1.5737 test_acc=0.4081
Round 157 | selected=[0, 94, 14, 44, 90, 39, 93, 9, 96, 28]
Round 157 | train_loss=1.1911 train_acc=0.5880 test_loss=1.5725 test_acc=0.3915
Round 158 | selected=[35, 68, 67, 0, 54, 29, 85, 38, 47, 62]
Round 158 | train_loss=1.2135 train_acc=0.5734 test_loss=1.6379 test_acc=0.3954
Round 159 | selected=[87, 9, 16, 11, 92, 98, 24, 59, 46, 5]
Round 159 | train_loss=1.2863 train_acc=0.5836 test_loss=1.6196 test_acc=0.3845
Round 160 | selected=[16, 73, 81, 92, 30, 45, 27, 55, 80, 67]
Round 160 | train_loss=1.1450 train_acc=0.6066 test_loss=1.4290 test_acc=0.4641
Round 161 | selected=[77, 1, 56, 94, 89, 2, 20, 63, 72, 10]
Round 161 | train_loss=1.1144 train_acc=0.6134 test_loss=1.4732 test_acc=0.4490
Round 162 | selected=[8, 60, 47, 67, 14, 15, 43, 6, 85, 73]
Round 162 | train_loss=1.1758 train_acc=0.5960 test_loss=1.5274 test_acc=0.4259
Round 163 | selected=[13, 25, 29, 69, 22, 95, 50, 91, 38, 58]
Round 163 | train_loss=1.1237 train_acc=0.6214 test_loss=1.4954 test_acc=0.4320
Round 164 | selected=[63, 27, 66, 11, 8, 33, 28, 51, 97, 46]
Round 164 | train_loss=1.1306 train_acc=0.6162 test_loss=1.5359 test_acc=0.4176
Round 165 | selected=[68, 28, 63, 42, 10, 36, 34, 17, 25, 82]
Round 165 | train_loss=1.0843 train_acc=0.6296 test_loss=1.9784 test_acc=0.3590
Round 166 | selected=[22, 85, 98, 52, 86, 9, 88, 33, 80, 83]
Round 166 | train_loss=1.3157 train_acc=0.5690 test_loss=1.5490 test_acc=0.4145
Round 167 | selected=[27, 14, 36, 1, 31, 93, 56, 13, 35, 12]
Round 167 | train_loss=1.0819 train_acc=0.6304 test_loss=1.5381 test_acc=0.4058
Round 168 | selected=[22, 70, 43, 62, 93, 20, 1, 74, 92, 4]
Round 168 | train_loss=1.1610 train_acc=0.6096 test_loss=1.4851 test_acc=0.4374
Round 169 | selected=[77, 37, 53, 68, 18, 0, 74, 71, 40, 91]
Round 169 | train_loss=1.1098 train_acc=0.6324 test_loss=1.6742 test_acc=0.4013
Round 170 | selected=[90, 83, 81, 84, 56, 64, 42, 15, 99, 97]
Round 170 | train_loss=1.2265 train_acc=0.5816 test_loss=1.4082 test_acc=0.4710
Round 171 | selected=[11, 16, 40, 42, 64, 45, 33, 52, 4, 56]
Round 171 | train_loss=1.1483 train_acc=0.6200 test_loss=1.3922 test_acc=0.4619
Round 172 | selected=[56, 48, 57, 69, 58, 18, 21, 79, 59, 81]
Round 172 | train_loss=1.0956 train_acc=0.6212 test_loss=1.4210 test_acc=0.4491
Round 173 | selected=[38, 78, 27, 77, 11, 34, 92, 6, 63, 44]
Round 173 | train_loss=1.0908 train_acc=0.6458 test_loss=1.3937 test_acc=0.4710
Round 174 | selected=[14, 51, 84, 53, 69, 43, 13, 17, 16, 58]
Round 174 | train_loss=1.1478 train_acc=0.6404 test_loss=1.5006 test_acc=0.4599
Round 175 | selected=[75, 1, 58, 97, 62, 9, 19, 14, 71, 99]
Round 175 | train_loss=1.1431 train_acc=0.6282 test_loss=1.5923 test_acc=0.3681
Round 176 | selected=[25, 8, 30, 37, 35, 72, 67, 53, 83, 2]
Round 176 | train_loss=1.3530 train_acc=0.5434 test_loss=1.5405 test_acc=0.4167
Round 177 | selected=[9, 87, 86, 78, 33, 39, 10, 59, 58, 48]
Round 177 | train_loss=1.2034 train_acc=0.5990 test_loss=1.8431 test_acc=0.3198
Round 178 | selected=[40, 86, 7, 66, 69, 49, 13, 28, 75, 39]
Round 178 | train_loss=1.1968 train_acc=0.5872 test_loss=1.7729 test_acc=0.3407
Round 179 | selected=[8, 1, 83, 97, 43, 90, 21, 93, 62, 69]
Round 179 | train_loss=1.2300 train_acc=0.5648 test_loss=1.4932 test_acc=0.4503
Round 180 | selected=[31, 61, 2, 26, 28, 67, 44, 22, 24, 98]
Round 180 | train_loss=1.0640 train_acc=0.6584 test_loss=1.5425 test_acc=0.3989
Round 181 | selected=[54, 43, 64, 94, 18, 90, 39, 66, 78, 12]
Round 181 | train_loss=1.2284 train_acc=0.5540 test_loss=1.5210 test_acc=0.4368
Round 182 | selected=[89, 29, 33, 0, 84, 64, 60, 25, 79, 96]
Round 182 | train_loss=1.1078 train_acc=0.6232 test_loss=1.4848 test_acc=0.4347
Round 183 | selected=[44, 47, 24, 89, 68, 57, 80, 76, 28, 82]
Round 183 | train_loss=1.1745 train_acc=0.5986 test_loss=1.3104 test_acc=0.5073
Round 184 | selected=[33, 67, 90, 36, 56, 81, 34, 10, 97, 49]
Round 184 | train_loss=1.1156 train_acc=0.6092 test_loss=1.3653 test_acc=0.4681
Round 185 | selected=[48, 42, 79, 56, 0, 43, 76, 78, 7, 38]
Round 185 | train_loss=1.1584 train_acc=0.6134 test_loss=1.7556 test_acc=0.4028
Round 186 | selected=[79, 82, 47, 46, 59, 96, 85, 0, 50, 31]
Round 186 | train_loss=1.2170 train_acc=0.5934 test_loss=1.5720 test_acc=0.4539
Round 187 | selected=[98, 69, 25, 4, 57, 41, 47, 13, 16, 31]
Round 187 | train_loss=1.1338 train_acc=0.6256 test_loss=1.3929 test_acc=0.4801
Round 188 | selected=[0, 9, 55, 4, 32, 5, 22, 79, 46, 18]
Round 188 | train_loss=1.0441 train_acc=0.6486 test_loss=1.5566 test_acc=0.4257
Round 189 | selected=[44, 11, 7, 29, 65, 0, 99, 55, 93, 86]
Round 189 | train_loss=1.1021 train_acc=0.6340 test_loss=1.5907 test_acc=0.3778
Round 190 | selected=[41, 25, 89, 74, 31, 21, 34, 6, 27, 20]
Round 190 | train_loss=1.0336 train_acc=0.6468 test_loss=1.4858 test_acc=0.4190
Round 191 | selected=[5, 4, 95, 69, 91, 42, 77, 56, 29, 13]
Round 191 | train_loss=1.1999 train_acc=0.5792 test_loss=1.5292 test_acc=0.4466
Round 192 | selected=[77, 20, 65, 82, 52, 29, 60, 88, 74, 36]
Round 192 | train_loss=1.1841 train_acc=0.5864 test_loss=1.3373 test_acc=0.5068
Round 193 | selected=[37, 72, 48, 32, 79, 78, 82, 42, 28, 52]
Round 193 | train_loss=1.0768 train_acc=0.6358 test_loss=1.4654 test_acc=0.4412
Round 194 | selected=[87, 22, 15, 79, 38, 54, 56, 50, 20, 14]
Round 194 | train_loss=1.0900 train_acc=0.6344 test_loss=1.4710 test_acc=0.4273
Round 195 | selected=[19, 88, 26, 22, 10, 55, 25, 45, 89, 8]
Round 195 | train_loss=1.0633 train_acc=0.6444 test_loss=1.5015 test_acc=0.4245
Round 196 | selected=[4, 39, 95, 45, 27, 94, 10, 15, 12, 58]
Round 196 | train_loss=1.1697 train_acc=0.5946 test_loss=1.5696 test_acc=0.3943
Round 197 | selected=[13, 78, 76, 95, 20, 94, 70, 62, 90, 34]
Round 197 | train_loss=1.0871 train_acc=0.6296 test_loss=1.3821 test_acc=0.4732
Round 198 | selected=[79, 56, 26, 35, 22, 57, 20, 0, 11, 5]
Round 198 | train_loss=1.0284 train_acc=0.6560 test_loss=1.2562 test_acc=0.5347
Round 199 | selected=[65, 68, 20, 67, 93, 91, 21, 11, 33, 38]
Round 199 | train_loss=1.0244 train_acc=0.6590 test_loss=1.2595 test_acc=0.5311
Round 200 | selected=[64, 90, 8, 33, 75, 32, 66, 37, 31, 17]
Round 200 | train_loss=1.0476 train_acc=0.6462 test_loss=1.3692 test_acc=0.4974
Round 201 | selected=[77, 9, 70, 84, 8, 3, 32, 56, 27, 88]
Round 201 | train_loss=1.1350 train_acc=0.6154 test_loss=1.5086 test_acc=0.4248
Round 202 | selected=[72, 50, 81, 11, 75, 64, 80, 55, 10, 9]
Round 202 | train_loss=1.0562 train_acc=0.6406 test_loss=1.3954 test_acc=0.4772
Round 203 | selected=[62, 75, 2, 59, 43, 39, 11, 85, 98, 72]
Round 203 | train_loss=1.0293 train_acc=0.6654 test_loss=1.4313 test_acc=0.4474
Round 204 | selected=[12, 63, 70, 98, 17, 72, 27, 96, 21, 47]
Round 204 | train_loss=1.0823 train_acc=0.6246 test_loss=1.3709 test_acc=0.4833
Round 205 | selected=[36, 19, 77, 68, 14, 69, 53, 94, 76, 32]
Round 205 | train_loss=1.0800 train_acc=0.6338 test_loss=1.4666 test_acc=0.4473
Round 206 | selected=[46, 12, 29, 33, 79, 78, 67, 49, 61, 53]
Round 206 | train_loss=1.1693 train_acc=0.5928 test_loss=1.4032 test_acc=0.4816
Round 207 | selected=[85, 99, 2, 29, 54, 67, 31, 78, 52, 44]
Round 207 | train_loss=1.1035 train_acc=0.6312 test_loss=1.3169 test_acc=0.5068
Round 208 | selected=[85, 89, 73, 55, 66, 97, 27, 3, 75, 32]
Round 208 | train_loss=1.0436 train_acc=0.6490 test_loss=1.3748 test_acc=0.4743
Round 209 | selected=[65, 16, 41, 78, 73, 48, 3, 66, 90, 33]
Round 209 | train_loss=1.0733 train_acc=0.6328 test_loss=1.5984 test_acc=0.3815
Round 210 | selected=[95, 31, 82, 25, 67, 93, 73, 16, 22, 40]
Round 210 | train_loss=1.0786 train_acc=0.6264 test_loss=1.4889 test_acc=0.4532
Round 211 | selected=[44, 34, 32, 13, 37, 61, 25, 53, 21, 78]
Round 211 | train_loss=0.9877 train_acc=0.6786 test_loss=1.3385 test_acc=0.5011
Round 212 | selected=[48, 57, 11, 53, 14, 40, 62, 31, 83, 98]
Round 212 | train_loss=1.0444 train_acc=0.6508 test_loss=1.3189 test_acc=0.4946
Round 213 | selected=[74, 64, 18, 85, 44, 70, 7, 29, 56, 26]
Round 213 | train_loss=1.0014 train_acc=0.6746 test_loss=1.5660 test_acc=0.4189
Round 214 | selected=[69, 37, 68, 65, 38, 89, 86, 15, 61, 1]
Round 214 | train_loss=1.0864 train_acc=0.6404 test_loss=1.5908 test_acc=0.4396
Round 215 | selected=[76, 61, 41, 43, 55, 46, 62, 99, 14, 19]
Round 215 | train_loss=1.1133 train_acc=0.6286 test_loss=1.5256 test_acc=0.4496
Round 216 | selected=[36, 99, 80, 59, 93, 37, 33, 91, 90, 0]
Round 216 | train_loss=1.1301 train_acc=0.6148 test_loss=1.3661 test_acc=0.4879
Round 217 | selected=[35, 27, 97, 39, 66, 69, 43, 64, 70, 54]
Round 217 | train_loss=1.0671 train_acc=0.6366 test_loss=1.3724 test_acc=0.4688
Round 218 | selected=[65, 11, 90, 26, 94, 71, 10, 68, 16, 88]
Round 218 | train_loss=1.1398 train_acc=0.6090 test_loss=1.5613 test_acc=0.4304
Round 219 | selected=[85, 31, 30, 65, 86, 4, 90, 50, 82, 91]
Round 219 | train_loss=1.1021 train_acc=0.6320 test_loss=1.2980 test_acc=0.4908
Round 220 | selected=[4, 43, 56, 30, 51, 76, 95, 97, 86, 48]
Round 220 | train_loss=1.0361 train_acc=0.6560 test_loss=1.4509 test_acc=0.5007
Round 221 | selected=[5, 27, 8, 28, 41, 88, 24, 38, 21, 10]
Round 221 | train_loss=1.1706 train_acc=0.6086 test_loss=1.7189 test_acc=0.4229
Round 222 | selected=[15, 0, 49, 2, 72, 63, 5, 97, 94, 12]
Round 222 | train_loss=1.1017 train_acc=0.6368 test_loss=1.3262 test_acc=0.5097
Round 223 | selected=[37, 65, 7, 96, 13, 79, 36, 53, 38, 19]
Round 223 | train_loss=1.0751 train_acc=0.6326 test_loss=1.2862 test_acc=0.5180
Round 224 | selected=[18, 96, 26, 33, 54, 84, 76, 36, 95, 34]
Round 224 | train_loss=1.0021 train_acc=0.6572 test_loss=1.3333 test_acc=0.4824
Round 225 | selected=[54, 0, 59, 50, 13, 49, 65, 33, 5, 44]
Round 225 | train_loss=1.0010 train_acc=0.6686 test_loss=1.2328 test_acc=0.5327
Round 226 | selected=[18, 58, 96, 24, 20, 68, 19, 94, 54, 83]
Round 226 | train_loss=0.9723 train_acc=0.6748 test_loss=1.2626 test_acc=0.5213
Round 227 | selected=[93, 77, 5, 55, 10, 86, 98, 57, 54, 84]
Round 227 | train_loss=1.0160 train_acc=0.6376 test_loss=1.4203 test_acc=0.4347
Round 228 | selected=[1, 13, 45, 81, 23, 59, 6, 22, 71, 66]
Round 228 | train_loss=0.8998 train_acc=0.6952 test_loss=1.5015 test_acc=0.4562
Round 229 | selected=[8, 28, 38, 54, 36, 44, 75, 17, 91, 1]
Round 229 | train_loss=1.1167 train_acc=0.6206 test_loss=1.7183 test_acc=0.3614
Round 230 | selected=[18, 22, 92, 57, 86, 93, 17, 34, 78, 74]
Round 230 | train_loss=1.1649 train_acc=0.6024 test_loss=1.6917 test_acc=0.3748
Round 231 | selected=[14, 93, 63, 52, 98, 49, 15, 67, 51, 80]
Round 231 | train_loss=1.1603 train_acc=0.6008 test_loss=1.5207 test_acc=0.4288
Round 232 | selected=[73, 16, 43, 44, 66, 7, 99, 80, 10, 78]
Round 232 | train_loss=1.1412 train_acc=0.6174 test_loss=1.5044 test_acc=0.4598
Round 233 | selected=[1, 99, 18, 98, 15, 59, 97, 32, 82, 6]
Round 233 | train_loss=1.1081 train_acc=0.6040 test_loss=1.3947 test_acc=0.4747
Round 234 | selected=[13, 28, 43, 69, 45, 63, 57, 90, 32, 71]
Round 234 | train_loss=0.9747 train_acc=0.6670 test_loss=1.4584 test_acc=0.4406
Round 235 | selected=[3, 48, 54, 24, 74, 76, 65, 97, 77, 85]
Round 235 | train_loss=1.0371 train_acc=0.6574 test_loss=1.5768 test_acc=0.4478
Round 236 | selected=[73, 90, 61, 99, 16, 79, 6, 43, 98, 84]
Round 236 | train_loss=1.2648 train_acc=0.5616 test_loss=1.4200 test_acc=0.4594
Round 237 | selected=[98, 22, 3, 71, 23, 50, 67, 40, 66, 45]
Round 237 | train_loss=0.9887 train_acc=0.6690 test_loss=1.3388 test_acc=0.5005
Round 238 | selected=[27, 61, 46, 93, 48, 14, 62, 15, 33, 82]
Round 238 | train_loss=1.0630 train_acc=0.6544 test_loss=1.4220 test_acc=0.4673
Round 239 | selected=[34, 93, 9, 99, 2, 38, 6, 62, 74, 54]
Round 239 | train_loss=1.1202 train_acc=0.6114 test_loss=1.4007 test_acc=0.4487
Round 240 | selected=[77, 85, 7, 21, 84, 8, 79, 96, 5, 64]
Round 240 | train_loss=1.0343 train_acc=0.6328 test_loss=1.2659 test_acc=0.5421
Round 241 | selected=[46, 96, 53, 27, 16, 37, 84, 3, 89, 73]
Round 241 | train_loss=0.9743 train_acc=0.6774 test_loss=1.3200 test_acc=0.5004
Round 242 | selected=[32, 55, 44, 43, 26, 72, 81, 91, 25, 95]
Round 242 | train_loss=0.9889 train_acc=0.6772 test_loss=1.3956 test_acc=0.4711
Round 243 | selected=[84, 80, 6, 71, 29, 49, 36, 98, 75, 65]
Round 243 | train_loss=1.1236 train_acc=0.6062 test_loss=1.6184 test_acc=0.4027
Round 244 | selected=[74, 25, 27, 87, 50, 85, 21, 29, 18, 51]
Round 244 | train_loss=1.0974 train_acc=0.6344 test_loss=1.5189 test_acc=0.4225
Round 245 | selected=[69, 63, 56, 23, 14, 26, 37, 0, 59, 85]
Round 245 | train_loss=0.8812 train_acc=0.7156 test_loss=1.3255 test_acc=0.5151
Round 246 | selected=[45, 48, 55, 47, 3, 66, 90, 94, 98, 63]
Round 246 | train_loss=1.0886 train_acc=0.6264 test_loss=1.3865 test_acc=0.4766
Round 247 | selected=[26, 4, 25, 45, 32, 16, 75, 40, 10, 76]
Round 247 | train_loss=1.0328 train_acc=0.6478 test_loss=1.6048 test_acc=0.4185
Round 248 | selected=[86, 13, 60, 95, 99, 62, 0, 30, 48, 93]
Round 248 | train_loss=0.9363 train_acc=0.6868 test_loss=1.3139 test_acc=0.5320
Round 249 | selected=[82, 56, 19, 7, 35, 92, 8, 62, 23, 31]
Round 249 | train_loss=1.0575 train_acc=0.6410 test_loss=1.3259 test_acc=0.4898
Round 250 | selected=[75, 41, 91, 78, 34, 7, 51, 79, 6, 38]
Round 250 | train_loss=1.0250 train_acc=0.6486 test_loss=1.2735 test_acc=0.5274
Round 251 | selected=[84, 4, 27, 99, 3, 69, 18, 70, 19, 44]
Round 251 | train_loss=0.9739 train_acc=0.6784 test_loss=1.3786 test_acc=0.4857
Round 252 | selected=[22, 9, 12, 27, 46, 35, 14, 78, 34, 90]
Round 252 | train_loss=1.0593 train_acc=0.6368 test_loss=1.5250 test_acc=0.4064
Round 253 | selected=[13, 25, 53, 3, 16, 70, 34, 98, 8, 17]
Round 253 | train_loss=1.0320 train_acc=0.6538 test_loss=1.4647 test_acc=0.4565
Round 254 | selected=[90, 61, 39, 79, 22, 6, 51, 87, 98, 15]
Round 254 | train_loss=1.2253 train_acc=0.5842 test_loss=1.5283 test_acc=0.4424
Round 255 | selected=[67, 47, 18, 12, 63, 46, 51, 56, 9, 69]
Round 255 | train_loss=1.1047 train_acc=0.6290 test_loss=1.4085 test_acc=0.4409
Round 256 | selected=[52, 74, 75, 98, 46, 26, 69, 6, 68, 49]
Round 256 | train_loss=1.0522 train_acc=0.6334 test_loss=1.4100 test_acc=0.4561
Round 257 | selected=[51, 66, 9, 84, 96, 32, 57, 17, 11, 95]
Round 257 | train_loss=1.0999 train_acc=0.6370 test_loss=1.3249 test_acc=0.4972
Round 258 | selected=[84, 1, 95, 8, 57, 51, 62, 35, 55, 81]
Round 258 | train_loss=1.0057 train_acc=0.6662 test_loss=1.2318 test_acc=0.5313
Round 259 | selected=[15, 47, 91, 93, 41, 49, 46, 87, 59, 14]
Round 259 | train_loss=0.8801 train_acc=0.7220 test_loss=1.2786 test_acc=0.5243
Round 260 | selected=[21, 70, 7, 34, 29, 14, 19, 98, 30, 68]
Round 260 | train_loss=0.9747 train_acc=0.6656 test_loss=1.2680 test_acc=0.5134
Round 261 | selected=[14, 53, 2, 92, 71, 64, 8, 56, 61, 76]
Round 261 | train_loss=1.0056 train_acc=0.6866 test_loss=1.2035 test_acc=0.5636
Round 262 | selected=[18, 99, 62, 45, 10, 0, 30, 81, 65, 27]
Round 262 | train_loss=1.0176 train_acc=0.6596 test_loss=1.3033 test_acc=0.5031
Round 263 | selected=[99, 84, 57, 83, 76, 24, 31, 85, 60, 44]
Round 263 | train_loss=0.9974 train_acc=0.6726 test_loss=1.3670 test_acc=0.5042
Round 264 | selected=[23, 24, 57, 82, 12, 4, 47, 85, 2, 3]
Round 264 | train_loss=1.0635 train_acc=0.6418 test_loss=1.5212 test_acc=0.4544
Round 265 | selected=[42, 3, 18, 76, 12, 51, 93, 63, 53, 70]
Round 265 | train_loss=1.0218 train_acc=0.6692 test_loss=1.3087 test_acc=0.5352
Round 266 | selected=[54, 31, 34, 88, 37, 44, 59, 26, 1, 42]
Round 266 | train_loss=1.0069 train_acc=0.6696 test_loss=1.5929 test_acc=0.4109
Round 267 | selected=[33, 93, 30, 20, 70, 60, 59, 98, 44, 22]
Round 267 | train_loss=1.0545 train_acc=0.6480 test_loss=1.7376 test_acc=0.4383
Round 268 | selected=[5, 66, 60, 92, 57, 16, 74, 56, 18, 24]
Round 268 | train_loss=1.2274 train_acc=0.5960 test_loss=1.7607 test_acc=0.4352
Round 269 | selected=[29, 67, 22, 79, 57, 16, 49, 5, 66, 34]
Round 269 | train_loss=1.0762 train_acc=0.6368 test_loss=1.2013 test_acc=0.5520
Round 270 | selected=[4, 92, 67, 47, 37, 64, 77, 56, 24, 80]
Round 270 | train_loss=1.0001 train_acc=0.6554 test_loss=1.3217 test_acc=0.5030
Round 271 | selected=[89, 42, 70, 98, 28, 51, 29, 77, 73, 75]
Round 271 | train_loss=1.0038 train_acc=0.6630 test_loss=1.2381 test_acc=0.5313
Round 272 | selected=[90, 47, 71, 58, 34, 29, 10, 49, 46, 94]
Round 272 | train_loss=1.0440 train_acc=0.6336 test_loss=1.4190 test_acc=0.4670
Round 273 | selected=[88, 9, 15, 5, 98, 90, 55, 79, 13, 31]
Round 273 | train_loss=1.0189 train_acc=0.6446 test_loss=1.3746 test_acc=0.4888
Round 274 | selected=[10, 29, 8, 40, 34, 30, 5, 19, 55, 56]
Round 274 | train_loss=1.0176 train_acc=0.6338 test_loss=1.3345 test_acc=0.5046
Round 275 | selected=[15, 32, 6, 49, 74, 29, 71, 69, 14, 81]
Round 275 | train_loss=0.9005 train_acc=0.6936 test_loss=1.7427 test_acc=0.3781
Round 276 | selected=[91, 5, 57, 10, 27, 42, 6, 86, 26, 51]
Round 276 | train_loss=0.9527 train_acc=0.6648 test_loss=1.6703 test_acc=0.4180
Round 277 | selected=[38, 2, 37, 95, 45, 94, 88, 31, 25, 82]
Round 277 | train_loss=1.1337 train_acc=0.6254 test_loss=1.7488 test_acc=0.3885
Round 278 | selected=[5, 56, 52, 46, 64, 67, 87, 1, 90, 6]
Round 278 | train_loss=1.1911 train_acc=0.5902 test_loss=1.6878 test_acc=0.4341
Round 279 | selected=[58, 27, 30, 78, 93, 72, 4, 15, 28, 14]
Round 279 | train_loss=0.9642 train_acc=0.6846 test_loss=1.2763 test_acc=0.5305
Round 280 | selected=[87, 16, 41, 8, 44, 34, 74, 27, 84, 20]
Round 280 | train_loss=0.8968 train_acc=0.7022 test_loss=1.2517 test_acc=0.5198
Round 281 | selected=[83, 21, 77, 85, 1, 98, 72, 44, 2, 88]
Round 281 | train_loss=1.0215 train_acc=0.6434 test_loss=1.3229 test_acc=0.5006
Round 282 | selected=[5, 33, 64, 79, 0, 48, 62, 68, 99, 47]
Round 282 | train_loss=0.9579 train_acc=0.6730 test_loss=1.3762 test_acc=0.5050
Round 283 | selected=[90, 58, 4, 82, 80, 93, 70, 38, 8, 29]
Round 283 | train_loss=1.0900 train_acc=0.6256 test_loss=1.3151 test_acc=0.4942
Round 284 | selected=[21, 97, 72, 99, 11, 19, 93, 31, 24, 94]
Round 284 | train_loss=0.9827 train_acc=0.6658 test_loss=1.1855 test_acc=0.5421
Round 285 | selected=[85, 84, 63, 6, 68, 69, 45, 8, 55, 81]
Round 285 | train_loss=0.8247 train_acc=0.7176 test_loss=1.4243 test_acc=0.4263
Round 286 | selected=[86, 65, 19, 92, 67, 32, 35, 91, 20, 14]
Round 286 | train_loss=1.0067 train_acc=0.6450 test_loss=1.3320 test_acc=0.5178
Round 287 | selected=[37, 81, 84, 87, 63, 34, 19, 9, 91, 73]
Round 287 | train_loss=0.9483 train_acc=0.6798 test_loss=1.3556 test_acc=0.4680
Round 288 | selected=[70, 14, 62, 56, 69, 10, 22, 34, 84, 21]
Round 288 | train_loss=0.9836 train_acc=0.6570 test_loss=1.4126 test_acc=0.4682
Round 289 | selected=[23, 39, 18, 75, 11, 48, 33, 34, 58, 7]
Round 289 | train_loss=0.9012 train_acc=0.6892 test_loss=1.5366 test_acc=0.4273
Round 290 | selected=[87, 59, 79, 60, 92, 48, 39, 64, 38, 85]
Round 290 | train_loss=1.0384 train_acc=0.6436 test_loss=1.2236 test_acc=0.5585
Round 291 | selected=[42, 31, 27, 35, 1, 26, 50, 78, 72, 92]
Round 291 | train_loss=0.9415 train_acc=0.6898 test_loss=1.3400 test_acc=0.4900
Round 292 | selected=[33, 60, 76, 28, 53, 97, 27, 88, 26, 38]
Round 292 | train_loss=1.0268 train_acc=0.6676 test_loss=1.3453 test_acc=0.5186
Round 293 | selected=[30, 28, 89, 61, 95, 29, 5, 16, 1, 8]
Round 293 | train_loss=0.9672 train_acc=0.6786 test_loss=1.2531 test_acc=0.5421
Round 294 | selected=[88, 86, 34, 75, 69, 73, 59, 4, 57, 65]
Round 294 | train_loss=0.9459 train_acc=0.6804 test_loss=1.2374 test_acc=0.5144
Round 295 | selected=[10, 95, 40, 43, 6, 17, 9, 30, 1, 47]
Round 295 | train_loss=1.1006 train_acc=0.6168 test_loss=1.3015 test_acc=0.5223
Round 296 | selected=[15, 78, 11, 88, 18, 51, 53, 99, 75, 82]
Round 296 | train_loss=1.0099 train_acc=0.6754 test_loss=1.1684 test_acc=0.5827
Round 297 | selected=[8, 76, 91, 9, 59, 2, 17, 73, 43, 47]
Round 297 | train_loss=0.9541 train_acc=0.6896 test_loss=1.3527 test_acc=0.4970
Round 298 | selected=[22, 38, 50, 98, 71, 47, 36, 94, 5, 55]
Round 298 | train_loss=1.0125 train_acc=0.6416 test_loss=1.4927 test_acc=0.4172
Round 299 | selected=[84, 36, 47, 95, 3, 76, 38, 43, 37, 88]
Round 299 | train_loss=1.0069 train_acc=0.6652 test_loss=1.2326 test_acc=0.5515
Round 300 | selected=[6, 8, 48, 93, 64, 4, 91, 99, 43, 53]
Round 300 | train_loss=0.9356 train_acc=0.6862 test_loss=1.1702 test_acc=0.5664
Round 301 | selected=[19, 42, 87, 57, 66, 58, 67, 18, 95, 84]
Round 301 | train_loss=0.9579 train_acc=0.6826 test_loss=1.2541 test_acc=0.5116
Round 302 | selected=[15, 86, 34, 66, 82, 59, 13, 83, 65, 35]
Round 302 | train_loss=0.9769 train_acc=0.6644 test_loss=1.4511 test_acc=0.4824
Round 303 | selected=[15, 39, 68, 7, 83, 42, 33, 45, 94, 0]
Round 303 | train_loss=0.9965 train_acc=0.6606 test_loss=1.2765 test_acc=0.5192
Round 304 | selected=[3, 45, 68, 86, 18, 7, 28, 63, 36, 42]
Round 304 | train_loss=0.8356 train_acc=0.7248 test_loss=1.5535 test_acc=0.4113
Round 305 | selected=[38, 13, 95, 71, 94, 54, 81, 12, 11, 29]
Round 305 | train_loss=0.9578 train_acc=0.6666 test_loss=1.7046 test_acc=0.3866
Round 306 | selected=[32, 12, 26, 1, 68, 0, 39, 84, 51, 58]
Round 306 | train_loss=1.0858 train_acc=0.6418 test_loss=1.4710 test_acc=0.4870
Round 307 | selected=[54, 97, 68, 26, 84, 8, 30, 56, 42, 53]
Round 307 | train_loss=1.0978 train_acc=0.6374 test_loss=1.1980 test_acc=0.5433
Round 308 | selected=[74, 34, 38, 96, 73, 15, 90, 45, 39, 94]
Round 308 | train_loss=1.0406 train_acc=0.6298 test_loss=1.4508 test_acc=0.4349
Round 309 | selected=[64, 65, 12, 14, 27, 53, 5, 10, 89, 88]
Round 309 | train_loss=1.0620 train_acc=0.6332 test_loss=1.4549 test_acc=0.4586
Round 310 | selected=[77, 92, 46, 49, 76, 48, 95, 13, 27, 50]
Round 310 | train_loss=1.0804 train_acc=0.6426 test_loss=1.5196 test_acc=0.4676
Round 311 | selected=[77, 69, 64, 35, 50, 5, 46, 10, 18, 27]
Round 311 | train_loss=0.9432 train_acc=0.6718 test_loss=1.1534 test_acc=0.5736
Round 312 | selected=[94, 43, 0, 33, 78, 72, 47, 89, 41, 73]
Round 312 | train_loss=0.8681 train_acc=0.7068 test_loss=1.4747 test_acc=0.4515
Round 313 | selected=[89, 66, 68, 39, 60, 46, 19, 42, 11, 36]
Round 313 | train_loss=1.0758 train_acc=0.6450 test_loss=1.5809 test_acc=0.4807
Round 314 | selected=[26, 14, 18, 23, 28, 45, 24, 19, 31, 87]
Round 314 | train_loss=0.9516 train_acc=0.6910 test_loss=1.1483 test_acc=0.5853
Round 315 | selected=[73, 34, 70, 50, 5, 46, 35, 92, 23, 2]
Round 315 | train_loss=0.8440 train_acc=0.7202 test_loss=1.3313 test_acc=0.4850
Round 316 | selected=[65, 72, 83, 13, 25, 68, 20, 62, 57, 76]
Round 316 | train_loss=0.9295 train_acc=0.6892 test_loss=1.1748 test_acc=0.5644
Round 317 | selected=[13, 71, 19, 70, 61, 77, 89, 75, 25, 54]
Round 317 | train_loss=0.8699 train_acc=0.7080 test_loss=1.1652 test_acc=0.5529
Round 318 | selected=[50, 33, 30, 85, 59, 41, 76, 99, 87, 29]
Round 318 | train_loss=0.8746 train_acc=0.7130 test_loss=1.2668 test_acc=0.5333
Round 319 | selected=[45, 43, 82, 41, 68, 93, 14, 62, 54, 77]
Round 319 | train_loss=0.9475 train_acc=0.6660 test_loss=1.2273 test_acc=0.5257
Round 320 | selected=[44, 33, 53, 26, 11, 15, 35, 37, 45, 96]
Round 320 | train_loss=0.8928 train_acc=0.6924 test_loss=1.2353 test_acc=0.5468
Round 321 | selected=[24, 79, 19, 10, 51, 92, 61, 0, 18, 34]
Round 321 | train_loss=1.0711 train_acc=0.6466 test_loss=1.2788 test_acc=0.5297
Round 322 | selected=[59, 14, 35, 92, 86, 91, 4, 48, 69, 20]
Round 322 | train_loss=0.8756 train_acc=0.7182 test_loss=1.2047 test_acc=0.5617
Round 323 | selected=[73, 8, 97, 57, 67, 2, 48, 34, 89, 18]
Round 323 | train_loss=0.8758 train_acc=0.7078 test_loss=1.2414 test_acc=0.5199
Round 324 | selected=[95, 67, 93, 52, 82, 70, 87, 83, 57, 53]
Round 324 | train_loss=0.9445 train_acc=0.6708 test_loss=1.0967 test_acc=0.6166
Round 325 | selected=[36, 97, 37, 31, 28, 51, 8, 15, 16, 66]
Round 325 | train_loss=0.8745 train_acc=0.7164 test_loss=1.0786 test_acc=0.6126
Round 326 | selected=[10, 17, 35, 66, 50, 90, 86, 63, 36, 87]
Round 326 | train_loss=0.7939 train_acc=0.7220 test_loss=1.2907 test_acc=0.5199
Round 327 | selected=[84, 20, 82, 53, 68, 3, 31, 97, 61, 90]
Round 327 | train_loss=0.9964 train_acc=0.6688 test_loss=1.3138 test_acc=0.5304
Round 328 | selected=[9, 63, 78, 28, 69, 35, 73, 57, 44, 15]
Round 328 | train_loss=0.9110 train_acc=0.6878 test_loss=1.3895 test_acc=0.4686
Round 329 | selected=[32, 72, 88, 12, 64, 15, 46, 86, 45, 10]
Round 329 | train_loss=0.9365 train_acc=0.6824 test_loss=1.2081 test_acc=0.5422
Round 330 | selected=[88, 68, 58, 38, 77, 80, 31, 12, 92, 72]
Round 330 | train_loss=0.9649 train_acc=0.6754 test_loss=1.2086 test_acc=0.5355
Round 331 | selected=[32, 57, 46, 5, 30, 84, 1, 27, 99, 49]
Round 331 | train_loss=0.9186 train_acc=0.6930 test_loss=1.5480 test_acc=0.4606
Round 332 | selected=[47, 29, 69, 98, 45, 31, 13, 5, 73, 55]
Round 332 | train_loss=1.0030 train_acc=0.6546 test_loss=1.4307 test_acc=0.4869
Round 333 | selected=[41, 88, 27, 1, 49, 64, 57, 97, 26, 75]
Round 333 | train_loss=0.9691 train_acc=0.6700 test_loss=1.6610 test_acc=0.4112
Round 334 | selected=[46, 68, 56, 71, 49, 76, 93, 43, 4, 53]
Round 334 | train_loss=0.9226 train_acc=0.6956 test_loss=1.1630 test_acc=0.5816
Round 335 | selected=[18, 9, 62, 26, 63, 56, 65, 85, 37, 98]
Round 335 | train_loss=0.9087 train_acc=0.7070 test_loss=1.0693 test_acc=0.6128
Round 336 | selected=[29, 44, 88, 33, 65, 81, 34, 86, 57, 99]
Round 336 | train_loss=0.8530 train_acc=0.7198 test_loss=1.1860 test_acc=0.5331
Round 337 | selected=[33, 77, 68, 37, 39, 70, 29, 66, 41, 23]
Round 337 | train_loss=0.8795 train_acc=0.6970 test_loss=1.3051 test_acc=0.5189
Round 338 | selected=[5, 13, 3, 32, 71, 41, 74, 94, 45, 82]
Round 338 | train_loss=0.8927 train_acc=0.6924 test_loss=1.2207 test_acc=0.5507
Round 339 | selected=[52, 48, 16, 6, 43, 19, 56, 46, 75, 20]
Round 339 | train_loss=0.9163 train_acc=0.6822 test_loss=1.3601 test_acc=0.5123
Round 340 | selected=[12, 14, 92, 86, 31, 63, 36, 65, 81, 24]
Round 340 | train_loss=0.8978 train_acc=0.6954 test_loss=2.1374 test_acc=0.3554
Round 341 | selected=[67, 64, 8, 33, 51, 41, 68, 43, 1, 82]
Round 341 | train_loss=1.0842 train_acc=0.6338 test_loss=1.3422 test_acc=0.5513
Round 342 | selected=[52, 79, 34, 65, 60, 73, 83, 87, 94, 35]
Round 342 | train_loss=0.9283 train_acc=0.6794 test_loss=1.1577 test_acc=0.5531
Round 343 | selected=[84, 91, 87, 33, 67, 11, 48, 4, 54, 97]
Round 343 | train_loss=0.9284 train_acc=0.6808 test_loss=1.1135 test_acc=0.5819
Round 344 | selected=[67, 15, 84, 29, 54, 50, 34, 63, 43, 7]
Round 344 | train_loss=0.8423 train_acc=0.7106 test_loss=1.1049 test_acc=0.5995
Round 345 | selected=[3, 4, 46, 79, 83, 13, 48, 91, 5, 52]
Round 345 | train_loss=0.8716 train_acc=0.7144 test_loss=1.3851 test_acc=0.4840
Round 346 | selected=[60, 49, 71, 83, 17, 59, 62, 79, 85, 48]
Round 346 | train_loss=0.8890 train_acc=0.7078 test_loss=1.4273 test_acc=0.4707
Round 347 | selected=[75, 44, 68, 72, 1, 52, 42, 41, 18, 74]
Round 347 | train_loss=0.9026 train_acc=0.6952 test_loss=1.2458 test_acc=0.5531
Round 348 | selected=[13, 59, 43, 30, 1, 22, 53, 70, 28, 24]
Round 348 | train_loss=0.9421 train_acc=0.6886 test_loss=1.2075 test_acc=0.5654
Round 349 | selected=[27, 66, 26, 44, 22, 64, 23, 38, 63, 98]
Round 349 | train_loss=1.0385 train_acc=0.6754 test_loss=1.4261 test_acc=0.4540
Round 350 | selected=[65, 66, 61, 78, 37, 69, 47, 55, 27, 88]
Round 350 | train_loss=1.1054 train_acc=0.6334 test_loss=1.3843 test_acc=0.5370
Round 351 | selected=[8, 42, 70, 7, 91, 45, 3, 89, 6, 30]
Round 351 | train_loss=1.0011 train_acc=0.6668 test_loss=1.1335 test_acc=0.5870
Round 352 | selected=[41, 11, 20, 4, 95, 30, 3, 42, 81, 91]
Round 352 | train_loss=0.8321 train_acc=0.7216 test_loss=1.1810 test_acc=0.5496
Round 353 | selected=[23, 96, 82, 34, 43, 10, 48, 17, 49, 80]
Round 353 | train_loss=0.9359 train_acc=0.6860 test_loss=1.3925 test_acc=0.4822
Round 354 | selected=[69, 4, 64, 47, 79, 65, 9, 90, 46, 62]
Round 354 | train_loss=1.0368 train_acc=0.6482 test_loss=1.1917 test_acc=0.5536
Round 355 | selected=[85, 32, 23, 35, 17, 77, 6, 34, 87, 59]
Round 355 | train_loss=0.8582 train_acc=0.7040 test_loss=1.1522 test_acc=0.5911
Round 356 | selected=[43, 65, 71, 57, 12, 86, 90, 62, 2, 15]
Round 356 | train_loss=0.8774 train_acc=0.7062 test_loss=1.3157 test_acc=0.5401
Round 357 | selected=[53, 83, 64, 93, 4, 2, 15, 35, 72, 51]
Round 357 | train_loss=0.8384 train_acc=0.7276 test_loss=1.1435 test_acc=0.5784
Round 358 | selected=[17, 46, 60, 25, 88, 52, 85, 97, 16, 98]
Round 358 | train_loss=0.8504 train_acc=0.7134 test_loss=1.2047 test_acc=0.5530
Round 359 | selected=[7, 47, 96, 95, 78, 48, 90, 14, 23, 87]
Round 359 | train_loss=0.9145 train_acc=0.6822 test_loss=1.5392 test_acc=0.4492
Round 360 | selected=[74, 24, 2, 43, 70, 86, 57, 3, 61, 93]
Round 360 | train_loss=1.0310 train_acc=0.6582 test_loss=1.5966 test_acc=0.4949
Round 361 | selected=[36, 92, 37, 64, 31, 19, 52, 98, 54, 50]
Round 361 | train_loss=1.0653 train_acc=0.6346 test_loss=1.4994 test_acc=0.4212
Round 362 | selected=[32, 80, 69, 46, 42, 61, 81, 12, 96, 59]
Round 362 | train_loss=0.9595 train_acc=0.6762 test_loss=1.3080 test_acc=0.5160
Round 363 | selected=[45, 38, 7, 19, 58, 20, 51, 16, 44, 89]
Round 363 | train_loss=1.0234 train_acc=0.6558 test_loss=1.2931 test_acc=0.5108
Round 364 | selected=[68, 13, 39, 96, 35, 70, 89, 75, 76, 83]
Round 364 | train_loss=0.8602 train_acc=0.7104 test_loss=1.2655 test_acc=0.5374
Round 365 | selected=[71, 66, 72, 19, 89, 4, 54, 59, 3, 20]
Round 365 | train_loss=0.8626 train_acc=0.7126 test_loss=1.0828 test_acc=0.5952
Round 366 | selected=[17, 16, 61, 18, 59, 9, 6, 77, 78, 29]
Round 366 | train_loss=0.8737 train_acc=0.7034 test_loss=1.2306 test_acc=0.5598
Round 367 | selected=[64, 63, 66, 80, 42, 7, 62, 15, 37, 32]
Round 367 | train_loss=0.7987 train_acc=0.7330 test_loss=1.3660 test_acc=0.5406
Round 368 | selected=[55, 99, 16, 41, 39, 26, 50, 63, 94, 5]
Round 368 | train_loss=0.8149 train_acc=0.7272 test_loss=1.1853 test_acc=0.5844
Round 369 | selected=[55, 85, 87, 99, 13, 26, 74, 5, 93, 48]
Round 369 | train_loss=0.7787 train_acc=0.7428 test_loss=1.0315 test_acc=0.6221
Round 370 | selected=[25, 17, 70, 73, 83, 42, 82, 97, 41, 66]
Round 370 | train_loss=0.8134 train_acc=0.7352 test_loss=1.0699 test_acc=0.6067
Round 371 | selected=[41, 57, 33, 83, 79, 53, 1, 3, 40, 18]
Round 371 | train_loss=0.8501 train_acc=0.7176 test_loss=1.0479 test_acc=0.6180
Round 372 | selected=[94, 57, 39, 5, 1, 58, 18, 0, 95, 98]
Round 372 | train_loss=0.8141 train_acc=0.7268 test_loss=1.0731 test_acc=0.6160
Round 373 | selected=[24, 42, 16, 27, 87, 85, 50, 35, 36, 34]
Round 373 | train_loss=0.7626 train_acc=0.7516 test_loss=1.0990 test_acc=0.5895
Round 374 | selected=[57, 22, 59, 64, 88, 14, 8, 82, 16, 68]
Round 374 | train_loss=0.8464 train_acc=0.7150 test_loss=1.1151 test_acc=0.5887
Round 375 | selected=[59, 46, 45, 9, 56, 79, 97, 51, 81, 50]
Round 375 | train_loss=0.9217 train_acc=0.7030 test_loss=1.2559 test_acc=0.5476
Round 376 | selected=[55, 72, 88, 11, 81, 27, 22, 35, 76, 18]
Round 376 | train_loss=0.7934 train_acc=0.7374 test_loss=1.1919 test_acc=0.5548
Round 377 | selected=[15, 4, 78, 12, 1, 81, 67, 68, 22, 23]
Round 377 | train_loss=0.7898 train_acc=0.7430 test_loss=1.5556 test_acc=0.4327
Round 378 | selected=[79, 44, 87, 6, 93, 84, 50, 16, 64, 61]
Round 378 | train_loss=0.9372 train_acc=0.6748 test_loss=1.2556 test_acc=0.5663
Round 379 | selected=[57, 33, 47, 74, 50, 1, 89, 75, 85, 0]
Round 379 | train_loss=0.8199 train_acc=0.7280 test_loss=0.9945 test_acc=0.6397
Round 380 | selected=[93, 84, 58, 17, 71, 2, 87, 73, 46, 67]
Round 380 | train_loss=0.7692 train_acc=0.7530 test_loss=1.0933 test_acc=0.5813
Round 381 | selected=[86, 10, 52, 95, 25, 31, 75, 24, 8, 51]
Round 381 | train_loss=0.8804 train_acc=0.7020 test_loss=1.1805 test_acc=0.5543
Round 382 | selected=[35, 8, 11, 78, 45, 46, 53, 88, 77, 89]
Round 382 | train_loss=0.9444 train_acc=0.6838 test_loss=1.1988 test_acc=0.5653
Round 383 | selected=[80, 58, 31, 43, 35, 30, 92, 26, 60, 4]
Round 383 | train_loss=0.8681 train_acc=0.7118 test_loss=1.0751 test_acc=0.6112
Round 384 | selected=[48, 47, 67, 89, 77, 41, 99, 0, 51, 52]
Round 384 | train_loss=0.8069 train_acc=0.7314 test_loss=1.0522 test_acc=0.6203
Round 385 | selected=[34, 75, 10, 44, 89, 33, 15, 16, 45, 71]
Round 385 | train_loss=0.7836 train_acc=0.7348 test_loss=1.0866 test_acc=0.5943
Round 386 | selected=[32, 58, 49, 88, 11, 64, 22, 73, 43, 57]
Round 386 | train_loss=0.8688 train_acc=0.7138 test_loss=1.1214 test_acc=0.5954
Round 387 | selected=[88, 63, 29, 67, 0, 46, 37, 68, 51, 71]
Round 387 | train_loss=0.8005 train_acc=0.7446 test_loss=1.2090 test_acc=0.5495
Round 388 | selected=[66, 51, 90, 42, 38, 45, 22, 58, 73, 37]
Round 388 | train_loss=0.8783 train_acc=0.7016 test_loss=1.0826 test_acc=0.5998
Round 389 | selected=[46, 91, 59, 15, 39, 94, 83, 33, 63, 60]
Round 389 | train_loss=0.7722 train_acc=0.7396 test_loss=1.1251 test_acc=0.5981
Round 390 | selected=[34, 70, 93, 66, 42, 65, 6, 28, 3, 13]
Round 390 | train_loss=0.7912 train_acc=0.7282 test_loss=1.0495 test_acc=0.6069
Round 391 | selected=[52, 42, 68, 88, 58, 19, 44, 65, 7, 11]
Round 391 | train_loss=0.8738 train_acc=0.7104 test_loss=1.0999 test_acc=0.5801
Round 392 | selected=[76, 68, 52, 70, 44, 63, 15, 47, 57, 23]
Round 392 | train_loss=0.7723 train_acc=0.7402 test_loss=1.3713 test_acc=0.5033
Round 393 | selected=[48, 81, 11, 54, 29, 21, 22, 78, 56, 26]
Round 393 | train_loss=0.9072 train_acc=0.6968 test_loss=1.1786 test_acc=0.5679
Round 394 | selected=[42, 63, 92, 58, 39, 77, 48, 6, 32, 72]
Round 394 | train_loss=0.8644 train_acc=0.7016 test_loss=1.1511 test_acc=0.5770
Round 395 | selected=[23, 65, 97, 98, 12, 5, 14, 39, 91, 20]
Round 395 | train_loss=0.8474 train_acc=0.7094 test_loss=1.0544 test_acc=0.6067
Round 396 | selected=[18, 93, 83, 50, 61, 78, 86, 75, 23, 56]
Round 396 | train_loss=0.7549 train_acc=0.7444 test_loss=1.1890 test_acc=0.5621
Round 397 | selected=[50, 57, 61, 97, 49, 68, 55, 65, 48, 28]
Round 397 | train_loss=0.8045 train_acc=0.7342 test_loss=1.1574 test_acc=0.5793
Round 398 | selected=[14, 18, 78, 51, 8, 33, 68, 6, 35, 22]
Round 398 | train_loss=0.8960 train_acc=0.6952 test_loss=1.2769 test_acc=0.5415
Round 399 | selected=[67, 33, 68, 29, 25, 78, 26, 58, 6, 31]
Round 399 | train_loss=0.7643 train_acc=0.7414 test_loss=1.1503 test_acc=0.5815
Round 400 | selected=[17, 35, 98, 39, 89, 68, 67, 95, 34, 26]
Round 400 | train_loss=0.7463 train_acc=0.7506 test_loss=1.0705 test_acc=0.6286
Round 401 | selected=[68, 0, 85, 24, 26, 51, 74, 98, 89, 61]
Round 401 | train_loss=0.7583 train_acc=0.7510 test_loss=1.1094 test_acc=0.5970
Round 402 | selected=[40, 66, 41, 47, 23, 77, 80, 89, 95, 11]
Round 402 | train_loss=0.8125 train_acc=0.7338 test_loss=1.1662 test_acc=0.5646
Round 403 | selected=[70, 90, 28, 35, 96, 88, 47, 72, 24, 0]
Round 403 | train_loss=0.8529 train_acc=0.7098 test_loss=1.1250 test_acc=0.5938
Round 404 | selected=[40, 15, 3, 82, 97, 16, 37, 70, 63, 6]
Round 404 | train_loss=0.8632 train_acc=0.7056 test_loss=1.2299 test_acc=0.5546
Round 405 | selected=[18, 69, 43, 94, 97, 93, 4, 48, 60, 28]
Round 405 | train_loss=0.8561 train_acc=0.7148 test_loss=1.0375 test_acc=0.6289
Round 406 | selected=[33, 64, 93, 80, 11, 89, 92, 10, 85, 65]
Round 406 | train_loss=0.8712 train_acc=0.7038 test_loss=0.9707 test_acc=0.6582
Round 407 | selected=[44, 67, 1, 17, 19, 28, 69, 49, 42, 45]
Round 407 | train_loss=0.8208 train_acc=0.7364 test_loss=1.1953 test_acc=0.5443
Round 408 | selected=[35, 44, 21, 86, 91, 74, 42, 79, 9, 11]
Round 408 | train_loss=0.8588 train_acc=0.7026 test_loss=1.2282 test_acc=0.5669
Round 409 | selected=[42, 14, 96, 17, 80, 79, 65, 16, 8, 34]
Round 409 | train_loss=0.8448 train_acc=0.7196 test_loss=1.1932 test_acc=0.5924
Round 410 | selected=[50, 48, 3, 53, 88, 96, 91, 8, 80, 82]
Round 410 | train_loss=0.8053 train_acc=0.7346 test_loss=1.0493 test_acc=0.6108
Round 411 | selected=[33, 19, 99, 3, 61, 46, 43, 48, 84, 50]
Round 411 | train_loss=0.8157 train_acc=0.7410 test_loss=0.9824 test_acc=0.6432
Round 412 | selected=[36, 80, 91, 26, 53, 28, 78, 92, 8, 93]
Round 412 | train_loss=0.8185 train_acc=0.7284 test_loss=1.0629 test_acc=0.6304
Round 413 | selected=[35, 88, 70, 19, 71, 7, 83, 79, 50, 85]
Round 413 | train_loss=0.7267 train_acc=0.7626 test_loss=1.2022 test_acc=0.5532
Round 414 | selected=[47, 67, 28, 63, 19, 90, 69, 35, 10, 16]
Round 414 | train_loss=0.9362 train_acc=0.6814 test_loss=1.0498 test_acc=0.6274
Round 415 | selected=[47, 19, 85, 86, 94, 83, 24, 63, 65, 57]
Round 415 | train_loss=0.8263 train_acc=0.7246 test_loss=1.0856 test_acc=0.5970
Round 416 | selected=[15, 3, 0, 19, 78, 73, 38, 51, 35, 43]
Round 416 | train_loss=0.8438 train_acc=0.7180 test_loss=1.2619 test_acc=0.5418
Round 417 | selected=[13, 24, 14, 15, 78, 61, 97, 3, 90, 48]
Round 417 | train_loss=0.8048 train_acc=0.7334 test_loss=1.0686 test_acc=0.5945
Round 418 | selected=[46, 16, 6, 83, 79, 28, 23, 20, 24, 66]
Round 418 | train_loss=0.7432 train_acc=0.7382 test_loss=0.9505 test_acc=0.6616
Round 419 | selected=[48, 76, 47, 21, 67, 80, 13, 0, 9, 35]
Round 419 | train_loss=0.7671 train_acc=0.7518 test_loss=1.1716 test_acc=0.5736
Round 420 | selected=[65, 71, 28, 55, 68, 30, 32, 60, 31, 2]
Round 420 | train_loss=0.8246 train_acc=0.7154 test_loss=1.2266 test_acc=0.5705
Round 421 | selected=[30, 22, 50, 17, 29, 76, 91, 16, 1, 31]
Round 421 | train_loss=0.8366 train_acc=0.7236 test_loss=1.1662 test_acc=0.5785
Round 422 | selected=[49, 60, 0, 29, 96, 16, 48, 47, 4, 79]
Round 422 | train_loss=0.7757 train_acc=0.7424 test_loss=0.9513 test_acc=0.6642
Round 423 | selected=[81, 65, 94, 22, 74, 62, 27, 90, 71, 72]
Round 423 | train_loss=0.7664 train_acc=0.7468 test_loss=1.1032 test_acc=0.6043
Round 424 | selected=[69, 70, 82, 45, 75, 21, 11, 64, 44, 79]
Round 424 | train_loss=0.7822 train_acc=0.7354 test_loss=0.9862 test_acc=0.6484
Round 425 | selected=[3, 67, 78, 0, 46, 99, 61, 73, 34, 83]
Round 425 | train_loss=0.7947 train_acc=0.7416 test_loss=1.2015 test_acc=0.5805
Round 426 | selected=[53, 63, 98, 39, 96, 79, 61, 58, 36, 91]
Round 426 | train_loss=0.8364 train_acc=0.7208 test_loss=1.1523 test_acc=0.5759
Round 427 | selected=[69, 99, 48, 80, 13, 62, 93, 43, 19, 16]
Round 427 | train_loss=0.7514 train_acc=0.7514 test_loss=1.0023 test_acc=0.6319
Round 428 | selected=[18, 28, 43, 54, 58, 92, 45, 32, 4, 29]
Round 428 | train_loss=0.7860 train_acc=0.7254 test_loss=1.0360 test_acc=0.6039
Round 429 | selected=[64, 6, 28, 31, 80, 33, 21, 83, 89, 25]
Round 429 | train_loss=0.7798 train_acc=0.7256 test_loss=1.1109 test_acc=0.5924
Round 430 | selected=[34, 17, 70, 50, 10, 89, 94, 37, 23, 22]
Round 430 | train_loss=0.7363 train_acc=0.7568 test_loss=0.9689 test_acc=0.6476
Round 431 | selected=[19, 30, 54, 20, 68, 3, 82, 73, 96, 90]
Round 431 | train_loss=0.7689 train_acc=0.7414 test_loss=1.0244 test_acc=0.6275
Round 432 | selected=[45, 29, 26, 16, 80, 56, 49, 89, 53, 34]
Round 432 | train_loss=0.7790 train_acc=0.7416 test_loss=1.0640 test_acc=0.6413
Round 433 | selected=[43, 49, 22, 74, 47, 54, 77, 56, 23, 80]
Round 433 | train_loss=0.8617 train_acc=0.7120 test_loss=1.3320 test_acc=0.5687
Round 434 | selected=[65, 23, 87, 33, 86, 91, 59, 21, 58, 31]
Round 434 | train_loss=0.7503 train_acc=0.7562 test_loss=0.9771 test_acc=0.6526
Round 435 | selected=[90, 10, 23, 47, 26, 99, 61, 96, 28, 48]
Round 435 | train_loss=0.8067 train_acc=0.7226 test_loss=1.1026 test_acc=0.5918
Round 436 | selected=[30, 22, 98, 18, 55, 90, 93, 65, 31, 71]
Round 436 | train_loss=0.8540 train_acc=0.7150 test_loss=1.2345 test_acc=0.5610
Round 437 | selected=[52, 41, 99, 59, 37, 92, 43, 38, 14, 70]
Round 437 | train_loss=0.7814 train_acc=0.7438 test_loss=1.0321 test_acc=0.6203
Round 438 | selected=[67, 30, 25, 60, 35, 6, 79, 31, 32, 81]
Round 438 | train_loss=0.7386 train_acc=0.7506 test_loss=0.9639 test_acc=0.6696
Round 439 | selected=[74, 80, 38, 13, 69, 90, 89, 60, 65, 7]
Round 439 | train_loss=0.7769 train_acc=0.7402 test_loss=1.0261 test_acc=0.6318
Round 440 | selected=[80, 43, 79, 67, 0, 78, 10, 87, 83, 74]
Round 440 | train_loss=0.7641 train_acc=0.7406 test_loss=0.9971 test_acc=0.6422
Round 441 | selected=[90, 53, 68, 49, 51, 8, 29, 46, 45, 96]
Round 441 | train_loss=0.8512 train_acc=0.7172 test_loss=1.2463 test_acc=0.5683
Round 442 | selected=[83, 9, 86, 78, 72, 20, 33, 55, 74, 66]
Round 442 | train_loss=0.7843 train_acc=0.7386 test_loss=1.0640 test_acc=0.6259
Round 443 | selected=[79, 29, 39, 26, 77, 99, 9, 61, 33, 46]
Round 443 | train_loss=0.9139 train_acc=0.7032 test_loss=1.3976 test_acc=0.5349
Round 444 | selected=[90, 95, 16, 40, 94, 93, 7, 69, 10, 78]
Round 444 | train_loss=0.9193 train_acc=0.6894 test_loss=1.2045 test_acc=0.5896
Round 445 | selected=[49, 53, 39, 84, 32, 33, 91, 46, 77, 42]
Round 445 | train_loss=0.8673 train_acc=0.7056 test_loss=1.4214 test_acc=0.5138
Round 446 | selected=[10, 27, 15, 69, 93, 35, 80, 78, 57, 19]
Round 446 | train_loss=0.8901 train_acc=0.7042 test_loss=1.6121 test_acc=0.4888
Round 447 | selected=[83, 42, 29, 31, 84, 94, 71, 92, 13, 44]
Round 447 | train_loss=0.8619 train_acc=0.7172 test_loss=1.4137 test_acc=0.5685
Round 448 | selected=[41, 27, 52, 81, 32, 66, 51, 34, 5, 17]
Round 448 | train_loss=0.8970 train_acc=0.7080 test_loss=1.2285 test_acc=0.5675
Round 449 | selected=[67, 91, 72, 57, 13, 34, 8, 33, 94, 74]
Round 449 | train_loss=0.8230 train_acc=0.7244 test_loss=0.9625 test_acc=0.6549
Round 450 | selected=[71, 6, 5, 64, 32, 60, 74, 37, 96, 0]
Round 450 | train_loss=0.7226 train_acc=0.7552 test_loss=1.0604 test_acc=0.5994
Round 451 | selected=[34, 97, 45, 54, 67, 61, 85, 80, 5, 82]
Round 451 | train_loss=0.8623 train_acc=0.7002 test_loss=0.9996 test_acc=0.6389
Round 452 | selected=[21, 76, 78, 81, 33, 25, 79, 18, 56, 58]
Round 452 | train_loss=0.7508 train_acc=0.7482 test_loss=1.2618 test_acc=0.5434
Round 453 | selected=[70, 61, 50, 55, 41, 73, 91, 90, 86, 77]
Round 453 | train_loss=0.8219 train_acc=0.7262 test_loss=1.1444 test_acc=0.5889
Round 454 | selected=[98, 83, 13, 29, 84, 80, 75, 88, 33, 26]
Round 454 | train_loss=0.7759 train_acc=0.7414 test_loss=1.1805 test_acc=0.5992
Round 455 | selected=[5, 85, 67, 70, 68, 46, 97, 9, 55, 13]
Round 455 | train_loss=0.8471 train_acc=0.7190 test_loss=1.2415 test_acc=0.5728
Round 456 | selected=[17, 14, 22, 26, 50, 67, 84, 64, 82, 38]
Round 456 | train_loss=0.8902 train_acc=0.7008 test_loss=1.3080 test_acc=0.5314
Round 457 | selected=[83, 39, 25, 79, 51, 92, 73, 76, 44, 61]
Round 457 | train_loss=0.8662 train_acc=0.7138 test_loss=0.9902 test_acc=0.6545
Round 458 | selected=[96, 95, 74, 50, 90, 73, 63, 48, 53, 17]
Round 458 | train_loss=0.7821 train_acc=0.7358 test_loss=1.1977 test_acc=0.5666
Round 459 | selected=[77, 45, 44, 26, 19, 5, 73, 27, 70, 23]
Round 459 | train_loss=0.7748 train_acc=0.7380 test_loss=1.0735 test_acc=0.6073
Round 460 | selected=[58, 95, 64, 55, 38, 8, 52, 96, 90, 26]
Round 460 | train_loss=0.7620 train_acc=0.7452 test_loss=1.0328 test_acc=0.6185
Round 461 | selected=[29, 0, 82, 80, 41, 66, 15, 88, 11, 75]
Round 461 | train_loss=0.7399 train_acc=0.7534 test_loss=1.0465 test_acc=0.6113
Round 462 | selected=[14, 27, 52, 70, 71, 1, 91, 68, 41, 55]
Round 462 | train_loss=0.6231 train_acc=0.7954 test_loss=1.0096 test_acc=0.6264
Round 463 | selected=[55, 97, 96, 65, 89, 20, 56, 32, 88, 7]
Round 463 | train_loss=0.7528 train_acc=0.7478 test_loss=0.9237 test_acc=0.6618
Round 464 | selected=[55, 57, 98, 47, 14, 44, 62, 43, 72, 46]
Round 464 | train_loss=0.7583 train_acc=0.7454 test_loss=0.9167 test_acc=0.6681
Round 465 | selected=[73, 59, 64, 23, 88, 1, 29, 57, 71, 58]
Round 465 | train_loss=0.7285 train_acc=0.7518 test_loss=0.9816 test_acc=0.6431
Round 466 | selected=[17, 7, 74, 85, 44, 20, 24, 47, 80, 68]
Round 466 | train_loss=0.7302 train_acc=0.7596 test_loss=0.9692 test_acc=0.6549
Round 467 | selected=[26, 94, 63, 78, 5, 29, 92, 27, 76, 39]
Round 467 | train_loss=0.7313 train_acc=0.7464 test_loss=0.9847 test_acc=0.6444
Round 468 | selected=[52, 54, 33, 37, 69, 56, 23, 12, 89, 90]
Round 468 | train_loss=0.7249 train_acc=0.7542 test_loss=1.1183 test_acc=0.5816
Round 469 | selected=[6, 51, 31, 37, 43, 82, 46, 16, 99, 67]
Round 469 | train_loss=0.8178 train_acc=0.7280 test_loss=1.1642 test_acc=0.5985
Round 470 | selected=[77, 61, 78, 64, 63, 67, 40, 68, 53, 76]
Round 470 | train_loss=0.7422 train_acc=0.7566 test_loss=1.1786 test_acc=0.5747
Round 471 | selected=[65, 87, 48, 90, 12, 27, 73, 77, 52, 37]
Round 471 | train_loss=0.7679 train_acc=0.7384 test_loss=1.0561 test_acc=0.6017
Round 472 | selected=[67, 21, 90, 78, 82, 37, 63, 93, 76, 81]
Round 472 | train_loss=0.7063 train_acc=0.7566 test_loss=1.2639 test_acc=0.5562
Round 473 | selected=[55, 64, 41, 77, 25, 23, 70, 49, 61, 1]
Round 473 | train_loss=0.6743 train_acc=0.7786 test_loss=1.2864 test_acc=0.5439
Round 474 | selected=[27, 51, 2, 90, 24, 54, 50, 45, 69, 63]
Round 474 | train_loss=0.7746 train_acc=0.7354 test_loss=1.1223 test_acc=0.5968
Round 475 | selected=[8, 37, 48, 38, 24, 57, 26, 40, 91, 12]
Round 475 | train_loss=0.7859 train_acc=0.7430 test_loss=0.9760 test_acc=0.6530
Round 476 | selected=[20, 4, 37, 81, 12, 71, 67, 29, 66, 82]
Round 476 | train_loss=0.7030 train_acc=0.7614 test_loss=1.2978 test_acc=0.5625
Round 477 | selected=[81, 89, 20, 17, 11, 12, 41, 15, 70, 40]
Round 477 | train_loss=0.6329 train_acc=0.7940 test_loss=1.0374 test_acc=0.6138
Round 478 | selected=[33, 41, 51, 94, 43, 74, 22, 0, 21, 15]
Round 478 | train_loss=0.6821 train_acc=0.7766 test_loss=1.1354 test_acc=0.6116
Round 479 | selected=[90, 97, 1, 46, 79, 84, 3, 42, 33, 86]
Round 479 | train_loss=0.7973 train_acc=0.7326 test_loss=1.1677 test_acc=0.5706
Round 480 | selected=[75, 12, 87, 85, 26, 69, 44, 43, 99, 31]
Round 480 | train_loss=0.8132 train_acc=0.7338 test_loss=1.1035 test_acc=0.6141
Round 481 | selected=[49, 90, 1, 33, 67, 45, 82, 97, 76, 29]
Round 481 | train_loss=0.9346 train_acc=0.6860 test_loss=0.9486 test_acc=0.6562
Round 482 | selected=[36, 72, 35, 42, 59, 71, 62, 43, 29, 48]
Round 482 | train_loss=0.6880 train_acc=0.7642 test_loss=1.1065 test_acc=0.5925
Round 483 | selected=[99, 22, 35, 19, 78, 79, 34, 46, 3, 33]
Round 483 | train_loss=0.7684 train_acc=0.7324 test_loss=1.3282 test_acc=0.5273
Round 484 | selected=[61, 74, 30, 64, 71, 27, 38, 45, 76, 18]
Round 484 | train_loss=0.8143 train_acc=0.7246 test_loss=1.5051 test_acc=0.5190
Round 485 | selected=[77, 25, 84, 83, 44, 26, 3, 81, 47, 53]
Round 485 | train_loss=0.7330 train_acc=0.7586 test_loss=0.9846 test_acc=0.6439
Round 486 | selected=[26, 82, 53, 85, 57, 56, 17, 68, 78, 22]
Round 486 | train_loss=0.7107 train_acc=0.7674 test_loss=0.8688 test_acc=0.6984
Round 487 | selected=[71, 54, 16, 76, 19, 92, 84, 33, 20, 12]
Round 487 | train_loss=0.7148 train_acc=0.7612 test_loss=0.8973 test_acc=0.6820
Round 488 | selected=[92, 38, 8, 2, 1, 47, 74, 50, 29, 41]
Round 488 | train_loss=0.6691 train_acc=0.7786 test_loss=0.8501 test_acc=0.7017
Round 489 | selected=[99, 83, 21, 29, 11, 28, 97, 56, 91, 85]
Round 489 | train_loss=0.7471 train_acc=0.7492 test_loss=1.1728 test_acc=0.5647
Round 490 | selected=[75, 36, 30, 79, 59, 28, 41, 39, 80, 8]
Round 490 | train_loss=0.7561 train_acc=0.7410 test_loss=1.0630 test_acc=0.6358
Round 491 | selected=[84, 13, 91, 28, 5, 62, 64, 20, 29, 89]
Round 491 | train_loss=0.6580 train_acc=0.7830 test_loss=1.0952 test_acc=0.6003
Round 492 | selected=[56, 51, 91, 64, 67, 18, 69, 31, 65, 80]
Round 492 | train_loss=0.7204 train_acc=0.7640 test_loss=0.9449 test_acc=0.6538
Round 493 | selected=[72, 56, 62, 79, 97, 19, 92, 57, 96, 43]
Round 493 | train_loss=0.7877 train_acc=0.7260 test_loss=0.9630 test_acc=0.6685
Round 494 | selected=[75, 20, 23, 79, 69, 49, 76, 52, 53, 39]
Round 494 | train_loss=0.6492 train_acc=0.7878 test_loss=0.8432 test_acc=0.7102
Round 495 | selected=[16, 34, 76, 1, 25, 61, 46, 98, 44, 31]
Round 495 | train_loss=0.6784 train_acc=0.7866 test_loss=1.0198 test_acc=0.6330
Round 496 | selected=[33, 2, 99, 61, 30, 93, 21, 22, 36, 20]
Round 496 | train_loss=0.7849 train_acc=0.7322 test_loss=1.1419 test_acc=0.5961
Round 497 | selected=[59, 80, 95, 32, 35, 54, 58, 17, 18, 30]
Round 497 | train_loss=0.7660 train_acc=0.7400 test_loss=1.2771 test_acc=0.5738
Round 498 | selected=[90, 10, 37, 76, 45, 62, 89, 20, 85, 70]
Round 498 | train_loss=0.7422 train_acc=0.7486 test_loss=1.4251 test_acc=0.5261
Round 499 | selected=[39, 87, 86, 15, 18, 10, 57, 75, 74, 95]
Round 499 | train_loss=0.7551 train_acc=0.7408 test_loss=1.2442 test_acc=0.5590
Round 500 | selected=[53, 83, 34, 22, 85, 50, 9, 98, 67, 90]
Round 500 | train_loss=0.7921 train_acc=0.7306 test_loss=0.9415 test_acc=0.6688
Saved: track1/results/cifar10/final_seed44/fedavg_alpha03_seed44.csv
COMPLETED: fedavg alpha03 seed=44
