========================================
JOB:       12004043
TASK:      13
ALGORITHM: fedadam
PARTITION: alpha1
SEED:      43
GPU:       0
========================================
Device: cuda
GPU: Tesla V100-PCIE-32GB
Round 0 | test_loss=2.8590 test_acc=0.1084
Round 1 | selected=[45, 82, 4, 54, 60, 98, 1, 26, 37, 58]
Round 1 | train_loss=2.0634 train_acc=0.2754 test_loss=4.7245 test_acc=0.1001
Round 2 | selected=[98, 18, 76, 36, 27, 13, 88, 41, 89, 84]
Round 2 | train_loss=1.9234 train_acc=0.3484 test_loss=2.3148 test_acc=0.1678
Round 3 | selected=[49, 78, 43, 90, 96, 45, 58, 36, 69, 94]
Round 3 | train_loss=1.8674 train_acc=0.3648 test_loss=2.0975 test_acc=0.2303
Round 4 | selected=[67, 79, 53, 5, 31, 11, 59, 99, 9, 28]
Round 4 | train_loss=1.7739 train_acc=0.3794 test_loss=2.0598 test_acc=0.2610
Round 5 | selected=[52, 9, 39, 27, 68, 31, 25, 58, 3, 95]
Round 5 | train_loss=1.7876 train_acc=0.4000 test_loss=2.0561 test_acc=0.2874
Round 6 | selected=[26, 64, 42, 36, 16, 77, 7, 22, 20, 31]
Round 6 | train_loss=1.6551 train_acc=0.4206 test_loss=1.9219 test_acc=0.3122
Round 7 | selected=[12, 64, 62, 75, 73, 84, 79, 40, 32, 52]
Round 7 | train_loss=1.5620 train_acc=0.4526 test_loss=1.7236 test_acc=0.3634
Round 8 | selected=[48, 84, 78, 81, 73, 93, 51, 12, 16, 66]
Round 8 | train_loss=1.5476 train_acc=0.4612 test_loss=1.7211 test_acc=0.3729
Round 9 | selected=[59, 44, 87, 73, 64, 76, 16, 97, 39, 99]
Round 9 | train_loss=1.5744 train_acc=0.4470 test_loss=1.7039 test_acc=0.3938
Round 10 | selected=[66, 45, 67, 21, 94, 50, 49, 73, 97, 28]
Round 10 | train_loss=1.5405 train_acc=0.4612 test_loss=1.7431 test_acc=0.3765
Round 11 | selected=[71, 91, 81, 50, 27, 52, 61, 25, 63, 75]
Round 11 | train_loss=1.4412 train_acc=0.5038 test_loss=1.7146 test_acc=0.3806
Round 12 | selected=[78, 91, 66, 74, 93, 33, 92, 18, 68, 20]
Round 12 | train_loss=1.3999 train_acc=0.5204 test_loss=1.6182 test_acc=0.4167
Round 13 | selected=[84, 70, 72, 43, 26, 95, 74, 53, 98, 13]
Round 13 | train_loss=1.3571 train_acc=0.5364 test_loss=1.5666 test_acc=0.4401
Round 14 | selected=[62, 88, 39, 53, 68, 8, 45, 26, 50, 17]
Round 14 | train_loss=1.3461 train_acc=0.5278 test_loss=1.4382 test_acc=0.4598
Round 15 | selected=[81, 84, 25, 29, 3, 45, 13, 0, 44, 9]
Round 15 | train_loss=1.3657 train_acc=0.5258 test_loss=1.4624 test_acc=0.4585
Round 16 | selected=[45, 82, 93, 92, 91, 3, 83, 59, 66, 11]
Round 16 | train_loss=1.3646 train_acc=0.5294 test_loss=1.4142 test_acc=0.4809
Round 17 | selected=[15, 4, 66, 46, 8, 75, 62, 35, 57, 53]
Round 17 | train_loss=1.2832 train_acc=0.5602 test_loss=1.3687 test_acc=0.5031
Round 18 | selected=[70, 85, 99, 21, 88, 16, 37, 23, 91, 0]
Round 18 | train_loss=1.3316 train_acc=0.5386 test_loss=1.3636 test_acc=0.4976
Round 19 | selected=[36, 15, 31, 92, 98, 73, 83, 7, 11, 20]
Round 19 | train_loss=1.2914 train_acc=0.5642 test_loss=1.3251 test_acc=0.5089
Round 20 | selected=[39, 89, 40, 95, 37, 0, 15, 60, 59, 74]
Round 20 | train_loss=1.2278 train_acc=0.5658 test_loss=1.2875 test_acc=0.5256
Round 21 | selected=[35, 57, 89, 86, 46, 36, 54, 30, 84, 77]
Round 21 | train_loss=1.2731 train_acc=0.5648 test_loss=1.3840 test_acc=0.4955
Round 22 | selected=[76, 10, 70, 46, 58, 89, 67, 66, 32, 0]
Round 22 | train_loss=1.2849 train_acc=0.5498 test_loss=1.4308 test_acc=0.4879
Round 23 | selected=[14, 0, 41, 64, 71, 15, 68, 98, 46, 6]
Round 23 | train_loss=1.2484 train_acc=0.5722 test_loss=1.3286 test_acc=0.5198
Round 24 | selected=[43, 83, 13, 65, 78, 79, 35, 15, 47, 3]
Round 24 | train_loss=1.1932 train_acc=0.5928 test_loss=1.3451 test_acc=0.5057
Round 25 | selected=[22, 9, 27, 36, 31, 89, 71, 86, 11, 29]
Round 25 | train_loss=1.2075 train_acc=0.5878 test_loss=1.5133 test_acc=0.4729
Round 26 | selected=[55, 61, 4, 90, 51, 94, 45, 0, 31, 96]
Round 26 | train_loss=1.1772 train_acc=0.5908 test_loss=1.4639 test_acc=0.4860
Round 27 | selected=[60, 6, 30, 69, 19, 1, 52, 34, 7, 5]
Round 27 | train_loss=1.1757 train_acc=0.5982 test_loss=1.2795 test_acc=0.5309
Round 28 | selected=[37, 27, 52, 59, 18, 21, 57, 61, 99, 41]
Round 28 | train_loss=1.1828 train_acc=0.5912 test_loss=1.2078 test_acc=0.5596
Round 29 | selected=[29, 67, 19, 12, 59, 89, 94, 39, 76, 98]
Round 29 | train_loss=1.1652 train_acc=0.5968 test_loss=1.1874 test_acc=0.5628
Round 30 | selected=[61, 99, 64, 39, 12, 29, 85, 37, 28, 14]
Round 30 | train_loss=1.1848 train_acc=0.5768 test_loss=1.2572 test_acc=0.5253
Round 31 | selected=[59, 92, 69, 23, 11, 93, 88, 57, 30, 8]
Round 31 | train_loss=1.1109 train_acc=0.6188 test_loss=1.2501 test_acc=0.5247
Round 32 | selected=[27, 33, 32, 41, 88, 49, 39, 44, 71, 67]
Round 32 | train_loss=1.0774 train_acc=0.6254 test_loss=1.2144 test_acc=0.5487
Round 33 | selected=[83, 58, 19, 10, 51, 40, 75, 59, 70, 17]
Round 33 | train_loss=1.0933 train_acc=0.6208 test_loss=1.2072 test_acc=0.5628
Round 34 | selected=[53, 62, 57, 4, 60, 76, 98, 31, 90, 23]
Round 34 | train_loss=1.0796 train_acc=0.6312 test_loss=1.2063 test_acc=0.5570
Round 35 | selected=[40, 41, 53, 13, 35, 90, 85, 73, 68, 15]
Round 35 | train_loss=1.0377 train_acc=0.6494 test_loss=1.2471 test_acc=0.5464
Round 36 | selected=[18, 9, 0, 24, 23, 20, 39, 94, 29, 41]
Round 36 | train_loss=1.0209 train_acc=0.6472 test_loss=1.1675 test_acc=0.5656
Round 37 | selected=[0, 56, 76, 25, 77, 24, 43, 8, 35, 78]
Round 37 | train_loss=1.1232 train_acc=0.6112 test_loss=1.1167 test_acc=0.5929
Round 38 | selected=[53, 77, 74, 63, 22, 80, 28, 67, 24, 41]
Round 38 | train_loss=1.1113 train_acc=0.6072 test_loss=1.1576 test_acc=0.5808
Round 39 | selected=[18, 83, 80, 4, 69, 89, 92, 61, 21, 73]
Round 39 | train_loss=1.0906 train_acc=0.6278 test_loss=1.2387 test_acc=0.5592
Round 40 | selected=[60, 71, 66, 28, 27, 54, 99, 6, 55, 74]
Round 40 | train_loss=1.0932 train_acc=0.6170 test_loss=1.1770 test_acc=0.5797
Round 41 | selected=[75, 13, 68, 32, 20, 2, 10, 79, 41, 89]
Round 41 | train_loss=1.0245 train_acc=0.6528 test_loss=1.1163 test_acc=0.6021
Round 42 | selected=[21, 6, 71, 85, 94, 56, 29, 95, 27, 87]
Round 42 | train_loss=1.0184 train_acc=0.6564 test_loss=1.1293 test_acc=0.5956
Round 43 | selected=[71, 34, 79, 90, 87, 39, 89, 18, 81, 96]
Round 43 | train_loss=0.9351 train_acc=0.6818 test_loss=1.0844 test_acc=0.6069
Round 44 | selected=[39, 94, 2, 85, 60, 12, 89, 36, 44, 98]
Round 44 | train_loss=1.0111 train_acc=0.6580 test_loss=1.0372 test_acc=0.6245
Round 45 | selected=[11, 68, 5, 85, 51, 12, 83, 32, 73, 29]
Round 45 | train_loss=1.0329 train_acc=0.6468 test_loss=0.9925 test_acc=0.6432
Round 46 | selected=[63, 47, 4, 13, 49, 41, 19, 99, 91, 79]
Round 46 | train_loss=1.0022 train_acc=0.6472 test_loss=1.0532 test_acc=0.6210
Round 47 | selected=[30, 90, 52, 15, 32, 41, 66, 49, 64, 25]
Round 47 | train_loss=0.9951 train_acc=0.6560 test_loss=1.0750 test_acc=0.6135
Round 48 | selected=[24, 88, 14, 52, 68, 8, 46, 9, 10, 6]
Round 48 | train_loss=1.0015 train_acc=0.6518 test_loss=0.9758 test_acc=0.6456
Round 49 | selected=[66, 60, 59, 76, 0, 92, 43, 42, 30, 29]
Round 49 | train_loss=0.9540 train_acc=0.6798 test_loss=0.9530 test_acc=0.6551
Round 50 | selected=[91, 16, 57, 32, 42, 70, 5, 80, 29, 68]
Round 50 | train_loss=0.9805 train_acc=0.6606 test_loss=0.9882 test_acc=0.6390
Round 51 | selected=[30, 25, 6, 51, 79, 11, 40, 2, 85, 31]
Round 51 | train_loss=0.8602 train_acc=0.7034 test_loss=1.0017 test_acc=0.6358
Round 52 | selected=[44, 49, 52, 17, 63, 20, 28, 16, 78, 30]
Round 52 | train_loss=0.9366 train_acc=0.6736 test_loss=1.0109 test_acc=0.6387
Round 53 | selected=[55, 76, 18, 47, 52, 43, 77, 61, 83, 10]
Round 53 | train_loss=0.9787 train_acc=0.6636 test_loss=0.9763 test_acc=0.6539
Round 54 | selected=[52, 43, 62, 20, 53, 14, 66, 40, 81, 79]
Round 54 | train_loss=0.7996 train_acc=0.7286 test_loss=0.9590 test_acc=0.6571
Round 55 | selected=[88, 63, 61, 33, 34, 76, 99, 66, 30, 23]
Round 55 | train_loss=0.9201 train_acc=0.6774 test_loss=0.9477 test_acc=0.6591
Round 56 | selected=[39, 29, 26, 67, 71, 17, 66, 96, 55, 94]
Round 56 | train_loss=0.8482 train_acc=0.7078 test_loss=0.9564 test_acc=0.6569
Round 57 | selected=[32, 97, 12, 98, 18, 24, 26, 83, 16, 48]
Round 57 | train_loss=0.9321 train_acc=0.6816 test_loss=0.9611 test_acc=0.6498
Round 58 | selected=[50, 22, 98, 81, 8, 75, 70, 74, 93, 25]
Round 58 | train_loss=0.9088 train_acc=0.6884 test_loss=0.9174 test_acc=0.6684
Round 59 | selected=[61, 29, 66, 92, 80, 90, 18, 28, 54, 98]
Round 59 | train_loss=0.9235 train_acc=0.6766 test_loss=1.0120 test_acc=0.6415
Round 60 | selected=[51, 27, 15, 76, 94, 43, 29, 49, 61, 65]
Round 60 | train_loss=0.8343 train_acc=0.7170 test_loss=0.9549 test_acc=0.6624
Round 61 | selected=[58, 89, 25, 93, 86, 77, 27, 22, 62, 11]
Round 61 | train_loss=0.9155 train_acc=0.6900 test_loss=0.8988 test_acc=0.6813
Round 62 | selected=[81, 66, 51, 45, 40, 13, 53, 44, 27, 73]
Round 62 | train_loss=0.8314 train_acc=0.7098 test_loss=0.9784 test_acc=0.6605
Round 63 | selected=[8, 31, 92, 57, 35, 66, 58, 14, 48, 55]
Round 63 | train_loss=0.8768 train_acc=0.6990 test_loss=1.0480 test_acc=0.6444
Round 64 | selected=[63, 15, 61, 92, 37, 72, 20, 95, 47, 58]
Round 64 | train_loss=0.8563 train_acc=0.7082 test_loss=0.9234 test_acc=0.6753
Round 65 | selected=[72, 39, 84, 35, 46, 12, 75, 30, 41, 23]
Round 65 | train_loss=0.7935 train_acc=0.7270 test_loss=0.8829 test_acc=0.6832
Round 66 | selected=[68, 80, 29, 76, 69, 92, 31, 26, 77, 96]
Round 66 | train_loss=0.8397 train_acc=0.7110 test_loss=0.8920 test_acc=0.6817
Round 67 | selected=[56, 15, 69, 64, 47, 88, 13, 81, 65, 98]
Round 67 | train_loss=0.9130 train_acc=0.6838 test_loss=0.9767 test_acc=0.6592
Round 68 | selected=[95, 72, 30, 88, 79, 85, 73, 39, 28, 38]
Round 68 | train_loss=0.8275 train_acc=0.7210 test_loss=0.9639 test_acc=0.6661
Round 69 | selected=[46, 50, 61, 41, 37, 75, 30, 18, 4, 33]
Round 69 | train_loss=0.7733 train_acc=0.7384 test_loss=0.8439 test_acc=0.7087
Round 70 | selected=[69, 23, 60, 48, 39, 30, 87, 92, 24, 5]
Round 70 | train_loss=0.7457 train_acc=0.7444 test_loss=0.8447 test_acc=0.6983
Round 71 | selected=[15, 69, 52, 5, 83, 29, 1, 37, 57, 9]
Round 71 | train_loss=0.8666 train_acc=0.7040 test_loss=0.8792 test_acc=0.6868
Round 72 | selected=[81, 66, 40, 61, 67, 57, 41, 25, 99, 80]
Round 72 | train_loss=0.7666 train_acc=0.7350 test_loss=0.8709 test_acc=0.6909
Round 73 | selected=[12, 49, 64, 56, 70, 98, 71, 22, 36, 89]
Round 73 | train_loss=0.8232 train_acc=0.7242 test_loss=0.8815 test_acc=0.6814
Round 74 | selected=[12, 63, 31, 60, 98, 15, 59, 62, 61, 76]
Round 74 | train_loss=0.8223 train_acc=0.7172 test_loss=0.8573 test_acc=0.6927
Round 75 | selected=[93, 96, 84, 47, 59, 25, 24, 6, 29, 64]
Round 75 | train_loss=0.7325 train_acc=0.7444 test_loss=0.8239 test_acc=0.7052
Round 76 | selected=[0, 34, 54, 30, 51, 91, 88, 3, 94, 41]
Round 76 | train_loss=0.7884 train_acc=0.7316 test_loss=0.8599 test_acc=0.6940
Round 77 | selected=[29, 25, 97, 34, 83, 3, 47, 11, 2, 80]
Round 77 | train_loss=0.8289 train_acc=0.7202 test_loss=1.0822 test_acc=0.6271
Round 78 | selected=[78, 89, 75, 5, 81, 59, 97, 93, 85, 62]
Round 78 | train_loss=0.7939 train_acc=0.7290 test_loss=0.9938 test_acc=0.6578
Round 79 | selected=[45, 32, 35, 26, 46, 64, 96, 6, 30, 69]
Round 79 | train_loss=0.7001 train_acc=0.7628 test_loss=0.8312 test_acc=0.7074
Round 80 | selected=[56, 36, 21, 47, 41, 59, 81, 33, 91, 27]
Round 80 | train_loss=0.7585 train_acc=0.7392 test_loss=0.8895 test_acc=0.6875
Round 81 | selected=[53, 76, 15, 34, 78, 63, 89, 41, 37, 80]
Round 81 | train_loss=0.7568 train_acc=0.7362 test_loss=1.0493 test_acc=0.6340
Round 82 | selected=[5, 97, 18, 48, 24, 73, 69, 68, 33, 28]
Round 82 | train_loss=0.8063 train_acc=0.7284 test_loss=0.8829 test_acc=0.6819
Round 83 | selected=[22, 21, 32, 26, 64, 46, 76, 85, 33, 91]
Round 83 | train_loss=0.7490 train_acc=0.7400 test_loss=0.7449 test_acc=0.7365
Round 84 | selected=[35, 45, 84, 49, 93, 11, 20, 97, 87, 86]
Round 84 | train_loss=0.7193 train_acc=0.7576 test_loss=0.8271 test_acc=0.7084
Round 85 | selected=[60, 30, 22, 29, 73, 13, 34, 41, 8, 71]
Round 85 | train_loss=0.7341 train_acc=0.7428 test_loss=0.8474 test_acc=0.6990
Round 86 | selected=[56, 58, 86, 79, 49, 52, 51, 40, 87, 72]
Round 86 | train_loss=0.7271 train_acc=0.7444 test_loss=0.8124 test_acc=0.7183
Round 87 | selected=[62, 28, 18, 72, 43, 2, 46, 97, 90, 63]
Round 87 | train_loss=0.7404 train_acc=0.7498 test_loss=0.8487 test_acc=0.7072
Round 88 | selected=[89, 84, 71, 66, 22, 45, 51, 79, 18, 92]
Round 88 | train_loss=0.6791 train_acc=0.7704 test_loss=0.8734 test_acc=0.7042
Round 89 | selected=[97, 84, 67, 2, 12, 14, 93, 96, 38, 4]
Round 89 | train_loss=0.7399 train_acc=0.7540 test_loss=0.8810 test_acc=0.6876
Round 90 | selected=[25, 71, 59, 98, 65, 48, 13, 82, 68, 12]
Round 90 | train_loss=0.7528 train_acc=0.7404 test_loss=0.9788 test_acc=0.6655
Round 91 | selected=[15, 67, 29, 79, 0, 10, 21, 55, 24, 76]
Round 91 | train_loss=0.6930 train_acc=0.7618 test_loss=0.8910 test_acc=0.6970
Round 92 | selected=[2, 28, 29, 86, 73, 43, 88, 92, 56, 18]
Round 92 | train_loss=0.7305 train_acc=0.7514 test_loss=0.7478 test_acc=0.7388
Round 93 | selected=[78, 21, 62, 45, 39, 84, 89, 94, 81, 30]
Round 93 | train_loss=0.7229 train_acc=0.7502 test_loss=0.7652 test_acc=0.7369
Round 94 | selected=[95, 55, 71, 77, 59, 73, 22, 4, 75, 38]
Round 94 | train_loss=0.7671 train_acc=0.7402 test_loss=0.8538 test_acc=0.7097
Round 95 | selected=[87, 12, 2, 22, 27, 15, 80, 3, 84, 99]
Round 95 | train_loss=0.7332 train_acc=0.7558 test_loss=0.8775 test_acc=0.6992
Round 96 | selected=[90, 97, 67, 86, 56, 18, 55, 57, 82, 2]
Round 96 | train_loss=0.6956 train_acc=0.7646 test_loss=0.8577 test_acc=0.7055
Round 97 | selected=[0, 71, 1, 8, 24, 10, 50, 47, 3, 60]
Round 97 | train_loss=0.6877 train_acc=0.7712 test_loss=0.8169 test_acc=0.7182
Round 98 | selected=[34, 98, 39, 11, 43, 62, 81, 49, 13, 1]
Round 98 | train_loss=0.7011 train_acc=0.7586 test_loss=0.8032 test_acc=0.7221
Round 99 | selected=[51, 37, 48, 55, 70, 81, 67, 29, 9, 52]
Round 99 | train_loss=0.6320 train_acc=0.7854 test_loss=0.7488 test_acc=0.7444
Round 100 | selected=[77, 49, 65, 39, 10, 31, 73, 52, 34, 71]
Round 100 | train_loss=0.6722 train_acc=0.7708 test_loss=0.7133 test_acc=0.7527
Round 101 | selected=[40, 37, 72, 92, 67, 33, 46, 60, 74, 85]
Round 101 | train_loss=0.6046 train_acc=0.7958 test_loss=0.7332 test_acc=0.7479
Round 102 | selected=[57, 1, 99, 3, 61, 85, 5, 91, 37, 38]
Round 102 | train_loss=0.6678 train_acc=0.7692 test_loss=0.7627 test_acc=0.7387
Round 103 | selected=[28, 79, 4, 10, 63, 62, 86, 13, 67, 61]
Round 103 | train_loss=0.6534 train_acc=0.7742 test_loss=0.7582 test_acc=0.7400
Round 104 | selected=[59, 56, 26, 33, 9, 41, 86, 76, 67, 45]
Round 104 | train_loss=0.6415 train_acc=0.7814 test_loss=0.7193 test_acc=0.7496
Round 105 | selected=[52, 63, 32, 41, 16, 5, 20, 23, 97, 72]
Round 105 | train_loss=0.6132 train_acc=0.7954 test_loss=0.7760 test_acc=0.7329
Round 106 | selected=[49, 10, 37, 20, 12, 81, 41, 47, 72, 16]
Round 106 | train_loss=0.6176 train_acc=0.7920 test_loss=0.8089 test_acc=0.7286
Round 107 | selected=[16, 71, 17, 25, 32, 98, 14, 85, 47, 41]
Round 107 | train_loss=0.6165 train_acc=0.7912 test_loss=0.6911 test_acc=0.7623
Round 108 | selected=[87, 4, 41, 79, 63, 76, 52, 20, 80, 59]
Round 108 | train_loss=0.6546 train_acc=0.7784 test_loss=0.6503 test_acc=0.7791
Round 109 | selected=[49, 83, 22, 58, 84, 28, 53, 81, 99, 35]
Round 109 | train_loss=0.6551 train_acc=0.7750 test_loss=0.7852 test_acc=0.7441
Round 110 | selected=[60, 90, 88, 43, 73, 50, 57, 53, 24, 66]
Round 110 | train_loss=0.6100 train_acc=0.7934 test_loss=0.8121 test_acc=0.7273
Round 111 | selected=[32, 36, 78, 37, 3, 15, 16, 48, 79, 27]
Round 111 | train_loss=0.6204 train_acc=0.7890 test_loss=0.6601 test_acc=0.7740
Round 112 | selected=[56, 59, 63, 86, 68, 58, 54, 93, 43, 3]
Round 112 | train_loss=0.6223 train_acc=0.7920 test_loss=0.7207 test_acc=0.7554
Round 113 | selected=[29, 33, 24, 13, 26, 44, 56, 37, 11, 15]
Round 113 | train_loss=0.6334 train_acc=0.7844 test_loss=0.7483 test_acc=0.7493
Round 114 | selected=[42, 21, 43, 7, 2, 74, 83, 24, 54, 99]
Round 114 | train_loss=0.6507 train_acc=0.7802 test_loss=0.6991 test_acc=0.7653
Round 115 | selected=[24, 3, 25, 57, 68, 66, 39, 86, 65, 53]
Round 115 | train_loss=0.5684 train_acc=0.8052 test_loss=0.7498 test_acc=0.7462
Round 116 | selected=[3, 68, 2, 73, 98, 38, 76, 67, 85, 28]
Round 116 | train_loss=0.6401 train_acc=0.7806 test_loss=0.7176 test_acc=0.7532
Round 117 | selected=[23, 74, 78, 98, 27, 31, 33, 36, 91, 10]
Round 117 | train_loss=0.5785 train_acc=0.8002 test_loss=0.6312 test_acc=0.7789
Round 118 | selected=[56, 20, 79, 5, 84, 59, 39, 83, 31, 97]
Round 118 | train_loss=0.5735 train_acc=0.8058 test_loss=0.7130 test_acc=0.7510
Round 119 | selected=[87, 66, 96, 44, 3, 90, 13, 45, 4, 21]
Round 119 | train_loss=0.6042 train_acc=0.7970 test_loss=0.7327 test_acc=0.7500
Round 120 | selected=[3, 12, 73, 70, 41, 63, 51, 65, 75, 15]
Round 120 | train_loss=0.6140 train_acc=0.7942 test_loss=0.6648 test_acc=0.7674
Round 121 | selected=[82, 3, 53, 5, 95, 94, 49, 92, 1, 64]
Round 121 | train_loss=0.5561 train_acc=0.8128 test_loss=0.6214 test_acc=0.7817
Round 122 | selected=[57, 13, 89, 4, 28, 56, 72, 21, 86, 43]
Round 122 | train_loss=0.5846 train_acc=0.8046 test_loss=0.6362 test_acc=0.7769
Round 123 | selected=[55, 7, 62, 67, 65, 6, 38, 96, 84, 73]
Round 123 | train_loss=0.5666 train_acc=0.8030 test_loss=0.7012 test_acc=0.7536
Round 124 | selected=[52, 75, 68, 13, 61, 86, 9, 67, 22, 3]
Round 124 | train_loss=0.5506 train_acc=0.8112 test_loss=0.6673 test_acc=0.7692
Round 125 | selected=[40, 15, 99, 37, 73, 90, 60, 58, 35, 79]
Round 125 | train_loss=0.5396 train_acc=0.8136 test_loss=0.6335 test_acc=0.7840
Round 126 | selected=[74, 3, 0, 32, 77, 96, 5, 7, 71, 39]
Round 126 | train_loss=0.5200 train_acc=0.8244 test_loss=0.6239 test_acc=0.7864
Round 127 | selected=[29, 12, 93, 45, 91, 13, 74, 34, 58, 83]
Round 127 | train_loss=0.5756 train_acc=0.8020 test_loss=0.5976 test_acc=0.7961
Round 128 | selected=[48, 99, 82, 39, 85, 84, 93, 97, 69, 70]
Round 128 | train_loss=0.4977 train_acc=0.8324 test_loss=0.6225 test_acc=0.7873
Round 129 | selected=[35, 5, 16, 38, 77, 23, 20, 44, 88, 78]
Round 129 | train_loss=0.5520 train_acc=0.8148 test_loss=0.6020 test_acc=0.7948
Round 130 | selected=[79, 52, 24, 30, 72, 14, 62, 6, 94, 48]
Round 130 | train_loss=0.5042 train_acc=0.8336 test_loss=0.6240 test_acc=0.7854
Round 131 | selected=[36, 75, 59, 9, 32, 16, 86, 21, 2, 52]
Round 131 | train_loss=0.5218 train_acc=0.8238 test_loss=0.6146 test_acc=0.7906
Round 132 | selected=[81, 18, 35, 13, 53, 89, 57, 39, 38, 96]
Round 132 | train_loss=0.5535 train_acc=0.8114 test_loss=0.5767 test_acc=0.8069
Round 133 | selected=[21, 30, 63, 56, 72, 12, 5, 16, 87, 64]
Round 133 | train_loss=0.5318 train_acc=0.8112 test_loss=0.6338 test_acc=0.7839
Round 134 | selected=[95, 57, 78, 62, 97, 40, 70, 1, 67, 17]
Round 134 | train_loss=0.5426 train_acc=0.8192 test_loss=0.6238 test_acc=0.7841
Round 135 | selected=[62, 79, 71, 60, 11, 65, 94, 28, 80, 97]
Round 135 | train_loss=0.5504 train_acc=0.8144 test_loss=0.6182 test_acc=0.7886
Round 136 | selected=[18, 95, 11, 39, 6, 97, 54, 42, 38, 89]
Round 136 | train_loss=0.5460 train_acc=0.8154 test_loss=0.6861 test_acc=0.7682
Round 137 | selected=[54, 32, 31, 65, 98, 61, 15, 8, 91, 2]
Round 137 | train_loss=0.5613 train_acc=0.8116 test_loss=0.6104 test_acc=0.7860
Round 138 | selected=[36, 47, 11, 79, 45, 35, 18, 2, 71, 22]
Round 138 | train_loss=0.5154 train_acc=0.8282 test_loss=0.5718 test_acc=0.8013
Round 139 | selected=[75, 0, 82, 87, 90, 5, 15, 54, 80, 65]
Round 139 | train_loss=0.5594 train_acc=0.8138 test_loss=0.5972 test_acc=0.7934
Round 140 | selected=[10, 47, 80, 78, 30, 24, 82, 54, 93, 32]
Round 140 | train_loss=0.5163 train_acc=0.8220 test_loss=0.6324 test_acc=0.7822
Round 141 | selected=[77, 42, 38, 49, 23, 30, 95, 1, 44, 90]
Round 141 | train_loss=0.5058 train_acc=0.8274 test_loss=0.6394 test_acc=0.7843
Round 142 | selected=[50, 26, 55, 10, 40, 49, 90, 6, 76, 23]
Round 142 | train_loss=0.5159 train_acc=0.8254 test_loss=0.6005 test_acc=0.7950
Round 143 | selected=[4, 70, 50, 56, 15, 20, 8, 62, 96, 51]
Round 143 | train_loss=0.5114 train_acc=0.8272 test_loss=0.5833 test_acc=0.7993
Round 144 | selected=[41, 45, 6, 25, 58, 99, 39, 54, 27, 95]
Round 144 | train_loss=0.5095 train_acc=0.8262 test_loss=0.5311 test_acc=0.8156
Round 145 | selected=[58, 59, 19, 81, 97, 84, 64, 74, 34, 1]
Round 145 | train_loss=0.5116 train_acc=0.8278 test_loss=0.6077 test_acc=0.7934
Round 146 | selected=[16, 4, 20, 18, 83, 50, 43, 14, 81, 13]
Round 146 | train_loss=0.5363 train_acc=0.8200 test_loss=0.6378 test_acc=0.7825
Round 147 | selected=[76, 78, 53, 64, 62, 41, 58, 15, 33, 83]
Round 147 | train_loss=0.4832 train_acc=0.8372 test_loss=0.5819 test_acc=0.7958
Round 148 | selected=[12, 44, 20, 75, 3, 62, 66, 24, 25, 22]
Round 148 | train_loss=0.4716 train_acc=0.8364 test_loss=0.5742 test_acc=0.8017
Round 149 | selected=[36, 32, 61, 86, 11, 99, 70, 30, 5, 76]
Round 149 | train_loss=0.4979 train_acc=0.8318 test_loss=0.6070 test_acc=0.7945
Round 150 | selected=[97, 75, 20, 67, 18, 9, 17, 74, 62, 78]
Round 150 | train_loss=0.4535 train_acc=0.8438 test_loss=0.5871 test_acc=0.8046
Round 151 | selected=[84, 21, 11, 3, 4, 65, 87, 91, 17, 86]
Round 151 | train_loss=0.4950 train_acc=0.8376 test_loss=0.5854 test_acc=0.8040
Round 152 | selected=[60, 47, 95, 35, 62, 82, 70, 42, 6, 16]
Round 152 | train_loss=0.4690 train_acc=0.8394 test_loss=0.5542 test_acc=0.8112
Round 153 | selected=[32, 81, 8, 58, 85, 47, 12, 18, 24, 3]
Round 153 | train_loss=0.4788 train_acc=0.8360 test_loss=0.6172 test_acc=0.7872
Round 154 | selected=[90, 37, 57, 3, 58, 39, 31, 15, 74, 78]
Round 154 | train_loss=0.4600 train_acc=0.8456 test_loss=0.5901 test_acc=0.7974
Round 155 | selected=[18, 36, 21, 38, 90, 86, 62, 3, 33, 49]
Round 155 | train_loss=0.4366 train_acc=0.8528 test_loss=0.5496 test_acc=0.8069
Round 156 | selected=[89, 24, 84, 44, 4, 99, 91, 20, 88, 40]
Round 156 | train_loss=0.4654 train_acc=0.8452 test_loss=0.6538 test_acc=0.7770
Round 157 | selected=[45, 4, 2, 96, 31, 97, 80, 56, 7, 79]
Round 157 | train_loss=0.4495 train_acc=0.8488 test_loss=0.7232 test_acc=0.7568
Round 158 | selected=[86, 7, 66, 54, 72, 78, 6, 99, 25, 55]
Round 158 | train_loss=0.4808 train_acc=0.8344 test_loss=0.6299 test_acc=0.7883
Round 159 | selected=[82, 38, 99, 92, 44, 79, 34, 98, 86, 6]
Round 159 | train_loss=0.4100 train_acc=0.8670 test_loss=0.6553 test_acc=0.7789
Round 160 | selected=[50, 47, 33, 32, 72, 13, 67, 68, 86, 15]
Round 160 | train_loss=0.4629 train_acc=0.8478 test_loss=0.6939 test_acc=0.7700
Round 161 | selected=[74, 44, 57, 10, 60, 12, 92, 29, 34, 27]
Round 161 | train_loss=0.4592 train_acc=0.8462 test_loss=0.6349 test_acc=0.7907
Round 162 | selected=[30, 41, 94, 21, 88, 43, 14, 73, 46, 67]
Round 162 | train_loss=0.4876 train_acc=0.8368 test_loss=0.5644 test_acc=0.8096
Round 163 | selected=[71, 10, 1, 55, 57, 22, 23, 6, 20, 59]
Round 163 | train_loss=0.4633 train_acc=0.8486 test_loss=0.6410 test_acc=0.7808
Round 164 | selected=[41, 38, 13, 94, 81, 46, 49, 32, 97, 11]
Round 164 | train_loss=0.4328 train_acc=0.8466 test_loss=0.6517 test_acc=0.7794
Round 165 | selected=[8, 26, 15, 18, 46, 13, 44, 56, 20, 33]
Round 165 | train_loss=0.4460 train_acc=0.8470 test_loss=0.5877 test_acc=0.7972
Round 166 | selected=[14, 36, 34, 16, 12, 28, 73, 30, 56, 31]
Round 166 | train_loss=0.4857 train_acc=0.8358 test_loss=0.5151 test_acc=0.8239
Round 167 | selected=[99, 4, 21, 1, 53, 94, 72, 84, 39, 26]
Round 167 | train_loss=0.4400 train_acc=0.8600 test_loss=0.5983 test_acc=0.8006
Round 168 | selected=[49, 80, 87, 71, 22, 69, 5, 95, 55, 99]
Round 168 | train_loss=0.4620 train_acc=0.8464 test_loss=0.6242 test_acc=0.7934
Round 169 | selected=[78, 63, 77, 93, 82, 56, 1, 66, 53, 39]
Round 169 | train_loss=0.4282 train_acc=0.8528 test_loss=0.5376 test_acc=0.8199
Round 170 | selected=[77, 94, 62, 14, 9, 27, 90, 26, 81, 69]
Round 170 | train_loss=0.4476 train_acc=0.8480 test_loss=0.5188 test_acc=0.8246
Round 171 | selected=[70, 73, 42, 31, 95, 63, 17, 94, 79, 9]
Round 171 | train_loss=0.4084 train_acc=0.8628 test_loss=0.6522 test_acc=0.7796
Round 172 | selected=[99, 94, 34, 92, 91, 32, 9, 74, 72, 96]
Round 172 | train_loss=0.4282 train_acc=0.8560 test_loss=0.5795 test_acc=0.8003
Round 173 | selected=[63, 12, 65, 22, 71, 70, 54, 55, 21, 66]
Round 173 | train_loss=0.4915 train_acc=0.8316 test_loss=0.5441 test_acc=0.8158
Round 174 | selected=[53, 34, 58, 6, 59, 78, 83, 7, 89, 96]
Round 174 | train_loss=0.4177 train_acc=0.8544 test_loss=0.6591 test_acc=0.7770
Round 175 | selected=[0, 17, 22, 23, 61, 54, 39, 99, 79, 26]
Round 175 | train_loss=0.4366 train_acc=0.8514 test_loss=0.6000 test_acc=0.7905
Round 176 | selected=[36, 91, 30, 51, 90, 66, 16, 76, 47, 44]
Round 176 | train_loss=0.4571 train_acc=0.8434 test_loss=0.5474 test_acc=0.8165
Round 177 | selected=[66, 68, 14, 83, 19, 1, 90, 16, 45, 27]
Round 177 | train_loss=0.4520 train_acc=0.8526 test_loss=0.7541 test_acc=0.7440
Round 178 | selected=[54, 59, 40, 48, 62, 88, 93, 91, 82, 99]
Round 178 | train_loss=0.4316 train_acc=0.8522 test_loss=0.6202 test_acc=0.7879
Round 179 | selected=[84, 71, 19, 16, 66, 94, 99, 62, 80, 47]
Round 179 | train_loss=0.4071 train_acc=0.8616 test_loss=0.5187 test_acc=0.8225
Round 180 | selected=[97, 62, 90, 7, 83, 57, 50, 72, 8, 28]
Round 180 | train_loss=0.4408 train_acc=0.8548 test_loss=0.5362 test_acc=0.8156
Round 181 | selected=[8, 19, 0, 73, 91, 30, 98, 26, 57, 58]
Round 181 | train_loss=0.4297 train_acc=0.8584 test_loss=0.5141 test_acc=0.8298
Round 182 | selected=[78, 74, 4, 60, 94, 92, 81, 54, 40, 33]
Round 182 | train_loss=0.4338 train_acc=0.8536 test_loss=0.4814 test_acc=0.8380
Round 183 | selected=[85, 79, 5, 33, 49, 47, 7, 57, 22, 26]
Round 183 | train_loss=0.3877 train_acc=0.8708 test_loss=0.5329 test_acc=0.8204
Round 184 | selected=[27, 82, 37, 32, 89, 59, 76, 56, 15, 77]
Round 184 | train_loss=0.4488 train_acc=0.8456 test_loss=0.6069 test_acc=0.7977
Round 185 | selected=[31, 56, 90, 23, 14, 64, 75, 35, 53, 42]
Round 185 | train_loss=0.3973 train_acc=0.8658 test_loss=0.5966 test_acc=0.7993
Round 186 | selected=[62, 40, 78, 77, 47, 96, 9, 60, 61, 39]
Round 186 | train_loss=0.3624 train_acc=0.8786 test_loss=0.5742 test_acc=0.8052
Round 187 | selected=[23, 11, 97, 57, 72, 1, 63, 35, 46, 7]
Round 187 | train_loss=0.3912 train_acc=0.8652 test_loss=0.5818 test_acc=0.7980
Round 188 | selected=[75, 10, 64, 52, 27, 91, 81, 21, 62, 20]
Round 188 | train_loss=0.4012 train_acc=0.8632 test_loss=0.5547 test_acc=0.8101
Round 189 | selected=[19, 34, 33, 32, 72, 82, 2, 80, 83, 17]
Round 189 | train_loss=0.3920 train_acc=0.8746 test_loss=0.4857 test_acc=0.8353
Round 190 | selected=[37, 35, 3, 33, 96, 60, 30, 65, 81, 1]
Round 190 | train_loss=0.3930 train_acc=0.8660 test_loss=0.5016 test_acc=0.8350
Round 191 | selected=[33, 52, 91, 66, 18, 5, 1, 38, 79, 13]
Round 191 | train_loss=0.4136 train_acc=0.8566 test_loss=0.4962 test_acc=0.8305
Round 192 | selected=[23, 81, 26, 55, 63, 37, 59, 86, 93, 64]
Round 192 | train_loss=0.4375 train_acc=0.8530 test_loss=0.5449 test_acc=0.8134
Round 193 | selected=[26, 9, 1, 94, 29, 84, 63, 54, 46, 65]
Round 193 | train_loss=0.3945 train_acc=0.8662 test_loss=0.6180 test_acc=0.7849
Round 194 | selected=[34, 97, 52, 94, 31, 28, 72, 70, 11, 65]
Round 194 | train_loss=0.3974 train_acc=0.8674 test_loss=0.5289 test_acc=0.8183
Round 195 | selected=[3, 21, 23, 31, 93, 77, 78, 35, 16, 36]
Round 195 | train_loss=0.3644 train_acc=0.8760 test_loss=0.5114 test_acc=0.8300
Round 196 | selected=[76, 40, 52, 57, 9, 38, 53, 82, 74, 6]
Round 196 | train_loss=0.3609 train_acc=0.8752 test_loss=0.5900 test_acc=0.8086
Round 197 | selected=[6, 43, 48, 44, 19, 91, 29, 50, 2, 85]
Round 197 | train_loss=0.3588 train_acc=0.8800 test_loss=0.5646 test_acc=0.8146
Round 198 | selected=[64, 4, 70, 57, 49, 99, 92, 12, 74, 98]
Round 198 | train_loss=0.4134 train_acc=0.8574 test_loss=0.5105 test_acc=0.8242
Round 199 | selected=[76, 23, 39, 99, 40, 86, 65, 22, 50, 2]
Round 199 | train_loss=0.3689 train_acc=0.8756 test_loss=0.5349 test_acc=0.8182
Round 200 | selected=[16, 42, 72, 36, 65, 80, 61, 64, 49, 91]
Round 200 | train_loss=0.4002 train_acc=0.8624 test_loss=0.5153 test_acc=0.8247
Round 201 | selected=[62, 56, 48, 21, 23, 94, 78, 33, 71, 50]
Round 201 | train_loss=0.3478 train_acc=0.8810 test_loss=0.4745 test_acc=0.8385
Round 202 | selected=[40, 20, 17, 25, 38, 48, 63, 29, 30, 61]
Round 202 | train_loss=0.3467 train_acc=0.8824 test_loss=0.5757 test_acc=0.8100
Round 203 | selected=[51, 72, 77, 0, 40, 53, 14, 8, 55, 43]
Round 203 | train_loss=0.4047 train_acc=0.8626 test_loss=0.5324 test_acc=0.8220
Round 204 | selected=[77, 90, 5, 39, 31, 87, 67, 89, 93, 69]
Round 204 | train_loss=0.4288 train_acc=0.8574 test_loss=0.4895 test_acc=0.8357
Round 205 | selected=[5, 28, 60, 6, 2, 92, 46, 41, 48, 55]
Round 205 | train_loss=0.3821 train_acc=0.8724 test_loss=0.5602 test_acc=0.8149
Round 206 | selected=[45, 9, 15, 19, 41, 76, 66, 61, 42, 49]
Round 206 | train_loss=0.3823 train_acc=0.8672 test_loss=0.6336 test_acc=0.7919
Round 207 | selected=[50, 18, 78, 97, 24, 29, 34, 6, 56, 71]
Round 207 | train_loss=0.3679 train_acc=0.8772 test_loss=0.5275 test_acc=0.8225
Round 208 | selected=[19, 2, 64, 13, 59, 41, 16, 22, 57, 63]
Round 208 | train_loss=0.3464 train_acc=0.8844 test_loss=0.4758 test_acc=0.8379
Round 209 | selected=[86, 73, 71, 81, 21, 4, 64, 41, 24, 0]
Round 209 | train_loss=0.3901 train_acc=0.8686 test_loss=0.4719 test_acc=0.8425
Round 210 | selected=[22, 58, 0, 9, 32, 62, 93, 72, 40, 98]
Round 210 | train_loss=0.3275 train_acc=0.8932 test_loss=0.4779 test_acc=0.8361
Round 211 | selected=[57, 84, 82, 31, 16, 10, 6, 23, 79, 51]
Round 211 | train_loss=0.3163 train_acc=0.8968 test_loss=0.4391 test_acc=0.8532
Round 212 | selected=[6, 15, 98, 81, 67, 85, 66, 90, 74, 62]
Round 212 | train_loss=0.3456 train_acc=0.8792 test_loss=0.4579 test_acc=0.8442
Round 213 | selected=[55, 58, 18, 36, 83, 16, 85, 27, 63, 17]
Round 213 | train_loss=0.3502 train_acc=0.8820 test_loss=0.4798 test_acc=0.8368
Round 214 | selected=[94, 59, 71, 97, 63, 61, 22, 81, 46, 70]
Round 214 | train_loss=0.3316 train_acc=0.8908 test_loss=0.4610 test_acc=0.8433
Round 215 | selected=[61, 16, 47, 25, 78, 39, 52, 74, 91, 76]
Round 215 | train_loss=0.3534 train_acc=0.8766 test_loss=0.4731 test_acc=0.8419
Round 216 | selected=[28, 88, 74, 93, 38, 78, 76, 60, 6, 58]
Round 216 | train_loss=0.3927 train_acc=0.8696 test_loss=0.4794 test_acc=0.8401
Round 217 | selected=[64, 6, 17, 94, 77, 88, 39, 45, 80, 65]
Round 217 | train_loss=0.3668 train_acc=0.8760 test_loss=0.5249 test_acc=0.8276
Round 218 | selected=[65, 20, 57, 82, 92, 97, 76, 83, 19, 5]
Round 218 | train_loss=0.3346 train_acc=0.8864 test_loss=0.5657 test_acc=0.8131
Round 219 | selected=[99, 13, 43, 0, 33, 34, 81, 47, 78, 83]
Round 219 | train_loss=0.3506 train_acc=0.8800 test_loss=0.5018 test_acc=0.8284
Round 220 | selected=[40, 83, 60, 23, 11, 0, 26, 39, 15, 13]
Round 220 | train_loss=0.3608 train_acc=0.8788 test_loss=0.4766 test_acc=0.8400
Round 221 | selected=[22, 49, 12, 27, 19, 77, 99, 50, 61, 79]
Round 221 | train_loss=0.3244 train_acc=0.8922 test_loss=0.4813 test_acc=0.8377
Round 222 | selected=[99, 14, 39, 46, 41, 18, 55, 0, 68, 29]
Round 222 | train_loss=0.3427 train_acc=0.8798 test_loss=0.5218 test_acc=0.8255
Round 223 | selected=[3, 91, 1, 31, 70, 63, 88, 79, 84, 97]
Round 223 | train_loss=0.3579 train_acc=0.8806 test_loss=0.4783 test_acc=0.8373
Round 224 | selected=[54, 59, 88, 26, 60, 94, 98, 81, 5, 33]
Round 224 | train_loss=0.3451 train_acc=0.8848 test_loss=0.4839 test_acc=0.8365
Round 225 | selected=[20, 54, 15, 80, 76, 51, 43, 41, 56, 7]
Round 225 | train_loss=0.3704 train_acc=0.8744 test_loss=0.5249 test_acc=0.8239
Round 226 | selected=[72, 12, 39, 65, 81, 44, 83, 93, 37, 94]
Round 226 | train_loss=0.3369 train_acc=0.8872 test_loss=0.4727 test_acc=0.8439
Round 227 | selected=[75, 10, 40, 31, 0, 83, 54, 14, 37, 15]
Round 227 | train_loss=0.3615 train_acc=0.8792 test_loss=0.4452 test_acc=0.8502
Round 228 | selected=[81, 30, 83, 1, 62, 16, 92, 47, 93, 57]
Round 228 | train_loss=0.3164 train_acc=0.8924 test_loss=0.5081 test_acc=0.8284
Round 229 | selected=[28, 17, 36, 63, 49, 86, 57, 23, 34, 24]
Round 229 | train_loss=0.3440 train_acc=0.8832 test_loss=0.5240 test_acc=0.8257
Round 230 | selected=[84, 7, 13, 54, 61, 82, 0, 71, 42, 20]
Round 230 | train_loss=0.3245 train_acc=0.8862 test_loss=0.4626 test_acc=0.8413
Round 231 | selected=[5, 83, 24, 94, 2, 10, 12, 47, 18, 66]
Round 231 | train_loss=0.3376 train_acc=0.8834 test_loss=0.4476 test_acc=0.8431
Round 232 | selected=[90, 31, 26, 49, 71, 16, 52, 13, 88, 6]
Round 232 | train_loss=0.2903 train_acc=0.9038 test_loss=0.4686 test_acc=0.8414
Round 233 | selected=[50, 91, 28, 97, 49, 40, 7, 37, 73, 62]
Round 233 | train_loss=0.3222 train_acc=0.8886 test_loss=0.4469 test_acc=0.8512
Round 234 | selected=[76, 63, 98, 54, 39, 61, 79, 66, 2, 70]
Round 234 | train_loss=0.3470 train_acc=0.8816 test_loss=0.4582 test_acc=0.8426
Round 235 | selected=[81, 58, 6, 19, 34, 13, 69, 35, 28, 55]
Round 235 | train_loss=0.3432 train_acc=0.8826 test_loss=0.4404 test_acc=0.8540
Round 236 | selected=[89, 0, 40, 81, 23, 76, 71, 79, 27, 61]
Round 236 | train_loss=0.2885 train_acc=0.9084 test_loss=0.4345 test_acc=0.8514
Round 237 | selected=[98, 56, 59, 22, 55, 48, 82, 99, 16, 37]
Round 237 | train_loss=0.2995 train_acc=0.8966 test_loss=0.4535 test_acc=0.8480
Round 238 | selected=[4, 36, 53, 5, 43, 38, 62, 3, 25, 98]
Round 238 | train_loss=0.3246 train_acc=0.8922 test_loss=0.4732 test_acc=0.8436
Round 239 | selected=[40, 6, 11, 30, 74, 32, 61, 5, 93, 31]
Round 239 | train_loss=0.2723 train_acc=0.9126 test_loss=0.4897 test_acc=0.8371
Round 240 | selected=[92, 54, 74, 28, 7, 14, 8, 47, 78, 87]
Round 240 | train_loss=0.3665 train_acc=0.8724 test_loss=0.5150 test_acc=0.8327
Round 241 | selected=[1, 10, 6, 11, 86, 82, 59, 50, 42, 41]
Round 241 | train_loss=0.2882 train_acc=0.9064 test_loss=0.4922 test_acc=0.8381
Round 242 | selected=[30, 12, 68, 52, 89, 81, 6, 79, 2, 26]
Round 242 | train_loss=0.3037 train_acc=0.8976 test_loss=0.4617 test_acc=0.8424
Round 243 | selected=[52, 25, 30, 78, 91, 51, 74, 48, 38, 41]
Round 243 | train_loss=0.3039 train_acc=0.8956 test_loss=0.5612 test_acc=0.8135
Round 244 | selected=[92, 94, 46, 18, 87, 68, 90, 39, 50, 34]
Round 244 | train_loss=0.3124 train_acc=0.8912 test_loss=0.4964 test_acc=0.8305
Round 245 | selected=[32, 97, 99, 45, 85, 73, 52, 71, 75, 59]
Round 245 | train_loss=0.3442 train_acc=0.8886 test_loss=0.4333 test_acc=0.8491
Round 246 | selected=[68, 40, 88, 28, 31, 2, 97, 11, 76, 96]
Round 246 | train_loss=0.3054 train_acc=0.8968 test_loss=0.5219 test_acc=0.8226
Round 247 | selected=[33, 67, 64, 44, 14, 0, 10, 16, 2, 12]
Round 247 | train_loss=0.3105 train_acc=0.8942 test_loss=0.6208 test_acc=0.7983
Round 248 | selected=[55, 9, 28, 20, 78, 59, 6, 80, 77, 4]
Round 248 | train_loss=0.3419 train_acc=0.8826 test_loss=0.4799 test_acc=0.8374
Round 249 | selected=[88, 44, 19, 53, 80, 51, 36, 33, 59, 12]
Round 249 | train_loss=0.3122 train_acc=0.8926 test_loss=0.4838 test_acc=0.8381
Round 250 | selected=[50, 71, 97, 77, 19, 94, 7, 34, 37, 98]
Round 250 | train_loss=0.2655 train_acc=0.9096 test_loss=0.4972 test_acc=0.8370
Round 251 | selected=[7, 72, 46, 24, 9, 82, 3, 22, 26, 21]
Round 251 | train_loss=0.2948 train_acc=0.9052 test_loss=0.4906 test_acc=0.8379
Round 252 | selected=[19, 38, 51, 28, 43, 37, 34, 77, 84, 88]
Round 252 | train_loss=0.2875 train_acc=0.9006 test_loss=0.4418 test_acc=0.8503
Round 253 | selected=[15, 20, 36, 17, 38, 60, 83, 84, 54, 9]
Round 253 | train_loss=0.3094 train_acc=0.8954 test_loss=0.4046 test_acc=0.8617
Round 254 | selected=[47, 81, 1, 36, 32, 18, 40, 59, 94, 89]
Round 254 | train_loss=0.2833 train_acc=0.9058 test_loss=0.4460 test_acc=0.8546
Round 255 | selected=[57, 12, 26, 7, 44, 18, 82, 39, 38, 52]
Round 255 | train_loss=0.2775 train_acc=0.9064 test_loss=0.4894 test_acc=0.8379
Round 256 | selected=[51, 18, 64, 15, 37, 60, 61, 13, 0, 39]
Round 256 | train_loss=0.2936 train_acc=0.9012 test_loss=0.4694 test_acc=0.8429
Round 257 | selected=[13, 60, 6, 27, 31, 36, 12, 83, 81, 52]
Round 257 | train_loss=0.2675 train_acc=0.9120 test_loss=0.4131 test_acc=0.8628
Round 258 | selected=[28, 23, 80, 42, 29, 26, 33, 0, 61, 64]
Round 258 | train_loss=0.2907 train_acc=0.9030 test_loss=0.4392 test_acc=0.8535
Round 259 | selected=[33, 79, 83, 18, 51, 73, 39, 95, 65, 17]
Round 259 | train_loss=0.2941 train_acc=0.8980 test_loss=0.4437 test_acc=0.8524
Round 260 | selected=[41, 95, 84, 0, 63, 59, 47, 54, 29, 83]
Round 260 | train_loss=0.2876 train_acc=0.9026 test_loss=0.4713 test_acc=0.8420
Round 261 | selected=[89, 35, 94, 8, 95, 4, 27, 58, 79, 85]
Round 261 | train_loss=0.3093 train_acc=0.8984 test_loss=0.5376 test_acc=0.8258
Round 262 | selected=[65, 58, 28, 44, 24, 61, 36, 98, 31, 34]
Round 262 | train_loss=0.2831 train_acc=0.9060 test_loss=0.4936 test_acc=0.8368
Round 263 | selected=[27, 31, 88, 50, 52, 47, 38, 90, 77, 17]
Round 263 | train_loss=0.2668 train_acc=0.9094 test_loss=0.4406 test_acc=0.8572
Round 264 | selected=[63, 21, 3, 54, 47, 73, 67, 70, 7, 18]
Round 264 | train_loss=0.3260 train_acc=0.8832 test_loss=0.4830 test_acc=0.8350
Round 265 | selected=[13, 35, 20, 62, 75, 42, 19, 6, 8, 3]
Round 265 | train_loss=0.2789 train_acc=0.9036 test_loss=0.4669 test_acc=0.8455
Round 266 | selected=[51, 92, 85, 77, 46, 73, 70, 65, 68, 35]
Round 266 | train_loss=0.3125 train_acc=0.8948 test_loss=0.4049 test_acc=0.8614
Round 267 | selected=[48, 40, 0, 92, 52, 20, 1, 12, 21, 51]
Round 267 | train_loss=0.2576 train_acc=0.9140 test_loss=0.4810 test_acc=0.8381
Round 268 | selected=[56, 73, 44, 50, 87, 3, 24, 22, 70, 7]
Round 268 | train_loss=0.3247 train_acc=0.8910 test_loss=0.5382 test_acc=0.8243
Round 269 | selected=[46, 82, 1, 72, 2, 14, 0, 85, 42, 33]
Round 269 | train_loss=0.2839 train_acc=0.9042 test_loss=0.5445 test_acc=0.8238
Round 270 | selected=[35, 1, 99, 17, 8, 21, 30, 69, 2, 94]
Round 270 | train_loss=0.2598 train_acc=0.9102 test_loss=0.5580 test_acc=0.8174
Round 271 | selected=[19, 51, 9, 43, 7, 93, 89, 6, 70, 86]
Round 271 | train_loss=0.2666 train_acc=0.9108 test_loss=0.4962 test_acc=0.8342
Round 272 | selected=[73, 75, 32, 2, 60, 85, 66, 3, 46, 59]
Round 272 | train_loss=0.2841 train_acc=0.9062 test_loss=0.4401 test_acc=0.8529
Round 273 | selected=[16, 62, 59, 9, 84, 42, 47, 23, 56, 80]
Round 273 | train_loss=0.2923 train_acc=0.9000 test_loss=0.4662 test_acc=0.8436
Round 274 | selected=[69, 52, 44, 41, 32, 91, 9, 62, 73, 31]
Round 274 | train_loss=0.2506 train_acc=0.9112 test_loss=0.4751 test_acc=0.8431
Round 275 | selected=[33, 62, 86, 46, 88, 90, 40, 13, 69, 44]
Round 275 | train_loss=0.2427 train_acc=0.9176 test_loss=0.4894 test_acc=0.8371
Round 276 | selected=[72, 54, 14, 46, 35, 65, 69, 47, 12, 45]
Round 276 | train_loss=0.3083 train_acc=0.8942 test_loss=0.5310 test_acc=0.8220
Round 277 | selected=[14, 76, 59, 32, 30, 12, 71, 8, 49, 45]
Round 277 | train_loss=0.3118 train_acc=0.8938 test_loss=0.5102 test_acc=0.8296
Round 278 | selected=[35, 81, 52, 8, 99, 67, 56, 32, 94, 3]
Round 278 | train_loss=0.2409 train_acc=0.9190 test_loss=0.5271 test_acc=0.8303
Round 279 | selected=[0, 96, 5, 84, 24, 87, 4, 32, 85, 52]
Round 279 | train_loss=0.2846 train_acc=0.9066 test_loss=0.5571 test_acc=0.8249
Round 280 | selected=[19, 23, 96, 73, 71, 6, 54, 33, 63, 55]
Round 280 | train_loss=0.2714 train_acc=0.9074 test_loss=0.5053 test_acc=0.8335
Round 281 | selected=[98, 22, 19, 95, 55, 15, 45, 84, 87, 3]
Round 281 | train_loss=0.3160 train_acc=0.8960 test_loss=0.5233 test_acc=0.8273
Round 282 | selected=[14, 35, 65, 40, 20, 97, 22, 9, 54, 23]
Round 282 | train_loss=0.2745 train_acc=0.9078 test_loss=0.5899 test_acc=0.8082
Round 283 | selected=[99, 93, 22, 76, 8, 41, 4, 68, 17, 53]
Round 283 | train_loss=0.2847 train_acc=0.9052 test_loss=0.4924 test_acc=0.8336
Round 284 | selected=[16, 27, 33, 44, 50, 80, 9, 2, 37, 85]
Round 284 | train_loss=0.2476 train_acc=0.9202 test_loss=0.4690 test_acc=0.8460
Round 285 | selected=[78, 68, 37, 65, 38, 55, 26, 69, 4, 5]
Round 285 | train_loss=0.3133 train_acc=0.8926 test_loss=0.5052 test_acc=0.8393
Round 286 | selected=[67, 82, 31, 57, 77, 63, 3, 19, 88, 52]
Round 286 | train_loss=0.2669 train_acc=0.9090 test_loss=0.5173 test_acc=0.8368
Round 287 | selected=[85, 53, 10, 91, 43, 18, 52, 78, 5, 1]
Round 287 | train_loss=0.2558 train_acc=0.9132 test_loss=0.5012 test_acc=0.8393
Round 288 | selected=[41, 20, 28, 42, 25, 58, 84, 98, 62, 95]
Round 288 | train_loss=0.2889 train_acc=0.9056 test_loss=0.4337 test_acc=0.8604
Round 289 | selected=[69, 3, 22, 33, 19, 71, 96, 81, 18, 25]
Round 289 | train_loss=0.2525 train_acc=0.9190 test_loss=0.4038 test_acc=0.8659
Round 290 | selected=[41, 4, 24, 67, 16, 53, 22, 97, 34, 64]
Round 290 | train_loss=0.2465 train_acc=0.9166 test_loss=0.4400 test_acc=0.8531
Round 291 | selected=[70, 3, 60, 47, 19, 76, 49, 11, 16, 68]
Round 291 | train_loss=0.2613 train_acc=0.9110 test_loss=0.4641 test_acc=0.8466
Round 292 | selected=[67, 38, 34, 57, 6, 10, 58, 93, 37, 23]
Round 292 | train_loss=0.2444 train_acc=0.9206 test_loss=0.4674 test_acc=0.8471
Round 293 | selected=[64, 44, 21, 12, 90, 11, 98, 33, 43, 19]
Round 293 | train_loss=0.2474 train_acc=0.9170 test_loss=0.4264 test_acc=0.8566
Round 294 | selected=[79, 4, 30, 27, 81, 54, 74, 35, 70, 2]
Round 294 | train_loss=0.2834 train_acc=0.9046 test_loss=0.4561 test_acc=0.8487
Round 295 | selected=[51, 49, 8, 56, 68, 25, 91, 72, 17, 15]
Round 295 | train_loss=0.2810 train_acc=0.9028 test_loss=0.5169 test_acc=0.8321
Round 296 | selected=[57, 76, 33, 72, 30, 8, 96, 38, 19, 21]
Round 296 | train_loss=0.2287 train_acc=0.9288 test_loss=0.4698 test_acc=0.8461
Round 297 | selected=[25, 60, 63, 75, 42, 52, 98, 56, 2, 28]
Round 297 | train_loss=0.2897 train_acc=0.8984 test_loss=0.3945 test_acc=0.8680
Round 298 | selected=[20, 41, 87, 32, 27, 11, 82, 43, 78, 91]
Round 298 | train_loss=0.2362 train_acc=0.9232 test_loss=0.4360 test_acc=0.8552
Round 299 | selected=[93, 89, 79, 33, 90, 2, 8, 56, 95, 4]
Round 299 | train_loss=0.2656 train_acc=0.9112 test_loss=0.4621 test_acc=0.8465
Round 300 | selected=[18, 54, 5, 4, 28, 35, 3, 78, 52, 10]
Round 300 | train_loss=0.2520 train_acc=0.9132 test_loss=0.4379 test_acc=0.8548
Round 301 | selected=[57, 8, 13, 5, 68, 95, 77, 79, 63, 48]
Round 301 | train_loss=0.2756 train_acc=0.9014 test_loss=0.4342 test_acc=0.8569
Round 302 | selected=[32, 84, 30, 86, 90, 60, 35, 64, 11, 53]
Round 302 | train_loss=0.2286 train_acc=0.9224 test_loss=0.4402 test_acc=0.8528
Round 303 | selected=[88, 43, 9, 28, 61, 48, 76, 21, 93, 59]
Round 303 | train_loss=0.2545 train_acc=0.9118 test_loss=0.4327 test_acc=0.8595
Round 304 | selected=[99, 51, 95, 89, 34, 10, 83, 42, 52, 62]
Round 304 | train_loss=0.2381 train_acc=0.9228 test_loss=0.4292 test_acc=0.8605
Round 305 | selected=[58, 12, 79, 28, 53, 81, 38, 14, 27, 46]
Round 305 | train_loss=0.2229 train_acc=0.9266 test_loss=0.4362 test_acc=0.8590
Round 306 | selected=[31, 95, 87, 82, 20, 12, 72, 18, 1, 62]
Round 306 | train_loss=0.2481 train_acc=0.9154 test_loss=0.4690 test_acc=0.8467
Round 307 | selected=[10, 31, 28, 13, 60, 35, 36, 52, 72, 84]
Round 307 | train_loss=0.2283 train_acc=0.9210 test_loss=0.4585 test_acc=0.8490
Round 308 | selected=[19, 9, 52, 28, 35, 4, 21, 2, 57, 98]
Round 308 | train_loss=0.2181 train_acc=0.9290 test_loss=0.4490 test_acc=0.8502
Round 309 | selected=[67, 6, 27, 51, 74, 58, 40, 38, 71, 98]
Round 309 | train_loss=0.2100 train_acc=0.9324 test_loss=0.4419 test_acc=0.8549
Round 310 | selected=[83, 11, 66, 73, 23, 12, 34, 1, 65, 63]
Round 310 | train_loss=0.2550 train_acc=0.9130 test_loss=0.4417 test_acc=0.8552
Round 311 | selected=[5, 43, 81, 92, 82, 89, 93, 56, 16, 28]
Round 311 | train_loss=0.2261 train_acc=0.9234 test_loss=0.4805 test_acc=0.8473
Round 312 | selected=[53, 73, 61, 62, 91, 83, 45, 89, 1, 50]
Round 312 | train_loss=0.2705 train_acc=0.9082 test_loss=0.4278 test_acc=0.8600
Round 313 | selected=[17, 3, 77, 14, 99, 96, 21, 20, 42, 79]
Round 313 | train_loss=0.2000 train_acc=0.9350 test_loss=0.4242 test_acc=0.8602
Round 314 | selected=[47, 58, 81, 46, 24, 49, 60, 82, 80, 53]
Round 314 | train_loss=0.2364 train_acc=0.9202 test_loss=0.4514 test_acc=0.8521
Round 315 | selected=[99, 29, 20, 39, 60, 58, 18, 44, 32, 95]
Round 315 | train_loss=0.2303 train_acc=0.9250 test_loss=0.4405 test_acc=0.8525
Round 316 | selected=[42, 77, 38, 74, 99, 34, 78, 86, 52, 46]
Round 316 | train_loss=0.2196 train_acc=0.9252 test_loss=0.4228 test_acc=0.8621
Round 317 | selected=[0, 47, 94, 5, 29, 50, 40, 99, 11, 31]
Round 317 | train_loss=0.2241 train_acc=0.9250 test_loss=0.4220 test_acc=0.8624
Round 318 | selected=[51, 84, 92, 16, 17, 19, 31, 34, 39, 99]
Round 318 | train_loss=0.1964 train_acc=0.9312 test_loss=0.4886 test_acc=0.8463
Round 319 | selected=[55, 58, 37, 65, 9, 52, 88, 94, 93, 72]
Round 319 | train_loss=0.2412 train_acc=0.9206 test_loss=0.4712 test_acc=0.8558
Round 320 | selected=[25, 28, 5, 81, 2, 76, 54, 30, 91, 75]
Round 320 | train_loss=0.2903 train_acc=0.9016 test_loss=0.4509 test_acc=0.8528
Round 321 | selected=[59, 53, 29, 97, 15, 41, 8, 52, 9, 10]
Round 321 | train_loss=0.2182 train_acc=0.9268 test_loss=0.4973 test_acc=0.8324
Round 322 | selected=[64, 27, 71, 18, 47, 35, 33, 74, 13, 43]
Round 322 | train_loss=0.2339 train_acc=0.9184 test_loss=0.4262 test_acc=0.8570
Round 323 | selected=[87, 9, 65, 74, 79, 95, 68, 57, 23, 97]
Round 323 | train_loss=0.2260 train_acc=0.9236 test_loss=0.4260 test_acc=0.8593
Round 324 | selected=[70, 79, 67, 45, 40, 54, 75, 36, 24, 51]
Round 324 | train_loss=0.2488 train_acc=0.9124 test_loss=0.5282 test_acc=0.8372
Round 325 | selected=[61, 55, 1, 25, 50, 8, 98, 86, 33, 70]
Round 325 | train_loss=0.2514 train_acc=0.9124 test_loss=0.5049 test_acc=0.8393
Round 326 | selected=[16, 41, 52, 36, 70, 17, 46, 53, 15, 11]
Round 326 | train_loss=0.2189 train_acc=0.9276 test_loss=0.4604 test_acc=0.8488
Round 327 | selected=[18, 8, 66, 72, 4, 89, 6, 22, 24, 79]
Round 327 | train_loss=0.2337 train_acc=0.9174 test_loss=0.4248 test_acc=0.8573
Round 328 | selected=[29, 97, 11, 94, 7, 78, 20, 98, 4, 56]
Round 328 | train_loss=0.2117 train_acc=0.9260 test_loss=0.5070 test_acc=0.8321
Round 329 | selected=[5, 51, 84, 77, 81, 48, 38, 4, 93, 22]
Round 329 | train_loss=0.2224 train_acc=0.9272 test_loss=0.5176 test_acc=0.8261
Round 330 | selected=[25, 59, 48, 13, 38, 44, 95, 15, 50, 76]
Round 330 | train_loss=0.2625 train_acc=0.9076 test_loss=0.4402 test_acc=0.8535
Round 331 | selected=[73, 30, 33, 26, 69, 32, 62, 57, 11, 27]
Round 331 | train_loss=0.2131 train_acc=0.9368 test_loss=0.4131 test_acc=0.8647
Round 332 | selected=[33, 69, 48, 80, 19, 75, 14, 17, 35, 13]
Round 332 | train_loss=0.2195 train_acc=0.9266 test_loss=0.4038 test_acc=0.8676
Round 333 | selected=[52, 33, 71, 76, 63, 57, 85, 96, 58, 88]
Round 333 | train_loss=0.1986 train_acc=0.9348 test_loss=0.3830 test_acc=0.8713
Round 334 | selected=[30, 82, 24, 50, 10, 71, 11, 85, 21, 36]
Round 334 | train_loss=0.1946 train_acc=0.9382 test_loss=0.4295 test_acc=0.8562
Round 335 | selected=[38, 58, 44, 18, 32, 88, 75, 78, 22, 42]
Round 335 | train_loss=0.2027 train_acc=0.9280 test_loss=0.4478 test_acc=0.8532
Round 336 | selected=[67, 45, 87, 37, 74, 95, 30, 76, 34, 27]
Round 336 | train_loss=0.2499 train_acc=0.9162 test_loss=0.4042 test_acc=0.8655
Round 337 | selected=[66, 13, 43, 42, 37, 2, 97, 35, 79, 38]
Round 337 | train_loss=0.1765 train_acc=0.9392 test_loss=0.4253 test_acc=0.8615
Round 338 | selected=[36, 58, 25, 46, 22, 73, 76, 26, 0, 79]
Round 338 | train_loss=0.2299 train_acc=0.9262 test_loss=0.3915 test_acc=0.8760
Round 339 | selected=[88, 72, 10, 23, 22, 8, 52, 0, 93, 5]
Round 339 | train_loss=0.1749 train_acc=0.9422 test_loss=0.3827 test_acc=0.8744
Round 340 | selected=[16, 2, 65, 33, 43, 31, 61, 75, 95, 7]
Round 340 | train_loss=0.2035 train_acc=0.9316 test_loss=0.3852 test_acc=0.8761
Round 341 | selected=[22, 53, 1, 49, 64, 83, 93, 46, 5, 45]
Round 341 | train_loss=0.2014 train_acc=0.9352 test_loss=0.3847 test_acc=0.8724
Round 342 | selected=[6, 26, 29, 10, 86, 82, 50, 95, 56, 21]
Round 342 | train_loss=0.1912 train_acc=0.9370 test_loss=0.4026 test_acc=0.8674
Round 343 | selected=[31, 10, 28, 40, 93, 79, 88, 0, 69, 72]
Round 343 | train_loss=0.1519 train_acc=0.9514 test_loss=0.3991 test_acc=0.8697
Round 344 | selected=[29, 0, 96, 5, 15, 89, 6, 11, 62, 34]
Round 344 | train_loss=0.2210 train_acc=0.9264 test_loss=0.3894 test_acc=0.8735
Round 345 | selected=[7, 82, 42, 57, 92, 60, 33, 66, 99, 76]
Round 345 | train_loss=0.1922 train_acc=0.9354 test_loss=0.4169 test_acc=0.8667
Round 346 | selected=[4, 0, 35, 44, 49, 36, 72, 92, 31, 17]
Round 346 | train_loss=0.1940 train_acc=0.9348 test_loss=0.4544 test_acc=0.8550
Round 347 | selected=[34, 52, 90, 33, 25, 95, 78, 43, 83, 35]
Round 347 | train_loss=0.1805 train_acc=0.9416 test_loss=0.4310 test_acc=0.8609
Round 348 | selected=[69, 0, 84, 83, 38, 1, 11, 14, 77, 19]
Round 348 | train_loss=0.2002 train_acc=0.9338 test_loss=0.3996 test_acc=0.8701
Round 349 | selected=[69, 63, 98, 65, 43, 99, 71, 96, 19, 5]
Round 349 | train_loss=0.1673 train_acc=0.9456 test_loss=0.4019 test_acc=0.8693
Round 350 | selected=[33, 84, 54, 79, 8, 56, 12, 95, 59, 49]
Round 350 | train_loss=0.1968 train_acc=0.9340 test_loss=0.4070 test_acc=0.8670
Round 351 | selected=[82, 48, 7, 99, 89, 71, 40, 83, 5, 67]
Round 351 | train_loss=0.1702 train_acc=0.9466 test_loss=0.3860 test_acc=0.8734
Round 352 | selected=[73, 99, 4, 45, 26, 95, 70, 34, 78, 82]
Round 352 | train_loss=0.1989 train_acc=0.9318 test_loss=0.4008 test_acc=0.8688
Round 353 | selected=[55, 90, 51, 72, 0, 44, 28, 19, 85, 49]
Round 353 | train_loss=0.1793 train_acc=0.9370 test_loss=0.4009 test_acc=0.8666
Round 354 | selected=[90, 15, 82, 98, 80, 51, 42, 71, 10, 58]
Round 354 | train_loss=0.1986 train_acc=0.9324 test_loss=0.4024 test_acc=0.8652
Round 355 | selected=[53, 88, 1, 75, 70, 91, 87, 35, 51, 68]
Round 355 | train_loss=0.1885 train_acc=0.9334 test_loss=0.4420 test_acc=0.8532
Round 356 | selected=[80, 43, 32, 94, 27, 61, 69, 17, 71, 36]
Round 356 | train_loss=0.1706 train_acc=0.9424 test_loss=0.4028 test_acc=0.8710
Round 357 | selected=[61, 19, 30, 31, 38, 99, 3, 64, 36, 7]
Round 357 | train_loss=0.1628 train_acc=0.9410 test_loss=0.3894 test_acc=0.8715
Round 358 | selected=[33, 92, 3, 23, 19, 22, 83, 62, 38, 70]
Round 358 | train_loss=0.1475 train_acc=0.9506 test_loss=0.4498 test_acc=0.8539
Round 359 | selected=[84, 33, 94, 19, 31, 57, 43, 73, 35, 32]
Round 359 | train_loss=0.1536 train_acc=0.9462 test_loss=0.4192 test_acc=0.8631
Round 360 | selected=[44, 87, 52, 29, 58, 57, 60, 40, 72, 82]
Round 360 | train_loss=0.1723 train_acc=0.9400 test_loss=0.3843 test_acc=0.8714
Round 361 | selected=[22, 95, 67, 89, 4, 75, 31, 8, 53, 1]
Round 361 | train_loss=0.1635 train_acc=0.9482 test_loss=0.4291 test_acc=0.8605
Round 362 | selected=[85, 31, 1, 26, 88, 53, 37, 57, 95, 9]
Round 362 | train_loss=0.1560 train_acc=0.9492 test_loss=0.4184 test_acc=0.8634
Round 363 | selected=[90, 80, 88, 6, 37, 33, 60, 84, 64, 32]
Round 363 | train_loss=0.1813 train_acc=0.9360 test_loss=0.3721 test_acc=0.8778
Round 364 | selected=[89, 51, 39, 85, 69, 68, 18, 57, 49, 71]
Round 364 | train_loss=0.1963 train_acc=0.9316 test_loss=0.4027 test_acc=0.8694
Round 365 | selected=[89, 54, 97, 58, 49, 83, 29, 0, 74, 7]
Round 365 | train_loss=0.1923 train_acc=0.9370 test_loss=0.4529 test_acc=0.8579
Round 366 | selected=[27, 13, 20, 96, 58, 21, 51, 70, 8, 34]
Round 366 | train_loss=0.1754 train_acc=0.9406 test_loss=0.4262 test_acc=0.8713
Round 367 | selected=[63, 0, 10, 54, 85, 3, 94, 83, 28, 73]
Round 367 | train_loss=0.1702 train_acc=0.9432 test_loss=0.4018 test_acc=0.8757
Round 368 | selected=[38, 26, 28, 4, 80, 33, 87, 81, 34, 25]
Round 368 | train_loss=0.2150 train_acc=0.9268 test_loss=0.4129 test_acc=0.8674
Round 369 | selected=[86, 5, 0, 18, 41, 47, 49, 80, 10, 68]
Round 369 | train_loss=0.1910 train_acc=0.9360 test_loss=0.4351 test_acc=0.8628
Round 370 | selected=[47, 82, 1, 0, 83, 66, 52, 62, 68, 94]
Round 370 | train_loss=0.1530 train_acc=0.9466 test_loss=0.4342 test_acc=0.8640
Round 371 | selected=[39, 14, 71, 13, 75, 2, 34, 26, 37, 21]
Round 371 | train_loss=0.1900 train_acc=0.9340 test_loss=0.4467 test_acc=0.8625
Round 372 | selected=[28, 90, 25, 83, 36, 32, 74, 87, 14, 30]
Round 372 | train_loss=0.2043 train_acc=0.9280 test_loss=0.5169 test_acc=0.8419
Round 373 | selected=[53, 26, 24, 0, 28, 66, 58, 9, 22, 74]
Round 373 | train_loss=0.1676 train_acc=0.9440 test_loss=0.4619 test_acc=0.8601
Round 374 | selected=[73, 56, 29, 51, 65, 62, 9, 16, 97, 48]
Round 374 | train_loss=0.2065 train_acc=0.9316 test_loss=0.4960 test_acc=0.8445
Round 375 | selected=[53, 66, 63, 32, 48, 95, 70, 81, 5, 2]
Round 375 | train_loss=0.1774 train_acc=0.9382 test_loss=0.4976 test_acc=0.8427
Round 376 | selected=[51, 27, 69, 85, 38, 74, 26, 90, 24, 16]
Round 376 | train_loss=0.1698 train_acc=0.9428 test_loss=0.3902 test_acc=0.8757
Round 377 | selected=[10, 83, 60, 57, 89, 91, 42, 46, 82, 53]
Round 377 | train_loss=0.1520 train_acc=0.9496 test_loss=0.4439 test_acc=0.8613
Round 378 | selected=[0, 79, 2, 39, 88, 28, 63, 81, 1, 56]
Round 378 | train_loss=0.1683 train_acc=0.9412 test_loss=0.3859 test_acc=0.8778
Round 379 | selected=[19, 27, 16, 88, 7, 42, 65, 36, 97, 28]
Round 379 | train_loss=0.1704 train_acc=0.9434 test_loss=0.4130 test_acc=0.8698
Round 380 | selected=[40, 23, 7, 11, 53, 0, 60, 78, 95, 1]
Round 380 | train_loss=0.1518 train_acc=0.9498 test_loss=0.4487 test_acc=0.8587
Round 381 | selected=[97, 32, 19, 11, 34, 87, 49, 48, 83, 60]
Round 381 | train_loss=0.1393 train_acc=0.9558 test_loss=0.4196 test_acc=0.8690
Round 382 | selected=[63, 56, 31, 73, 42, 75, 14, 33, 76, 57]
Round 382 | train_loss=0.1883 train_acc=0.9358 test_loss=0.4137 test_acc=0.8713
Round 383 | selected=[22, 94, 51, 6, 1, 14, 90, 8, 0, 23]
Round 383 | train_loss=0.1457 train_acc=0.9516 test_loss=0.3880 test_acc=0.8807
Round 384 | selected=[92, 74, 51, 65, 67, 76, 59, 25, 72, 97]
Round 384 | train_loss=0.1935 train_acc=0.9356 test_loss=0.3922 test_acc=0.8748
Round 385 | selected=[94, 99, 12, 70, 59, 26, 31, 40, 84, 11]
Round 385 | train_loss=0.1809 train_acc=0.9396 test_loss=0.4554 test_acc=0.8584
Round 386 | selected=[37, 54, 88, 20, 94, 61, 43, 80, 4, 29]
Round 386 | train_loss=0.1841 train_acc=0.9362 test_loss=0.4292 test_acc=0.8672
Round 387 | selected=[66, 16, 80, 70, 1, 36, 90, 56, 65, 9]
Round 387 | train_loss=0.1829 train_acc=0.9354 test_loss=0.4160 test_acc=0.8687
Round 388 | selected=[24, 63, 91, 99, 53, 43, 62, 47, 55, 70]
Round 388 | train_loss=0.1833 train_acc=0.9358 test_loss=0.3989 test_acc=0.8690
Round 389 | selected=[65, 21, 41, 35, 20, 40, 22, 78, 15, 32]
Round 389 | train_loss=0.1701 train_acc=0.9418 test_loss=0.4051 test_acc=0.8668
Round 390 | selected=[72, 45, 76, 80, 93, 54, 20, 49, 86, 64]
Round 390 | train_loss=0.1973 train_acc=0.9338 test_loss=0.4850 test_acc=0.8448
Round 391 | selected=[49, 29, 34, 35, 63, 18, 3, 44, 96, 24]
Round 391 | train_loss=0.1677 train_acc=0.9388 test_loss=0.4505 test_acc=0.8561
Round 392 | selected=[12, 31, 21, 78, 84, 40, 33, 91, 19, 14]
Round 392 | train_loss=0.1639 train_acc=0.9442 test_loss=0.4139 test_acc=0.8686
Round 393 | selected=[82, 87, 56, 39, 27, 64, 84, 78, 1, 98]
Round 393 | train_loss=0.1682 train_acc=0.9462 test_loss=0.4474 test_acc=0.8615
Round 394 | selected=[67, 40, 92, 19, 77, 72, 81, 0, 34, 15]
Round 394 | train_loss=0.1757 train_acc=0.9436 test_loss=0.4316 test_acc=0.8675
Round 395 | selected=[62, 65, 34, 49, 47, 97, 66, 12, 45, 26]
Round 395 | train_loss=0.1722 train_acc=0.9460 test_loss=0.4275 test_acc=0.8680
Round 396 | selected=[66, 74, 94, 5, 93, 60, 2, 75, 22, 85]
Round 396 | train_loss=0.1556 train_acc=0.9462 test_loss=0.4488 test_acc=0.8632
Round 397 | selected=[13, 37, 42, 93, 58, 54, 9, 50, 75, 35]
Round 397 | train_loss=0.1719 train_acc=0.9410 test_loss=0.4284 test_acc=0.8694
Round 398 | selected=[42, 70, 13, 45, 43, 32, 17, 22, 87, 50]
Round 398 | train_loss=0.1765 train_acc=0.9398 test_loss=0.4415 test_acc=0.8611
Round 399 | selected=[88, 56, 36, 70, 41, 44, 39, 46, 93, 37]
Round 399 | train_loss=0.1604 train_acc=0.9478 test_loss=0.4149 test_acc=0.8698
Round 400 | selected=[14, 99, 3, 21, 87, 38, 86, 93, 94, 67]
Round 400 | train_loss=0.1547 train_acc=0.9436 test_loss=0.4047 test_acc=0.8760
Round 401 | selected=[1, 76, 41, 84, 67, 55, 70, 56, 37, 31]
Round 401 | train_loss=0.1551 train_acc=0.9466 test_loss=0.4786 test_acc=0.8579
Round 402 | selected=[88, 97, 80, 43, 56, 12, 0, 54, 93, 72]
Round 402 | train_loss=0.1519 train_acc=0.9510 test_loss=0.5029 test_acc=0.8496
Round 403 | selected=[22, 53, 57, 86, 56, 68, 21, 47, 74, 73]
Round 403 | train_loss=0.1495 train_acc=0.9510 test_loss=0.4489 test_acc=0.8640
Round 404 | selected=[94, 54, 73, 95, 3, 36, 4, 64, 45, 29]
Round 404 | train_loss=0.1871 train_acc=0.9340 test_loss=0.3945 test_acc=0.8747
Round 405 | selected=[58, 21, 63, 16, 73, 93, 30, 70, 34, 54]
Round 405 | train_loss=0.1532 train_acc=0.9482 test_loss=0.4191 test_acc=0.8641
Round 406 | selected=[55, 81, 49, 89, 16, 50, 27, 76, 99, 79]
Round 406 | train_loss=0.1541 train_acc=0.9484 test_loss=0.4482 test_acc=0.8580
Round 407 | selected=[18, 99, 11, 35, 91, 70, 7, 23, 46, 65]
Round 407 | train_loss=0.1848 train_acc=0.9380 test_loss=0.4197 test_acc=0.8648
Round 408 | selected=[55, 23, 60, 78, 67, 48, 56, 59, 45, 8]
Round 408 | train_loss=0.1728 train_acc=0.9418 test_loss=0.4860 test_acc=0.8464
Round 409 | selected=[51, 34, 37, 11, 22, 88, 86, 77, 56, 79]
Round 409 | train_loss=0.1514 train_acc=0.9508 test_loss=0.4313 test_acc=0.8647
Round 410 | selected=[59, 47, 34, 27, 45, 11, 51, 14, 42, 46]
Round 410 | train_loss=0.1477 train_acc=0.9496 test_loss=0.4082 test_acc=0.8753
Round 411 | selected=[20, 97, 55, 64, 75, 63, 15, 95, 35, 13]
Round 411 | train_loss=0.1799 train_acc=0.9388 test_loss=0.4381 test_acc=0.8660
Round 412 | selected=[0, 12, 32, 63, 14, 50, 94, 21, 54, 52]
Round 412 | train_loss=0.1252 train_acc=0.9584 test_loss=0.4966 test_acc=0.8512
Round 413 | selected=[52, 85, 22, 3, 14, 19, 49, 47, 98, 1]
Round 413 | train_loss=0.1581 train_acc=0.9452 test_loss=0.4193 test_acc=0.8722
Round 414 | selected=[53, 83, 96, 50, 57, 93, 87, 44, 95, 85]
Round 414 | train_loss=0.1285 train_acc=0.9514 test_loss=0.4057 test_acc=0.8744
Round 415 | selected=[55, 24, 30, 66, 43, 39, 44, 33, 90, 8]
Round 415 | train_loss=0.1725 train_acc=0.9408 test_loss=0.4314 test_acc=0.8663
Round 416 | selected=[84, 92, 44, 13, 91, 28, 74, 58, 96, 72]
Round 416 | train_loss=0.1669 train_acc=0.9440 test_loss=0.4359 test_acc=0.8606
Round 417 | selected=[11, 67, 2, 85, 28, 87, 82, 5, 59, 68]
Round 417 | train_loss=0.1653 train_acc=0.9434 test_loss=0.4154 test_acc=0.8661
Round 418 | selected=[85, 39, 80, 93, 96, 82, 41, 60, 81, 25]
Round 418 | train_loss=0.1519 train_acc=0.9476 test_loss=0.4134 test_acc=0.8661
Round 419 | selected=[18, 8, 87, 33, 55, 95, 64, 74, 62, 31]
Round 419 | train_loss=0.1619 train_acc=0.9462 test_loss=0.4354 test_acc=0.8628
Round 420 | selected=[97, 74, 13, 77, 54, 18, 72, 86, 67, 63]
Round 420 | train_loss=0.1602 train_acc=0.9490 test_loss=0.4148 test_acc=0.8703
Round 421 | selected=[77, 16, 23, 27, 98, 37, 33, 88, 67, 40]
Round 421 | train_loss=0.1277 train_acc=0.9596 test_loss=0.4390 test_acc=0.8644
Round 422 | selected=[25, 88, 81, 31, 72, 96, 26, 69, 94, 36]
Round 422 | train_loss=0.1427 train_acc=0.9542 test_loss=0.4270 test_acc=0.8649
Round 423 | selected=[75, 89, 24, 37, 5, 67, 48, 21, 59, 99]
Round 423 | train_loss=0.1607 train_acc=0.9472 test_loss=0.4341 test_acc=0.8667
Round 424 | selected=[80, 52, 4, 99, 67, 96, 60, 20, 93, 32]
Round 424 | train_loss=0.1307 train_acc=0.9584 test_loss=0.4232 test_acc=0.8689
Round 425 | selected=[48, 2, 25, 0, 77, 76, 58, 73, 24, 35]
Round 425 | train_loss=0.1714 train_acc=0.9432 test_loss=0.4146 test_acc=0.8703
Round 426 | selected=[15, 63, 75, 85, 80, 47, 93, 69, 54, 68]
Round 426 | train_loss=0.1594 train_acc=0.9402 test_loss=0.4401 test_acc=0.8613
Round 427 | selected=[14, 27, 90, 69, 13, 53, 19, 76, 93, 39]
Round 427 | train_loss=0.1370 train_acc=0.9558 test_loss=0.4231 test_acc=0.8674
Round 428 | selected=[96, 63, 38, 81, 43, 83, 99, 18, 53, 37]
Round 428 | train_loss=0.1226 train_acc=0.9576 test_loss=0.4331 test_acc=0.8633
Round 429 | selected=[29, 18, 25, 69, 89, 73, 31, 16, 5, 54]
Round 429 | train_loss=0.1636 train_acc=0.9468 test_loss=0.4324 test_acc=0.8631
Round 430 | selected=[29, 60, 98, 53, 28, 69, 54, 38, 96, 67]
Round 430 | train_loss=0.1217 train_acc=0.9602 test_loss=0.4012 test_acc=0.8724
Round 431 | selected=[40, 64, 45, 59, 56, 6, 55, 62, 7, 91]
Round 431 | train_loss=0.1711 train_acc=0.9390 test_loss=0.3861 test_acc=0.8784
Round 432 | selected=[75, 14, 87, 72, 3, 38, 24, 49, 76, 16]
Round 432 | train_loss=0.1331 train_acc=0.9534 test_loss=0.4035 test_acc=0.8742
Round 433 | selected=[62, 0, 71, 32, 10, 13, 84, 20, 99, 26]
Round 433 | train_loss=0.1302 train_acc=0.9582 test_loss=0.3985 test_acc=0.8740
Round 434 | selected=[28, 61, 82, 92, 72, 18, 15, 47, 87, 11]
Round 434 | train_loss=0.1464 train_acc=0.9518 test_loss=0.3864 test_acc=0.8776
Round 435 | selected=[82, 0, 77, 4, 65, 13, 99, 11, 30, 43]
Round 435 | train_loss=0.1331 train_acc=0.9588 test_loss=0.3709 test_acc=0.8815
Round 436 | selected=[67, 10, 73, 65, 20, 47, 24, 90, 92, 91]
Round 436 | train_loss=0.1414 train_acc=0.9520 test_loss=0.3765 test_acc=0.8799
Round 437 | selected=[49, 23, 34, 82, 80, 2, 67, 93, 42, 14]
Round 437 | train_loss=0.1148 train_acc=0.9616 test_loss=0.3650 test_acc=0.8832
Round 438 | selected=[6, 60, 46, 3, 89, 1, 91, 47, 88, 72]
Round 438 | train_loss=0.1292 train_acc=0.9556 test_loss=0.3662 test_acc=0.8848
Round 439 | selected=[51, 79, 59, 7, 4, 72, 10, 71, 16, 1]
Round 439 | train_loss=0.1227 train_acc=0.9574 test_loss=0.3661 test_acc=0.8825
Round 440 | selected=[43, 59, 74, 90, 53, 26, 38, 86, 48, 2]
Round 440 | train_loss=0.1222 train_acc=0.9576 test_loss=0.3571 test_acc=0.8833
Round 441 | selected=[78, 79, 24, 1, 87, 61, 33, 85, 54, 96]
Round 441 | train_loss=0.1168 train_acc=0.9614 test_loss=0.3549 test_acc=0.8825
Round 442 | selected=[50, 29, 11, 71, 20, 9, 85, 67, 2, 42]
Round 442 | train_loss=0.1040 train_acc=0.9672 test_loss=0.3723 test_acc=0.8817
Round 443 | selected=[97, 7, 81, 6, 39, 34, 76, 65, 84, 17]
Round 443 | train_loss=0.1674 train_acc=0.9448 test_loss=0.3807 test_acc=0.8807
Round 444 | selected=[23, 68, 64, 41, 17, 51, 34, 78, 12, 57]
Round 444 | train_loss=0.1399 train_acc=0.9536 test_loss=0.3843 test_acc=0.8774
Round 445 | selected=[18, 10, 28, 70, 45, 4, 60, 49, 58, 8]
Round 445 | train_loss=0.1421 train_acc=0.9528 test_loss=0.3858 test_acc=0.8776
Round 446 | selected=[47, 51, 45, 62, 53, 80, 22, 0, 83, 96]
Round 446 | train_loss=0.1103 train_acc=0.9620 test_loss=0.3826 test_acc=0.8769
Round 447 | selected=[60, 45, 43, 88, 29, 46, 67, 25, 74, 51]
Round 447 | train_loss=0.1275 train_acc=0.9536 test_loss=0.3829 test_acc=0.8809
Round 448 | selected=[86, 26, 20, 74, 45, 82, 94, 33, 81, 58]
Round 448 | train_loss=0.1269 train_acc=0.9560 test_loss=0.3888 test_acc=0.8818
Round 449 | selected=[86, 78, 90, 22, 24, 39, 5, 77, 4, 71]
Round 449 | train_loss=0.1287 train_acc=0.9532 test_loss=0.4504 test_acc=0.8685
Round 450 | selected=[84, 1, 17, 43, 94, 12, 76, 46, 80, 66]
Round 450 | train_loss=0.1283 train_acc=0.9538 test_loss=0.4225 test_acc=0.8718
Round 451 | selected=[60, 69, 13, 97, 79, 39, 4, 19, 94, 46]
Round 451 | train_loss=0.1059 train_acc=0.9652 test_loss=0.4144 test_acc=0.8771
Round 452 | selected=[77, 45, 56, 97, 1, 59, 14, 89, 21, 85]
Round 452 | train_loss=0.1410 train_acc=0.9522 test_loss=0.3906 test_acc=0.8838
Round 453 | selected=[90, 48, 83, 53, 95, 14, 67, 60, 29, 69]
Round 453 | train_loss=0.1106 train_acc=0.9616 test_loss=0.3816 test_acc=0.8870
Round 454 | selected=[89, 93, 2, 74, 64, 62, 13, 15, 68, 1]
Round 454 | train_loss=0.1470 train_acc=0.9474 test_loss=0.4376 test_acc=0.8688
Round 455 | selected=[61, 85, 10, 66, 62, 43, 98, 37, 91, 30]
Round 455 | train_loss=0.1280 train_acc=0.9558 test_loss=0.4598 test_acc=0.8597
Round 456 | selected=[45, 87, 41, 25, 34, 18, 33, 11, 39, 83]
Round 456 | train_loss=0.1376 train_acc=0.9492 test_loss=0.4067 test_acc=0.8722
Round 457 | selected=[86, 23, 31, 68, 55, 17, 15, 97, 43, 4]
Round 457 | train_loss=0.1255 train_acc=0.9558 test_loss=0.3924 test_acc=0.8766
Round 458 | selected=[67, 90, 85, 55, 16, 37, 75, 66, 92, 53]
Round 458 | train_loss=0.1059 train_acc=0.9652 test_loss=0.4310 test_acc=0.8723
Round 459 | selected=[49, 26, 79, 37, 92, 63, 55, 90, 99, 22]
Round 459 | train_loss=0.1195 train_acc=0.9602 test_loss=0.4363 test_acc=0.8703
Round 460 | selected=[70, 97, 61, 88, 4, 64, 86, 22, 31, 29]
Round 460 | train_loss=0.1160 train_acc=0.9618 test_loss=0.4067 test_acc=0.8753
Round 461 | selected=[70, 40, 21, 10, 3, 68, 37, 83, 1, 98]
Round 461 | train_loss=0.1146 train_acc=0.9612 test_loss=0.4134 test_acc=0.8748
Round 462 | selected=[15, 96, 85, 22, 99, 84, 51, 55, 1, 28]
Round 462 | train_loss=0.1296 train_acc=0.9548 test_loss=0.3721 test_acc=0.8873
Round 463 | selected=[53, 45, 91, 54, 6, 24, 7, 16, 67, 97]
Round 463 | train_loss=0.1169 train_acc=0.9616 test_loss=0.3910 test_acc=0.8821
Round 464 | selected=[35, 71, 4, 89, 80, 52, 44, 36, 42, 11]
Round 464 | train_loss=0.1407 train_acc=0.9512 test_loss=0.3943 test_acc=0.8793
Round 465 | selected=[86, 1, 57, 68, 31, 74, 88, 20, 21, 91]
Round 465 | train_loss=0.0994 train_acc=0.9672 test_loss=0.4493 test_acc=0.8578
Round 466 | selected=[76, 52, 42, 1, 80, 10, 88, 58, 95, 8]
Round 466 | train_loss=0.1184 train_acc=0.9604 test_loss=0.4474 test_acc=0.8604
Round 467 | selected=[17, 25, 53, 69, 83, 98, 3, 7, 21, 87]
Round 467 | train_loss=0.1194 train_acc=0.9586 test_loss=0.3631 test_acc=0.8855
Round 468 | selected=[30, 99, 10, 33, 74, 59, 14, 25, 32, 86]
Round 468 | train_loss=0.0998 train_acc=0.9692 test_loss=0.3736 test_acc=0.8860
Round 469 | selected=[70, 75, 76, 19, 21, 90, 66, 14, 82, 33]
Round 469 | train_loss=0.1042 train_acc=0.9668 test_loss=0.4138 test_acc=0.8730
Round 470 | selected=[78, 83, 38, 49, 53, 81, 37, 76, 31, 4]
Round 470 | train_loss=0.1024 train_acc=0.9664 test_loss=0.4237 test_acc=0.8685
Round 471 | selected=[26, 61, 25, 15, 39, 66, 71, 72, 1, 40]
Round 471 | train_loss=0.1233 train_acc=0.9558 test_loss=0.3641 test_acc=0.8833
Round 472 | selected=[29, 8, 95, 0, 51, 62, 73, 68, 61, 24]
Round 472 | train_loss=0.1188 train_acc=0.9594 test_loss=0.3731 test_acc=0.8834
Round 473 | selected=[95, 28, 49, 83, 11, 31, 1, 65, 63, 74]
Round 473 | train_loss=0.1017 train_acc=0.9674 test_loss=0.3738 test_acc=0.8850
Round 474 | selected=[48, 42, 71, 63, 36, 57, 13, 35, 92, 60]
Round 474 | train_loss=0.1175 train_acc=0.9578 test_loss=0.3895 test_acc=0.8831
Round 475 | selected=[56, 25, 10, 83, 37, 92, 66, 33, 81, 73]
Round 475 | train_loss=0.1114 train_acc=0.9630 test_loss=0.4560 test_acc=0.8626
Round 476 | selected=[1, 30, 64, 48, 82, 69, 60, 3, 78, 73]
Round 476 | train_loss=0.1115 train_acc=0.9638 test_loss=0.3791 test_acc=0.8819
Round 477 | selected=[91, 93, 20, 17, 87, 23, 0, 3, 53, 67]
Round 477 | train_loss=0.1014 train_acc=0.9656 test_loss=0.4446 test_acc=0.8659
Round 478 | selected=[31, 74, 30, 23, 58, 78, 20, 5, 56, 6]
Round 478 | train_loss=0.1085 train_acc=0.9620 test_loss=0.4279 test_acc=0.8712
Round 479 | selected=[99, 21, 45, 30, 93, 85, 58, 97, 56, 13]
Round 479 | train_loss=0.1026 train_acc=0.9656 test_loss=0.3956 test_acc=0.8816
Round 480 | selected=[62, 29, 37, 54, 51, 93, 33, 59, 4, 16]
Round 480 | train_loss=0.1144 train_acc=0.9626 test_loss=0.4330 test_acc=0.8699
Round 481 | selected=[63, 58, 57, 77, 98, 21, 18, 1, 24, 5]
Round 481 | train_loss=0.1237 train_acc=0.9572 test_loss=0.4059 test_acc=0.8793
Round 482 | selected=[51, 31, 14, 17, 13, 45, 70, 89, 63, 48]
Round 482 | train_loss=0.1132 train_acc=0.9602 test_loss=0.4142 test_acc=0.8793
Round 483 | selected=[73, 39, 8, 94, 58, 98, 10, 29, 31, 95]
Round 483 | train_loss=0.0908 train_acc=0.9704 test_loss=0.4014 test_acc=0.8822
Round 484 | selected=[96, 98, 50, 32, 25, 12, 59, 69, 87, 15]
Round 484 | train_loss=0.1138 train_acc=0.9582 test_loss=0.3985 test_acc=0.8830
Round 485 | selected=[56, 25, 32, 19, 10, 77, 80, 88, 94, 2]
Round 485 | train_loss=0.1043 train_acc=0.9650 test_loss=0.4354 test_acc=0.8747
Round 486 | selected=[65, 46, 32, 58, 95, 92, 23, 52, 18, 75]
Round 486 | train_loss=0.1044 train_acc=0.9676 test_loss=0.4541 test_acc=0.8685
Round 487 | selected=[45, 85, 58, 0, 93, 42, 8, 13, 52, 88]
Round 487 | train_loss=0.0954 train_acc=0.9686 test_loss=0.4377 test_acc=0.8716
Round 488 | selected=[19, 7, 9, 50, 56, 93, 53, 31, 22, 8]
Round 488 | train_loss=0.0816 train_acc=0.9742 test_loss=0.4457 test_acc=0.8694
Round 489 | selected=[95, 10, 58, 52, 94, 88, 68, 87, 50, 59]
Round 489 | train_loss=0.0873 train_acc=0.9722 test_loss=0.4694 test_acc=0.8602
Round 490 | selected=[1, 53, 82, 11, 36, 5, 95, 24, 42, 56]
Round 490 | train_loss=0.0973 train_acc=0.9664 test_loss=0.3956 test_acc=0.8812
Round 491 | selected=[91, 41, 85, 48, 45, 46, 6, 99, 1, 92]
Round 491 | train_loss=0.0903 train_acc=0.9710 test_loss=0.3972 test_acc=0.8796
Round 492 | selected=[88, 56, 24, 98, 58, 26, 70, 13, 9, 99]
Round 492 | train_loss=0.0935 train_acc=0.9668 test_loss=0.4001 test_acc=0.8773
Round 493 | selected=[39, 62, 79, 46, 91, 78, 7, 19, 51, 18]
Round 493 | train_loss=0.0977 train_acc=0.9650 test_loss=0.4048 test_acc=0.8777
Round 494 | selected=[12, 31, 21, 40, 68, 17, 97, 50, 26, 80]
Round 494 | train_loss=0.0952 train_acc=0.9682 test_loss=0.4156 test_acc=0.8762
Round 495 | selected=[14, 84, 21, 22, 19, 43, 54, 29, 59, 94]
Round 495 | train_loss=0.1113 train_acc=0.9596 test_loss=0.3785 test_acc=0.8874
Round 496 | selected=[10, 42, 74, 1, 3, 80, 13, 61, 77, 16]
Round 496 | train_loss=0.0949 train_acc=0.9688 test_loss=0.4498 test_acc=0.8696
Round 497 | selected=[31, 17, 59, 7, 29, 85, 37, 87, 22, 64]
Round 497 | train_loss=0.0896 train_acc=0.9704 test_loss=0.4818 test_acc=0.8609
Round 498 | selected=[70, 87, 92, 69, 10, 34, 7, 68, 6, 67]
Round 498 | train_loss=0.1057 train_acc=0.9640 test_loss=0.4081 test_acc=0.8785
Round 499 | selected=[73, 71, 28, 27, 36, 64, 24, 55, 86, 7]
Round 499 | train_loss=0.1148 train_acc=0.9612 test_loss=0.3950 test_acc=0.8840
Round 500 | selected=[52, 95, 60, 97, 91, 69, 44, 93, 76, 3]
Round 500 | train_loss=0.0937 train_acc=0.9678 test_loss=0.4122 test_acc=0.8805
Saved: track1/results/cifar10/final_seed43/fedadam_alpha1_seed43.csv
COMPLETED: fedadam alpha1 seed=43
