========================================
JOB:       12002564
TASK:      13
ALGORITHM: fedadam
PARTITION: alpha1
SEED:      42
GPU:       0
========================================
Device: cuda
GPU: Tesla V100-PCIE-16GB
Round 0 | test_loss=3.2141 test_acc=0.1000
Round 1 | selected=[96, 71, 8, 60, 41, 94, 68, 9, 19, 82]
Round 1 | train_loss=2.1081 train_acc=0.2744 test_loss=4.7331 test_acc=0.1009
Round 2 | selected=[75, 39, 34, 62, 81, 17, 40, 46, 54, 88]
Round 2 | train_loss=1.9569 train_acc=0.3734 test_loss=2.5174 test_acc=0.1558
Round 3 | selected=[66, 71, 25, 44, 34, 15, 58, 89, 95, 6]
Round 3 | train_loss=1.8912 train_acc=0.3880 test_loss=2.0868 test_acc=0.2556
Round 4 | selected=[93, 40, 70, 32, 63, 68, 35, 90, 14, 86]
Round 4 | train_loss=1.6580 train_acc=0.4334 test_loss=1.9880 test_acc=0.2895
Round 5 | selected=[70, 81, 20, 62, 89, 98, 41, 15, 52, 30]
Round 5 | train_loss=1.7608 train_acc=0.4140 test_loss=2.0581 test_acc=0.2967
Round 6 | selected=[63, 26, 0, 19, 22, 13, 59, 79, 99, 78]
Round 6 | train_loss=1.5788 train_acc=0.4626 test_loss=1.7502 test_acc=0.3580
Round 7 | selected=[23, 65, 52, 3, 42, 13, 47, 46, 10, 64]
Round 7 | train_loss=1.6097 train_acc=0.4364 test_loss=1.7828 test_acc=0.3621
Round 8 | selected=[33, 56, 28, 96, 27, 73, 50, 42, 21, 2]
Round 8 | train_loss=1.5197 train_acc=0.4772 test_loss=1.8991 test_acc=0.3352
Round 9 | selected=[76, 40, 66, 48, 83, 27, 53, 98, 62, 11]
Round 9 | train_loss=1.5215 train_acc=0.4728 test_loss=1.6186 test_acc=0.4096
Round 10 | selected=[15, 88, 49, 93, 8, 67, 65, 68, 43, 70]
Round 10 | train_loss=1.4027 train_acc=0.5240 test_loss=1.5852 test_acc=0.4171
Round 11 | selected=[33, 62, 8, 11, 57, 56, 91, 96, 98, 34]
Round 11 | train_loss=1.3944 train_acc=0.5150 test_loss=1.4870 test_acc=0.4417
Round 12 | selected=[70, 26, 66, 95, 7, 9, 42, 74, 24, 44]
Round 12 | train_loss=1.4385 train_acc=0.4904 test_loss=1.5347 test_acc=0.4317
Round 13 | selected=[47, 70, 65, 43, 99, 49, 1, 16, 72, 80]
Round 13 | train_loss=1.4628 train_acc=0.4880 test_loss=1.6905 test_acc=0.4029
Round 14 | selected=[37, 64, 3, 16, 31, 14, 18, 46, 67, 72]
Round 14 | train_loss=1.4214 train_acc=0.5002 test_loss=1.7476 test_acc=0.3930
Round 15 | selected=[55, 14, 2, 48, 56, 31, 41, 40, 93, 28]
Round 15 | train_loss=1.3788 train_acc=0.5206 test_loss=1.3945 test_acc=0.4917
Round 16 | selected=[53, 44, 54, 32, 25, 85, 14, 50, 93, 77]
Round 16 | train_loss=1.2131 train_acc=0.5786 test_loss=1.4012 test_acc=0.4967
Round 17 | selected=[99, 29, 49, 12, 52, 64, 65, 11, 10, 28]
Round 17 | train_loss=1.3212 train_acc=0.5598 test_loss=1.4880 test_acc=0.4685
Round 18 | selected=[21, 83, 30, 22, 13, 89, 97, 53, 3, 36]
Round 18 | train_loss=1.4146 train_acc=0.5078 test_loss=1.4503 test_acc=0.4757
Round 19 | selected=[52, 47, 4, 89, 94, 56, 17, 16, 24, 84]
Round 19 | train_loss=1.3767 train_acc=0.5190 test_loss=1.4372 test_acc=0.4784
Round 20 | selected=[49, 45, 20, 2, 76, 81, 33, 83, 10, 30]
Round 20 | train_loss=1.3004 train_acc=0.5436 test_loss=1.4361 test_acc=0.4825
Round 21 | selected=[98, 15, 22, 0, 11, 6, 3, 88, 86, 81]
Round 21 | train_loss=1.2597 train_acc=0.5652 test_loss=1.4657 test_acc=0.4770
Round 22 | selected=[48, 92, 30, 72, 47, 93, 42, 14, 91, 28]
Round 22 | train_loss=1.2555 train_acc=0.5616 test_loss=1.5415 test_acc=0.4575
Round 23 | selected=[86, 65, 85, 46, 19, 72, 55, 80, 40, 26]
Round 23 | train_loss=1.2225 train_acc=0.5768 test_loss=1.5791 test_acc=0.4336
Round 24 | selected=[91, 65, 7, 84, 49, 12, 47, 36, 28, 31]
Round 24 | train_loss=1.2461 train_acc=0.5632 test_loss=1.4119 test_acc=0.4759
Round 25 | selected=[13, 78, 9, 41, 0, 68, 72, 96, 95, 58]
Round 25 | train_loss=1.2112 train_acc=0.5768 test_loss=1.2718 test_acc=0.5399
Round 26 | selected=[71, 77, 46, 80, 24, 78, 27, 10, 62, 1]
Round 26 | train_loss=1.1637 train_acc=0.6024 test_loss=1.2821 test_acc=0.5402
Round 27 | selected=[26, 63, 86, 35, 40, 96, 37, 95, 88, 11]
Round 27 | train_loss=1.1711 train_acc=0.5938 test_loss=1.2703 test_acc=0.5432
Round 28 | selected=[35, 45, 88, 82, 6, 74, 57, 19, 9, 14]
Round 28 | train_loss=1.1399 train_acc=0.6126 test_loss=1.2102 test_acc=0.5638
Round 29 | selected=[2, 70, 93, 43, 11, 53, 14, 52, 5, 26]
Round 29 | train_loss=1.1779 train_acc=0.5892 test_loss=1.2123 test_acc=0.5612
Round 30 | selected=[92, 29, 98, 53, 70, 77, 84, 76, 47, 35]
Round 30 | train_loss=1.0856 train_acc=0.6366 test_loss=1.2114 test_acc=0.5641
Round 31 | selected=[4, 38, 89, 35, 0, 26, 88, 10, 51, 86]
Round 31 | train_loss=1.1133 train_acc=0.6158 test_loss=1.2000 test_acc=0.5696
Round 32 | selected=[22, 73, 56, 83, 93, 76, 98, 62, 30, 77]
Round 32 | train_loss=1.0829 train_acc=0.6344 test_loss=1.2194 test_acc=0.5614
Round 33 | selected=[24, 66, 36, 74, 77, 26, 62, 43, 78, 87]
Round 33 | train_loss=1.1044 train_acc=0.6252 test_loss=1.2619 test_acc=0.5501
Round 34 | selected=[69, 33, 23, 46, 36, 41, 31, 67, 17, 34]
Round 34 | train_loss=1.1516 train_acc=0.6050 test_loss=1.1943 test_acc=0.5738
Round 35 | selected=[19, 54, 46, 53, 79, 49, 89, 41, 62, 78]
Round 35 | train_loss=1.0523 train_acc=0.6352 test_loss=1.2874 test_acc=0.5527
Round 36 | selected=[12, 46, 80, 99, 59, 9, 86, 63, 91, 62]
Round 36 | train_loss=1.0701 train_acc=0.6320 test_loss=1.2099 test_acc=0.5660
Round 37 | selected=[55, 96, 73, 92, 77, 94, 42, 75, 37, 15]
Round 37 | train_loss=1.0445 train_acc=0.6376 test_loss=1.1521 test_acc=0.5905
Round 38 | selected=[72, 54, 15, 45, 11, 52, 0, 96, 51, 66]
Round 38 | train_loss=1.0953 train_acc=0.6198 test_loss=1.1192 test_acc=0.5971
Round 39 | selected=[76, 8, 93, 73, 64, 72, 68, 11, 47, 41]
Round 39 | train_loss=0.9953 train_acc=0.6616 test_loss=1.0678 test_acc=0.6140
Round 40 | selected=[51, 34, 15, 96, 30, 25, 74, 97, 69, 58]
Round 40 | train_loss=1.0041 train_acc=0.6478 test_loss=1.0533 test_acc=0.6214
Round 41 | selected=[87, 88, 46, 50, 34, 37, 74, 16, 13, 59]
Round 41 | train_loss=1.0504 train_acc=0.6452 test_loss=1.0423 test_acc=0.6228
Round 42 | selected=[3, 67, 57, 80, 59, 94, 45, 11, 54, 77]
Round 42 | train_loss=0.9291 train_acc=0.6816 test_loss=1.0925 test_acc=0.6042
Round 43 | selected=[88, 76, 1, 11, 40, 48, 71, 28, 53, 93]
Round 43 | train_loss=0.9343 train_acc=0.6854 test_loss=1.1162 test_acc=0.5957
Round 44 | selected=[2, 13, 63, 68, 92, 96, 61, 9, 97, 8]
Round 44 | train_loss=0.9996 train_acc=0.6594 test_loss=1.1146 test_acc=0.6059
Round 45 | selected=[99, 1, 0, 85, 3, 63, 27, 88, 73, 18]
Round 45 | train_loss=1.0050 train_acc=0.6494 test_loss=1.1026 test_acc=0.6060
Round 46 | selected=[22, 76, 98, 92, 5, 77, 62, 84, 11, 89]
Round 46 | train_loss=0.8864 train_acc=0.6898 test_loss=1.1791 test_acc=0.5834
Round 47 | selected=[70, 52, 50, 60, 15, 83, 46, 63, 8, 44]
Round 47 | train_loss=0.9970 train_acc=0.6552 test_loss=1.1158 test_acc=0.6051
Round 48 | selected=[21, 47, 59, 89, 0, 68, 56, 6, 5, 4]
Round 48 | train_loss=0.9329 train_acc=0.6792 test_loss=1.0450 test_acc=0.6315
Round 49 | selected=[34, 55, 75, 57, 62, 43, 24, 86, 90, 51]
Round 49 | train_loss=0.9262 train_acc=0.6820 test_loss=0.9831 test_acc=0.6475
Round 50 | selected=[23, 45, 60, 15, 69, 14, 63, 41, 50, 89]
Round 50 | train_loss=0.8758 train_acc=0.6950 test_loss=0.9732 test_acc=0.6478
Round 51 | selected=[96, 62, 8, 74, 57, 58, 41, 38, 40, 28]
Round 51 | train_loss=0.9075 train_acc=0.6864 test_loss=0.9608 test_acc=0.6505
Round 52 | selected=[9, 3, 27, 45, 38, 21, 44, 56, 35, 14]
Round 52 | train_loss=0.9174 train_acc=0.6888 test_loss=0.9812 test_acc=0.6443
Round 53 | selected=[61, 72, 31, 22, 52, 51, 41, 96, 18, 36]
Round 53 | train_loss=0.9402 train_acc=0.6764 test_loss=0.9797 test_acc=0.6449
Round 54 | selected=[67, 23, 48, 25, 38, 30, 50, 82, 45, 75]
Round 54 | train_loss=0.8719 train_acc=0.7062 test_loss=0.9688 test_acc=0.6538
Round 55 | selected=[6, 52, 30, 25, 70, 46, 16, 31, 7, 74]
Round 55 | train_loss=0.9712 train_acc=0.6630 test_loss=0.9676 test_acc=0.6563
Round 56 | selected=[94, 48, 13, 49, 62, 22, 55, 35, 11, 7]
Round 56 | train_loss=0.7603 train_acc=0.7442 test_loss=0.9748 test_acc=0.6527
Round 57 | selected=[68, 65, 20, 60, 52, 86, 74, 1, 35, 31]
Round 57 | train_loss=0.9158 train_acc=0.6842 test_loss=0.9505 test_acc=0.6579
Round 58 | selected=[44, 13, 84, 18, 49, 94, 62, 50, 78, 75]
Round 58 | train_loss=0.8089 train_acc=0.7268 test_loss=0.9236 test_acc=0.6635
Round 59 | selected=[91, 83, 4, 23, 62, 87, 17, 99, 28, 13]
Round 59 | train_loss=1.0085 train_acc=0.6508 test_loss=0.9724 test_acc=0.6532
Round 60 | selected=[81, 64, 22, 24, 79, 7, 80, 40, 54, 61]
Round 60 | train_loss=0.8229 train_acc=0.7238 test_loss=0.9013 test_acc=0.6750
Round 61 | selected=[46, 75, 68, 80, 86, 31, 51, 85, 94, 79]
Round 61 | train_loss=0.8520 train_acc=0.7102 test_loss=0.9341 test_acc=0.6695
Round 62 | selected=[79, 10, 50, 2, 30, 53, 46, 39, 49, 99]
Round 62 | train_loss=0.8661 train_acc=0.6892 test_loss=0.9417 test_acc=0.6710
Round 63 | selected=[14, 65, 59, 56, 30, 40, 2, 87, 23, 43]
Round 63 | train_loss=0.8304 train_acc=0.7184 test_loss=0.8695 test_acc=0.6904
Round 64 | selected=[73, 94, 89, 82, 98, 96, 45, 51, 57, 63]
Round 64 | train_loss=0.8073 train_acc=0.7140 test_loss=0.8630 test_acc=0.6873
Round 65 | selected=[46, 64, 93, 53, 41, 61, 75, 96, 98, 67]
Round 65 | train_loss=0.7885 train_acc=0.7252 test_loss=0.9566 test_acc=0.6592
Round 66 | selected=[75, 98, 31, 3, 0, 48, 11, 27, 94, 87]
Round 66 | train_loss=0.8219 train_acc=0.7142 test_loss=0.9216 test_acc=0.6733
Round 67 | selected=[25, 52, 51, 7, 90, 76, 82, 44, 59, 20]
Round 67 | train_loss=0.7866 train_acc=0.7304 test_loss=0.8789 test_acc=0.6927
Round 68 | selected=[39, 0, 73, 66, 72, 70, 83, 61, 93, 98]
Round 68 | train_loss=0.8576 train_acc=0.7070 test_loss=0.9261 test_acc=0.6822
Round 69 | selected=[40, 48, 88, 99, 65, 0, 2, 24, 75, 51]
Round 69 | train_loss=0.7631 train_acc=0.7304 test_loss=0.9877 test_acc=0.6631
Round 70 | selected=[68, 39, 11, 31, 84, 71, 57, 43, 28, 79]
Round 70 | train_loss=0.8148 train_acc=0.7242 test_loss=0.9566 test_acc=0.6727
Round 71 | selected=[29, 99, 39, 75, 61, 76, 50, 40, 66, 95]
Round 71 | train_loss=0.7522 train_acc=0.7546 test_loss=0.8820 test_acc=0.6915
Round 72 | selected=[21, 86, 10, 33, 48, 5, 36, 13, 54, 46]
Round 72 | train_loss=0.7526 train_acc=0.7496 test_loss=0.8701 test_acc=0.6983
Round 73 | selected=[75, 32, 87, 86, 95, 81, 58, 94, 42, 40]
Round 73 | train_loss=0.7704 train_acc=0.7256 test_loss=0.8361 test_acc=0.7043
Round 74 | selected=[28, 21, 58, 50, 61, 81, 94, 84, 29, 72]
Round 74 | train_loss=0.7816 train_acc=0.7502 test_loss=0.8611 test_acc=0.7033
Round 75 | selected=[80, 31, 77, 0, 5, 53, 57, 78, 26, 24]
Round 75 | train_loss=0.7659 train_acc=0.7332 test_loss=0.8289 test_acc=0.7124
Round 76 | selected=[31, 74, 94, 17, 55, 16, 83, 45, 25, 61]
Round 76 | train_loss=0.8042 train_acc=0.7190 test_loss=0.8623 test_acc=0.6979
Round 77 | selected=[24, 70, 5, 28, 87, 3, 90, 4, 12, 9]
Round 77 | train_loss=0.7669 train_acc=0.7334 test_loss=0.8452 test_acc=0.7013
Round 78 | selected=[5, 74, 4, 36, 78, 87, 59, 44, 69, 10]
Round 78 | train_loss=0.7586 train_acc=0.7414 test_loss=0.8062 test_acc=0.7185
Round 79 | selected=[48, 15, 27, 10, 0, 96, 49, 81, 38, 26]
Round 79 | train_loss=0.7903 train_acc=0.7270 test_loss=0.7668 test_acc=0.7324
Round 80 | selected=[94, 56, 67, 23, 84, 87, 21, 33, 46, 29]
Round 80 | train_loss=0.7238 train_acc=0.7522 test_loss=0.8377 test_acc=0.7134
Round 81 | selected=[17, 30, 14, 4, 2, 57, 65, 13, 91, 78]
Round 81 | train_loss=0.7604 train_acc=0.7454 test_loss=0.8767 test_acc=0.6973
Round 82 | selected=[95, 43, 54, 49, 84, 67, 8, 57, 22, 56]
Round 82 | train_loss=0.6869 train_acc=0.7672 test_loss=0.7836 test_acc=0.7198
Round 83 | selected=[54, 78, 23, 44, 88, 94, 27, 90, 95, 60]
Round 83 | train_loss=0.7089 train_acc=0.7530 test_loss=0.8023 test_acc=0.7191
Round 84 | selected=[20, 27, 40, 31, 10, 55, 49, 82, 62, 72]
Round 84 | train_loss=0.7145 train_acc=0.7556 test_loss=0.8236 test_acc=0.7144
Round 85 | selected=[31, 12, 93, 78, 80, 28, 59, 89, 70, 66]
Round 85 | train_loss=0.7146 train_acc=0.7540 test_loss=0.8406 test_acc=0.7098
Round 86 | selected=[90, 73, 1, 11, 0, 15, 47, 94, 25, 55]
Round 86 | train_loss=0.6959 train_acc=0.7600 test_loss=0.7979 test_acc=0.7169
Round 87 | selected=[59, 4, 58, 37, 69, 26, 17, 44, 15, 49]
Round 87 | train_loss=0.7227 train_acc=0.7504 test_loss=0.7673 test_acc=0.7270
Round 88 | selected=[54, 14, 60, 24, 21, 98, 18, 79, 83, 80]
Round 88 | train_loss=0.7127 train_acc=0.7570 test_loss=0.7649 test_acc=0.7298
Round 89 | selected=[14, 69, 1, 89, 40, 93, 92, 66, 50, 24]
Round 89 | train_loss=0.6010 train_acc=0.7954 test_loss=0.7832 test_acc=0.7246
Round 90 | selected=[35, 36, 80, 15, 64, 45, 95, 26, 14, 60]
Round 90 | train_loss=0.6680 train_acc=0.7748 test_loss=0.7994 test_acc=0.7238
Round 91 | selected=[81, 51, 43, 61, 40, 68, 37, 84, 62, 31]
Round 91 | train_loss=0.6829 train_acc=0.7700 test_loss=0.7845 test_acc=0.7304
Round 92 | selected=[82, 49, 0, 77, 71, 9, 98, 95, 65, 84]
Round 92 | train_loss=0.6739 train_acc=0.7690 test_loss=0.8342 test_acc=0.7198
Round 93 | selected=[34, 66, 59, 60, 31, 73, 86, 83, 99, 37]
Round 93 | train_loss=0.7087 train_acc=0.7600 test_loss=0.8087 test_acc=0.7259
Round 94 | selected=[33, 35, 75, 31, 38, 12, 42, 34, 18, 6]
Round 94 | train_loss=0.6966 train_acc=0.7656 test_loss=0.8155 test_acc=0.7243
Round 95 | selected=[33, 55, 84, 47, 43, 18, 27, 70, 9, 20]
Round 95 | train_loss=0.6645 train_acc=0.7746 test_loss=0.8715 test_acc=0.7116
Round 96 | selected=[66, 91, 63, 8, 23, 88, 4, 49, 44, 0]
Round 96 | train_loss=0.6518 train_acc=0.7780 test_loss=0.8097 test_acc=0.7324
Round 97 | selected=[7, 92, 70, 94, 34, 98, 9, 93, 82, 58]
Round 97 | train_loss=0.6283 train_acc=0.7838 test_loss=0.8939 test_acc=0.7078
Round 98 | selected=[45, 25, 50, 51, 8, 37, 57, 16, 76, 68]
Round 98 | train_loss=0.6342 train_acc=0.7844 test_loss=0.9482 test_acc=0.6932
Round 99 | selected=[72, 75, 20, 92, 10, 34, 77, 38, 4, 2]
Round 99 | train_loss=0.6880 train_acc=0.7598 test_loss=0.8263 test_acc=0.7168
Round 100 | selected=[16, 40, 17, 58, 18, 44, 24, 62, 6, 78]
Round 100 | train_loss=0.6390 train_acc=0.7824 test_loss=0.8126 test_acc=0.7243
Round 101 | selected=[31, 3, 23, 28, 66, 91, 95, 94, 15, 48]
Round 101 | train_loss=0.6208 train_acc=0.7940 test_loss=0.8415 test_acc=0.7140
Round 102 | selected=[35, 49, 36, 41, 98, 12, 34, 77, 48, 18]
Round 102 | train_loss=0.6009 train_acc=0.7938 test_loss=0.7909 test_acc=0.7252
Round 103 | selected=[2, 36, 19, 23, 98, 91, 83, 11, 15, 87]
Round 103 | train_loss=0.6920 train_acc=0.7654 test_loss=0.7525 test_acc=0.7381
Round 104 | selected=[17, 48, 37, 73, 78, 79, 13, 60, 80, 93]
Round 104 | train_loss=0.6297 train_acc=0.7880 test_loss=0.7970 test_acc=0.7144
Round 105 | selected=[84, 62, 59, 73, 5, 74, 96, 79, 31, 63]
Round 105 | train_loss=0.6326 train_acc=0.7816 test_loss=0.8176 test_acc=0.7168
Round 106 | selected=[94, 6, 0, 38, 92, 45, 84, 79, 26, 50]
Round 106 | train_loss=0.6181 train_acc=0.7836 test_loss=0.7895 test_acc=0.7293
Round 107 | selected=[64, 44, 59, 38, 29, 68, 96, 65, 94, 58]
Round 107 | train_loss=0.5935 train_acc=0.8044 test_loss=0.7502 test_acc=0.7387
Round 108 | selected=[90, 3, 61, 88, 94, 43, 54, 74, 78, 28]
Round 108 | train_loss=0.5967 train_acc=0.7954 test_loss=0.7101 test_acc=0.7503
Round 109 | selected=[66, 32, 88, 56, 70, 39, 34, 69, 38, 87]
Round 109 | train_loss=0.6315 train_acc=0.7848 test_loss=0.6995 test_acc=0.7528
Round 110 | selected=[37, 38, 42, 12, 25, 65, 82, 44, 31, 58]
Round 110 | train_loss=0.5915 train_acc=0.7990 test_loss=0.7664 test_acc=0.7320
Round 111 | selected=[15, 74, 98, 18, 84, 95, 80, 30, 91, 24]
Round 111 | train_loss=0.5810 train_acc=0.8008 test_loss=0.8807 test_acc=0.6946
Round 112 | selected=[62, 53, 25, 91, 71, 85, 86, 54, 19, 94]
Round 112 | train_loss=0.6263 train_acc=0.7898 test_loss=0.7542 test_acc=0.7411
Round 113 | selected=[66, 5, 49, 29, 53, 67, 42, 2, 91, 38]
Round 113 | train_loss=0.5989 train_acc=0.7918 test_loss=0.6646 test_acc=0.7697
Round 114 | selected=[85, 44, 94, 30, 48, 77, 82, 79, 69, 52]
Round 114 | train_loss=0.5790 train_acc=0.8038 test_loss=0.7137 test_acc=0.7528
Round 115 | selected=[28, 96, 74, 87, 76, 23, 91, 71, 1, 77]
Round 115 | train_loss=0.6187 train_acc=0.7830 test_loss=0.7664 test_acc=0.7364
Round 116 | selected=[55, 65, 97, 26, 34, 28, 43, 39, 23, 21]
Round 116 | train_loss=0.6366 train_acc=0.7810 test_loss=0.7471 test_acc=0.7449
Round 117 | selected=[13, 12, 22, 75, 41, 11, 67, 59, 78, 73]
Round 117 | train_loss=0.5664 train_acc=0.8114 test_loss=0.7868 test_acc=0.7357
Round 118 | selected=[88, 6, 38, 82, 57, 62, 93, 95, 27, 36]
Round 118 | train_loss=0.6259 train_acc=0.7862 test_loss=0.6921 test_acc=0.7622
Round 119 | selected=[10, 16, 97, 41, 78, 15, 50, 55, 54, 66]
Round 119 | train_loss=0.5779 train_acc=0.8016 test_loss=0.6586 test_acc=0.7754
Round 120 | selected=[11, 65, 94, 90, 70, 96, 2, 32, 48, 9]
Round 120 | train_loss=0.6111 train_acc=0.7892 test_loss=0.8853 test_acc=0.7147
Round 121 | selected=[92, 41, 80, 69, 87, 64, 79, 32, 30, 74]
Round 121 | train_loss=0.5962 train_acc=0.7900 test_loss=1.0258 test_acc=0.6719
Round 122 | selected=[83, 15, 9, 30, 24, 31, 53, 81, 13, 87]
Round 122 | train_loss=0.6349 train_acc=0.7886 test_loss=0.8252 test_acc=0.7197
Round 123 | selected=[3, 80, 62, 9, 32, 33, 72, 16, 71, 77]
Round 123 | train_loss=0.5801 train_acc=0.8014 test_loss=0.6792 test_acc=0.7665
Round 124 | selected=[52, 8, 74, 25, 71, 32, 39, 37, 3, 57]
Round 124 | train_loss=0.6410 train_acc=0.7806 test_loss=0.6588 test_acc=0.7754
Round 125 | selected=[8, 58, 93, 72, 61, 37, 11, 75, 20, 19]
Round 125 | train_loss=0.5784 train_acc=0.7986 test_loss=0.8193 test_acc=0.7246
Round 126 | selected=[62, 92, 78, 90, 12, 17, 43, 89, 18, 38]
Round 126 | train_loss=0.5421 train_acc=0.8184 test_loss=1.0582 test_acc=0.6638
Round 127 | selected=[99, 60, 0, 70, 43, 73, 23, 88, 55, 27]
Round 127 | train_loss=0.6064 train_acc=0.7912 test_loss=0.8283 test_acc=0.7297
Round 128 | selected=[27, 25, 54, 40, 10, 45, 34, 24, 58, 75]
Round 128 | train_loss=0.5273 train_acc=0.8260 test_loss=0.7627 test_acc=0.7463
Round 129 | selected=[41, 35, 0, 64, 53, 6, 81, 60, 28, 14]
Round 129 | train_loss=0.6240 train_acc=0.7844 test_loss=0.7821 test_acc=0.7422
Round 130 | selected=[46, 90, 81, 34, 80, 8, 78, 5, 45, 43]
Round 130 | train_loss=0.5604 train_acc=0.8114 test_loss=0.6936 test_acc=0.7628
Round 131 | selected=[40, 94, 19, 81, 7, 13, 38, 9, 17, 50]
Round 131 | train_loss=0.5411 train_acc=0.8196 test_loss=0.8172 test_acc=0.7282
Round 132 | selected=[87, 24, 31, 57, 98, 78, 40, 32, 19, 3]
Round 132 | train_loss=0.5626 train_acc=0.8082 test_loss=0.8780 test_acc=0.7078
Round 133 | selected=[72, 91, 97, 10, 18, 52, 37, 80, 68, 11]
Round 133 | train_loss=0.5585 train_acc=0.8080 test_loss=0.7667 test_acc=0.7401
Round 134 | selected=[78, 86, 16, 7, 96, 88, 53, 93, 32, 76]
Round 134 | train_loss=0.5502 train_acc=0.8104 test_loss=0.6396 test_acc=0.7824
Round 135 | selected=[30, 97, 21, 43, 53, 12, 62, 72, 10, 18]
Round 135 | train_loss=0.5446 train_acc=0.8152 test_loss=0.6001 test_acc=0.7963
Round 136 | selected=[38, 76, 39, 88, 73, 71, 90, 77, 58, 35]
Round 136 | train_loss=0.5183 train_acc=0.8298 test_loss=0.6354 test_acc=0.7868
Round 137 | selected=[34, 37, 31, 9, 52, 6, 33, 92, 51, 30]
Round 137 | train_loss=0.5383 train_acc=0.8192 test_loss=0.6545 test_acc=0.7809
Round 138 | selected=[69, 97, 70, 24, 50, 91, 80, 18, 51, 95]
Round 138 | train_loss=0.5137 train_acc=0.8294 test_loss=0.6274 test_acc=0.7845
Round 139 | selected=[84, 92, 98, 59, 54, 85, 3, 9, 0, 68]
Round 139 | train_loss=0.4969 train_acc=0.8326 test_loss=0.6233 test_acc=0.7854
Round 140 | selected=[76, 0, 91, 18, 45, 42, 54, 43, 88, 32]
Round 140 | train_loss=0.5032 train_acc=0.8296 test_loss=0.6272 test_acc=0.7812
Round 141 | selected=[39, 7, 20, 46, 13, 51, 71, 23, 96, 94]
Round 141 | train_loss=0.5379 train_acc=0.8186 test_loss=0.5961 test_acc=0.7923
Round 142 | selected=[36, 48, 34, 10, 23, 9, 55, 77, 46, 63]
Round 142 | train_loss=0.4899 train_acc=0.8322 test_loss=0.6328 test_acc=0.7826
Round 143 | selected=[74, 6, 10, 21, 81, 80, 69, 11, 30, 27]
Round 143 | train_loss=0.5655 train_acc=0.8076 test_loss=0.6578 test_acc=0.7773
Round 144 | selected=[15, 61, 53, 13, 63, 77, 36, 58, 10, 62]
Round 144 | train_loss=0.4841 train_acc=0.8336 test_loss=0.6230 test_acc=0.7904
Round 145 | selected=[94, 19, 9, 40, 52, 17, 49, 32, 92, 45]
Round 145 | train_loss=0.5053 train_acc=0.8294 test_loss=0.5847 test_acc=0.8042
Round 146 | selected=[58, 81, 40, 79, 41, 20, 3, 35, 33, 12]
Round 146 | train_loss=0.4830 train_acc=0.8408 test_loss=0.5760 test_acc=0.8087
Round 147 | selected=[91, 75, 4, 84, 36, 30, 49, 48, 27, 83]
Round 147 | train_loss=0.5291 train_acc=0.8212 test_loss=0.5811 test_acc=0.8051
Round 148 | selected=[38, 53, 67, 98, 81, 44, 85, 77, 6, 48]
Round 148 | train_loss=0.4796 train_acc=0.8300 test_loss=0.5840 test_acc=0.7975
Round 149 | selected=[8, 99, 18, 12, 69, 92, 83, 64, 53, 88]
Round 149 | train_loss=0.5450 train_acc=0.8130 test_loss=0.6527 test_acc=0.7777
Round 150 | selected=[96, 92, 72, 27, 51, 50, 43, 36, 87, 21]
Round 150 | train_loss=0.4866 train_acc=0.8384 test_loss=0.6081 test_acc=0.7973
Round 151 | selected=[10, 8, 76, 44, 7, 17, 68, 55, 71, 36]
Round 151 | train_loss=0.4569 train_acc=0.8430 test_loss=0.5801 test_acc=0.8100
Round 152 | selected=[20, 50, 90, 36, 65, 92, 76, 26, 18, 87]
Round 152 | train_loss=0.4904 train_acc=0.8330 test_loss=0.5671 test_acc=0.8147
Round 153 | selected=[13, 65, 62, 92, 53, 25, 87, 34, 17, 52]
Round 153 | train_loss=0.5118 train_acc=0.8296 test_loss=0.5901 test_acc=0.8058
Round 154 | selected=[43, 45, 11, 21, 86, 8, 32, 10, 39, 62]
Round 154 | train_loss=0.4663 train_acc=0.8422 test_loss=0.5424 test_acc=0.8192
Round 155 | selected=[17, 79, 56, 61, 64, 16, 29, 22, 15, 42]
Round 155 | train_loss=0.5391 train_acc=0.8236 test_loss=0.5834 test_acc=0.8009
Round 156 | selected=[96, 43, 3, 54, 94, 46, 91, 49, 9, 27]
Round 156 | train_loss=0.4536 train_acc=0.8468 test_loss=0.6367 test_acc=0.7865
Round 157 | selected=[4, 61, 99, 98, 22, 54, 59, 21, 68, 66]
Round 157 | train_loss=0.4654 train_acc=0.8428 test_loss=0.6336 test_acc=0.7799
Round 158 | selected=[74, 66, 70, 94, 44, 19, 60, 86, 41, 63]
Round 158 | train_loss=0.4833 train_acc=0.8356 test_loss=0.5993 test_acc=0.7880
Round 159 | selected=[56, 50, 40, 65, 88, 36, 79, 34, 61, 84]
Round 159 | train_loss=0.4154 train_acc=0.8628 test_loss=0.5975 test_acc=0.7864
Round 160 | selected=[35, 73, 93, 72, 59, 88, 22, 11, 10, 18]
Round 160 | train_loss=0.4306 train_acc=0.8530 test_loss=0.5328 test_acc=0.8149
Round 161 | selected=[99, 84, 35, 49, 74, 17, 30, 70, 26, 16]
Round 161 | train_loss=0.4878 train_acc=0.8308 test_loss=0.5702 test_acc=0.8013
Round 162 | selected=[81, 53, 14, 67, 28, 12, 22, 69, 35, 24]
Round 162 | train_loss=0.4307 train_acc=0.8534 test_loss=0.5784 test_acc=0.8001
Round 163 | selected=[23, 18, 32, 77, 41, 17, 35, 99, 26, 40]
Round 163 | train_loss=0.4609 train_acc=0.8410 test_loss=0.5480 test_acc=0.8132
Round 164 | selected=[25, 1, 68, 42, 28, 12, 86, 16, 29, 34]
Round 164 | train_loss=0.4966 train_acc=0.8436 test_loss=0.6037 test_acc=0.7917
Round 165 | selected=[60, 59, 57, 81, 45, 2, 95, 94, 88, 43]
Round 165 | train_loss=0.4775 train_acc=0.8372 test_loss=0.6366 test_acc=0.7817
Round 166 | selected=[44, 53, 46, 56, 93, 1, 97, 39, 76, 47]
Round 166 | train_loss=0.4618 train_acc=0.8424 test_loss=0.5825 test_acc=0.7970
Round 167 | selected=[11, 6, 87, 71, 15, 63, 31, 83, 93, 78]
Round 167 | train_loss=0.4639 train_acc=0.8414 test_loss=0.5892 test_acc=0.7934
Round 168 | selected=[16, 91, 28, 57, 74, 51, 19, 21, 20, 31]
Round 168 | train_loss=0.4753 train_acc=0.8402 test_loss=0.5789 test_acc=0.8002
Round 169 | selected=[99, 16, 61, 91, 94, 77, 21, 68, 17, 25]
Round 169 | train_loss=0.4375 train_acc=0.8522 test_loss=0.5622 test_acc=0.8077
Round 170 | selected=[25, 52, 0, 31, 69, 96, 94, 42, 41, 89]
Round 170 | train_loss=0.4292 train_acc=0.8492 test_loss=0.5576 test_acc=0.8126
Round 171 | selected=[87, 3, 76, 35, 95, 54, 0, 97, 19, 62]
Round 171 | train_loss=0.4214 train_acc=0.8606 test_loss=0.5505 test_acc=0.8125
Round 172 | selected=[35, 31, 16, 56, 69, 18, 22, 19, 14, 94]
Round 172 | train_loss=0.3758 train_acc=0.8726 test_loss=0.5550 test_acc=0.8123
Round 173 | selected=[15, 61, 38, 90, 97, 7, 95, 12, 23, 24]
Round 173 | train_loss=0.3933 train_acc=0.8668 test_loss=0.5815 test_acc=0.7981
Round 174 | selected=[97, 17, 18, 22, 37, 15, 78, 28, 44, 21]
Round 174 | train_loss=0.4188 train_acc=0.8594 test_loss=0.5713 test_acc=0.8058
Round 175 | selected=[22, 48, 12, 39, 38, 84, 25, 2, 88, 90]
Round 175 | train_loss=0.4276 train_acc=0.8538 test_loss=0.5179 test_acc=0.8224
Round 176 | selected=[83, 36, 24, 14, 7, 58, 82, 71, 87, 19]
Round 176 | train_loss=0.4333 train_acc=0.8532 test_loss=0.5505 test_acc=0.8093
Round 177 | selected=[74, 91, 11, 10, 56, 69, 15, 48, 12, 72]
Round 177 | train_loss=0.3668 train_acc=0.8768 test_loss=0.5871 test_acc=0.8010
Round 178 | selected=[74, 30, 69, 14, 96, 23, 58, 27, 11, 40]
Round 178 | train_loss=0.3790 train_acc=0.8710 test_loss=0.5579 test_acc=0.8108
Round 179 | selected=[23, 25, 28, 87, 73, 52, 70, 74, 84, 66]
Round 179 | train_loss=0.4432 train_acc=0.8522 test_loss=0.5509 test_acc=0.8081
Round 180 | selected=[46, 34, 64, 61, 36, 91, 33, 83, 14, 7]
Round 180 | train_loss=0.4163 train_acc=0.8640 test_loss=0.7045 test_acc=0.7613
Round 181 | selected=[47, 77, 57, 94, 35, 86, 30, 72, 46, 55]
Round 181 | train_loss=0.4014 train_acc=0.8702 test_loss=0.5986 test_acc=0.7927
Round 182 | selected=[87, 31, 88, 69, 55, 2, 42, 75, 60, 20]
Round 182 | train_loss=0.4386 train_acc=0.8514 test_loss=0.5309 test_acc=0.8187
Round 183 | selected=[38, 88, 76, 53, 34, 82, 25, 36, 73, 4]
Round 183 | train_loss=0.3986 train_acc=0.8646 test_loss=0.5221 test_acc=0.8252
Round 184 | selected=[22, 23, 39, 72, 37, 2, 48, 76, 75, 34]
Round 184 | train_loss=0.4201 train_acc=0.8616 test_loss=0.5091 test_acc=0.8275
Round 185 | selected=[43, 5, 42, 88, 30, 61, 11, 9, 19, 1]
Round 185 | train_loss=0.3833 train_acc=0.8696 test_loss=0.5343 test_acc=0.8171
Round 186 | selected=[29, 87, 63, 79, 32, 81, 16, 88, 15, 83]
Round 186 | train_loss=0.4574 train_acc=0.8472 test_loss=0.5605 test_acc=0.8074
Round 187 | selected=[77, 2, 50, 8, 56, 6, 71, 12, 79, 7]
Round 187 | train_loss=0.4117 train_acc=0.8598 test_loss=0.5387 test_acc=0.8150
Round 188 | selected=[32, 38, 45, 16, 66, 64, 98, 41, 42, 6]
Round 188 | train_loss=0.3932 train_acc=0.8666 test_loss=0.5458 test_acc=0.8109
Round 189 | selected=[7, 62, 61, 82, 64, 87, 30, 85, 76, 88]
Round 189 | train_loss=0.3860 train_acc=0.8730 test_loss=0.5511 test_acc=0.8145
Round 190 | selected=[32, 23, 97, 52, 61, 26, 44, 27, 90, 53]
Round 190 | train_loss=0.4203 train_acc=0.8532 test_loss=0.5401 test_acc=0.8176
Round 191 | selected=[40, 62, 50, 42, 4, 71, 6, 43, 56, 8]
Round 191 | train_loss=0.3436 train_acc=0.8862 test_loss=0.4953 test_acc=0.8304
Round 192 | selected=[75, 3, 42, 92, 72, 50, 49, 52, 8, 45]
Round 192 | train_loss=0.3965 train_acc=0.8638 test_loss=0.4953 test_acc=0.8291
Round 193 | selected=[90, 64, 67, 11, 47, 49, 92, 50, 38, 6]
Round 193 | train_loss=0.3873 train_acc=0.8704 test_loss=0.5045 test_acc=0.8296
Round 194 | selected=[0, 36, 13, 20, 39, 16, 42, 56, 9, 63]
Round 194 | train_loss=0.4076 train_acc=0.8624 test_loss=0.5741 test_acc=0.8065
Round 195 | selected=[39, 38, 31, 18, 86, 9, 60, 89, 64, 15]
Round 195 | train_loss=0.3931 train_acc=0.8650 test_loss=0.5431 test_acc=0.8138
Round 196 | selected=[45, 34, 96, 79, 22, 14, 80, 72, 46, 70]
Round 196 | train_loss=0.3905 train_acc=0.8682 test_loss=0.4611 test_acc=0.8431
Round 197 | selected=[10, 39, 70, 0, 61, 32, 84, 93, 91, 49]
Round 197 | train_loss=0.3754 train_acc=0.8758 test_loss=0.5209 test_acc=0.8281
Round 198 | selected=[88, 22, 87, 57, 79, 42, 93, 96, 40, 91]
Round 198 | train_loss=0.3929 train_acc=0.8716 test_loss=0.5122 test_acc=0.8304
Round 199 | selected=[38, 52, 78, 33, 64, 32, 41, 93, 58, 71]
Round 199 | train_loss=0.3863 train_acc=0.8676 test_loss=0.4958 test_acc=0.8322
Round 200 | selected=[95, 31, 52, 20, 92, 11, 2, 16, 70, 9]
Round 200 | train_loss=0.3892 train_acc=0.8684 test_loss=0.7154 test_acc=0.7594
Round 201 | selected=[51, 9, 15, 53, 84, 60, 2, 81, 94, 74]
Round 201 | train_loss=0.4229 train_acc=0.8556 test_loss=0.7941 test_acc=0.7417
Round 202 | selected=[87, 33, 16, 1, 81, 51, 57, 68, 54, 11]
Round 202 | train_loss=0.4070 train_acc=0.8624 test_loss=0.5762 test_acc=0.8021
Round 203 | selected=[46, 35, 76, 53, 91, 89, 87, 28, 81, 97]
Round 203 | train_loss=0.4186 train_acc=0.8576 test_loss=0.5586 test_acc=0.8119
Round 204 | selected=[97, 40, 51, 52, 61, 59, 1, 23, 29, 76]
Round 204 | train_loss=0.4030 train_acc=0.8710 test_loss=0.6739 test_acc=0.7787
Round 205 | selected=[16, 55, 41, 44, 82, 3, 21, 98, 22, 63]
Round 205 | train_loss=0.4133 train_acc=0.8578 test_loss=0.5981 test_acc=0.7994
Round 206 | selected=[1, 87, 84, 28, 98, 49, 48, 99, 92, 97]
Round 206 | train_loss=0.3989 train_acc=0.8662 test_loss=0.5083 test_acc=0.8272
Round 207 | selected=[60, 41, 71, 6, 47, 79, 7, 5, 58, 91]
Round 207 | train_loss=0.3933 train_acc=0.8626 test_loss=0.5467 test_acc=0.8161
Round 208 | selected=[53, 49, 30, 96, 44, 78, 66, 69, 16, 92]
Round 208 | train_loss=0.3837 train_acc=0.8702 test_loss=0.5001 test_acc=0.8305
Round 209 | selected=[93, 66, 85, 55, 21, 49, 70, 42, 88, 9]
Round 209 | train_loss=0.3548 train_acc=0.8810 test_loss=0.4863 test_acc=0.8336
Round 210 | selected=[53, 8, 65, 45, 11, 23, 14, 61, 95, 84]
Round 210 | train_loss=0.3225 train_acc=0.8884 test_loss=0.4879 test_acc=0.8344
Round 211 | selected=[13, 72, 2, 69, 32, 48, 52, 68, 82, 26]
Round 211 | train_loss=0.3792 train_acc=0.8754 test_loss=0.4823 test_acc=0.8369
Round 212 | selected=[27, 46, 18, 26, 82, 15, 64, 10, 32, 13]
Round 212 | train_loss=0.3822 train_acc=0.8686 test_loss=0.4941 test_acc=0.8348
Round 213 | selected=[67, 3, 26, 38, 62, 41, 25, 50, 61, 49]
Round 213 | train_loss=0.3286 train_acc=0.8892 test_loss=0.4819 test_acc=0.8399
Round 214 | selected=[78, 84, 0, 42, 93, 22, 98, 37, 30, 73]
Round 214 | train_loss=0.3520 train_acc=0.8798 test_loss=0.4946 test_acc=0.8380
Round 215 | selected=[77, 94, 68, 9, 92, 80, 32, 38, 75, 2]
Round 215 | train_loss=0.3624 train_acc=0.8756 test_loss=0.5078 test_acc=0.8269
Round 216 | selected=[35, 4, 44, 92, 57, 86, 95, 24, 93, 70]
Round 216 | train_loss=0.3426 train_acc=0.8870 test_loss=0.5501 test_acc=0.8141
Round 217 | selected=[14, 31, 79, 97, 0, 41, 47, 7, 48, 9]
Round 217 | train_loss=0.3492 train_acc=0.8792 test_loss=0.5322 test_acc=0.8218
Round 218 | selected=[24, 73, 4, 46, 8, 72, 41, 0, 92, 52]
Round 218 | train_loss=0.3405 train_acc=0.8840 test_loss=0.5011 test_acc=0.8321
Round 219 | selected=[82, 11, 26, 14, 83, 39, 38, 41, 32, 53]
Round 219 | train_loss=0.3469 train_acc=0.8784 test_loss=0.4918 test_acc=0.8327
Round 220 | selected=[67, 35, 66, 44, 51, 17, 49, 37, 64, 18]
Round 220 | train_loss=0.3529 train_acc=0.8772 test_loss=0.5183 test_acc=0.8259
Round 221 | selected=[20, 33, 25, 90, 9, 4, 59, 54, 80, 5]
Round 221 | train_loss=0.3525 train_acc=0.8804 test_loss=0.6037 test_acc=0.7986
Round 222 | selected=[22, 21, 92, 88, 32, 12, 69, 28, 62, 78]
Round 222 | train_loss=0.3440 train_acc=0.8876 test_loss=0.5855 test_acc=0.8090
Round 223 | selected=[10, 51, 17, 78, 14, 61, 75, 44, 47, 48]
Round 223 | train_loss=0.3236 train_acc=0.8912 test_loss=0.5561 test_acc=0.8198
Round 224 | selected=[79, 9, 34, 99, 26, 3, 22, 31, 27, 69]
Round 224 | train_loss=0.3738 train_acc=0.8708 test_loss=0.4959 test_acc=0.8343
Round 225 | selected=[8, 19, 74, 28, 56, 21, 99, 29, 59, 2]
Round 225 | train_loss=0.3988 train_acc=0.8726 test_loss=0.5693 test_acc=0.8119
Round 226 | selected=[71, 80, 12, 68, 70, 6, 45, 43, 86, 16]
Round 226 | train_loss=0.3598 train_acc=0.8796 test_loss=0.6048 test_acc=0.7941
Round 227 | selected=[91, 84, 13, 41, 72, 3, 64, 8, 99, 26]
Round 227 | train_loss=0.3626 train_acc=0.8776 test_loss=0.5136 test_acc=0.8281
Round 228 | selected=[69, 4, 39, 64, 8, 46, 81, 92, 44, 25]
Round 228 | train_loss=0.3441 train_acc=0.8872 test_loss=0.5080 test_acc=0.8276
Round 229 | selected=[41, 49, 82, 96, 31, 78, 40, 5, 85, 71]
Round 229 | train_loss=0.3163 train_acc=0.8938 test_loss=0.6188 test_acc=0.7925
Round 230 | selected=[45, 50, 38, 24, 51, 92, 96, 0, 78, 65]
Round 230 | train_loss=0.3063 train_acc=0.8964 test_loss=0.6299 test_acc=0.7905
Round 231 | selected=[28, 56, 50, 16, 30, 25, 76, 21, 15, 92]
Round 231 | train_loss=0.3469 train_acc=0.8860 test_loss=0.5459 test_acc=0.8133
Round 232 | selected=[6, 99, 28, 25, 16, 48, 75, 54, 1, 49]
Round 232 | train_loss=0.3375 train_acc=0.8824 test_loss=0.4973 test_acc=0.8336
Round 233 | selected=[55, 46, 15, 29, 11, 31, 47, 68, 23, 43]
Round 233 | train_loss=0.3740 train_acc=0.8736 test_loss=0.5380 test_acc=0.8247
Round 234 | selected=[8, 43, 95, 70, 92, 11, 57, 85, 86, 65]
Round 234 | train_loss=0.3248 train_acc=0.8866 test_loss=0.5158 test_acc=0.8286
Round 235 | selected=[84, 6, 46, 51, 17, 69, 81, 60, 28, 24]
Round 235 | train_loss=0.3185 train_acc=0.8912 test_loss=0.5877 test_acc=0.8052
Round 236 | selected=[38, 8, 71, 73, 47, 85, 84, 88, 13, 83]
Round 236 | train_loss=0.3363 train_acc=0.8952 test_loss=0.5724 test_acc=0.8096
Round 237 | selected=[42, 26, 63, 18, 68, 33, 19, 50, 37, 23]
Round 237 | train_loss=0.3130 train_acc=0.8944 test_loss=0.5024 test_acc=0.8299
Round 238 | selected=[25, 55, 29, 1, 27, 70, 35, 93, 51, 12]
Round 238 | train_loss=0.3480 train_acc=0.8854 test_loss=0.4737 test_acc=0.8392
Round 239 | selected=[8, 90, 74, 1, 2, 12, 43, 49, 96, 55]
Round 239 | train_loss=0.3363 train_acc=0.8862 test_loss=0.4943 test_acc=0.8352
Round 240 | selected=[81, 95, 56, 41, 86, 85, 51, 71, 4, 57]
Round 240 | train_loss=0.3220 train_acc=0.8922 test_loss=0.5163 test_acc=0.8250
Round 241 | selected=[38, 1, 32, 30, 97, 85, 20, 17, 44, 68]
Round 241 | train_loss=0.3178 train_acc=0.8956 test_loss=0.4875 test_acc=0.8340
Round 242 | selected=[17, 56, 60, 30, 15, 67, 21, 26, 59, 90]
Round 242 | train_loss=0.3336 train_acc=0.8898 test_loss=0.4605 test_acc=0.8459
Round 243 | selected=[48, 46, 67, 72, 20, 29, 91, 86, 89, 23]
Round 243 | train_loss=0.3276 train_acc=0.8858 test_loss=0.4548 test_acc=0.8478
Round 244 | selected=[38, 94, 93, 54, 79, 98, 0, 83, 7, 58]
Round 244 | train_loss=0.3260 train_acc=0.8830 test_loss=0.4465 test_acc=0.8505
Round 245 | selected=[86, 3, 2, 92, 80, 40, 45, 57, 75, 6]
Round 245 | train_loss=0.3159 train_acc=0.8974 test_loss=0.4977 test_acc=0.8289
Round 246 | selected=[39, 15, 47, 56, 18, 31, 79, 12, 53, 37]
Round 246 | train_loss=0.3421 train_acc=0.8866 test_loss=0.5357 test_acc=0.8198
Round 247 | selected=[69, 34, 62, 99, 53, 75, 51, 16, 31, 6]
Round 247 | train_loss=0.3292 train_acc=0.8832 test_loss=0.4875 test_acc=0.8328
Round 248 | selected=[77, 8, 78, 87, 28, 54, 7, 65, 2, 5]
Round 248 | train_loss=0.3340 train_acc=0.8822 test_loss=0.4374 test_acc=0.8499
Round 249 | selected=[38, 14, 44, 94, 84, 56, 47, 2, 80, 83]
Round 249 | train_loss=0.2995 train_acc=0.8990 test_loss=0.4602 test_acc=0.8420
Round 250 | selected=[35, 62, 34, 5, 51, 70, 26, 24, 77, 39]
Round 250 | train_loss=0.2927 train_acc=0.9046 test_loss=0.5027 test_acc=0.8328
Round 251 | selected=[55, 81, 20, 57, 44, 74, 13, 3, 97, 69]
Round 251 | train_loss=0.3283 train_acc=0.8920 test_loss=0.5373 test_acc=0.8240
Round 252 | selected=[96, 10, 16, 27, 25, 74, 70, 93, 32, 4]
Round 252 | train_loss=0.3087 train_acc=0.8930 test_loss=0.5155 test_acc=0.8344
Round 253 | selected=[24, 27, 38, 18, 12, 54, 97, 49, 92, 93]
Round 253 | train_loss=0.2514 train_acc=0.9204 test_loss=0.5517 test_acc=0.8261
Round 254 | selected=[74, 81, 35, 53, 50, 29, 87, 73, 23, 19]
Round 254 | train_loss=0.3537 train_acc=0.8900 test_loss=0.5600 test_acc=0.8249
Round 255 | selected=[85, 52, 45, 10, 96, 33, 23, 37, 17, 49]
Round 255 | train_loss=0.3287 train_acc=0.8908 test_loss=0.5708 test_acc=0.8181
Round 256 | selected=[6, 5, 9, 14, 69, 85, 77, 89, 10, 70]
Round 256 | train_loss=0.2824 train_acc=0.9062 test_loss=0.6372 test_acc=0.7942
Round 257 | selected=[5, 80, 43, 58, 18, 87, 93, 30, 66, 53]
Round 257 | train_loss=0.3344 train_acc=0.8860 test_loss=0.5397 test_acc=0.8182
Round 258 | selected=[5, 56, 0, 18, 46, 82, 32, 64, 51, 14]
Round 258 | train_loss=0.2761 train_acc=0.9084 test_loss=0.4484 test_acc=0.8495
Round 259 | selected=[93, 17, 27, 60, 66, 61, 53, 77, 75, 56]
Round 259 | train_loss=0.2993 train_acc=0.8948 test_loss=0.4733 test_acc=0.8377
Round 260 | selected=[51, 38, 79, 1, 8, 31, 63, 57, 21, 17]
Round 260 | train_loss=0.3123 train_acc=0.8964 test_loss=0.4483 test_acc=0.8494
Round 261 | selected=[36, 69, 50, 3, 26, 77, 41, 35, 66, 81]
Round 261 | train_loss=0.2940 train_acc=0.9002 test_loss=0.4729 test_acc=0.8426
Round 262 | selected=[46, 85, 35, 3, 10, 22, 90, 92, 97, 33]
Round 262 | train_loss=0.2717 train_acc=0.9050 test_loss=0.5275 test_acc=0.8287
Round 263 | selected=[18, 55, 84, 17, 83, 95, 90, 38, 4, 92]
Round 263 | train_loss=0.2967 train_acc=0.9032 test_loss=0.5059 test_acc=0.8341
Round 264 | selected=[49, 3, 62, 18, 75, 74, 60, 46, 66, 94]
Round 264 | train_loss=0.2865 train_acc=0.9044 test_loss=0.4623 test_acc=0.8461
Round 265 | selected=[60, 11, 86, 41, 83, 66, 48, 44, 5, 72]
Round 265 | train_loss=0.2961 train_acc=0.9024 test_loss=0.4802 test_acc=0.8384
Round 266 | selected=[80, 84, 94, 20, 55, 39, 51, 33, 15, 93]
Round 266 | train_loss=0.2917 train_acc=0.9026 test_loss=0.4834 test_acc=0.8417
Round 267 | selected=[88, 63, 83, 77, 97, 61, 4, 24, 52, 60]
Round 267 | train_loss=0.2906 train_acc=0.9036 test_loss=0.4941 test_acc=0.8395
Round 268 | selected=[49, 50, 31, 30, 71, 13, 77, 35, 0, 1]
Round 268 | train_loss=0.2801 train_acc=0.9072 test_loss=0.4381 test_acc=0.8532
Round 269 | selected=[99, 16, 28, 89, 30, 90, 54, 4, 58, 41]
Round 269 | train_loss=0.3093 train_acc=0.8886 test_loss=0.4875 test_acc=0.8398
Round 270 | selected=[81, 85, 22, 2, 91, 24, 63, 3, 95, 44]
Round 270 | train_loss=0.2863 train_acc=0.9012 test_loss=0.5236 test_acc=0.8271
Round 271 | selected=[68, 7, 44, 36, 64, 96, 99, 9, 29, 3]
Round 271 | train_loss=0.3144 train_acc=0.9000 test_loss=0.4823 test_acc=0.8367
Round 272 | selected=[66, 12, 83, 91, 14, 76, 57, 49, 24, 13]
Round 272 | train_loss=0.2876 train_acc=0.9006 test_loss=0.4321 test_acc=0.8521
Round 273 | selected=[45, 55, 0, 16, 82, 98, 95, 19, 41, 32]
Round 273 | train_loss=0.3024 train_acc=0.8924 test_loss=0.5085 test_acc=0.8305
Round 274 | selected=[8, 11, 75, 40, 86, 27, 68, 36, 47, 93]
Round 274 | train_loss=0.2721 train_acc=0.9092 test_loss=0.5679 test_acc=0.8189
Round 275 | selected=[23, 79, 44, 2, 9, 69, 45, 64, 13, 60]
Round 275 | train_loss=0.2811 train_acc=0.9054 test_loss=0.4910 test_acc=0.8379
Round 276 | selected=[44, 25, 71, 8, 28, 37, 29, 47, 12, 19]
Round 276 | train_loss=0.3283 train_acc=0.8858 test_loss=0.4326 test_acc=0.8581
Round 277 | selected=[14, 95, 41, 70, 21, 85, 54, 31, 56, 87]
Round 277 | train_loss=0.2541 train_acc=0.9166 test_loss=0.4612 test_acc=0.8446
Round 278 | selected=[51, 42, 82, 45, 50, 24, 18, 76, 67, 59]
Round 278 | train_loss=0.2593 train_acc=0.9136 test_loss=0.4465 test_acc=0.8481
Round 279 | selected=[69, 27, 92, 98, 88, 75, 82, 28, 25, 54]
Round 279 | train_loss=0.2869 train_acc=0.9038 test_loss=0.4808 test_acc=0.8405
Round 280 | selected=[44, 37, 77, 90, 72, 6, 39, 22, 16, 91]
Round 280 | train_loss=0.2884 train_acc=0.8986 test_loss=0.4420 test_acc=0.8534
Round 281 | selected=[49, 86, 77, 64, 28, 18, 54, 37, 24, 95]
Round 281 | train_loss=0.2328 train_acc=0.9208 test_loss=0.4232 test_acc=0.8580
Round 282 | selected=[38, 27, 30, 48, 53, 46, 42, 94, 57, 95]
Round 282 | train_loss=0.2417 train_acc=0.9216 test_loss=0.4765 test_acc=0.8408
Round 283 | selected=[55, 6, 75, 15, 31, 8, 81, 58, 60, 26]
Round 283 | train_loss=0.2619 train_acc=0.9106 test_loss=0.5123 test_acc=0.8298
Round 284 | selected=[47, 37, 5, 15, 86, 23, 44, 36, 90, 99]
Round 284 | train_loss=0.2685 train_acc=0.9068 test_loss=0.4789 test_acc=0.8372
Round 285 | selected=[36, 66, 81, 65, 87, 85, 2, 80, 38, 52]
Round 285 | train_loss=0.3000 train_acc=0.8938 test_loss=0.4549 test_acc=0.8489
Round 286 | selected=[30, 24, 52, 94, 61, 76, 20, 32, 7, 15]
Round 286 | train_loss=0.2597 train_acc=0.9136 test_loss=0.4211 test_acc=0.8606
Round 287 | selected=[40, 98, 97, 91, 47, 50, 80, 53, 1, 37]
Round 287 | train_loss=0.2642 train_acc=0.9166 test_loss=0.4544 test_acc=0.8487
Round 288 | selected=[88, 86, 15, 0, 49, 70, 71, 37, 28, 12]
Round 288 | train_loss=0.2520 train_acc=0.9154 test_loss=0.5004 test_acc=0.8371
Round 289 | selected=[5, 72, 67, 97, 99, 9, 16, 24, 56, 49]
Round 289 | train_loss=0.2237 train_acc=0.9226 test_loss=0.4888 test_acc=0.8429
Round 290 | selected=[48, 94, 16, 17, 3, 97, 72, 73, 71, 19]
Round 290 | train_loss=0.2528 train_acc=0.9096 test_loss=0.4653 test_acc=0.8530
Round 291 | selected=[73, 56, 52, 84, 36, 81, 66, 50, 67, 48]
Round 291 | train_loss=0.2407 train_acc=0.9190 test_loss=0.5015 test_acc=0.8379
Round 292 | selected=[8, 65, 6, 47, 5, 42, 83, 54, 87, 81]
Round 292 | train_loss=0.2629 train_acc=0.9126 test_loss=0.4915 test_acc=0.8383
Round 293 | selected=[56, 50, 10, 25, 53, 62, 19, 33, 69, 95]
Round 293 | train_loss=0.2531 train_acc=0.9102 test_loss=0.4405 test_acc=0.8531
Round 294 | selected=[53, 20, 28, 31, 66, 22, 69, 71, 65, 57]
Round 294 | train_loss=0.2496 train_acc=0.9108 test_loss=0.5102 test_acc=0.8328
Round 295 | selected=[79, 61, 90, 20, 7, 75, 35, 84, 51, 55]
Round 295 | train_loss=0.2520 train_acc=0.9150 test_loss=0.4997 test_acc=0.8392
Round 296 | selected=[55, 32, 57, 11, 26, 5, 23, 41, 99, 62]
Round 296 | train_loss=0.2678 train_acc=0.9100 test_loss=0.4579 test_acc=0.8474
Round 297 | selected=[28, 63, 51, 46, 42, 18, 3, 38, 2, 54]
Round 297 | train_loss=0.2384 train_acc=0.9178 test_loss=0.4628 test_acc=0.8497
Round 298 | selected=[91, 82, 61, 95, 73, 99, 93, 56, 5, 90]
Round 298 | train_loss=0.2377 train_acc=0.9184 test_loss=0.4860 test_acc=0.8437
Round 299 | selected=[19, 34, 78, 50, 73, 67, 41, 43, 79, 64]
Round 299 | train_loss=0.2489 train_acc=0.9172 test_loss=0.4452 test_acc=0.8533
Round 300 | selected=[20, 23, 40, 51, 37, 71, 41, 35, 74, 72]
Round 300 | train_loss=0.2265 train_acc=0.9226 test_loss=0.4325 test_acc=0.8562
Round 301 | selected=[34, 31, 39, 56, 75, 78, 29, 40, 53, 25]
Round 301 | train_loss=0.2966 train_acc=0.9060 test_loss=0.4503 test_acc=0.8508
Round 302 | selected=[99, 90, 10, 30, 64, 38, 20, 41, 51, 49]
Round 302 | train_loss=0.2112 train_acc=0.9302 test_loss=0.4316 test_acc=0.8567
Round 303 | selected=[69, 58, 84, 43, 1, 20, 42, 97, 3, 24]
Round 303 | train_loss=0.2314 train_acc=0.9232 test_loss=0.4242 test_acc=0.8582
Round 304 | selected=[99, 30, 18, 48, 9, 49, 0, 54, 15, 11]
Round 304 | train_loss=0.2192 train_acc=0.9244 test_loss=0.4410 test_acc=0.8570
Round 305 | selected=[11, 56, 65, 9, 36, 96, 61, 18, 14, 85]
Round 305 | train_loss=0.2211 train_acc=0.9240 test_loss=0.4520 test_acc=0.8529
Round 306 | selected=[39, 30, 18, 11, 37, 57, 92, 42, 52, 79]
Round 306 | train_loss=0.2451 train_acc=0.9168 test_loss=0.4176 test_acc=0.8617
Round 307 | selected=[59, 86, 14, 69, 37, 53, 98, 5, 94, 54]
Round 307 | train_loss=0.2097 train_acc=0.9282 test_loss=0.4387 test_acc=0.8520
Round 308 | selected=[79, 98, 26, 68, 82, 3, 55, 23, 76, 22]
Round 308 | train_loss=0.2313 train_acc=0.9256 test_loss=0.5676 test_acc=0.8166
Round 309 | selected=[23, 50, 38, 33, 59, 45, 55, 68, 62, 35]
Round 309 | train_loss=0.2134 train_acc=0.9308 test_loss=0.5697 test_acc=0.8142
Round 310 | selected=[29, 66, 1, 23, 87, 8, 42, 67, 64, 15]
Round 310 | train_loss=0.2675 train_acc=0.9108 test_loss=0.4107 test_acc=0.8615
Round 311 | selected=[51, 30, 11, 2, 93, 64, 76, 67, 38, 87]
Round 311 | train_loss=0.2156 train_acc=0.9284 test_loss=0.4603 test_acc=0.8502
Round 312 | selected=[64, 24, 31, 47, 97, 50, 14, 1, 18, 68]
Round 312 | train_loss=0.2046 train_acc=0.9342 test_loss=0.4744 test_acc=0.8489
Round 313 | selected=[32, 27, 10, 30, 81, 15, 51, 86, 23, 57]
Round 313 | train_loss=0.2506 train_acc=0.9184 test_loss=0.4314 test_acc=0.8565
Round 314 | selected=[70, 84, 47, 63, 77, 37, 86, 21, 18, 66]
Round 314 | train_loss=0.2351 train_acc=0.9214 test_loss=0.4378 test_acc=0.8523
Round 315 | selected=[5, 65, 17, 48, 23, 6, 70, 95, 55, 54]
Round 315 | train_loss=0.2209 train_acc=0.9244 test_loss=0.4949 test_acc=0.8416
Round 316 | selected=[45, 13, 84, 53, 81, 28, 4, 64, 80, 51]
Round 316 | train_loss=0.2247 train_acc=0.9260 test_loss=0.5859 test_acc=0.8186
Round 317 | selected=[58, 75, 38, 22, 70, 6, 65, 26, 42, 8]
Round 317 | train_loss=0.2242 train_acc=0.9236 test_loss=0.4225 test_acc=0.8646
Round 318 | selected=[27, 42, 50, 85, 98, 44, 66, 80, 70, 76]
Round 318 | train_loss=0.2147 train_acc=0.9238 test_loss=0.4138 test_acc=0.8634
Round 319 | selected=[10, 54, 68, 41, 14, 31, 30, 16, 55, 44]
Round 319 | train_loss=0.1979 train_acc=0.9338 test_loss=0.4378 test_acc=0.8596
Round 320 | selected=[35, 5, 12, 36, 34, 71, 97, 24, 22, 14]
Round 320 | train_loss=0.2134 train_acc=0.9318 test_loss=0.4172 test_acc=0.8614
Round 321 | selected=[81, 73, 63, 74, 43, 97, 86, 34, 38, 21]
Round 321 | train_loss=0.2299 train_acc=0.9216 test_loss=0.4083 test_acc=0.8638
Round 322 | selected=[19, 79, 82, 9, 22, 60, 77, 45, 2, 62]
Round 322 | train_loss=0.2660 train_acc=0.9102 test_loss=0.4194 test_acc=0.8616
Round 323 | selected=[24, 13, 23, 76, 21, 42, 16, 45, 88, 56]
Round 323 | train_loss=0.1904 train_acc=0.9348 test_loss=0.4769 test_acc=0.8486
Round 324 | selected=[41, 1, 53, 6, 29, 50, 80, 93, 66, 97]
Round 324 | train_loss=0.2469 train_acc=0.9156 test_loss=0.4694 test_acc=0.8489
Round 325 | selected=[22, 71, 7, 24, 56, 65, 21, 96, 11, 25]
Round 325 | train_loss=0.2105 train_acc=0.9316 test_loss=0.4128 test_acc=0.8634
Round 326 | selected=[68, 37, 17, 84, 87, 50, 41, 16, 75, 90]
Round 326 | train_loss=0.2030 train_acc=0.9346 test_loss=0.4517 test_acc=0.8508
Round 327 | selected=[15, 91, 57, 19, 24, 35, 93, 16, 21, 29]
Round 327 | train_loss=0.2380 train_acc=0.9242 test_loss=0.4230 test_acc=0.8597
Round 328 | selected=[90, 68, 27, 65, 30, 29, 17, 2, 41, 60]
Round 328 | train_loss=0.2596 train_acc=0.9132 test_loss=0.4209 test_acc=0.8607
Round 329 | selected=[25, 14, 63, 13, 26, 77, 64, 96, 70, 16]
Round 329 | train_loss=0.2121 train_acc=0.9284 test_loss=0.4601 test_acc=0.8483
Round 330 | selected=[93, 25, 99, 59, 66, 17, 23, 71, 50, 12]
Round 330 | train_loss=0.2150 train_acc=0.9278 test_loss=0.4181 test_acc=0.8590
Round 331 | selected=[6, 5, 79, 37, 76, 3, 70, 94, 53, 46]
Round 331 | train_loss=0.2017 train_acc=0.9322 test_loss=0.4202 test_acc=0.8603
Round 332 | selected=[6, 14, 59, 69, 96, 84, 29, 75, 3, 37]
Round 332 | train_loss=0.2065 train_acc=0.9332 test_loss=0.4895 test_acc=0.8405
Round 333 | selected=[17, 77, 6, 31, 91, 36, 5, 82, 44, 4]
Round 333 | train_loss=0.2313 train_acc=0.9186 test_loss=0.4330 test_acc=0.8592
Round 334 | selected=[18, 7, 54, 9, 6, 22, 55, 94, 97, 65]
Round 334 | train_loss=0.1938 train_acc=0.9368 test_loss=0.4023 test_acc=0.8663
Round 335 | selected=[44, 90, 84, 3, 32, 36, 63, 73, 50, 12]
Round 335 | train_loss=0.1890 train_acc=0.9352 test_loss=0.4036 test_acc=0.8677
Round 336 | selected=[16, 2, 7, 44, 95, 92, 5, 14, 75, 71]
Round 336 | train_loss=0.1759 train_acc=0.9396 test_loss=0.4186 test_acc=0.8660
Round 337 | selected=[73, 25, 55, 45, 38, 65, 50, 20, 22, 62]
Round 337 | train_loss=0.1784 train_acc=0.9400 test_loss=0.4606 test_acc=0.8546
Round 338 | selected=[41, 69, 90, 50, 61, 97, 74, 8, 85, 83]
Round 338 | train_loss=0.2251 train_acc=0.9244 test_loss=0.4331 test_acc=0.8595
Round 339 | selected=[99, 56, 84, 65, 64, 14, 15, 92, 74, 90]
Round 339 | train_loss=0.2128 train_acc=0.9266 test_loss=0.3969 test_acc=0.8689
Round 340 | selected=[67, 24, 72, 75, 18, 49, 3, 27, 78, 13]
Round 340 | train_loss=0.1881 train_acc=0.9374 test_loss=0.4975 test_acc=0.8441
Round 341 | selected=[9, 22, 12, 16, 49, 50, 35, 10, 40, 15]
Round 341 | train_loss=0.1727 train_acc=0.9462 test_loss=0.5280 test_acc=0.8376
Round 342 | selected=[29, 68, 98, 88, 13, 89, 83, 53, 77, 60]
Round 342 | train_loss=0.2553 train_acc=0.9140 test_loss=0.4570 test_acc=0.8520
Round 343 | selected=[43, 26, 48, 91, 99, 93, 53, 11, 27, 40]
Round 343 | train_loss=0.2113 train_acc=0.9308 test_loss=0.4953 test_acc=0.8396
Round 344 | selected=[0, 15, 1, 67, 98, 17, 51, 3, 29, 7]
Round 344 | train_loss=0.2240 train_acc=0.9258 test_loss=0.4992 test_acc=0.8368
Round 345 | selected=[30, 92, 87, 31, 17, 13, 58, 89, 64, 96]
Round 345 | train_loss=0.2041 train_acc=0.9308 test_loss=0.4316 test_acc=0.8559
Round 346 | selected=[89, 60, 46, 99, 9, 64, 13, 3, 48, 30]
Round 346 | train_loss=0.1927 train_acc=0.9372 test_loss=0.4087 test_acc=0.8688
Round 347 | selected=[61, 44, 72, 12, 3, 38, 8, 94, 41, 34]
Round 347 | train_loss=0.1872 train_acc=0.9382 test_loss=0.4093 test_acc=0.8706
Round 348 | selected=[47, 93, 88, 13, 68, 12, 2, 46, 45, 81]
Round 348 | train_loss=0.2188 train_acc=0.9306 test_loss=0.4311 test_acc=0.8618
Round 349 | selected=[57, 19, 83, 5, 31, 7, 2, 44, 93, 11]
Round 349 | train_loss=0.1910 train_acc=0.9300 test_loss=0.4431 test_acc=0.8558
Round 350 | selected=[8, 68, 17, 77, 32, 9, 95, 81, 30, 5]
Round 350 | train_loss=0.1726 train_acc=0.9432 test_loss=0.4138 test_acc=0.8649
Round 351 | selected=[96, 86, 49, 81, 22, 8, 77, 38, 57, 18]
Round 351 | train_loss=0.1709 train_acc=0.9438 test_loss=0.3810 test_acc=0.8743
Round 352 | selected=[85, 79, 31, 33, 28, 49, 90, 32, 17, 54]
Round 352 | train_loss=0.2004 train_acc=0.9330 test_loss=0.4211 test_acc=0.8596
Round 353 | selected=[46, 41, 78, 76, 13, 87, 63, 57, 77, 93]
Round 353 | train_loss=0.1742 train_acc=0.9396 test_loss=0.4286 test_acc=0.8596
Round 354 | selected=[46, 28, 33, 91, 29, 47, 56, 54, 18, 96]
Round 354 | train_loss=0.2049 train_acc=0.9342 test_loss=0.3836 test_acc=0.8770
Round 355 | selected=[56, 32, 31, 68, 65, 78, 64, 11, 54, 29]
Round 355 | train_loss=0.1848 train_acc=0.9342 test_loss=0.4074 test_acc=0.8653
Round 356 | selected=[41, 59, 98, 1, 77, 69, 15, 34, 48, 65]
Round 356 | train_loss=0.1702 train_acc=0.9400 test_loss=0.4073 test_acc=0.8663
Round 357 | selected=[67, 61, 19, 54, 84, 43, 52, 49, 95, 99]
Round 357 | train_loss=0.2049 train_acc=0.9362 test_loss=0.3995 test_acc=0.8652
Round 358 | selected=[22, 91, 61, 23, 90, 2, 84, 85, 71, 63]
Round 358 | train_loss=0.1939 train_acc=0.9362 test_loss=0.4299 test_acc=0.8588
Round 359 | selected=[49, 4, 48, 80, 86, 87, 76, 40, 81, 47]
Round 359 | train_loss=0.1953 train_acc=0.9348 test_loss=0.3999 test_acc=0.8682
Round 360 | selected=[61, 91, 51, 5, 29, 46, 59, 48, 50, 12]
Round 360 | train_loss=0.1581 train_acc=0.9494 test_loss=0.3952 test_acc=0.8702
Round 361 | selected=[79, 10, 15, 46, 34, 39, 25, 63, 94, 32]
Round 361 | train_loss=0.1797 train_acc=0.9394 test_loss=0.4359 test_acc=0.8615
Round 362 | selected=[43, 99, 16, 86, 52, 24, 95, 94, 66, 74]
Round 362 | train_loss=0.2085 train_acc=0.9282 test_loss=0.4344 test_acc=0.8617
Round 363 | selected=[87, 18, 72, 4, 24, 54, 29, 36, 3, 91]
Round 363 | train_loss=0.1956 train_acc=0.9362 test_loss=0.4592 test_acc=0.8509
Round 364 | selected=[76, 78, 99, 3, 0, 54, 65, 62, 86, 29]
Round 364 | train_loss=0.1893 train_acc=0.9336 test_loss=0.4280 test_acc=0.8571
Round 365 | selected=[34, 24, 1, 45, 0, 2, 77, 43, 7, 74]
Round 365 | train_loss=0.1950 train_acc=0.9334 test_loss=0.3988 test_acc=0.8686
Round 366 | selected=[27, 98, 42, 44, 79, 49, 28, 74, 91, 78]
Round 366 | train_loss=0.1893 train_acc=0.9382 test_loss=0.4469 test_acc=0.8556
Round 367 | selected=[83, 27, 16, 70, 54, 96, 87, 33, 43, 39]
Round 367 | train_loss=0.2067 train_acc=0.9314 test_loss=0.3963 test_acc=0.8707
Round 368 | selected=[59, 69, 19, 99, 28, 97, 74, 48, 58, 61]
Round 368 | train_loss=0.1645 train_acc=0.9450 test_loss=0.3976 test_acc=0.8703
Round 369 | selected=[65, 40, 69, 32, 89, 83, 21, 71, 37, 41]
Round 369 | train_loss=0.1919 train_acc=0.9358 test_loss=0.4114 test_acc=0.8686
Round 370 | selected=[66, 46, 76, 40, 68, 45, 51, 27, 58, 99]
Round 370 | train_loss=0.1646 train_acc=0.9462 test_loss=0.3849 test_acc=0.8752
Round 371 | selected=[53, 57, 69, 85, 81, 76, 6, 98, 80, 16]
Round 371 | train_loss=0.1916 train_acc=0.9334 test_loss=0.3898 test_acc=0.8750
Round 372 | selected=[63, 40, 82, 91, 89, 37, 14, 46, 96, 10]
Round 372 | train_loss=0.1822 train_acc=0.9380 test_loss=0.4098 test_acc=0.8670
Round 373 | selected=[64, 57, 74, 21, 58, 94, 69, 80, 15, 27]
Round 373 | train_loss=0.1663 train_acc=0.9422 test_loss=0.4495 test_acc=0.8547
Round 374 | selected=[16, 44, 20, 98, 95, 40, 61, 46, 30, 12]
Round 374 | train_loss=0.1631 train_acc=0.9432 test_loss=0.3996 test_acc=0.8703
Round 375 | selected=[3, 13, 47, 26, 53, 91, 48, 27, 92, 76]
Round 375 | train_loss=0.1573 train_acc=0.9464 test_loss=0.3832 test_acc=0.8772
Round 376 | selected=[85, 1, 17, 27, 82, 77, 81, 78, 30, 92]
Round 376 | train_loss=0.1749 train_acc=0.9398 test_loss=0.4043 test_acc=0.8728
Round 377 | selected=[41, 28, 13, 99, 58, 21, 37, 30, 82, 26]
Round 377 | train_loss=0.1859 train_acc=0.9328 test_loss=0.4028 test_acc=0.8702
Round 378 | selected=[72, 37, 97, 88, 79, 68, 38, 99, 57, 55]
Round 378 | train_loss=0.1775 train_acc=0.9456 test_loss=0.4198 test_acc=0.8641
Round 379 | selected=[75, 21, 47, 5, 44, 30, 25, 99, 4, 8]
Round 379 | train_loss=0.1714 train_acc=0.9426 test_loss=0.4495 test_acc=0.8579
Round 380 | selected=[94, 12, 92, 77, 0, 21, 43, 24, 47, 26]
Round 380 | train_loss=0.1810 train_acc=0.9352 test_loss=0.4226 test_acc=0.8644
Round 381 | selected=[60, 99, 49, 87, 32, 90, 37, 30, 1, 59]
Round 381 | train_loss=0.1642 train_acc=0.9428 test_loss=0.3856 test_acc=0.8760
Round 382 | selected=[87, 14, 82, 57, 46, 40, 69, 26, 23, 43]
Round 382 | train_loss=0.1537 train_acc=0.9506 test_loss=0.3814 test_acc=0.8767
Round 383 | selected=[17, 58, 76, 50, 41, 10, 13, 18, 92, 71]
Round 383 | train_loss=0.1405 train_acc=0.9500 test_loss=0.3962 test_acc=0.8725
Round 384 | selected=[80, 49, 11, 68, 65, 2, 26, 73, 60, 46]
Round 384 | train_loss=0.1637 train_acc=0.9442 test_loss=0.4334 test_acc=0.8631
Round 385 | selected=[80, 90, 72, 20, 24, 30, 40, 91, 22, 28]
Round 385 | train_loss=0.1405 train_acc=0.9530 test_loss=0.4294 test_acc=0.8666
Round 386 | selected=[20, 37, 50, 5, 89, 62, 47, 21, 81, 98]
Round 386 | train_loss=0.1618 train_acc=0.9458 test_loss=0.4066 test_acc=0.8738
Round 387 | selected=[11, 61, 85, 10, 35, 55, 83, 30, 90, 97]
Round 387 | train_loss=0.1573 train_acc=0.9494 test_loss=0.4051 test_acc=0.8739
Round 388 | selected=[0, 6, 5, 26, 29, 53, 84, 28, 73, 85]
Round 388 | train_loss=0.1837 train_acc=0.9364 test_loss=0.4884 test_acc=0.8509
Round 389 | selected=[89, 32, 67, 33, 3, 37, 54, 57, 59, 34]
Round 389 | train_loss=0.1594 train_acc=0.9464 test_loss=0.4411 test_acc=0.8609
Round 390 | selected=[46, 74, 3, 2, 4, 55, 27, 26, 38, 42]
Round 390 | train_loss=0.1644 train_acc=0.9452 test_loss=0.3968 test_acc=0.8725
Round 391 | selected=[7, 87, 31, 61, 22, 79, 64, 14, 73, 43]
Round 391 | train_loss=0.1589 train_acc=0.9442 test_loss=0.4799 test_acc=0.8507
Round 392 | selected=[98, 92, 77, 58, 79, 96, 35, 39, 82, 69]
Round 392 | train_loss=0.1856 train_acc=0.9360 test_loss=0.5057 test_acc=0.8423
Round 393 | selected=[65, 72, 93, 92, 24, 70, 55, 81, 58, 75]
Round 393 | train_loss=0.1754 train_acc=0.9418 test_loss=0.4007 test_acc=0.8724
Round 394 | selected=[24, 21, 71, 52, 15, 83, 92, 68, 95, 46]
Round 394 | train_loss=0.1740 train_acc=0.9424 test_loss=0.4434 test_acc=0.8605
Round 395 | selected=[87, 8, 19, 85, 73, 68, 46, 10, 1, 24]
Round 395 | train_loss=0.1492 train_acc=0.9502 test_loss=0.4788 test_acc=0.8524
Round 396 | selected=[28, 44, 33, 59, 35, 25, 14, 47, 41, 69]
Round 396 | train_loss=0.1480 train_acc=0.9518 test_loss=0.4720 test_acc=0.8526
Round 397 | selected=[5, 36, 41, 51, 82, 77, 76, 8, 23, 29]
Round 397 | train_loss=0.1838 train_acc=0.9380 test_loss=0.4124 test_acc=0.8666
Round 398 | selected=[63, 76, 36, 62, 49, 77, 48, 87, 45, 34]
Round 398 | train_loss=0.1596 train_acc=0.9464 test_loss=0.3946 test_acc=0.8706
Round 399 | selected=[51, 34, 87, 26, 92, 21, 44, 39, 68, 76]
Round 399 | train_loss=0.1599 train_acc=0.9490 test_loss=0.3775 test_acc=0.8756
Round 400 | selected=[9, 30, 20, 63, 11, 55, 0, 79, 2, 14]
Round 400 | train_loss=0.1585 train_acc=0.9472 test_loss=0.4246 test_acc=0.8605
Round 401 | selected=[27, 2, 29, 25, 17, 49, 7, 19, 1, 11]
Round 401 | train_loss=0.1862 train_acc=0.9418 test_loss=0.4649 test_acc=0.8553
Round 402 | selected=[84, 21, 71, 86, 72, 6, 54, 79, 52, 13]
Round 402 | train_loss=0.1749 train_acc=0.9424 test_loss=0.4246 test_acc=0.8657
Round 403 | selected=[52, 39, 55, 72, 3, 77, 93, 58, 10, 60]
Round 403 | train_loss=0.1578 train_acc=0.9500 test_loss=0.4136 test_acc=0.8676
Round 404 | selected=[58, 60, 56, 40, 57, 76, 85, 98, 92, 45]
Round 404 | train_loss=0.1411 train_acc=0.9572 test_loss=0.4253 test_acc=0.8653
Round 405 | selected=[62, 26, 33, 73, 40, 50, 83, 99, 65, 69]
Round 405 | train_loss=0.1527 train_acc=0.9486 test_loss=0.3837 test_acc=0.8763
Round 406 | selected=[50, 21, 26, 64, 47, 41, 27, 93, 49, 6]
Round 406 | train_loss=0.1388 train_acc=0.9564 test_loss=0.4962 test_acc=0.8436
Round 407 | selected=[7, 66, 46, 2, 41, 40, 62, 13, 1, 80]
Round 407 | train_loss=0.1413 train_acc=0.9536 test_loss=0.5146 test_acc=0.8383
Round 408 | selected=[58, 45, 36, 15, 84, 13, 64, 51, 0, 23]
Round 408 | train_loss=0.1656 train_acc=0.9428 test_loss=0.4152 test_acc=0.8678
Round 409 | selected=[41, 18, 79, 0, 14, 71, 13, 89, 35, 1]
Round 409 | train_loss=0.1396 train_acc=0.9530 test_loss=0.4751 test_acc=0.8533
Round 410 | selected=[3, 51, 80, 91, 25, 90, 8, 79, 41, 53]
Round 410 | train_loss=0.1617 train_acc=0.9482 test_loss=0.5133 test_acc=0.8447
Round 411 | selected=[69, 84, 54, 86, 29, 19, 13, 38, 57, 3]
Round 411 | train_loss=0.1582 train_acc=0.9486 test_loss=0.4463 test_acc=0.8608
Round 412 | selected=[69, 44, 85, 9, 51, 62, 34, 77, 46, 54]
Round 412 | train_loss=0.1341 train_acc=0.9542 test_loss=0.4386 test_acc=0.8571
Round 413 | selected=[16, 66, 89, 50, 38, 49, 36, 98, 28, 53]
Round 413 | train_loss=0.1679 train_acc=0.9430 test_loss=0.4358 test_acc=0.8614
Round 414 | selected=[52, 9, 82, 19, 23, 29, 53, 73, 83, 6]
Round 414 | train_loss=0.1853 train_acc=0.9382 test_loss=0.3957 test_acc=0.8749
Round 415 | selected=[25, 3, 28, 46, 33, 56, 63, 43, 64, 6]
Round 415 | train_loss=0.1361 train_acc=0.9542 test_loss=0.4006 test_acc=0.8726
Round 416 | selected=[16, 56, 78, 85, 74, 29, 20, 98, 31, 17]
Round 416 | train_loss=0.1676 train_acc=0.9436 test_loss=0.3975 test_acc=0.8742
Round 417 | selected=[69, 67, 58, 10, 98, 4, 57, 6, 19, 86]
Round 417 | train_loss=0.1511 train_acc=0.9534 test_loss=0.4038 test_acc=0.8685
Round 418 | selected=[93, 8, 33, 42, 11, 64, 32, 91, 89, 26]
Round 418 | train_loss=0.1226 train_acc=0.9598 test_loss=0.4276 test_acc=0.8648
Round 419 | selected=[7, 56, 13, 49, 92, 68, 61, 18, 52, 20]
Round 419 | train_loss=0.1199 train_acc=0.9614 test_loss=0.4125 test_acc=0.8654
Round 420 | selected=[55, 20, 0, 36, 22, 41, 21, 54, 4, 7]
Round 420 | train_loss=0.1340 train_acc=0.9584 test_loss=0.4031 test_acc=0.8681
Round 421 | selected=[39, 81, 90, 68, 23, 31, 0, 7, 80, 50]
Round 421 | train_loss=0.1614 train_acc=0.9454 test_loss=0.3888 test_acc=0.8730
Round 422 | selected=[23, 33, 40, 82, 25, 66, 16, 59, 30, 90]
Round 422 | train_loss=0.1460 train_acc=0.9516 test_loss=0.4215 test_acc=0.8696
Round 423 | selected=[22, 91, 4, 54, 56, 18, 24, 26, 16, 94]
Round 423 | train_loss=0.1125 train_acc=0.9632 test_loss=0.4979 test_acc=0.8455
Round 424 | selected=[7, 40, 84, 21, 67, 94, 29, 31, 18, 42]
Round 424 | train_loss=0.1452 train_acc=0.9524 test_loss=0.4057 test_acc=0.8680
Round 425 | selected=[85, 76, 49, 64, 44, 34, 54, 17, 37, 60]
Round 425 | train_loss=0.1312 train_acc=0.9558 test_loss=0.3917 test_acc=0.8728
Round 426 | selected=[78, 77, 3, 69, 74, 35, 85, 50, 42, 48]
Round 426 | train_loss=0.1337 train_acc=0.9548 test_loss=0.4169 test_acc=0.8651
Round 427 | selected=[68, 31, 92, 66, 17, 42, 93, 34, 7, 24]
Round 427 | train_loss=0.1139 train_acc=0.9648 test_loss=0.4314 test_acc=0.8640
Round 428 | selected=[88, 37, 40, 26, 74, 95, 11, 28, 77, 47]
Round 428 | train_loss=0.1453 train_acc=0.9502 test_loss=0.4088 test_acc=0.8704
Round 429 | selected=[85, 25, 65, 17, 59, 76, 68, 39, 87, 77]
Round 429 | train_loss=0.1431 train_acc=0.9510 test_loss=0.4070 test_acc=0.8728
Round 430 | selected=[5, 15, 44, 40, 37, 54, 91, 60, 16, 93]
Round 430 | train_loss=0.1193 train_acc=0.9612 test_loss=0.3999 test_acc=0.8726
Round 431 | selected=[14, 27, 66, 84, 17, 50, 7, 59, 80, 2]
Round 431 | train_loss=0.1307 train_acc=0.9570 test_loss=0.4064 test_acc=0.8691
Round 432 | selected=[14, 19, 18, 60, 32, 67, 56, 30, 20, 51]
Round 432 | train_loss=0.1184 train_acc=0.9574 test_loss=0.4283 test_acc=0.8647
Round 433 | selected=[28, 83, 4, 68, 58, 8, 71, 62, 99, 91]
Round 433 | train_loss=0.1384 train_acc=0.9516 test_loss=0.4099 test_acc=0.8707
Round 434 | selected=[45, 57, 31, 34, 71, 83, 85, 96, 25, 29]
Round 434 | train_loss=0.1589 train_acc=0.9472 test_loss=0.4214 test_acc=0.8683
Round 435 | selected=[39, 36, 35, 79, 47, 93, 3, 58, 50, 14]
Round 435 | train_loss=0.1298 train_acc=0.9570 test_loss=0.4249 test_acc=0.8694
Round 436 | selected=[47, 12, 38, 7, 93, 48, 13, 33, 1, 49]
Round 436 | train_loss=0.1193 train_acc=0.9636 test_loss=0.4173 test_acc=0.8652
Round 437 | selected=[3, 48, 45, 25, 4, 99, 36, 5, 41, 72]
Round 437 | train_loss=0.1295 train_acc=0.9598 test_loss=0.4196 test_acc=0.8691
Round 438 | selected=[44, 68, 56, 5, 30, 40, 45, 0, 48, 41]
Round 438 | train_loss=0.1063 train_acc=0.9654 test_loss=0.4088 test_acc=0.8684
Round 439 | selected=[3, 80, 25, 30, 38, 15, 48, 24, 58, 62]
Round 439 | train_loss=0.0912 train_acc=0.9712 test_loss=0.4102 test_acc=0.8716
Round 440 | selected=[87, 18, 96, 65, 69, 12, 78, 94, 28, 24]
Round 440 | train_loss=0.1303 train_acc=0.9562 test_loss=0.4090 test_acc=0.8739
Round 441 | selected=[71, 66, 11, 83, 33, 48, 16, 67, 47, 91]
Round 441 | train_loss=0.1172 train_acc=0.9624 test_loss=0.4024 test_acc=0.8769
Round 442 | selected=[21, 59, 90, 38, 95, 44, 53, 68, 82, 7]
Round 442 | train_loss=0.1245 train_acc=0.9566 test_loss=0.3967 test_acc=0.8744
Round 443 | selected=[19, 98, 6, 63, 61, 9, 77, 10, 82, 81]
Round 443 | train_loss=0.1459 train_acc=0.9510 test_loss=0.3884 test_acc=0.8776
Round 444 | selected=[71, 6, 44, 18, 34, 26, 40, 66, 22, 68]
Round 444 | train_loss=0.1037 train_acc=0.9644 test_loss=0.4047 test_acc=0.8725
Round 445 | selected=[17, 95, 1, 23, 33, 64, 73, 29, 89, 44]
Round 445 | train_loss=0.1414 train_acc=0.9560 test_loss=0.4085 test_acc=0.8734
Round 446 | selected=[46, 3, 88, 71, 51, 16, 24, 94, 38, 67]
Round 446 | train_loss=0.1057 train_acc=0.9646 test_loss=0.4716 test_acc=0.8564
Round 447 | selected=[97, 42, 73, 82, 62, 61, 76, 50, 59, 79]
Round 447 | train_loss=0.1183 train_acc=0.9608 test_loss=0.4269 test_acc=0.8662
Round 448 | selected=[26, 18, 1, 57, 77, 96, 91, 33, 99, 28]
Round 448 | train_loss=0.1306 train_acc=0.9562 test_loss=0.3913 test_acc=0.8756
Round 449 | selected=[76, 89, 52, 91, 47, 57, 2, 43, 95, 27]
Round 449 | train_loss=0.1415 train_acc=0.9534 test_loss=0.4481 test_acc=0.8594
Round 450 | selected=[29, 39, 76, 53, 2, 74, 46, 93, 77, 50]
Round 450 | train_loss=0.1260 train_acc=0.9606 test_loss=0.5214 test_acc=0.8418
Round 451 | selected=[3, 86, 82, 89, 38, 58, 47, 28, 79, 70]
Round 451 | train_loss=0.1359 train_acc=0.9486 test_loss=0.4561 test_acc=0.8609
Round 452 | selected=[84, 90, 14, 86, 95, 56, 98, 81, 85, 20]
Round 452 | train_loss=0.1303 train_acc=0.9550 test_loss=0.4324 test_acc=0.8620
Round 453 | selected=[42, 19, 53, 47, 57, 74, 37, 98, 16, 38]
Round 453 | train_loss=0.1175 train_acc=0.9634 test_loss=0.4076 test_acc=0.8721
Round 454 | selected=[66, 1, 53, 17, 11, 19, 34, 37, 31, 77]
Round 454 | train_loss=0.1440 train_acc=0.9516 test_loss=0.4187 test_acc=0.8695
Round 455 | selected=[80, 78, 75, 59, 42, 0, 26, 43, 91, 71]
Round 455 | train_loss=0.1528 train_acc=0.9500 test_loss=0.4158 test_acc=0.8698
Round 456 | selected=[98, 5, 1, 56, 19, 85, 62, 53, 76, 31]
Round 456 | train_loss=0.1071 train_acc=0.9642 test_loss=0.4442 test_acc=0.8675
Round 457 | selected=[6, 81, 25, 80, 2, 97, 44, 65, 29, 1]
Round 457 | train_loss=0.1378 train_acc=0.9520 test_loss=0.5100 test_acc=0.8542
Round 458 | selected=[94, 11, 62, 70, 52, 7, 51, 99, 22, 33]
Round 458 | train_loss=0.1388 train_acc=0.9538 test_loss=0.4516 test_acc=0.8633
Round 459 | selected=[90, 6, 61, 4, 47, 87, 64, 55, 69, 23]
Round 459 | train_loss=0.1377 train_acc=0.9532 test_loss=0.4155 test_acc=0.8689
Round 460 | selected=[59, 94, 62, 22, 50, 97, 85, 73, 87, 69]
Round 460 | train_loss=0.1108 train_acc=0.9616 test_loss=0.4277 test_acc=0.8672
Round 461 | selected=[93, 8, 16, 59, 3, 38, 49, 11, 26, 81]
Round 461 | train_loss=0.1122 train_acc=0.9624 test_loss=0.4319 test_acc=0.8689
Round 462 | selected=[21, 28, 10, 2, 48, 88, 72, 97, 30, 46]
Round 462 | train_loss=0.1361 train_acc=0.9534 test_loss=0.4426 test_acc=0.8701
Round 463 | selected=[72, 97, 50, 53, 65, 25, 24, 11, 18, 13]
Round 463 | train_loss=0.1147 train_acc=0.9610 test_loss=0.4677 test_acc=0.8627
Round 464 | selected=[75, 14, 77, 74, 59, 49, 1, 63, 96, 72]
Round 464 | train_loss=0.1352 train_acc=0.9550 test_loss=0.3995 test_acc=0.8779
Round 465 | selected=[33, 74, 62, 46, 15, 5, 98, 35, 80, 70]
Round 465 | train_loss=0.1293 train_acc=0.9600 test_loss=0.4306 test_acc=0.8672
Round 466 | selected=[51, 1, 27, 48, 97, 63, 17, 26, 0, 29]
Round 466 | train_loss=0.1455 train_acc=0.9526 test_loss=0.4188 test_acc=0.8649
Round 467 | selected=[22, 2, 12, 90, 93, 27, 13, 51, 30, 79]
Round 467 | train_loss=0.1270 train_acc=0.9594 test_loss=0.4049 test_acc=0.8693
Round 468 | selected=[4, 27, 96, 75, 21, 33, 28, 44, 35, 29]
Round 468 | train_loss=0.1177 train_acc=0.9640 test_loss=0.4302 test_acc=0.8673
Round 469 | selected=[45, 62, 71, 35, 93, 84, 1, 27, 12, 53]
Round 469 | train_loss=0.1124 train_acc=0.9638 test_loss=0.4187 test_acc=0.8694
Round 470 | selected=[4, 30, 73, 69, 81, 62, 13, 63, 29, 55]
Round 470 | train_loss=0.1145 train_acc=0.9604 test_loss=0.3946 test_acc=0.8732
Round 471 | selected=[55, 96, 34, 63, 15, 23, 13, 97, 88, 78]
Round 471 | train_loss=0.1147 train_acc=0.9596 test_loss=0.4832 test_acc=0.8489
Round 472 | selected=[10, 45, 60, 86, 82, 63, 23, 34, 50, 42]
Round 472 | train_loss=0.1229 train_acc=0.9600 test_loss=0.4523 test_acc=0.8550
Round 473 | selected=[17, 79, 57, 36, 75, 74, 26, 28, 31, 10]
Round 473 | train_loss=0.1337 train_acc=0.9524 test_loss=0.3842 test_acc=0.8796
Round 474 | selected=[95, 33, 25, 0, 2, 21, 1, 46, 9, 48]
Round 474 | train_loss=0.1336 train_acc=0.9556 test_loss=0.4105 test_acc=0.8760
Round 475 | selected=[40, 38, 42, 18, 85, 43, 0, 71, 77, 12]
Round 475 | train_loss=0.1079 train_acc=0.9652 test_loss=0.3977 test_acc=0.8775
Round 476 | selected=[86, 10, 42, 79, 55, 89, 63, 29, 21, 11]
Round 476 | train_loss=0.1151 train_acc=0.9590 test_loss=0.4144 test_acc=0.8699
Round 477 | selected=[87, 54, 79, 39, 86, 70, 71, 4, 2, 72]
Round 477 | train_loss=0.1278 train_acc=0.9576 test_loss=0.4104 test_acc=0.8709
Round 478 | selected=[8, 11, 60, 56, 48, 28, 45, 2, 80, 96]
Round 478 | train_loss=0.1169 train_acc=0.9616 test_loss=0.3989 test_acc=0.8741
Round 479 | selected=[64, 38, 47, 14, 93, 17, 27, 2, 51, 34]
Round 479 | train_loss=0.1094 train_acc=0.9642 test_loss=0.4419 test_acc=0.8606
Round 480 | selected=[24, 63, 45, 6, 43, 0, 22, 65, 15, 33]
Round 480 | train_loss=0.1137 train_acc=0.9620 test_loss=0.4428 test_acc=0.8642
Round 481 | selected=[0, 22, 84, 92, 58, 91, 9, 79, 16, 26]
Round 481 | train_loss=0.1342 train_acc=0.9498 test_loss=0.4626 test_acc=0.8624
Round 482 | selected=[43, 8, 15, 52, 79, 83, 28, 46, 68, 36]
Round 482 | train_loss=0.1339 train_acc=0.9546 test_loss=0.4278 test_acc=0.8727
Round 483 | selected=[93, 73, 83, 6, 63, 53, 75, 62, 98, 91]
Round 483 | train_loss=0.1026 train_acc=0.9676 test_loss=0.4660 test_acc=0.8630
Round 484 | selected=[72, 3, 48, 95, 22, 83, 58, 16, 80, 82]
Round 484 | train_loss=0.1159 train_acc=0.9620 test_loss=0.4092 test_acc=0.8787
Round 485 | selected=[83, 63, 90, 98, 30, 32, 43, 1, 59, 37]
Round 485 | train_loss=0.1232 train_acc=0.9574 test_loss=0.4278 test_acc=0.8698
Round 486 | selected=[92, 19, 42, 30, 9, 66, 14, 93, 7, 83]
Round 486 | train_loss=0.1357 train_acc=0.9546 test_loss=0.4436 test_acc=0.8707
Round 487 | selected=[64, 61, 50, 51, 43, 41, 27, 93, 49, 21]
Round 487 | train_loss=0.0945 train_acc=0.9710 test_loss=0.4548 test_acc=0.8635
Round 488 | selected=[27, 77, 15, 35, 25, 80, 44, 30, 17, 18]
Round 488 | train_loss=0.1157 train_acc=0.9586 test_loss=0.4151 test_acc=0.8787
Round 489 | selected=[95, 96, 16, 20, 21, 6, 64, 54, 77, 31]
Round 489 | train_loss=0.1168 train_acc=0.9606 test_loss=0.4324 test_acc=0.8739
Round 490 | selected=[85, 99, 63, 72, 83, 90, 18, 30, 20, 45]
Round 490 | train_loss=0.1104 train_acc=0.9654 test_loss=0.4446 test_acc=0.8691
Round 491 | selected=[80, 10, 82, 72, 95, 15, 56, 44, 96, 37]
Round 491 | train_loss=0.0971 train_acc=0.9682 test_loss=0.4424 test_acc=0.8661
Round 492 | selected=[90, 86, 69, 52, 77, 38, 60, 9, 33, 37]
Round 492 | train_loss=0.1193 train_acc=0.9604 test_loss=0.4270 test_acc=0.8687
Round 493 | selected=[13, 94, 63, 60, 3, 69, 39, 10, 7, 12]
Round 493 | train_loss=0.1048 train_acc=0.9666 test_loss=0.4164 test_acc=0.8767
Round 494 | selected=[33, 97, 71, 42, 31, 92, 67, 2, 27, 44]
Round 494 | train_loss=0.0943 train_acc=0.9682 test_loss=0.4485 test_acc=0.8734
Round 495 | selected=[72, 40, 78, 37, 16, 47, 64, 97, 36, 39]
Round 495 | train_loss=0.1308 train_acc=0.9544 test_loss=0.4090 test_acc=0.8799
Round 496 | selected=[50, 28, 79, 8, 95, 34, 31, 80, 24, 12]
Round 496 | train_loss=0.0920 train_acc=0.9684 test_loss=0.3764 test_acc=0.8881
Round 497 | selected=[98, 34, 6, 56, 18, 40, 84, 23, 54, 41]
Round 497 | train_loss=0.0975 train_acc=0.9688 test_loss=0.4175 test_acc=0.8766
Round 498 | selected=[58, 75, 6, 68, 74, 90, 49, 71, 24, 33]
Round 498 | train_loss=0.1030 train_acc=0.9660 test_loss=0.4127 test_acc=0.8828
Round 499 | selected=[60, 22, 32, 74, 37, 11, 36, 84, 85, 89]
Round 499 | train_loss=0.1159 train_acc=0.9604 test_loss=0.4093 test_acc=0.8787
Round 500 | selected=[27, 22, 20, 35, 1, 54, 7, 42, 74, 19]
Round 500 | train_loss=0.1000 train_acc=0.9666 test_loss=0.4576 test_acc=0.8724
Saved: track1/results/cifar10/final_seed42/fedadam_alpha1_seed42.csv
COMPLETED: fedadam alpha1 seed=42
