========================================
JOB:       12004007
TASK:      8
ALGORITHM: fedavgm
PARTITION: iid
SEED:      43
GPU:       0
========================================
Device: cuda
GPU: Tesla V100-PCIE-32GB
Round 0 | test_loss=2.8590 test_acc=0.1084
Round 1 | selected=[45, 82, 4, 54, 60, 98, 1, 26, 37, 58]
Round 1 | train_loss=2.3492 train_acc=0.1110 test_loss=2.2703 test_acc=0.1447
Round 2 | selected=[98, 18, 76, 36, 27, 13, 88, 41, 89, 84]
Round 2 | train_loss=2.2533 train_acc=0.1528 test_loss=2.2493 test_acc=0.1996
Round 3 | selected=[49, 78, 43, 90, 96, 45, 58, 36, 69, 94]
Round 3 | train_loss=2.1784 train_acc=0.1938 test_loss=2.2399 test_acc=0.2052
Round 4 | selected=[67, 79, 53, 5, 31, 11, 59, 99, 9, 28]
Round 4 | train_loss=2.0861 train_acc=0.2322 test_loss=2.0595 test_acc=0.2435
Round 5 | selected=[52, 9, 39, 27, 68, 31, 25, 58, 3, 95]
Round 5 | train_loss=2.0352 train_acc=0.2460 test_loss=1.9476 test_acc=0.2626
Round 6 | selected=[26, 64, 42, 36, 16, 77, 7, 22, 20, 31]
Round 6 | train_loss=1.9345 train_acc=0.2706 test_loss=1.8316 test_acc=0.3166
Round 7 | selected=[12, 64, 62, 75, 73, 84, 79, 40, 32, 52]
Round 7 | train_loss=1.8813 train_acc=0.3044 test_loss=2.1491 test_acc=0.2645
Round 8 | selected=[48, 84, 78, 81, 73, 93, 51, 12, 16, 66]
Round 8 | train_loss=1.8376 train_acc=0.3058 test_loss=2.1253 test_acc=0.2928
Round 9 | selected=[59, 44, 87, 73, 64, 76, 16, 97, 39, 99]
Round 9 | train_loss=1.7952 train_acc=0.3308 test_loss=1.7627 test_acc=0.3790
Round 10 | selected=[66, 45, 67, 21, 94, 50, 49, 73, 97, 28]
Round 10 | train_loss=1.7139 train_acc=0.3606 test_loss=1.7465 test_acc=0.3532
Round 11 | selected=[71, 91, 81, 50, 27, 52, 61, 25, 63, 75]
Round 11 | train_loss=1.7071 train_acc=0.3660 test_loss=1.8995 test_acc=0.3315
Round 12 | selected=[78, 91, 66, 74, 93, 33, 92, 18, 68, 20]
Round 12 | train_loss=1.7056 train_acc=0.3686 test_loss=1.6634 test_acc=0.3904
Round 13 | selected=[84, 70, 72, 43, 26, 95, 74, 53, 98, 13]
Round 13 | train_loss=1.6368 train_acc=0.3910 test_loss=1.5268 test_acc=0.4304
Round 14 | selected=[62, 88, 39, 53, 68, 8, 45, 26, 50, 17]
Round 14 | train_loss=1.5579 train_acc=0.4206 test_loss=1.5874 test_acc=0.4180
Round 15 | selected=[81, 84, 25, 29, 3, 45, 13, 0, 44, 9]
Round 15 | train_loss=1.5702 train_acc=0.4194 test_loss=1.5386 test_acc=0.4329
Round 16 | selected=[45, 82, 93, 92, 91, 3, 83, 59, 66, 11]
Round 16 | train_loss=1.5356 train_acc=0.4242 test_loss=1.5770 test_acc=0.4161
Round 17 | selected=[15, 4, 66, 46, 8, 75, 62, 35, 57, 53]
Round 17 | train_loss=1.5250 train_acc=0.4364 test_loss=1.4815 test_acc=0.4386
Round 18 | selected=[70, 85, 99, 21, 88, 16, 37, 23, 91, 0]
Round 18 | train_loss=1.4751 train_acc=0.4658 test_loss=1.5400 test_acc=0.4600
Round 19 | selected=[36, 15, 31, 92, 98, 73, 83, 7, 11, 20]
Round 19 | train_loss=1.4723 train_acc=0.4548 test_loss=1.5117 test_acc=0.4598
Round 20 | selected=[39, 89, 40, 95, 37, 0, 15, 60, 59, 74]
Round 20 | train_loss=1.4192 train_acc=0.4724 test_loss=1.5311 test_acc=0.4503
Round 21 | selected=[35, 57, 89, 86, 46, 36, 54, 30, 84, 77]
Round 21 | train_loss=1.4532 train_acc=0.4620 test_loss=1.6538 test_acc=0.4361
Round 22 | selected=[76, 10, 70, 46, 58, 89, 67, 66, 32, 0]
Round 22 | train_loss=1.3954 train_acc=0.4892 test_loss=1.4998 test_acc=0.4714
Round 23 | selected=[14, 0, 41, 64, 71, 15, 68, 98, 46, 6]
Round 23 | train_loss=1.3713 train_acc=0.5038 test_loss=1.4355 test_acc=0.4916
Round 24 | selected=[43, 83, 13, 65, 78, 79, 35, 15, 47, 3]
Round 24 | train_loss=1.3482 train_acc=0.5036 test_loss=1.3760 test_acc=0.5161
Round 25 | selected=[22, 9, 27, 36, 31, 89, 71, 86, 11, 29]
Round 25 | train_loss=1.3531 train_acc=0.5068 test_loss=1.3040 test_acc=0.5288
Round 26 | selected=[55, 61, 4, 90, 51, 94, 45, 0, 31, 96]
Round 26 | train_loss=1.3055 train_acc=0.5242 test_loss=1.2657 test_acc=0.5421
Round 27 | selected=[60, 6, 30, 69, 19, 1, 52, 34, 7, 5]
Round 27 | train_loss=1.3134 train_acc=0.5202 test_loss=1.2902 test_acc=0.5418
Round 28 | selected=[37, 27, 52, 59, 18, 21, 57, 61, 99, 41]
Round 28 | train_loss=1.2710 train_acc=0.5360 test_loss=1.2539 test_acc=0.5503
Round 29 | selected=[29, 67, 19, 12, 59, 89, 94, 39, 76, 98]
Round 29 | train_loss=1.2374 train_acc=0.5494 test_loss=1.2346 test_acc=0.5524
Round 30 | selected=[61, 99, 64, 39, 12, 29, 85, 37, 28, 14]
Round 30 | train_loss=1.2225 train_acc=0.5624 test_loss=1.2226 test_acc=0.5607
Round 31 | selected=[59, 92, 69, 23, 11, 93, 88, 57, 30, 8]
Round 31 | train_loss=1.2063 train_acc=0.5606 test_loss=1.1618 test_acc=0.5803
Round 32 | selected=[27, 33, 32, 41, 88, 49, 39, 44, 71, 67]
Round 32 | train_loss=1.2014 train_acc=0.5600 test_loss=1.2743 test_acc=0.5512
Round 33 | selected=[83, 58, 19, 10, 51, 40, 75, 59, 70, 17]
Round 33 | train_loss=1.1877 train_acc=0.5712 test_loss=1.1902 test_acc=0.5714
Round 34 | selected=[53, 62, 57, 4, 60, 76, 98, 31, 90, 23]
Round 34 | train_loss=1.1793 train_acc=0.5734 test_loss=1.1634 test_acc=0.5888
Round 35 | selected=[40, 41, 53, 13, 35, 90, 85, 73, 68, 15]
Round 35 | train_loss=1.1429 train_acc=0.5852 test_loss=1.2070 test_acc=0.5720
Round 36 | selected=[18, 9, 0, 24, 23, 20, 39, 94, 29, 41]
Round 36 | train_loss=1.1151 train_acc=0.5972 test_loss=1.2079 test_acc=0.5841
Round 37 | selected=[0, 56, 76, 25, 77, 24, 43, 8, 35, 78]
Round 37 | train_loss=1.1119 train_acc=0.5904 test_loss=1.1298 test_acc=0.5945
Round 38 | selected=[53, 77, 74, 63, 22, 80, 28, 67, 24, 41]
Round 38 | train_loss=1.1483 train_acc=0.5836 test_loss=1.1726 test_acc=0.5832
Round 39 | selected=[18, 83, 80, 4, 69, 89, 92, 61, 21, 73]
Round 39 | train_loss=1.0989 train_acc=0.6054 test_loss=1.2319 test_acc=0.5769
Round 40 | selected=[60, 71, 66, 28, 27, 54, 99, 6, 55, 74]
Round 40 | train_loss=1.1316 train_acc=0.5966 test_loss=1.1613 test_acc=0.5981
Round 41 | selected=[75, 13, 68, 32, 20, 2, 10, 79, 41, 89]
Round 41 | train_loss=1.0707 train_acc=0.6170 test_loss=1.1818 test_acc=0.6011
Round 42 | selected=[21, 6, 71, 85, 94, 56, 29, 95, 27, 87]
Round 42 | train_loss=1.0612 train_acc=0.6200 test_loss=1.0821 test_acc=0.6249
Round 43 | selected=[71, 34, 79, 90, 87, 39, 89, 18, 81, 96]
Round 43 | train_loss=1.0597 train_acc=0.6264 test_loss=1.0974 test_acc=0.6148
Round 44 | selected=[39, 94, 2, 85, 60, 12, 89, 36, 44, 98]
Round 44 | train_loss=1.0111 train_acc=0.6412 test_loss=1.1318 test_acc=0.6104
Round 45 | selected=[11, 68, 5, 85, 51, 12, 83, 32, 73, 29]
Round 45 | train_loss=1.0029 train_acc=0.6410 test_loss=1.0898 test_acc=0.6262
Round 46 | selected=[63, 47, 4, 13, 49, 41, 19, 99, 91, 79]
Round 46 | train_loss=0.9819 train_acc=0.6506 test_loss=1.3370 test_acc=0.5807
Round 47 | selected=[30, 90, 52, 15, 32, 41, 66, 49, 64, 25]
Round 47 | train_loss=1.0185 train_acc=0.6290 test_loss=1.2022 test_acc=0.6075
Round 48 | selected=[24, 88, 14, 52, 68, 8, 46, 9, 10, 6]
Round 48 | train_loss=0.9879 train_acc=0.6472 test_loss=0.9871 test_acc=0.6553
Round 49 | selected=[66, 60, 59, 76, 0, 92, 43, 42, 30, 29]
Round 49 | train_loss=0.9282 train_acc=0.6682 test_loss=1.0256 test_acc=0.6384
Round 50 | selected=[91, 16, 57, 32, 42, 70, 5, 80, 29, 68]
Round 50 | train_loss=0.9385 train_acc=0.6646 test_loss=1.0703 test_acc=0.6415
Round 51 | selected=[30, 25, 6, 51, 79, 11, 40, 2, 85, 31]
Round 51 | train_loss=0.9346 train_acc=0.6664 test_loss=1.1043 test_acc=0.6353
Round 52 | selected=[44, 49, 52, 17, 63, 20, 28, 16, 78, 30]
Round 52 | train_loss=0.9577 train_acc=0.6654 test_loss=0.9345 test_acc=0.6765
Round 53 | selected=[55, 76, 18, 47, 52, 43, 77, 61, 83, 10]
Round 53 | train_loss=0.9151 train_acc=0.6708 test_loss=0.9777 test_acc=0.6619
Round 54 | selected=[52, 43, 62, 20, 53, 14, 66, 40, 81, 79]
Round 54 | train_loss=0.9233 train_acc=0.6778 test_loss=0.9111 test_acc=0.6836
Round 55 | selected=[88, 63, 61, 33, 34, 76, 99, 66, 30, 23]
Round 55 | train_loss=0.9320 train_acc=0.6700 test_loss=0.9708 test_acc=0.6673
Round 56 | selected=[39, 29, 26, 67, 71, 17, 66, 96, 55, 94]
Round 56 | train_loss=0.8924 train_acc=0.6846 test_loss=0.9219 test_acc=0.6801
Round 57 | selected=[32, 97, 12, 98, 18, 24, 26, 83, 16, 48]
Round 57 | train_loss=0.8842 train_acc=0.6854 test_loss=0.8839 test_acc=0.6821
Round 58 | selected=[50, 22, 98, 81, 8, 75, 70, 74, 93, 25]
Round 58 | train_loss=0.9068 train_acc=0.6870 test_loss=0.8647 test_acc=0.6944
Round 59 | selected=[61, 29, 66, 92, 80, 90, 18, 28, 54, 98]
Round 59 | train_loss=0.8654 train_acc=0.6820 test_loss=0.8958 test_acc=0.6826
Round 60 | selected=[51, 27, 15, 76, 94, 43, 29, 49, 61, 65]
Round 60 | train_loss=0.8397 train_acc=0.7020 test_loss=0.8530 test_acc=0.7009
Round 61 | selected=[58, 89, 25, 93, 86, 77, 27, 22, 62, 11]
Round 61 | train_loss=0.8847 train_acc=0.6858 test_loss=0.8759 test_acc=0.7012
Round 62 | selected=[81, 66, 51, 45, 40, 13, 53, 44, 27, 73]
Round 62 | train_loss=0.8146 train_acc=0.7094 test_loss=0.8524 test_acc=0.7091
Round 63 | selected=[8, 31, 92, 57, 35, 66, 58, 14, 48, 55]
Round 63 | train_loss=0.8244 train_acc=0.7110 test_loss=0.9221 test_acc=0.6965
Round 64 | selected=[63, 15, 61, 92, 37, 72, 20, 95, 47, 58]
Round 64 | train_loss=0.8648 train_acc=0.6962 test_loss=0.8969 test_acc=0.6940
Round 65 | selected=[72, 39, 84, 35, 46, 12, 75, 30, 41, 23]
Round 65 | train_loss=0.8290 train_acc=0.7058 test_loss=0.9128 test_acc=0.6913
Round 66 | selected=[68, 80, 29, 76, 69, 92, 31, 26, 77, 96]
Round 66 | train_loss=0.7823 train_acc=0.7210 test_loss=0.9316 test_acc=0.6887
Round 67 | selected=[56, 15, 69, 64, 47, 88, 13, 81, 65, 98]
Round 67 | train_loss=0.7998 train_acc=0.7130 test_loss=0.8410 test_acc=0.7113
Round 68 | selected=[95, 72, 30, 88, 79, 85, 73, 39, 28, 38]
Round 68 | train_loss=0.8235 train_acc=0.7110 test_loss=0.8803 test_acc=0.7000
Round 69 | selected=[46, 50, 61, 41, 37, 75, 30, 18, 4, 33]
Round 69 | train_loss=0.7947 train_acc=0.7202 test_loss=0.8406 test_acc=0.7094
Round 70 | selected=[69, 23, 60, 48, 39, 30, 87, 92, 24, 5]
Round 70 | train_loss=0.7454 train_acc=0.7386 test_loss=0.7671 test_acc=0.7382
Round 71 | selected=[15, 69, 52, 5, 83, 29, 1, 37, 57, 9]
Round 71 | train_loss=0.7728 train_acc=0.7320 test_loss=0.8595 test_acc=0.7078
Round 72 | selected=[81, 66, 40, 61, 67, 57, 41, 25, 99, 80]
Round 72 | train_loss=0.7412 train_acc=0.7368 test_loss=0.7885 test_acc=0.7311
Round 73 | selected=[12, 49, 64, 56, 70, 98, 71, 22, 36, 89]
Round 73 | train_loss=0.7298 train_acc=0.7384 test_loss=0.8173 test_acc=0.7170
Round 74 | selected=[12, 63, 31, 60, 98, 15, 59, 62, 61, 76]
Round 74 | train_loss=0.7332 train_acc=0.7378 test_loss=0.8088 test_acc=0.7232
Round 75 | selected=[93, 96, 84, 47, 59, 25, 24, 6, 29, 64]
Round 75 | train_loss=0.7162 train_acc=0.7478 test_loss=0.8589 test_acc=0.7143
Round 76 | selected=[0, 34, 54, 30, 51, 91, 88, 3, 94, 41]
Round 76 | train_loss=0.7636 train_acc=0.7322 test_loss=0.8044 test_acc=0.7339
Round 77 | selected=[29, 25, 97, 34, 83, 3, 47, 11, 2, 80]
Round 77 | train_loss=0.7143 train_acc=0.7494 test_loss=0.7946 test_acc=0.7311
Round 78 | selected=[78, 89, 75, 5, 81, 59, 97, 93, 85, 62]
Round 78 | train_loss=0.7015 train_acc=0.7520 test_loss=0.8181 test_acc=0.7224
Round 79 | selected=[45, 32, 35, 26, 46, 64, 96, 6, 30, 69]
Round 79 | train_loss=0.6948 train_acc=0.7502 test_loss=0.7819 test_acc=0.7332
Round 80 | selected=[56, 36, 21, 47, 41, 59, 81, 33, 91, 27]
Round 80 | train_loss=0.6975 train_acc=0.7536 test_loss=0.7240 test_acc=0.7509
Round 81 | selected=[53, 76, 15, 34, 78, 63, 89, 41, 37, 80]
Round 81 | train_loss=0.6855 train_acc=0.7624 test_loss=0.7605 test_acc=0.7342
Round 82 | selected=[5, 97, 18, 48, 24, 73, 69, 68, 33, 28]
Round 82 | train_loss=0.7041 train_acc=0.7608 test_loss=0.7295 test_acc=0.7519
Round 83 | selected=[22, 21, 32, 26, 64, 46, 76, 85, 33, 91]
Round 83 | train_loss=0.6608 train_acc=0.7696 test_loss=0.7125 test_acc=0.7564
Round 84 | selected=[35, 45, 84, 49, 93, 11, 20, 97, 87, 86]
Round 84 | train_loss=0.6836 train_acc=0.7544 test_loss=0.7078 test_acc=0.7576
Round 85 | selected=[60, 30, 22, 29, 73, 13, 34, 41, 8, 71]
Round 85 | train_loss=0.6535 train_acc=0.7640 test_loss=0.7852 test_acc=0.7365
Round 86 | selected=[56, 58, 86, 79, 49, 52, 51, 40, 87, 72]
Round 86 | train_loss=0.6596 train_acc=0.7674 test_loss=0.8071 test_acc=0.7325
Round 87 | selected=[62, 28, 18, 72, 43, 2, 46, 97, 90, 63]
Round 87 | train_loss=0.6845 train_acc=0.7584 test_loss=0.7294 test_acc=0.7574
Round 88 | selected=[89, 84, 71, 66, 22, 45, 51, 79, 18, 92]
Round 88 | train_loss=0.6413 train_acc=0.7694 test_loss=0.7520 test_acc=0.7537
Round 89 | selected=[97, 84, 67, 2, 12, 14, 93, 96, 38, 4]
Round 89 | train_loss=0.6669 train_acc=0.7648 test_loss=0.7697 test_acc=0.7527
Round 90 | selected=[25, 71, 59, 98, 65, 48, 13, 82, 68, 12]
Round 90 | train_loss=0.6315 train_acc=0.7778 test_loss=0.7565 test_acc=0.7514
Round 91 | selected=[15, 67, 29, 79, 0, 10, 21, 55, 24, 76]
Round 91 | train_loss=0.6319 train_acc=0.7784 test_loss=0.6687 test_acc=0.7729
Round 92 | selected=[2, 28, 29, 86, 73, 43, 88, 92, 56, 18]
Round 92 | train_loss=0.6219 train_acc=0.7778 test_loss=0.7527 test_acc=0.7431
Round 93 | selected=[78, 21, 62, 45, 39, 84, 89, 94, 81, 30]
Round 93 | train_loss=0.5930 train_acc=0.7924 test_loss=0.7579 test_acc=0.7420
Round 94 | selected=[95, 55, 71, 77, 59, 73, 22, 4, 75, 38]
Round 94 | train_loss=0.6241 train_acc=0.7776 test_loss=0.6989 test_acc=0.7581
Round 95 | selected=[87, 12, 2, 22, 27, 15, 80, 3, 84, 99]
Round 95 | train_loss=0.6053 train_acc=0.7856 test_loss=0.6775 test_acc=0.7690
Round 96 | selected=[90, 97, 67, 86, 56, 18, 55, 57, 82, 2]
Round 96 | train_loss=0.6181 train_acc=0.7822 test_loss=0.6724 test_acc=0.7719
Round 97 | selected=[0, 71, 1, 8, 24, 10, 50, 47, 3, 60]
Round 97 | train_loss=0.6152 train_acc=0.7784 test_loss=0.7931 test_acc=0.7400
Round 98 | selected=[34, 98, 39, 11, 43, 62, 81, 49, 13, 1]
Round 98 | train_loss=0.6028 train_acc=0.7842 test_loss=0.7849 test_acc=0.7437
Round 99 | selected=[51, 37, 48, 55, 70, 81, 67, 29, 9, 52]
Round 99 | train_loss=0.5953 train_acc=0.7906 test_loss=0.6441 test_acc=0.7815
Round 100 | selected=[77, 49, 65, 39, 10, 31, 73, 52, 34, 71]
Round 100 | train_loss=0.5754 train_acc=0.7956 test_loss=0.6892 test_acc=0.7680
Round 101 | selected=[40, 37, 72, 92, 67, 33, 46, 60, 74, 85]
Round 101 | train_loss=0.6148 train_acc=0.7858 test_loss=0.7051 test_acc=0.7652
Round 102 | selected=[57, 1, 99, 3, 61, 85, 5, 91, 37, 38]
Round 102 | train_loss=0.6201 train_acc=0.7822 test_loss=0.6519 test_acc=0.7828
Round 103 | selected=[28, 79, 4, 10, 63, 62, 86, 13, 67, 61]
Round 103 | train_loss=0.5853 train_acc=0.7900 test_loss=0.7007 test_acc=0.7725
Round 104 | selected=[59, 56, 26, 33, 9, 41, 86, 76, 67, 45]
Round 104 | train_loss=0.5736 train_acc=0.7956 test_loss=0.7889 test_acc=0.7533
Round 105 | selected=[52, 63, 32, 41, 16, 5, 20, 23, 97, 72]
Round 105 | train_loss=0.6022 train_acc=0.7974 test_loss=0.6858 test_acc=0.7757
Round 106 | selected=[49, 10, 37, 20, 12, 81, 41, 47, 72, 16]
Round 106 | train_loss=0.5466 train_acc=0.8120 test_loss=0.6488 test_acc=0.7830
Round 107 | selected=[16, 71, 17, 25, 32, 98, 14, 85, 47, 41]
Round 107 | train_loss=0.5573 train_acc=0.8056 test_loss=0.6665 test_acc=0.7801
Round 108 | selected=[87, 4, 41, 79, 63, 76, 52, 20, 80, 59]
Round 108 | train_loss=0.5396 train_acc=0.8100 test_loss=0.6763 test_acc=0.7777
Round 109 | selected=[49, 83, 22, 58, 84, 28, 53, 81, 99, 35]
Round 109 | train_loss=0.5789 train_acc=0.8052 test_loss=0.6639 test_acc=0.7805
Round 110 | selected=[60, 90, 88, 43, 73, 50, 57, 53, 24, 66]
Round 110 | train_loss=0.5715 train_acc=0.8012 test_loss=0.6108 test_acc=0.7966
Round 111 | selected=[32, 36, 78, 37, 3, 15, 16, 48, 79, 27]
Round 111 | train_loss=0.5467 train_acc=0.8124 test_loss=0.6673 test_acc=0.7805
Round 112 | selected=[56, 59, 63, 86, 68, 58, 54, 93, 43, 3]
Round 112 | train_loss=0.5634 train_acc=0.8056 test_loss=0.6265 test_acc=0.7929
Round 113 | selected=[29, 33, 24, 13, 26, 44, 56, 37, 11, 15]
Round 113 | train_loss=0.5385 train_acc=0.8140 test_loss=0.6861 test_acc=0.7784
Round 114 | selected=[42, 21, 43, 7, 2, 74, 83, 24, 54, 99]
Round 114 | train_loss=0.5434 train_acc=0.8098 test_loss=0.7720 test_acc=0.7485
Round 115 | selected=[24, 3, 25, 57, 68, 66, 39, 86, 65, 53]
Round 115 | train_loss=0.5177 train_acc=0.8244 test_loss=0.6422 test_acc=0.7852
Round 116 | selected=[3, 68, 2, 73, 98, 38, 76, 67, 85, 28]
Round 116 | train_loss=0.5038 train_acc=0.8262 test_loss=0.6849 test_acc=0.7688
Round 117 | selected=[23, 74, 78, 98, 27, 31, 33, 36, 91, 10]
Round 117 | train_loss=0.5492 train_acc=0.8100 test_loss=0.6190 test_acc=0.7933
Round 118 | selected=[56, 20, 79, 5, 84, 59, 39, 83, 31, 97]
Round 118 | train_loss=0.4929 train_acc=0.8218 test_loss=0.6212 test_acc=0.7924
Round 119 | selected=[87, 66, 96, 44, 3, 90, 13, 45, 4, 21]
Round 119 | train_loss=0.5129 train_acc=0.8124 test_loss=0.5943 test_acc=0.7994
Round 120 | selected=[3, 12, 73, 70, 41, 63, 51, 65, 75, 15]
Round 120 | train_loss=0.5127 train_acc=0.8184 test_loss=0.6269 test_acc=0.7844
Round 121 | selected=[82, 3, 53, 5, 95, 94, 49, 92, 1, 64]
Round 121 | train_loss=0.5154 train_acc=0.8196 test_loss=0.6134 test_acc=0.7944
Round 122 | selected=[57, 13, 89, 4, 28, 56, 72, 21, 86, 43]
Round 122 | train_loss=0.4746 train_acc=0.8318 test_loss=0.5986 test_acc=0.7998
Round 123 | selected=[55, 7, 62, 67, 65, 6, 38, 96, 84, 73]
Round 123 | train_loss=0.5240 train_acc=0.8168 test_loss=0.6077 test_acc=0.8001
Round 124 | selected=[52, 75, 68, 13, 61, 86, 9, 67, 22, 3]
Round 124 | train_loss=0.4873 train_acc=0.8280 test_loss=0.6091 test_acc=0.8009
Round 125 | selected=[40, 15, 99, 37, 73, 90, 60, 58, 35, 79]
Round 125 | train_loss=0.5246 train_acc=0.8202 test_loss=0.6124 test_acc=0.7971
Round 126 | selected=[74, 3, 0, 32, 77, 96, 5, 7, 71, 39]
Round 126 | train_loss=0.4690 train_acc=0.8316 test_loss=0.5699 test_acc=0.8089
Round 127 | selected=[29, 12, 93, 45, 91, 13, 74, 34, 58, 83]
Round 127 | train_loss=0.5066 train_acc=0.8244 test_loss=0.5802 test_acc=0.8093
Round 128 | selected=[48, 99, 82, 39, 85, 84, 93, 97, 69, 70]
Round 128 | train_loss=0.4874 train_acc=0.8286 test_loss=0.6126 test_acc=0.8043
Round 129 | selected=[35, 5, 16, 38, 77, 23, 20, 44, 88, 78]
Round 129 | train_loss=0.4963 train_acc=0.8328 test_loss=0.5790 test_acc=0.8114
Round 130 | selected=[79, 52, 24, 30, 72, 14, 62, 6, 94, 48]
Round 130 | train_loss=0.4792 train_acc=0.8322 test_loss=0.5953 test_acc=0.8069
Round 131 | selected=[36, 75, 59, 9, 32, 16, 86, 21, 2, 52]
Round 131 | train_loss=0.4874 train_acc=0.8298 test_loss=0.6526 test_acc=0.7917
Round 132 | selected=[81, 18, 35, 13, 53, 89, 57, 39, 38, 96]
Round 132 | train_loss=0.4601 train_acc=0.8382 test_loss=0.6391 test_acc=0.7908
Round 133 | selected=[21, 30, 63, 56, 72, 12, 5, 16, 87, 64]
Round 133 | train_loss=0.4561 train_acc=0.8420 test_loss=0.5939 test_acc=0.8016
Round 134 | selected=[95, 57, 78, 62, 97, 40, 70, 1, 67, 17]
Round 134 | train_loss=0.4853 train_acc=0.8298 test_loss=0.6281 test_acc=0.7955
Round 135 | selected=[62, 79, 71, 60, 11, 65, 94, 28, 80, 97]
Round 135 | train_loss=0.4685 train_acc=0.8356 test_loss=0.5680 test_acc=0.8118
Round 136 | selected=[18, 95, 11, 39, 6, 97, 54, 42, 38, 89]
Round 136 | train_loss=0.4711 train_acc=0.8340 test_loss=0.5850 test_acc=0.8070
Round 137 | selected=[54, 32, 31, 65, 98, 61, 15, 8, 91, 2]
Round 137 | train_loss=0.4789 train_acc=0.8330 test_loss=0.6152 test_acc=0.8035
Round 138 | selected=[36, 47, 11, 79, 45, 35, 18, 2, 71, 22]
Round 138 | train_loss=0.4549 train_acc=0.8388 test_loss=0.6393 test_acc=0.7994
Round 139 | selected=[75, 0, 82, 87, 90, 5, 15, 54, 80, 65]
Round 139 | train_loss=0.4795 train_acc=0.8352 test_loss=0.5501 test_acc=0.8167
Round 140 | selected=[10, 47, 80, 78, 30, 24, 82, 54, 93, 32]
Round 140 | train_loss=0.4582 train_acc=0.8416 test_loss=0.6221 test_acc=0.7956
Round 141 | selected=[77, 42, 38, 49, 23, 30, 95, 1, 44, 90]
Round 141 | train_loss=0.4745 train_acc=0.8370 test_loss=0.5664 test_acc=0.8151
Round 142 | selected=[50, 26, 55, 10, 40, 49, 90, 6, 76, 23]
Round 142 | train_loss=0.4817 train_acc=0.8316 test_loss=0.5696 test_acc=0.8102
Round 143 | selected=[4, 70, 50, 56, 15, 20, 8, 62, 96, 51]
Round 143 | train_loss=0.4646 train_acc=0.8302 test_loss=0.5596 test_acc=0.8126
Round 144 | selected=[41, 45, 6, 25, 58, 99, 39, 54, 27, 95]
Round 144 | train_loss=0.4466 train_acc=0.8420 test_loss=0.5941 test_acc=0.8021
Round 145 | selected=[58, 59, 19, 81, 97, 84, 64, 74, 34, 1]
Round 145 | train_loss=0.4804 train_acc=0.8370 test_loss=0.6396 test_acc=0.7910
Round 146 | selected=[16, 4, 20, 18, 83, 50, 43, 14, 81, 13]
Round 146 | train_loss=0.4317 train_acc=0.8468 test_loss=0.5847 test_acc=0.8084
Round 147 | selected=[76, 78, 53, 64, 62, 41, 58, 15, 33, 83]
Round 147 | train_loss=0.4403 train_acc=0.8530 test_loss=0.6572 test_acc=0.7962
Round 148 | selected=[12, 44, 20, 75, 3, 62, 66, 24, 25, 22]
Round 148 | train_loss=0.4257 train_acc=0.8510 test_loss=0.6509 test_acc=0.7978
Round 149 | selected=[36, 32, 61, 86, 11, 99, 70, 30, 5, 76]
Round 149 | train_loss=0.4240 train_acc=0.8490 test_loss=0.5887 test_acc=0.8122
Round 150 | selected=[97, 75, 20, 67, 18, 9, 17, 74, 62, 78]
Round 150 | train_loss=0.4213 train_acc=0.8512 test_loss=0.6107 test_acc=0.8058
Round 151 | selected=[84, 21, 11, 3, 4, 65, 87, 91, 17, 86]
Round 151 | train_loss=0.4269 train_acc=0.8516 test_loss=0.6172 test_acc=0.8048
Round 152 | selected=[60, 47, 95, 35, 62, 82, 70, 42, 6, 16]
Round 152 | train_loss=0.4234 train_acc=0.8538 test_loss=0.5561 test_acc=0.8165
Round 153 | selected=[32, 81, 8, 58, 85, 47, 12, 18, 24, 3]
Round 153 | train_loss=0.3931 train_acc=0.8662 test_loss=0.5583 test_acc=0.8149
Round 154 | selected=[90, 37, 57, 3, 58, 39, 31, 15, 74, 78]
Round 154 | train_loss=0.4126 train_acc=0.8476 test_loss=0.5629 test_acc=0.8148
Round 155 | selected=[18, 36, 21, 38, 90, 86, 62, 3, 33, 49]
Round 155 | train_loss=0.4170 train_acc=0.8558 test_loss=0.5669 test_acc=0.8193
Round 156 | selected=[89, 24, 84, 44, 4, 99, 91, 20, 88, 40]
Round 156 | train_loss=0.4104 train_acc=0.8550 test_loss=0.5953 test_acc=0.8099
Round 157 | selected=[45, 4, 2, 96, 31, 97, 80, 56, 7, 79]
Round 157 | train_loss=0.4148 train_acc=0.8532 test_loss=0.5658 test_acc=0.8137
Round 158 | selected=[86, 7, 66, 54, 72, 78, 6, 99, 25, 55]
Round 158 | train_loss=0.4376 train_acc=0.8448 test_loss=0.5258 test_acc=0.8280
Round 159 | selected=[82, 38, 99, 92, 44, 79, 34, 98, 86, 6]
Round 159 | train_loss=0.3985 train_acc=0.8620 test_loss=0.5346 test_acc=0.8264
Round 160 | selected=[50, 47, 33, 32, 72, 13, 67, 68, 86, 15]
Round 160 | train_loss=0.3966 train_acc=0.8584 test_loss=0.5542 test_acc=0.8272
Round 161 | selected=[74, 44, 57, 10, 60, 12, 92, 29, 34, 27]
Round 161 | train_loss=0.4107 train_acc=0.8590 test_loss=0.5124 test_acc=0.8381
Round 162 | selected=[30, 41, 94, 21, 88, 43, 14, 73, 46, 67]
Round 162 | train_loss=0.4129 train_acc=0.8542 test_loss=0.5324 test_acc=0.8237
Round 163 | selected=[71, 10, 1, 55, 57, 22, 23, 6, 20, 59]
Round 163 | train_loss=0.4080 train_acc=0.8568 test_loss=0.5690 test_acc=0.8213
Round 164 | selected=[41, 38, 13, 94, 81, 46, 49, 32, 97, 11]
Round 164 | train_loss=0.3622 train_acc=0.8734 test_loss=0.5805 test_acc=0.8188
Round 165 | selected=[8, 26, 15, 18, 46, 13, 44, 56, 20, 33]
Round 165 | train_loss=0.3907 train_acc=0.8616 test_loss=0.5449 test_acc=0.8242
Round 166 | selected=[14, 36, 34, 16, 12, 28, 73, 30, 56, 31]
Round 166 | train_loss=0.3942 train_acc=0.8638 test_loss=0.5255 test_acc=0.8241
Round 167 | selected=[99, 4, 21, 1, 53, 94, 72, 84, 39, 26]
Round 167 | train_loss=0.3863 train_acc=0.8670 test_loss=0.5871 test_acc=0.8062
Round 168 | selected=[49, 80, 87, 71, 22, 69, 5, 95, 55, 99]
Round 168 | train_loss=0.3755 train_acc=0.8670 test_loss=0.5807 test_acc=0.8116
Round 169 | selected=[78, 63, 77, 93, 82, 56, 1, 66, 53, 39]
Round 169 | train_loss=0.4062 train_acc=0.8580 test_loss=0.4841 test_acc=0.8400
Round 170 | selected=[77, 94, 62, 14, 9, 27, 90, 26, 81, 69]
Round 170 | train_loss=0.4026 train_acc=0.8642 test_loss=0.5331 test_acc=0.8258
Round 171 | selected=[70, 73, 42, 31, 95, 63, 17, 94, 79, 9]
Round 171 | train_loss=0.3955 train_acc=0.8616 test_loss=0.5296 test_acc=0.8232
Round 172 | selected=[99, 94, 34, 92, 91, 32, 9, 74, 72, 96]
Round 172 | train_loss=0.3643 train_acc=0.8692 test_loss=0.5058 test_acc=0.8356
Round 173 | selected=[63, 12, 65, 22, 71, 70, 54, 55, 21, 66]
Round 173 | train_loss=0.3736 train_acc=0.8664 test_loss=0.5104 test_acc=0.8331
Round 174 | selected=[53, 34, 58, 6, 59, 78, 83, 7, 89, 96]
Round 174 | train_loss=0.3874 train_acc=0.8666 test_loss=0.4965 test_acc=0.8434
Round 175 | selected=[0, 17, 22, 23, 61, 54, 39, 99, 79, 26]
Round 175 | train_loss=0.3683 train_acc=0.8716 test_loss=0.5181 test_acc=0.8402
Round 176 | selected=[36, 91, 30, 51, 90, 66, 16, 76, 47, 44]
Round 176 | train_loss=0.3779 train_acc=0.8658 test_loss=0.5482 test_acc=0.8312
Round 177 | selected=[66, 68, 14, 83, 19, 1, 90, 16, 45, 27]
Round 177 | train_loss=0.3881 train_acc=0.8652 test_loss=0.5512 test_acc=0.8279
Round 178 | selected=[54, 59, 40, 48, 62, 88, 93, 91, 82, 99]
Round 178 | train_loss=0.3679 train_acc=0.8716 test_loss=0.5380 test_acc=0.8254
Round 179 | selected=[84, 71, 19, 16, 66, 94, 99, 62, 80, 47]
Round 179 | train_loss=0.3359 train_acc=0.8858 test_loss=0.5330 test_acc=0.8305
Round 180 | selected=[97, 62, 90, 7, 83, 57, 50, 72, 8, 28]
Round 180 | train_loss=0.3602 train_acc=0.8730 test_loss=0.6235 test_acc=0.8070
Round 181 | selected=[8, 19, 0, 73, 91, 30, 98, 26, 57, 58]
Round 181 | train_loss=0.3760 train_acc=0.8684 test_loss=0.5256 test_acc=0.8314
Round 182 | selected=[78, 74, 4, 60, 94, 92, 81, 54, 40, 33]
Round 182 | train_loss=0.3478 train_acc=0.8788 test_loss=0.5227 test_acc=0.8354
Round 183 | selected=[85, 79, 5, 33, 49, 47, 7, 57, 22, 26]
Round 183 | train_loss=0.3599 train_acc=0.8716 test_loss=0.5678 test_acc=0.8187
Round 184 | selected=[27, 82, 37, 32, 89, 59, 76, 56, 15, 77]
Round 184 | train_loss=0.3571 train_acc=0.8734 test_loss=0.6908 test_acc=0.7941
Round 185 | selected=[31, 56, 90, 23, 14, 64, 75, 35, 53, 42]
Round 185 | train_loss=0.3742 train_acc=0.8642 test_loss=0.7166 test_acc=0.7848
Round 186 | selected=[62, 40, 78, 77, 47, 96, 9, 60, 61, 39]
Round 186 | train_loss=0.3447 train_acc=0.8798 test_loss=0.5361 test_acc=0.8301
Round 187 | selected=[23, 11, 97, 57, 72, 1, 63, 35, 46, 7]
Round 187 | train_loss=0.3602 train_acc=0.8684 test_loss=0.5441 test_acc=0.8253
Round 188 | selected=[75, 10, 64, 52, 27, 91, 81, 21, 62, 20]
Round 188 | train_loss=0.3502 train_acc=0.8764 test_loss=0.5077 test_acc=0.8366
Round 189 | selected=[19, 34, 33, 32, 72, 82, 2, 80, 83, 17]
Round 189 | train_loss=0.3605 train_acc=0.8736 test_loss=0.5196 test_acc=0.8361
Round 190 | selected=[37, 35, 3, 33, 96, 60, 30, 65, 81, 1]
Round 190 | train_loss=0.3498 train_acc=0.8754 test_loss=0.5616 test_acc=0.8242
Round 191 | selected=[33, 52, 91, 66, 18, 5, 1, 38, 79, 13]
Round 191 | train_loss=0.3579 train_acc=0.8796 test_loss=0.4863 test_acc=0.8440
Round 192 | selected=[23, 81, 26, 55, 63, 37, 59, 86, 93, 64]
Round 192 | train_loss=0.3411 train_acc=0.8856 test_loss=0.4963 test_acc=0.8430
Round 193 | selected=[26, 9, 1, 94, 29, 84, 63, 54, 46, 65]
Round 193 | train_loss=0.3468 train_acc=0.8778 test_loss=0.4885 test_acc=0.8455
Round 194 | selected=[34, 97, 52, 94, 31, 28, 72, 70, 11, 65]
Round 194 | train_loss=0.3284 train_acc=0.8890 test_loss=0.5270 test_acc=0.8339
Round 195 | selected=[3, 21, 23, 31, 93, 77, 78, 35, 16, 36]
Round 195 | train_loss=0.3429 train_acc=0.8800 test_loss=0.5306 test_acc=0.8316
Round 196 | selected=[76, 40, 52, 57, 9, 38, 53, 82, 74, 6]
Round 196 | train_loss=0.3298 train_acc=0.8848 test_loss=0.5797 test_acc=0.8204
Round 197 | selected=[6, 43, 48, 44, 19, 91, 29, 50, 2, 85]
Round 197 | train_loss=0.3674 train_acc=0.8718 test_loss=0.5337 test_acc=0.8350
Round 198 | selected=[64, 4, 70, 57, 49, 99, 92, 12, 74, 98]
Round 198 | train_loss=0.3225 train_acc=0.8844 test_loss=0.4970 test_acc=0.8440
Round 199 | selected=[76, 23, 39, 99, 40, 86, 65, 22, 50, 2]
Round 199 | train_loss=0.3303 train_acc=0.8812 test_loss=0.4880 test_acc=0.8459
Round 200 | selected=[16, 42, 72, 36, 65, 80, 61, 64, 49, 91]
Round 200 | train_loss=0.3173 train_acc=0.8892 test_loss=0.6469 test_acc=0.8069
Round 201 | selected=[62, 56, 48, 21, 23, 94, 78, 33, 71, 50]
Round 201 | train_loss=0.3134 train_acc=0.8940 test_loss=0.6395 test_acc=0.8111
Round 202 | selected=[40, 20, 17, 25, 38, 48, 63, 29, 30, 61]
Round 202 | train_loss=0.3562 train_acc=0.8818 test_loss=0.5272 test_acc=0.8347
Round 203 | selected=[51, 72, 77, 0, 40, 53, 14, 8, 55, 43]
Round 203 | train_loss=0.3279 train_acc=0.8868 test_loss=0.6017 test_acc=0.8175
Round 204 | selected=[77, 90, 5, 39, 31, 87, 67, 89, 93, 69]
Round 204 | train_loss=0.3492 train_acc=0.8756 test_loss=0.4938 test_acc=0.8411
Round 205 | selected=[5, 28, 60, 6, 2, 92, 46, 41, 48, 55]
Round 205 | train_loss=0.3206 train_acc=0.8898 test_loss=0.6151 test_acc=0.8067
Round 206 | selected=[45, 9, 15, 19, 41, 76, 66, 61, 42, 49]
Round 206 | train_loss=0.3273 train_acc=0.8880 test_loss=0.6196 test_acc=0.8097
Round 207 | selected=[50, 18, 78, 97, 24, 29, 34, 6, 56, 71]
Round 207 | train_loss=0.3174 train_acc=0.8866 test_loss=0.4610 test_acc=0.8516
Round 208 | selected=[19, 2, 64, 13, 59, 41, 16, 22, 57, 63]
Round 208 | train_loss=0.2861 train_acc=0.8978 test_loss=0.4929 test_acc=0.8444
Round 209 | selected=[86, 73, 71, 81, 21, 4, 64, 41, 24, 0]
Round 209 | train_loss=0.3149 train_acc=0.8862 test_loss=0.5232 test_acc=0.8352
Round 210 | selected=[22, 58, 0, 9, 32, 62, 93, 72, 40, 98]
Round 210 | train_loss=0.3173 train_acc=0.8906 test_loss=0.4862 test_acc=0.8469
Round 211 | selected=[57, 84, 82, 31, 16, 10, 6, 23, 79, 51]
Round 211 | train_loss=0.3052 train_acc=0.8888 test_loss=0.4969 test_acc=0.8378
Round 212 | selected=[6, 15, 98, 81, 67, 85, 66, 90, 74, 62]
Round 212 | train_loss=0.3057 train_acc=0.8918 test_loss=0.4585 test_acc=0.8500
Round 213 | selected=[55, 58, 18, 36, 83, 16, 85, 27, 63, 17]
Round 213 | train_loss=0.3286 train_acc=0.8886 test_loss=0.5034 test_acc=0.8399
Round 214 | selected=[94, 59, 71, 97, 63, 61, 22, 81, 46, 70]
Round 214 | train_loss=0.2883 train_acc=0.9000 test_loss=0.4617 test_acc=0.8535
Round 215 | selected=[61, 16, 47, 25, 78, 39, 52, 74, 91, 76]
Round 215 | train_loss=0.2963 train_acc=0.8966 test_loss=0.4906 test_acc=0.8480
Round 216 | selected=[28, 88, 74, 93, 38, 78, 76, 60, 6, 58]
Round 216 | train_loss=0.2986 train_acc=0.9000 test_loss=0.5198 test_acc=0.8402
Round 217 | selected=[64, 6, 17, 94, 77, 88, 39, 45, 80, 65]
Round 217 | train_loss=0.2936 train_acc=0.8976 test_loss=0.4998 test_acc=0.8439
Round 218 | selected=[65, 20, 57, 82, 92, 97, 76, 83, 19, 5]
Round 218 | train_loss=0.2738 train_acc=0.9044 test_loss=0.4704 test_acc=0.8545
Round 219 | selected=[99, 13, 43, 0, 33, 34, 81, 47, 78, 83]
Round 219 | train_loss=0.2845 train_acc=0.8990 test_loss=0.5236 test_acc=0.8406
Round 220 | selected=[40, 83, 60, 23, 11, 0, 26, 39, 15, 13]
Round 220 | train_loss=0.2970 train_acc=0.8946 test_loss=0.5232 test_acc=0.8370
Round 221 | selected=[22, 49, 12, 27, 19, 77, 99, 50, 61, 79]
Round 221 | train_loss=0.2714 train_acc=0.9048 test_loss=0.5953 test_acc=0.8186
Round 222 | selected=[99, 14, 39, 46, 41, 18, 55, 0, 68, 29]
Round 222 | train_loss=0.2981 train_acc=0.8962 test_loss=0.5743 test_acc=0.8266
Round 223 | selected=[3, 91, 1, 31, 70, 63, 88, 79, 84, 97]
Round 223 | train_loss=0.2906 train_acc=0.8970 test_loss=0.5657 test_acc=0.8283
Round 224 | selected=[54, 59, 88, 26, 60, 94, 98, 81, 5, 33]
Round 224 | train_loss=0.2845 train_acc=0.8984 test_loss=0.5576 test_acc=0.8302
Round 225 | selected=[20, 54, 15, 80, 76, 51, 43, 41, 56, 7]
Round 225 | train_loss=0.3175 train_acc=0.8886 test_loss=0.5010 test_acc=0.8454
Round 226 | selected=[72, 12, 39, 65, 81, 44, 83, 93, 37, 94]
Round 226 | train_loss=0.2691 train_acc=0.9080 test_loss=0.4706 test_acc=0.8478
Round 227 | selected=[75, 10, 40, 31, 0, 83, 54, 14, 37, 15]
Round 227 | train_loss=0.3035 train_acc=0.8896 test_loss=0.4949 test_acc=0.8461
Round 228 | selected=[81, 30, 83, 1, 62, 16, 92, 47, 93, 57]
Round 228 | train_loss=0.2478 train_acc=0.9128 test_loss=0.5124 test_acc=0.8420
Round 229 | selected=[28, 17, 36, 63, 49, 86, 57, 23, 34, 24]
Round 229 | train_loss=0.3008 train_acc=0.8946 test_loss=0.5314 test_acc=0.8387
Round 230 | selected=[84, 7, 13, 54, 61, 82, 0, 71, 42, 20]
Round 230 | train_loss=0.2843 train_acc=0.9012 test_loss=0.5784 test_acc=0.8307
Round 231 | selected=[5, 83, 24, 94, 2, 10, 12, 47, 18, 66]
Round 231 | train_loss=0.2664 train_acc=0.9064 test_loss=0.4703 test_acc=0.8537
Round 232 | selected=[90, 31, 26, 49, 71, 16, 52, 13, 88, 6]
Round 232 | train_loss=0.2637 train_acc=0.9082 test_loss=0.4569 test_acc=0.8578
Round 233 | selected=[50, 91, 28, 97, 49, 40, 7, 37, 73, 62]
Round 233 | train_loss=0.2949 train_acc=0.8926 test_loss=0.4628 test_acc=0.8552
Round 234 | selected=[76, 63, 98, 54, 39, 61, 79, 66, 2, 70]
Round 234 | train_loss=0.2523 train_acc=0.9114 test_loss=0.4976 test_acc=0.8461
Round 235 | selected=[81, 58, 6, 19, 34, 13, 69, 35, 28, 55]
Round 235 | train_loss=0.2669 train_acc=0.9038 test_loss=0.4998 test_acc=0.8413
Round 236 | selected=[89, 0, 40, 81, 23, 76, 71, 79, 27, 61]
Round 236 | train_loss=0.2429 train_acc=0.9100 test_loss=0.5025 test_acc=0.8440
Round 237 | selected=[98, 56, 59, 22, 55, 48, 82, 99, 16, 37]
Round 237 | train_loss=0.2515 train_acc=0.9084 test_loss=0.5135 test_acc=0.8404
Round 238 | selected=[4, 36, 53, 5, 43, 38, 62, 3, 25, 98]
Round 238 | train_loss=0.2778 train_acc=0.9018 test_loss=0.4988 test_acc=0.8479
Round 239 | selected=[40, 6, 11, 30, 74, 32, 61, 5, 93, 31]
Round 239 | train_loss=0.2566 train_acc=0.9048 test_loss=0.4813 test_acc=0.8527
Round 240 | selected=[92, 54, 74, 28, 7, 14, 8, 47, 78, 87]
Round 240 | train_loss=0.2876 train_acc=0.8994 test_loss=0.4695 test_acc=0.8565
Round 241 | selected=[1, 10, 6, 11, 86, 82, 59, 50, 42, 41]
Round 241 | train_loss=0.2593 train_acc=0.9032 test_loss=0.4829 test_acc=0.8558
Round 242 | selected=[30, 12, 68, 52, 89, 81, 6, 79, 2, 26]
Round 242 | train_loss=0.2456 train_acc=0.9138 test_loss=0.4753 test_acc=0.8610
Round 243 | selected=[52, 25, 30, 78, 91, 51, 74, 48, 38, 41]
Round 243 | train_loss=0.2806 train_acc=0.9006 test_loss=0.4774 test_acc=0.8573
Round 244 | selected=[92, 94, 46, 18, 87, 68, 90, 39, 50, 34]
Round 244 | train_loss=0.2635 train_acc=0.9116 test_loss=0.4347 test_acc=0.8665
Round 245 | selected=[32, 97, 99, 45, 85, 73, 52, 71, 75, 59]
Round 245 | train_loss=0.2598 train_acc=0.9124 test_loss=0.4654 test_acc=0.8574
Round 246 | selected=[68, 40, 88, 28, 31, 2, 97, 11, 76, 96]
Round 246 | train_loss=0.2575 train_acc=0.9094 test_loss=0.4578 test_acc=0.8583
Round 247 | selected=[33, 67, 64, 44, 14, 0, 10, 16, 2, 12]
Round 247 | train_loss=0.2593 train_acc=0.9078 test_loss=0.4691 test_acc=0.8574
Round 248 | selected=[55, 9, 28, 20, 78, 59, 6, 80, 77, 4]
Round 248 | train_loss=0.2440 train_acc=0.9130 test_loss=0.4552 test_acc=0.8617
Round 249 | selected=[88, 44, 19, 53, 80, 51, 36, 33, 59, 12]
Round 249 | train_loss=0.2451 train_acc=0.9178 test_loss=0.4717 test_acc=0.8557
Round 250 | selected=[50, 71, 97, 77, 19, 94, 7, 34, 37, 98]
Round 250 | train_loss=0.2386 train_acc=0.9172 test_loss=0.4640 test_acc=0.8587
Round 251 | selected=[7, 72, 46, 24, 9, 82, 3, 22, 26, 21]
Round 251 | train_loss=0.2794 train_acc=0.9006 test_loss=0.5595 test_acc=0.8310
Round 252 | selected=[19, 38, 51, 28, 43, 37, 34, 77, 84, 88]
Round 252 | train_loss=0.2607 train_acc=0.9096 test_loss=0.5982 test_acc=0.8219
Round 253 | selected=[15, 20, 36, 17, 38, 60, 83, 84, 54, 9]
Round 253 | train_loss=0.2758 train_acc=0.9042 test_loss=0.4700 test_acc=0.8505
Round 254 | selected=[47, 81, 1, 36, 32, 18, 40, 59, 94, 89]
Round 254 | train_loss=0.2279 train_acc=0.9230 test_loss=0.5008 test_acc=0.8549
Round 255 | selected=[57, 12, 26, 7, 44, 18, 82, 39, 38, 52]
Round 255 | train_loss=0.2257 train_acc=0.9200 test_loss=0.5480 test_acc=0.8434
Round 256 | selected=[51, 18, 64, 15, 37, 60, 61, 13, 0, 39]
Round 256 | train_loss=0.2461 train_acc=0.9084 test_loss=0.4939 test_acc=0.8523
Round 257 | selected=[13, 60, 6, 27, 31, 36, 12, 83, 81, 52]
Round 257 | train_loss=0.2404 train_acc=0.9172 test_loss=0.4639 test_acc=0.8600
Round 258 | selected=[28, 23, 80, 42, 29, 26, 33, 0, 61, 64]
Round 258 | train_loss=0.2434 train_acc=0.9162 test_loss=0.4965 test_acc=0.8514
Round 259 | selected=[33, 79, 83, 18, 51, 73, 39, 95, 65, 17]
Round 259 | train_loss=0.2671 train_acc=0.9100 test_loss=0.5032 test_acc=0.8512
Round 260 | selected=[41, 95, 84, 0, 63, 59, 47, 54, 29, 83]
Round 260 | train_loss=0.2421 train_acc=0.9132 test_loss=0.5214 test_acc=0.8490
Round 261 | selected=[89, 35, 94, 8, 95, 4, 27, 58, 79, 85]
Round 261 | train_loss=0.2855 train_acc=0.9040 test_loss=0.4858 test_acc=0.8564
Round 262 | selected=[65, 58, 28, 44, 24, 61, 36, 98, 31, 34]
Round 262 | train_loss=0.2477 train_acc=0.9114 test_loss=0.4722 test_acc=0.8571
Round 263 | selected=[27, 31, 88, 50, 52, 47, 38, 90, 77, 17]
Round 263 | train_loss=0.2324 train_acc=0.9200 test_loss=0.4919 test_acc=0.8514
Round 264 | selected=[63, 21, 3, 54, 47, 73, 67, 70, 7, 18]
Round 264 | train_loss=0.2620 train_acc=0.9058 test_loss=0.4700 test_acc=0.8558
Round 265 | selected=[13, 35, 20, 62, 75, 42, 19, 6, 8, 3]
Round 265 | train_loss=0.2560 train_acc=0.9078 test_loss=0.4687 test_acc=0.8582
Round 266 | selected=[51, 92, 85, 77, 46, 73, 70, 65, 68, 35]
Round 266 | train_loss=0.2397 train_acc=0.9146 test_loss=0.4727 test_acc=0.8610
Round 267 | selected=[48, 40, 0, 92, 52, 20, 1, 12, 21, 51]
Round 267 | train_loss=0.2343 train_acc=0.9168 test_loss=0.4382 test_acc=0.8641
Round 268 | selected=[56, 73, 44, 50, 87, 3, 24, 22, 70, 7]
Round 268 | train_loss=0.2440 train_acc=0.9120 test_loss=0.4317 test_acc=0.8649
Round 269 | selected=[46, 82, 1, 72, 2, 14, 0, 85, 42, 33]
Round 269 | train_loss=0.2425 train_acc=0.9136 test_loss=0.4067 test_acc=0.8729
Round 270 | selected=[35, 1, 99, 17, 8, 21, 30, 69, 2, 94]
Round 270 | train_loss=0.2384 train_acc=0.9164 test_loss=0.4297 test_acc=0.8652
Round 271 | selected=[19, 51, 9, 43, 7, 93, 89, 6, 70, 86]
Round 271 | train_loss=0.2400 train_acc=0.9186 test_loss=0.4506 test_acc=0.8618
Round 272 | selected=[73, 75, 32, 2, 60, 85, 66, 3, 46, 59]
Round 272 | train_loss=0.2466 train_acc=0.9110 test_loss=0.4277 test_acc=0.8674
Round 273 | selected=[16, 62, 59, 9, 84, 42, 47, 23, 56, 80]
Round 273 | train_loss=0.2135 train_acc=0.9254 test_loss=0.4904 test_acc=0.8529
Round 274 | selected=[69, 52, 44, 41, 32, 91, 9, 62, 73, 31]
Round 274 | train_loss=0.2260 train_acc=0.9176 test_loss=0.4838 test_acc=0.8502
Round 275 | selected=[33, 62, 86, 46, 88, 90, 40, 13, 69, 44]
Round 275 | train_loss=0.2191 train_acc=0.9206 test_loss=0.4434 test_acc=0.8595
Round 276 | selected=[72, 54, 14, 46, 35, 65, 69, 47, 12, 45]
Round 276 | train_loss=0.2174 train_acc=0.9214 test_loss=0.4243 test_acc=0.8668
Round 277 | selected=[14, 76, 59, 32, 30, 12, 71, 8, 49, 45]
Round 277 | train_loss=0.2272 train_acc=0.9188 test_loss=0.4286 test_acc=0.8668
Round 278 | selected=[35, 81, 52, 8, 99, 67, 56, 32, 94, 3]
Round 278 | train_loss=0.2038 train_acc=0.9252 test_loss=0.4508 test_acc=0.8661
Round 279 | selected=[0, 96, 5, 84, 24, 87, 4, 32, 85, 52]
Round 279 | train_loss=0.2338 train_acc=0.9194 test_loss=0.4616 test_acc=0.8652
Round 280 | selected=[19, 23, 96, 73, 71, 6, 54, 33, 63, 55]
Round 280 | train_loss=0.2199 train_acc=0.9252 test_loss=0.4691 test_acc=0.8656
Round 281 | selected=[98, 22, 19, 95, 55, 15, 45, 84, 87, 3]
Round 281 | train_loss=0.2401 train_acc=0.9154 test_loss=0.4718 test_acc=0.8618
Round 282 | selected=[14, 35, 65, 40, 20, 97, 22, 9, 54, 23]
Round 282 | train_loss=0.2049 train_acc=0.9250 test_loss=0.4896 test_acc=0.8541
Round 283 | selected=[99, 93, 22, 76, 8, 41, 4, 68, 17, 53]
Round 283 | train_loss=0.2529 train_acc=0.9112 test_loss=0.4643 test_acc=0.8613
Round 284 | selected=[16, 27, 33, 44, 50, 80, 9, 2, 37, 85]
Round 284 | train_loss=0.2199 train_acc=0.9228 test_loss=0.4265 test_acc=0.8729
Round 285 | selected=[78, 68, 37, 65, 38, 55, 26, 69, 4, 5]
Round 285 | train_loss=0.2209 train_acc=0.9252 test_loss=0.4470 test_acc=0.8658
Round 286 | selected=[67, 82, 31, 57, 77, 63, 3, 19, 88, 52]
Round 286 | train_loss=0.1966 train_acc=0.9340 test_loss=0.5505 test_acc=0.8428
Round 287 | selected=[85, 53, 10, 91, 43, 18, 52, 78, 5, 1]
Round 287 | train_loss=0.2240 train_acc=0.9220 test_loss=0.5985 test_acc=0.8325
Round 288 | selected=[41, 20, 28, 42, 25, 58, 84, 98, 62, 95]
Round 288 | train_loss=0.2474 train_acc=0.9134 test_loss=0.4478 test_acc=0.8647
Round 289 | selected=[69, 3, 22, 33, 19, 71, 96, 81, 18, 25]
Round 289 | train_loss=0.2093 train_acc=0.9270 test_loss=0.5153 test_acc=0.8485
Round 290 | selected=[41, 4, 24, 67, 16, 53, 22, 97, 34, 64]
Round 290 | train_loss=0.2192 train_acc=0.9262 test_loss=0.5107 test_acc=0.8455
Round 291 | selected=[70, 3, 60, 47, 19, 76, 49, 11, 16, 68]
Round 291 | train_loss=0.2027 train_acc=0.9302 test_loss=0.4626 test_acc=0.8562
Round 292 | selected=[67, 38, 34, 57, 6, 10, 58, 93, 37, 23]
Round 292 | train_loss=0.2299 train_acc=0.9192 test_loss=0.4767 test_acc=0.8568
Round 293 | selected=[64, 44, 21, 12, 90, 11, 98, 33, 43, 19]
Round 293 | train_loss=0.2104 train_acc=0.9298 test_loss=0.4580 test_acc=0.8588
Round 294 | selected=[79, 4, 30, 27, 81, 54, 74, 35, 70, 2]
Round 294 | train_loss=0.2165 train_acc=0.9274 test_loss=0.4313 test_acc=0.8698
Round 295 | selected=[51, 49, 8, 56, 68, 25, 91, 72, 17, 15]
Round 295 | train_loss=0.2243 train_acc=0.9246 test_loss=0.4477 test_acc=0.8654
Round 296 | selected=[57, 76, 33, 72, 30, 8, 96, 38, 19, 21]
Round 296 | train_loss=0.2142 train_acc=0.9258 test_loss=0.4854 test_acc=0.8606
Round 297 | selected=[25, 60, 63, 75, 42, 52, 98, 56, 2, 28]
Round 297 | train_loss=0.1883 train_acc=0.9326 test_loss=0.4601 test_acc=0.8659
Round 298 | selected=[20, 41, 87, 32, 27, 11, 82, 43, 78, 91]
Round 298 | train_loss=0.2133 train_acc=0.9274 test_loss=0.4805 test_acc=0.8577
Round 299 | selected=[93, 89, 79, 33, 90, 2, 8, 56, 95, 4]
Round 299 | train_loss=0.2091 train_acc=0.9300 test_loss=0.4927 test_acc=0.8528
Round 300 | selected=[18, 54, 5, 4, 28, 35, 3, 78, 52, 10]
Round 300 | train_loss=0.1915 train_acc=0.9334 test_loss=0.4396 test_acc=0.8656
Round 301 | selected=[57, 8, 13, 5, 68, 95, 77, 79, 63, 48]
Round 301 | train_loss=0.2061 train_acc=0.9268 test_loss=0.4298 test_acc=0.8683
Round 302 | selected=[32, 84, 30, 86, 90, 60, 35, 64, 11, 53]
Round 302 | train_loss=0.2079 train_acc=0.9224 test_loss=0.4169 test_acc=0.8724
Round 303 | selected=[88, 43, 9, 28, 61, 48, 76, 21, 93, 59]
Round 303 | train_loss=0.1996 train_acc=0.9298 test_loss=0.4229 test_acc=0.8719
Round 304 | selected=[99, 51, 95, 89, 34, 10, 83, 42, 52, 62]
Round 304 | train_loss=0.1948 train_acc=0.9298 test_loss=0.4214 test_acc=0.8735
Round 305 | selected=[58, 12, 79, 28, 53, 81, 38, 14, 27, 46]
Round 305 | train_loss=0.1919 train_acc=0.9340 test_loss=0.4383 test_acc=0.8729
Round 306 | selected=[31, 95, 87, 82, 20, 12, 72, 18, 1, 62]
Round 306 | train_loss=0.1863 train_acc=0.9348 test_loss=0.4573 test_acc=0.8718
Round 307 | selected=[10, 31, 28, 13, 60, 35, 36, 52, 72, 84]
Round 307 | train_loss=0.1854 train_acc=0.9344 test_loss=0.4285 test_acc=0.8751
Round 308 | selected=[19, 9, 52, 28, 35, 4, 21, 2, 57, 98]
Round 308 | train_loss=0.1548 train_acc=0.9446 test_loss=0.4428 test_acc=0.8724
Round 309 | selected=[67, 6, 27, 51, 74, 58, 40, 38, 71, 98]
Round 309 | train_loss=0.1952 train_acc=0.9306 test_loss=0.4369 test_acc=0.8721
Round 310 | selected=[83, 11, 66, 73, 23, 12, 34, 1, 65, 63]
Round 310 | train_loss=0.2016 train_acc=0.9320 test_loss=0.4263 test_acc=0.8735
Round 311 | selected=[5, 43, 81, 92, 82, 89, 93, 56, 16, 28]
Round 311 | train_loss=0.1722 train_acc=0.9370 test_loss=0.4284 test_acc=0.8738
Round 312 | selected=[53, 73, 61, 62, 91, 83, 45, 89, 1, 50]
Round 312 | train_loss=0.1881 train_acc=0.9322 test_loss=0.4642 test_acc=0.8701
Round 313 | selected=[17, 3, 77, 14, 99, 96, 21, 20, 42, 79]
Round 313 | train_loss=0.1810 train_acc=0.9358 test_loss=0.4852 test_acc=0.8647
Round 314 | selected=[47, 58, 81, 46, 24, 49, 60, 82, 80, 53]
Round 314 | train_loss=0.1942 train_acc=0.9320 test_loss=0.4447 test_acc=0.8728
Round 315 | selected=[99, 29, 20, 39, 60, 58, 18, 44, 32, 95]
Round 315 | train_loss=0.1984 train_acc=0.9338 test_loss=0.4522 test_acc=0.8746
Round 316 | selected=[42, 77, 38, 74, 99, 34, 78, 86, 52, 46]
Round 316 | train_loss=0.1875 train_acc=0.9344 test_loss=0.5355 test_acc=0.8550
Round 317 | selected=[0, 47, 94, 5, 29, 50, 40, 99, 11, 31]
Round 317 | train_loss=0.1889 train_acc=0.9354 test_loss=0.5121 test_acc=0.8572
Round 318 | selected=[51, 84, 92, 16, 17, 19, 31, 34, 39, 99]
Round 318 | train_loss=0.1689 train_acc=0.9412 test_loss=0.4368 test_acc=0.8688
Round 319 | selected=[55, 58, 37, 65, 9, 52, 88, 94, 93, 72]
Round 319 | train_loss=0.1923 train_acc=0.9342 test_loss=0.4504 test_acc=0.8632
Round 320 | selected=[25, 28, 5, 81, 2, 76, 54, 30, 91, 75]
Round 320 | train_loss=0.1717 train_acc=0.9380 test_loss=0.4741 test_acc=0.8574
Round 321 | selected=[59, 53, 29, 97, 15, 41, 8, 52, 9, 10]
Round 321 | train_loss=0.1950 train_acc=0.9302 test_loss=0.5104 test_acc=0.8527
Round 322 | selected=[64, 27, 71, 18, 47, 35, 33, 74, 13, 43]
Round 322 | train_loss=0.1844 train_acc=0.9356 test_loss=0.4428 test_acc=0.8688
Round 323 | selected=[87, 9, 65, 74, 79, 95, 68, 57, 23, 97]
Round 323 | train_loss=0.1797 train_acc=0.9366 test_loss=0.4493 test_acc=0.8712
Round 324 | selected=[70, 79, 67, 45, 40, 54, 75, 36, 24, 51]
Round 324 | train_loss=0.1972 train_acc=0.9314 test_loss=0.4730 test_acc=0.8670
Round 325 | selected=[61, 55, 1, 25, 50, 8, 98, 86, 33, 70]
Round 325 | train_loss=0.1898 train_acc=0.9326 test_loss=0.4378 test_acc=0.8725
Round 326 | selected=[16, 41, 52, 36, 70, 17, 46, 53, 15, 11]
Round 326 | train_loss=0.1845 train_acc=0.9334 test_loss=0.4546 test_acc=0.8693
Round 327 | selected=[18, 8, 66, 72, 4, 89, 6, 22, 24, 79]
Round 327 | train_loss=0.1931 train_acc=0.9294 test_loss=0.4393 test_acc=0.8730
Round 328 | selected=[29, 97, 11, 94, 7, 78, 20, 98, 4, 56]
Round 328 | train_loss=0.1761 train_acc=0.9396 test_loss=0.4499 test_acc=0.8708
Round 329 | selected=[5, 51, 84, 77, 81, 48, 38, 4, 93, 22]
Round 329 | train_loss=0.1597 train_acc=0.9450 test_loss=0.4326 test_acc=0.8730
Round 330 | selected=[25, 59, 48, 13, 38, 44, 95, 15, 50, 76]
Round 330 | train_loss=0.1699 train_acc=0.9398 test_loss=0.4375 test_acc=0.8761
Round 331 | selected=[73, 30, 33, 26, 69, 32, 62, 57, 11, 27]
Round 331 | train_loss=0.1941 train_acc=0.9322 test_loss=0.4452 test_acc=0.8760
Round 332 | selected=[33, 69, 48, 80, 19, 75, 14, 17, 35, 13]
Round 332 | train_loss=0.1907 train_acc=0.9308 test_loss=0.5026 test_acc=0.8630
Round 333 | selected=[52, 33, 71, 76, 63, 57, 85, 96, 58, 88]
Round 333 | train_loss=0.1756 train_acc=0.9368 test_loss=0.5360 test_acc=0.8561
Round 334 | selected=[30, 82, 24, 50, 10, 71, 11, 85, 21, 36]
Round 334 | train_loss=0.1912 train_acc=0.9324 test_loss=0.5091 test_acc=0.8628
Round 335 | selected=[38, 58, 44, 18, 32, 88, 75, 78, 22, 42]
Round 335 | train_loss=0.1782 train_acc=0.9392 test_loss=0.4500 test_acc=0.8740
Round 336 | selected=[67, 45, 87, 37, 74, 95, 30, 76, 34, 27]
Round 336 | train_loss=0.1799 train_acc=0.9378 test_loss=0.4549 test_acc=0.8736
Round 337 | selected=[66, 13, 43, 42, 37, 2, 97, 35, 79, 38]
Round 337 | train_loss=0.1634 train_acc=0.9440 test_loss=0.5119 test_acc=0.8601
Round 338 | selected=[36, 58, 25, 46, 22, 73, 76, 26, 0, 79]
Round 338 | train_loss=0.1733 train_acc=0.9364 test_loss=0.4743 test_acc=0.8637
Round 339 | selected=[88, 72, 10, 23, 22, 8, 52, 0, 93, 5]
Round 339 | train_loss=0.1665 train_acc=0.9404 test_loss=0.4617 test_acc=0.8660
Round 340 | selected=[16, 2, 65, 33, 43, 31, 61, 75, 95, 7]
Round 340 | train_loss=0.1745 train_acc=0.9354 test_loss=0.5725 test_acc=0.8457
Round 341 | selected=[22, 53, 1, 49, 64, 83, 93, 46, 5, 45]
Round 341 | train_loss=0.1704 train_acc=0.9396 test_loss=0.5176 test_acc=0.8591
Round 342 | selected=[6, 26, 29, 10, 86, 82, 50, 95, 56, 21]
Round 342 | train_loss=0.1804 train_acc=0.9372 test_loss=0.4869 test_acc=0.8665
Round 343 | selected=[31, 10, 28, 40, 93, 79, 88, 0, 69, 72]
Round 343 | train_loss=0.1605 train_acc=0.9458 test_loss=0.4699 test_acc=0.8703
Round 344 | selected=[29, 0, 96, 5, 15, 89, 6, 11, 62, 34]
Round 344 | train_loss=0.1693 train_acc=0.9412 test_loss=0.4750 test_acc=0.8713
Round 345 | selected=[7, 82, 42, 57, 92, 60, 33, 66, 99, 76]
Round 345 | train_loss=0.1520 train_acc=0.9478 test_loss=0.4575 test_acc=0.8723
Round 346 | selected=[4, 0, 35, 44, 49, 36, 72, 92, 31, 17]
Round 346 | train_loss=0.1678 train_acc=0.9382 test_loss=0.4173 test_acc=0.8798
Round 347 | selected=[34, 52, 90, 33, 25, 95, 78, 43, 83, 35]
Round 347 | train_loss=0.1514 train_acc=0.9446 test_loss=0.4429 test_acc=0.8772
Round 348 | selected=[69, 0, 84, 83, 38, 1, 11, 14, 77, 19]
Round 348 | train_loss=0.1639 train_acc=0.9416 test_loss=0.4752 test_acc=0.8737
Round 349 | selected=[69, 63, 98, 65, 43, 99, 71, 96, 19, 5]
Round 349 | train_loss=0.1513 train_acc=0.9450 test_loss=0.4506 test_acc=0.8747
Round 350 | selected=[33, 84, 54, 79, 8, 56, 12, 95, 59, 49]
Round 350 | train_loss=0.1541 train_acc=0.9472 test_loss=0.4255 test_acc=0.8821
Round 351 | selected=[82, 48, 7, 99, 89, 71, 40, 83, 5, 67]
Round 351 | train_loss=0.1617 train_acc=0.9398 test_loss=0.4971 test_acc=0.8659
Round 352 | selected=[73, 99, 4, 45, 26, 95, 70, 34, 78, 82]
Round 352 | train_loss=0.1469 train_acc=0.9484 test_loss=0.4561 test_acc=0.8698
Round 353 | selected=[55, 90, 51, 72, 0, 44, 28, 19, 85, 49]
Round 353 | train_loss=0.1775 train_acc=0.9368 test_loss=0.4778 test_acc=0.8687
Round 354 | selected=[90, 15, 82, 98, 80, 51, 42, 71, 10, 58]
Round 354 | train_loss=0.1661 train_acc=0.9422 test_loss=0.5294 test_acc=0.8559
Round 355 | selected=[53, 88, 1, 75, 70, 91, 87, 35, 51, 68]
Round 355 | train_loss=0.1757 train_acc=0.9366 test_loss=0.5157 test_acc=0.8593
Round 356 | selected=[80, 43, 32, 94, 27, 61, 69, 17, 71, 36]
Round 356 | train_loss=0.1669 train_acc=0.9402 test_loss=0.4615 test_acc=0.8707
Round 357 | selected=[61, 19, 30, 31, 38, 99, 3, 64, 36, 7]
Round 357 | train_loss=0.1634 train_acc=0.9440 test_loss=0.4547 test_acc=0.8717
Round 358 | selected=[33, 92, 3, 23, 19, 22, 83, 62, 38, 70]
Round 358 | train_loss=0.1527 train_acc=0.9488 test_loss=0.4590 test_acc=0.8733
Round 359 | selected=[84, 33, 94, 19, 31, 57, 43, 73, 35, 32]
Round 359 | train_loss=0.1535 train_acc=0.9468 test_loss=0.4951 test_acc=0.8635
Round 360 | selected=[44, 87, 52, 29, 58, 57, 60, 40, 72, 82]
Round 360 | train_loss=0.1621 train_acc=0.9440 test_loss=0.4568 test_acc=0.8757
Round 361 | selected=[22, 95, 67, 89, 4, 75, 31, 8, 53, 1]
Round 361 | train_loss=0.1731 train_acc=0.9402 test_loss=0.4848 test_acc=0.8692
Round 362 | selected=[85, 31, 1, 26, 88, 53, 37, 57, 95, 9]
Round 362 | train_loss=0.1685 train_acc=0.9372 test_loss=0.4725 test_acc=0.8739
Round 363 | selected=[90, 80, 88, 6, 37, 33, 60, 84, 64, 32]
Round 363 | train_loss=0.1659 train_acc=0.9408 test_loss=0.4305 test_acc=0.8829
Round 364 | selected=[89, 51, 39, 85, 69, 68, 18, 57, 49, 71]
Round 364 | train_loss=0.1637 train_acc=0.9398 test_loss=0.5052 test_acc=0.8635
Round 365 | selected=[89, 54, 97, 58, 49, 83, 29, 0, 74, 7]
Round 365 | train_loss=0.1600 train_acc=0.9430 test_loss=0.4963 test_acc=0.8644
Round 366 | selected=[27, 13, 20, 96, 58, 21, 51, 70, 8, 34]
Round 366 | train_loss=0.1637 train_acc=0.9404 test_loss=0.4302 test_acc=0.8800
Round 367 | selected=[63, 0, 10, 54, 85, 3, 94, 83, 28, 73]
Round 367 | train_loss=0.1510 train_acc=0.9440 test_loss=0.4608 test_acc=0.8778
Round 368 | selected=[38, 26, 28, 4, 80, 33, 87, 81, 34, 25]
Round 368 | train_loss=0.1458 train_acc=0.9494 test_loss=0.5738 test_acc=0.8514
Round 369 | selected=[86, 5, 0, 18, 41, 47, 49, 80, 10, 68]
Round 369 | train_loss=0.1693 train_acc=0.9396 test_loss=0.5027 test_acc=0.8649
Round 370 | selected=[47, 82, 1, 0, 83, 66, 52, 62, 68, 94]
Round 370 | train_loss=0.1443 train_acc=0.9518 test_loss=0.4177 test_acc=0.8797
Round 371 | selected=[39, 14, 71, 13, 75, 2, 34, 26, 37, 21]
Round 371 | train_loss=0.1502 train_acc=0.9448 test_loss=0.4569 test_acc=0.8708
Round 372 | selected=[28, 90, 25, 83, 36, 32, 74, 87, 14, 30]
Round 372 | train_loss=0.1666 train_acc=0.9422 test_loss=0.4728 test_acc=0.8720
Round 373 | selected=[53, 26, 24, 0, 28, 66, 58, 9, 22, 74]
Round 373 | train_loss=0.1510 train_acc=0.9456 test_loss=0.4801 test_acc=0.8711
Round 374 | selected=[73, 56, 29, 51, 65, 62, 9, 16, 97, 48]
Round 374 | train_loss=0.1758 train_acc=0.9344 test_loss=0.4592 test_acc=0.8742
Round 375 | selected=[53, 66, 63, 32, 48, 95, 70, 81, 5, 2]
Round 375 | train_loss=0.1437 train_acc=0.9524 test_loss=0.4560 test_acc=0.8728
Round 376 | selected=[51, 27, 69, 85, 38, 74, 26, 90, 24, 16]
Round 376 | train_loss=0.1588 train_acc=0.9446 test_loss=0.4960 test_acc=0.8664
Round 377 | selected=[10, 83, 60, 57, 89, 91, 42, 46, 82, 53]
Round 377 | train_loss=0.1341 train_acc=0.9518 test_loss=0.4800 test_acc=0.8678
Round 378 | selected=[0, 79, 2, 39, 88, 28, 63, 81, 1, 56]
Round 378 | train_loss=0.1299 train_acc=0.9566 test_loss=0.4781 test_acc=0.8713
Round 379 | selected=[19, 27, 16, 88, 7, 42, 65, 36, 97, 28]
Round 379 | train_loss=0.1389 train_acc=0.9514 test_loss=0.4366 test_acc=0.8809
Round 380 | selected=[40, 23, 7, 11, 53, 0, 60, 78, 95, 1]
Round 380 | train_loss=0.1396 train_acc=0.9514 test_loss=0.4360 test_acc=0.8797
Round 381 | selected=[97, 32, 19, 11, 34, 87, 49, 48, 83, 60]
Round 381 | train_loss=0.1292 train_acc=0.9554 test_loss=0.4461 test_acc=0.8784
Round 382 | selected=[63, 56, 31, 73, 42, 75, 14, 33, 76, 57]
Round 382 | train_loss=0.1379 train_acc=0.9524 test_loss=0.4422 test_acc=0.8799
Round 383 | selected=[22, 94, 51, 6, 1, 14, 90, 8, 0, 23]
Round 383 | train_loss=0.1372 train_acc=0.9518 test_loss=0.4146 test_acc=0.8834
Round 384 | selected=[92, 74, 51, 65, 67, 76, 59, 25, 72, 97]
Round 384 | train_loss=0.1444 train_acc=0.9498 test_loss=0.4512 test_acc=0.8736
Round 385 | selected=[94, 99, 12, 70, 59, 26, 31, 40, 84, 11]
Round 385 | train_loss=0.1375 train_acc=0.9524 test_loss=0.4397 test_acc=0.8763
Round 386 | selected=[37, 54, 88, 20, 94, 61, 43, 80, 4, 29]
Round 386 | train_loss=0.1426 train_acc=0.9488 test_loss=0.4516 test_acc=0.8761
Round 387 | selected=[66, 16, 80, 70, 1, 36, 90, 56, 65, 9]
Round 387 | train_loss=0.1380 train_acc=0.9484 test_loss=0.4567 test_acc=0.8802
Round 388 | selected=[24, 63, 91, 99, 53, 43, 62, 47, 55, 70]
Round 388 | train_loss=0.1436 train_acc=0.9464 test_loss=0.4537 test_acc=0.8791
Round 389 | selected=[65, 21, 41, 35, 20, 40, 22, 78, 15, 32]
Round 389 | train_loss=0.1412 train_acc=0.9512 test_loss=0.4219 test_acc=0.8862
Round 390 | selected=[72, 45, 76, 80, 93, 54, 20, 49, 86, 64]
Round 390 | train_loss=0.1571 train_acc=0.9450 test_loss=0.4338 test_acc=0.8819
Round 391 | selected=[49, 29, 34, 35, 63, 18, 3, 44, 96, 24]
Round 391 | train_loss=0.1392 train_acc=0.9490 test_loss=0.5496 test_acc=0.8595
Round 392 | selected=[12, 31, 21, 78, 84, 40, 33, 91, 19, 14]
Round 392 | train_loss=0.1401 train_acc=0.9528 test_loss=0.5731 test_acc=0.8547
Round 393 | selected=[82, 87, 56, 39, 27, 64, 84, 78, 1, 98]
Round 393 | train_loss=0.1355 train_acc=0.9504 test_loss=0.4582 test_acc=0.8800
Round 394 | selected=[67, 40, 92, 19, 77, 72, 81, 0, 34, 15]
Round 394 | train_loss=0.1407 train_acc=0.9484 test_loss=0.4245 test_acc=0.8835
Round 395 | selected=[62, 65, 34, 49, 47, 97, 66, 12, 45, 26]
Round 395 | train_loss=0.1419 train_acc=0.9458 test_loss=0.4360 test_acc=0.8783
Round 396 | selected=[66, 74, 94, 5, 93, 60, 2, 75, 22, 85]
Round 396 | train_loss=0.1404 train_acc=0.9536 test_loss=0.4685 test_acc=0.8707
Round 397 | selected=[13, 37, 42, 93, 58, 54, 9, 50, 75, 35]
Round 397 | train_loss=0.1501 train_acc=0.9484 test_loss=0.4497 test_acc=0.8776
Round 398 | selected=[42, 70, 13, 45, 43, 32, 17, 22, 87, 50]
Round 398 | train_loss=0.1497 train_acc=0.9470 test_loss=0.4783 test_acc=0.8752
Round 399 | selected=[88, 56, 36, 70, 41, 44, 39, 46, 93, 37]
Round 399 | train_loss=0.1454 train_acc=0.9476 test_loss=0.4783 test_acc=0.8743
Round 400 | selected=[14, 99, 3, 21, 87, 38, 86, 93, 94, 67]
Round 400 | train_loss=0.1471 train_acc=0.9468 test_loss=0.5029 test_acc=0.8653
Round 401 | selected=[1, 76, 41, 84, 67, 55, 70, 56, 37, 31]
Round 401 | train_loss=0.1372 train_acc=0.9526 test_loss=0.5257 test_acc=0.8671
Round 402 | selected=[88, 97, 80, 43, 56, 12, 0, 54, 93, 72]
Round 402 | train_loss=0.1222 train_acc=0.9580 test_loss=0.5086 test_acc=0.8697
Round 403 | selected=[22, 53, 57, 86, 56, 68, 21, 47, 74, 73]
Round 403 | train_loss=0.1328 train_acc=0.9502 test_loss=0.5845 test_acc=0.8522
Round 404 | selected=[94, 54, 73, 95, 3, 36, 4, 64, 45, 29]
Round 404 | train_loss=0.1446 train_acc=0.9470 test_loss=0.5904 test_acc=0.8532
Round 405 | selected=[58, 21, 63, 16, 73, 93, 30, 70, 34, 54]
Round 405 | train_loss=0.1378 train_acc=0.9496 test_loss=0.4684 test_acc=0.8779
Round 406 | selected=[55, 81, 49, 89, 16, 50, 27, 76, 99, 79]
Round 406 | train_loss=0.1317 train_acc=0.9558 test_loss=0.5047 test_acc=0.8715
Round 407 | selected=[18, 99, 11, 35, 91, 70, 7, 23, 46, 65]
Round 407 | train_loss=0.1483 train_acc=0.9460 test_loss=0.5234 test_acc=0.8709
Round 408 | selected=[55, 23, 60, 78, 67, 48, 56, 59, 45, 8]
Round 408 | train_loss=0.1350 train_acc=0.9516 test_loss=0.4609 test_acc=0.8806
Round 409 | selected=[51, 34, 37, 11, 22, 88, 86, 77, 56, 79]
Round 409 | train_loss=0.1231 train_acc=0.9546 test_loss=0.4499 test_acc=0.8819
Round 410 | selected=[59, 47, 34, 27, 45, 11, 51, 14, 42, 46]
Round 410 | train_loss=0.1176 train_acc=0.9604 test_loss=0.4685 test_acc=0.8772
Round 411 | selected=[20, 97, 55, 64, 75, 63, 15, 95, 35, 13]
Round 411 | train_loss=0.1460 train_acc=0.9468 test_loss=0.4523 test_acc=0.8804
Round 412 | selected=[0, 12, 32, 63, 14, 50, 94, 21, 54, 52]
Round 412 | train_loss=0.1143 train_acc=0.9598 test_loss=0.4545 test_acc=0.8802
Round 413 | selected=[52, 85, 22, 3, 14, 19, 49, 47, 98, 1]
Round 413 | train_loss=0.1261 train_acc=0.9558 test_loss=0.4458 test_acc=0.8816
Round 414 | selected=[53, 83, 96, 50, 57, 93, 87, 44, 95, 85]
Round 414 | train_loss=0.1453 train_acc=0.9494 test_loss=0.4398 test_acc=0.8812
Round 415 | selected=[55, 24, 30, 66, 43, 39, 44, 33, 90, 8]
Round 415 | train_loss=0.1521 train_acc=0.9452 test_loss=0.4595 test_acc=0.8781
Round 416 | selected=[84, 92, 44, 13, 91, 28, 74, 58, 96, 72]
Round 416 | train_loss=0.1362 train_acc=0.9528 test_loss=0.4901 test_acc=0.8725
Round 417 | selected=[11, 67, 2, 85, 28, 87, 82, 5, 59, 68]
Round 417 | train_loss=0.1421 train_acc=0.9526 test_loss=0.4530 test_acc=0.8757
Round 418 | selected=[85, 39, 80, 93, 96, 82, 41, 60, 81, 25]
Round 418 | train_loss=0.1550 train_acc=0.9466 test_loss=0.4754 test_acc=0.8711
Round 419 | selected=[18, 8, 87, 33, 55, 95, 64, 74, 62, 31]
Round 419 | train_loss=0.1390 train_acc=0.9550 test_loss=0.4792 test_acc=0.8719
Round 420 | selected=[97, 74, 13, 77, 54, 18, 72, 86, 67, 63]
Round 420 | train_loss=0.1323 train_acc=0.9534 test_loss=0.4733 test_acc=0.8706
Round 421 | selected=[77, 16, 23, 27, 98, 37, 33, 88, 67, 40]
Round 421 | train_loss=0.1305 train_acc=0.9534 test_loss=0.4650 test_acc=0.8777
Round 422 | selected=[25, 88, 81, 31, 72, 96, 26, 69, 94, 36]
Round 422 | train_loss=0.1292 train_acc=0.9532 test_loss=0.5088 test_acc=0.8694
Round 423 | selected=[75, 89, 24, 37, 5, 67, 48, 21, 59, 99]
Round 423 | train_loss=0.1321 train_acc=0.9550 test_loss=0.4591 test_acc=0.8797
Round 424 | selected=[80, 52, 4, 99, 67, 96, 60, 20, 93, 32]
Round 424 | train_loss=0.1257 train_acc=0.9570 test_loss=0.4193 test_acc=0.8878
Round 425 | selected=[48, 2, 25, 0, 77, 76, 58, 73, 24, 35]
Round 425 | train_loss=0.1342 train_acc=0.9514 test_loss=0.4577 test_acc=0.8791
Round 426 | selected=[15, 63, 75, 85, 80, 47, 93, 69, 54, 68]
Round 426 | train_loss=0.1199 train_acc=0.9570 test_loss=0.4339 test_acc=0.8826
Round 427 | selected=[14, 27, 90, 69, 13, 53, 19, 76, 93, 39]
Round 427 | train_loss=0.1194 train_acc=0.9588 test_loss=0.4594 test_acc=0.8795
Round 428 | selected=[96, 63, 38, 81, 43, 83, 99, 18, 53, 37]
Round 428 | train_loss=0.1115 train_acc=0.9614 test_loss=0.4805 test_acc=0.8738
Round 429 | selected=[29, 18, 25, 69, 89, 73, 31, 16, 5, 54]
Round 429 | train_loss=0.1286 train_acc=0.9532 test_loss=0.4343 test_acc=0.8830
Round 430 | selected=[29, 60, 98, 53, 28, 69, 54, 38, 96, 67]
Round 430 | train_loss=0.1165 train_acc=0.9600 test_loss=0.4273 test_acc=0.8847
Round 431 | selected=[40, 64, 45, 59, 56, 6, 55, 62, 7, 91]
Round 431 | train_loss=0.1268 train_acc=0.9574 test_loss=0.4508 test_acc=0.8784
Round 432 | selected=[75, 14, 87, 72, 3, 38, 24, 49, 76, 16]
Round 432 | train_loss=0.1168 train_acc=0.9596 test_loss=0.4162 test_acc=0.8863
Round 433 | selected=[62, 0, 71, 32, 10, 13, 84, 20, 99, 26]
Round 433 | train_loss=0.1291 train_acc=0.9554 test_loss=0.4186 test_acc=0.8867
Round 434 | selected=[28, 61, 82, 92, 72, 18, 15, 47, 87, 11]
Round 434 | train_loss=0.1164 train_acc=0.9596 test_loss=0.4274 test_acc=0.8871
Round 435 | selected=[82, 0, 77, 4, 65, 13, 99, 11, 30, 43]
Round 435 | train_loss=0.1055 train_acc=0.9630 test_loss=0.4258 test_acc=0.8880
Round 436 | selected=[67, 10, 73, 65, 20, 47, 24, 90, 92, 91]
Round 436 | train_loss=0.1313 train_acc=0.9522 test_loss=0.4257 test_acc=0.8855
Round 437 | selected=[49, 23, 34, 82, 80, 2, 67, 93, 42, 14]
Round 437 | train_loss=0.1048 train_acc=0.9630 test_loss=0.4276 test_acc=0.8833
Round 438 | selected=[6, 60, 46, 3, 89, 1, 91, 47, 88, 72]
Round 438 | train_loss=0.1040 train_acc=0.9612 test_loss=0.4513 test_acc=0.8792
Round 439 | selected=[51, 79, 59, 7, 4, 72, 10, 71, 16, 1]
Round 439 | train_loss=0.1138 train_acc=0.9600 test_loss=0.4589 test_acc=0.8792
Round 440 | selected=[43, 59, 74, 90, 53, 26, 38, 86, 48, 2]
Round 440 | train_loss=0.1181 train_acc=0.9598 test_loss=0.4338 test_acc=0.8847
Round 441 | selected=[78, 79, 24, 1, 87, 61, 33, 85, 54, 96]
Round 441 | train_loss=0.1019 train_acc=0.9634 test_loss=0.4332 test_acc=0.8832
Round 442 | selected=[50, 29, 11, 71, 20, 9, 85, 67, 2, 42]
Round 442 | train_loss=0.1124 train_acc=0.9600 test_loss=0.4420 test_acc=0.8811
Round 443 | selected=[97, 7, 81, 6, 39, 34, 76, 65, 84, 17]
Round 443 | train_loss=0.1147 train_acc=0.9568 test_loss=0.4423 test_acc=0.8786
Round 444 | selected=[23, 68, 64, 41, 17, 51, 34, 78, 12, 57]
Round 444 | train_loss=0.1190 train_acc=0.9582 test_loss=0.4216 test_acc=0.8831
Round 445 | selected=[18, 10, 28, 70, 45, 4, 60, 49, 58, 8]
Round 445 | train_loss=0.1195 train_acc=0.9618 test_loss=0.4206 test_acc=0.8851
Round 446 | selected=[47, 51, 45, 62, 53, 80, 22, 0, 83, 96]
Round 446 | train_loss=0.0859 train_acc=0.9698 test_loss=0.4601 test_acc=0.8771
Round 447 | selected=[60, 45, 43, 88, 29, 46, 67, 25, 74, 51]
Round 447 | train_loss=0.1044 train_acc=0.9610 test_loss=0.4659 test_acc=0.8758
Round 448 | selected=[86, 26, 20, 74, 45, 82, 94, 33, 81, 58]
Round 448 | train_loss=0.1143 train_acc=0.9594 test_loss=0.4530 test_acc=0.8809
Round 449 | selected=[86, 78, 90, 22, 24, 39, 5, 77, 4, 71]
Round 449 | train_loss=0.1194 train_acc=0.9594 test_loss=0.4105 test_acc=0.8916
Round 450 | selected=[84, 1, 17, 43, 94, 12, 76, 46, 80, 66]
Round 450 | train_loss=0.1103 train_acc=0.9578 test_loss=0.4471 test_acc=0.8846
Round 451 | selected=[60, 69, 13, 97, 79, 39, 4, 19, 94, 46]
Round 451 | train_loss=0.0946 train_acc=0.9680 test_loss=0.4757 test_acc=0.8800
Round 452 | selected=[77, 45, 56, 97, 1, 59, 14, 89, 21, 85]
Round 452 | train_loss=0.1050 train_acc=0.9634 test_loss=0.4367 test_acc=0.8878
Round 453 | selected=[90, 48, 83, 53, 95, 14, 67, 60, 29, 69]
Round 453 | train_loss=0.0960 train_acc=0.9640 test_loss=0.4614 test_acc=0.8843
Round 454 | selected=[89, 93, 2, 74, 64, 62, 13, 15, 68, 1]
Round 454 | train_loss=0.1008 train_acc=0.9622 test_loss=0.4552 test_acc=0.8866
Round 455 | selected=[61, 85, 10, 66, 62, 43, 98, 37, 91, 30]
Round 455 | train_loss=0.1121 train_acc=0.9592 test_loss=0.4273 test_acc=0.8915
Round 456 | selected=[45, 87, 41, 25, 34, 18, 33, 11, 39, 83]
Round 456 | train_loss=0.1053 train_acc=0.9616 test_loss=0.4409 test_acc=0.8870
Round 457 | selected=[86, 23, 31, 68, 55, 17, 15, 97, 43, 4]
Round 457 | train_loss=0.0965 train_acc=0.9678 test_loss=0.4789 test_acc=0.8814
Round 458 | selected=[67, 90, 85, 55, 16, 37, 75, 66, 92, 53]
Round 458 | train_loss=0.1115 train_acc=0.9588 test_loss=0.4612 test_acc=0.8872
Round 459 | selected=[49, 26, 79, 37, 92, 63, 55, 90, 99, 22]
Round 459 | train_loss=0.1051 train_acc=0.9626 test_loss=0.4480 test_acc=0.8872
Round 460 | selected=[70, 97, 61, 88, 4, 64, 86, 22, 31, 29]
Round 460 | train_loss=0.1098 train_acc=0.9602 test_loss=0.4610 test_acc=0.8805
Round 461 | selected=[70, 40, 21, 10, 3, 68, 37, 83, 1, 98]
Round 461 | train_loss=0.1061 train_acc=0.9638 test_loss=0.5110 test_acc=0.8718
Round 462 | selected=[15, 96, 85, 22, 99, 84, 51, 55, 1, 28]
Round 462 | train_loss=0.0904 train_acc=0.9682 test_loss=0.5060 test_acc=0.8732
Round 463 | selected=[53, 45, 91, 54, 6, 24, 7, 16, 67, 97]
Round 463 | train_loss=0.0966 train_acc=0.9670 test_loss=0.4440 test_acc=0.8872
Round 464 | selected=[35, 71, 4, 89, 80, 52, 44, 36, 42, 11]
Round 464 | train_loss=0.1233 train_acc=0.9578 test_loss=0.4815 test_acc=0.8812
Round 465 | selected=[86, 1, 57, 68, 31, 74, 88, 20, 21, 91]
Round 465 | train_loss=0.1001 train_acc=0.9644 test_loss=0.4622 test_acc=0.8856
Round 466 | selected=[76, 52, 42, 1, 80, 10, 88, 58, 95, 8]
Round 466 | train_loss=0.1031 train_acc=0.9628 test_loss=0.4463 test_acc=0.8877
Round 467 | selected=[17, 25, 53, 69, 83, 98, 3, 7, 21, 87]
Round 467 | train_loss=0.0998 train_acc=0.9640 test_loss=0.4463 test_acc=0.8858
Round 468 | selected=[30, 99, 10, 33, 74, 59, 14, 25, 32, 86]
Round 468 | train_loss=0.0937 train_acc=0.9676 test_loss=0.4568 test_acc=0.8836
Round 469 | selected=[70, 75, 76, 19, 21, 90, 66, 14, 82, 33]
Round 469 | train_loss=0.0934 train_acc=0.9650 test_loss=0.4695 test_acc=0.8806
Round 470 | selected=[78, 83, 38, 49, 53, 81, 37, 76, 31, 4]
Round 470 | train_loss=0.0894 train_acc=0.9694 test_loss=0.4546 test_acc=0.8845
Round 471 | selected=[26, 61, 25, 15, 39, 66, 71, 72, 1, 40]
Round 471 | train_loss=0.0968 train_acc=0.9678 test_loss=0.4726 test_acc=0.8800
Round 472 | selected=[29, 8, 95, 0, 51, 62, 73, 68, 61, 24]
Round 472 | train_loss=0.1104 train_acc=0.9572 test_loss=0.4353 test_acc=0.8866
Round 473 | selected=[95, 28, 49, 83, 11, 31, 1, 65, 63, 74]
Round 473 | train_loss=0.0819 train_acc=0.9702 test_loss=0.4936 test_acc=0.8762
Round 474 | selected=[48, 42, 71, 63, 36, 57, 13, 35, 92, 60]
Round 474 | train_loss=0.1179 train_acc=0.9558 test_loss=0.5241 test_acc=0.8718
Round 475 | selected=[56, 25, 10, 83, 37, 92, 66, 33, 81, 73]
Round 475 | train_loss=0.0981 train_acc=0.9648 test_loss=0.4523 test_acc=0.8863
Round 476 | selected=[1, 30, 64, 48, 82, 69, 60, 3, 78, 73]
Round 476 | train_loss=0.0931 train_acc=0.9672 test_loss=0.4452 test_acc=0.8895
Round 477 | selected=[91, 93, 20, 17, 87, 23, 0, 3, 53, 67]
Round 477 | train_loss=0.1052 train_acc=0.9622 test_loss=0.4750 test_acc=0.8867
Round 478 | selected=[31, 74, 30, 23, 58, 78, 20, 5, 56, 6]
Round 478 | train_loss=0.1047 train_acc=0.9626 test_loss=0.4741 test_acc=0.8840
Round 479 | selected=[99, 21, 45, 30, 93, 85, 58, 97, 56, 13]
Round 479 | train_loss=0.0893 train_acc=0.9696 test_loss=0.4358 test_acc=0.8900
Round 480 | selected=[62, 29, 37, 54, 51, 93, 33, 59, 4, 16]
Round 480 | train_loss=0.0828 train_acc=0.9710 test_loss=0.5196 test_acc=0.8707
Round 481 | selected=[63, 58, 57, 77, 98, 21, 18, 1, 24, 5]
Round 481 | train_loss=0.1089 train_acc=0.9600 test_loss=0.5246 test_acc=0.8679
Round 482 | selected=[51, 31, 14, 17, 13, 45, 70, 89, 63, 48]
Round 482 | train_loss=0.0908 train_acc=0.9674 test_loss=0.4661 test_acc=0.8841
Round 483 | selected=[73, 39, 8, 94, 58, 98, 10, 29, 31, 95]
Round 483 | train_loss=0.1008 train_acc=0.9666 test_loss=0.4590 test_acc=0.8864
Round 484 | selected=[96, 98, 50, 32, 25, 12, 59, 69, 87, 15]
Round 484 | train_loss=0.1121 train_acc=0.9596 test_loss=0.4181 test_acc=0.8921
Round 485 | selected=[56, 25, 32, 19, 10, 77, 80, 88, 94, 2]
Round 485 | train_loss=0.0934 train_acc=0.9662 test_loss=0.4287 test_acc=0.8911
Round 486 | selected=[65, 46, 32, 58, 95, 92, 23, 52, 18, 75]
Round 486 | train_loss=0.1064 train_acc=0.9606 test_loss=0.4165 test_acc=0.8948
Round 487 | selected=[45, 85, 58, 0, 93, 42, 8, 13, 52, 88]
Round 487 | train_loss=0.0841 train_acc=0.9704 test_loss=0.4350 test_acc=0.8940
Round 488 | selected=[19, 7, 9, 50, 56, 93, 53, 31, 22, 8]
Round 488 | train_loss=0.0963 train_acc=0.9630 test_loss=0.4638 test_acc=0.8878
Round 489 | selected=[95, 10, 58, 52, 94, 88, 68, 87, 50, 59]
Round 489 | train_loss=0.0788 train_acc=0.9704 test_loss=0.4715 test_acc=0.8885
Round 490 | selected=[1, 53, 82, 11, 36, 5, 95, 24, 42, 56]
Round 490 | train_loss=0.0866 train_acc=0.9696 test_loss=0.4721 test_acc=0.8851
Round 491 | selected=[91, 41, 85, 48, 45, 46, 6, 99, 1, 92]
Round 491 | train_loss=0.1108 train_acc=0.9624 test_loss=0.4807 test_acc=0.8828
Round 492 | selected=[88, 56, 24, 98, 58, 26, 70, 13, 9, 99]
Round 492 | train_loss=0.0772 train_acc=0.9728 test_loss=0.4707 test_acc=0.8844
Round 493 | selected=[39, 62, 79, 46, 91, 78, 7, 19, 51, 18]
Round 493 | train_loss=0.1036 train_acc=0.9612 test_loss=0.4739 test_acc=0.8834
Round 494 | selected=[12, 31, 21, 40, 68, 17, 97, 50, 26, 80]
Round 494 | train_loss=0.0911 train_acc=0.9676 test_loss=0.4716 test_acc=0.8861
Round 495 | selected=[14, 84, 21, 22, 19, 43, 54, 29, 59, 94]
Round 495 | train_loss=0.0786 train_acc=0.9720 test_loss=0.4457 test_acc=0.8893
Round 496 | selected=[10, 42, 74, 1, 3, 80, 13, 61, 77, 16]
Round 496 | train_loss=0.0791 train_acc=0.9710 test_loss=0.4398 test_acc=0.8912
Round 497 | selected=[31, 17, 59, 7, 29, 85, 37, 87, 22, 64]
Round 497 | train_loss=0.0797 train_acc=0.9734 test_loss=0.4827 test_acc=0.8795
Round 498 | selected=[70, 87, 92, 69, 10, 34, 7, 68, 6, 67]
Round 498 | train_loss=0.0993 train_acc=0.9648 test_loss=0.4858 test_acc=0.8782
Round 499 | selected=[73, 71, 28, 27, 36, 64, 24, 55, 86, 7]
Round 499 | train_loss=0.1192 train_acc=0.9578 test_loss=0.4529 test_acc=0.8845
Round 500 | selected=[52, 95, 60, 97, 91, 69, 44, 93, 76, 3]
Round 500 | train_loss=0.0969 train_acc=0.9666 test_loss=0.4763 test_acc=0.8861
Saved: track1/results/cifar10/final_seed43/fedavgm_iid_seed43.csv
COMPLETED: fedavgm iid seed=43
