========================================
JOB:       12004040
TASK:      11
ALGORITHM: fedavgm
PARTITION: alpha01
SEED:      43
GPU:       0
========================================
Device: cuda
GPU: Tesla V100-PCIE-32GB
Round 0 | test_loss=2.8590 test_acc=0.1084
Round 1 | selected=[45, 82, 4, 54, 60, 98, 1, 26, 37, 58]
Round 1 | train_loss=1.3586 train_acc=0.6116 test_loss=2.9038 test_acc=0.1000
Round 2 | selected=[98, 18, 76, 36, 27, 13, 88, 41, 89, 84]
Round 2 | train_loss=1.9216 train_acc=0.5082 test_loss=3.1506 test_acc=0.1528
Round 3 | selected=[49, 78, 43, 90, 96, 45, 58, 36, 69, 94]
Round 3 | train_loss=1.3758 train_acc=0.5862 test_loss=4.6926 test_acc=0.1178
Round 4 | selected=[67, 79, 53, 5, 31, 11, 59, 99, 9, 28]
Round 4 | train_loss=1.7581 train_acc=0.6164 test_loss=5.9483 test_acc=0.1000
Round 5 | selected=[52, 9, 39, 27, 68, 31, 25, 58, 3, 95]
Round 5 | train_loss=2.0406 train_acc=0.5336 test_loss=9.3887 test_acc=0.1697
Round 6 | selected=[26, 64, 42, 36, 16, 77, 7, 22, 20, 31]
Round 6 | train_loss=2.2909 train_acc=0.5404 test_loss=21.8561 test_acc=0.1365
Round 7 | selected=[12, 64, 62, 75, 73, 84, 79, 40, 32, 52]
Round 7 | train_loss=2.6010 train_acc=0.5402 test_loss=31.6741 test_acc=0.1383
Round 8 | selected=[48, 84, 78, 81, 73, 93, 51, 12, 16, 66]
Round 8 | train_loss=2.0021 train_acc=0.4870 test_loss=54.9357 test_acc=0.1441
Round 9 | selected=[59, 44, 87, 73, 64, 76, 16, 97, 39, 99]
Round 9 | train_loss=1.9780 train_acc=0.4414 test_loss=36.7048 test_acc=0.1332
Round 10 | selected=[66, 45, 67, 21, 94, 50, 49, 73, 97, 28]
Round 10 | train_loss=2.1649 train_acc=0.4200 test_loss=18.6777 test_acc=0.1440
Round 11 | selected=[71, 91, 81, 50, 27, 52, 61, 25, 63, 75]
Round 11 | train_loss=1.7818 train_acc=0.4484 test_loss=7.9049 test_acc=0.1166
Round 12 | selected=[78, 91, 66, 74, 93, 33, 92, 18, 68, 20]
Round 12 | train_loss=1.8132 train_acc=0.4978 test_loss=8.7230 test_acc=0.1013
Round 13 | selected=[84, 70, 72, 43, 26, 95, 74, 53, 98, 13]
Round 13 | train_loss=1.9595 train_acc=0.4154 test_loss=7.6902 test_acc=0.1324
Round 14 | selected=[62, 88, 39, 53, 68, 8, 45, 26, 50, 17]
Round 14 | train_loss=2.1520 train_acc=0.4582 test_loss=4.2182 test_acc=0.1384
Round 15 | selected=[81, 84, 25, 29, 3, 45, 13, 0, 44, 9]
Round 15 | train_loss=2.7897 train_acc=0.3482 test_loss=3.8207 test_acc=0.1000
Round 16 | selected=[45, 82, 93, 92, 91, 3, 83, 59, 66, 11]
Round 16 | train_loss=2.6499 train_acc=0.3114 test_loss=3.7502 test_acc=0.1516
Round 17 | selected=[15, 4, 66, 46, 8, 75, 62, 35, 57, 53]
Round 17 | train_loss=2.1062 train_acc=0.4332 test_loss=3.2364 test_acc=0.1234
Round 18 | selected=[70, 85, 99, 21, 88, 16, 37, 23, 91, 0]
Round 18 | train_loss=2.1776 train_acc=0.2798 test_loss=3.0676 test_acc=0.1026
Round 19 | selected=[36, 15, 31, 92, 98, 73, 83, 7, 11, 20]
Round 19 | train_loss=2.0561 train_acc=0.3176 test_loss=3.0698 test_acc=0.1180
Round 20 | selected=[39, 89, 40, 95, 37, 0, 15, 60, 59, 74]
Round 20 | train_loss=2.2607 train_acc=0.2078 test_loss=2.9493 test_acc=0.1127
Round 21 | selected=[35, 57, 89, 86, 46, 36, 54, 30, 84, 77]
Round 21 | train_loss=2.3314 train_acc=0.0954 test_loss=2.6241 test_acc=0.1270
Round 22 | selected=[76, 10, 70, 46, 58, 89, 67, 66, 32, 0]
Round 22 | train_loss=2.2710 train_acc=0.1806 test_loss=2.4471 test_acc=0.1281
Round 23 | selected=[14, 0, 41, 64, 71, 15, 68, 98, 46, 6]
Round 23 | train_loss=2.2454 train_acc=0.2728 test_loss=2.5437 test_acc=0.1030
Round 24 | selected=[43, 83, 13, 65, 78, 79, 35, 15, 47, 3]
Round 24 | train_loss=2.1967 train_acc=0.1884 test_loss=2.9339 test_acc=0.1254
Round 25 | selected=[22, 9, 27, 36, 31, 89, 71, 86, 11, 29]
Round 25 | train_loss=2.2985 train_acc=0.2290 test_loss=3.4062 test_acc=0.1302
Round 26 | selected=[55, 61, 4, 90, 51, 94, 45, 0, 31, 96]
Round 26 | train_loss=2.3940 train_acc=0.1204 test_loss=3.0230 test_acc=0.1268
Round 27 | selected=[60, 6, 30, 69, 19, 1, 52, 34, 7, 5]
Round 27 | train_loss=2.2848 train_acc=0.1660 test_loss=3.0084 test_acc=0.1230
Round 28 | selected=[37, 27, 52, 59, 18, 21, 57, 61, 99, 41]
Round 28 | train_loss=2.3439 train_acc=0.2262 test_loss=2.3717 test_acc=0.1506
Round 29 | selected=[29, 67, 19, 12, 59, 89, 94, 39, 76, 98]
Round 29 | train_loss=2.1737 train_acc=0.2572 test_loss=2.5397 test_acc=0.1696
Round 30 | selected=[61, 99, 64, 39, 12, 29, 85, 37, 28, 14]
Round 30 | train_loss=2.2420 train_acc=0.2970 test_loss=2.2950 test_acc=0.1498
Round 31 | selected=[59, 92, 69, 23, 11, 93, 88, 57, 30, 8]
Round 31 | train_loss=2.1573 train_acc=0.3436 test_loss=2.7132 test_acc=0.1687
Round 32 | selected=[27, 33, 32, 41, 88, 49, 39, 44, 71, 67]
Round 32 | train_loss=2.0526 train_acc=0.3234 test_loss=2.5168 test_acc=0.1674
Round 33 | selected=[83, 58, 19, 10, 51, 40, 75, 59, 70, 17]
Round 33 | train_loss=2.1324 train_acc=0.2766 test_loss=2.5130 test_acc=0.1536
Round 34 | selected=[53, 62, 57, 4, 60, 76, 98, 31, 90, 23]
Round 34 | train_loss=2.0739 train_acc=0.3032 test_loss=2.7007 test_acc=0.1217
Round 35 | selected=[40, 41, 53, 13, 35, 90, 85, 73, 68, 15]
Round 35 | train_loss=1.8904 train_acc=0.4088 test_loss=3.8623 test_acc=0.1266
Round 36 | selected=[18, 9, 0, 24, 23, 20, 39, 94, 29, 41]
Round 36 | train_loss=2.0596 train_acc=0.3246 test_loss=2.4218 test_acc=0.1681
Round 37 | selected=[0, 56, 76, 25, 77, 24, 43, 8, 35, 78]
Round 37 | train_loss=2.1255 train_acc=0.2756 test_loss=2.2757 test_acc=0.1305
Round 38 | selected=[53, 77, 74, 63, 22, 80, 28, 67, 24, 41]
Round 38 | train_loss=1.6353 train_acc=0.5390 test_loss=2.4709 test_acc=0.1399
Round 39 | selected=[18, 83, 80, 4, 69, 89, 92, 61, 21, 73]
Round 39 | train_loss=1.9058 train_acc=0.3946 test_loss=2.5572 test_acc=0.1430
Round 40 | selected=[60, 71, 66, 28, 27, 54, 99, 6, 55, 74]
Round 40 | train_loss=1.9566 train_acc=0.3722 test_loss=2.5124 test_acc=0.1731
Round 41 | selected=[75, 13, 68, 32, 20, 2, 10, 79, 41, 89]
Round 41 | train_loss=1.8258 train_acc=0.4774 test_loss=2.7224 test_acc=0.1666
Round 42 | selected=[21, 6, 71, 85, 94, 56, 29, 95, 27, 87]
Round 42 | train_loss=1.8628 train_acc=0.4184 test_loss=2.7820 test_acc=0.1492
Round 43 | selected=[71, 34, 79, 90, 87, 39, 89, 18, 81, 96]
Round 43 | train_loss=2.1999 train_acc=0.3272 test_loss=2.5720 test_acc=0.1464
Round 44 | selected=[39, 94, 2, 85, 60, 12, 89, 36, 44, 98]
Round 44 | train_loss=2.1068 train_acc=0.3262 test_loss=2.4471 test_acc=0.1523
Round 45 | selected=[11, 68, 5, 85, 51, 12, 83, 32, 73, 29]
Round 45 | train_loss=1.6292 train_acc=0.5020 test_loss=2.6703 test_acc=0.1194
Round 46 | selected=[63, 47, 4, 13, 49, 41, 19, 99, 91, 79]
Round 46 | train_loss=1.8491 train_acc=0.3770 test_loss=2.6340 test_acc=0.1284
Round 47 | selected=[30, 90, 52, 15, 32, 41, 66, 49, 64, 25]
Round 47 | train_loss=1.9440 train_acc=0.3788 test_loss=2.5900 test_acc=0.1447
Round 48 | selected=[24, 88, 14, 52, 68, 8, 46, 9, 10, 6]
Round 48 | train_loss=2.3582 train_acc=0.2080 test_loss=2.5093 test_acc=0.1269
Round 49 | selected=[66, 60, 59, 76, 0, 92, 43, 42, 30, 29]
Round 49 | train_loss=2.1993 train_acc=0.2190 test_loss=2.3279 test_acc=0.1605
Round 50 | selected=[91, 16, 57, 32, 42, 70, 5, 80, 29, 68]
Round 50 | train_loss=1.8786 train_acc=0.3448 test_loss=2.9017 test_acc=0.1528
Round 51 | selected=[30, 25, 6, 51, 79, 11, 40, 2, 85, 31]
Round 51 | train_loss=1.9134 train_acc=0.3970 test_loss=3.0141 test_acc=0.1601
Round 52 | selected=[44, 49, 52, 17, 63, 20, 28, 16, 78, 30]
Round 52 | train_loss=1.9976 train_acc=0.3978 test_loss=3.1018 test_acc=0.1521
Round 53 | selected=[55, 76, 18, 47, 52, 43, 77, 61, 83, 10]
Round 53 | train_loss=2.2458 train_acc=0.1836 test_loss=2.6349 test_acc=0.1622
Round 54 | selected=[52, 43, 62, 20, 53, 14, 66, 40, 81, 79]
Round 54 | train_loss=2.0040 train_acc=0.2946 test_loss=2.3801 test_acc=0.1432
Round 55 | selected=[88, 63, 61, 33, 34, 76, 99, 66, 30, 23]
Round 55 | train_loss=1.9892 train_acc=0.2810 test_loss=2.4634 test_acc=0.1536
Round 56 | selected=[39, 29, 26, 67, 71, 17, 66, 96, 55, 94]
Round 56 | train_loss=2.0075 train_acc=0.2904 test_loss=2.3734 test_acc=0.1530
Round 57 | selected=[32, 97, 12, 98, 18, 24, 26, 83, 16, 48]
Round 57 | train_loss=2.0926 train_acc=0.2188 test_loss=2.3580 test_acc=0.1742
Round 58 | selected=[50, 22, 98, 81, 8, 75, 70, 74, 93, 25]
Round 58 | train_loss=2.0309 train_acc=0.2504 test_loss=2.2906 test_acc=0.1938
Round 59 | selected=[61, 29, 66, 92, 80, 90, 18, 28, 54, 98]
Round 59 | train_loss=2.0017 train_acc=0.3514 test_loss=2.2738 test_acc=0.1774
Round 60 | selected=[51, 27, 15, 76, 94, 43, 29, 49, 61, 65]
Round 60 | train_loss=1.9353 train_acc=0.3496 test_loss=2.3391 test_acc=0.1623
Round 61 | selected=[58, 89, 25, 93, 86, 77, 27, 22, 62, 11]
Round 61 | train_loss=2.0203 train_acc=0.3068 test_loss=2.3353 test_acc=0.1453
Round 62 | selected=[81, 66, 51, 45, 40, 13, 53, 44, 27, 73]
Round 62 | train_loss=1.9561 train_acc=0.3298 test_loss=2.2214 test_acc=0.1610
Round 63 | selected=[8, 31, 92, 57, 35, 66, 58, 14, 48, 55]
Round 63 | train_loss=1.6560 train_acc=0.4968 test_loss=2.2891 test_acc=0.1603
Round 64 | selected=[63, 15, 61, 92, 37, 72, 20, 95, 47, 58]
Round 64 | train_loss=1.6981 train_acc=0.4536 test_loss=2.5277 test_acc=0.1223
Round 65 | selected=[72, 39, 84, 35, 46, 12, 75, 30, 41, 23]
Round 65 | train_loss=1.9975 train_acc=0.2910 test_loss=2.3868 test_acc=0.1159
Round 66 | selected=[68, 80, 29, 76, 69, 92, 31, 26, 77, 96]
Round 66 | train_loss=1.7941 train_acc=0.3690 test_loss=2.2786 test_acc=0.1873
Round 67 | selected=[56, 15, 69, 64, 47, 88, 13, 81, 65, 98]
Round 67 | train_loss=1.7267 train_acc=0.4478 test_loss=2.2767 test_acc=0.1835
Round 68 | selected=[95, 72, 30, 88, 79, 85, 73, 39, 28, 38]
Round 68 | train_loss=1.5801 train_acc=0.4738 test_loss=2.3226 test_acc=0.1758
Round 69 | selected=[46, 50, 61, 41, 37, 75, 30, 18, 4, 33]
Round 69 | train_loss=1.5574 train_acc=0.4872 test_loss=2.3215 test_acc=0.1850
Round 70 | selected=[69, 23, 60, 48, 39, 30, 87, 92, 24, 5]
Round 70 | train_loss=1.5575 train_acc=0.4856 test_loss=2.3318 test_acc=0.1503
Round 71 | selected=[15, 69, 52, 5, 83, 29, 1, 37, 57, 9]
Round 71 | train_loss=1.3882 train_acc=0.6280 test_loss=2.3237 test_acc=0.1708
Round 72 | selected=[81, 66, 40, 61, 67, 57, 41, 25, 99, 80]
Round 72 | train_loss=1.6776 train_acc=0.4490 test_loss=2.3076 test_acc=0.1705
Round 73 | selected=[12, 49, 64, 56, 70, 98, 71, 22, 36, 89]
Round 73 | train_loss=2.0039 train_acc=0.3122 test_loss=2.1619 test_acc=0.2020
Round 74 | selected=[12, 63, 31, 60, 98, 15, 59, 62, 61, 76]
Round 74 | train_loss=1.7460 train_acc=0.4894 test_loss=2.1599 test_acc=0.1985
Round 75 | selected=[93, 96, 84, 47, 59, 25, 24, 6, 29, 64]
Round 75 | train_loss=1.6729 train_acc=0.4844 test_loss=2.2786 test_acc=0.1466
Round 76 | selected=[0, 34, 54, 30, 51, 91, 88, 3, 94, 41]
Round 76 | train_loss=1.7076 train_acc=0.4378 test_loss=2.3833 test_acc=0.1050
Round 77 | selected=[29, 25, 97, 34, 83, 3, 47, 11, 2, 80]
Round 77 | train_loss=1.4972 train_acc=0.5244 test_loss=2.3552 test_acc=0.1439
Round 78 | selected=[78, 89, 75, 5, 81, 59, 97, 93, 85, 62]
Round 78 | train_loss=1.7475 train_acc=0.3910 test_loss=2.1963 test_acc=0.1845
Round 79 | selected=[45, 32, 35, 26, 46, 64, 96, 6, 30, 69]
Round 79 | train_loss=1.6386 train_acc=0.4496 test_loss=2.2854 test_acc=0.1834
Round 80 | selected=[56, 36, 21, 47, 41, 59, 81, 33, 91, 27]
Round 80 | train_loss=1.3770 train_acc=0.5520 test_loss=2.6358 test_acc=0.1188
Round 81 | selected=[53, 76, 15, 34, 78, 63, 89, 41, 37, 80]
Round 81 | train_loss=1.6298 train_acc=0.4548 test_loss=2.6206 test_acc=0.1415
Round 82 | selected=[5, 97, 18, 48, 24, 73, 69, 68, 33, 28]
Round 82 | train_loss=1.6963 train_acc=0.3916 test_loss=2.4243 test_acc=0.1583
Round 83 | selected=[22, 21, 32, 26, 64, 46, 76, 85, 33, 91]
Round 83 | train_loss=1.5611 train_acc=0.4742 test_loss=2.4078 test_acc=0.1696
Round 84 | selected=[35, 45, 84, 49, 93, 11, 20, 97, 87, 86]
Round 84 | train_loss=1.6405 train_acc=0.4380 test_loss=2.4246 test_acc=0.1847
Round 85 | selected=[60, 30, 22, 29, 73, 13, 34, 41, 8, 71]
Round 85 | train_loss=1.6133 train_acc=0.4908 test_loss=2.6696 test_acc=0.1459
Round 86 | selected=[56, 58, 86, 79, 49, 52, 51, 40, 87, 72]
Round 86 | train_loss=1.9401 train_acc=0.2910 test_loss=2.6560 test_acc=0.1639
Round 87 | selected=[62, 28, 18, 72, 43, 2, 46, 97, 90, 63]
Round 87 | train_loss=2.0885 train_acc=0.3008 test_loss=2.5093 test_acc=0.1736
Round 88 | selected=[89, 84, 71, 66, 22, 45, 51, 79, 18, 92]
Round 88 | train_loss=2.1423 train_acc=0.3032 test_loss=2.5087 test_acc=0.1425
Round 89 | selected=[97, 84, 67, 2, 12, 14, 93, 96, 38, 4]
Round 89 | train_loss=2.0521 train_acc=0.3100 test_loss=2.6526 test_acc=0.1289
Round 90 | selected=[25, 71, 59, 98, 65, 48, 13, 82, 68, 12]
Round 90 | train_loss=1.9139 train_acc=0.3964 test_loss=2.6799 test_acc=0.1445
Round 91 | selected=[15, 67, 29, 79, 0, 10, 21, 55, 24, 76]
Round 91 | train_loss=1.8676 train_acc=0.3584 test_loss=2.4127 test_acc=0.1419
Round 92 | selected=[2, 28, 29, 86, 73, 43, 88, 92, 56, 18]
Round 92 | train_loss=1.7850 train_acc=0.3568 test_loss=2.4064 test_acc=0.1623
Round 93 | selected=[78, 21, 62, 45, 39, 84, 89, 94, 81, 30]
Round 93 | train_loss=1.7502 train_acc=0.4016 test_loss=2.2129 test_acc=0.1638
Round 94 | selected=[95, 55, 71, 77, 59, 73, 22, 4, 75, 38]
Round 94 | train_loss=1.8207 train_acc=0.3814 test_loss=2.1742 test_acc=0.2091
Round 95 | selected=[87, 12, 2, 22, 27, 15, 80, 3, 84, 99]
Round 95 | train_loss=2.0451 train_acc=0.3676 test_loss=2.2135 test_acc=0.1993
Round 96 | selected=[90, 97, 67, 86, 56, 18, 55, 57, 82, 2]
Round 96 | train_loss=1.7957 train_acc=0.4590 test_loss=2.4486 test_acc=0.1588
Round 97 | selected=[0, 71, 1, 8, 24, 10, 50, 47, 3, 60]
Round 97 | train_loss=1.9057 train_acc=0.3584 test_loss=2.4499 test_acc=0.1522
Round 98 | selected=[34, 98, 39, 11, 43, 62, 81, 49, 13, 1]
Round 98 | train_loss=1.9555 train_acc=0.2926 test_loss=2.1899 test_acc=0.1945
Round 99 | selected=[51, 37, 48, 55, 70, 81, 67, 29, 9, 52]
Round 99 | train_loss=1.7617 train_acc=0.3948 test_loss=2.1265 test_acc=0.2307
Round 100 | selected=[77, 49, 65, 39, 10, 31, 73, 52, 34, 71]
Round 100 | train_loss=1.8612 train_acc=0.3916 test_loss=2.1771 test_acc=0.2397
Round 101 | selected=[40, 37, 72, 92, 67, 33, 46, 60, 74, 85]
Round 101 | train_loss=1.6733 train_acc=0.4294 test_loss=2.4148 test_acc=0.1931
Round 102 | selected=[57, 1, 99, 3, 61, 85, 5, 91, 37, 38]
Round 102 | train_loss=1.7359 train_acc=0.4570 test_loss=2.3902 test_acc=0.1897
Round 103 | selected=[28, 79, 4, 10, 63, 62, 86, 13, 67, 61]
Round 103 | train_loss=1.8229 train_acc=0.3004 test_loss=2.2253 test_acc=0.1999
Round 104 | selected=[59, 56, 26, 33, 9, 41, 86, 76, 67, 45]
Round 104 | train_loss=1.7401 train_acc=0.3776 test_loss=2.1740 test_acc=0.1966
Round 105 | selected=[52, 63, 32, 41, 16, 5, 20, 23, 97, 72]
Round 105 | train_loss=1.8202 train_acc=0.3128 test_loss=2.1642 test_acc=0.1923
Round 106 | selected=[49, 10, 37, 20, 12, 81, 41, 47, 72, 16]
Round 106 | train_loss=1.8383 train_acc=0.3862 test_loss=2.1398 test_acc=0.1866
Round 107 | selected=[16, 71, 17, 25, 32, 98, 14, 85, 47, 41]
Round 107 | train_loss=1.7932 train_acc=0.4234 test_loss=2.1455 test_acc=0.1697
Round 108 | selected=[87, 4, 41, 79, 63, 76, 52, 20, 80, 59]
Round 108 | train_loss=1.6294 train_acc=0.4612 test_loss=2.1875 test_acc=0.1746
Round 109 | selected=[49, 83, 22, 58, 84, 28, 53, 81, 99, 35]
Round 109 | train_loss=1.6607 train_acc=0.4136 test_loss=2.1727 test_acc=0.1991
Round 110 | selected=[60, 90, 88, 43, 73, 50, 57, 53, 24, 66]
Round 110 | train_loss=2.0367 train_acc=0.2170 test_loss=2.1547 test_acc=0.1812
Round 111 | selected=[32, 36, 78, 37, 3, 15, 16, 48, 79, 27]
Round 111 | train_loss=1.9957 train_acc=0.2744 test_loss=2.0851 test_acc=0.2034
Round 112 | selected=[56, 59, 63, 86, 68, 58, 54, 93, 43, 3]
Round 112 | train_loss=1.7475 train_acc=0.3648 test_loss=2.0469 test_acc=0.2072
Round 113 | selected=[29, 33, 24, 13, 26, 44, 56, 37, 11, 15]
Round 113 | train_loss=1.5967 train_acc=0.5148 test_loss=2.0788 test_acc=0.2162
Round 114 | selected=[42, 21, 43, 7, 2, 74, 83, 24, 54, 99]
Round 114 | train_loss=1.5810 train_acc=0.5122 test_loss=2.0755 test_acc=0.2193
Round 115 | selected=[24, 3, 25, 57, 68, 66, 39, 86, 65, 53]
Round 115 | train_loss=1.7184 train_acc=0.4416 test_loss=2.0872 test_acc=0.2528
Round 116 | selected=[3, 68, 2, 73, 98, 38, 76, 67, 85, 28]
Round 116 | train_loss=1.8164 train_acc=0.3510 test_loss=2.1824 test_acc=0.2418
Round 117 | selected=[23, 74, 78, 98, 27, 31, 33, 36, 91, 10]
Round 117 | train_loss=1.7886 train_acc=0.3704 test_loss=2.3065 test_acc=0.1667
Round 118 | selected=[56, 20, 79, 5, 84, 59, 39, 83, 31, 97]
Round 118 | train_loss=1.8391 train_acc=0.2940 test_loss=2.2180 test_acc=0.1936
Round 119 | selected=[87, 66, 96, 44, 3, 90, 13, 45, 4, 21]
Round 119 | train_loss=1.6293 train_acc=0.3636 test_loss=2.1159 test_acc=0.2364
Round 120 | selected=[3, 12, 73, 70, 41, 63, 51, 65, 75, 15]
Round 120 | train_loss=1.5331 train_acc=0.5170 test_loss=2.1012 test_acc=0.2387
Round 121 | selected=[82, 3, 53, 5, 95, 94, 49, 92, 1, 64]
Round 121 | train_loss=1.9583 train_acc=0.3492 test_loss=2.1490 test_acc=0.2313
Round 122 | selected=[57, 13, 89, 4, 28, 56, 72, 21, 86, 43]
Round 122 | train_loss=1.6265 train_acc=0.4324 test_loss=2.1238 test_acc=0.2264
Round 123 | selected=[55, 7, 62, 67, 65, 6, 38, 96, 84, 73]
Round 123 | train_loss=1.7079 train_acc=0.3722 test_loss=2.1111 test_acc=0.2175
Round 124 | selected=[52, 75, 68, 13, 61, 86, 9, 67, 22, 3]
Round 124 | train_loss=1.5941 train_acc=0.3956 test_loss=2.1138 test_acc=0.2344
Round 125 | selected=[40, 15, 99, 37, 73, 90, 60, 58, 35, 79]
Round 125 | train_loss=1.7111 train_acc=0.3932 test_loss=2.1956 test_acc=0.2101
Round 126 | selected=[74, 3, 0, 32, 77, 96, 5, 7, 71, 39]
Round 126 | train_loss=1.8678 train_acc=0.3332 test_loss=2.2104 test_acc=0.2167
Round 127 | selected=[29, 12, 93, 45, 91, 13, 74, 34, 58, 83]
Round 127 | train_loss=1.7800 train_acc=0.3724 test_loss=2.1062 test_acc=0.2098
Round 128 | selected=[48, 99, 82, 39, 85, 84, 93, 97, 69, 70]
Round 128 | train_loss=1.5027 train_acc=0.5220 test_loss=2.1811 test_acc=0.2171
Round 129 | selected=[35, 5, 16, 38, 77, 23, 20, 44, 88, 78]
Round 129 | train_loss=1.6798 train_acc=0.3932 test_loss=2.2211 test_acc=0.1817
Round 130 | selected=[79, 52, 24, 30, 72, 14, 62, 6, 94, 48]
Round 130 | train_loss=1.8158 train_acc=0.3290 test_loss=2.1404 test_acc=0.1951
Round 131 | selected=[36, 75, 59, 9, 32, 16, 86, 21, 2, 52]
Round 131 | train_loss=1.7186 train_acc=0.3992 test_loss=2.0821 test_acc=0.2208
Round 132 | selected=[81, 18, 35, 13, 53, 89, 57, 39, 38, 96]
Round 132 | train_loss=1.6258 train_acc=0.4646 test_loss=2.1120 test_acc=0.2073
Round 133 | selected=[21, 30, 63, 56, 72, 12, 5, 16, 87, 64]
Round 133 | train_loss=1.5609 train_acc=0.4188 test_loss=2.1336 test_acc=0.1977
Round 134 | selected=[95, 57, 78, 62, 97, 40, 70, 1, 67, 17]
Round 134 | train_loss=1.6038 train_acc=0.4220 test_loss=2.1829 test_acc=0.1816
Round 135 | selected=[62, 79, 71, 60, 11, 65, 94, 28, 80, 97]
Round 135 | train_loss=1.6928 train_acc=0.4024 test_loss=2.1897 test_acc=0.2045
Round 136 | selected=[18, 95, 11, 39, 6, 97, 54, 42, 38, 89]
Round 136 | train_loss=1.7141 train_acc=0.3798 test_loss=2.0785 test_acc=0.2414
Round 137 | selected=[54, 32, 31, 65, 98, 61, 15, 8, 91, 2]
Round 137 | train_loss=1.7815 train_acc=0.3432 test_loss=1.9766 test_acc=0.2451
Round 138 | selected=[36, 47, 11, 79, 45, 35, 18, 2, 71, 22]
Round 138 | train_loss=1.6638 train_acc=0.4292 test_loss=1.9933 test_acc=0.2317
Round 139 | selected=[75, 0, 82, 87, 90, 5, 15, 54, 80, 65]
Round 139 | train_loss=1.8166 train_acc=0.3538 test_loss=2.0433 test_acc=0.1877
Round 140 | selected=[10, 47, 80, 78, 30, 24, 82, 54, 93, 32]
Round 140 | train_loss=1.6722 train_acc=0.4102 test_loss=2.0907 test_acc=0.1821
Round 141 | selected=[77, 42, 38, 49, 23, 30, 95, 1, 44, 90]
Round 141 | train_loss=1.6587 train_acc=0.3888 test_loss=1.9945 test_acc=0.2393
Round 142 | selected=[50, 26, 55, 10, 40, 49, 90, 6, 76, 23]
Round 142 | train_loss=1.6669 train_acc=0.4128 test_loss=1.9627 test_acc=0.2661
Round 143 | selected=[4, 70, 50, 56, 15, 20, 8, 62, 96, 51]
Round 143 | train_loss=1.5996 train_acc=0.4468 test_loss=1.9649 test_acc=0.2526
Round 144 | selected=[41, 45, 6, 25, 58, 99, 39, 54, 27, 95]
Round 144 | train_loss=1.4785 train_acc=0.5824 test_loss=1.9804 test_acc=0.2185
Round 145 | selected=[58, 59, 19, 81, 97, 84, 64, 74, 34, 1]
Round 145 | train_loss=1.7352 train_acc=0.3852 test_loss=2.0432 test_acc=0.1920
Round 146 | selected=[16, 4, 20, 18, 83, 50, 43, 14, 81, 13]
Round 146 | train_loss=1.6576 train_acc=0.4006 test_loss=1.9956 test_acc=0.1978
Round 147 | selected=[76, 78, 53, 64, 62, 41, 58, 15, 33, 83]
Round 147 | train_loss=1.3506 train_acc=0.5656 test_loss=1.9782 test_acc=0.2161
Round 148 | selected=[12, 44, 20, 75, 3, 62, 66, 24, 25, 22]
Round 148 | train_loss=1.6583 train_acc=0.4092 test_loss=1.9116 test_acc=0.2510
Round 149 | selected=[36, 32, 61, 86, 11, 99, 70, 30, 5, 76]
Round 149 | train_loss=1.5430 train_acc=0.4382 test_loss=1.9318 test_acc=0.2702
Round 150 | selected=[97, 75, 20, 67, 18, 9, 17, 74, 62, 78]
Round 150 | train_loss=1.3989 train_acc=0.5094 test_loss=1.9134 test_acc=0.2655
Round 151 | selected=[84, 21, 11, 3, 4, 65, 87, 91, 17, 86]
Round 151 | train_loss=1.4581 train_acc=0.5228 test_loss=1.9237 test_acc=0.2184
Round 152 | selected=[60, 47, 95, 35, 62, 82, 70, 42, 6, 16]
Round 152 | train_loss=1.4716 train_acc=0.4480 test_loss=1.9717 test_acc=0.2382
Round 153 | selected=[32, 81, 8, 58, 85, 47, 12, 18, 24, 3]
Round 153 | train_loss=1.6809 train_acc=0.3462 test_loss=2.0718 test_acc=0.2305
Round 154 | selected=[90, 37, 57, 3, 58, 39, 31, 15, 74, 78]
Round 154 | train_loss=1.5818 train_acc=0.4712 test_loss=2.3281 test_acc=0.1799
Round 155 | selected=[18, 36, 21, 38, 90, 86, 62, 3, 33, 49]
Round 155 | train_loss=1.5092 train_acc=0.4788 test_loss=2.1575 test_acc=0.2067
Round 156 | selected=[89, 24, 84, 44, 4, 99, 91, 20, 88, 40]
Round 156 | train_loss=1.5231 train_acc=0.4286 test_loss=2.0069 test_acc=0.2724
Round 157 | selected=[45, 4, 2, 96, 31, 97, 80, 56, 7, 79]
Round 157 | train_loss=1.2445 train_acc=0.5756 test_loss=2.1825 test_acc=0.2825
Round 158 | selected=[86, 7, 66, 54, 72, 78, 6, 99, 25, 55]
Round 158 | train_loss=1.4802 train_acc=0.5504 test_loss=2.3648 test_acc=0.2419
Round 159 | selected=[82, 38, 99, 92, 44, 79, 34, 98, 86, 6]
Round 159 | train_loss=1.4167 train_acc=0.4824 test_loss=2.2230 test_acc=0.2484
Round 160 | selected=[50, 47, 33, 32, 72, 13, 67, 68, 86, 15]
Round 160 | train_loss=1.5684 train_acc=0.4554 test_loss=1.9831 test_acc=0.2941
Round 161 | selected=[74, 44, 57, 10, 60, 12, 92, 29, 34, 27]
Round 161 | train_loss=1.6505 train_acc=0.4722 test_loss=1.9888 test_acc=0.2375
Round 162 | selected=[30, 41, 94, 21, 88, 43, 14, 73, 46, 67]
Round 162 | train_loss=1.4347 train_acc=0.4968 test_loss=2.1131 test_acc=0.1828
Round 163 | selected=[71, 10, 1, 55, 57, 22, 23, 6, 20, 59]
Round 163 | train_loss=1.5393 train_acc=0.4652 test_loss=2.2234 test_acc=0.2050
Round 164 | selected=[41, 38, 13, 94, 81, 46, 49, 32, 97, 11]
Round 164 | train_loss=1.3679 train_acc=0.6100 test_loss=2.0692 test_acc=0.2323
Round 165 | selected=[8, 26, 15, 18, 46, 13, 44, 56, 20, 33]
Round 165 | train_loss=1.3998 train_acc=0.5258 test_loss=1.9082 test_acc=0.2364
Round 166 | selected=[14, 36, 34, 16, 12, 28, 73, 30, 56, 31]
Round 166 | train_loss=1.4975 train_acc=0.4420 test_loss=1.9410 test_acc=0.2259
Round 167 | selected=[99, 4, 21, 1, 53, 94, 72, 84, 39, 26]
Round 167 | train_loss=1.3281 train_acc=0.5162 test_loss=1.8799 test_acc=0.3104
Round 168 | selected=[49, 80, 87, 71, 22, 69, 5, 95, 55, 99]
Round 168 | train_loss=1.4226 train_acc=0.5312 test_loss=1.8775 test_acc=0.2868
Round 169 | selected=[78, 63, 77, 93, 82, 56, 1, 66, 53, 39]
Round 169 | train_loss=1.3999 train_acc=0.5508 test_loss=2.0124 test_acc=0.2519
Round 170 | selected=[77, 94, 62, 14, 9, 27, 90, 26, 81, 69]
Round 170 | train_loss=1.5262 train_acc=0.4372 test_loss=2.1609 test_acc=0.1988
Round 171 | selected=[70, 73, 42, 31, 95, 63, 17, 94, 79, 9]
Round 171 | train_loss=1.1981 train_acc=0.6402 test_loss=2.2862 test_acc=0.1530
Round 172 | selected=[99, 94, 34, 92, 91, 32, 9, 74, 72, 96]
Round 172 | train_loss=1.6091 train_acc=0.5038 test_loss=2.1428 test_acc=0.1660
Round 173 | selected=[63, 12, 65, 22, 71, 70, 54, 55, 21, 66]
Round 173 | train_loss=1.4388 train_acc=0.5324 test_loss=1.9580 test_acc=0.2215
Round 174 | selected=[53, 34, 58, 6, 59, 78, 83, 7, 89, 96]
Round 174 | train_loss=1.3218 train_acc=0.5648 test_loss=1.8851 test_acc=0.2808
Round 175 | selected=[0, 17, 22, 23, 61, 54, 39, 99, 79, 26]
Round 175 | train_loss=1.1633 train_acc=0.6142 test_loss=1.9687 test_acc=0.2530
Round 176 | selected=[36, 91, 30, 51, 90, 66, 16, 76, 47, 44]
Round 176 | train_loss=1.7509 train_acc=0.3628 test_loss=1.9227 test_acc=0.2654
Round 177 | selected=[66, 68, 14, 83, 19, 1, 90, 16, 45, 27]
Round 177 | train_loss=1.5083 train_acc=0.4606 test_loss=1.8278 test_acc=0.3064
Round 178 | selected=[54, 59, 40, 48, 62, 88, 93, 91, 82, 99]
Round 178 | train_loss=1.4483 train_acc=0.5230 test_loss=1.8745 test_acc=0.3133
Round 179 | selected=[84, 71, 19, 16, 66, 94, 99, 62, 80, 47]
Round 179 | train_loss=1.4156 train_acc=0.5364 test_loss=2.0039 test_acc=0.2651
Round 180 | selected=[97, 62, 90, 7, 83, 57, 50, 72, 8, 28]
Round 180 | train_loss=1.4751 train_acc=0.4490 test_loss=1.9848 test_acc=0.2606
Round 181 | selected=[8, 19, 0, 73, 91, 30, 98, 26, 57, 58]
Round 181 | train_loss=1.5546 train_acc=0.3762 test_loss=1.9734 test_acc=0.2686
Round 182 | selected=[78, 74, 4, 60, 94, 92, 81, 54, 40, 33]
Round 182 | train_loss=1.4149 train_acc=0.5606 test_loss=2.0704 test_acc=0.2502
Round 183 | selected=[85, 79, 5, 33, 49, 47, 7, 57, 22, 26]
Round 183 | train_loss=1.2381 train_acc=0.5928 test_loss=2.2761 test_acc=0.2327
Round 184 | selected=[27, 82, 37, 32, 89, 59, 76, 56, 15, 77]
Round 184 | train_loss=1.4318 train_acc=0.5036 test_loss=2.3509 test_acc=0.1995
Round 185 | selected=[31, 56, 90, 23, 14, 64, 75, 35, 53, 42]
Round 185 | train_loss=1.3212 train_acc=0.5502 test_loss=2.3952 test_acc=0.2066
Round 186 | selected=[62, 40, 78, 77, 47, 96, 9, 60, 61, 39]
Round 186 | train_loss=1.2863 train_acc=0.5558 test_loss=2.2160 test_acc=0.2665
Round 187 | selected=[23, 11, 97, 57, 72, 1, 63, 35, 46, 7]
Round 187 | train_loss=1.1189 train_acc=0.6222 test_loss=2.0621 test_acc=0.3112
Round 188 | selected=[75, 10, 64, 52, 27, 91, 81, 21, 62, 20]
Round 188 | train_loss=1.3432 train_acc=0.5122 test_loss=2.1788 test_acc=0.2638
Round 189 | selected=[19, 34, 33, 32, 72, 82, 2, 80, 83, 17]
Round 189 | train_loss=1.4862 train_acc=0.4034 test_loss=2.0738 test_acc=0.2721
Round 190 | selected=[37, 35, 3, 33, 96, 60, 30, 65, 81, 1]
Round 190 | train_loss=1.6828 train_acc=0.4442 test_loss=2.0183 test_acc=0.2789
Round 191 | selected=[33, 52, 91, 66, 18, 5, 1, 38, 79, 13]
Round 191 | train_loss=1.5260 train_acc=0.4520 test_loss=1.9381 test_acc=0.3418
Round 192 | selected=[23, 81, 26, 55, 63, 37, 59, 86, 93, 64]
Round 192 | train_loss=1.3897 train_acc=0.5360 test_loss=1.8506 test_acc=0.2936
Round 193 | selected=[26, 9, 1, 94, 29, 84, 63, 54, 46, 65]
Round 193 | train_loss=1.3512 train_acc=0.5754 test_loss=1.8398 test_acc=0.3001
Round 194 | selected=[34, 97, 52, 94, 31, 28, 72, 70, 11, 65]
Round 194 | train_loss=1.3607 train_acc=0.5508 test_loss=1.8196 test_acc=0.3210
Round 195 | selected=[3, 21, 23, 31, 93, 77, 78, 35, 16, 36]
Round 195 | train_loss=1.5444 train_acc=0.4200 test_loss=1.7793 test_acc=0.3281
Round 196 | selected=[76, 40, 52, 57, 9, 38, 53, 82, 74, 6]
Round 196 | train_loss=1.3899 train_acc=0.4370 test_loss=1.8073 test_acc=0.3141
Round 197 | selected=[6, 43, 48, 44, 19, 91, 29, 50, 2, 85]
Round 197 | train_loss=1.3509 train_acc=0.5074 test_loss=2.0098 test_acc=0.2794
Round 198 | selected=[64, 4, 70, 57, 49, 99, 92, 12, 74, 98]
Round 198 | train_loss=1.3453 train_acc=0.5402 test_loss=2.0981 test_acc=0.2758
Round 199 | selected=[76, 23, 39, 99, 40, 86, 65, 22, 50, 2]
Round 199 | train_loss=1.4401 train_acc=0.4796 test_loss=1.9514 test_acc=0.2902
Round 200 | selected=[16, 42, 72, 36, 65, 80, 61, 64, 49, 91]
Round 200 | train_loss=1.4157 train_acc=0.4834 test_loss=1.8243 test_acc=0.3459
Round 201 | selected=[62, 56, 48, 21, 23, 94, 78, 33, 71, 50]
Round 201 | train_loss=1.2132 train_acc=0.5982 test_loss=1.8162 test_acc=0.3424
Round 202 | selected=[40, 20, 17, 25, 38, 48, 63, 29, 30, 61]
Round 202 | train_loss=1.3399 train_acc=0.5016 test_loss=1.8812 test_acc=0.2997
Round 203 | selected=[51, 72, 77, 0, 40, 53, 14, 8, 55, 43]
Round 203 | train_loss=1.6422 train_acc=0.3640 test_loss=1.8067 test_acc=0.3293
Round 204 | selected=[77, 90, 5, 39, 31, 87, 67, 89, 93, 69]
Round 204 | train_loss=1.4517 train_acc=0.4462 test_loss=1.8451 test_acc=0.3166
Round 205 | selected=[5, 28, 60, 6, 2, 92, 46, 41, 48, 55]
Round 205 | train_loss=1.2259 train_acc=0.5742 test_loss=1.9488 test_acc=0.2875
Round 206 | selected=[45, 9, 15, 19, 41, 76, 66, 61, 42, 49]
Round 206 | train_loss=1.2290 train_acc=0.6342 test_loss=2.0362 test_acc=0.2685
Round 207 | selected=[50, 18, 78, 97, 24, 29, 34, 6, 56, 71]
Round 207 | train_loss=1.3508 train_acc=0.5858 test_loss=1.9564 test_acc=0.3021
Round 208 | selected=[19, 2, 64, 13, 59, 41, 16, 22, 57, 63]
Round 208 | train_loss=1.2456 train_acc=0.6058 test_loss=1.9621 test_acc=0.2697
Round 209 | selected=[86, 73, 71, 81, 21, 4, 64, 41, 24, 0]
Round 209 | train_loss=1.3472 train_acc=0.5162 test_loss=1.8769 test_acc=0.2876
Round 210 | selected=[22, 58, 0, 9, 32, 62, 93, 72, 40, 98]
Round 210 | train_loss=1.3907 train_acc=0.4580 test_loss=1.8534 test_acc=0.3175
Round 211 | selected=[57, 84, 82, 31, 16, 10, 6, 23, 79, 51]
Round 211 | train_loss=1.5371 train_acc=0.4034 test_loss=1.8403 test_acc=0.2981
Round 212 | selected=[6, 15, 98, 81, 67, 85, 66, 90, 74, 62]
Round 212 | train_loss=1.4189 train_acc=0.4796 test_loss=1.8390 test_acc=0.2996
Round 213 | selected=[55, 58, 18, 36, 83, 16, 85, 27, 63, 17]
Round 213 | train_loss=1.3192 train_acc=0.5550 test_loss=1.9606 test_acc=0.2864
Round 214 | selected=[94, 59, 71, 97, 63, 61, 22, 81, 46, 70]
Round 214 | train_loss=1.1919 train_acc=0.6164 test_loss=1.9720 test_acc=0.2887
Round 215 | selected=[61, 16, 47, 25, 78, 39, 52, 74, 91, 76]
Round 215 | train_loss=1.2119 train_acc=0.5944 test_loss=1.8493 test_acc=0.3286
Round 216 | selected=[28, 88, 74, 93, 38, 78, 76, 60, 6, 58]
Round 216 | train_loss=1.2521 train_acc=0.5670 test_loss=1.8382 test_acc=0.3369
Round 217 | selected=[64, 6, 17, 94, 77, 88, 39, 45, 80, 65]
Round 217 | train_loss=1.2826 train_acc=0.5856 test_loss=1.8352 test_acc=0.3180
Round 218 | selected=[65, 20, 57, 82, 92, 97, 76, 83, 19, 5]
Round 218 | train_loss=1.2234 train_acc=0.5774 test_loss=1.9616 test_acc=0.2713
Round 219 | selected=[99, 13, 43, 0, 33, 34, 81, 47, 78, 83]
Round 219 | train_loss=1.0243 train_acc=0.6812 test_loss=1.8322 test_acc=0.3065
Round 220 | selected=[40, 83, 60, 23, 11, 0, 26, 39, 15, 13]
Round 220 | train_loss=1.1007 train_acc=0.6146 test_loss=1.9604 test_acc=0.3144
Round 221 | selected=[22, 49, 12, 27, 19, 77, 99, 50, 61, 79]
Round 221 | train_loss=1.4531 train_acc=0.4644 test_loss=1.9154 test_acc=0.3056
Round 222 | selected=[99, 14, 39, 46, 41, 18, 55, 0, 68, 29]
Round 222 | train_loss=1.1401 train_acc=0.6178 test_loss=1.8986 test_acc=0.3032
Round 223 | selected=[3, 91, 1, 31, 70, 63, 88, 79, 84, 97]
Round 223 | train_loss=1.1811 train_acc=0.6110 test_loss=2.1100 test_acc=0.2780
Round 224 | selected=[54, 59, 88, 26, 60, 94, 98, 81, 5, 33]
Round 224 | train_loss=1.1626 train_acc=0.6258 test_loss=2.2307 test_acc=0.2816
Round 225 | selected=[20, 54, 15, 80, 76, 51, 43, 41, 56, 7]
Round 225 | train_loss=1.2039 train_acc=0.6082 test_loss=2.1839 test_acc=0.2720
Round 226 | selected=[72, 12, 39, 65, 81, 44, 83, 93, 37, 94]
Round 226 | train_loss=1.3636 train_acc=0.5078 test_loss=2.0634 test_acc=0.2922
Round 227 | selected=[75, 10, 40, 31, 0, 83, 54, 14, 37, 15]
Round 227 | train_loss=1.2008 train_acc=0.5924 test_loss=1.8648 test_acc=0.3337
Round 228 | selected=[81, 30, 83, 1, 62, 16, 92, 47, 93, 57]
Round 228 | train_loss=1.2990 train_acc=0.5202 test_loss=1.8207 test_acc=0.3369
Round 229 | selected=[28, 17, 36, 63, 49, 86, 57, 23, 34, 24]
Round 229 | train_loss=1.1417 train_acc=0.6230 test_loss=1.9089 test_acc=0.3205
Round 230 | selected=[84, 7, 13, 54, 61, 82, 0, 71, 42, 20]
Round 230 | train_loss=1.3475 train_acc=0.5540 test_loss=1.8726 test_acc=0.3161
Round 231 | selected=[5, 83, 24, 94, 2, 10, 12, 47, 18, 66]
Round 231 | train_loss=1.2817 train_acc=0.5526 test_loss=1.8560 test_acc=0.3036
Round 232 | selected=[90, 31, 26, 49, 71, 16, 52, 13, 88, 6]
Round 232 | train_loss=1.1271 train_acc=0.6036 test_loss=1.8599 test_acc=0.2959
Round 233 | selected=[50, 91, 28, 97, 49, 40, 7, 37, 73, 62]
Round 233 | train_loss=1.1543 train_acc=0.6364 test_loss=1.8933 test_acc=0.2860
Round 234 | selected=[76, 63, 98, 54, 39, 61, 79, 66, 2, 70]
Round 234 | train_loss=1.2041 train_acc=0.5766 test_loss=1.8769 test_acc=0.3115
Round 235 | selected=[81, 58, 6, 19, 34, 13, 69, 35, 28, 55]
Round 235 | train_loss=1.2702 train_acc=0.5666 test_loss=1.8680 test_acc=0.3223
Round 236 | selected=[89, 0, 40, 81, 23, 76, 71, 79, 27, 61]
Round 236 | train_loss=1.2935 train_acc=0.5176 test_loss=1.7635 test_acc=0.3358
Round 237 | selected=[98, 56, 59, 22, 55, 48, 82, 99, 16, 37]
Round 237 | train_loss=1.2231 train_acc=0.6096 test_loss=1.7699 test_acc=0.3491
Round 238 | selected=[4, 36, 53, 5, 43, 38, 62, 3, 25, 98]
Round 238 | train_loss=1.0983 train_acc=0.6250 test_loss=1.9107 test_acc=0.3061
Round 239 | selected=[40, 6, 11, 30, 74, 32, 61, 5, 93, 31]
Round 239 | train_loss=1.0356 train_acc=0.6422 test_loss=2.1372 test_acc=0.2752
Round 240 | selected=[92, 54, 74, 28, 7, 14, 8, 47, 78, 87]
Round 240 | train_loss=1.1769 train_acc=0.6214 test_loss=2.1913 test_acc=0.2894
Round 241 | selected=[1, 10, 6, 11, 86, 82, 59, 50, 42, 41]
Round 241 | train_loss=1.2645 train_acc=0.5818 test_loss=2.0536 test_acc=0.2699
Round 242 | selected=[30, 12, 68, 52, 89, 81, 6, 79, 2, 26]
Round 242 | train_loss=1.1320 train_acc=0.6100 test_loss=1.8572 test_acc=0.2939
Round 243 | selected=[52, 25, 30, 78, 91, 51, 74, 48, 38, 41]
Round 243 | train_loss=0.9247 train_acc=0.7172 test_loss=1.7252 test_acc=0.3519
Round 244 | selected=[92, 94, 46, 18, 87, 68, 90, 39, 50, 34]
Round 244 | train_loss=1.2371 train_acc=0.5920 test_loss=1.7222 test_acc=0.3760
Round 245 | selected=[32, 97, 99, 45, 85, 73, 52, 71, 75, 59]
Round 245 | train_loss=1.1958 train_acc=0.5552 test_loss=1.7564 test_acc=0.3588
Round 246 | selected=[68, 40, 88, 28, 31, 2, 97, 11, 76, 96]
Round 246 | train_loss=1.1814 train_acc=0.5604 test_loss=1.7291 test_acc=0.3587
Round 247 | selected=[33, 67, 64, 44, 14, 0, 10, 16, 2, 12]
Round 247 | train_loss=1.3833 train_acc=0.4872 test_loss=1.6918 test_acc=0.3578
Round 248 | selected=[55, 9, 28, 20, 78, 59, 6, 80, 77, 4]
Round 248 | train_loss=1.2543 train_acc=0.6010 test_loss=1.8301 test_acc=0.3038
Round 249 | selected=[88, 44, 19, 53, 80, 51, 36, 33, 59, 12]
Round 249 | train_loss=1.1288 train_acc=0.5920 test_loss=2.0456 test_acc=0.2729
Round 250 | selected=[50, 71, 97, 77, 19, 94, 7, 34, 37, 98]
Round 250 | train_loss=1.3399 train_acc=0.5438 test_loss=1.9271 test_acc=0.2839
Round 251 | selected=[7, 72, 46, 24, 9, 82, 3, 22, 26, 21]
Round 251 | train_loss=1.1229 train_acc=0.5410 test_loss=1.7879 test_acc=0.3350
Round 252 | selected=[19, 38, 51, 28, 43, 37, 34, 77, 84, 88]
Round 252 | train_loss=1.1462 train_acc=0.6704 test_loss=1.7563 test_acc=0.3510
Round 253 | selected=[15, 20, 36, 17, 38, 60, 83, 84, 54, 9]
Round 253 | train_loss=1.1277 train_acc=0.6398 test_loss=1.7037 test_acc=0.3770
Round 254 | selected=[47, 81, 1, 36, 32, 18, 40, 59, 94, 89]
Round 254 | train_loss=1.2961 train_acc=0.5312 test_loss=1.6787 test_acc=0.3880
Round 255 | selected=[57, 12, 26, 7, 44, 18, 82, 39, 38, 52]
Round 255 | train_loss=1.0878 train_acc=0.6090 test_loss=1.7442 test_acc=0.3406
Round 256 | selected=[51, 18, 64, 15, 37, 60, 61, 13, 0, 39]
Round 256 | train_loss=1.1820 train_acc=0.5860 test_loss=1.7679 test_acc=0.3429
Round 257 | selected=[13, 60, 6, 27, 31, 36, 12, 83, 81, 52]
Round 257 | train_loss=1.1388 train_acc=0.6190 test_loss=1.7556 test_acc=0.3379
Round 258 | selected=[28, 23, 80, 42, 29, 26, 33, 0, 61, 64]
Round 258 | train_loss=0.8861 train_acc=0.7264 test_loss=1.9106 test_acc=0.3229
Round 259 | selected=[33, 79, 83, 18, 51, 73, 39, 95, 65, 17]
Round 259 | train_loss=1.0879 train_acc=0.6330 test_loss=1.9919 test_acc=0.3375
Round 260 | selected=[41, 95, 84, 0, 63, 59, 47, 54, 29, 83]
Round 260 | train_loss=0.9582 train_acc=0.6884 test_loss=2.0383 test_acc=0.3084
Round 261 | selected=[89, 35, 94, 8, 95, 4, 27, 58, 79, 85]
Round 261 | train_loss=1.0936 train_acc=0.6314 test_loss=2.0897 test_acc=0.3087
Round 262 | selected=[65, 58, 28, 44, 24, 61, 36, 98, 31, 34]
Round 262 | train_loss=1.5311 train_acc=0.4870 test_loss=1.9747 test_acc=0.3231
Round 263 | selected=[27, 31, 88, 50, 52, 47, 38, 90, 77, 17]
Round 263 | train_loss=1.2887 train_acc=0.5492 test_loss=1.9955 test_acc=0.3129
Round 264 | selected=[63, 21, 3, 54, 47, 73, 67, 70, 7, 18]
Round 264 | train_loss=1.0330 train_acc=0.6282 test_loss=1.9760 test_acc=0.2879
Round 265 | selected=[13, 35, 20, 62, 75, 42, 19, 6, 8, 3]
Round 265 | train_loss=1.2022 train_acc=0.5760 test_loss=1.9906 test_acc=0.2525
Round 266 | selected=[51, 92, 85, 77, 46, 73, 70, 65, 68, 35]
Round 266 | train_loss=1.2584 train_acc=0.5376 test_loss=1.8643 test_acc=0.2974
Round 267 | selected=[48, 40, 0, 92, 52, 20, 1, 12, 21, 51]
Round 267 | train_loss=1.0909 train_acc=0.6254 test_loss=1.7698 test_acc=0.3545
Round 268 | selected=[56, 73, 44, 50, 87, 3, 24, 22, 70, 7]
Round 268 | train_loss=0.9673 train_acc=0.6710 test_loss=1.8132 test_acc=0.3531
Round 269 | selected=[46, 82, 1, 72, 2, 14, 0, 85, 42, 33]
Round 269 | train_loss=1.0040 train_acc=0.6298 test_loss=1.9393 test_acc=0.3279
Round 270 | selected=[35, 1, 99, 17, 8, 21, 30, 69, 2, 94]
Round 270 | train_loss=0.9910 train_acc=0.6696 test_loss=2.0265 test_acc=0.2866
Round 271 | selected=[19, 51, 9, 43, 7, 93, 89, 6, 70, 86]
Round 271 | train_loss=1.0890 train_acc=0.6308 test_loss=1.9800 test_acc=0.3110
Round 272 | selected=[73, 75, 32, 2, 60, 85, 66, 3, 46, 59]
Round 272 | train_loss=1.0304 train_acc=0.6502 test_loss=1.9323 test_acc=0.3420
Round 273 | selected=[16, 62, 59, 9, 84, 42, 47, 23, 56, 80]
Round 273 | train_loss=0.9706 train_acc=0.6994 test_loss=1.9149 test_acc=0.3767
Round 274 | selected=[69, 52, 44, 41, 32, 91, 9, 62, 73, 31]
Round 274 | train_loss=0.8198 train_acc=0.7882 test_loss=2.0084 test_acc=0.3425
Round 275 | selected=[33, 62, 86, 46, 88, 90, 40, 13, 69, 44]
Round 275 | train_loss=0.9929 train_acc=0.6790 test_loss=2.1415 test_acc=0.3254
Round 276 | selected=[72, 54, 14, 46, 35, 65, 69, 47, 12, 45]
Round 276 | train_loss=1.1954 train_acc=0.6140 test_loss=2.0605 test_acc=0.3475
Round 277 | selected=[14, 76, 59, 32, 30, 12, 71, 8, 49, 45]
Round 277 | train_loss=1.4345 train_acc=0.4756 test_loss=2.0667 test_acc=0.3388
Round 278 | selected=[35, 81, 52, 8, 99, 67, 56, 32, 94, 3]
Round 278 | train_loss=1.2439 train_acc=0.5606 test_loss=2.1017 test_acc=0.3258
Round 279 | selected=[0, 96, 5, 84, 24, 87, 4, 32, 85, 52]
Round 279 | train_loss=1.0603 train_acc=0.6196 test_loss=2.3125 test_acc=0.3114
Round 280 | selected=[19, 23, 96, 73, 71, 6, 54, 33, 63, 55]
Round 280 | train_loss=1.1656 train_acc=0.6282 test_loss=2.2238 test_acc=0.2566
Round 281 | selected=[98, 22, 19, 95, 55, 15, 45, 84, 87, 3]
Round 281 | train_loss=1.0329 train_acc=0.6514 test_loss=2.1853 test_acc=0.2529
Round 282 | selected=[14, 35, 65, 40, 20, 97, 22, 9, 54, 23]
Round 282 | train_loss=1.3321 train_acc=0.4946 test_loss=1.9417 test_acc=0.2860
Round 283 | selected=[99, 93, 22, 76, 8, 41, 4, 68, 17, 53]
Round 283 | train_loss=1.0975 train_acc=0.6306 test_loss=1.7477 test_acc=0.3417
Round 284 | selected=[16, 27, 33, 44, 50, 80, 9, 2, 37, 85]
Round 284 | train_loss=1.1888 train_acc=0.5496 test_loss=1.6581 test_acc=0.3607
Round 285 | selected=[78, 68, 37, 65, 38, 55, 26, 69, 4, 5]
Round 285 | train_loss=1.0466 train_acc=0.6780 test_loss=1.6760 test_acc=0.3729
Round 286 | selected=[67, 82, 31, 57, 77, 63, 3, 19, 88, 52]
Round 286 | train_loss=1.2560 train_acc=0.5686 test_loss=1.7691 test_acc=0.3594
Round 287 | selected=[85, 53, 10, 91, 43, 18, 52, 78, 5, 1]
Round 287 | train_loss=1.0821 train_acc=0.6100 test_loss=1.6490 test_acc=0.3871
Round 288 | selected=[41, 20, 28, 42, 25, 58, 84, 98, 62, 95]
Round 288 | train_loss=1.1914 train_acc=0.5996 test_loss=1.7378 test_acc=0.3579
Round 289 | selected=[69, 3, 22, 33, 19, 71, 96, 81, 18, 25]
Round 289 | train_loss=1.0459 train_acc=0.6280 test_loss=1.6238 test_acc=0.3868
Round 290 | selected=[41, 4, 24, 67, 16, 53, 22, 97, 34, 64]
Round 290 | train_loss=0.8791 train_acc=0.7186 test_loss=1.6305 test_acc=0.3668
Round 291 | selected=[70, 3, 60, 47, 19, 76, 49, 11, 16, 68]
Round 291 | train_loss=1.0494 train_acc=0.6160 test_loss=1.6485 test_acc=0.3796
Round 292 | selected=[67, 38, 34, 57, 6, 10, 58, 93, 37, 23]
Round 292 | train_loss=1.1315 train_acc=0.6202 test_loss=1.6228 test_acc=0.3723
Round 293 | selected=[64, 44, 21, 12, 90, 11, 98, 33, 43, 19]
Round 293 | train_loss=0.8902 train_acc=0.7194 test_loss=1.7085 test_acc=0.3444
Round 294 | selected=[79, 4, 30, 27, 81, 54, 74, 35, 70, 2]
Round 294 | train_loss=0.8525 train_acc=0.7240 test_loss=1.8254 test_acc=0.3382
Round 295 | selected=[51, 49, 8, 56, 68, 25, 91, 72, 17, 15]
Round 295 | train_loss=1.0480 train_acc=0.6616 test_loss=1.7654 test_acc=0.3416
Round 296 | selected=[57, 76, 33, 72, 30, 8, 96, 38, 19, 21]
Round 296 | train_loss=0.8047 train_acc=0.7404 test_loss=1.8116 test_acc=0.3698
Round 297 | selected=[25, 60, 63, 75, 42, 52, 98, 56, 2, 28]
Round 297 | train_loss=0.8461 train_acc=0.7454 test_loss=1.7204 test_acc=0.3845
Round 298 | selected=[20, 41, 87, 32, 27, 11, 82, 43, 78, 91]
Round 298 | train_loss=0.9925 train_acc=0.6558 test_loss=1.6585 test_acc=0.3708
Round 299 | selected=[93, 89, 79, 33, 90, 2, 8, 56, 95, 4]
Round 299 | train_loss=0.8950 train_acc=0.7174 test_loss=1.8241 test_acc=0.2821
Round 300 | selected=[18, 54, 5, 4, 28, 35, 3, 78, 52, 10]
Round 300 | train_loss=0.8890 train_acc=0.7056 test_loss=1.8622 test_acc=0.2668
Round 301 | selected=[57, 8, 13, 5, 68, 95, 77, 79, 63, 48]
Round 301 | train_loss=0.8847 train_acc=0.7304 test_loss=1.8501 test_acc=0.2811
Round 302 | selected=[32, 84, 30, 86, 90, 60, 35, 64, 11, 53]
Round 302 | train_loss=0.9013 train_acc=0.6940 test_loss=1.8231 test_acc=0.3082
Round 303 | selected=[88, 43, 9, 28, 61, 48, 76, 21, 93, 59]
Round 303 | train_loss=0.9154 train_acc=0.6656 test_loss=1.8385 test_acc=0.3001
Round 304 | selected=[99, 51, 95, 89, 34, 10, 83, 42, 52, 62]
Round 304 | train_loss=0.7932 train_acc=0.7560 test_loss=1.7891 test_acc=0.3261
Round 305 | selected=[58, 12, 79, 28, 53, 81, 38, 14, 27, 46]
Round 305 | train_loss=1.0389 train_acc=0.6338 test_loss=1.6646 test_acc=0.3845
Round 306 | selected=[31, 95, 87, 82, 20, 12, 72, 18, 1, 62]
Round 306 | train_loss=1.0541 train_acc=0.6418 test_loss=1.8582 test_acc=0.3298
Round 307 | selected=[10, 31, 28, 13, 60, 35, 36, 52, 72, 84]
Round 307 | train_loss=0.9639 train_acc=0.6898 test_loss=1.8392 test_acc=0.3430
Round 308 | selected=[19, 9, 52, 28, 35, 4, 21, 2, 57, 98]
Round 308 | train_loss=0.7587 train_acc=0.7718 test_loss=1.7052 test_acc=0.3600
Round 309 | selected=[67, 6, 27, 51, 74, 58, 40, 38, 71, 98]
Round 309 | train_loss=0.9926 train_acc=0.6586 test_loss=1.6901 test_acc=0.3908
Round 310 | selected=[83, 11, 66, 73, 23, 12, 34, 1, 65, 63]
Round 310 | train_loss=0.9713 train_acc=0.7038 test_loss=1.5285 test_acc=0.4257
Round 311 | selected=[5, 43, 81, 92, 82, 89, 93, 56, 16, 28]
Round 311 | train_loss=0.9346 train_acc=0.6746 test_loss=1.7341 test_acc=0.3793
Round 312 | selected=[53, 73, 61, 62, 91, 83, 45, 89, 1, 50]
Round 312 | train_loss=0.7524 train_acc=0.7686 test_loss=1.8984 test_acc=0.3244
Round 313 | selected=[17, 3, 77, 14, 99, 96, 21, 20, 42, 79]
Round 313 | train_loss=0.9730 train_acc=0.6482 test_loss=1.8588 test_acc=0.3383
Round 314 | selected=[47, 58, 81, 46, 24, 49, 60, 82, 80, 53]
Round 314 | train_loss=0.9939 train_acc=0.6482 test_loss=2.1079 test_acc=0.3144
Round 315 | selected=[99, 29, 20, 39, 60, 58, 18, 44, 32, 95]
Round 315 | train_loss=0.9465 train_acc=0.6750 test_loss=2.3867 test_acc=0.2689
Round 316 | selected=[42, 77, 38, 74, 99, 34, 78, 86, 52, 46]
Round 316 | train_loss=0.9624 train_acc=0.7160 test_loss=2.5699 test_acc=0.2967
Round 317 | selected=[0, 47, 94, 5, 29, 50, 40, 99, 11, 31]
Round 317 | train_loss=0.9437 train_acc=0.6616 test_loss=2.7986 test_acc=0.2669
Round 318 | selected=[51, 84, 92, 16, 17, 19, 31, 34, 39, 99]
Round 318 | train_loss=1.3228 train_acc=0.5994 test_loss=2.3844 test_acc=0.2809
Round 319 | selected=[55, 58, 37, 65, 9, 52, 88, 94, 93, 72]
Round 319 | train_loss=1.2490 train_acc=0.5944 test_loss=2.2382 test_acc=0.2843
Round 320 | selected=[25, 28, 5, 81, 2, 76, 54, 30, 91, 75]
Round 320 | train_loss=1.0508 train_acc=0.6480 test_loss=2.1950 test_acc=0.2589
Round 321 | selected=[59, 53, 29, 97, 15, 41, 8, 52, 9, 10]
Round 321 | train_loss=1.0570 train_acc=0.6078 test_loss=2.0436 test_acc=0.3263
Round 322 | selected=[64, 27, 71, 18, 47, 35, 33, 74, 13, 43]
Round 322 | train_loss=1.1121 train_acc=0.6008 test_loss=1.6913 test_acc=0.3619
Round 323 | selected=[87, 9, 65, 74, 79, 95, 68, 57, 23, 97]
Round 323 | train_loss=0.9307 train_acc=0.6990 test_loss=1.8351 test_acc=0.3344
Round 324 | selected=[70, 79, 67, 45, 40, 54, 75, 36, 24, 51]
Round 324 | train_loss=1.1069 train_acc=0.6132 test_loss=1.7631 test_acc=0.3327
Round 325 | selected=[61, 55, 1, 25, 50, 8, 98, 86, 33, 70]
Round 325 | train_loss=1.0490 train_acc=0.6228 test_loss=1.6584 test_acc=0.3721
Round 326 | selected=[16, 41, 52, 36, 70, 17, 46, 53, 15, 11]
Round 326 | train_loss=0.8793 train_acc=0.7058 test_loss=1.6466 test_acc=0.3779
Round 327 | selected=[18, 8, 66, 72, 4, 89, 6, 22, 24, 79]
Round 327 | train_loss=0.9138 train_acc=0.7090 test_loss=1.6959 test_acc=0.3937
Round 328 | selected=[29, 97, 11, 94, 7, 78, 20, 98, 4, 56]
Round 328 | train_loss=0.8699 train_acc=0.7176 test_loss=1.8041 test_acc=0.3813
Round 329 | selected=[5, 51, 84, 77, 81, 48, 38, 4, 93, 22]
Round 329 | train_loss=1.1035 train_acc=0.5812 test_loss=1.8893 test_acc=0.3557
Round 330 | selected=[25, 59, 48, 13, 38, 44, 95, 15, 50, 76]
Round 330 | train_loss=0.9466 train_acc=0.6650 test_loss=1.7696 test_acc=0.3544
Round 331 | selected=[73, 30, 33, 26, 69, 32, 62, 57, 11, 27]
Round 331 | train_loss=0.7208 train_acc=0.7806 test_loss=1.7726 test_acc=0.3519
Round 332 | selected=[33, 69, 48, 80, 19, 75, 14, 17, 35, 13]
Round 332 | train_loss=0.7656 train_acc=0.7510 test_loss=1.8362 test_acc=0.3622
Round 333 | selected=[52, 33, 71, 76, 63, 57, 85, 96, 58, 88]
Round 333 | train_loss=0.9754 train_acc=0.6954 test_loss=1.9721 test_acc=0.3380
Round 334 | selected=[30, 82, 24, 50, 10, 71, 11, 85, 21, 36]
Round 334 | train_loss=1.1447 train_acc=0.5984 test_loss=1.9168 test_acc=0.3721
Round 335 | selected=[38, 58, 44, 18, 32, 88, 75, 78, 22, 42]
Round 335 | train_loss=1.0649 train_acc=0.6352 test_loss=1.9604 test_acc=0.3534
Round 336 | selected=[67, 45, 87, 37, 74, 95, 30, 76, 34, 27]
Round 336 | train_loss=1.0597 train_acc=0.6684 test_loss=1.8698 test_acc=0.3499
Round 337 | selected=[66, 13, 43, 42, 37, 2, 97, 35, 79, 38]
Round 337 | train_loss=0.8980 train_acc=0.7044 test_loss=1.8126 test_acc=0.3673
Round 338 | selected=[36, 58, 25, 46, 22, 73, 76, 26, 0, 79]
Round 338 | train_loss=0.9051 train_acc=0.6896 test_loss=1.7335 test_acc=0.3753
Round 339 | selected=[88, 72, 10, 23, 22, 8, 52, 0, 93, 5]
Round 339 | train_loss=1.0109 train_acc=0.6042 test_loss=1.7597 test_acc=0.3341
Round 340 | selected=[16, 2, 65, 33, 43, 31, 61, 75, 95, 7]
Round 340 | train_loss=0.8596 train_acc=0.6916 test_loss=1.6988 test_acc=0.3454
Round 341 | selected=[22, 53, 1, 49, 64, 83, 93, 46, 5, 45]
Round 341 | train_loss=0.8415 train_acc=0.6998 test_loss=1.6625 test_acc=0.3602
Round 342 | selected=[6, 26, 29, 10, 86, 82, 50, 95, 56, 21]
Round 342 | train_loss=0.8013 train_acc=0.7612 test_loss=1.6854 test_acc=0.3597
Round 343 | selected=[31, 10, 28, 40, 93, 79, 88, 0, 69, 72]
Round 343 | train_loss=1.0170 train_acc=0.6374 test_loss=1.7557 test_acc=0.3286
Round 344 | selected=[29, 0, 96, 5, 15, 89, 6, 11, 62, 34]
Round 344 | train_loss=0.8103 train_acc=0.7168 test_loss=1.7901 test_acc=0.3173
Round 345 | selected=[7, 82, 42, 57, 92, 60, 33, 66, 99, 76]
Round 345 | train_loss=0.9154 train_acc=0.6848 test_loss=1.7613 test_acc=0.3538
Round 346 | selected=[4, 0, 35, 44, 49, 36, 72, 92, 31, 17]
Round 346 | train_loss=0.8119 train_acc=0.7254 test_loss=1.7821 test_acc=0.3616
Round 347 | selected=[34, 52, 90, 33, 25, 95, 78, 43, 83, 35]
Round 347 | train_loss=0.6421 train_acc=0.8072 test_loss=1.7898 test_acc=0.3077
Round 348 | selected=[69, 0, 84, 83, 38, 1, 11, 14, 77, 19]
Round 348 | train_loss=0.9169 train_acc=0.6912 test_loss=1.6477 test_acc=0.3554
Round 349 | selected=[69, 63, 98, 65, 43, 99, 71, 96, 19, 5]
Round 349 | train_loss=0.8478 train_acc=0.7222 test_loss=1.6252 test_acc=0.3867
Round 350 | selected=[33, 84, 54, 79, 8, 56, 12, 95, 59, 49]
Round 350 | train_loss=0.8619 train_acc=0.7138 test_loss=1.6465 test_acc=0.3985
Round 351 | selected=[82, 48, 7, 99, 89, 71, 40, 83, 5, 67]
Round 351 | train_loss=0.7196 train_acc=0.7930 test_loss=1.7263 test_acc=0.3830
Round 352 | selected=[73, 99, 4, 45, 26, 95, 70, 34, 78, 82]
Round 352 | train_loss=0.6767 train_acc=0.7956 test_loss=1.7188 test_acc=0.3806
Round 353 | selected=[55, 90, 51, 72, 0, 44, 28, 19, 85, 49]
Round 353 | train_loss=0.9114 train_acc=0.6856 test_loss=1.6363 test_acc=0.4005
Round 354 | selected=[90, 15, 82, 98, 80, 51, 42, 71, 10, 58]
Round 354 | train_loss=1.0716 train_acc=0.6150 test_loss=1.6351 test_acc=0.3690
Round 355 | selected=[53, 88, 1, 75, 70, 91, 87, 35, 51, 68]
Round 355 | train_loss=0.8507 train_acc=0.7292 test_loss=1.5965 test_acc=0.3918
Round 356 | selected=[80, 43, 32, 94, 27, 61, 69, 17, 71, 36]
Round 356 | train_loss=1.0184 train_acc=0.6768 test_loss=1.6739 test_acc=0.3743
Round 357 | selected=[61, 19, 30, 31, 38, 99, 3, 64, 36, 7]
Round 357 | train_loss=1.0227 train_acc=0.6156 test_loss=1.6438 test_acc=0.3779
Round 358 | selected=[33, 92, 3, 23, 19, 22, 83, 62, 38, 70]
Round 358 | train_loss=0.7503 train_acc=0.7302 test_loss=1.5724 test_acc=0.3918
Round 359 | selected=[84, 33, 94, 19, 31, 57, 43, 73, 35, 32]
Round 359 | train_loss=0.7184 train_acc=0.7608 test_loss=1.5339 test_acc=0.4147
Round 360 | selected=[44, 87, 52, 29, 58, 57, 60, 40, 72, 82]
Round 360 | train_loss=0.7926 train_acc=0.7376 test_loss=1.5413 test_acc=0.4201
Round 361 | selected=[22, 95, 67, 89, 4, 75, 31, 8, 53, 1]
Round 361 | train_loss=0.7401 train_acc=0.7470 test_loss=1.6679 test_acc=0.4150
Round 362 | selected=[85, 31, 1, 26, 88, 53, 37, 57, 95, 9]
Round 362 | train_loss=0.7697 train_acc=0.7722 test_loss=1.5987 test_acc=0.4272
Round 363 | selected=[90, 80, 88, 6, 37, 33, 60, 84, 64, 32]
Round 363 | train_loss=0.8574 train_acc=0.7290 test_loss=1.6098 test_acc=0.4270
Round 364 | selected=[89, 51, 39, 85, 69, 68, 18, 57, 49, 71]
Round 364 | train_loss=0.7404 train_acc=0.7608 test_loss=1.5862 test_acc=0.4269
Round 365 | selected=[89, 54, 97, 58, 49, 83, 29, 0, 74, 7]
Round 365 | train_loss=0.7068 train_acc=0.7592 test_loss=1.6108 test_acc=0.4106
Round 366 | selected=[27, 13, 20, 96, 58, 21, 51, 70, 8, 34]
Round 366 | train_loss=0.8743 train_acc=0.6880 test_loss=1.6251 test_acc=0.3991
Round 367 | selected=[63, 0, 10, 54, 85, 3, 94, 83, 28, 73]
Round 367 | train_loss=1.0050 train_acc=0.6592 test_loss=1.6464 test_acc=0.3986
Round 368 | selected=[38, 26, 28, 4, 80, 33, 87, 81, 34, 25]
Round 368 | train_loss=0.8459 train_acc=0.7160 test_loss=1.6425 test_acc=0.3978
Round 369 | selected=[86, 5, 0, 18, 41, 47, 49, 80, 10, 68]
Round 369 | train_loss=0.7694 train_acc=0.7192 test_loss=1.7515 test_acc=0.3471
Round 370 | selected=[47, 82, 1, 0, 83, 66, 52, 62, 68, 94]
Round 370 | train_loss=0.8907 train_acc=0.7092 test_loss=1.8527 test_acc=0.3048
Round 371 | selected=[39, 14, 71, 13, 75, 2, 34, 26, 37, 21]
Round 371 | train_loss=0.8907 train_acc=0.6908 test_loss=1.6666 test_acc=0.3672
Round 372 | selected=[28, 90, 25, 83, 36, 32, 74, 87, 14, 30]
Round 372 | train_loss=0.8700 train_acc=0.7172 test_loss=1.7314 test_acc=0.3472
Round 373 | selected=[53, 26, 24, 0, 28, 66, 58, 9, 22, 74]
Round 373 | train_loss=0.9600 train_acc=0.6156 test_loss=1.6531 test_acc=0.3821
Round 374 | selected=[73, 56, 29, 51, 65, 62, 9, 16, 97, 48]
Round 374 | train_loss=0.8760 train_acc=0.7224 test_loss=1.5807 test_acc=0.4126
Round 375 | selected=[53, 66, 63, 32, 48, 95, 70, 81, 5, 2]
Round 375 | train_loss=0.9006 train_acc=0.7014 test_loss=1.6693 test_acc=0.3828
Round 376 | selected=[51, 27, 69, 85, 38, 74, 26, 90, 24, 16]
Round 376 | train_loss=0.8078 train_acc=0.7330 test_loss=1.7267 test_acc=0.3933
Round 377 | selected=[10, 83, 60, 57, 89, 91, 42, 46, 82, 53]
Round 377 | train_loss=0.6637 train_acc=0.8060 test_loss=1.8637 test_acc=0.3697
Round 378 | selected=[0, 79, 2, 39, 88, 28, 63, 81, 1, 56]
Round 378 | train_loss=1.0420 train_acc=0.6382 test_loss=1.7465 test_acc=0.3838
Round 379 | selected=[19, 27, 16, 88, 7, 42, 65, 36, 97, 28]
Round 379 | train_loss=1.2348 train_acc=0.5460 test_loss=1.5978 test_acc=0.4131
Round 380 | selected=[40, 23, 7, 11, 53, 0, 60, 78, 95, 1]
Round 380 | train_loss=0.7318 train_acc=0.7586 test_loss=1.6015 test_acc=0.4391
Round 381 | selected=[97, 32, 19, 11, 34, 87, 49, 48, 83, 60]
Round 381 | train_loss=0.7232 train_acc=0.7602 test_loss=1.6272 test_acc=0.4039
Round 382 | selected=[63, 56, 31, 73, 42, 75, 14, 33, 76, 57]
Round 382 | train_loss=0.6551 train_acc=0.7946 test_loss=1.6886 test_acc=0.3706
Round 383 | selected=[22, 94, 51, 6, 1, 14, 90, 8, 0, 23]
Round 383 | train_loss=1.0237 train_acc=0.6150 test_loss=1.6395 test_acc=0.3741
Round 384 | selected=[92, 74, 51, 65, 67, 76, 59, 25, 72, 97]
Round 384 | train_loss=0.9287 train_acc=0.6760 test_loss=1.6536 test_acc=0.3924
Round 385 | selected=[94, 99, 12, 70, 59, 26, 31, 40, 84, 11]
Round 385 | train_loss=0.8010 train_acc=0.7392 test_loss=1.5968 test_acc=0.4179
Round 386 | selected=[37, 54, 88, 20, 94, 61, 43, 80, 4, 29]
Round 386 | train_loss=0.8551 train_acc=0.7172 test_loss=1.5152 test_acc=0.4262
Round 387 | selected=[66, 16, 80, 70, 1, 36, 90, 56, 65, 9]
Round 387 | train_loss=1.0386 train_acc=0.6284 test_loss=1.5649 test_acc=0.4169
Round 388 | selected=[24, 63, 91, 99, 53, 43, 62, 47, 55, 70]
Round 388 | train_loss=0.7782 train_acc=0.7418 test_loss=1.6388 test_acc=0.4211
Round 389 | selected=[65, 21, 41, 35, 20, 40, 22, 78, 15, 32]
Round 389 | train_loss=0.8357 train_acc=0.7252 test_loss=1.5749 test_acc=0.4367
Round 390 | selected=[72, 45, 76, 80, 93, 54, 20, 49, 86, 64]
Round 390 | train_loss=0.9701 train_acc=0.6700 test_loss=1.6403 test_acc=0.3943
Round 391 | selected=[49, 29, 34, 35, 63, 18, 3, 44, 96, 24]
Round 391 | train_loss=0.7935 train_acc=0.7480 test_loss=1.5750 test_acc=0.4075
Round 392 | selected=[12, 31, 21, 78, 84, 40, 33, 91, 19, 14]
Round 392 | train_loss=0.8078 train_acc=0.7226 test_loss=1.6268 test_acc=0.4075
Round 393 | selected=[82, 87, 56, 39, 27, 64, 84, 78, 1, 98]
Round 393 | train_loss=1.0363 train_acc=0.6230 test_loss=1.6950 test_acc=0.3753
Round 394 | selected=[67, 40, 92, 19, 77, 72, 81, 0, 34, 15]
Round 394 | train_loss=0.9812 train_acc=0.6692 test_loss=1.7724 test_acc=0.3657
Round 395 | selected=[62, 65, 34, 49, 47, 97, 66, 12, 45, 26]
Round 395 | train_loss=0.8167 train_acc=0.7344 test_loss=1.8839 test_acc=0.3436
Round 396 | selected=[66, 74, 94, 5, 93, 60, 2, 75, 22, 85]
Round 396 | train_loss=0.8700 train_acc=0.6762 test_loss=1.9708 test_acc=0.3378
Round 397 | selected=[13, 37, 42, 93, 58, 54, 9, 50, 75, 35]
Round 397 | train_loss=0.8562 train_acc=0.6850 test_loss=1.8879 test_acc=0.3514
Round 398 | selected=[42, 70, 13, 45, 43, 32, 17, 22, 87, 50]
Round 398 | train_loss=0.8013 train_acc=0.7214 test_loss=1.7358 test_acc=0.3958
Round 399 | selected=[88, 56, 36, 70, 41, 44, 39, 46, 93, 37]
Round 399 | train_loss=0.9622 train_acc=0.6628 test_loss=1.4923 test_acc=0.4471
Round 400 | selected=[14, 99, 3, 21, 87, 38, 86, 93, 94, 67]
Round 400 | train_loss=1.0322 train_acc=0.6520 test_loss=1.5574 test_acc=0.4220
Round 401 | selected=[1, 76, 41, 84, 67, 55, 70, 56, 37, 31]
Round 401 | train_loss=0.8279 train_acc=0.7222 test_loss=1.7509 test_acc=0.3692
Round 402 | selected=[88, 97, 80, 43, 56, 12, 0, 54, 93, 72]
Round 402 | train_loss=1.1261 train_acc=0.6174 test_loss=1.7270 test_acc=0.3747
Round 403 | selected=[22, 53, 57, 86, 56, 68, 21, 47, 74, 73]
Round 403 | train_loss=0.6928 train_acc=0.7778 test_loss=1.9126 test_acc=0.3379
Round 404 | selected=[94, 54, 73, 95, 3, 36, 4, 64, 45, 29]
Round 404 | train_loss=1.0218 train_acc=0.6510 test_loss=2.0498 test_acc=0.2985
Round 405 | selected=[58, 21, 63, 16, 73, 93, 30, 70, 34, 54]
Round 405 | train_loss=0.9395 train_acc=0.6962 test_loss=2.1650 test_acc=0.2629
Round 406 | selected=[55, 81, 49, 89, 16, 50, 27, 76, 99, 79]
Round 406 | train_loss=1.2216 train_acc=0.5678 test_loss=1.9181 test_acc=0.2501
Round 407 | selected=[18, 99, 11, 35, 91, 70, 7, 23, 46, 65]
Round 407 | train_loss=0.8411 train_acc=0.7366 test_loss=1.7234 test_acc=0.3947
Round 408 | selected=[55, 23, 60, 78, 67, 48, 56, 59, 45, 8]
Round 408 | train_loss=0.7812 train_acc=0.7548 test_loss=1.8928 test_acc=0.3593
Round 409 | selected=[51, 34, 37, 11, 22, 88, 86, 77, 56, 79]
Round 409 | train_loss=1.0692 train_acc=0.6422 test_loss=1.8394 test_acc=0.3774
Round 410 | selected=[59, 47, 34, 27, 45, 11, 51, 14, 42, 46]
Round 410 | train_loss=0.9677 train_acc=0.6706 test_loss=1.8119 test_acc=0.3695
Round 411 | selected=[20, 97, 55, 64, 75, 63, 15, 95, 35, 13]
Round 411 | train_loss=0.9730 train_acc=0.6836 test_loss=1.8819 test_acc=0.3273
Round 412 | selected=[0, 12, 32, 63, 14, 50, 94, 21, 54, 52]
Round 412 | train_loss=0.9579 train_acc=0.6664 test_loss=1.8373 test_acc=0.3200
Round 413 | selected=[52, 85, 22, 3, 14, 19, 49, 47, 98, 1]
Round 413 | train_loss=0.8584 train_acc=0.6918 test_loss=1.7676 test_acc=0.3781
Round 414 | selected=[53, 83, 96, 50, 57, 93, 87, 44, 95, 85]
Round 414 | train_loss=0.8569 train_acc=0.7172 test_loss=1.8234 test_acc=0.3518
Round 415 | selected=[55, 24, 30, 66, 43, 39, 44, 33, 90, 8]
Round 415 | train_loss=0.9366 train_acc=0.6946 test_loss=1.7334 test_acc=0.3758
Round 416 | selected=[84, 92, 44, 13, 91, 28, 74, 58, 96, 72]
Round 416 | train_loss=0.8206 train_acc=0.7268 test_loss=1.6113 test_acc=0.4039
Round 417 | selected=[11, 67, 2, 85, 28, 87, 82, 5, 59, 68]
Round 417 | train_loss=0.9327 train_acc=0.6956 test_loss=1.7287 test_acc=0.3443
Round 418 | selected=[85, 39, 80, 93, 96, 82, 41, 60, 81, 25]
Round 418 | train_loss=0.9563 train_acc=0.6766 test_loss=1.7527 test_acc=0.3335
Round 419 | selected=[18, 8, 87, 33, 55, 95, 64, 74, 62, 31]
Round 419 | train_loss=0.9558 train_acc=0.6588 test_loss=1.5877 test_acc=0.3792
Round 420 | selected=[97, 74, 13, 77, 54, 18, 72, 86, 67, 63]
Round 420 | train_loss=0.8853 train_acc=0.7278 test_loss=1.6428 test_acc=0.3717
Round 421 | selected=[77, 16, 23, 27, 98, 37, 33, 88, 67, 40]
Round 421 | train_loss=0.9281 train_acc=0.6718 test_loss=1.7636 test_acc=0.3637
Round 422 | selected=[25, 88, 81, 31, 72, 96, 26, 69, 94, 36]
Round 422 | train_loss=1.0199 train_acc=0.6490 test_loss=1.6984 test_acc=0.3703
Round 423 | selected=[75, 89, 24, 37, 5, 67, 48, 21, 59, 99]
Round 423 | train_loss=0.7776 train_acc=0.7520 test_loss=1.6121 test_acc=0.3901
Round 424 | selected=[80, 52, 4, 99, 67, 96, 60, 20, 93, 32]
Round 424 | train_loss=0.8166 train_acc=0.7008 test_loss=1.6445 test_acc=0.4073
Round 425 | selected=[48, 2, 25, 0, 77, 76, 58, 73, 24, 35]
Round 425 | train_loss=0.8817 train_acc=0.6932 test_loss=1.5164 test_acc=0.4573
Round 426 | selected=[15, 63, 75, 85, 80, 47, 93, 69, 54, 68]
Round 426 | train_loss=0.8530 train_acc=0.7328 test_loss=1.4027 test_acc=0.4823
Round 427 | selected=[14, 27, 90, 69, 13, 53, 19, 76, 93, 39]
Round 427 | train_loss=0.9625 train_acc=0.6542 test_loss=1.4530 test_acc=0.4694
Round 428 | selected=[96, 63, 38, 81, 43, 83, 99, 18, 53, 37]
Round 428 | train_loss=0.8777 train_acc=0.7106 test_loss=1.4236 test_acc=0.4783
Round 429 | selected=[29, 18, 25, 69, 89, 73, 31, 16, 5, 54]
Round 429 | train_loss=0.7431 train_acc=0.7326 test_loss=1.5111 test_acc=0.4456
Round 430 | selected=[29, 60, 98, 53, 28, 69, 54, 38, 96, 67]
Round 430 | train_loss=0.6929 train_acc=0.7526 test_loss=1.5300 test_acc=0.4212
Round 431 | selected=[40, 64, 45, 59, 56, 6, 55, 62, 7, 91]
Round 431 | train_loss=0.8473 train_acc=0.7260 test_loss=1.6501 test_acc=0.4154
Round 432 | selected=[75, 14, 87, 72, 3, 38, 24, 49, 76, 16]
Round 432 | train_loss=1.0078 train_acc=0.6334 test_loss=1.7048 test_acc=0.4009
Round 433 | selected=[62, 0, 71, 32, 10, 13, 84, 20, 99, 26]
Round 433 | train_loss=0.8366 train_acc=0.7022 test_loss=1.8816 test_acc=0.3766
Round 434 | selected=[28, 61, 82, 92, 72, 18, 15, 47, 87, 11]
Round 434 | train_loss=0.8876 train_acc=0.7000 test_loss=1.9962 test_acc=0.3471
Round 435 | selected=[82, 0, 77, 4, 65, 13, 99, 11, 30, 43]
Round 435 | train_loss=0.8900 train_acc=0.6966 test_loss=2.0133 test_acc=0.3398
Round 436 | selected=[67, 10, 73, 65, 20, 47, 24, 90, 92, 91]
Round 436 | train_loss=1.0273 train_acc=0.6156 test_loss=1.7536 test_acc=0.3577
Round 437 | selected=[49, 23, 34, 82, 80, 2, 67, 93, 42, 14]
Round 437 | train_loss=0.8992 train_acc=0.6686 test_loss=1.8125 test_acc=0.3538
Round 438 | selected=[6, 60, 46, 3, 89, 1, 91, 47, 88, 72]
Round 438 | train_loss=0.8097 train_acc=0.7412 test_loss=2.0014 test_acc=0.3335
Round 439 | selected=[51, 79, 59, 7, 4, 72, 10, 71, 16, 1]
Round 439 | train_loss=0.9533 train_acc=0.6742 test_loss=1.6262 test_acc=0.4334
Round 440 | selected=[43, 59, 74, 90, 53, 26, 38, 86, 48, 2]
Round 440 | train_loss=0.6533 train_acc=0.7716 test_loss=1.5429 test_acc=0.4450
Round 441 | selected=[78, 79, 24, 1, 87, 61, 33, 85, 54, 96]
Round 441 | train_loss=0.7914 train_acc=0.7056 test_loss=1.6285 test_acc=0.4147
Round 442 | selected=[50, 29, 11, 71, 20, 9, 85, 67, 2, 42]
Round 442 | train_loss=0.7594 train_acc=0.7402 test_loss=1.6562 test_acc=0.4148
Round 443 | selected=[97, 7, 81, 6, 39, 34, 76, 65, 84, 17]
Round 443 | train_loss=0.9961 train_acc=0.6406 test_loss=1.5426 test_acc=0.4376
Round 444 | selected=[23, 68, 64, 41, 17, 51, 34, 78, 12, 57]
Round 444 | train_loss=0.8913 train_acc=0.7174 test_loss=1.5401 test_acc=0.4313
Round 445 | selected=[18, 10, 28, 70, 45, 4, 60, 49, 58, 8]
Round 445 | train_loss=0.8188 train_acc=0.7172 test_loss=1.4782 test_acc=0.4432
Round 446 | selected=[47, 51, 45, 62, 53, 80, 22, 0, 83, 96]
Round 446 | train_loss=0.7479 train_acc=0.7522 test_loss=1.5683 test_acc=0.3985
Round 447 | selected=[60, 45, 43, 88, 29, 46, 67, 25, 74, 51]
Round 447 | train_loss=0.7178 train_acc=0.7634 test_loss=1.6088 test_acc=0.3956
Round 448 | selected=[86, 26, 20, 74, 45, 82, 94, 33, 81, 58]
Round 448 | train_loss=0.7851 train_acc=0.7478 test_loss=1.8313 test_acc=0.3432
Round 449 | selected=[86, 78, 90, 22, 24, 39, 5, 77, 4, 71]
Round 449 | train_loss=0.8867 train_acc=0.7012 test_loss=1.7589 test_acc=0.4008
Round 450 | selected=[84, 1, 17, 43, 94, 12, 76, 46, 80, 66]
Round 450 | train_loss=0.8333 train_acc=0.7256 test_loss=1.6669 test_acc=0.4249
Round 451 | selected=[60, 69, 13, 97, 79, 39, 4, 19, 94, 46]
Round 451 | train_loss=0.7751 train_acc=0.7450 test_loss=1.5781 test_acc=0.4415
Round 452 | selected=[77, 45, 56, 97, 1, 59, 14, 89, 21, 85]
Round 452 | train_loss=0.8144 train_acc=0.7048 test_loss=1.5421 test_acc=0.4432
Round 453 | selected=[90, 48, 83, 53, 95, 14, 67, 60, 29, 69]
Round 453 | train_loss=0.6363 train_acc=0.7788 test_loss=1.5639 test_acc=0.4338
Round 454 | selected=[89, 93, 2, 74, 64, 62, 13, 15, 68, 1]
Round 454 | train_loss=0.8780 train_acc=0.6900 test_loss=1.4068 test_acc=0.4805
Round 455 | selected=[61, 85, 10, 66, 62, 43, 98, 37, 91, 30]
Round 455 | train_loss=0.7849 train_acc=0.7418 test_loss=1.4061 test_acc=0.4721
Round 456 | selected=[45, 87, 41, 25, 34, 18, 33, 11, 39, 83]
Round 456 | train_loss=0.6787 train_acc=0.7894 test_loss=1.5154 test_acc=0.4541
Round 457 | selected=[86, 23, 31, 68, 55, 17, 15, 97, 43, 4]
Round 457 | train_loss=0.8806 train_acc=0.7072 test_loss=1.5262 test_acc=0.4507
Round 458 | selected=[67, 90, 85, 55, 16, 37, 75, 66, 92, 53]
Round 458 | train_loss=0.7856 train_acc=0.7372 test_loss=1.4568 test_acc=0.4300
Round 459 | selected=[49, 26, 79, 37, 92, 63, 55, 90, 99, 22]
Round 459 | train_loss=0.6309 train_acc=0.8094 test_loss=1.5207 test_acc=0.4244
Round 460 | selected=[70, 97, 61, 88, 4, 64, 86, 22, 31, 29]
Round 460 | train_loss=0.7301 train_acc=0.7542 test_loss=1.5806 test_acc=0.4240
Round 461 | selected=[70, 40, 21, 10, 3, 68, 37, 83, 1, 98]
Round 461 | train_loss=0.7279 train_acc=0.7558 test_loss=1.6194 test_acc=0.3984
Round 462 | selected=[15, 96, 85, 22, 99, 84, 51, 55, 1, 28]
Round 462 | train_loss=0.7498 train_acc=0.7416 test_loss=1.5564 test_acc=0.4338
Round 463 | selected=[53, 45, 91, 54, 6, 24, 7, 16, 67, 97]
Round 463 | train_loss=0.7445 train_acc=0.7690 test_loss=1.6197 test_acc=0.4592
Round 464 | selected=[35, 71, 4, 89, 80, 52, 44, 36, 42, 11]
Round 464 | train_loss=0.5937 train_acc=0.8132 test_loss=1.6876 test_acc=0.4533
Round 465 | selected=[86, 1, 57, 68, 31, 74, 88, 20, 21, 91]
Round 465 | train_loss=0.7934 train_acc=0.7654 test_loss=1.4575 test_acc=0.4814
Round 466 | selected=[76, 52, 42, 1, 80, 10, 88, 58, 95, 8]
Round 466 | train_loss=0.8136 train_acc=0.7176 test_loss=1.3984 test_acc=0.4852
Round 467 | selected=[17, 25, 53, 69, 83, 98, 3, 7, 21, 87]
Round 467 | train_loss=0.6499 train_acc=0.7988 test_loss=1.4052 test_acc=0.4764
Round 468 | selected=[30, 99, 10, 33, 74, 59, 14, 25, 32, 86]
Round 468 | train_loss=0.7536 train_acc=0.7260 test_loss=1.4341 test_acc=0.4587
Round 469 | selected=[70, 75, 76, 19, 21, 90, 66, 14, 82, 33]
Round 469 | train_loss=0.7353 train_acc=0.7512 test_loss=1.5302 test_acc=0.4341
Round 470 | selected=[78, 83, 38, 49, 53, 81, 37, 76, 31, 4]
Round 470 | train_loss=0.6099 train_acc=0.8072 test_loss=1.7089 test_acc=0.3934
Round 471 | selected=[26, 61, 25, 15, 39, 66, 71, 72, 1, 40]
Round 471 | train_loss=0.9707 train_acc=0.6832 test_loss=1.6960 test_acc=0.3793
Round 472 | selected=[29, 8, 95, 0, 51, 62, 73, 68, 61, 24]
Round 472 | train_loss=0.7199 train_acc=0.7584 test_loss=1.5724 test_acc=0.4073
Round 473 | selected=[95, 28, 49, 83, 11, 31, 1, 65, 63, 74]
Round 473 | train_loss=0.6065 train_acc=0.8152 test_loss=1.5851 test_acc=0.4097
Round 474 | selected=[48, 42, 71, 63, 36, 57, 13, 35, 92, 60]
Round 474 | train_loss=0.6553 train_acc=0.7872 test_loss=1.5258 test_acc=0.4204
Round 475 | selected=[56, 25, 10, 83, 37, 92, 66, 33, 81, 73]
Round 475 | train_loss=0.5835 train_acc=0.8144 test_loss=1.4837 test_acc=0.4522
Round 476 | selected=[1, 30, 64, 48, 82, 69, 60, 3, 78, 73]
Round 476 | train_loss=0.5639 train_acc=0.8184 test_loss=1.3158 test_acc=0.5115
Round 477 | selected=[91, 93, 20, 17, 87, 23, 0, 3, 53, 67]
Round 477 | train_loss=0.8703 train_acc=0.6912 test_loss=1.3675 test_acc=0.4872
Round 478 | selected=[31, 74, 30, 23, 58, 78, 20, 5, 56, 6]
Round 478 | train_loss=0.8029 train_acc=0.7132 test_loss=1.4441 test_acc=0.4829
Round 479 | selected=[99, 21, 45, 30, 93, 85, 58, 97, 56, 13]
Round 479 | train_loss=0.7411 train_acc=0.7426 test_loss=1.5292 test_acc=0.4585
Round 480 | selected=[62, 29, 37, 54, 51, 93, 33, 59, 4, 16]
Round 480 | train_loss=0.6582 train_acc=0.7878 test_loss=1.6530 test_acc=0.3860
Round 481 | selected=[63, 58, 57, 77, 98, 21, 18, 1, 24, 5]
Round 481 | train_loss=0.7847 train_acc=0.7424 test_loss=1.6893 test_acc=0.3770
Round 482 | selected=[51, 31, 14, 17, 13, 45, 70, 89, 63, 48]
Round 482 | train_loss=0.6845 train_acc=0.7880 test_loss=1.6524 test_acc=0.4027
Round 483 | selected=[73, 39, 8, 94, 58, 98, 10, 29, 31, 95]
Round 483 | train_loss=0.7790 train_acc=0.7424 test_loss=1.6949 test_acc=0.4052
Round 484 | selected=[96, 98, 50, 32, 25, 12, 59, 69, 87, 15]
Round 484 | train_loss=0.8102 train_acc=0.7394 test_loss=1.5263 test_acc=0.4262
Round 485 | selected=[56, 25, 32, 19, 10, 77, 80, 88, 94, 2]
Round 485 | train_loss=0.8209 train_acc=0.7128 test_loss=1.4859 test_acc=0.4431
Round 486 | selected=[65, 46, 32, 58, 95, 92, 23, 52, 18, 75]
Round 486 | train_loss=0.7402 train_acc=0.7350 test_loss=1.4498 test_acc=0.4378
Round 487 | selected=[45, 85, 58, 0, 93, 42, 8, 13, 52, 88]
Round 487 | train_loss=0.7107 train_acc=0.7476 test_loss=1.5203 test_acc=0.4131
Round 488 | selected=[19, 7, 9, 50, 56, 93, 53, 31, 22, 8]
Round 488 | train_loss=0.7379 train_acc=0.7548 test_loss=1.4647 test_acc=0.4510
Round 489 | selected=[95, 10, 58, 52, 94, 88, 68, 87, 50, 59]
Round 489 | train_loss=0.9150 train_acc=0.6672 test_loss=1.4032 test_acc=0.4690
Round 490 | selected=[1, 53, 82, 11, 36, 5, 95, 24, 42, 56]
Round 490 | train_loss=0.7150 train_acc=0.7284 test_loss=1.3269 test_acc=0.5063
Round 491 | selected=[91, 41, 85, 48, 45, 46, 6, 99, 1, 92]
Round 491 | train_loss=0.5476 train_acc=0.8346 test_loss=1.3017 test_acc=0.5125
Round 492 | selected=[88, 56, 24, 98, 58, 26, 70, 13, 9, 99]
Round 492 | train_loss=0.7052 train_acc=0.7526 test_loss=1.3168 test_acc=0.5119
Round 493 | selected=[39, 62, 79, 46, 91, 78, 7, 19, 51, 18]
Round 493 | train_loss=0.6857 train_acc=0.7784 test_loss=1.3890 test_acc=0.4876
Round 494 | selected=[12, 31, 21, 40, 68, 17, 97, 50, 26, 80]
Round 494 | train_loss=0.6143 train_acc=0.8004 test_loss=1.4196 test_acc=0.4669
Round 495 | selected=[14, 84, 21, 22, 19, 43, 54, 29, 59, 94]
Round 495 | train_loss=0.5897 train_acc=0.8078 test_loss=1.5342 test_acc=0.4471
Round 496 | selected=[10, 42, 74, 1, 3, 80, 13, 61, 77, 16]
Round 496 | train_loss=0.6774 train_acc=0.7616 test_loss=1.4228 test_acc=0.4583
Round 497 | selected=[31, 17, 59, 7, 29, 85, 37, 87, 22, 64]
Round 497 | train_loss=0.6707 train_acc=0.7928 test_loss=1.4736 test_acc=0.4609
Round 498 | selected=[70, 87, 92, 69, 10, 34, 7, 68, 6, 67]
Round 498 | train_loss=0.6287 train_acc=0.7944 test_loss=1.4217 test_acc=0.4896
Round 499 | selected=[73, 71, 28, 27, 36, 64, 24, 55, 86, 7]
Round 499 | train_loss=0.8949 train_acc=0.6994 test_loss=1.3628 test_acc=0.4947
Round 500 | selected=[52, 95, 60, 97, 91, 69, 44, 93, 76, 3]
Round 500 | train_loss=0.6437 train_acc=0.7864 test_loss=1.5359 test_acc=0.4374
Saved: track1/results/cifar10/final_seed43/fedavgm_alpha01_seed43.csv
COMPLETED: fedavgm alpha01 seed=43
