========================================
JOB:       12001649
TASK:      5
ALGORITHM: fedprox
PARTITION: alpha1
SEED:      42
GPU:       0
========================================
Device: cuda
GPU: NVIDIA A100-SXM4-80GB
Round 0 | test_loss=3.2142 test_acc=0.1000
Round 1 | selected=[96, 71, 8, 60, 41, 94, 68, 9, 19, 82]
Round 1 | train_loss=2.1077 train_acc=0.2732 test_loss=2.3002 test_acc=0.1340
Round 2 | selected=[75, 39, 34, 62, 81, 17, 40, 46, 54, 88]
Round 2 | train_loss=2.0304 train_acc=0.3322 test_loss=2.3610 test_acc=0.1874
Round 3 | selected=[66, 71, 25, 44, 34, 15, 58, 89, 95, 6]
Round 3 | train_loss=2.0290 train_acc=0.3278 test_loss=2.2856 test_acc=0.1823
Round 4 | selected=[93, 40, 70, 32, 63, 68, 35, 90, 14, 86]
Round 4 | train_loss=1.8738 train_acc=0.3588 test_loss=2.2983 test_acc=0.2068
Round 5 | selected=[70, 81, 20, 62, 89, 98, 41, 15, 52, 30]
Round 5 | train_loss=2.0127 train_acc=0.3638 test_loss=2.0926 test_acc=0.2330
Round 6 | selected=[63, 26, 0, 19, 22, 13, 59, 79, 99, 78]
Round 6 | train_loss=1.7534 train_acc=0.4060 test_loss=2.1330 test_acc=0.2418
Round 7 | selected=[23, 65, 52, 3, 42, 13, 47, 46, 10, 64]
Round 7 | train_loss=1.8837 train_acc=0.3482 test_loss=2.0561 test_acc=0.2667
Round 8 | selected=[33, 56, 28, 96, 27, 73, 50, 42, 21, 2]
Round 8 | train_loss=1.7818 train_acc=0.3962 test_loss=2.4038 test_acc=0.1949
Round 9 | selected=[76, 40, 66, 48, 83, 27, 53, 98, 62, 11]
Round 9 | train_loss=1.7755 train_acc=0.3746 test_loss=2.1907 test_acc=0.2298
Round 10 | selected=[15, 88, 49, 93, 8, 67, 65, 68, 43, 70]
Round 10 | train_loss=1.7963 train_acc=0.4142 test_loss=2.1732 test_acc=0.2452
Round 11 | selected=[33, 62, 8, 11, 57, 56, 91, 96, 98, 34]
Round 11 | train_loss=1.7358 train_acc=0.4156 test_loss=1.9822 test_acc=0.2638
Round 12 | selected=[70, 26, 66, 95, 7, 9, 42, 74, 24, 44]
Round 12 | train_loss=1.6482 train_acc=0.4064 test_loss=1.9466 test_acc=0.2873
Round 13 | selected=[47, 70, 65, 43, 99, 49, 1, 16, 72, 80]
Round 13 | train_loss=1.7575 train_acc=0.3732 test_loss=1.8355 test_acc=0.3293
Round 14 | selected=[37, 64, 3, 16, 31, 14, 18, 46, 67, 72]
Round 14 | train_loss=1.6626 train_acc=0.4156 test_loss=1.8687 test_acc=0.2817
Round 15 | selected=[55, 14, 2, 48, 56, 31, 41, 40, 93, 28]
Round 15 | train_loss=1.6311 train_acc=0.4330 test_loss=2.0061 test_acc=0.3187
Round 16 | selected=[53, 44, 54, 32, 25, 85, 14, 50, 93, 77]
Round 16 | train_loss=1.5784 train_acc=0.4596 test_loss=1.9953 test_acc=0.2661
Round 17 | selected=[99, 29, 49, 12, 52, 64, 65, 11, 10, 28]
Round 17 | train_loss=1.6584 train_acc=0.4476 test_loss=2.1069 test_acc=0.2952
Round 18 | selected=[21, 83, 30, 22, 13, 89, 97, 53, 3, 36]
Round 18 | train_loss=1.8789 train_acc=0.3864 test_loss=2.9131 test_acc=0.3103
Round 19 | selected=[52, 47, 4, 89, 94, 56, 17, 16, 24, 84]
Round 19 | train_loss=1.9313 train_acc=0.3904 test_loss=1.8807 test_acc=0.3384
Round 20 | selected=[49, 45, 20, 2, 76, 81, 33, 83, 10, 30]
Round 20 | train_loss=1.6104 train_acc=0.4398 test_loss=1.7284 test_acc=0.3403
Round 21 | selected=[98, 15, 22, 0, 11, 6, 3, 88, 86, 81]
Round 21 | train_loss=1.5066 train_acc=0.4846 test_loss=1.7105 test_acc=0.3648
Round 22 | selected=[48, 92, 30, 72, 47, 93, 42, 14, 91, 28]
Round 22 | train_loss=1.5678 train_acc=0.4492 test_loss=2.0282 test_acc=0.2912
Round 23 | selected=[86, 65, 85, 46, 19, 72, 55, 80, 40, 26]
Round 23 | train_loss=1.6206 train_acc=0.4468 test_loss=1.8987 test_acc=0.3273
Round 24 | selected=[91, 65, 7, 84, 49, 12, 47, 36, 28, 31]
Round 24 | train_loss=1.6326 train_acc=0.4308 test_loss=1.9830 test_acc=0.3383
Round 25 | selected=[13, 78, 9, 41, 0, 68, 72, 96, 95, 58]
Round 25 | train_loss=1.6023 train_acc=0.4486 test_loss=1.9753 test_acc=0.3183
Round 26 | selected=[71, 77, 46, 80, 24, 78, 27, 10, 62, 1]
Round 26 | train_loss=1.5529 train_acc=0.4744 test_loss=1.6940 test_acc=0.3760
Round 27 | selected=[26, 63, 86, 35, 40, 96, 37, 95, 88, 11]
Round 27 | train_loss=1.6007 train_acc=0.4618 test_loss=1.8030 test_acc=0.3212
Round 28 | selected=[35, 45, 88, 82, 6, 74, 57, 19, 9, 14]
Round 28 | train_loss=1.4391 train_acc=0.5038 test_loss=1.6962 test_acc=0.3740
Round 29 | selected=[2, 70, 93, 43, 11, 53, 14, 52, 5, 26]
Round 29 | train_loss=1.5913 train_acc=0.4446 test_loss=1.9334 test_acc=0.3291
Round 30 | selected=[92, 29, 98, 53, 70, 77, 84, 76, 47, 35]
Round 30 | train_loss=1.4496 train_acc=0.5194 test_loss=1.6923 test_acc=0.3696
Round 31 | selected=[4, 38, 89, 35, 0, 26, 88, 10, 51, 86]
Round 31 | train_loss=1.5539 train_acc=0.4706 test_loss=1.9237 test_acc=0.3518
Round 32 | selected=[22, 73, 56, 83, 93, 76, 98, 62, 30, 77]
Round 32 | train_loss=1.5650 train_acc=0.4878 test_loss=2.2076 test_acc=0.3497
Round 33 | selected=[24, 66, 36, 74, 77, 26, 62, 43, 78, 87]
Round 33 | train_loss=1.7138 train_acc=0.4422 test_loss=1.6250 test_acc=0.4074
Round 34 | selected=[69, 33, 23, 46, 36, 41, 31, 67, 17, 34]
Round 34 | train_loss=1.4994 train_acc=0.4812 test_loss=1.5762 test_acc=0.4086
Round 35 | selected=[19, 54, 46, 53, 79, 49, 89, 41, 62, 78]
Round 35 | train_loss=1.4445 train_acc=0.4980 test_loss=1.7754 test_acc=0.3681
Round 36 | selected=[12, 46, 80, 99, 59, 9, 86, 63, 91, 62]
Round 36 | train_loss=1.4993 train_acc=0.4820 test_loss=1.7827 test_acc=0.3610
Round 37 | selected=[55, 96, 73, 92, 77, 94, 42, 75, 37, 15]
Round 37 | train_loss=1.4550 train_acc=0.4906 test_loss=1.6311 test_acc=0.4121
Round 38 | selected=[72, 54, 15, 45, 11, 52, 0, 96, 51, 66]
Round 38 | train_loss=1.5672 train_acc=0.4642 test_loss=1.7837 test_acc=0.3965
Round 39 | selected=[76, 8, 93, 73, 64, 72, 68, 11, 47, 41]
Round 39 | train_loss=1.4496 train_acc=0.5200 test_loss=1.5696 test_acc=0.4247
Round 40 | selected=[51, 34, 15, 96, 30, 25, 74, 97, 69, 58]
Round 40 | train_loss=1.4873 train_acc=0.4830 test_loss=1.5626 test_acc=0.4176
Round 41 | selected=[87, 88, 46, 50, 34, 37, 74, 16, 13, 59]
Round 41 | train_loss=1.4298 train_acc=0.5062 test_loss=1.6850 test_acc=0.4245
Round 42 | selected=[3, 67, 57, 80, 59, 94, 45, 11, 54, 77]
Round 42 | train_loss=1.3381 train_acc=0.5576 test_loss=1.7154 test_acc=0.3875
Round 43 | selected=[88, 76, 1, 11, 40, 48, 71, 28, 53, 93]
Round 43 | train_loss=1.3411 train_acc=0.5532 test_loss=1.7521 test_acc=0.3698
Round 44 | selected=[2, 13, 63, 68, 92, 96, 61, 9, 97, 8]
Round 44 | train_loss=1.5614 train_acc=0.4728 test_loss=1.9399 test_acc=0.3758
Round 45 | selected=[99, 1, 0, 85, 3, 63, 27, 88, 73, 18]
Round 45 | train_loss=1.5513 train_acc=0.4938 test_loss=1.5453 test_acc=0.4210
Round 46 | selected=[22, 76, 98, 92, 5, 77, 62, 84, 11, 89]
Round 46 | train_loss=1.2834 train_acc=0.5502 test_loss=1.6436 test_acc=0.4173
Round 47 | selected=[70, 52, 50, 60, 15, 83, 46, 63, 8, 44]
Round 47 | train_loss=1.5608 train_acc=0.4760 test_loss=1.5964 test_acc=0.4397
Round 48 | selected=[21, 47, 59, 89, 0, 68, 56, 6, 5, 4]
Round 48 | train_loss=1.4431 train_acc=0.5080 test_loss=2.0261 test_acc=0.3635
Round 49 | selected=[34, 55, 75, 57, 62, 43, 24, 86, 90, 51]
Round 49 | train_loss=1.5564 train_acc=0.5058 test_loss=2.0172 test_acc=0.3756
Round 50 | selected=[23, 45, 60, 15, 69, 14, 63, 41, 50, 89]
Round 50 | train_loss=1.4965 train_acc=0.5234 test_loss=1.7452 test_acc=0.4179
Round 51 | selected=[96, 62, 8, 74, 57, 58, 41, 38, 40, 28]
Round 51 | train_loss=1.4694 train_acc=0.5022 test_loss=1.7986 test_acc=0.3818
Round 52 | selected=[9, 3, 27, 45, 38, 21, 44, 56, 35, 14]
Round 52 | train_loss=1.3937 train_acc=0.5146 test_loss=1.6554 test_acc=0.4382
Round 53 | selected=[61, 72, 31, 22, 52, 51, 41, 96, 18, 36]
Round 53 | train_loss=1.5004 train_acc=0.4876 test_loss=1.5249 test_acc=0.4396
Round 54 | selected=[67, 23, 48, 25, 38, 30, 50, 82, 45, 75]
Round 54 | train_loss=1.3181 train_acc=0.5460 test_loss=1.6462 test_acc=0.4178
Round 55 | selected=[6, 52, 30, 25, 70, 46, 16, 31, 7, 74]
Round 55 | train_loss=1.5156 train_acc=0.4718 test_loss=1.5553 test_acc=0.4312
Round 56 | selected=[94, 48, 13, 49, 62, 22, 55, 35, 11, 7]
Round 56 | train_loss=1.3203 train_acc=0.5638 test_loss=1.7392 test_acc=0.4438
Round 57 | selected=[68, 65, 20, 60, 52, 86, 74, 1, 35, 31]
Round 57 | train_loss=1.5458 train_acc=0.4888 test_loss=1.5776 test_acc=0.4378
Round 58 | selected=[44, 13, 84, 18, 49, 94, 62, 50, 78, 75]
Round 58 | train_loss=1.3310 train_acc=0.5472 test_loss=1.7109 test_acc=0.4245
Round 59 | selected=[91, 83, 4, 23, 62, 87, 17, 99, 28, 13]
Round 59 | train_loss=1.6407 train_acc=0.4676 test_loss=1.7700 test_acc=0.4006
Round 60 | selected=[81, 64, 22, 24, 79, 7, 80, 40, 54, 61]
Round 60 | train_loss=1.4684 train_acc=0.5194 test_loss=1.9124 test_acc=0.4236
Round 61 | selected=[46, 75, 68, 80, 86, 31, 51, 85, 94, 79]
Round 61 | train_loss=1.3974 train_acc=0.5474 test_loss=1.9492 test_acc=0.3698
Round 62 | selected=[79, 10, 50, 2, 30, 53, 46, 39, 49, 99]
Round 62 | train_loss=1.3260 train_acc=0.5354 test_loss=1.4534 test_acc=0.4759
Round 63 | selected=[14, 65, 59, 56, 30, 40, 2, 87, 23, 43]
Round 63 | train_loss=1.3850 train_acc=0.5238 test_loss=1.5293 test_acc=0.4534
Round 64 | selected=[73, 94, 89, 82, 98, 96, 45, 51, 57, 63]
Round 64 | train_loss=1.2977 train_acc=0.5602 test_loss=1.4638 test_acc=0.4510
Round 65 | selected=[46, 64, 93, 53, 41, 61, 75, 96, 98, 67]
Round 65 | train_loss=1.3152 train_acc=0.5486 test_loss=1.5368 test_acc=0.4534
Round 66 | selected=[75, 98, 31, 3, 0, 48, 11, 27, 94, 87]
Round 66 | train_loss=1.3729 train_acc=0.5316 test_loss=1.3180 test_acc=0.5131
Round 67 | selected=[25, 52, 51, 7, 90, 76, 82, 44, 59, 20]
Round 67 | train_loss=1.2436 train_acc=0.5622 test_loss=1.4317 test_acc=0.4803
Round 68 | selected=[39, 0, 73, 66, 72, 70, 83, 61, 93, 98]
Round 68 | train_loss=1.3405 train_acc=0.5366 test_loss=1.4358 test_acc=0.4796
Round 69 | selected=[40, 48, 88, 99, 65, 0, 2, 24, 75, 51]
Round 69 | train_loss=1.2978 train_acc=0.5582 test_loss=1.4264 test_acc=0.4660
Round 70 | selected=[68, 39, 11, 31, 84, 71, 57, 43, 28, 79]
Round 70 | train_loss=1.2889 train_acc=0.5638 test_loss=1.7602 test_acc=0.4240
Round 71 | selected=[29, 99, 39, 75, 61, 76, 50, 40, 66, 95]
Round 71 | train_loss=1.2150 train_acc=0.5966 test_loss=1.6119 test_acc=0.4561
Round 72 | selected=[21, 86, 10, 33, 48, 5, 36, 13, 54, 46]
Round 72 | train_loss=1.3326 train_acc=0.5412 test_loss=1.4993 test_acc=0.4662
Round 73 | selected=[75, 32, 87, 86, 95, 81, 58, 94, 42, 40]
Round 73 | train_loss=1.3086 train_acc=0.5524 test_loss=1.5076 test_acc=0.4333
Round 74 | selected=[28, 21, 58, 50, 61, 81, 94, 84, 29, 72]
Round 74 | train_loss=1.2237 train_acc=0.5870 test_loss=1.5865 test_acc=0.4553
Round 75 | selected=[80, 31, 77, 0, 5, 53, 57, 78, 26, 24]
Round 75 | train_loss=1.3774 train_acc=0.5322 test_loss=1.4916 test_acc=0.4838
Round 76 | selected=[31, 74, 94, 17, 55, 16, 83, 45, 25, 61]
Round 76 | train_loss=1.3106 train_acc=0.5430 test_loss=1.2939 test_acc=0.5140
Round 77 | selected=[24, 70, 5, 28, 87, 3, 90, 4, 12, 9]
Round 77 | train_loss=1.2498 train_acc=0.5562 test_loss=1.3469 test_acc=0.5039
Round 78 | selected=[5, 74, 4, 36, 78, 87, 59, 44, 69, 10]
Round 78 | train_loss=1.2441 train_acc=0.5572 test_loss=1.7204 test_acc=0.4395
Round 79 | selected=[48, 15, 27, 10, 0, 96, 49, 81, 38, 26]
Round 79 | train_loss=1.4109 train_acc=0.5252 test_loss=2.0053 test_acc=0.3552
Round 80 | selected=[94, 56, 67, 23, 84, 87, 21, 33, 46, 29]
Round 80 | train_loss=1.2884 train_acc=0.5684 test_loss=1.8958 test_acc=0.4422
Round 81 | selected=[17, 30, 14, 4, 2, 57, 65, 13, 91, 78]
Round 81 | train_loss=1.4612 train_acc=0.5260 test_loss=1.6678 test_acc=0.4443
Round 82 | selected=[95, 43, 54, 49, 84, 67, 8, 57, 22, 56]
Round 82 | train_loss=1.2638 train_acc=0.5762 test_loss=1.3635 test_acc=0.5384
Round 83 | selected=[54, 78, 23, 44, 88, 94, 27, 90, 95, 60]
Round 83 | train_loss=1.2929 train_acc=0.5678 test_loss=1.3183 test_acc=0.5091
Round 84 | selected=[20, 27, 40, 31, 10, 55, 49, 82, 62, 72]
Round 84 | train_loss=1.2260 train_acc=0.5692 test_loss=1.3689 test_acc=0.4894
Round 85 | selected=[31, 12, 93, 78, 80, 28, 59, 89, 70, 66]
Round 85 | train_loss=1.2033 train_acc=0.5868 test_loss=1.2612 test_acc=0.5375
Round 86 | selected=[90, 73, 1, 11, 0, 15, 47, 94, 25, 55]
Round 86 | train_loss=1.1721 train_acc=0.5942 test_loss=1.2949 test_acc=0.5288
Round 87 | selected=[59, 4, 58, 37, 69, 26, 17, 44, 15, 49]
Round 87 | train_loss=1.2438 train_acc=0.5742 test_loss=1.2632 test_acc=0.5351
Round 88 | selected=[54, 14, 60, 24, 21, 98, 18, 79, 83, 80]
Round 88 | train_loss=1.2284 train_acc=0.5716 test_loss=1.3832 test_acc=0.5021
Round 89 | selected=[14, 69, 1, 89, 40, 93, 92, 66, 50, 24]
Round 89 | train_loss=1.1000 train_acc=0.6260 test_loss=1.3131 test_acc=0.5202
Round 90 | selected=[35, 36, 80, 15, 64, 45, 95, 26, 14, 60]
Round 90 | train_loss=1.2258 train_acc=0.5722 test_loss=1.5566 test_acc=0.4687
Round 91 | selected=[81, 51, 43, 61, 40, 68, 37, 84, 62, 31]
Round 91 | train_loss=1.2413 train_acc=0.5788 test_loss=1.5145 test_acc=0.4821
Round 92 | selected=[82, 49, 0, 77, 71, 9, 98, 95, 65, 84]
Round 92 | train_loss=1.2782 train_acc=0.5602 test_loss=1.4921 test_acc=0.4607
Round 93 | selected=[34, 66, 59, 60, 31, 73, 86, 83, 99, 37]
Round 93 | train_loss=1.3575 train_acc=0.5350 test_loss=1.6506 test_acc=0.4834
Round 94 | selected=[33, 35, 75, 31, 38, 12, 42, 34, 18, 6]
Round 94 | train_loss=1.2382 train_acc=0.5786 test_loss=1.3936 test_acc=0.4989
Round 95 | selected=[33, 55, 84, 47, 43, 18, 27, 70, 9, 20]
Round 95 | train_loss=1.1698 train_acc=0.5938 test_loss=1.2035 test_acc=0.5571
Round 96 | selected=[66, 91, 63, 8, 23, 88, 4, 49, 44, 0]
Round 96 | train_loss=1.1529 train_acc=0.6104 test_loss=1.5327 test_acc=0.5056
Round 97 | selected=[7, 92, 70, 94, 34, 98, 9, 93, 82, 58]
Round 97 | train_loss=1.2949 train_acc=0.5764 test_loss=1.5037 test_acc=0.4690
Round 98 | selected=[45, 25, 50, 51, 8, 37, 57, 16, 76, 68]
Round 98 | train_loss=1.3568 train_acc=0.5816 test_loss=1.6150 test_acc=0.4968
Round 99 | selected=[72, 75, 20, 92, 10, 34, 77, 38, 4, 2]
Round 99 | train_loss=1.3472 train_acc=0.5460 test_loss=1.5415 test_acc=0.4600
Round 100 | selected=[16, 40, 17, 58, 18, 44, 24, 62, 6, 78]
Round 100 | train_loss=1.2440 train_acc=0.5728 test_loss=1.7121 test_acc=0.4686
Round 101 | selected=[31, 3, 23, 28, 66, 91, 95, 94, 15, 48]
Round 101 | train_loss=1.1942 train_acc=0.5906 test_loss=1.4589 test_acc=0.4700
Round 102 | selected=[35, 49, 36, 41, 98, 12, 34, 77, 48, 18]
Round 102 | train_loss=1.1523 train_acc=0.6016 test_loss=1.2583 test_acc=0.5483
Round 103 | selected=[2, 36, 19, 23, 98, 91, 83, 11, 15, 87]
Round 103 | train_loss=1.2585 train_acc=0.5668 test_loss=1.4407 test_acc=0.4779
Round 104 | selected=[17, 48, 37, 73, 78, 79, 13, 60, 80, 93]
Round 104 | train_loss=1.2091 train_acc=0.5804 test_loss=1.5546 test_acc=0.4767
Round 105 | selected=[84, 62, 59, 73, 5, 74, 96, 79, 31, 63]
Round 105 | train_loss=1.1865 train_acc=0.5852 test_loss=1.1689 test_acc=0.5654
Round 106 | selected=[94, 6, 0, 38, 92, 45, 84, 79, 26, 50]
Round 106 | train_loss=1.1184 train_acc=0.6108 test_loss=1.2247 test_acc=0.5528
Round 107 | selected=[64, 44, 59, 38, 29, 68, 96, 65, 94, 58]
Round 107 | train_loss=1.0129 train_acc=0.6676 test_loss=1.2043 test_acc=0.5591
Round 108 | selected=[90, 3, 61, 88, 94, 43, 54, 74, 78, 28]
Round 108 | train_loss=1.1339 train_acc=0.6192 test_loss=1.1938 test_acc=0.5633
Round 109 | selected=[66, 32, 88, 56, 70, 39, 34, 69, 38, 87]
Round 109 | train_loss=1.1493 train_acc=0.6096 test_loss=1.1739 test_acc=0.5728
Round 110 | selected=[37, 38, 42, 12, 25, 65, 82, 44, 31, 58]
Round 110 | train_loss=1.0841 train_acc=0.6068 test_loss=1.1661 test_acc=0.5672
Round 111 | selected=[15, 74, 98, 18, 84, 95, 80, 30, 91, 24]
Round 111 | train_loss=1.0851 train_acc=0.6236 test_loss=1.2110 test_acc=0.5551
Round 112 | selected=[62, 53, 25, 91, 71, 85, 86, 54, 19, 94]
Round 112 | train_loss=1.0749 train_acc=0.6274 test_loss=1.2532 test_acc=0.5573
Round 113 | selected=[66, 5, 49, 29, 53, 67, 42, 2, 91, 38]
Round 113 | train_loss=1.0872 train_acc=0.6270 test_loss=1.2586 test_acc=0.5569
Round 114 | selected=[85, 44, 94, 30, 48, 77, 82, 79, 69, 52]
Round 114 | train_loss=1.1488 train_acc=0.6196 test_loss=1.3588 test_acc=0.5266
Round 115 | selected=[28, 96, 74, 87, 76, 23, 91, 71, 1, 77]
Round 115 | train_loss=1.3091 train_acc=0.5778 test_loss=1.4779 test_acc=0.4883
Round 116 | selected=[55, 65, 97, 26, 34, 28, 43, 39, 23, 21]
Round 116 | train_loss=1.1131 train_acc=0.6054 test_loss=1.2190 test_acc=0.5458
Round 117 | selected=[13, 12, 22, 75, 41, 11, 67, 59, 78, 73]
Round 117 | train_loss=1.0959 train_acc=0.6324 test_loss=1.2759 test_acc=0.5508
Round 118 | selected=[88, 6, 38, 82, 57, 62, 93, 95, 27, 36]
Round 118 | train_loss=1.2645 train_acc=0.5808 test_loss=1.2959 test_acc=0.5435
Round 119 | selected=[10, 16, 97, 41, 78, 15, 50, 55, 54, 66]
Round 119 | train_loss=1.1686 train_acc=0.6090 test_loss=1.2446 test_acc=0.5613
Round 120 | selected=[11, 65, 94, 90, 70, 96, 2, 32, 48, 9]
Round 120 | train_loss=1.1701 train_acc=0.5986 test_loss=1.4623 test_acc=0.4936
Round 121 | selected=[92, 41, 80, 69, 87, 64, 79, 32, 30, 74]
Round 121 | train_loss=1.1777 train_acc=0.5910 test_loss=1.1678 test_acc=0.5768
Round 122 | selected=[83, 15, 9, 30, 24, 31, 53, 81, 13, 87]
Round 122 | train_loss=1.1965 train_acc=0.5930 test_loss=1.2893 test_acc=0.5307
Round 123 | selected=[3, 80, 62, 9, 32, 33, 72, 16, 71, 77]
Round 123 | train_loss=1.0706 train_acc=0.6352 test_loss=1.1468 test_acc=0.5787
Round 124 | selected=[52, 8, 74, 25, 71, 32, 39, 37, 3, 57]
Round 124 | train_loss=1.1708 train_acc=0.5962 test_loss=1.1580 test_acc=0.5736
Round 125 | selected=[8, 58, 93, 72, 61, 37, 11, 75, 20, 19]
Round 125 | train_loss=1.0632 train_acc=0.6388 test_loss=1.0786 test_acc=0.6100
Round 126 | selected=[62, 92, 78, 90, 12, 17, 43, 89, 18, 38]
Round 126 | train_loss=1.0738 train_acc=0.6206 test_loss=1.2315 test_acc=0.5464
Round 127 | selected=[99, 60, 0, 70, 43, 73, 23, 88, 55, 27]
Round 127 | train_loss=1.1607 train_acc=0.6016 test_loss=1.3908 test_acc=0.5476
Round 128 | selected=[27, 25, 54, 40, 10, 45, 34, 24, 58, 75]
Round 128 | train_loss=1.0449 train_acc=0.6440 test_loss=1.1570 test_acc=0.5829
Round 129 | selected=[41, 35, 0, 64, 53, 6, 81, 60, 28, 14]
Round 129 | train_loss=1.2075 train_acc=0.5864 test_loss=1.3233 test_acc=0.5440
Round 130 | selected=[46, 90, 81, 34, 80, 8, 78, 5, 45, 43]
Round 130 | train_loss=1.2260 train_acc=0.5960 test_loss=1.3542 test_acc=0.5700
Round 131 | selected=[40, 94, 19, 81, 7, 13, 38, 9, 17, 50]
Round 131 | train_loss=1.0869 train_acc=0.6446 test_loss=1.3104 test_acc=0.5464
Round 132 | selected=[87, 24, 31, 57, 98, 78, 40, 32, 19, 3]
Round 132 | train_loss=1.1945 train_acc=0.6072 test_loss=1.6539 test_acc=0.4771
Round 133 | selected=[72, 91, 97, 10, 18, 52, 37, 80, 68, 11]
Round 133 | train_loss=1.2190 train_acc=0.5880 test_loss=1.5573 test_acc=0.4867
Round 134 | selected=[78, 86, 16, 7, 96, 88, 53, 93, 32, 76]
Round 134 | train_loss=1.1220 train_acc=0.6176 test_loss=1.6201 test_acc=0.4578
Round 135 | selected=[30, 97, 21, 43, 53, 12, 62, 72, 10, 18]
Round 135 | train_loss=1.2386 train_acc=0.5820 test_loss=1.5260 test_acc=0.5024
Round 136 | selected=[38, 76, 39, 88, 73, 71, 90, 77, 58, 35]
Round 136 | train_loss=1.1442 train_acc=0.6226 test_loss=1.5838 test_acc=0.4868
Round 137 | selected=[34, 37, 31, 9, 52, 6, 33, 92, 51, 30]
Round 137 | train_loss=1.2127 train_acc=0.5874 test_loss=1.5672 test_acc=0.4880
Round 138 | selected=[69, 97, 70, 24, 50, 91, 80, 18, 51, 95]
Round 138 | train_loss=1.0535 train_acc=0.6384 test_loss=1.2285 test_acc=0.5567
Round 139 | selected=[84, 92, 98, 59, 54, 85, 3, 9, 0, 68]
Round 139 | train_loss=1.1088 train_acc=0.6162 test_loss=1.4449 test_acc=0.5034
Round 140 | selected=[76, 0, 91, 18, 45, 42, 54, 43, 88, 32]
Round 140 | train_loss=1.1986 train_acc=0.6070 test_loss=1.5132 test_acc=0.5198
Round 141 | selected=[39, 7, 20, 46, 13, 51, 71, 23, 96, 94]
Round 141 | train_loss=1.1541 train_acc=0.6092 test_loss=1.3100 test_acc=0.5510
Round 142 | selected=[36, 48, 34, 10, 23, 9, 55, 77, 46, 63]
Round 142 | train_loss=1.0868 train_acc=0.6332 test_loss=1.1089 test_acc=0.5999
Round 143 | selected=[74, 6, 10, 21, 81, 80, 69, 11, 30, 27]
Round 143 | train_loss=1.0793 train_acc=0.6262 test_loss=1.0796 test_acc=0.6135
Round 144 | selected=[15, 61, 53, 13, 63, 77, 36, 58, 10, 62]
Round 144 | train_loss=1.0260 train_acc=0.6554 test_loss=1.1590 test_acc=0.5850
Round 145 | selected=[94, 19, 9, 40, 52, 17, 49, 32, 92, 45]
Round 145 | train_loss=1.0742 train_acc=0.6346 test_loss=1.3457 test_acc=0.5435
Round 146 | selected=[58, 81, 40, 79, 41, 20, 3, 35, 33, 12]
Round 146 | train_loss=1.1057 train_acc=0.6280 test_loss=1.5376 test_acc=0.5117
Round 147 | selected=[91, 75, 4, 84, 36, 30, 49, 48, 27, 83]
Round 147 | train_loss=1.0960 train_acc=0.6196 test_loss=1.2757 test_acc=0.5610
Round 148 | selected=[38, 53, 67, 98, 81, 44, 85, 77, 6, 48]
Round 148 | train_loss=1.1101 train_acc=0.6268 test_loss=1.4254 test_acc=0.5319
Round 149 | selected=[8, 99, 18, 12, 69, 92, 83, 64, 53, 88]
Round 149 | train_loss=1.2298 train_acc=0.5788 test_loss=1.3503 test_acc=0.5497
Round 150 | selected=[96, 92, 72, 27, 51, 50, 43, 36, 87, 21]
Round 150 | train_loss=1.0311 train_acc=0.6444 test_loss=1.2201 test_acc=0.5705
Round 151 | selected=[10, 8, 76, 44, 7, 17, 68, 55, 71, 36]
Round 151 | train_loss=1.0033 train_acc=0.6510 test_loss=1.0397 test_acc=0.6228
Round 152 | selected=[20, 50, 90, 36, 65, 92, 76, 26, 18, 87]
Round 152 | train_loss=1.0243 train_acc=0.6492 test_loss=0.9941 test_acc=0.6449
Round 153 | selected=[13, 65, 62, 92, 53, 25, 87, 34, 17, 52]
Round 153 | train_loss=1.0079 train_acc=0.6398 test_loss=1.0148 test_acc=0.6335
Round 154 | selected=[43, 45, 11, 21, 86, 8, 32, 10, 39, 62]
Round 154 | train_loss=0.9914 train_acc=0.6664 test_loss=1.0849 test_acc=0.6017
Round 155 | selected=[17, 79, 56, 61, 64, 16, 29, 22, 15, 42]
Round 155 | train_loss=1.0519 train_acc=0.6590 test_loss=1.1687 test_acc=0.5917
Round 156 | selected=[96, 43, 3, 54, 94, 46, 91, 49, 9, 27]
Round 156 | train_loss=0.9914 train_acc=0.6618 test_loss=1.3946 test_acc=0.5303
Round 157 | selected=[4, 61, 99, 98, 22, 54, 59, 21, 68, 66]
Round 157 | train_loss=1.0488 train_acc=0.6442 test_loss=1.9641 test_acc=0.4596
Round 158 | selected=[74, 66, 70, 94, 44, 19, 60, 86, 41, 63]
Round 158 | train_loss=1.1751 train_acc=0.6140 test_loss=1.9355 test_acc=0.4761
Round 159 | selected=[56, 50, 40, 65, 88, 36, 79, 34, 61, 84]
Round 159 | train_loss=1.2257 train_acc=0.6122 test_loss=1.9020 test_acc=0.4728
Round 160 | selected=[35, 73, 93, 72, 59, 88, 22, 11, 10, 18]
Round 160 | train_loss=1.1512 train_acc=0.6308 test_loss=1.5823 test_acc=0.4724
Round 161 | selected=[99, 84, 35, 49, 74, 17, 30, 70, 26, 16]
Round 161 | train_loss=1.1415 train_acc=0.5904 test_loss=1.2031 test_acc=0.5713
Round 162 | selected=[81, 53, 14, 67, 28, 12, 22, 69, 35, 24]
Round 162 | train_loss=0.9879 train_acc=0.6638 test_loss=1.2719 test_acc=0.5808
Round 163 | selected=[23, 18, 32, 77, 41, 17, 35, 99, 26, 40]
Round 163 | train_loss=1.1072 train_acc=0.6120 test_loss=1.5252 test_acc=0.5133
Round 164 | selected=[25, 1, 68, 42, 28, 12, 86, 16, 29, 34]
Round 164 | train_loss=1.0440 train_acc=0.6548 test_loss=1.3542 test_acc=0.5278
Round 165 | selected=[60, 59, 57, 81, 45, 2, 95, 94, 88, 43]
Round 165 | train_loss=1.1019 train_acc=0.6284 test_loss=1.5867 test_acc=0.5196
Round 166 | selected=[44, 53, 46, 56, 93, 1, 97, 39, 76, 47]
Round 166 | train_loss=1.1477 train_acc=0.6142 test_loss=1.8854 test_acc=0.4147
Round 167 | selected=[11, 6, 87, 71, 15, 63, 31, 83, 93, 78]
Round 167 | train_loss=1.3155 train_acc=0.5822 test_loss=1.6588 test_acc=0.5144
Round 168 | selected=[16, 91, 28, 57, 74, 51, 19, 21, 20, 31]
Round 168 | train_loss=1.1506 train_acc=0.6074 test_loss=1.7419 test_acc=0.4426
Round 169 | selected=[99, 16, 61, 91, 94, 77, 21, 68, 17, 25]
Round 169 | train_loss=1.1283 train_acc=0.6114 test_loss=1.5933 test_acc=0.5127
Round 170 | selected=[25, 52, 0, 31, 69, 96, 94, 42, 41, 89]
Round 170 | train_loss=1.0887 train_acc=0.6272 test_loss=1.1160 test_acc=0.5954
Round 171 | selected=[87, 3, 76, 35, 95, 54, 0, 97, 19, 62]
Round 171 | train_loss=1.0234 train_acc=0.6416 test_loss=1.1003 test_acc=0.5977
Round 172 | selected=[35, 31, 16, 56, 69, 18, 22, 19, 14, 94]
Round 172 | train_loss=0.9235 train_acc=0.6804 test_loss=1.0729 test_acc=0.6176
Round 173 | selected=[15, 61, 38, 90, 97, 7, 95, 12, 23, 24]
Round 173 | train_loss=1.0011 train_acc=0.6546 test_loss=1.4323 test_acc=0.5301
Round 174 | selected=[97, 17, 18, 22, 37, 15, 78, 28, 44, 21]
Round 174 | train_loss=1.0539 train_acc=0.6256 test_loss=1.5996 test_acc=0.5458
Round 175 | selected=[22, 48, 12, 39, 38, 84, 25, 2, 88, 90]
Round 175 | train_loss=1.0680 train_acc=0.6402 test_loss=1.2859 test_acc=0.5579
Round 176 | selected=[83, 36, 24, 14, 7, 58, 82, 71, 87, 19]
Round 176 | train_loss=1.0498 train_acc=0.6400 test_loss=1.2824 test_acc=0.5863
Round 177 | selected=[74, 91, 11, 10, 56, 69, 15, 48, 12, 72]
Round 177 | train_loss=1.0297 train_acc=0.6416 test_loss=1.0958 test_acc=0.6140
Round 178 | selected=[74, 30, 69, 14, 96, 23, 58, 27, 11, 40]
Round 178 | train_loss=0.9511 train_acc=0.6734 test_loss=1.0948 test_acc=0.6162
Round 179 | selected=[23, 25, 28, 87, 73, 52, 70, 74, 84, 66]
Round 179 | train_loss=0.9981 train_acc=0.6502 test_loss=1.0419 test_acc=0.6217
Round 180 | selected=[46, 34, 64, 61, 36, 91, 33, 83, 14, 7]
Round 180 | train_loss=0.9603 train_acc=0.6776 test_loss=1.0721 test_acc=0.6203
Round 181 | selected=[47, 77, 57, 94, 35, 86, 30, 72, 46, 55]
Round 181 | train_loss=0.9201 train_acc=0.6824 test_loss=0.9541 test_acc=0.6571
Round 182 | selected=[87, 31, 88, 69, 55, 2, 42, 75, 60, 20]
Round 182 | train_loss=0.9810 train_acc=0.6660 test_loss=1.0637 test_acc=0.6118
Round 183 | selected=[38, 88, 76, 53, 34, 82, 25, 36, 73, 4]
Round 183 | train_loss=0.8865 train_acc=0.6882 test_loss=0.9695 test_acc=0.6515
Round 184 | selected=[22, 23, 39, 72, 37, 2, 48, 76, 75, 34]
Round 184 | train_loss=0.9310 train_acc=0.6786 test_loss=1.0065 test_acc=0.6366
Round 185 | selected=[43, 5, 42, 88, 30, 61, 11, 9, 19, 1]
Round 185 | train_loss=0.9078 train_acc=0.6940 test_loss=0.9805 test_acc=0.6597
Round 186 | selected=[29, 87, 63, 79, 32, 81, 16, 88, 15, 83]
Round 186 | train_loss=0.9832 train_acc=0.6706 test_loss=1.1849 test_acc=0.5800
Round 187 | selected=[77, 2, 50, 8, 56, 6, 71, 12, 79, 7]
Round 187 | train_loss=0.9876 train_acc=0.6626 test_loss=1.2403 test_acc=0.5893
Round 188 | selected=[32, 38, 45, 16, 66, 64, 98, 41, 42, 6]
Round 188 | train_loss=0.9698 train_acc=0.6636 test_loss=0.9912 test_acc=0.6351
Round 189 | selected=[7, 62, 61, 82, 64, 87, 30, 85, 76, 88]
Round 189 | train_loss=0.8945 train_acc=0.6862 test_loss=0.9802 test_acc=0.6511
Round 190 | selected=[32, 23, 97, 52, 61, 26, 44, 27, 90, 53]
Round 190 | train_loss=1.0569 train_acc=0.6296 test_loss=1.2238 test_acc=0.5734
Round 191 | selected=[40, 62, 50, 42, 4, 71, 6, 43, 56, 8]
Round 191 | train_loss=0.9223 train_acc=0.6878 test_loss=1.1425 test_acc=0.6290
Round 192 | selected=[75, 3, 42, 92, 72, 50, 49, 52, 8, 45]
Round 192 | train_loss=1.0071 train_acc=0.6586 test_loss=1.0278 test_acc=0.6272
Round 193 | selected=[90, 64, 67, 11, 47, 49, 92, 50, 38, 6]
Round 193 | train_loss=0.8808 train_acc=0.6970 test_loss=1.0891 test_acc=0.6211
Round 194 | selected=[0, 36, 13, 20, 39, 16, 42, 56, 9, 63]
Round 194 | train_loss=1.1037 train_acc=0.6334 test_loss=1.2943 test_acc=0.5555
Round 195 | selected=[39, 38, 31, 18, 86, 9, 60, 89, 64, 15]
Round 195 | train_loss=1.0564 train_acc=0.6396 test_loss=1.2170 test_acc=0.5869
Round 196 | selected=[45, 34, 96, 79, 22, 14, 80, 72, 46, 70]
Round 196 | train_loss=0.9992 train_acc=0.6604 test_loss=1.4419 test_acc=0.5583
Round 197 | selected=[10, 39, 70, 0, 61, 32, 84, 93, 91, 49]
Round 197 | train_loss=0.9904 train_acc=0.6620 test_loss=1.2317 test_acc=0.5693
Round 198 | selected=[88, 22, 87, 57, 79, 42, 93, 96, 40, 91]
Round 198 | train_loss=1.0142 train_acc=0.6540 test_loss=1.3011 test_acc=0.5739
Round 199 | selected=[38, 52, 78, 33, 64, 32, 41, 93, 58, 71]
Round 199 | train_loss=1.0191 train_acc=0.6614 test_loss=1.1768 test_acc=0.5921
Round 200 | selected=[95, 31, 52, 20, 92, 11, 2, 16, 70, 9]
Round 200 | train_loss=0.9478 train_acc=0.6658 test_loss=0.9632 test_acc=0.6537
Round 201 | selected=[51, 9, 15, 53, 84, 60, 2, 81, 94, 74]
Round 201 | train_loss=0.9315 train_acc=0.6770 test_loss=0.9758 test_acc=0.6551
Round 202 | selected=[87, 33, 16, 1, 81, 51, 57, 68, 54, 11]
Round 202 | train_loss=0.9278 train_acc=0.6864 test_loss=0.9710 test_acc=0.6519
Round 203 | selected=[46, 35, 76, 53, 91, 89, 87, 28, 81, 97]
Round 203 | train_loss=0.9129 train_acc=0.6802 test_loss=0.9502 test_acc=0.6589
Round 204 | selected=[97, 40, 51, 52, 61, 59, 1, 23, 29, 76]
Round 204 | train_loss=0.8587 train_acc=0.7136 test_loss=1.0538 test_acc=0.6237
Round 205 | selected=[16, 55, 41, 44, 82, 3, 21, 98, 22, 63]
Round 205 | train_loss=0.9060 train_acc=0.6870 test_loss=1.2612 test_acc=0.5784
Round 206 | selected=[1, 87, 84, 28, 98, 49, 48, 99, 92, 97]
Round 206 | train_loss=0.9957 train_acc=0.6510 test_loss=1.0566 test_acc=0.6101
Round 207 | selected=[60, 41, 71, 6, 47, 79, 7, 5, 58, 91]
Round 207 | train_loss=0.9851 train_acc=0.6560 test_loss=0.9868 test_acc=0.6476
Round 208 | selected=[53, 49, 30, 96, 44, 78, 66, 69, 16, 92]
Round 208 | train_loss=0.8959 train_acc=0.6804 test_loss=0.9101 test_acc=0.6727
Round 209 | selected=[93, 66, 85, 55, 21, 49, 70, 42, 88, 9]
Round 209 | train_loss=0.8846 train_acc=0.6948 test_loss=0.9263 test_acc=0.6692
Round 210 | selected=[53, 8, 65, 45, 11, 23, 14, 61, 95, 84]
Round 210 | train_loss=0.8879 train_acc=0.6838 test_loss=0.9998 test_acc=0.6492
Round 211 | selected=[13, 72, 2, 69, 32, 48, 52, 68, 82, 26]
Round 211 | train_loss=0.9651 train_acc=0.6674 test_loss=0.9523 test_acc=0.6596
Round 212 | selected=[27, 46, 18, 26, 82, 15, 64, 10, 32, 13]
Round 212 | train_loss=0.8942 train_acc=0.6832 test_loss=0.9816 test_acc=0.6585
Round 213 | selected=[67, 3, 26, 38, 62, 41, 25, 50, 61, 49]
Round 213 | train_loss=0.8387 train_acc=0.7168 test_loss=1.1656 test_acc=0.5995
Round 214 | selected=[78, 84, 0, 42, 93, 22, 98, 37, 30, 73]
Round 214 | train_loss=0.9441 train_acc=0.6796 test_loss=1.4074 test_acc=0.5721
Round 215 | selected=[77, 94, 68, 9, 92, 80, 32, 38, 75, 2]
Round 215 | train_loss=0.9828 train_acc=0.6626 test_loss=1.7009 test_acc=0.4985
Round 216 | selected=[35, 4, 44, 92, 57, 86, 95, 24, 93, 70]
Round 216 | train_loss=0.9234 train_acc=0.6908 test_loss=1.5897 test_acc=0.5329
Round 217 | selected=[14, 31, 79, 97, 0, 41, 47, 7, 48, 9]
Round 217 | train_loss=0.9554 train_acc=0.6724 test_loss=1.0268 test_acc=0.6428
Round 218 | selected=[24, 73, 4, 46, 8, 72, 41, 0, 92, 52]
Round 218 | train_loss=0.9472 train_acc=0.6684 test_loss=0.9839 test_acc=0.6581
Round 219 | selected=[82, 11, 26, 14, 83, 39, 38, 41, 32, 53]
Round 219 | train_loss=0.9885 train_acc=0.6654 test_loss=1.0957 test_acc=0.6232
Round 220 | selected=[67, 35, 66, 44, 51, 17, 49, 37, 64, 18]
Round 220 | train_loss=0.9796 train_acc=0.6688 test_loss=0.9938 test_acc=0.6531
Round 221 | selected=[20, 33, 25, 90, 9, 4, 59, 54, 80, 5]
Round 221 | train_loss=0.8778 train_acc=0.6928 test_loss=0.9352 test_acc=0.6735
Round 222 | selected=[22, 21, 92, 88, 32, 12, 69, 28, 62, 78]
Round 222 | train_loss=0.8569 train_acc=0.7086 test_loss=1.0549 test_acc=0.6341
Round 223 | selected=[10, 51, 17, 78, 14, 61, 75, 44, 47, 48]
Round 223 | train_loss=0.8548 train_acc=0.6982 test_loss=0.9144 test_acc=0.6765
Round 224 | selected=[79, 9, 34, 99, 26, 3, 22, 31, 27, 69]
Round 224 | train_loss=0.9017 train_acc=0.6890 test_loss=0.9022 test_acc=0.6806
Round 225 | selected=[8, 19, 74, 28, 56, 21, 99, 29, 59, 2]
Round 225 | train_loss=0.8564 train_acc=0.7042 test_loss=0.9436 test_acc=0.6514
Round 226 | selected=[71, 80, 12, 68, 70, 6, 45, 43, 86, 16]
Round 226 | train_loss=0.9426 train_acc=0.6770 test_loss=1.1499 test_acc=0.6074
Round 227 | selected=[91, 84, 13, 41, 72, 3, 64, 8, 99, 26]
Round 227 | train_loss=0.9489 train_acc=0.6730 test_loss=0.9913 test_acc=0.6533
Round 228 | selected=[69, 4, 39, 64, 8, 46, 81, 92, 44, 25]
Round 228 | train_loss=0.8508 train_acc=0.7070 test_loss=0.9723 test_acc=0.6598
Round 229 | selected=[41, 49, 82, 96, 31, 78, 40, 5, 85, 71]
Round 229 | train_loss=0.7827 train_acc=0.7246 test_loss=0.8575 test_acc=0.6966
Round 230 | selected=[45, 50, 38, 24, 51, 92, 96, 0, 78, 65]
Round 230 | train_loss=0.7817 train_acc=0.7252 test_loss=1.0183 test_acc=0.6381
Round 231 | selected=[28, 56, 50, 16, 30, 25, 76, 21, 15, 92]
Round 231 | train_loss=0.8407 train_acc=0.7120 test_loss=0.9924 test_acc=0.6467
Round 232 | selected=[6, 99, 28, 25, 16, 48, 75, 54, 1, 49]
Round 232 | train_loss=0.8907 train_acc=0.6838 test_loss=0.9603 test_acc=0.6601
Round 233 | selected=[55, 46, 15, 29, 11, 31, 47, 68, 23, 43]
Round 233 | train_loss=0.8206 train_acc=0.7310 test_loss=0.9064 test_acc=0.6729
Round 234 | selected=[8, 43, 95, 70, 92, 11, 57, 85, 86, 65]
Round 234 | train_loss=0.8263 train_acc=0.7218 test_loss=0.9318 test_acc=0.6748
Round 235 | selected=[84, 6, 46, 51, 17, 69, 81, 60, 28, 24]
Round 235 | train_loss=0.8888 train_acc=0.6908 test_loss=0.9246 test_acc=0.6698
Round 236 | selected=[38, 8, 71, 73, 47, 85, 84, 88, 13, 83]
Round 236 | train_loss=0.8313 train_acc=0.7170 test_loss=0.8870 test_acc=0.6843
Round 237 | selected=[42, 26, 63, 18, 68, 33, 19, 50, 37, 23]
Round 237 | train_loss=0.8746 train_acc=0.7092 test_loss=1.2287 test_acc=0.5925
Round 238 | selected=[25, 55, 29, 1, 27, 70, 35, 93, 51, 12]
Round 238 | train_loss=0.9251 train_acc=0.6898 test_loss=1.3483 test_acc=0.5521
Round 239 | selected=[8, 90, 74, 1, 2, 12, 43, 49, 96, 55]
Round 239 | train_loss=1.0075 train_acc=0.6480 test_loss=1.0551 test_acc=0.6595
Round 240 | selected=[81, 95, 56, 41, 86, 85, 51, 71, 4, 57]
Round 240 | train_loss=0.8769 train_acc=0.7064 test_loss=0.9036 test_acc=0.6850
Round 241 | selected=[38, 1, 32, 30, 97, 85, 20, 17, 44, 68]
Round 241 | train_loss=0.8653 train_acc=0.6978 test_loss=1.0220 test_acc=0.6378
Round 242 | selected=[17, 56, 60, 30, 15, 67, 21, 26, 59, 90]
Round 242 | train_loss=0.9232 train_acc=0.6788 test_loss=1.2242 test_acc=0.6035
Round 243 | selected=[48, 46, 67, 72, 20, 29, 91, 86, 89, 23]
Round 243 | train_loss=0.8808 train_acc=0.7042 test_loss=0.9302 test_acc=0.6781
Round 244 | selected=[38, 94, 93, 54, 79, 98, 0, 83, 7, 58]
Round 244 | train_loss=0.8500 train_acc=0.7110 test_loss=0.9141 test_acc=0.6787
Round 245 | selected=[86, 3, 2, 92, 80, 40, 45, 57, 75, 6]
Round 245 | train_loss=0.8496 train_acc=0.7044 test_loss=0.9675 test_acc=0.6607
Round 246 | selected=[39, 15, 47, 56, 18, 31, 79, 12, 53, 37]
Round 246 | train_loss=0.9455 train_acc=0.6712 test_loss=1.1511 test_acc=0.6102
Round 247 | selected=[69, 34, 62, 99, 53, 75, 51, 16, 31, 6]
Round 247 | train_loss=0.9200 train_acc=0.6812 test_loss=1.2538 test_acc=0.5959
Round 248 | selected=[77, 8, 78, 87, 28, 54, 7, 65, 2, 5]
Round 248 | train_loss=0.9391 train_acc=0.6786 test_loss=0.9910 test_acc=0.6508
Round 249 | selected=[38, 14, 44, 94, 84, 56, 47, 2, 80, 83]
Round 249 | train_loss=0.9228 train_acc=0.6876 test_loss=1.1337 test_acc=0.6065
Round 250 | selected=[35, 62, 34, 5, 51, 70, 26, 24, 77, 39]
Round 250 | train_loss=0.8446 train_acc=0.7154 test_loss=0.9985 test_acc=0.6596
Round 251 | selected=[55, 81, 20, 57, 44, 74, 13, 3, 97, 69]
Round 251 | train_loss=0.8980 train_acc=0.6908 test_loss=0.9644 test_acc=0.6572
Round 252 | selected=[96, 10, 16, 27, 25, 74, 70, 93, 32, 4]
Round 252 | train_loss=0.8634 train_acc=0.6994 test_loss=1.0019 test_acc=0.6458
Round 253 | selected=[24, 27, 38, 18, 12, 54, 97, 49, 92, 93]
Round 253 | train_loss=0.7988 train_acc=0.7192 test_loss=0.8903 test_acc=0.6844
Round 254 | selected=[74, 81, 35, 53, 50, 29, 87, 73, 23, 19]
Round 254 | train_loss=0.8560 train_acc=0.7126 test_loss=0.9968 test_acc=0.6439
Round 255 | selected=[85, 52, 45, 10, 96, 33, 23, 37, 17, 49]
Round 255 | train_loss=0.8620 train_acc=0.7022 test_loss=0.8802 test_acc=0.6896
Round 256 | selected=[6, 5, 9, 14, 69, 85, 77, 89, 10, 70]
Round 256 | train_loss=0.8219 train_acc=0.7142 test_loss=1.0936 test_acc=0.6190
Round 257 | selected=[5, 80, 43, 58, 18, 87, 93, 30, 66, 53]
Round 257 | train_loss=0.9835 train_acc=0.6648 test_loss=1.2174 test_acc=0.6053
Round 258 | selected=[5, 56, 0, 18, 46, 82, 32, 64, 51, 14]
Round 258 | train_loss=0.9142 train_acc=0.6898 test_loss=1.1200 test_acc=0.6167
Round 259 | selected=[93, 17, 27, 60, 66, 61, 53, 77, 75, 56]
Round 259 | train_loss=0.9678 train_acc=0.6724 test_loss=1.2061 test_acc=0.6072
Round 260 | selected=[51, 38, 79, 1, 8, 31, 63, 57, 21, 17]
Round 260 | train_loss=0.9145 train_acc=0.6978 test_loss=0.9689 test_acc=0.6645
Round 261 | selected=[36, 69, 50, 3, 26, 77, 41, 35, 66, 81]
Round 261 | train_loss=0.8142 train_acc=0.7254 test_loss=0.8430 test_acc=0.6924
Round 262 | selected=[46, 85, 35, 3, 10, 22, 90, 92, 97, 33]
Round 262 | train_loss=0.7544 train_acc=0.7384 test_loss=0.9405 test_acc=0.6787
Round 263 | selected=[18, 55, 84, 17, 83, 95, 90, 38, 4, 92]
Round 263 | train_loss=0.8982 train_acc=0.6844 test_loss=1.1149 test_acc=0.6147
Round 264 | selected=[49, 3, 62, 18, 75, 74, 60, 46, 66, 94]
Round 264 | train_loss=0.8196 train_acc=0.7186 test_loss=1.0080 test_acc=0.6647
Round 265 | selected=[60, 11, 86, 41, 83, 66, 48, 44, 5, 72]
Round 265 | train_loss=0.8700 train_acc=0.7114 test_loss=0.8367 test_acc=0.7032
Round 266 | selected=[80, 84, 94, 20, 55, 39, 51, 33, 15, 93]
Round 266 | train_loss=0.8008 train_acc=0.7352 test_loss=0.9333 test_acc=0.6767
Round 267 | selected=[88, 63, 83, 77, 97, 61, 4, 24, 52, 60]
Round 267 | train_loss=0.8747 train_acc=0.7038 test_loss=1.0578 test_acc=0.6518
Round 268 | selected=[49, 50, 31, 30, 71, 13, 77, 35, 0, 1]
Round 268 | train_loss=0.8190 train_acc=0.7228 test_loss=1.0625 test_acc=0.6441
Round 269 | selected=[99, 16, 28, 89, 30, 90, 54, 4, 58, 41]
Round 269 | train_loss=0.8871 train_acc=0.6874 test_loss=0.9397 test_acc=0.6719
Round 270 | selected=[81, 85, 22, 2, 91, 24, 63, 3, 95, 44]
Round 270 | train_loss=0.8174 train_acc=0.7222 test_loss=0.9135 test_acc=0.6805
Round 271 | selected=[68, 7, 44, 36, 64, 96, 99, 9, 29, 3]
Round 271 | train_loss=0.7668 train_acc=0.7346 test_loss=0.8894 test_acc=0.6884
Round 272 | selected=[66, 12, 83, 91, 14, 76, 57, 49, 24, 13]
Round 272 | train_loss=0.8010 train_acc=0.7286 test_loss=1.0636 test_acc=0.6370
Round 273 | selected=[45, 55, 0, 16, 82, 98, 95, 19, 41, 32]
Round 273 | train_loss=0.8881 train_acc=0.6932 test_loss=0.9288 test_acc=0.6741
Round 274 | selected=[8, 11, 75, 40, 86, 27, 68, 36, 47, 93]
Round 274 | train_loss=0.8059 train_acc=0.7274 test_loss=0.8876 test_acc=0.6923
Round 275 | selected=[23, 79, 44, 2, 9, 69, 45, 64, 13, 60]
Round 275 | train_loss=0.8366 train_acc=0.7108 test_loss=1.3551 test_acc=0.6018
Round 276 | selected=[44, 25, 71, 8, 28, 37, 29, 47, 12, 19]
Round 276 | train_loss=0.9317 train_acc=0.6980 test_loss=1.4120 test_acc=0.5788
Round 277 | selected=[14, 95, 41, 70, 21, 85, 54, 31, 56, 87]
Round 277 | train_loss=0.8599 train_acc=0.7046 test_loss=1.0942 test_acc=0.6327
Round 278 | selected=[51, 42, 82, 45, 50, 24, 18, 76, 67, 59]
Round 278 | train_loss=0.7775 train_acc=0.7438 test_loss=0.8831 test_acc=0.6872
Round 279 | selected=[69, 27, 92, 98, 88, 75, 82, 28, 25, 54]
Round 279 | train_loss=0.8001 train_acc=0.7248 test_loss=0.8008 test_acc=0.7131
Round 280 | selected=[44, 37, 77, 90, 72, 6, 39, 22, 16, 91]
Round 280 | train_loss=0.8061 train_acc=0.7210 test_loss=0.8794 test_acc=0.6891
Round 281 | selected=[49, 86, 77, 64, 28, 18, 54, 37, 24, 95]
Round 281 | train_loss=0.7744 train_acc=0.7336 test_loss=0.8434 test_acc=0.6992
Round 282 | selected=[38, 27, 30, 48, 53, 46, 42, 94, 57, 95]
Round 282 | train_loss=0.8047 train_acc=0.7204 test_loss=0.9607 test_acc=0.6680
Round 283 | selected=[55, 6, 75, 15, 31, 8, 81, 58, 60, 26]
Round 283 | train_loss=0.7958 train_acc=0.7182 test_loss=0.8739 test_acc=0.6960
Round 284 | selected=[47, 37, 5, 15, 86, 23, 44, 36, 90, 99]
Round 284 | train_loss=0.8037 train_acc=0.7160 test_loss=0.9206 test_acc=0.6762
Round 285 | selected=[36, 66, 81, 65, 87, 85, 2, 80, 38, 52]
Round 285 | train_loss=0.8164 train_acc=0.7140 test_loss=0.8175 test_acc=0.7077
Round 286 | selected=[30, 24, 52, 94, 61, 76, 20, 32, 7, 15]
Round 286 | train_loss=0.7682 train_acc=0.7442 test_loss=0.9973 test_acc=0.6753
Round 287 | selected=[40, 98, 97, 91, 47, 50, 80, 53, 1, 37]
Round 287 | train_loss=0.8100 train_acc=0.7160 test_loss=1.0839 test_acc=0.6386
Round 288 | selected=[88, 86, 15, 0, 49, 70, 71, 37, 28, 12]
Round 288 | train_loss=0.8388 train_acc=0.7112 test_loss=0.9537 test_acc=0.6760
Round 289 | selected=[5, 72, 67, 97, 99, 9, 16, 24, 56, 49]
Round 289 | train_loss=0.7733 train_acc=0.7280 test_loss=1.0401 test_acc=0.6480
Round 290 | selected=[48, 94, 16, 17, 3, 97, 72, 73, 71, 19]
Round 290 | train_loss=0.8580 train_acc=0.7176 test_loss=1.1247 test_acc=0.6298
Round 291 | selected=[73, 56, 52, 84, 36, 81, 66, 50, 67, 48]
Round 291 | train_loss=0.8172 train_acc=0.7180 test_loss=1.0460 test_acc=0.6442
Round 292 | selected=[8, 65, 6, 47, 5, 42, 83, 54, 87, 81]
Round 292 | train_loss=0.9081 train_acc=0.6906 test_loss=0.8761 test_acc=0.6871
Round 293 | selected=[56, 50, 10, 25, 53, 62, 19, 33, 69, 95]
Round 293 | train_loss=0.8474 train_acc=0.7126 test_loss=1.4651 test_acc=0.5734
Round 294 | selected=[53, 20, 28, 31, 66, 22, 69, 71, 65, 57]
Round 294 | train_loss=1.0061 train_acc=0.6776 test_loss=1.5891 test_acc=0.5694
Round 295 | selected=[79, 61, 90, 20, 7, 75, 35, 84, 51, 55]
Round 295 | train_loss=0.8519 train_acc=0.7094 test_loss=0.9247 test_acc=0.6800
Round 296 | selected=[55, 32, 57, 11, 26, 5, 23, 41, 99, 62]
Round 296 | train_loss=0.8271 train_acc=0.7172 test_loss=0.9795 test_acc=0.6536
Round 297 | selected=[28, 63, 51, 46, 42, 18, 3, 38, 2, 54]
Round 297 | train_loss=0.7958 train_acc=0.7228 test_loss=0.9602 test_acc=0.6760
Round 298 | selected=[91, 82, 61, 95, 73, 99, 93, 56, 5, 90]
Round 298 | train_loss=0.8117 train_acc=0.7220 test_loss=1.0480 test_acc=0.6566
Round 299 | selected=[19, 34, 78, 50, 73, 67, 41, 43, 79, 64]
Round 299 | train_loss=0.7145 train_acc=0.7642 test_loss=0.9296 test_acc=0.6781
Round 300 | selected=[20, 23, 40, 51, 37, 71, 41, 35, 74, 72]
Round 300 | train_loss=0.8193 train_acc=0.7106 test_loss=0.9562 test_acc=0.6746
Round 301 | selected=[34, 31, 39, 56, 75, 78, 29, 40, 53, 25]
Round 301 | train_loss=0.8070 train_acc=0.7314 test_loss=1.0951 test_acc=0.6382
Round 302 | selected=[99, 90, 10, 30, 64, 38, 20, 41, 51, 49]
Round 302 | train_loss=0.8125 train_acc=0.7162 test_loss=0.9865 test_acc=0.6700
Round 303 | selected=[69, 58, 84, 43, 1, 20, 42, 97, 3, 24]
Round 303 | train_loss=0.7150 train_acc=0.7540 test_loss=1.0027 test_acc=0.6589
Round 304 | selected=[99, 30, 18, 48, 9, 49, 0, 54, 15, 11]
Round 304 | train_loss=0.7494 train_acc=0.7430 test_loss=0.8096 test_acc=0.7150
Round 305 | selected=[11, 56, 65, 9, 36, 96, 61, 18, 14, 85]
Round 305 | train_loss=0.7315 train_acc=0.7448 test_loss=0.8472 test_acc=0.7042
Round 306 | selected=[39, 30, 18, 11, 37, 57, 92, 42, 52, 79]
Round 306 | train_loss=0.8129 train_acc=0.7240 test_loss=0.8159 test_acc=0.7146
Round 307 | selected=[59, 86, 14, 69, 37, 53, 98, 5, 94, 54]
Round 307 | train_loss=0.7245 train_acc=0.7432 test_loss=1.1518 test_acc=0.6362
Round 308 | selected=[79, 98, 26, 68, 82, 3, 55, 23, 76, 22]
Round 308 | train_loss=0.7718 train_acc=0.7344 test_loss=0.8738 test_acc=0.6871
Round 309 | selected=[23, 50, 38, 33, 59, 45, 55, 68, 62, 35]
Round 309 | train_loss=0.7122 train_acc=0.7644 test_loss=0.9555 test_acc=0.6721
Round 310 | selected=[29, 66, 1, 23, 87, 8, 42, 67, 64, 15]
Round 310 | train_loss=0.8229 train_acc=0.7332 test_loss=0.8756 test_acc=0.6829
Round 311 | selected=[51, 30, 11, 2, 93, 64, 76, 67, 38, 87]
Round 311 | train_loss=0.7327 train_acc=0.7510 test_loss=0.8662 test_acc=0.6969
Round 312 | selected=[64, 24, 31, 47, 97, 50, 14, 1, 18, 68]
Round 312 | train_loss=0.6855 train_acc=0.7716 test_loss=0.7478 test_acc=0.7401
Round 313 | selected=[32, 27, 10, 30, 81, 15, 51, 86, 23, 57]
Round 313 | train_loss=0.7589 train_acc=0.7406 test_loss=0.8034 test_acc=0.7217
Round 314 | selected=[70, 84, 47, 63, 77, 37, 86, 21, 18, 66]
Round 314 | train_loss=0.7744 train_acc=0.7354 test_loss=0.8553 test_acc=0.7131
Round 315 | selected=[5, 65, 17, 48, 23, 6, 70, 95, 55, 54]
Round 315 | train_loss=0.8047 train_acc=0.7288 test_loss=0.9533 test_acc=0.6707
Round 316 | selected=[45, 13, 84, 53, 81, 28, 4, 64, 80, 51]
Round 316 | train_loss=0.7536 train_acc=0.7418 test_loss=0.7501 test_acc=0.7379
Round 317 | selected=[58, 75, 38, 22, 70, 6, 65, 26, 42, 8]
Round 317 | train_loss=0.7651 train_acc=0.7352 test_loss=0.8200 test_acc=0.7060
Round 318 | selected=[27, 42, 50, 85, 98, 44, 66, 80, 70, 76]
Round 318 | train_loss=0.6906 train_acc=0.7646 test_loss=0.8126 test_acc=0.7190
Round 319 | selected=[10, 54, 68, 41, 14, 31, 30, 16, 55, 44]
Round 319 | train_loss=0.6884 train_acc=0.7666 test_loss=0.9154 test_acc=0.6760
Round 320 | selected=[35, 5, 12, 36, 34, 71, 97, 24, 22, 14]
Round 320 | train_loss=0.6872 train_acc=0.7634 test_loss=0.7216 test_acc=0.7466
Round 321 | selected=[81, 73, 63, 74, 43, 97, 86, 34, 38, 21]
Round 321 | train_loss=0.7128 train_acc=0.7528 test_loss=0.8348 test_acc=0.7021
Round 322 | selected=[19, 79, 82, 9, 22, 60, 77, 45, 2, 62]
Round 322 | train_loss=0.7825 train_acc=0.7256 test_loss=1.0190 test_acc=0.6646
Round 323 | selected=[24, 13, 23, 76, 21, 42, 16, 45, 88, 56]
Round 323 | train_loss=0.7585 train_acc=0.7462 test_loss=0.9091 test_acc=0.6975
Round 324 | selected=[41, 1, 53, 6, 29, 50, 80, 93, 66, 97]
Round 324 | train_loss=0.7824 train_acc=0.7484 test_loss=1.0735 test_acc=0.6347
Round 325 | selected=[22, 71, 7, 24, 56, 65, 21, 96, 11, 25]
Round 325 | train_loss=0.8024 train_acc=0.7290 test_loss=0.9870 test_acc=0.6892
Round 326 | selected=[68, 37, 17, 84, 87, 50, 41, 16, 75, 90]
Round 326 | train_loss=0.8566 train_acc=0.7130 test_loss=0.8598 test_acc=0.6958
Round 327 | selected=[15, 91, 57, 19, 24, 35, 93, 16, 21, 29]
Round 327 | train_loss=0.7221 train_acc=0.7612 test_loss=0.9184 test_acc=0.6846
Round 328 | selected=[90, 68, 27, 65, 30, 29, 17, 2, 41, 60]
Round 328 | train_loss=0.8437 train_acc=0.7174 test_loss=1.3931 test_acc=0.5812
Round 329 | selected=[25, 14, 63, 13, 26, 77, 64, 96, 70, 16]
Round 329 | train_loss=0.7669 train_acc=0.7400 test_loss=0.9935 test_acc=0.6687
Round 330 | selected=[93, 25, 99, 59, 66, 17, 23, 71, 50, 12]
Round 330 | train_loss=0.8173 train_acc=0.7256 test_loss=1.1128 test_acc=0.6368
Round 331 | selected=[6, 5, 79, 37, 76, 3, 70, 94, 53, 46]
Round 331 | train_loss=0.8416 train_acc=0.7130 test_loss=0.9921 test_acc=0.6763
Round 332 | selected=[6, 14, 59, 69, 96, 84, 29, 75, 3, 37]
Round 332 | train_loss=0.7330 train_acc=0.7524 test_loss=0.9550 test_acc=0.6717
Round 333 | selected=[17, 77, 6, 31, 91, 36, 5, 82, 44, 4]
Round 333 | train_loss=0.7653 train_acc=0.7294 test_loss=0.7658 test_acc=0.7271
Round 334 | selected=[18, 7, 54, 9, 6, 22, 55, 94, 97, 65]
Round 334 | train_loss=0.6879 train_acc=0.7596 test_loss=0.7112 test_acc=0.7486
Round 335 | selected=[44, 90, 84, 3, 32, 36, 63, 73, 50, 12]
Round 335 | train_loss=0.7007 train_acc=0.7646 test_loss=0.6937 test_acc=0.7522
Round 336 | selected=[16, 2, 7, 44, 95, 92, 5, 14, 75, 71]
Round 336 | train_loss=0.6963 train_acc=0.7542 test_loss=0.8165 test_acc=0.7182
Round 337 | selected=[73, 25, 55, 45, 38, 65, 50, 20, 22, 62]
Round 337 | train_loss=0.7049 train_acc=0.7648 test_loss=0.8127 test_acc=0.7171
Round 338 | selected=[41, 69, 90, 50, 61, 97, 74, 8, 85, 83]
Round 338 | train_loss=0.7767 train_acc=0.7382 test_loss=0.8939 test_acc=0.6946
Round 339 | selected=[99, 56, 84, 65, 64, 14, 15, 92, 74, 90]
Round 339 | train_loss=0.7156 train_acc=0.7488 test_loss=0.7582 test_acc=0.7358
Round 340 | selected=[67, 24, 72, 75, 18, 49, 3, 27, 78, 13]
Round 340 | train_loss=0.7136 train_acc=0.7572 test_loss=0.8366 test_acc=0.7143
Round 341 | selected=[9, 22, 12, 16, 49, 50, 35, 10, 40, 15]
Round 341 | train_loss=0.6528 train_acc=0.7760 test_loss=0.7560 test_acc=0.7386
Round 342 | selected=[29, 68, 98, 88, 13, 89, 83, 53, 77, 60]
Round 342 | train_loss=0.7544 train_acc=0.7530 test_loss=0.9121 test_acc=0.6898
Round 343 | selected=[43, 26, 48, 91, 99, 93, 53, 11, 27, 40]
Round 343 | train_loss=0.7320 train_acc=0.7444 test_loss=1.0190 test_acc=0.6662
Round 344 | selected=[0, 15, 1, 67, 98, 17, 51, 3, 29, 7]
Round 344 | train_loss=0.7932 train_acc=0.7378 test_loss=1.0018 test_acc=0.6681
Round 345 | selected=[30, 92, 87, 31, 17, 13, 58, 89, 64, 96]
Round 345 | train_loss=0.7966 train_acc=0.7216 test_loss=0.8683 test_acc=0.7010
Round 346 | selected=[89, 60, 46, 99, 9, 64, 13, 3, 48, 30]
Round 346 | train_loss=0.7244 train_acc=0.7490 test_loss=0.8618 test_acc=0.7079
Round 347 | selected=[61, 44, 72, 12, 3, 38, 8, 94, 41, 34]
Round 347 | train_loss=0.7249 train_acc=0.7558 test_loss=0.9564 test_acc=0.6745
Round 348 | selected=[47, 93, 88, 13, 68, 12, 2, 46, 45, 81]
Round 348 | train_loss=0.8407 train_acc=0.7166 test_loss=1.1307 test_acc=0.6310
Round 349 | selected=[57, 19, 83, 5, 31, 7, 2, 44, 93, 11]
Round 349 | train_loss=0.7694 train_acc=0.7314 test_loss=0.8942 test_acc=0.6950
Round 350 | selected=[8, 68, 17, 77, 32, 9, 95, 81, 30, 5]
Round 350 | train_loss=0.7069 train_acc=0.7548 test_loss=0.8120 test_acc=0.7218
Round 351 | selected=[96, 86, 49, 81, 22, 8, 77, 38, 57, 18]
Round 351 | train_loss=0.6647 train_acc=0.7706 test_loss=0.7266 test_acc=0.7420
Round 352 | selected=[85, 79, 31, 33, 28, 49, 90, 32, 17, 54]
Round 352 | train_loss=0.7389 train_acc=0.7466 test_loss=0.7535 test_acc=0.7384
Round 353 | selected=[46, 41, 78, 76, 13, 87, 63, 57, 77, 93]
Round 353 | train_loss=0.6502 train_acc=0.7826 test_loss=0.7123 test_acc=0.7508
Round 354 | selected=[46, 28, 33, 91, 29, 47, 56, 54, 18, 96]
Round 354 | train_loss=0.7178 train_acc=0.7698 test_loss=0.9217 test_acc=0.6866
Round 355 | selected=[56, 32, 31, 68, 65, 78, 64, 11, 54, 29]
Round 355 | train_loss=0.6621 train_acc=0.7830 test_loss=0.8948 test_acc=0.7054
Round 356 | selected=[41, 59, 98, 1, 77, 69, 15, 34, 48, 65]
Round 356 | train_loss=0.6407 train_acc=0.7880 test_loss=0.7086 test_acc=0.7517
Round 357 | selected=[67, 61, 19, 54, 84, 43, 52, 49, 95, 99]
Round 357 | train_loss=0.6697 train_acc=0.7602 test_loss=0.7527 test_acc=0.7323
Round 358 | selected=[22, 91, 61, 23, 90, 2, 84, 85, 71, 63]
Round 358 | train_loss=0.7108 train_acc=0.7558 test_loss=0.9237 test_acc=0.6900
Round 359 | selected=[49, 4, 48, 80, 86, 87, 76, 40, 81, 47]
Round 359 | train_loss=0.7224 train_acc=0.7542 test_loss=0.9532 test_acc=0.6849
Round 360 | selected=[61, 91, 51, 5, 29, 46, 59, 48, 50, 12]
Round 360 | train_loss=0.6819 train_acc=0.7786 test_loss=1.0373 test_acc=0.6671
Round 361 | selected=[79, 10, 15, 46, 34, 39, 25, 63, 94, 32]
Round 361 | train_loss=0.7543 train_acc=0.7504 test_loss=0.9805 test_acc=0.6755
Round 362 | selected=[43, 99, 16, 86, 52, 24, 95, 94, 66, 74]
Round 362 | train_loss=0.7014 train_acc=0.7622 test_loss=0.8725 test_acc=0.7016
Round 363 | selected=[87, 18, 72, 4, 24, 54, 29, 36, 3, 91]
Round 363 | train_loss=0.7245 train_acc=0.7590 test_loss=0.9314 test_acc=0.6837
Round 364 | selected=[76, 78, 99, 3, 0, 54, 65, 62, 86, 29]
Round 364 | train_loss=0.7212 train_acc=0.7600 test_loss=0.8412 test_acc=0.7147
Round 365 | selected=[34, 24, 1, 45, 0, 2, 77, 43, 7, 74]
Round 365 | train_loss=0.6611 train_acc=0.7740 test_loss=0.6943 test_acc=0.7579
Round 366 | selected=[27, 98, 42, 44, 79, 49, 28, 74, 91, 78]
Round 366 | train_loss=0.6904 train_acc=0.7612 test_loss=0.6604 test_acc=0.7687
Round 367 | selected=[83, 27, 16, 70, 54, 96, 87, 33, 43, 39]
Round 367 | train_loss=0.7198 train_acc=0.7592 test_loss=0.6879 test_acc=0.7617
Round 368 | selected=[59, 69, 19, 99, 28, 97, 74, 48, 58, 61]
Round 368 | train_loss=0.7032 train_acc=0.7574 test_loss=0.7577 test_acc=0.7380
Round 369 | selected=[65, 40, 69, 32, 89, 83, 21, 71, 37, 41]
Round 369 | train_loss=0.7341 train_acc=0.7552 test_loss=0.8610 test_acc=0.7053
Round 370 | selected=[66, 46, 76, 40, 68, 45, 51, 27, 58, 99]
Round 370 | train_loss=0.7013 train_acc=0.7570 test_loss=0.8550 test_acc=0.7103
Round 371 | selected=[53, 57, 69, 85, 81, 76, 6, 98, 80, 16]
Round 371 | train_loss=0.6959 train_acc=0.7614 test_loss=0.8818 test_acc=0.7097
Round 372 | selected=[63, 40, 82, 91, 89, 37, 14, 46, 96, 10]
Round 372 | train_loss=0.6808 train_acc=0.7674 test_loss=0.7272 test_acc=0.7450
Round 373 | selected=[64, 57, 74, 21, 58, 94, 69, 80, 15, 27]
Round 373 | train_loss=0.6936 train_acc=0.7610 test_loss=0.7855 test_acc=0.7246
Round 374 | selected=[16, 44, 20, 98, 95, 40, 61, 46, 30, 12]
Round 374 | train_loss=0.6572 train_acc=0.7712 test_loss=0.7750 test_acc=0.7353
Round 375 | selected=[3, 13, 47, 26, 53, 91, 48, 27, 92, 76]
Round 375 | train_loss=0.6778 train_acc=0.7622 test_loss=0.6689 test_acc=0.7620
Round 376 | selected=[85, 1, 17, 27, 82, 77, 81, 78, 30, 92]
Round 376 | train_loss=0.6950 train_acc=0.7656 test_loss=0.6987 test_acc=0.7575
Round 377 | selected=[41, 28, 13, 99, 58, 21, 37, 30, 82, 26]
Round 377 | train_loss=0.7302 train_acc=0.7466 test_loss=0.7509 test_acc=0.7428
Round 378 | selected=[72, 37, 97, 88, 79, 68, 38, 99, 57, 55]
Round 378 | train_loss=0.6969 train_acc=0.7540 test_loss=0.7666 test_acc=0.7319
Round 379 | selected=[75, 21, 47, 5, 44, 30, 25, 99, 4, 8]
Round 379 | train_loss=0.6862 train_acc=0.7654 test_loss=0.7843 test_acc=0.7289
Round 380 | selected=[94, 12, 92, 77, 0, 21, 43, 24, 47, 26]
Round 380 | train_loss=0.6903 train_acc=0.7586 test_loss=0.7238 test_acc=0.7472
Round 381 | selected=[60, 99, 49, 87, 32, 90, 37, 30, 1, 59]
Round 381 | train_loss=0.7302 train_acc=0.7500 test_loss=0.7951 test_acc=0.7221
Round 382 | selected=[87, 14, 82, 57, 46, 40, 69, 26, 23, 43]
Round 382 | train_loss=0.7234 train_acc=0.7502 test_loss=0.7692 test_acc=0.7378
Round 383 | selected=[17, 58, 76, 50, 41, 10, 13, 18, 92, 71]
Round 383 | train_loss=0.6672 train_acc=0.7690 test_loss=0.9885 test_acc=0.6782
Round 384 | selected=[80, 49, 11, 68, 65, 2, 26, 73, 60, 46]
Round 384 | train_loss=0.7384 train_acc=0.7426 test_loss=0.9648 test_acc=0.6793
Round 385 | selected=[80, 90, 72, 20, 24, 30, 40, 91, 22, 28]
Round 385 | train_loss=0.7004 train_acc=0.7594 test_loss=0.9050 test_acc=0.6949
Round 386 | selected=[20, 37, 50, 5, 89, 62, 47, 21, 81, 98]
Round 386 | train_loss=0.7163 train_acc=0.7520 test_loss=0.8680 test_acc=0.7145
Round 387 | selected=[11, 61, 85, 10, 35, 55, 83, 30, 90, 97]
Round 387 | train_loss=0.6488 train_acc=0.7784 test_loss=0.6491 test_acc=0.7700
Round 388 | selected=[0, 6, 5, 26, 29, 53, 84, 28, 73, 85]
Round 388 | train_loss=0.6845 train_acc=0.7598 test_loss=0.8871 test_acc=0.6793
Round 389 | selected=[89, 32, 67, 33, 3, 37, 54, 57, 59, 34]
Round 389 | train_loss=0.7236 train_acc=0.7496 test_loss=0.9510 test_acc=0.7004
Round 390 | selected=[46, 74, 3, 2, 4, 55, 27, 26, 38, 42]
Round 390 | train_loss=0.7632 train_acc=0.7396 test_loss=0.9747 test_acc=0.6742
Round 391 | selected=[7, 87, 31, 61, 22, 79, 64, 14, 73, 43]
Round 391 | train_loss=0.6915 train_acc=0.7678 test_loss=1.0825 test_acc=0.6636
Round 392 | selected=[98, 92, 77, 58, 79, 96, 35, 39, 82, 69]
Round 392 | train_loss=0.6575 train_acc=0.7756 test_loss=0.7157 test_acc=0.7483
Round 393 | selected=[65, 72, 93, 92, 24, 70, 55, 81, 58, 75]
Round 393 | train_loss=0.6415 train_acc=0.7744 test_loss=0.7794 test_acc=0.7309
Round 394 | selected=[24, 21, 71, 52, 15, 83, 92, 68, 95, 46]
Round 394 | train_loss=0.6664 train_acc=0.7708 test_loss=0.8327 test_acc=0.7237
Round 395 | selected=[87, 8, 19, 85, 73, 68, 46, 10, 1, 24]
Round 395 | train_loss=0.6291 train_acc=0.7898 test_loss=0.8691 test_acc=0.7156
Round 396 | selected=[28, 44, 33, 59, 35, 25, 14, 47, 41, 69]
Round 396 | train_loss=0.6230 train_acc=0.7876 test_loss=0.9632 test_acc=0.6945
Round 397 | selected=[5, 36, 41, 51, 82, 77, 76, 8, 23, 29]
Round 397 | train_loss=0.6307 train_acc=0.7852 test_loss=0.7454 test_acc=0.7393
Round 398 | selected=[63, 76, 36, 62, 49, 77, 48, 87, 45, 34]
Round 398 | train_loss=0.6236 train_acc=0.7898 test_loss=0.7266 test_acc=0.7469
Round 399 | selected=[51, 34, 87, 26, 92, 21, 44, 39, 68, 76]
Round 399 | train_loss=0.6336 train_acc=0.7810 test_loss=0.7252 test_acc=0.7493
Round 400 | selected=[9, 30, 20, 63, 11, 55, 0, 79, 2, 14]
Round 400 | train_loss=0.6620 train_acc=0.7750 test_loss=0.6826 test_acc=0.7634
Round 401 | selected=[27, 2, 29, 25, 17, 49, 7, 19, 1, 11]
Round 401 | train_loss=0.6911 train_acc=0.7684 test_loss=0.9224 test_acc=0.6802
Round 402 | selected=[84, 21, 71, 86, 72, 6, 54, 79, 52, 13]
Round 402 | train_loss=0.7150 train_acc=0.7576 test_loss=0.7937 test_acc=0.7300
Round 403 | selected=[52, 39, 55, 72, 3, 77, 93, 58, 10, 60]
Round 403 | train_loss=0.6849 train_acc=0.7666 test_loss=0.7150 test_acc=0.7455
Round 404 | selected=[58, 60, 56, 40, 57, 76, 85, 98, 92, 45]
Round 404 | train_loss=0.6065 train_acc=0.7918 test_loss=0.6895 test_acc=0.7600
Round 405 | selected=[62, 26, 33, 73, 40, 50, 83, 99, 65, 69]
Round 405 | train_loss=0.6115 train_acc=0.7916 test_loss=0.7701 test_acc=0.7352
Round 406 | selected=[50, 21, 26, 64, 47, 41, 27, 93, 49, 6]
Round 406 | train_loss=0.6114 train_acc=0.7964 test_loss=0.6486 test_acc=0.7699
Round 407 | selected=[7, 66, 46, 2, 41, 40, 62, 13, 1, 80]
Round 407 | train_loss=0.6240 train_acc=0.7882 test_loss=0.8882 test_acc=0.7165
Round 408 | selected=[58, 45, 36, 15, 84, 13, 64, 51, 0, 23]
Round 408 | train_loss=0.6912 train_acc=0.7680 test_loss=0.9559 test_acc=0.6768
Round 409 | selected=[41, 18, 79, 0, 14, 71, 13, 89, 35, 1]
Round 409 | train_loss=0.6676 train_acc=0.7756 test_loss=0.8153 test_acc=0.7297
Round 410 | selected=[3, 51, 80, 91, 25, 90, 8, 79, 41, 53]
Round 410 | train_loss=0.6843 train_acc=0.7626 test_loss=0.8153 test_acc=0.7210
Round 411 | selected=[69, 84, 54, 86, 29, 19, 13, 38, 57, 3]
Round 411 | train_loss=0.6353 train_acc=0.7850 test_loss=0.7042 test_acc=0.7575
Round 412 | selected=[69, 44, 85, 9, 51, 62, 34, 77, 46, 54]
Round 412 | train_loss=0.5857 train_acc=0.7952 test_loss=0.7923 test_acc=0.7266
Round 413 | selected=[16, 66, 89, 50, 38, 49, 36, 98, 28, 53]
Round 413 | train_loss=0.7135 train_acc=0.7590 test_loss=0.7025 test_acc=0.7552
Round 414 | selected=[52, 9, 82, 19, 23, 29, 53, 73, 83, 6]
Round 414 | train_loss=0.7103 train_acc=0.7576 test_loss=0.8770 test_acc=0.6933
Round 415 | selected=[25, 3, 28, 46, 33, 56, 63, 43, 64, 6]
Round 415 | train_loss=0.6873 train_acc=0.7726 test_loss=0.7517 test_acc=0.7423
Round 416 | selected=[16, 56, 78, 85, 74, 29, 20, 98, 31, 17]
Round 416 | train_loss=0.7025 train_acc=0.7602 test_loss=0.8339 test_acc=0.7082
Round 417 | selected=[69, 67, 58, 10, 98, 4, 57, 6, 19, 86]
Round 417 | train_loss=0.6681 train_acc=0.7688 test_loss=0.8608 test_acc=0.7090
Round 418 | selected=[93, 8, 33, 42, 11, 64, 32, 91, 89, 26]
Round 418 | train_loss=0.6538 train_acc=0.7804 test_loss=0.7635 test_acc=0.7313
Round 419 | selected=[7, 56, 13, 49, 92, 68, 61, 18, 52, 20]
Round 419 | train_loss=0.6163 train_acc=0.7884 test_loss=0.7820 test_acc=0.7337
Round 420 | selected=[55, 20, 0, 36, 22, 41, 21, 54, 4, 7]
Round 420 | train_loss=0.6134 train_acc=0.7934 test_loss=0.7015 test_acc=0.7588
Round 421 | selected=[39, 81, 90, 68, 23, 31, 0, 7, 80, 50]
Round 421 | train_loss=0.6520 train_acc=0.7836 test_loss=0.9215 test_acc=0.6871
Round 422 | selected=[23, 33, 40, 82, 25, 66, 16, 59, 30, 90]
Round 422 | train_loss=0.6377 train_acc=0.7808 test_loss=1.0340 test_acc=0.6640
Round 423 | selected=[22, 91, 4, 54, 56, 18, 24, 26, 16, 94]
Round 423 | train_loss=0.6609 train_acc=0.7754 test_loss=0.8736 test_acc=0.7015
Round 424 | selected=[7, 40, 84, 21, 67, 94, 29, 31, 18, 42]
Round 424 | train_loss=0.6293 train_acc=0.7910 test_loss=0.6877 test_acc=0.7560
Round 425 | selected=[85, 76, 49, 64, 44, 34, 54, 17, 37, 60]
Round 425 | train_loss=0.6052 train_acc=0.7890 test_loss=0.6292 test_acc=0.7773
Round 426 | selected=[78, 77, 3, 69, 74, 35, 85, 50, 42, 48]
Round 426 | train_loss=0.5457 train_acc=0.8158 test_loss=0.6851 test_acc=0.7633
Round 427 | selected=[68, 31, 92, 66, 17, 42, 93, 34, 7, 24]
Round 427 | train_loss=0.6093 train_acc=0.7950 test_loss=0.8864 test_acc=0.6950
Round 428 | selected=[88, 37, 40, 26, 74, 95, 11, 28, 77, 47]
Round 428 | train_loss=0.6753 train_acc=0.7682 test_loss=0.9411 test_acc=0.6980
Round 429 | selected=[85, 25, 65, 17, 59, 76, 68, 39, 87, 77]
Round 429 | train_loss=0.6985 train_acc=0.7686 test_loss=0.8637 test_acc=0.7100
Round 430 | selected=[5, 15, 44, 40, 37, 54, 91, 60, 16, 93]
Round 430 | train_loss=0.6513 train_acc=0.7772 test_loss=0.7592 test_acc=0.7393
Round 431 | selected=[14, 27, 66, 84, 17, 50, 7, 59, 80, 2]
Round 431 | train_loss=0.6639 train_acc=0.7762 test_loss=0.7367 test_acc=0.7473
Round 432 | selected=[14, 19, 18, 60, 32, 67, 56, 30, 20, 51]
Round 432 | train_loss=0.5830 train_acc=0.7986 test_loss=0.6573 test_acc=0.7725
Round 433 | selected=[28, 83, 4, 68, 58, 8, 71, 62, 99, 91]
Round 433 | train_loss=0.6446 train_acc=0.7742 test_loss=0.7152 test_acc=0.7478
Round 434 | selected=[45, 57, 31, 34, 71, 83, 85, 96, 25, 29]
Round 434 | train_loss=0.6436 train_acc=0.7812 test_loss=0.8312 test_acc=0.7115
Round 435 | selected=[39, 36, 35, 79, 47, 93, 3, 58, 50, 14]
Round 435 | train_loss=0.6402 train_acc=0.7832 test_loss=0.8267 test_acc=0.7384
Round 436 | selected=[47, 12, 38, 7, 93, 48, 13, 33, 1, 49]
Round 436 | train_loss=0.5517 train_acc=0.8170 test_loss=0.6719 test_acc=0.7659
Round 437 | selected=[3, 48, 45, 25, 4, 99, 36, 5, 41, 72]
Round 437 | train_loss=0.6567 train_acc=0.7664 test_loss=0.7009 test_acc=0.7537
Round 438 | selected=[44, 68, 56, 5, 30, 40, 45, 0, 48, 41]
Round 438 | train_loss=0.5640 train_acc=0.8078 test_loss=0.6413 test_acc=0.7761
Round 439 | selected=[3, 80, 25, 30, 38, 15, 48, 24, 58, 62]
Round 439 | train_loss=0.5342 train_acc=0.8142 test_loss=0.6428 test_acc=0.7740
Round 440 | selected=[87, 18, 96, 65, 69, 12, 78, 94, 28, 24]
Round 440 | train_loss=0.6043 train_acc=0.7902 test_loss=0.6242 test_acc=0.7843
Round 441 | selected=[71, 66, 11, 83, 33, 48, 16, 67, 47, 91]
Round 441 | train_loss=0.5863 train_acc=0.8022 test_loss=0.6639 test_acc=0.7715
Round 442 | selected=[21, 59, 90, 38, 95, 44, 53, 68, 82, 7]
Round 442 | train_loss=0.6016 train_acc=0.7882 test_loss=0.7200 test_acc=0.7521
Round 443 | selected=[19, 98, 6, 63, 61, 9, 77, 10, 82, 81]
Round 443 | train_loss=0.6440 train_acc=0.7800 test_loss=0.6347 test_acc=0.7737
Round 444 | selected=[71, 6, 44, 18, 34, 26, 40, 66, 22, 68]
Round 444 | train_loss=0.6259 train_acc=0.7794 test_loss=0.8334 test_acc=0.7084
Round 445 | selected=[17, 95, 1, 23, 33, 64, 73, 29, 89, 44]
Round 445 | train_loss=0.7557 train_acc=0.7550 test_loss=1.1350 test_acc=0.6360
Round 446 | selected=[46, 3, 88, 71, 51, 16, 24, 94, 38, 67]
Round 446 | train_loss=0.6804 train_acc=0.7732 test_loss=0.9692 test_acc=0.7045
Round 447 | selected=[97, 42, 73, 82, 62, 61, 76, 50, 59, 79]
Round 447 | train_loss=0.6641 train_acc=0.7808 test_loss=0.8222 test_acc=0.7262
Round 448 | selected=[26, 18, 1, 57, 77, 96, 91, 33, 99, 28]
Round 448 | train_loss=0.6864 train_acc=0.7646 test_loss=0.9847 test_acc=0.6897
Round 449 | selected=[76, 89, 52, 91, 47, 57, 2, 43, 95, 27]
Round 449 | train_loss=0.6751 train_acc=0.7696 test_loss=0.6435 test_acc=0.7787
Round 450 | selected=[29, 39, 76, 53, 2, 74, 46, 93, 77, 50]
Round 450 | train_loss=0.5999 train_acc=0.7974 test_loss=1.1195 test_acc=0.6094
Round 451 | selected=[3, 86, 82, 89, 38, 58, 47, 28, 79, 70]
Round 451 | train_loss=0.8263 train_acc=0.7218 test_loss=1.2103 test_acc=0.6645
Round 452 | selected=[84, 90, 14, 86, 95, 56, 98, 81, 85, 20]
Round 452 | train_loss=0.7253 train_acc=0.7636 test_loss=0.7522 test_acc=0.7460
Round 453 | selected=[42, 19, 53, 47, 57, 74, 37, 98, 16, 38]
Round 453 | train_loss=0.6697 train_acc=0.7682 test_loss=0.7224 test_acc=0.7436
Round 454 | selected=[66, 1, 53, 17, 11, 19, 34, 37, 31, 77]
Round 454 | train_loss=0.6664 train_acc=0.7788 test_loss=0.6736 test_acc=0.7657
Round 455 | selected=[80, 78, 75, 59, 42, 0, 26, 43, 91, 71]
Round 455 | train_loss=0.6980 train_acc=0.7626 test_loss=0.8370 test_acc=0.7089
Round 456 | selected=[98, 5, 1, 56, 19, 85, 62, 53, 76, 31]
Round 456 | train_loss=0.6827 train_acc=0.7604 test_loss=0.8565 test_acc=0.7187
Round 457 | selected=[6, 81, 25, 80, 2, 97, 44, 65, 29, 1]
Round 457 | train_loss=0.7267 train_acc=0.7520 test_loss=1.0878 test_acc=0.6526
Round 458 | selected=[94, 11, 62, 70, 52, 7, 51, 99, 22, 33]
Round 458 | train_loss=0.6699 train_acc=0.7842 test_loss=0.9173 test_acc=0.7061
Round 459 | selected=[90, 6, 61, 4, 47, 87, 64, 55, 69, 23]
Round 459 | train_loss=0.7113 train_acc=0.7574 test_loss=0.8777 test_acc=0.6986
Round 460 | selected=[59, 94, 62, 22, 50, 97, 85, 73, 87, 69]
Round 460 | train_loss=0.6129 train_acc=0.7972 test_loss=0.7426 test_acc=0.7449
Round 461 | selected=[93, 8, 16, 59, 3, 38, 49, 11, 26, 81]
Round 461 | train_loss=0.6595 train_acc=0.7822 test_loss=0.9040 test_acc=0.6977
Round 462 | selected=[21, 28, 10, 2, 48, 88, 72, 97, 30, 46]
Round 462 | train_loss=0.6256 train_acc=0.7844 test_loss=0.6578 test_acc=0.7716
Round 463 | selected=[72, 97, 50, 53, 65, 25, 24, 11, 18, 13]
Round 463 | train_loss=0.5753 train_acc=0.8060 test_loss=0.6592 test_acc=0.7738
Round 464 | selected=[75, 14, 77, 74, 59, 49, 1, 63, 96, 72]
Round 464 | train_loss=0.5743 train_acc=0.7948 test_loss=0.8831 test_acc=0.7239
Round 465 | selected=[33, 74, 62, 46, 15, 5, 98, 35, 80, 70]
Round 465 | train_loss=0.5868 train_acc=0.8008 test_loss=0.8084 test_acc=0.7306
Round 466 | selected=[51, 1, 27, 48, 97, 63, 17, 26, 0, 29]
Round 466 | train_loss=0.7238 train_acc=0.7676 test_loss=0.7500 test_acc=0.7337
Round 467 | selected=[22, 2, 12, 90, 93, 27, 13, 51, 30, 79]
Round 467 | train_loss=0.6799 train_acc=0.7686 test_loss=0.7451 test_acc=0.7474
Round 468 | selected=[4, 27, 96, 75, 21, 33, 28, 44, 35, 29]
Round 468 | train_loss=0.6302 train_acc=0.7880 test_loss=0.6819 test_acc=0.7605
Round 469 | selected=[45, 62, 71, 35, 93, 84, 1, 27, 12, 53]
Round 469 | train_loss=0.6363 train_acc=0.7852 test_loss=0.7528 test_acc=0.7498
Round 470 | selected=[4, 30, 73, 69, 81, 62, 13, 63, 29, 55]
Round 470 | train_loss=0.6283 train_acc=0.8022 test_loss=0.5899 test_acc=0.7966
Round 471 | selected=[55, 96, 34, 63, 15, 23, 13, 97, 88, 78]
Round 471 | train_loss=0.5571 train_acc=0.8046 test_loss=0.7935 test_acc=0.7312
Round 472 | selected=[10, 45, 60, 86, 82, 63, 23, 34, 50, 42]
Round 472 | train_loss=0.5642 train_acc=0.8018 test_loss=0.6625 test_acc=0.7729
Round 473 | selected=[17, 79, 57, 36, 75, 74, 26, 28, 31, 10]
Round 473 | train_loss=0.6810 train_acc=0.7680 test_loss=0.7486 test_acc=0.7454
Round 474 | selected=[95, 33, 25, 0, 2, 21, 1, 46, 9, 48]
Round 474 | train_loss=0.6447 train_acc=0.7802 test_loss=0.8517 test_acc=0.7244
Round 475 | selected=[40, 38, 42, 18, 85, 43, 0, 71, 77, 12]
Round 475 | train_loss=0.6510 train_acc=0.7764 test_loss=0.7738 test_acc=0.7315
Round 476 | selected=[86, 10, 42, 79, 55, 89, 63, 29, 21, 11]
Round 476 | train_loss=0.6086 train_acc=0.7988 test_loss=0.9082 test_acc=0.6923
Round 477 | selected=[87, 54, 79, 39, 86, 70, 71, 4, 2, 72]
Round 477 | train_loss=0.6432 train_acc=0.7784 test_loss=0.6260 test_acc=0.7792
Round 478 | selected=[8, 11, 60, 56, 48, 28, 45, 2, 80, 96]
Round 478 | train_loss=0.5783 train_acc=0.8010 test_loss=0.6436 test_acc=0.7755
Round 479 | selected=[64, 38, 47, 14, 93, 17, 27, 2, 51, 34]
Round 479 | train_loss=0.6010 train_acc=0.7946 test_loss=0.6311 test_acc=0.7810
Round 480 | selected=[24, 63, 45, 6, 43, 0, 22, 65, 15, 33]
Round 480 | train_loss=0.5740 train_acc=0.8048 test_loss=0.6019 test_acc=0.7900
Round 481 | selected=[0, 22, 84, 92, 58, 91, 9, 79, 16, 26]
Round 481 | train_loss=0.5847 train_acc=0.7940 test_loss=0.6118 test_acc=0.7852
Round 482 | selected=[43, 8, 15, 52, 79, 83, 28, 46, 68, 36]
Round 482 | train_loss=0.6169 train_acc=0.7886 test_loss=0.6911 test_acc=0.7627
Round 483 | selected=[93, 73, 83, 6, 63, 53, 75, 62, 98, 91]
Round 483 | train_loss=0.5866 train_acc=0.7954 test_loss=0.7658 test_acc=0.7425
Round 484 | selected=[72, 3, 48, 95, 22, 83, 58, 16, 80, 82]
Round 484 | train_loss=0.6147 train_acc=0.7986 test_loss=0.7084 test_acc=0.7558
Round 485 | selected=[83, 63, 90, 98, 30, 32, 43, 1, 59, 37]
Round 485 | train_loss=0.6272 train_acc=0.7854 test_loss=0.6844 test_acc=0.7665
Round 486 | selected=[92, 19, 42, 30, 9, 66, 14, 93, 7, 83]
Round 486 | train_loss=0.5837 train_acc=0.8110 test_loss=0.6899 test_acc=0.7640
Round 487 | selected=[64, 61, 50, 51, 43, 41, 27, 93, 49, 21]
Round 487 | train_loss=0.5506 train_acc=0.8130 test_loss=0.8052 test_acc=0.7363
Round 488 | selected=[27, 77, 15, 35, 25, 80, 44, 30, 17, 18]
Round 488 | train_loss=0.6413 train_acc=0.7860 test_loss=0.7980 test_acc=0.7357
Round 489 | selected=[95, 96, 16, 20, 21, 6, 64, 54, 77, 31]
Round 489 | train_loss=0.6157 train_acc=0.7966 test_loss=0.8941 test_acc=0.7201
Round 490 | selected=[85, 99, 63, 72, 83, 90, 18, 30, 20, 45]
Round 490 | train_loss=0.6645 train_acc=0.7754 test_loss=0.8904 test_acc=0.7030
Round 491 | selected=[80, 10, 82, 72, 95, 15, 56, 44, 96, 37]
Round 491 | train_loss=0.5837 train_acc=0.7974 test_loss=0.7298 test_acc=0.7565
Round 492 | selected=[90, 86, 69, 52, 77, 38, 60, 9, 33, 37]
Round 492 | train_loss=0.5567 train_acc=0.8100 test_loss=0.6936 test_acc=0.7608
Round 493 | selected=[13, 94, 63, 60, 3, 69, 39, 10, 7, 12]
Round 493 | train_loss=0.5516 train_acc=0.8164 test_loss=0.7105 test_acc=0.7563
Round 494 | selected=[33, 97, 71, 42, 31, 92, 67, 2, 27, 44]
Round 494 | train_loss=0.5635 train_acc=0.8022 test_loss=0.6537 test_acc=0.7751
Round 495 | selected=[72, 40, 78, 37, 16, 47, 64, 97, 36, 39]
Round 495 | train_loss=0.6446 train_acc=0.7834 test_loss=0.7851 test_acc=0.7311
Round 496 | selected=[50, 28, 79, 8, 95, 34, 31, 80, 24, 12]
Round 496 | train_loss=0.5648 train_acc=0.8004 test_loss=0.7889 test_acc=0.7324
Round 497 | selected=[98, 34, 6, 56, 18, 40, 84, 23, 54, 41]
Round 497 | train_loss=0.5498 train_acc=0.8094 test_loss=0.6752 test_acc=0.7653
Round 498 | selected=[58, 75, 6, 68, 74, 90, 49, 71, 24, 33]
Round 498 | train_loss=0.5117 train_acc=0.8202 test_loss=0.6257 test_acc=0.7875
Round 499 | selected=[60, 22, 32, 74, 37, 11, 36, 84, 85, 89]
Round 499 | train_loss=0.5432 train_acc=0.8086 test_loss=0.8315 test_acc=0.7285
Round 500 | selected=[27, 22, 20, 35, 1, 54, 7, 42, 74, 19]
Round 500 | train_loss=0.5663 train_acc=0.8072 test_loss=0.9069 test_acc=0.7053
Saved: track1/results/cifar10/final_seed42/fedprox_alpha1_seed42.csv
COMPLETED: fedprox alpha1 seed=42
