========================================
JOB:       12010498
TASK:      62
ALGORITHM: fedadam
PARTITION: alpha03
SEED:      46
GPU:       0
========================================
Device: cuda
GPU: Tesla V100-PCIE-32GB
Round 0 | test_loss=3.1277 test_acc=0.0954
Round 1 | selected=[20, 26, 83, 93, 7, 60, 52, 24, 45, 13]
Round 1 | train_loss=1.7003 train_acc=0.4444 test_loss=4.8989 test_acc=0.1186
Round 2 | selected=[5, 81, 53, 62, 47, 68, 49, 77, 66, 75]
Round 2 | train_loss=1.6914 train_acc=0.4882 test_loss=2.2146 test_acc=0.1832
Round 3 | selected=[30, 93, 0, 98, 81, 24, 18, 94, 80, 23]
Round 3 | train_loss=1.3181 train_acc=0.5788 test_loss=2.2377 test_acc=0.2209
Round 4 | selected=[68, 96, 87, 66, 5, 62, 61, 57, 80, 99]
Round 4 | train_loss=1.4452 train_acc=0.5536 test_loss=3.4119 test_acc=0.2138
Round 5 | selected=[43, 63, 24, 13, 36, 72, 18, 51, 46, 15]
Round 5 | train_loss=1.3677 train_acc=0.5452 test_loss=2.6096 test_acc=0.2625
Round 6 | selected=[93, 15, 46, 55, 45, 4, 23, 83, 27, 40]
Round 6 | train_loss=1.3594 train_acc=0.6246 test_loss=3.1205 test_acc=0.1767
Round 7 | selected=[18, 23, 22, 31, 88, 68, 42, 38, 92, 98]
Round 7 | train_loss=1.3205 train_acc=0.5702 test_loss=2.4372 test_acc=0.2337
Round 8 | selected=[85, 34, 62, 61, 35, 72, 26, 71, 28, 9]
Round 8 | train_loss=1.4188 train_acc=0.5398 test_loss=2.0113 test_acc=0.3397
Round 9 | selected=[59, 12, 51, 64, 11, 73, 8, 38, 31, 63]
Round 9 | train_loss=1.3017 train_acc=0.5960 test_loss=1.9985 test_acc=0.3258
Round 10 | selected=[65, 57, 19, 80, 71, 67, 32, 59, 47, 58]
Round 10 | train_loss=1.2164 train_acc=0.5998 test_loss=1.7440 test_acc=0.3636
Round 11 | selected=[1, 49, 56, 28, 42, 16, 35, 11, 40, 61]
Round 11 | train_loss=1.3014 train_acc=0.5800 test_loss=1.8386 test_acc=0.3255
Round 12 | selected=[71, 22, 31, 34, 4, 78, 38, 11, 55, 82]
Round 12 | train_loss=1.3911 train_acc=0.5466 test_loss=1.9609 test_acc=0.3423
Round 13 | selected=[12, 80, 53, 65, 90, 75, 5, 16, 10, 43]
Round 13 | train_loss=1.2394 train_acc=0.5920 test_loss=1.8455 test_acc=0.3293
Round 14 | selected=[32, 76, 31, 47, 99, 18, 53, 8, 65, 51]
Round 14 | train_loss=1.3465 train_acc=0.5510 test_loss=1.7548 test_acc=0.3621
Round 15 | selected=[71, 40, 96, 38, 82, 7, 28, 24, 55, 13]
Round 15 | train_loss=1.1844 train_acc=0.6178 test_loss=1.7443 test_acc=0.3731
Round 16 | selected=[53, 33, 17, 23, 30, 28, 65, 13, 92, 19]
Round 16 | train_loss=1.0875 train_acc=0.6542 test_loss=1.5776 test_acc=0.4100
Round 17 | selected=[77, 54, 38, 21, 13, 2, 72, 51, 28, 66]
Round 17 | train_loss=1.1876 train_acc=0.6038 test_loss=1.4928 test_acc=0.4384
Round 18 | selected=[20, 65, 44, 11, 51, 22, 72, 37, 35, 96]
Round 18 | train_loss=1.2180 train_acc=0.5734 test_loss=1.4561 test_acc=0.4541
Round 19 | selected=[10, 94, 29, 60, 99, 16, 92, 35, 54, 96]
Round 19 | train_loss=1.1093 train_acc=0.6148 test_loss=1.5088 test_acc=0.4348
Round 20 | selected=[47, 20, 53, 40, 37, 75, 48, 27, 94, 4]
Round 20 | train_loss=1.1658 train_acc=0.6298 test_loss=1.5469 test_acc=0.4229
Round 21 | selected=[87, 63, 53, 36, 77, 37, 11, 24, 70, 28]
Round 21 | train_loss=1.1394 train_acc=0.6208 test_loss=1.4753 test_acc=0.4470
Round 22 | selected=[19, 94, 3, 74, 10, 66, 12, 15, 34, 96]
Round 22 | train_loss=1.1100 train_acc=0.6368 test_loss=1.4892 test_acc=0.4325
Round 23 | selected=[21, 65, 82, 31, 87, 4, 24, 43, 1, 37]
Round 23 | train_loss=1.1179 train_acc=0.6220 test_loss=1.4368 test_acc=0.4579
Round 24 | selected=[80, 26, 7, 40, 51, 3, 38, 69, 81, 6]
Round 24 | train_loss=1.0429 train_acc=0.6558 test_loss=1.4067 test_acc=0.4707
Round 25 | selected=[67, 33, 68, 23, 69, 46, 84, 74, 17, 39]
Round 25 | train_loss=1.1052 train_acc=0.6454 test_loss=1.4461 test_acc=0.4489
Round 26 | selected=[35, 73, 94, 20, 13, 11, 29, 70, 87, 55]
Round 26 | train_loss=1.0954 train_acc=0.6258 test_loss=1.5231 test_acc=0.4255
Round 27 | selected=[36, 34, 32, 97, 17, 73, 92, 31, 65, 22]
Round 27 | train_loss=1.0429 train_acc=0.6508 test_loss=1.4010 test_acc=0.4814
Round 28 | selected=[55, 47, 35, 83, 29, 69, 49, 84, 52, 80]
Round 28 | train_loss=1.0334 train_acc=0.6632 test_loss=1.3401 test_acc=0.5109
Round 29 | selected=[64, 84, 49, 55, 35, 88, 37, 68, 51, 77]
Round 29 | train_loss=1.0267 train_acc=0.6762 test_loss=1.4012 test_acc=0.4770
Round 30 | selected=[44, 58, 83, 37, 38, 24, 16, 86, 19, 97]
Round 30 | train_loss=0.9513 train_acc=0.7074 test_loss=1.5058 test_acc=0.4512
Round 31 | selected=[91, 12, 26, 97, 28, 19, 27, 29, 50, 37]
Round 31 | train_loss=0.9979 train_acc=0.6678 test_loss=1.4450 test_acc=0.4689
Round 32 | selected=[18, 48, 87, 47, 37, 8, 99, 29, 42, 27]
Round 32 | train_loss=1.1133 train_acc=0.6336 test_loss=1.4341 test_acc=0.4724
Round 33 | selected=[91, 10, 70, 33, 85, 48, 46, 36, 44, 68]
Round 33 | train_loss=1.1449 train_acc=0.6092 test_loss=1.4015 test_acc=0.4750
Round 34 | selected=[15, 77, 58, 63, 47, 18, 34, 98, 25, 97]
Round 34 | train_loss=1.0675 train_acc=0.6480 test_loss=1.4123 test_acc=0.4801
Round 35 | selected=[95, 82, 19, 77, 83, 25, 30, 0, 87, 69]
Round 35 | train_loss=0.9867 train_acc=0.6686 test_loss=1.4823 test_acc=0.4560
Round 36 | selected=[57, 41, 2, 99, 9, 38, 87, 39, 80, 48]
Round 36 | train_loss=1.0022 train_acc=0.6718 test_loss=1.4095 test_acc=0.4699
Round 37 | selected=[6, 47, 4, 5, 82, 33, 91, 38, 59, 98]
Round 37 | train_loss=1.0970 train_acc=0.6448 test_loss=1.3687 test_acc=0.4810
Round 38 | selected=[8, 30, 11, 0, 86, 68, 93, 67, 60, 40]
Round 38 | train_loss=0.9573 train_acc=0.6956 test_loss=1.3681 test_acc=0.4853
Round 39 | selected=[5, 84, 28, 83, 34, 74, 2, 3, 53, 50]
Round 39 | train_loss=1.0734 train_acc=0.6518 test_loss=1.2911 test_acc=0.5315
Round 40 | selected=[10, 22, 74, 23, 38, 30, 0, 93, 44, 57]
Round 40 | train_loss=1.0458 train_acc=0.6558 test_loss=1.2576 test_acc=0.5385
Round 41 | selected=[67, 8, 13, 28, 34, 37, 77, 14, 49, 47]
Round 41 | train_loss=0.9609 train_acc=0.6768 test_loss=1.3073 test_acc=0.5092
Round 42 | selected=[86, 57, 24, 4, 23, 55, 94, 59, 50, 21]
Round 42 | train_loss=0.9909 train_acc=0.6908 test_loss=1.3832 test_acc=0.4835
Round 43 | selected=[17, 72, 35, 18, 5, 86, 95, 23, 77, 25]
Round 43 | train_loss=1.0000 train_acc=0.6740 test_loss=1.3577 test_acc=0.5081
Round 44 | selected=[54, 13, 62, 81, 94, 17, 47, 22, 50, 21]
Round 44 | train_loss=0.9590 train_acc=0.6766 test_loss=1.2941 test_acc=0.5230
Round 45 | selected=[4, 35, 52, 85, 71, 51, 61, 3, 72, 91]
Round 45 | train_loss=0.9960 train_acc=0.6702 test_loss=1.2029 test_acc=0.5556
Round 46 | selected=[32, 47, 83, 65, 75, 56, 4, 51, 52, 79]
Round 46 | train_loss=1.0603 train_acc=0.6692 test_loss=1.2219 test_acc=0.5497
Round 47 | selected=[50, 13, 94, 72, 14, 31, 27, 97, 9, 59]
Round 47 | train_loss=0.9494 train_acc=0.7066 test_loss=1.2809 test_acc=0.5247
Round 48 | selected=[59, 80, 54, 0, 68, 39, 88, 72, 42, 5]
Round 48 | train_loss=0.9866 train_acc=0.6678 test_loss=1.3609 test_acc=0.5070
Round 49 | selected=[45, 33, 23, 97, 88, 1, 0, 58, 21, 74]
Round 49 | train_loss=0.9186 train_acc=0.7086 test_loss=1.2636 test_acc=0.5345
Round 50 | selected=[73, 88, 96, 64, 4, 0, 17, 86, 14, 95]
Round 50 | train_loss=0.8366 train_acc=0.7314 test_loss=1.2203 test_acc=0.5489
Round 51 | selected=[2, 25, 22, 72, 33, 66, 11, 56, 59, 4]
Round 51 | train_loss=0.9267 train_acc=0.6980 test_loss=1.2039 test_acc=0.5606
Round 52 | selected=[25, 55, 52, 51, 65, 15, 77, 67, 10, 49]
Round 52 | train_loss=0.9650 train_acc=0.6786 test_loss=1.1521 test_acc=0.5834
Round 53 | selected=[45, 17, 75, 29, 88, 55, 6, 34, 7, 22]
Round 53 | train_loss=0.9390 train_acc=0.7058 test_loss=1.1250 test_acc=0.5912
Round 54 | selected=[90, 89, 22, 45, 85, 2, 64, 27, 99, 34]
Round 54 | train_loss=0.9588 train_acc=0.6938 test_loss=1.1845 test_acc=0.5800
Round 55 | selected=[41, 82, 22, 88, 56, 8, 72, 93, 24, 5]
Round 55 | train_loss=0.9716 train_acc=0.6786 test_loss=1.2597 test_acc=0.5560
Round 56 | selected=[23, 38, 99, 11, 58, 0, 75, 34, 94, 74]
Round 56 | train_loss=0.9872 train_acc=0.6986 test_loss=1.3988 test_acc=0.5170
Round 57 | selected=[15, 97, 73, 19, 40, 83, 85, 58, 89, 45]
Round 57 | train_loss=0.8246 train_acc=0.7376 test_loss=1.3330 test_acc=0.5240
Round 58 | selected=[78, 55, 41, 22, 89, 88, 93, 85, 86, 98]
Round 58 | train_loss=0.9187 train_acc=0.7080 test_loss=1.6252 test_acc=0.4768
Round 59 | selected=[85, 47, 15, 62, 50, 82, 38, 90, 52, 33]
Round 59 | train_loss=0.8825 train_acc=0.7252 test_loss=1.7137 test_acc=0.4463
Round 60 | selected=[46, 25, 40, 86, 31, 50, 84, 13, 19, 72]
Round 60 | train_loss=0.8685 train_acc=0.7218 test_loss=1.2592 test_acc=0.5471
Round 61 | selected=[3, 8, 54, 52, 77, 81, 60, 93, 25, 79]
Round 61 | train_loss=0.9997 train_acc=0.6694 test_loss=1.0957 test_acc=0.6115
Round 62 | selected=[77, 76, 7, 30, 74, 47, 93, 33, 42, 98]
Round 62 | train_loss=0.9688 train_acc=0.6758 test_loss=1.1298 test_acc=0.6026
Round 63 | selected=[17, 52, 91, 21, 85, 47, 44, 87, 42, 10]
Round 63 | train_loss=0.8768 train_acc=0.6928 test_loss=1.1398 test_acc=0.5893
Round 64 | selected=[1, 79, 93, 32, 29, 10, 47, 78, 58, 19]
Round 64 | train_loss=0.9114 train_acc=0.6836 test_loss=1.1608 test_acc=0.5761
Round 65 | selected=[55, 10, 46, 74, 54, 15, 81, 66, 12, 93]
Round 65 | train_loss=0.9123 train_acc=0.6956 test_loss=1.1193 test_acc=0.5892
Round 66 | selected=[56, 11, 93, 73, 94, 26, 22, 52, 36, 29]
Round 66 | train_loss=0.8219 train_acc=0.7236 test_loss=1.0855 test_acc=0.6020
Round 67 | selected=[82, 22, 31, 16, 28, 33, 56, 41, 76, 11]
Round 67 | train_loss=0.8861 train_acc=0.7030 test_loss=1.1420 test_acc=0.5902
Round 68 | selected=[81, 97, 82, 70, 39, 55, 89, 85, 36, 83]
Round 68 | train_loss=0.8472 train_acc=0.7368 test_loss=1.2796 test_acc=0.5519
Round 69 | selected=[80, 73, 18, 98, 55, 49, 43, 61, 8, 82]
Round 69 | train_loss=0.8227 train_acc=0.7322 test_loss=1.2122 test_acc=0.5730
Round 70 | selected=[17, 6, 47, 63, 96, 3, 81, 41, 21, 46]
Round 70 | train_loss=0.8553 train_acc=0.7158 test_loss=1.0365 test_acc=0.6292
Round 71 | selected=[85, 20, 24, 98, 21, 64, 11, 58, 68, 62]
Round 71 | train_loss=0.7859 train_acc=0.7378 test_loss=1.0869 test_acc=0.6066
Round 72 | selected=[5, 16, 63, 59, 66, 92, 17, 31, 74, 64]
Round 72 | train_loss=0.8454 train_acc=0.7220 test_loss=1.2194 test_acc=0.5564
Round 73 | selected=[14, 92, 71, 69, 4, 54, 23, 62, 43, 7]
Round 73 | train_loss=0.9217 train_acc=0.6930 test_loss=1.2683 test_acc=0.5403
Round 74 | selected=[72, 6, 11, 52, 57, 59, 55, 28, 94, 82]
Round 74 | train_loss=0.8596 train_acc=0.7184 test_loss=1.1081 test_acc=0.6157
Round 75 | selected=[81, 43, 26, 4, 87, 50, 59, 40, 47, 95]
Round 75 | train_loss=0.8246 train_acc=0.7246 test_loss=1.1279 test_acc=0.5994
Round 76 | selected=[17, 59, 12, 15, 38, 40, 57, 21, 47, 49]
Round 76 | train_loss=0.7552 train_acc=0.7594 test_loss=1.0856 test_acc=0.6020
Round 77 | selected=[8, 57, 39, 27, 96, 6, 59, 44, 66, 86]
Round 77 | train_loss=0.8216 train_acc=0.7456 test_loss=1.0871 test_acc=0.5986
Round 78 | selected=[73, 79, 56, 35, 47, 30, 52, 15, 97, 66]
Round 78 | train_loss=0.7375 train_acc=0.7608 test_loss=1.1306 test_acc=0.5844
Round 79 | selected=[8, 44, 75, 17, 20, 80, 60, 53, 16, 95]
Round 79 | train_loss=0.8131 train_acc=0.7364 test_loss=1.2075 test_acc=0.5612
Round 80 | selected=[4, 88, 83, 15, 45, 78, 92, 58, 46, 52]
Round 80 | train_loss=0.7536 train_acc=0.7626 test_loss=1.1597 test_acc=0.5785
Round 81 | selected=[80, 91, 48, 38, 41, 49, 0, 71, 4, 1]
Round 81 | train_loss=0.7699 train_acc=0.7554 test_loss=1.0168 test_acc=0.6348
Round 82 | selected=[52, 98, 54, 45, 61, 36, 76, 27, 22, 25]
Round 82 | train_loss=0.7658 train_acc=0.7494 test_loss=0.9986 test_acc=0.6390
Round 83 | selected=[96, 15, 80, 66, 98, 0, 44, 70, 38, 10]
Round 83 | train_loss=0.7819 train_acc=0.7462 test_loss=1.0933 test_acc=0.6088
Round 84 | selected=[69, 9, 45, 35, 99, 84, 58, 73, 18, 3]
Round 84 | train_loss=0.8127 train_acc=0.7214 test_loss=1.0829 test_acc=0.6108
Round 85 | selected=[81, 71, 9, 53, 89, 98, 26, 91, 43, 68]
Round 85 | train_loss=0.7208 train_acc=0.7696 test_loss=1.0492 test_acc=0.6254
Round 86 | selected=[39, 82, 72, 29, 95, 53, 75, 79, 90, 32]
Round 86 | train_loss=0.7674 train_acc=0.7480 test_loss=1.0145 test_acc=0.6379
Round 87 | selected=[38, 81, 50, 19, 66, 9, 82, 61, 15, 72]
Round 87 | train_loss=0.7173 train_acc=0.7772 test_loss=1.0196 test_acc=0.6401
Round 88 | selected=[27, 5, 39, 61, 50, 67, 49, 31, 34, 79]
Round 88 | train_loss=0.7668 train_acc=0.7460 test_loss=1.0766 test_acc=0.6107
Round 89 | selected=[48, 42, 13, 22, 57, 15, 55, 56, 19, 36]
Round 89 | train_loss=0.7060 train_acc=0.7610 test_loss=0.9764 test_acc=0.6475
Round 90 | selected=[78, 81, 32, 27, 85, 58, 40, 11, 7, 39]
Round 90 | train_loss=0.7319 train_acc=0.7656 test_loss=0.9183 test_acc=0.6768
Round 91 | selected=[2, 24, 36, 13, 37, 98, 96, 67, 38, 83]
Round 91 | train_loss=0.6268 train_acc=0.8050 test_loss=0.9424 test_acc=0.6571
Round 92 | selected=[57, 54, 69, 47, 15, 32, 68, 59, 20, 90]
Round 92 | train_loss=0.7269 train_acc=0.7606 test_loss=0.9607 test_acc=0.6523
Round 93 | selected=[66, 19, 91, 63, 65, 60, 90, 18, 24, 68]
Round 93 | train_loss=0.6177 train_acc=0.8080 test_loss=0.9629 test_acc=0.6528
Round 94 | selected=[68, 51, 73, 29, 36, 48, 20, 86, 94, 87]
Round 94 | train_loss=0.7178 train_acc=0.7762 test_loss=0.9844 test_acc=0.6425
Round 95 | selected=[36, 74, 82, 80, 10, 28, 88, 17, 66, 13]
Round 95 | train_loss=0.7533 train_acc=0.7544 test_loss=1.0174 test_acc=0.6363
Round 96 | selected=[76, 36, 88, 15, 60, 12, 20, 78, 13, 9]
Round 96 | train_loss=0.7449 train_acc=0.7536 test_loss=1.0254 test_acc=0.6376
Round 97 | selected=[10, 34, 48, 70, 52, 79, 5, 56, 60, 50]
Round 97 | train_loss=0.7722 train_acc=0.7430 test_loss=1.1601 test_acc=0.5893
Round 98 | selected=[95, 69, 18, 64, 54, 31, 85, 15, 88, 48]
Round 98 | train_loss=0.6913 train_acc=0.7666 test_loss=1.0531 test_acc=0.6289
Round 99 | selected=[6, 4, 93, 38, 91, 64, 19, 12, 35, 5]
Round 99 | train_loss=0.7125 train_acc=0.7564 test_loss=0.9508 test_acc=0.6745
Round 100 | selected=[34, 52, 32, 95, 18, 79, 0, 81, 8, 92]
Round 100 | train_loss=0.6522 train_acc=0.7836 test_loss=1.1785 test_acc=0.5899
Round 101 | selected=[42, 20, 63, 46, 75, 93, 12, 37, 55, 61]
Round 101 | train_loss=0.7808 train_acc=0.7406 test_loss=1.0782 test_acc=0.6160
Round 102 | selected=[75, 15, 6, 90, 74, 24, 27, 78, 68, 79]
Round 102 | train_loss=0.7698 train_acc=0.7680 test_loss=0.9185 test_acc=0.6689
Round 103 | selected=[5, 29, 63, 18, 9, 87, 20, 62, 82, 49]
Round 103 | train_loss=0.7360 train_acc=0.7598 test_loss=1.0670 test_acc=0.6312
Round 104 | selected=[91, 66, 37, 23, 40, 27, 15, 65, 88, 78]
Round 104 | train_loss=0.6364 train_acc=0.8076 test_loss=0.9335 test_acc=0.6725
Round 105 | selected=[31, 91, 32, 14, 77, 35, 46, 17, 2, 86]
Round 105 | train_loss=0.6853 train_acc=0.7708 test_loss=0.8433 test_acc=0.7039
Round 106 | selected=[43, 62, 10, 45, 4, 38, 8, 49, 52, 84]
Round 106 | train_loss=0.7178 train_acc=0.7642 test_loss=0.9113 test_acc=0.6774
Round 107 | selected=[34, 19, 64, 70, 43, 29, 41, 4, 1, 37]
Round 107 | train_loss=0.6703 train_acc=0.7844 test_loss=0.9034 test_acc=0.6722
Round 108 | selected=[8, 22, 62, 30, 38, 64, 80, 56, 19, 29]
Round 108 | train_loss=0.5978 train_acc=0.8184 test_loss=0.9336 test_acc=0.6671
Round 109 | selected=[15, 16, 98, 34, 91, 38, 8, 43, 47, 35]
Round 109 | train_loss=0.5892 train_acc=0.8068 test_loss=1.0238 test_acc=0.6306
Round 110 | selected=[27, 16, 95, 72, 96, 63, 5, 24, 85, 3]
Round 110 | train_loss=0.7012 train_acc=0.7632 test_loss=0.9448 test_acc=0.6573
Round 111 | selected=[29, 42, 75, 4, 76, 83, 93, 72, 47, 73]
Round 111 | train_loss=0.7818 train_acc=0.7386 test_loss=0.9503 test_acc=0.6633
Round 112 | selected=[60, 39, 13, 43, 98, 49, 0, 79, 23, 66]
Round 112 | train_loss=0.6306 train_acc=0.8014 test_loss=1.0478 test_acc=0.6390
Round 113 | selected=[50, 68, 73, 44, 4, 14, 38, 32, 63, 77]
Round 113 | train_loss=0.6461 train_acc=0.7902 test_loss=0.9853 test_acc=0.6542
Round 114 | selected=[31, 69, 59, 15, 30, 37, 4, 78, 97, 34]
Round 114 | train_loss=0.6419 train_acc=0.7936 test_loss=0.9429 test_acc=0.6606
Round 115 | selected=[28, 20, 98, 85, 23, 22, 16, 60, 41, 36]
Round 115 | train_loss=0.6523 train_acc=0.7878 test_loss=1.0106 test_acc=0.6356
Round 116 | selected=[4, 35, 40, 44, 50, 41, 91, 11, 7, 88]
Round 116 | train_loss=0.6496 train_acc=0.7908 test_loss=1.0372 test_acc=0.6276
Round 117 | selected=[27, 50, 15, 67, 51, 77, 32, 66, 21, 48]
Round 117 | train_loss=0.6359 train_acc=0.8000 test_loss=0.9775 test_acc=0.6604
Round 118 | selected=[84, 34, 53, 82, 94, 61, 31, 14, 3, 51]
Round 118 | train_loss=0.6371 train_acc=0.7924 test_loss=0.9449 test_acc=0.6725
Round 119 | selected=[92, 28, 70, 45, 60, 30, 89, 27, 68, 56]
Round 119 | train_loss=0.6288 train_acc=0.8006 test_loss=0.8525 test_acc=0.6977
Round 120 | selected=[62, 69, 95, 53, 41, 5, 27, 8, 43, 13]
Round 120 | train_loss=0.6186 train_acc=0.7968 test_loss=0.8544 test_acc=0.6976
Round 121 | selected=[71, 77, 89, 7, 38, 56, 96, 15, 19, 43]
Round 121 | train_loss=0.6514 train_acc=0.7876 test_loss=0.9625 test_acc=0.6610
Round 122 | selected=[64, 37, 53, 94, 98, 21, 2, 24, 84, 4]
Round 122 | train_loss=0.5828 train_acc=0.8128 test_loss=0.8414 test_acc=0.7063
Round 123 | selected=[86, 25, 31, 15, 62, 95, 45, 91, 57, 14]
Round 123 | train_loss=0.5721 train_acc=0.8098 test_loss=0.8349 test_acc=0.7071
Round 124 | selected=[14, 47, 16, 5, 94, 8, 76, 71, 32, 81]
Round 124 | train_loss=0.5982 train_acc=0.7962 test_loss=0.9218 test_acc=0.6741
Round 125 | selected=[15, 43, 97, 55, 32, 99, 31, 92, 18, 78]
Round 125 | train_loss=0.6275 train_acc=0.7978 test_loss=0.8387 test_acc=0.7033
Round 126 | selected=[6, 64, 13, 31, 9, 23, 94, 37, 79, 74]
Round 126 | train_loss=0.6239 train_acc=0.7950 test_loss=0.8056 test_acc=0.7153
Round 127 | selected=[47, 4, 9, 44, 50, 96, 43, 63, 68, 6]
Round 127 | train_loss=0.5658 train_acc=0.8120 test_loss=0.8325 test_acc=0.7050
Round 128 | selected=[89, 80, 29, 51, 1, 14, 33, 57, 3, 6]
Round 128 | train_loss=0.5531 train_acc=0.8136 test_loss=1.0073 test_acc=0.6454
Round 129 | selected=[44, 18, 53, 66, 5, 99, 71, 30, 55, 63]
Round 129 | train_loss=0.6971 train_acc=0.7774 test_loss=1.0223 test_acc=0.6380
Round 130 | selected=[22, 62, 81, 37, 31, 77, 73, 3, 33, 46]
Round 130 | train_loss=0.6246 train_acc=0.7890 test_loss=0.7874 test_acc=0.7252
Round 131 | selected=[68, 35, 90, 12, 77, 3, 85, 0, 31, 33]
Round 131 | train_loss=0.6020 train_acc=0.7984 test_loss=0.7869 test_acc=0.7258
Round 132 | selected=[52, 62, 20, 40, 11, 7, 76, 93, 4, 78]
Round 132 | train_loss=0.6489 train_acc=0.7884 test_loss=0.8036 test_acc=0.7125
Round 133 | selected=[97, 12, 52, 74, 59, 24, 95, 51, 8, 9]
Round 133 | train_loss=0.6191 train_acc=0.8002 test_loss=0.8211 test_acc=0.7042
Round 134 | selected=[71, 92, 40, 49, 84, 82, 88, 28, 33, 22]
Round 134 | train_loss=0.6121 train_acc=0.7988 test_loss=0.7532 test_acc=0.7346
Round 135 | selected=[69, 8, 52, 23, 7, 18, 3, 9, 19, 60]
Round 135 | train_loss=0.5561 train_acc=0.8214 test_loss=0.8145 test_acc=0.7143
Round 136 | selected=[45, 19, 90, 58, 65, 18, 16, 21, 39, 69]
Round 136 | train_loss=0.4970 train_acc=0.8422 test_loss=0.9883 test_acc=0.6560
Round 137 | selected=[22, 66, 1, 85, 96, 9, 81, 78, 73, 91]
Round 137 | train_loss=0.5665 train_acc=0.8166 test_loss=0.9416 test_acc=0.6716
Round 138 | selected=[25, 2, 19, 62, 93, 31, 46, 6, 10, 63]
Round 138 | train_loss=0.6836 train_acc=0.7678 test_loss=0.8312 test_acc=0.7043
Round 139 | selected=[57, 15, 60, 54, 90, 45, 64, 97, 3, 85]
Round 139 | train_loss=0.5763 train_acc=0.8118 test_loss=0.8111 test_acc=0.7129
Round 140 | selected=[88, 68, 82, 2, 54, 57, 96, 33, 22, 89]
Round 140 | train_loss=0.5643 train_acc=0.8114 test_loss=0.8462 test_acc=0.6936
Round 141 | selected=[54, 10, 46, 37, 42, 38, 1, 80, 36, 45]
Round 141 | train_loss=0.6294 train_acc=0.7896 test_loss=0.8361 test_acc=0.6973
Round 142 | selected=[52, 31, 86, 11, 79, 83, 16, 6, 3, 20]
Round 142 | train_loss=0.6337 train_acc=0.8050 test_loss=0.8149 test_acc=0.7031
Round 143 | selected=[58, 46, 84, 39, 45, 93, 67, 36, 40, 16]
Round 143 | train_loss=0.5303 train_acc=0.8270 test_loss=0.8193 test_acc=0.7090
Round 144 | selected=[81, 11, 24, 76, 50, 7, 42, 49, 88, 26]
Round 144 | train_loss=0.6124 train_acc=0.7964 test_loss=0.8757 test_acc=0.7006
Round 145 | selected=[12, 79, 26, 41, 23, 95, 63, 58, 94, 20]
Round 145 | train_loss=0.5788 train_acc=0.8052 test_loss=0.8272 test_acc=0.7147
Round 146 | selected=[60, 24, 40, 83, 94, 64, 71, 95, 84, 5]
Round 146 | train_loss=0.5650 train_acc=0.8206 test_loss=0.7762 test_acc=0.7354
Round 147 | selected=[39, 51, 68, 53, 34, 42, 64, 44, 15, 67]
Round 147 | train_loss=0.5235 train_acc=0.8236 test_loss=0.8494 test_acc=0.7107
Round 148 | selected=[92, 85, 18, 97, 45, 65, 93, 63, 2, 36]
Round 148 | train_loss=0.5465 train_acc=0.8182 test_loss=0.8463 test_acc=0.7059
Round 149 | selected=[14, 25, 77, 59, 20, 42, 43, 55, 48, 86]
Round 149 | train_loss=0.6517 train_acc=0.7848 test_loss=0.8842 test_acc=0.6980
Round 150 | selected=[37, 21, 26, 74, 13, 19, 51, 96, 46, 73]
Round 150 | train_loss=0.5565 train_acc=0.8160 test_loss=0.9265 test_acc=0.6952
Round 151 | selected=[40, 2, 47, 60, 78, 76, 56, 71, 21, 53]
Round 151 | train_loss=0.5346 train_acc=0.8266 test_loss=0.8440 test_acc=0.7121
Round 152 | selected=[95, 45, 93, 78, 10, 83, 85, 33, 68, 55]
Round 152 | train_loss=0.6015 train_acc=0.8024 test_loss=0.8493 test_acc=0.6957
Round 153 | selected=[50, 92, 80, 68, 54, 75, 55, 20, 1, 16]
Round 153 | train_loss=0.5789 train_acc=0.8078 test_loss=1.0569 test_acc=0.6480
Round 154 | selected=[12, 64, 99, 17, 11, 4, 9, 82, 60, 8]
Round 154 | train_loss=0.5696 train_acc=0.8176 test_loss=1.0571 test_acc=0.6454
Round 155 | selected=[11, 75, 99, 24, 17, 95, 8, 34, 56, 90]
Round 155 | train_loss=0.5803 train_acc=0.8124 test_loss=0.8059 test_acc=0.7173
Round 156 | selected=[92, 29, 95, 44, 5, 39, 70, 38, 62, 76]
Round 156 | train_loss=0.6486 train_acc=0.7916 test_loss=0.7439 test_acc=0.7467
Round 157 | selected=[93, 29, 99, 27, 73, 89, 33, 51, 34, 42]
Round 157 | train_loss=0.5953 train_acc=0.7988 test_loss=0.8540 test_acc=0.7037
Round 158 | selected=[9, 29, 75, 78, 87, 52, 1, 36, 48, 37]
Round 158 | train_loss=0.5792 train_acc=0.8076 test_loss=0.8105 test_acc=0.7185
Round 159 | selected=[2, 77, 75, 60, 19, 11, 89, 20, 1, 91]
Round 159 | train_loss=0.5501 train_acc=0.8184 test_loss=0.7316 test_acc=0.7516
Round 160 | selected=[78, 3, 40, 74, 24, 90, 51, 22, 65, 38]
Round 160 | train_loss=0.5161 train_acc=0.8372 test_loss=0.7503 test_acc=0.7325
Round 161 | selected=[17, 23, 29, 44, 32, 97, 82, 4, 13, 55]
Round 161 | train_loss=0.5040 train_acc=0.8360 test_loss=0.8712 test_acc=0.6883
Round 162 | selected=[4, 83, 67, 55, 17, 93, 48, 18, 94, 86]
Round 162 | train_loss=0.5889 train_acc=0.8150 test_loss=0.8656 test_acc=0.6943
Round 163 | selected=[13, 86, 29, 48, 70, 94, 1, 54, 95, 69]
Round 163 | train_loss=0.5432 train_acc=0.8158 test_loss=0.7870 test_acc=0.7285
Round 164 | selected=[80, 3, 9, 10, 81, 37, 57, 97, 58, 24]
Round 164 | train_loss=0.5130 train_acc=0.8220 test_loss=0.7713 test_acc=0.7345
Round 165 | selected=[56, 90, 24, 74, 19, 45, 21, 97, 96, 95]
Round 165 | train_loss=0.4885 train_acc=0.8398 test_loss=0.6978 test_acc=0.7603
Round 166 | selected=[9, 71, 15, 75, 32, 18, 61, 63, 53, 80]
Round 166 | train_loss=0.5140 train_acc=0.8350 test_loss=0.6933 test_acc=0.7570
Round 167 | selected=[95, 97, 52, 12, 96, 77, 80, 74, 78, 98]
Round 167 | train_loss=0.4918 train_acc=0.8394 test_loss=0.7390 test_acc=0.7382
Round 168 | selected=[86, 55, 74, 26, 73, 62, 95, 88, 56, 83]
Round 168 | train_loss=0.5469 train_acc=0.8292 test_loss=0.7621 test_acc=0.7288
Round 169 | selected=[71, 42, 12, 36, 74, 11, 80, 78, 77, 9]
Round 169 | train_loss=0.5942 train_acc=0.8036 test_loss=0.6984 test_acc=0.7527
Round 170 | selected=[16, 65, 91, 57, 20, 60, 25, 4, 94, 58]
Round 170 | train_loss=0.5065 train_acc=0.8334 test_loss=0.7496 test_acc=0.7320
Round 171 | selected=[71, 8, 24, 37, 72, 62, 16, 19, 83, 84]
Round 171 | train_loss=0.4985 train_acc=0.8412 test_loss=0.7739 test_acc=0.7343
Round 172 | selected=[57, 23, 92, 98, 26, 36, 48, 14, 88, 50]
Round 172 | train_loss=0.4777 train_acc=0.8522 test_loss=0.7048 test_acc=0.7480
Round 173 | selected=[56, 51, 45, 0, 59, 55, 68, 33, 61, 80]
Round 173 | train_loss=0.4674 train_acc=0.8586 test_loss=0.7153 test_acc=0.7476
Round 174 | selected=[21, 87, 82, 58, 5, 4, 42, 97, 28, 31]
Round 174 | train_loss=0.5799 train_acc=0.8062 test_loss=0.7398 test_acc=0.7436
Round 175 | selected=[59, 15, 86, 23, 73, 88, 34, 83, 98, 43]
Round 175 | train_loss=0.4989 train_acc=0.8470 test_loss=0.7456 test_acc=0.7448
Round 176 | selected=[2, 59, 98, 12, 75, 63, 21, 86, 89, 19]
Round 176 | train_loss=0.5031 train_acc=0.8410 test_loss=0.7481 test_acc=0.7415
Round 177 | selected=[0, 69, 39, 84, 64, 2, 62, 45, 52, 77]
Round 177 | train_loss=0.4567 train_acc=0.8474 test_loss=0.6806 test_acc=0.7696
Round 178 | selected=[25, 89, 78, 42, 61, 59, 55, 88, 74, 3]
Round 178 | train_loss=0.5307 train_acc=0.8264 test_loss=0.6494 test_acc=0.7818
Round 179 | selected=[11, 28, 63, 57, 83, 70, 93, 50, 74, 18]
Round 179 | train_loss=0.5328 train_acc=0.8252 test_loss=0.6848 test_acc=0.7649
Round 180 | selected=[89, 53, 19, 81, 28, 93, 7, 55, 67, 60]
Round 180 | train_loss=0.4388 train_acc=0.8604 test_loss=0.6601 test_acc=0.7770
Round 181 | selected=[5, 63, 12, 76, 34, 9, 52, 8, 82, 58]
Round 181 | train_loss=0.4968 train_acc=0.8366 test_loss=0.6505 test_acc=0.7773
Round 182 | selected=[3, 5, 21, 29, 44, 62, 95, 17, 31, 93]
Round 182 | train_loss=0.5036 train_acc=0.8368 test_loss=0.6274 test_acc=0.7853
Round 183 | selected=[52, 37, 53, 35, 39, 96, 26, 24, 42, 95]
Round 183 | train_loss=0.4275 train_acc=0.8598 test_loss=0.6264 test_acc=0.7818
Round 184 | selected=[50, 43, 99, 20, 72, 45, 59, 40, 36, 74]
Round 184 | train_loss=0.5019 train_acc=0.8392 test_loss=0.6549 test_acc=0.7680
Round 185 | selected=[58, 98, 50, 82, 81, 7, 49, 1, 96, 48]
Round 185 | train_loss=0.4018 train_acc=0.8654 test_loss=0.6782 test_acc=0.7553
Round 186 | selected=[23, 84, 45, 76, 92, 10, 6, 68, 51, 20]
Round 186 | train_loss=0.4648 train_acc=0.8438 test_loss=0.6768 test_acc=0.7590
Round 187 | selected=[84, 33, 15, 79, 4, 21, 64, 14, 7, 98]
Round 187 | train_loss=0.4229 train_acc=0.8642 test_loss=0.6582 test_acc=0.7729
Round 188 | selected=[57, 47, 0, 85, 7, 54, 40, 66, 43, 36]
Round 188 | train_loss=0.4364 train_acc=0.8526 test_loss=0.7324 test_acc=0.7445
Round 189 | selected=[90, 91, 60, 37, 9, 1, 22, 15, 55, 33]
Round 189 | train_loss=0.3608 train_acc=0.8816 test_loss=0.8035 test_acc=0.7203
Round 190 | selected=[70, 54, 1, 87, 49, 59, 36, 20, 5, 12]
Round 190 | train_loss=0.5415 train_acc=0.8174 test_loss=0.6501 test_acc=0.7746
Round 191 | selected=[98, 7, 79, 0, 15, 13, 99, 32, 43, 12]
Round 191 | train_loss=0.4344 train_acc=0.8560 test_loss=0.6653 test_acc=0.7714
Round 192 | selected=[12, 16, 58, 74, 80, 63, 28, 89, 54, 75]
Round 192 | train_loss=0.4361 train_acc=0.8574 test_loss=0.7210 test_acc=0.7555
Round 193 | selected=[83, 59, 72, 27, 14, 61, 70, 2, 21, 54]
Round 193 | train_loss=0.4630 train_acc=0.8524 test_loss=0.6679 test_acc=0.7676
Round 194 | selected=[50, 69, 52, 76, 10, 15, 35, 94, 32, 82]
Round 194 | train_loss=0.4516 train_acc=0.8544 test_loss=0.6510 test_acc=0.7714
Round 195 | selected=[59, 18, 76, 83, 0, 69, 14, 55, 40, 5]
Round 195 | train_loss=0.4388 train_acc=0.8568 test_loss=0.6436 test_acc=0.7745
Round 196 | selected=[17, 14, 50, 2, 3, 56, 28, 88, 39, 54]
Round 196 | train_loss=0.4621 train_acc=0.8412 test_loss=0.5880 test_acc=0.7992
Round 197 | selected=[70, 97, 32, 90, 2, 35, 23, 94, 4, 68]
Round 197 | train_loss=0.4214 train_acc=0.8644 test_loss=0.6104 test_acc=0.7908
Round 198 | selected=[81, 80, 0, 17, 87, 25, 11, 69, 30, 16]
Round 198 | train_loss=0.4176 train_acc=0.8670 test_loss=0.6409 test_acc=0.7742
Round 199 | selected=[30, 98, 72, 60, 5, 21, 56, 64, 34, 24]
Round 199 | train_loss=0.3866 train_acc=0.8828 test_loss=0.6416 test_acc=0.7792
Round 200 | selected=[3, 57, 79, 20, 84, 21, 71, 76, 59, 60]
Round 200 | train_loss=0.4730 train_acc=0.8466 test_loss=0.6363 test_acc=0.7837
Round 201 | selected=[10, 61, 75, 47, 13, 46, 53, 52, 39, 34]
Round 201 | train_loss=0.4287 train_acc=0.8598 test_loss=0.6579 test_acc=0.7711
Round 202 | selected=[27, 2, 66, 63, 5, 97, 34, 51, 22, 60]
Round 202 | train_loss=0.3905 train_acc=0.8802 test_loss=0.6361 test_acc=0.7755
Round 203 | selected=[96, 74, 75, 25, 4, 98, 33, 70, 89, 95]
Round 203 | train_loss=0.4405 train_acc=0.8588 test_loss=0.6080 test_acc=0.7891
Round 204 | selected=[76, 40, 77, 14, 0, 34, 24, 91, 95, 56]
Round 204 | train_loss=0.3643 train_acc=0.8820 test_loss=0.6468 test_acc=0.7772
Round 205 | selected=[54, 74, 20, 71, 17, 27, 61, 83, 53, 23]
Round 205 | train_loss=0.4855 train_acc=0.8424 test_loss=0.5991 test_acc=0.7949
Round 206 | selected=[60, 74, 34, 53, 3, 35, 4, 6, 19, 91]
Round 206 | train_loss=0.3658 train_acc=0.8806 test_loss=0.6496 test_acc=0.7820
Round 207 | selected=[42, 89, 22, 55, 94, 2, 88, 98, 80, 45]
Round 207 | train_loss=0.4021 train_acc=0.8692 test_loss=0.6759 test_acc=0.7687
Round 208 | selected=[11, 26, 42, 33, 9, 17, 13, 97, 30, 22]
Round 208 | train_loss=0.4225 train_acc=0.8632 test_loss=0.6310 test_acc=0.7834
Round 209 | selected=[67, 23, 20, 18, 37, 58, 25, 52, 98, 3]
Round 209 | train_loss=0.3386 train_acc=0.8928 test_loss=0.6334 test_acc=0.7794
Round 210 | selected=[44, 6, 58, 57, 24, 32, 3, 67, 20, 91]
Round 210 | train_loss=0.3891 train_acc=0.8728 test_loss=0.6786 test_acc=0.7582
Round 211 | selected=[49, 76, 69, 70, 39, 8, 63, 71, 38, 9]
Round 211 | train_loss=0.4396 train_acc=0.8610 test_loss=0.7012 test_acc=0.7506
Round 212 | selected=[43, 48, 99, 93, 2, 67, 86, 18, 64, 39]
Round 212 | train_loss=0.3978 train_acc=0.8732 test_loss=0.6898 test_acc=0.7591
Round 213 | selected=[3, 49, 26, 15, 90, 25, 67, 99, 73, 63]
Round 213 | train_loss=0.3884 train_acc=0.8734 test_loss=0.6145 test_acc=0.7828
Round 214 | selected=[62, 22, 26, 67, 69, 96, 53, 77, 54, 49]
Round 214 | train_loss=0.4215 train_acc=0.8624 test_loss=0.5873 test_acc=0.7970
Round 215 | selected=[87, 42, 41, 25, 47, 93, 56, 68, 22, 72]
Round 215 | train_loss=0.4110 train_acc=0.8666 test_loss=0.6039 test_acc=0.7883
Round 216 | selected=[85, 35, 9, 62, 6, 75, 47, 18, 59, 58]
Round 216 | train_loss=0.4633 train_acc=0.8442 test_loss=0.6507 test_acc=0.7699
Round 217 | selected=[30, 15, 77, 93, 91, 98, 1, 60, 99, 17]
Round 217 | train_loss=0.3884 train_acc=0.8766 test_loss=0.6806 test_acc=0.7623
Round 218 | selected=[80, 51, 15, 25, 22, 23, 86, 49, 4, 72]
Round 218 | train_loss=0.3970 train_acc=0.8788 test_loss=0.7085 test_acc=0.7555
Round 219 | selected=[72, 30, 26, 62, 68, 27, 54, 56, 12, 38]
Round 219 | train_loss=0.4299 train_acc=0.8644 test_loss=0.6113 test_acc=0.7956
Round 220 | selected=[85, 12, 1, 74, 46, 92, 8, 49, 72, 64]
Round 220 | train_loss=0.3805 train_acc=0.8780 test_loss=0.6240 test_acc=0.7837
Round 221 | selected=[79, 21, 7, 2, 99, 34, 35, 80, 5, 69]
Round 221 | train_loss=0.4082 train_acc=0.8572 test_loss=0.6427 test_acc=0.7810
Round 222 | selected=[63, 55, 80, 93, 88, 51, 15, 68, 76, 32]
Round 222 | train_loss=0.3655 train_acc=0.8842 test_loss=0.6505 test_acc=0.7753
Round 223 | selected=[69, 22, 38, 44, 51, 57, 9, 99, 35, 79]
Round 223 | train_loss=0.4157 train_acc=0.8654 test_loss=0.6867 test_acc=0.7578
Round 224 | selected=[13, 54, 77, 75, 98, 81, 4, 65, 53, 45]
Round 224 | train_loss=0.3959 train_acc=0.8678 test_loss=0.6572 test_acc=0.7734
Round 225 | selected=[73, 41, 50, 83, 64, 54, 39, 7, 98, 34]
Round 225 | train_loss=0.3281 train_acc=0.8920 test_loss=0.6118 test_acc=0.7856
Round 226 | selected=[85, 45, 66, 87, 39, 60, 37, 50, 30, 54]
Round 226 | train_loss=0.3258 train_acc=0.8942 test_loss=0.6352 test_acc=0.7821
Round 227 | selected=[86, 1, 96, 4, 71, 99, 59, 44, 39, 76]
Round 227 | train_loss=0.4594 train_acc=0.8558 test_loss=0.5994 test_acc=0.7954
Round 228 | selected=[58, 29, 34, 31, 56, 3, 52, 7, 92, 14]
Round 228 | train_loss=0.3422 train_acc=0.8902 test_loss=0.6183 test_acc=0.7882
Round 229 | selected=[45, 47, 35, 42, 83, 5, 60, 21, 82, 38]
Round 229 | train_loss=0.4013 train_acc=0.8710 test_loss=0.6926 test_acc=0.7513
Round 230 | selected=[18, 79, 88, 65, 7, 83, 87, 35, 51, 98]
Round 230 | train_loss=0.3741 train_acc=0.8778 test_loss=0.6927 test_acc=0.7487
Round 231 | selected=[15, 9, 45, 35, 48, 97, 23, 62, 90, 68]
Round 231 | train_loss=0.3445 train_acc=0.8894 test_loss=0.6333 test_acc=0.7746
Round 232 | selected=[9, 68, 3, 33, 62, 35, 74, 1, 30, 7]
Round 232 | train_loss=0.3764 train_acc=0.8764 test_loss=0.5749 test_acc=0.8070
Round 233 | selected=[85, 32, 82, 39, 21, 72, 0, 84, 25, 49]
Round 233 | train_loss=0.3329 train_acc=0.8946 test_loss=0.6019 test_acc=0.7939
Round 234 | selected=[78, 42, 24, 38, 35, 51, 74, 75, 29, 57]
Round 234 | train_loss=0.4455 train_acc=0.8568 test_loss=0.6600 test_acc=0.7676
Round 235 | selected=[89, 4, 84, 66, 15, 45, 14, 0, 62, 2]
Round 235 | train_loss=0.3555 train_acc=0.8826 test_loss=0.6522 test_acc=0.7671
Round 236 | selected=[60, 31, 16, 81, 25, 90, 38, 21, 8, 91]
Round 236 | train_loss=0.3116 train_acc=0.8994 test_loss=0.6281 test_acc=0.7774
Round 237 | selected=[41, 21, 25, 56, 60, 82, 93, 70, 30, 33]
Round 237 | train_loss=0.3405 train_acc=0.8860 test_loss=0.6895 test_acc=0.7585
Round 238 | selected=[4, 38, 88, 89, 24, 33, 46, 45, 85, 77]
Round 238 | train_loss=0.4438 train_acc=0.8532 test_loss=0.5865 test_acc=0.8018
Round 239 | selected=[48, 79, 76, 5, 68, 95, 31, 1, 86, 73]
Round 239 | train_loss=0.4119 train_acc=0.8626 test_loss=0.6672 test_acc=0.7626
Round 240 | selected=[99, 49, 97, 65, 6, 71, 16, 5, 85, 47]
Round 240 | train_loss=0.4113 train_acc=0.8728 test_loss=0.7060 test_acc=0.7495
Round 241 | selected=[75, 20, 22, 64, 87, 25, 16, 76, 78, 81]
Round 241 | train_loss=0.3509 train_acc=0.8838 test_loss=0.6629 test_acc=0.7673
Round 242 | selected=[78, 1, 19, 37, 33, 75, 23, 60, 8, 87]
Round 242 | train_loss=0.3275 train_acc=0.8988 test_loss=0.7176 test_acc=0.7470
Round 243 | selected=[23, 85, 36, 35, 47, 84, 39, 58, 31, 95]
Round 243 | train_loss=0.4032 train_acc=0.8602 test_loss=0.5727 test_acc=0.8069
Round 244 | selected=[36, 23, 21, 44, 2, 22, 35, 76, 9, 49]
Round 244 | train_loss=0.3033 train_acc=0.8990 test_loss=0.6683 test_acc=0.7717
Round 245 | selected=[93, 47, 23, 83, 65, 53, 49, 50, 13, 95]
Round 245 | train_loss=0.3478 train_acc=0.8904 test_loss=0.7862 test_acc=0.7384
Round 246 | selected=[73, 6, 77, 95, 89, 32, 50, 52, 53, 64]
Round 246 | train_loss=0.3411 train_acc=0.8890 test_loss=0.6766 test_acc=0.7640
Round 247 | selected=[58, 36, 75, 66, 47, 62, 25, 83, 38, 1]
Round 247 | train_loss=0.4025 train_acc=0.8770 test_loss=0.6007 test_acc=0.7927
Round 248 | selected=[45, 57, 87, 53, 79, 10, 40, 56, 90, 18]
Round 248 | train_loss=0.3498 train_acc=0.8756 test_loss=0.6492 test_acc=0.7759
Round 249 | selected=[18, 63, 54, 32, 48, 42, 14, 7, 52, 76]
Round 249 | train_loss=0.3502 train_acc=0.8788 test_loss=0.5866 test_acc=0.7932
Round 250 | selected=[12, 64, 3, 91, 21, 52, 48, 9, 1, 22]
Round 250 | train_loss=0.2979 train_acc=0.9048 test_loss=0.6359 test_acc=0.7781
Round 251 | selected=[58, 8, 53, 54, 63, 25, 38, 57, 30, 90]
Round 251 | train_loss=0.3195 train_acc=0.8946 test_loss=0.6493 test_acc=0.7763
Round 252 | selected=[43, 4, 63, 55, 95, 5, 64, 86, 40, 30]
Round 252 | train_loss=0.3391 train_acc=0.8918 test_loss=0.6565 test_acc=0.7721
Round 253 | selected=[0, 41, 29, 19, 81, 58, 63, 64, 31, 3]
Round 253 | train_loss=0.3486 train_acc=0.8870 test_loss=0.6067 test_acc=0.7929
Round 254 | selected=[40, 42, 9, 48, 34, 46, 86, 71, 22, 60]
Round 254 | train_loss=0.3756 train_acc=0.8756 test_loss=0.5764 test_acc=0.7998
Round 255 | selected=[35, 12, 19, 99, 75, 6, 93, 91, 34, 71]
Round 255 | train_loss=0.3980 train_acc=0.8632 test_loss=0.5620 test_acc=0.8090
Round 256 | selected=[17, 92, 78, 49, 60, 45, 94, 76, 51, 20]
Round 256 | train_loss=0.3143 train_acc=0.8990 test_loss=0.5837 test_acc=0.8020
Round 257 | selected=[38, 11, 72, 73, 19, 23, 94, 75, 30, 55]
Round 257 | train_loss=0.3362 train_acc=0.9006 test_loss=0.6284 test_acc=0.7847
Round 258 | selected=[29, 25, 70, 18, 94, 67, 84, 66, 0, 77]
Round 258 | train_loss=0.3649 train_acc=0.8790 test_loss=0.6126 test_acc=0.7879
Round 259 | selected=[52, 19, 67, 94, 12, 57, 66, 99, 26, 41]
Round 259 | train_loss=0.2944 train_acc=0.9074 test_loss=0.6328 test_acc=0.7842
Round 260 | selected=[91, 35, 45, 56, 81, 83, 93, 60, 12, 65]
Round 260 | train_loss=0.3342 train_acc=0.8914 test_loss=0.6106 test_acc=0.7872
Round 261 | selected=[54, 18, 81, 50, 56, 43, 92, 32, 7, 15]
Round 261 | train_loss=0.3199 train_acc=0.8966 test_loss=0.6325 test_acc=0.7798
Round 262 | selected=[82, 21, 86, 12, 89, 14, 37, 38, 56, 7]
Round 262 | train_loss=0.3063 train_acc=0.9020 test_loss=0.6883 test_acc=0.7620
Round 263 | selected=[54, 91, 63, 39, 94, 16, 2, 52, 17, 21]
Round 263 | train_loss=0.2457 train_acc=0.9254 test_loss=0.6893 test_acc=0.7599
Round 264 | selected=[84, 47, 79, 39, 43, 25, 16, 85, 75, 5]
Round 264 | train_loss=0.3967 train_acc=0.8624 test_loss=0.5923 test_acc=0.8003
Round 265 | selected=[36, 72, 30, 68, 29, 7, 42, 10, 87, 23]
Round 265 | train_loss=0.3218 train_acc=0.8930 test_loss=0.5956 test_acc=0.7969
Round 266 | selected=[75, 76, 14, 48, 59, 28, 60, 23, 42, 66]
Round 266 | train_loss=0.3450 train_acc=0.8892 test_loss=0.7161 test_acc=0.7509
Round 267 | selected=[70, 10, 17, 3, 41, 11, 55, 38, 76, 44]
Round 267 | train_loss=0.4098 train_acc=0.8628 test_loss=0.6113 test_acc=0.7842
Round 268 | selected=[97, 49, 23, 34, 48, 59, 46, 96, 80, 70]
Round 268 | train_loss=0.3592 train_acc=0.8870 test_loss=0.6365 test_acc=0.7754
Round 269 | selected=[33, 79, 18, 68, 54, 87, 4, 56, 46, 44]
Round 269 | train_loss=0.3297 train_acc=0.8940 test_loss=0.6406 test_acc=0.7792
Round 270 | selected=[44, 51, 80, 99, 39, 66, 52, 68, 8, 89]
Round 270 | train_loss=0.2647 train_acc=0.9170 test_loss=0.6114 test_acc=0.7940
Round 271 | selected=[90, 77, 24, 13, 84, 11, 63, 2, 38, 65]
Round 271 | train_loss=0.3104 train_acc=0.9044 test_loss=0.5749 test_acc=0.8074
Round 272 | selected=[48, 83, 1, 59, 8, 65, 88, 31, 37, 61]
Round 272 | train_loss=0.3594 train_acc=0.8810 test_loss=0.6246 test_acc=0.7867
Round 273 | selected=[33, 47, 86, 28, 43, 88, 90, 46, 42, 97]
Round 273 | train_loss=0.3504 train_acc=0.8830 test_loss=0.6188 test_acc=0.7862
Round 274 | selected=[41, 46, 88, 66, 43, 23, 39, 62, 14, 13]
Round 274 | train_loss=0.2787 train_acc=0.9064 test_loss=0.6564 test_acc=0.7689
Round 275 | selected=[61, 49, 76, 43, 34, 75, 19, 77, 13, 96]
Round 275 | train_loss=0.3000 train_acc=0.9044 test_loss=0.6830 test_acc=0.7548
Round 276 | selected=[63, 14, 97, 54, 11, 13, 95, 53, 80, 50]
Round 276 | train_loss=0.3066 train_acc=0.8994 test_loss=0.7221 test_acc=0.7475
Round 277 | selected=[36, 0, 55, 23, 21, 84, 37, 43, 79, 51]
Round 277 | train_loss=0.3153 train_acc=0.8966 test_loss=0.6013 test_acc=0.7866
Round 278 | selected=[88, 16, 12, 33, 22, 77, 38, 87, 92, 24]
Round 278 | train_loss=0.3051 train_acc=0.8952 test_loss=0.5580 test_acc=0.8102
Round 279 | selected=[50, 1, 88, 64, 27, 11, 59, 91, 32, 78]
Round 279 | train_loss=0.3233 train_acc=0.8914 test_loss=0.5395 test_acc=0.8121
Round 280 | selected=[49, 54, 95, 5, 79, 4, 90, 22, 41, 46]
Round 280 | train_loss=0.3314 train_acc=0.8872 test_loss=0.5132 test_acc=0.8194
Round 281 | selected=[30, 44, 36, 49, 52, 58, 41, 65, 93, 75]
Round 281 | train_loss=0.3151 train_acc=0.8964 test_loss=0.5218 test_acc=0.8188
Round 282 | selected=[22, 85, 29, 18, 19, 7, 40, 70, 88, 83]
Round 282 | train_loss=0.2936 train_acc=0.9048 test_loss=0.5763 test_acc=0.8016
Round 283 | selected=[84, 8, 42, 58, 65, 97, 26, 74, 5, 95]
Round 283 | train_loss=0.3693 train_acc=0.8738 test_loss=0.5446 test_acc=0.8126
Round 284 | selected=[93, 42, 37, 78, 6, 35, 86, 70, 13, 83]
Round 284 | train_loss=0.3590 train_acc=0.8768 test_loss=0.5246 test_acc=0.8185
Round 285 | selected=[21, 98, 36, 86, 47, 90, 69, 48, 97, 75]
Round 285 | train_loss=0.2630 train_acc=0.9164 test_loss=0.5438 test_acc=0.8125
Round 286 | selected=[86, 3, 51, 72, 66, 17, 48, 56, 43, 9]
Round 286 | train_loss=0.2937 train_acc=0.9056 test_loss=0.5457 test_acc=0.8097
Round 287 | selected=[77, 47, 18, 84, 2, 34, 15, 0, 63, 91]
Round 287 | train_loss=0.2782 train_acc=0.9074 test_loss=0.5705 test_acc=0.8034
Round 288 | selected=[70, 7, 18, 56, 15, 51, 42, 0, 28, 2]
Round 288 | train_loss=0.3252 train_acc=0.8928 test_loss=0.5540 test_acc=0.8102
Round 289 | selected=[0, 20, 50, 48, 42, 15, 26, 64, 30, 46]
Round 289 | train_loss=0.3118 train_acc=0.9026 test_loss=0.5461 test_acc=0.8135
Round 290 | selected=[58, 43, 87, 13, 83, 56, 66, 78, 39, 25]
Round 290 | train_loss=0.2437 train_acc=0.9278 test_loss=0.5662 test_acc=0.8077
Round 291 | selected=[97, 98, 38, 37, 11, 1, 23, 71, 50, 66]
Round 291 | train_loss=0.3131 train_acc=0.9016 test_loss=0.5695 test_acc=0.8041
Round 292 | selected=[80, 50, 82, 7, 95, 75, 3, 56, 72, 66]
Round 292 | train_loss=0.2760 train_acc=0.9072 test_loss=0.5362 test_acc=0.8130
Round 293 | selected=[95, 7, 20, 34, 4, 62, 84, 91, 73, 98]
Round 293 | train_loss=0.2622 train_acc=0.9116 test_loss=0.5472 test_acc=0.8049
Round 294 | selected=[69, 12, 11, 48, 39, 90, 21, 53, 4, 94]
Round 294 | train_loss=0.2512 train_acc=0.9208 test_loss=0.5806 test_acc=0.7940
Round 295 | selected=[47, 84, 55, 14, 77, 50, 69, 29, 66, 24]
Round 295 | train_loss=0.2726 train_acc=0.9058 test_loss=0.5628 test_acc=0.8038
Round 296 | selected=[8, 64, 63, 88, 95, 47, 14, 98, 86, 76]
Round 296 | train_loss=0.2447 train_acc=0.9178 test_loss=0.5460 test_acc=0.8090
Round 297 | selected=[94, 42, 5, 52, 69, 16, 93, 50, 78, 44]
Round 297 | train_loss=0.3124 train_acc=0.8940 test_loss=0.5449 test_acc=0.8131
Round 298 | selected=[81, 3, 93, 73, 43, 91, 53, 21, 19, 18]
Round 298 | train_loss=0.2500 train_acc=0.9200 test_loss=0.4938 test_acc=0.8325
Round 299 | selected=[77, 32, 91, 48, 59, 29, 14, 22, 46, 65]
Round 299 | train_loss=0.2710 train_acc=0.9134 test_loss=0.5560 test_acc=0.8093
Round 300 | selected=[98, 5, 90, 73, 35, 13, 34, 82, 30, 0]
Round 300 | train_loss=0.2495 train_acc=0.9176 test_loss=0.6154 test_acc=0.7898
Round 301 | selected=[93, 98, 83, 65, 91, 13, 20, 60, 11, 62]
Round 301 | train_loss=0.2611 train_acc=0.9140 test_loss=0.5217 test_acc=0.8183
Round 302 | selected=[7, 78, 60, 95, 98, 21, 71, 79, 69, 11]
Round 302 | train_loss=0.2669 train_acc=0.9118 test_loss=0.5428 test_acc=0.8137
Round 303 | selected=[45, 38, 77, 21, 1, 9, 76, 47, 60, 80]
Round 303 | train_loss=0.2551 train_acc=0.9164 test_loss=0.6067 test_acc=0.7932
Round 304 | selected=[77, 70, 6, 89, 20, 42, 47, 75, 43, 96]
Round 304 | train_loss=0.3236 train_acc=0.8934 test_loss=0.6286 test_acc=0.7845
Round 305 | selected=[29, 35, 80, 62, 28, 94, 83, 69, 8, 25]
Round 305 | train_loss=0.2480 train_acc=0.9164 test_loss=0.5559 test_acc=0.8115
Round 306 | selected=[6, 44, 41, 43, 88, 85, 1, 39, 30, 47]
Round 306 | train_loss=0.2378 train_acc=0.9236 test_loss=0.6644 test_acc=0.7735
Round 307 | selected=[48, 39, 6, 83, 14, 84, 3, 44, 70, 58]
Round 307 | train_loss=0.2691 train_acc=0.9122 test_loss=0.5785 test_acc=0.8001
Round 308 | selected=[7, 71, 22, 27, 64, 42, 1, 44, 81, 9]
Round 308 | train_loss=0.3177 train_acc=0.8936 test_loss=0.4957 test_acc=0.8346
Round 309 | selected=[57, 74, 5, 3, 97, 71, 43, 63, 23, 96]
Round 309 | train_loss=0.3192 train_acc=0.8952 test_loss=0.4963 test_acc=0.8333
Round 310 | selected=[2, 62, 79, 16, 44, 42, 12, 78, 58, 99]
Round 310 | train_loss=0.2942 train_acc=0.9034 test_loss=0.5569 test_acc=0.8097
Round 311 | selected=[22, 46, 57, 81, 15, 51, 30, 88, 17, 56]
Round 311 | train_loss=0.2511 train_acc=0.9198 test_loss=0.6063 test_acc=0.7951
Round 312 | selected=[70, 46, 11, 62, 56, 73, 13, 40, 59, 94]
Round 312 | train_loss=0.2940 train_acc=0.9048 test_loss=0.5823 test_acc=0.7974
Round 313 | selected=[71, 90, 56, 25, 50, 73, 43, 51, 61, 11]
Round 313 | train_loss=0.2551 train_acc=0.9156 test_loss=0.5464 test_acc=0.8121
Round 314 | selected=[50, 13, 46, 30, 6, 91, 38, 18, 36, 9]
Round 314 | train_loss=0.2344 train_acc=0.9280 test_loss=0.5930 test_acc=0.7963
Round 315 | selected=[61, 51, 54, 99, 69, 58, 31, 20, 70, 83]
Round 315 | train_loss=0.3058 train_acc=0.8974 test_loss=0.6278 test_acc=0.7776
Round 316 | selected=[84, 88, 34, 18, 13, 68, 23, 92, 73, 31]
Round 316 | train_loss=0.2518 train_acc=0.9194 test_loss=0.5449 test_acc=0.8068
Round 317 | selected=[36, 71, 44, 74, 31, 14, 88, 17, 10, 78]
Round 317 | train_loss=0.3150 train_acc=0.8936 test_loss=0.5787 test_acc=0.7967
Round 318 | selected=[34, 66, 9, 76, 94, 59, 87, 80, 33, 26]
Round 318 | train_loss=0.2529 train_acc=0.9198 test_loss=0.5606 test_acc=0.8063
Round 319 | selected=[93, 46, 87, 25, 14, 83, 65, 10, 49, 98]
Round 319 | train_loss=0.2543 train_acc=0.9168 test_loss=0.5102 test_acc=0.8262
Round 320 | selected=[90, 75, 10, 24, 15, 53, 49, 58, 28, 1]
Round 320 | train_loss=0.2729 train_acc=0.9120 test_loss=0.5340 test_acc=0.8186
Round 321 | selected=[94, 27, 28, 3, 16, 2, 17, 68, 96, 24]
Round 321 | train_loss=0.2723 train_acc=0.9140 test_loss=0.6055 test_acc=0.7946
Round 322 | selected=[5, 23, 97, 7, 65, 63, 33, 53, 70, 42]
Round 322 | train_loss=0.2950 train_acc=0.8988 test_loss=0.5064 test_acc=0.8271
Round 323 | selected=[24, 87, 54, 18, 30, 2, 34, 59, 72, 12]
Round 323 | train_loss=0.2550 train_acc=0.9106 test_loss=0.5381 test_acc=0.8167
Round 324 | selected=[31, 20, 15, 95, 51, 24, 11, 97, 45, 59]
Round 324 | train_loss=0.2680 train_acc=0.9100 test_loss=0.5043 test_acc=0.8253
Round 325 | selected=[30, 93, 94, 31, 97, 81, 99, 48, 32, 45]
Round 325 | train_loss=0.2149 train_acc=0.9310 test_loss=0.5083 test_acc=0.8205
Round 326 | selected=[35, 31, 2, 85, 33, 78, 96, 70, 71, 37]
Round 326 | train_loss=0.2713 train_acc=0.9120 test_loss=0.5158 test_acc=0.8206
Round 327 | selected=[20, 75, 16, 83, 4, 67, 1, 55, 88, 7]
Round 327 | train_loss=0.2228 train_acc=0.9306 test_loss=0.5235 test_acc=0.8244
Round 328 | selected=[46, 9, 25, 1, 74, 8, 56, 59, 0, 10]
Round 328 | train_loss=0.2725 train_acc=0.9066 test_loss=0.5119 test_acc=0.8251
Round 329 | selected=[86, 51, 65, 17, 85, 95, 88, 22, 12, 23]
Round 329 | train_loss=0.2439 train_acc=0.9214 test_loss=0.4867 test_acc=0.8323
Round 330 | selected=[51, 24, 81, 80, 1, 74, 26, 54, 57, 18]
Round 330 | train_loss=0.2414 train_acc=0.9198 test_loss=0.5033 test_acc=0.8325
Round 331 | selected=[69, 75, 92, 82, 73, 80, 14, 50, 10, 2]
Round 331 | train_loss=0.2119 train_acc=0.9322 test_loss=0.4794 test_acc=0.8397
Round 332 | selected=[1, 8, 83, 97, 66, 92, 69, 78, 81, 6]
Round 332 | train_loss=0.1834 train_acc=0.9438 test_loss=0.6489 test_acc=0.7798
Round 333 | selected=[85, 94, 51, 2, 33, 89, 49, 32, 52, 78]
Round 333 | train_loss=0.2123 train_acc=0.9300 test_loss=0.7234 test_acc=0.7587
Round 334 | selected=[58, 0, 47, 95, 28, 94, 11, 18, 39, 62]
Round 334 | train_loss=0.2351 train_acc=0.9170 test_loss=0.5315 test_acc=0.8217
Round 335 | selected=[86, 16, 7, 19, 29, 76, 57, 18, 83, 41]
Round 335 | train_loss=0.2197 train_acc=0.9276 test_loss=0.5430 test_acc=0.8128
Round 336 | selected=[14, 87, 91, 38, 51, 6, 64, 0, 53, 58]
Round 336 | train_loss=0.2161 train_acc=0.9328 test_loss=0.6001 test_acc=0.7915
Round 337 | selected=[51, 34, 43, 66, 0, 99, 73, 74, 38, 83]
Round 337 | train_loss=0.2621 train_acc=0.9166 test_loss=0.6108 test_acc=0.7855
Round 338 | selected=[66, 53, 20, 91, 36, 59, 9, 55, 28, 64]
Round 338 | train_loss=0.2220 train_acc=0.9308 test_loss=0.6287 test_acc=0.7818
Round 339 | selected=[56, 55, 24, 48, 87, 20, 51, 18, 41, 69]
Round 339 | train_loss=0.2194 train_acc=0.9286 test_loss=0.6306 test_acc=0.7763
Round 340 | selected=[1, 68, 80, 17, 28, 69, 88, 54, 90, 15]
Round 340 | train_loss=0.2294 train_acc=0.9280 test_loss=0.5703 test_acc=0.8039
Round 341 | selected=[74, 46, 14, 39, 38, 56, 18, 44, 0, 6]
Round 341 | train_loss=0.1990 train_acc=0.9364 test_loss=0.5614 test_acc=0.8070
Round 342 | selected=[19, 36, 85, 47, 32, 99, 65, 93, 72, 2]
Round 342 | train_loss=0.2757 train_acc=0.9144 test_loss=0.5045 test_acc=0.8260
Round 343 | selected=[87, 83, 91, 90, 70, 55, 89, 32, 23, 7]
Round 343 | train_loss=0.1823 train_acc=0.9470 test_loss=0.5303 test_acc=0.8179
Round 344 | selected=[15, 4, 80, 16, 22, 91, 81, 36, 32, 24]
Round 344 | train_loss=0.1639 train_acc=0.9484 test_loss=0.5105 test_acc=0.8275
Round 345 | selected=[17, 24, 36, 58, 84, 10, 83, 18, 52, 28]
Round 345 | train_loss=0.2207 train_acc=0.9274 test_loss=0.5170 test_acc=0.8240
Round 346 | selected=[31, 54, 17, 29, 4, 44, 63, 93, 71, 23]
Round 346 | train_loss=0.2683 train_acc=0.9126 test_loss=0.6238 test_acc=0.7886
Round 347 | selected=[11, 34, 27, 94, 55, 87, 60, 10, 32, 52]
Round 347 | train_loss=0.2370 train_acc=0.9254 test_loss=0.5831 test_acc=0.7930
Round 348 | selected=[86, 4, 26, 69, 33, 40, 53, 44, 28, 99]
Round 348 | train_loss=0.2362 train_acc=0.9216 test_loss=0.5426 test_acc=0.8108
Round 349 | selected=[52, 50, 2, 0, 46, 44, 77, 16, 25, 13]
Round 349 | train_loss=0.2158 train_acc=0.9340 test_loss=0.5533 test_acc=0.8094
Round 350 | selected=[47, 66, 30, 70, 15, 85, 96, 13, 34, 77]
Round 350 | train_loss=0.2636 train_acc=0.9122 test_loss=0.5010 test_acc=0.8295
Round 351 | selected=[1, 51, 81, 97, 23, 27, 29, 30, 71, 77]
Round 351 | train_loss=0.2072 train_acc=0.9372 test_loss=0.4999 test_acc=0.8315
Round 352 | selected=[52, 8, 3, 68, 77, 94, 46, 49, 81, 7]
Round 352 | train_loss=0.2317 train_acc=0.9204 test_loss=0.5314 test_acc=0.8173
Round 353 | selected=[29, 33, 15, 72, 68, 75, 27, 28, 55, 45]
Round 353 | train_loss=0.2185 train_acc=0.9294 test_loss=0.4965 test_acc=0.8313
Round 354 | selected=[75, 27, 15, 70, 7, 9, 52, 11, 49, 81]
Round 354 | train_loss=0.2084 train_acc=0.9334 test_loss=0.4940 test_acc=0.8324
Round 355 | selected=[64, 16, 99, 76, 15, 79, 65, 20, 12, 0]
Round 355 | train_loss=0.2116 train_acc=0.9266 test_loss=0.5122 test_acc=0.8249
Round 356 | selected=[57, 94, 82, 91, 58, 77, 78, 99, 51, 88]
Round 356 | train_loss=0.2422 train_acc=0.9184 test_loss=0.4915 test_acc=0.8355
Round 357 | selected=[38, 77, 39, 31, 11, 3, 90, 84, 17, 0]
Round 357 | train_loss=0.2351 train_acc=0.9248 test_loss=0.5176 test_acc=0.8219
Round 358 | selected=[69, 91, 75, 26, 17, 85, 80, 61, 14, 34]
Round 358 | train_loss=0.1912 train_acc=0.9378 test_loss=0.5009 test_acc=0.8263
Round 359 | selected=[4, 34, 85, 38, 25, 73, 44, 65, 22, 74]
Round 359 | train_loss=0.2135 train_acc=0.9304 test_loss=0.5071 test_acc=0.8287
Round 360 | selected=[10, 25, 2, 27, 38, 45, 18, 57, 86, 36]
Round 360 | train_loss=0.2111 train_acc=0.9320 test_loss=0.5420 test_acc=0.8177
Round 361 | selected=[1, 99, 97, 39, 12, 41, 11, 21, 83, 86]
Round 361 | train_loss=0.2078 train_acc=0.9324 test_loss=0.5148 test_acc=0.8222
Round 362 | selected=[17, 15, 30, 13, 9, 85, 71, 49, 55, 78]
Round 362 | train_loss=0.2112 train_acc=0.9326 test_loss=0.5324 test_acc=0.8170
Round 363 | selected=[57, 62, 16, 78, 39, 7, 2, 76, 67, 4]
Round 363 | train_loss=0.1899 train_acc=0.9406 test_loss=0.5556 test_acc=0.8035
Round 364 | selected=[13, 43, 3, 50, 4, 27, 60, 32, 46, 90]
Round 364 | train_loss=0.1642 train_acc=0.9474 test_loss=0.5533 test_acc=0.8059
Round 365 | selected=[13, 65, 18, 9, 45, 98, 91, 44, 51, 64]
Round 365 | train_loss=0.1727 train_acc=0.9464 test_loss=0.4911 test_acc=0.8303
Round 366 | selected=[14, 81, 21, 69, 26, 62, 25, 29, 68, 63]
Round 366 | train_loss=0.1907 train_acc=0.9378 test_loss=0.4923 test_acc=0.8314
Round 367 | selected=[46, 11, 67, 44, 17, 79, 84, 31, 66, 12]
Round 367 | train_loss=0.2133 train_acc=0.9328 test_loss=0.5163 test_acc=0.8193
Round 368 | selected=[58, 72, 78, 24, 88, 77, 64, 65, 14, 15]
Round 368 | train_loss=0.2245 train_acc=0.9260 test_loss=0.4614 test_acc=0.8385
Round 369 | selected=[78, 9, 91, 30, 79, 84, 5, 48, 92, 98]
Round 369 | train_loss=0.1935 train_acc=0.9398 test_loss=0.5358 test_acc=0.8186
Round 370 | selected=[85, 50, 25, 24, 46, 6, 55, 96, 15, 62]
Round 370 | train_loss=0.2143 train_acc=0.9280 test_loss=0.5738 test_acc=0.8017
Round 371 | selected=[94, 65, 79, 96, 85, 9, 91, 21, 2, 53]
Round 371 | train_loss=0.1840 train_acc=0.9350 test_loss=0.5178 test_acc=0.8195
Round 372 | selected=[18, 65, 68, 16, 6, 53, 75, 24, 60, 54]
Round 372 | train_loss=0.2019 train_acc=0.9344 test_loss=0.4930 test_acc=0.8270
Round 373 | selected=[90, 32, 77, 89, 85, 19, 12, 10, 75, 13]
Round 373 | train_loss=0.2073 train_acc=0.9278 test_loss=0.5512 test_acc=0.8140
Round 374 | selected=[20, 17, 76, 10, 44, 48, 46, 38, 96, 19]
Round 374 | train_loss=0.2348 train_acc=0.9220 test_loss=0.5144 test_acc=0.8194
Round 375 | selected=[56, 84, 70, 49, 74, 90, 80, 54, 23, 68]
Round 375 | train_loss=0.1893 train_acc=0.9396 test_loss=0.4426 test_acc=0.8473
Round 376 | selected=[52, 72, 19, 82, 65, 68, 64, 84, 58, 35]
Round 376 | train_loss=0.1613 train_acc=0.9480 test_loss=0.5234 test_acc=0.8238
Round 377 | selected=[33, 82, 67, 92, 4, 30, 68, 37, 96, 17]
Round 377 | train_loss=0.1833 train_acc=0.9380 test_loss=0.5259 test_acc=0.8268
Round 378 | selected=[47, 77, 30, 84, 76, 63, 19, 73, 26, 9]
Round 378 | train_loss=0.1896 train_acc=0.9350 test_loss=0.4615 test_acc=0.8430
Round 379 | selected=[70, 92, 88, 99, 94, 81, 98, 74, 93, 79]
Round 379 | train_loss=0.2245 train_acc=0.9232 test_loss=0.4822 test_acc=0.8364
Round 380 | selected=[79, 54, 74, 28, 53, 10, 75, 34, 73, 20]
Round 380 | train_loss=0.2311 train_acc=0.9176 test_loss=0.5400 test_acc=0.8121
Round 381 | selected=[42, 70, 62, 81, 8, 68, 48, 82, 72, 92]
Round 381 | train_loss=0.1950 train_acc=0.9420 test_loss=0.5338 test_acc=0.8174
Round 382 | selected=[79, 43, 59, 46, 18, 36, 78, 17, 64, 57]
Round 382 | train_loss=0.2120 train_acc=0.9292 test_loss=0.4786 test_acc=0.8417
Round 383 | selected=[74, 11, 68, 5, 22, 79, 83, 29, 63, 86]
Round 383 | train_loss=0.2114 train_acc=0.9308 test_loss=0.5540 test_acc=0.8172
Round 384 | selected=[55, 96, 75, 41, 14, 21, 46, 22, 56, 37]
Round 384 | train_loss=0.1648 train_acc=0.9438 test_loss=0.5573 test_acc=0.8107
Round 385 | selected=[92, 37, 51, 74, 52, 26, 47, 86, 63, 27]
Round 385 | train_loss=0.1792 train_acc=0.9390 test_loss=0.5519 test_acc=0.8092
Round 386 | selected=[0, 1, 58, 23, 40, 67, 66, 90, 19, 38]
Round 386 | train_loss=0.1780 train_acc=0.9434 test_loss=0.4715 test_acc=0.8375
Round 387 | selected=[31, 70, 62, 64, 12, 27, 83, 63, 55, 49]
Round 387 | train_loss=0.1869 train_acc=0.9420 test_loss=0.4953 test_acc=0.8315
Round 388 | selected=[57, 91, 58, 26, 67, 77, 15, 54, 0, 16]
Round 388 | train_loss=0.2022 train_acc=0.9328 test_loss=0.4958 test_acc=0.8309
Round 389 | selected=[44, 48, 57, 98, 76, 71, 59, 7, 65, 34]
Round 389 | train_loss=0.2120 train_acc=0.9290 test_loss=0.4832 test_acc=0.8328
Round 390 | selected=[61, 12, 42, 88, 53, 17, 58, 77, 34, 26]
Round 390 | train_loss=0.2121 train_acc=0.9302 test_loss=0.4740 test_acc=0.8338
Round 391 | selected=[95, 86, 87, 42, 13, 90, 66, 19, 88, 58]
Round 391 | train_loss=0.1746 train_acc=0.9416 test_loss=0.4906 test_acc=0.8302
Round 392 | selected=[55, 70, 22, 8, 25, 47, 98, 27, 13, 12]
Round 392 | train_loss=0.1583 train_acc=0.9468 test_loss=0.5479 test_acc=0.8168
Round 393 | selected=[75, 84, 48, 0, 19, 57, 16, 78, 27, 45]
Round 393 | train_loss=0.1649 train_acc=0.9470 test_loss=0.4474 test_acc=0.8474
Round 394 | selected=[96, 40, 71, 3, 41, 80, 0, 10, 32, 67]
Round 394 | train_loss=0.1845 train_acc=0.9358 test_loss=0.4784 test_acc=0.8322
Round 395 | selected=[58, 21, 17, 54, 89, 96, 64, 92, 35, 7]
Round 395 | train_loss=0.1653 train_acc=0.9432 test_loss=0.5137 test_acc=0.8212
Round 396 | selected=[84, 94, 4, 38, 69, 85, 81, 35, 52, 83]
Round 396 | train_loss=0.1608 train_acc=0.9480 test_loss=0.4649 test_acc=0.8374
Round 397 | selected=[39, 74, 40, 55, 56, 54, 45, 41, 3, 24]
Round 397 | train_loss=0.1619 train_acc=0.9484 test_loss=0.4528 test_acc=0.8400
Round 398 | selected=[38, 67, 5, 11, 0, 16, 49, 90, 15, 92]
Round 398 | train_loss=0.1749 train_acc=0.9416 test_loss=0.4498 test_acc=0.8466
Round 399 | selected=[74, 62, 26, 49, 15, 11, 8, 10, 0, 20]
Round 399 | train_loss=0.2074 train_acc=0.9338 test_loss=0.4383 test_acc=0.8504
Round 400 | selected=[88, 55, 91, 92, 74, 87, 67, 97, 44, 93]
Round 400 | train_loss=0.1634 train_acc=0.9464 test_loss=0.4515 test_acc=0.8462
Round 401 | selected=[66, 51, 90, 69, 8, 32, 9, 93, 34, 94]
Round 401 | train_loss=0.1553 train_acc=0.9478 test_loss=0.4958 test_acc=0.8310
Round 402 | selected=[49, 90, 97, 22, 25, 50, 16, 15, 12, 84]
Round 402 | train_loss=0.1350 train_acc=0.9584 test_loss=0.5418 test_acc=0.8117
Round 403 | selected=[42, 62, 15, 77, 83, 48, 2, 79, 27, 8]
Round 403 | train_loss=0.1821 train_acc=0.9408 test_loss=0.5164 test_acc=0.8210
Round 404 | selected=[12, 15, 32, 7, 89, 13, 4, 98, 11, 86]
Round 404 | train_loss=0.1702 train_acc=0.9460 test_loss=0.4391 test_acc=0.8502
Round 405 | selected=[1, 53, 89, 50, 20, 57, 68, 23, 96, 41]
Round 405 | train_loss=0.1520 train_acc=0.9554 test_loss=0.5002 test_acc=0.8289
Round 406 | selected=[82, 95, 18, 19, 28, 94, 92, 62, 17, 64]
Round 406 | train_loss=0.1444 train_acc=0.9552 test_loss=0.5354 test_acc=0.8212
Round 407 | selected=[86, 97, 47, 42, 70, 15, 68, 12, 13, 48]
Round 407 | train_loss=0.1466 train_acc=0.9526 test_loss=0.4885 test_acc=0.8340
Round 408 | selected=[24, 81, 82, 48, 35, 79, 50, 52, 14, 85]
Round 408 | train_loss=0.1591 train_acc=0.9484 test_loss=0.4420 test_acc=0.8489
Round 409 | selected=[35, 22, 45, 20, 42, 67, 59, 66, 9, 63]
Round 409 | train_loss=0.1884 train_acc=0.9312 test_loss=0.4740 test_acc=0.8388
Round 410 | selected=[10, 57, 36, 6, 81, 2, 23, 35, 11, 76]
Round 410 | train_loss=0.1883 train_acc=0.9364 test_loss=0.5274 test_acc=0.8210
Round 411 | selected=[96, 86, 30, 58, 71, 23, 48, 7, 79, 57]
Round 411 | train_loss=0.1712 train_acc=0.9448 test_loss=0.5048 test_acc=0.8310
Round 412 | selected=[11, 25, 20, 27, 49, 63, 72, 71, 93, 95]
Round 412 | train_loss=0.1751 train_acc=0.9412 test_loss=0.4786 test_acc=0.8358
Round 413 | selected=[5, 58, 1, 82, 39, 70, 18, 11, 34, 62]
Round 413 | train_loss=0.1803 train_acc=0.9408 test_loss=0.4330 test_acc=0.8519
Round 414 | selected=[34, 35, 56, 7, 24, 67, 88, 71, 50, 16]
Round 414 | train_loss=0.1645 train_acc=0.9424 test_loss=0.5155 test_acc=0.8270
Round 415 | selected=[76, 69, 59, 0, 81, 64, 56, 60, 63, 9]
Round 415 | train_loss=0.1417 train_acc=0.9528 test_loss=0.5406 test_acc=0.8227
Round 416 | selected=[73, 98, 44, 24, 95, 70, 71, 96, 76, 36]
Round 416 | train_loss=0.1663 train_acc=0.9448 test_loss=0.5009 test_acc=0.8370
Round 417 | selected=[7, 38, 36, 75, 81, 49, 31, 1, 35, 90]
Round 417 | train_loss=0.1558 train_acc=0.9492 test_loss=0.4677 test_acc=0.8452
Round 418 | selected=[9, 74, 43, 21, 88, 5, 91, 46, 42, 58]
Round 418 | train_loss=0.1890 train_acc=0.9358 test_loss=0.5457 test_acc=0.8131
Round 419 | selected=[6, 43, 11, 12, 41, 47, 21, 48, 99, 18]
Round 419 | train_loss=0.1971 train_acc=0.9328 test_loss=0.5052 test_acc=0.8273
Round 420 | selected=[13, 35, 81, 31, 3, 10, 15, 80, 17, 87]
Round 420 | train_loss=0.1549 train_acc=0.9496 test_loss=0.5330 test_acc=0.8174
Round 421 | selected=[83, 29, 35, 82, 98, 97, 76, 77, 40, 17]
Round 421 | train_loss=0.1614 train_acc=0.9464 test_loss=0.5263 test_acc=0.8254
Round 422 | selected=[37, 34, 75, 16, 12, 98, 64, 92, 56, 11]
Round 422 | train_loss=0.1177 train_acc=0.9630 test_loss=0.4827 test_acc=0.8418
Round 423 | selected=[44, 73, 32, 27, 20, 19, 82, 63, 65, 95]
Round 423 | train_loss=0.1283 train_acc=0.9572 test_loss=0.5551 test_acc=0.8219
Round 424 | selected=[11, 55, 33, 62, 83, 32, 17, 38, 61, 86]
Round 424 | train_loss=0.1744 train_acc=0.9432 test_loss=0.5486 test_acc=0.8222
Round 425 | selected=[87, 66, 31, 76, 22, 36, 17, 7, 64, 99]
Round 425 | train_loss=0.1457 train_acc=0.9512 test_loss=0.5727 test_acc=0.8064
Round 426 | selected=[45, 31, 73, 94, 28, 49, 71, 34, 97, 26]
Round 426 | train_loss=0.1679 train_acc=0.9468 test_loss=0.5720 test_acc=0.8013
Round 427 | selected=[85, 17, 20, 49, 35, 76, 65, 93, 7, 2]
Round 427 | train_loss=0.1697 train_acc=0.9430 test_loss=0.4878 test_acc=0.8311
Round 428 | selected=[61, 79, 58, 26, 51, 16, 8, 35, 64, 19]
Round 428 | train_loss=0.1405 train_acc=0.9534 test_loss=0.5176 test_acc=0.8242
Round 429 | selected=[73, 72, 9, 1, 51, 67, 24, 95, 44, 85]
Round 429 | train_loss=0.1581 train_acc=0.9448 test_loss=0.5342 test_acc=0.8249
Round 430 | selected=[16, 18, 39, 7, 53, 56, 13, 67, 49, 59]
Round 430 | train_loss=0.1280 train_acc=0.9562 test_loss=0.4904 test_acc=0.8358
Round 431 | selected=[37, 85, 62, 7, 73, 53, 39, 74, 71, 93]
Round 431 | train_loss=0.1563 train_acc=0.9542 test_loss=0.4496 test_acc=0.8462
Round 432 | selected=[39, 1, 15, 46, 49, 94, 24, 51, 19, 10]
Round 432 | train_loss=0.1460 train_acc=0.9524 test_loss=0.4921 test_acc=0.8326
Round 433 | selected=[25, 97, 77, 80, 82, 90, 88, 37, 78, 27]
Round 433 | train_loss=0.1568 train_acc=0.9462 test_loss=0.4701 test_acc=0.8397
Round 434 | selected=[66, 76, 47, 42, 46, 25, 96, 19, 61, 72]
Round 434 | train_loss=0.1616 train_acc=0.9448 test_loss=0.4671 test_acc=0.8461
Round 435 | selected=[19, 28, 0, 96, 71, 1, 99, 2, 43, 81]
Round 435 | train_loss=0.1334 train_acc=0.9546 test_loss=0.4536 test_acc=0.8481
Round 436 | selected=[1, 16, 9, 90, 68, 94, 12, 19, 40, 54]
Round 436 | train_loss=0.1294 train_acc=0.9562 test_loss=0.4561 test_acc=0.8447
Round 437 | selected=[27, 89, 97, 86, 12, 15, 55, 50, 99, 47]
Round 437 | train_loss=0.1597 train_acc=0.9488 test_loss=0.5210 test_acc=0.8186
Round 438 | selected=[46, 52, 88, 24, 5, 90, 42, 4, 83, 1]
Round 438 | train_loss=0.1898 train_acc=0.9380 test_loss=0.4593 test_acc=0.8443
Round 439 | selected=[58, 51, 54, 15, 96, 67, 11, 13, 25, 18]
Round 439 | train_loss=0.1396 train_acc=0.9542 test_loss=0.6088 test_acc=0.7873
Round 440 | selected=[88, 98, 4, 34, 96, 41, 86, 5, 62, 59]
Round 440 | train_loss=0.1678 train_acc=0.9402 test_loss=0.6021 test_acc=0.7929
Round 441 | selected=[18, 68, 15, 26, 47, 53, 74, 38, 51, 28]
Round 441 | train_loss=0.1809 train_acc=0.9416 test_loss=0.4481 test_acc=0.8455
Round 442 | selected=[40, 97, 21, 85, 11, 3, 28, 18, 0, 49]
Round 442 | train_loss=0.1540 train_acc=0.9490 test_loss=0.4293 test_acc=0.8503
Round 443 | selected=[17, 83, 28, 54, 19, 24, 23, 97, 38, 11]
Round 443 | train_loss=0.1351 train_acc=0.9572 test_loss=0.5229 test_acc=0.8191
Round 444 | selected=[33, 29, 52, 30, 69, 81, 97, 16, 28, 3]
Round 444 | train_loss=0.1203 train_acc=0.9640 test_loss=0.5432 test_acc=0.8150
Round 445 | selected=[62, 16, 94, 91, 52, 44, 71, 34, 99, 1]
Round 445 | train_loss=0.1108 train_acc=0.9652 test_loss=0.5478 test_acc=0.8167
Round 446 | selected=[27, 46, 45, 22, 41, 44, 74, 73, 47, 64]
Round 446 | train_loss=0.1247 train_acc=0.9614 test_loss=0.5008 test_acc=0.8289
Round 447 | selected=[18, 86, 55, 76, 4, 87, 77, 78, 79, 22]
Round 447 | train_loss=0.1427 train_acc=0.9520 test_loss=0.4785 test_acc=0.8402
Round 448 | selected=[8, 22, 75, 24, 5, 58, 92, 66, 73, 43]
Round 448 | train_loss=0.1504 train_acc=0.9512 test_loss=0.4414 test_acc=0.8536
Round 449 | selected=[5, 84, 33, 77, 20, 73, 98, 31, 97, 51]
Round 449 | train_loss=0.1502 train_acc=0.9496 test_loss=0.4628 test_acc=0.8449
Round 450 | selected=[14, 51, 76, 93, 32, 85, 42, 5, 90, 0]
Round 450 | train_loss=0.1628 train_acc=0.9400 test_loss=0.4352 test_acc=0.8546
Round 451 | selected=[50, 40, 28, 24, 48, 3, 47, 94, 44, 73]
Round 451 | train_loss=0.1200 train_acc=0.9586 test_loss=0.4206 test_acc=0.8590
Round 452 | selected=[36, 8, 29, 72, 33, 65, 60, 56, 74, 71]
Round 452 | train_loss=0.1308 train_acc=0.9588 test_loss=0.5049 test_acc=0.8404
Round 453 | selected=[72, 81, 0, 91, 33, 73, 79, 59, 48, 40]
Round 453 | train_loss=0.1190 train_acc=0.9578 test_loss=0.5434 test_acc=0.8252
Round 454 | selected=[26, 91, 25, 8, 81, 52, 64, 98, 36, 58]
Round 454 | train_loss=0.1087 train_acc=0.9642 test_loss=0.5269 test_acc=0.8283
Round 455 | selected=[95, 3, 16, 65, 29, 48, 82, 50, 10, 96]
Round 455 | train_loss=0.1668 train_acc=0.9412 test_loss=0.4172 test_acc=0.8601
Round 456 | selected=[20, 94, 16, 70, 43, 10, 30, 92, 72, 0]
Round 456 | train_loss=0.1294 train_acc=0.9584 test_loss=0.4451 test_acc=0.8493
Round 457 | selected=[77, 55, 53, 85, 54, 71, 29, 76, 10, 93]
Round 457 | train_loss=0.1675 train_acc=0.9444 test_loss=0.4784 test_acc=0.8362
Round 458 | selected=[13, 50, 84, 46, 35, 0, 53, 39, 44, 48]
Round 458 | train_loss=0.1239 train_acc=0.9592 test_loss=0.4848 test_acc=0.8399
Round 459 | selected=[74, 78, 56, 7, 20, 75, 26, 1, 86, 43]
Round 459 | train_loss=0.1223 train_acc=0.9600 test_loss=0.4861 test_acc=0.8462
Round 460 | selected=[39, 30, 75, 40, 76, 85, 17, 94, 67, 4]
Round 460 | train_loss=0.1085 train_acc=0.9642 test_loss=0.4869 test_acc=0.8424
Round 461 | selected=[18, 24, 5, 36, 94, 57, 92, 35, 6, 17]
Round 461 | train_loss=0.1598 train_acc=0.9462 test_loss=0.4700 test_acc=0.8475
Round 462 | selected=[72, 81, 35, 77, 92, 20, 27, 41, 59, 12]
Round 462 | train_loss=0.1562 train_acc=0.9494 test_loss=0.4755 test_acc=0.8413
Round 463 | selected=[6, 56, 93, 82, 69, 40, 70, 30, 4, 75]
Round 463 | train_loss=0.1481 train_acc=0.9490 test_loss=0.4850 test_acc=0.8409
Round 464 | selected=[66, 73, 37, 39, 8, 77, 68, 79, 18, 83]
Round 464 | train_loss=0.1233 train_acc=0.9594 test_loss=0.4417 test_acc=0.8520
Round 465 | selected=[82, 78, 52, 17, 81, 46, 39, 91, 12, 66]
Round 465 | train_loss=0.0984 train_acc=0.9682 test_loss=0.4918 test_acc=0.8360
Round 466 | selected=[34, 42, 27, 56, 52, 59, 98, 29, 18, 79]
Round 466 | train_loss=0.1457 train_acc=0.9488 test_loss=0.4882 test_acc=0.8410
Round 467 | selected=[38, 9, 59, 32, 16, 93, 98, 58, 65, 44]
Round 467 | train_loss=0.1737 train_acc=0.9422 test_loss=0.4884 test_acc=0.8330
Round 468 | selected=[84, 61, 98, 21, 66, 33, 48, 97, 15, 64]
Round 468 | train_loss=0.1110 train_acc=0.9622 test_loss=0.4438 test_acc=0.8458
Round 469 | selected=[84, 2, 76, 63, 58, 47, 10, 60, 98, 43]
Round 469 | train_loss=0.1208 train_acc=0.9574 test_loss=0.4576 test_acc=0.8386
Round 470 | selected=[34, 50, 99, 66, 8, 31, 2, 9, 21, 96]
Round 470 | train_loss=0.1467 train_acc=0.9512 test_loss=0.4628 test_acc=0.8406
Round 471 | selected=[21, 30, 74, 27, 79, 55, 95, 83, 63, 81]
Round 471 | train_loss=0.0975 train_acc=0.9680 test_loss=0.4544 test_acc=0.8444
Round 472 | selected=[35, 59, 94, 89, 63, 21, 53, 79, 49, 30]
Round 472 | train_loss=0.1061 train_acc=0.9632 test_loss=0.4355 test_acc=0.8512
Round 473 | selected=[6, 93, 36, 81, 74, 31, 84, 14, 37, 46]
Round 473 | train_loss=0.1189 train_acc=0.9614 test_loss=0.4647 test_acc=0.8420
Round 474 | selected=[16, 50, 52, 94, 96, 14, 75, 35, 76, 12]
Round 474 | train_loss=0.1100 train_acc=0.9650 test_loss=0.4404 test_acc=0.8542
Round 475 | selected=[87, 24, 93, 91, 10, 96, 3, 0, 52, 32]
Round 475 | train_loss=0.1219 train_acc=0.9588 test_loss=0.5124 test_acc=0.8272
Round 476 | selected=[0, 43, 81, 58, 52, 16, 99, 61, 74, 23]
Round 476 | train_loss=0.1061 train_acc=0.9652 test_loss=0.4901 test_acc=0.8386
Round 477 | selected=[89, 34, 31, 29, 95, 93, 23, 54, 92, 98]
Round 477 | train_loss=0.1341 train_acc=0.9574 test_loss=0.4508 test_acc=0.8533
Round 478 | selected=[60, 74, 50, 19, 88, 34, 90, 5, 73, 53]
Round 478 | train_loss=0.1239 train_acc=0.9602 test_loss=0.4604 test_acc=0.8487
Round 479 | selected=[23, 70, 60, 28, 7, 54, 94, 33, 79, 56]
Round 479 | train_loss=0.1322 train_acc=0.9578 test_loss=0.4410 test_acc=0.8505
Round 480 | selected=[61, 16, 71, 97, 48, 0, 64, 56, 22, 31]
Round 480 | train_loss=0.1190 train_acc=0.9602 test_loss=0.4639 test_acc=0.8405
Round 481 | selected=[66, 3, 27, 6, 67, 86, 98, 49, 68, 84]
Round 481 | train_loss=0.1035 train_acc=0.9666 test_loss=0.4675 test_acc=0.8365
Round 482 | selected=[85, 6, 20, 49, 0, 93, 38, 98, 77, 90]
Round 482 | train_loss=0.1365 train_acc=0.9528 test_loss=0.5150 test_acc=0.8175
Round 483 | selected=[57, 19, 28, 84, 31, 79, 63, 42, 72, 35]
Round 483 | train_loss=0.1448 train_acc=0.9496 test_loss=0.4589 test_acc=0.8440
Round 484 | selected=[80, 94, 79, 87, 97, 81, 91, 72, 69, 42]
Round 484 | train_loss=0.0978 train_acc=0.9670 test_loss=0.4640 test_acc=0.8480
Round 485 | selected=[22, 81, 95, 32, 38, 0, 57, 62, 17, 6]
Round 485 | train_loss=0.1086 train_acc=0.9644 test_loss=0.4784 test_acc=0.8408
Round 486 | selected=[56, 18, 4, 62, 45, 74, 92, 96, 34, 30]
Round 486 | train_loss=0.1109 train_acc=0.9642 test_loss=0.4564 test_acc=0.8484
Round 487 | selected=[81, 91, 90, 60, 33, 14, 61, 84, 49, 9]
Round 487 | train_loss=0.0793 train_acc=0.9718 test_loss=0.4766 test_acc=0.8402
Round 488 | selected=[39, 28, 65, 87, 66, 33, 88, 23, 41, 11]
Round 488 | train_loss=0.1184 train_acc=0.9606 test_loss=0.4763 test_acc=0.8404
Round 489 | selected=[65, 78, 33, 93, 19, 21, 4, 74, 7, 56]
Round 489 | train_loss=0.1069 train_acc=0.9630 test_loss=0.4683 test_acc=0.8407
Round 490 | selected=[33, 29, 98, 75, 19, 87, 34, 22, 58, 90]
Round 490 | train_loss=0.0888 train_acc=0.9716 test_loss=0.4710 test_acc=0.8390
Round 491 | selected=[97, 15, 37, 90, 16, 79, 7, 50, 80, 47]
Round 491 | train_loss=0.1103 train_acc=0.9642 test_loss=0.4580 test_acc=0.8439
Round 492 | selected=[49, 14, 92, 94, 9, 85, 87, 1, 97, 91]
Round 492 | train_loss=0.0907 train_acc=0.9712 test_loss=0.4781 test_acc=0.8372
Round 493 | selected=[36, 18, 3, 31, 40, 51, 70, 0, 14, 15]
Round 493 | train_loss=0.1193 train_acc=0.9598 test_loss=0.4525 test_acc=0.8480
Round 494 | selected=[47, 65, 71, 99, 14, 20, 24, 92, 73, 67]
Round 494 | train_loss=0.1063 train_acc=0.9642 test_loss=0.4495 test_acc=0.8525
Round 495 | selected=[40, 29, 84, 51, 4, 74, 11, 71, 72, 28]
Round 495 | train_loss=0.1252 train_acc=0.9572 test_loss=0.4509 test_acc=0.8509
Round 496 | selected=[35, 51, 82, 61, 78, 73, 38, 56, 30, 67]
Round 496 | train_loss=0.1009 train_acc=0.9670 test_loss=0.4420 test_acc=0.8517
Round 497 | selected=[0, 76, 84, 62, 87, 9, 12, 26, 46, 51]
Round 497 | train_loss=0.1126 train_acc=0.9644 test_loss=0.5328 test_acc=0.8203
Round 498 | selected=[53, 52, 6, 38, 84, 12, 89, 82, 55, 16]
Round 498 | train_loss=0.1197 train_acc=0.9584 test_loss=0.5047 test_acc=0.8218
Round 499 | selected=[70, 6, 25, 3, 54, 18, 91, 50, 55, 20]
Round 499 | train_loss=0.1348 train_acc=0.9526 test_loss=0.5040 test_acc=0.8294
Round 500 | selected=[45, 48, 51, 86, 12, 72, 76, 68, 18, 44]
Round 500 | train_loss=0.1008 train_acc=0.9676 test_loss=0.5342 test_acc=0.8252
Saved: track1/results/cifar10/final_seed46/fedadam_alpha03_seed46.csv
COMPLETED: fedadam alpha03 seed=46
