========================================
JOB:       12001387
TASK:      15
ALGORITHM: fedadam
PARTITION: alpha01
SEED:      42
GPU:       0
========================================
Device: cuda
GPU: NVIDIA A100-SXM4-80GB
Round 0 | test_loss=3.2142 test_acc=0.1000
Round 1 | selected=[96, 71, 8, 60, 41, 94, 68, 9, 19, 82]
Round 1 | train_loss=1.2542 train_acc=0.5838 test_loss=3.2533 test_acc=0.1132
Round 2 | selected=[75, 39, 34, 62, 81, 17, 40, 46, 54, 88]
Round 2 | train_loss=1.3189 train_acc=0.6252 test_loss=2.6981 test_acc=0.1098
Round 3 | selected=[66, 71, 25, 44, 34, 15, 58, 89, 95, 6]
Round 3 | train_loss=1.3522 train_acc=0.6146 test_loss=2.2675 test_acc=0.1882
Round 4 | selected=[93, 40, 70, 32, 63, 68, 35, 90, 14, 86]
Round 4 | train_loss=1.1484 train_acc=0.6802 test_loss=3.8932 test_acc=0.1369
Round 5 | selected=[70, 81, 20, 62, 89, 98, 41, 15, 52, 30]
Round 5 | train_loss=1.2822 train_acc=0.5926 test_loss=2.1065 test_acc=0.2347
Round 6 | selected=[63, 26, 0, 19, 22, 13, 59, 79, 99, 78]
Round 6 | train_loss=1.0110 train_acc=0.7102 test_loss=2.0554 test_acc=0.2366
Round 7 | selected=[23, 65, 52, 3, 42, 13, 47, 46, 10, 64]
Round 7 | train_loss=1.1169 train_acc=0.6472 test_loss=2.0325 test_acc=0.2767
Round 8 | selected=[33, 56, 28, 96, 27, 73, 50, 42, 21, 2]
Round 8 | train_loss=1.1616 train_acc=0.6340 test_loss=2.3868 test_acc=0.2404
Round 9 | selected=[76, 40, 66, 48, 83, 27, 53, 98, 62, 11]
Round 9 | train_loss=0.9627 train_acc=0.7272 test_loss=2.3892 test_acc=0.2442
Round 10 | selected=[15, 88, 49, 93, 8, 67, 65, 68, 43, 70]
Round 10 | train_loss=0.8652 train_acc=0.7528 test_loss=1.9561 test_acc=0.3009
Round 11 | selected=[33, 62, 8, 11, 57, 56, 91, 96, 98, 34]
Round 11 | train_loss=0.9399 train_acc=0.7152 test_loss=1.8602 test_acc=0.3315
Round 12 | selected=[70, 26, 66, 95, 7, 9, 42, 74, 24, 44]
Round 12 | train_loss=1.0328 train_acc=0.6718 test_loss=1.8283 test_acc=0.3248
Round 13 | selected=[47, 70, 65, 43, 99, 49, 1, 16, 72, 80]
Round 13 | train_loss=1.0211 train_acc=0.6958 test_loss=1.7971 test_acc=0.3409
Round 14 | selected=[37, 64, 3, 16, 31, 14, 18, 46, 67, 72]
Round 14 | train_loss=1.0045 train_acc=0.6780 test_loss=1.8199 test_acc=0.3406
Round 15 | selected=[55, 14, 2, 48, 56, 31, 41, 40, 93, 28]
Round 15 | train_loss=1.0944 train_acc=0.6758 test_loss=1.8413 test_acc=0.3401
Round 16 | selected=[53, 44, 54, 32, 25, 85, 14, 50, 93, 77]
Round 16 | train_loss=1.0599 train_acc=0.7230 test_loss=1.8479 test_acc=0.3464
Round 17 | selected=[99, 29, 49, 12, 52, 64, 65, 11, 10, 28]
Round 17 | train_loss=0.9396 train_acc=0.7444 test_loss=1.8304 test_acc=0.3490
Round 18 | selected=[21, 83, 30, 22, 13, 89, 97, 53, 3, 36]
Round 18 | train_loss=0.9904 train_acc=0.7176 test_loss=1.8217 test_acc=0.3312
Round 19 | selected=[52, 47, 4, 89, 94, 56, 17, 16, 24, 84]
Round 19 | train_loss=1.1592 train_acc=0.6396 test_loss=1.6895 test_acc=0.3589
Round 20 | selected=[49, 45, 20, 2, 76, 81, 33, 83, 10, 30]
Round 20 | train_loss=1.1203 train_acc=0.6434 test_loss=1.6343 test_acc=0.3937
Round 21 | selected=[98, 15, 22, 0, 11, 6, 3, 88, 86, 81]
Round 21 | train_loss=1.0103 train_acc=0.6808 test_loss=1.6730 test_acc=0.3883
Round 22 | selected=[48, 92, 30, 72, 47, 93, 42, 14, 91, 28]
Round 22 | train_loss=0.9240 train_acc=0.7230 test_loss=1.6884 test_acc=0.3848
Round 23 | selected=[86, 65, 85, 46, 19, 72, 55, 80, 40, 26]
Round 23 | train_loss=0.9412 train_acc=0.7142 test_loss=1.6918 test_acc=0.3818
Round 24 | selected=[91, 65, 7, 84, 49, 12, 47, 36, 28, 31]
Round 24 | train_loss=1.0204 train_acc=0.7176 test_loss=1.6934 test_acc=0.3797
Round 25 | selected=[13, 78, 9, 41, 0, 68, 72, 96, 95, 58]
Round 25 | train_loss=1.0048 train_acc=0.6958 test_loss=1.6233 test_acc=0.4030
Round 26 | selected=[71, 77, 46, 80, 24, 78, 27, 10, 62, 1]
Round 26 | train_loss=1.0314 train_acc=0.6738 test_loss=1.5485 test_acc=0.4317
Round 27 | selected=[26, 63, 86, 35, 40, 96, 37, 95, 88, 11]
Round 27 | train_loss=0.9258 train_acc=0.6976 test_loss=1.5122 test_acc=0.4406
Round 28 | selected=[35, 45, 88, 82, 6, 74, 57, 19, 9, 14]
Round 28 | train_loss=1.0145 train_acc=0.6986 test_loss=1.5285 test_acc=0.4372
Round 29 | selected=[2, 70, 93, 43, 11, 53, 14, 52, 5, 26]
Round 29 | train_loss=0.8609 train_acc=0.7444 test_loss=1.5599 test_acc=0.4271
Round 30 | selected=[92, 29, 98, 53, 70, 77, 84, 76, 47, 35]
Round 30 | train_loss=0.8191 train_acc=0.7456 test_loss=1.5458 test_acc=0.4357
Round 31 | selected=[4, 38, 89, 35, 0, 26, 88, 10, 51, 86]
Round 31 | train_loss=1.0673 train_acc=0.6592 test_loss=1.5333 test_acc=0.4465
Round 32 | selected=[22, 73, 56, 83, 93, 76, 98, 62, 30, 77]
Round 32 | train_loss=0.9744 train_acc=0.7074 test_loss=1.5281 test_acc=0.4486
Round 33 | selected=[24, 66, 36, 74, 77, 26, 62, 43, 78, 87]
Round 33 | train_loss=0.9999 train_acc=0.7100 test_loss=1.5277 test_acc=0.4492
Round 34 | selected=[69, 33, 23, 46, 36, 41, 31, 67, 17, 34]
Round 34 | train_loss=0.9971 train_acc=0.7006 test_loss=1.5412 test_acc=0.4462
Round 35 | selected=[19, 54, 46, 53, 79, 49, 89, 41, 62, 78]
Round 35 | train_loss=0.8804 train_acc=0.7458 test_loss=1.5395 test_acc=0.4449
Round 36 | selected=[12, 46, 80, 99, 59, 9, 86, 63, 91, 62]
Round 36 | train_loss=0.9176 train_acc=0.7152 test_loss=1.5037 test_acc=0.4535
Round 37 | selected=[55, 96, 73, 92, 77, 94, 42, 75, 37, 15]
Round 37 | train_loss=0.8226 train_acc=0.7568 test_loss=1.4890 test_acc=0.4633
Round 38 | selected=[72, 54, 15, 45, 11, 52, 0, 96, 51, 66]
Round 38 | train_loss=0.9122 train_acc=0.7162 test_loss=1.4986 test_acc=0.4597
Round 39 | selected=[76, 8, 93, 73, 64, 72, 68, 11, 47, 41]
Round 39 | train_loss=0.8961 train_acc=0.7222 test_loss=1.5214 test_acc=0.4466
Round 40 | selected=[51, 34, 15, 96, 30, 25, 74, 97, 69, 58]
Round 40 | train_loss=1.0220 train_acc=0.6760 test_loss=1.5142 test_acc=0.4313
Round 41 | selected=[87, 88, 46, 50, 34, 37, 74, 16, 13, 59]
Round 41 | train_loss=0.9409 train_acc=0.6910 test_loss=1.4709 test_acc=0.4381
Round 42 | selected=[3, 67, 57, 80, 59, 94, 45, 11, 54, 77]
Round 42 | train_loss=0.8425 train_acc=0.7632 test_loss=1.4397 test_acc=0.4608
Round 43 | selected=[88, 76, 1, 11, 40, 48, 71, 28, 53, 93]
Round 43 | train_loss=0.8125 train_acc=0.7610 test_loss=1.4235 test_acc=0.4803
Round 44 | selected=[2, 13, 63, 68, 92, 96, 61, 9, 97, 8]
Round 44 | train_loss=0.8942 train_acc=0.7072 test_loss=1.4248 test_acc=0.4890
Round 45 | selected=[99, 1, 0, 85, 3, 63, 27, 88, 73, 18]
Round 45 | train_loss=1.0012 train_acc=0.7044 test_loss=1.4549 test_acc=0.4775
Round 46 | selected=[22, 76, 98, 92, 5, 77, 62, 84, 11, 89]
Round 46 | train_loss=0.7548 train_acc=0.7724 test_loss=1.5617 test_acc=0.4454
Round 47 | selected=[70, 52, 50, 60, 15, 83, 46, 63, 8, 44]
Round 47 | train_loss=0.8114 train_acc=0.7606 test_loss=1.5224 test_acc=0.4351
Round 48 | selected=[21, 47, 59, 89, 0, 68, 56, 6, 5, 4]
Round 48 | train_loss=1.0015 train_acc=0.6954 test_loss=1.4355 test_acc=0.4617
Round 49 | selected=[34, 55, 75, 57, 62, 43, 24, 86, 90, 51]
Round 49 | train_loss=0.8533 train_acc=0.7440 test_loss=1.3581 test_acc=0.5146
Round 50 | selected=[23, 45, 60, 15, 69, 14, 63, 41, 50, 89]
Round 50 | train_loss=0.8950 train_acc=0.7186 test_loss=1.3595 test_acc=0.5161
Round 51 | selected=[96, 62, 8, 74, 57, 58, 41, 38, 40, 28]
Round 51 | train_loss=0.9264 train_acc=0.7150 test_loss=1.3827 test_acc=0.5121
Round 52 | selected=[9, 3, 27, 45, 38, 21, 44, 56, 35, 14]
Round 52 | train_loss=0.8566 train_acc=0.7446 test_loss=1.3873 test_acc=0.5081
Round 53 | selected=[61, 72, 31, 22, 52, 51, 41, 96, 18, 36]
Round 53 | train_loss=0.9062 train_acc=0.7276 test_loss=1.4014 test_acc=0.4936
Round 54 | selected=[67, 23, 48, 25, 38, 30, 50, 82, 45, 75]
Round 54 | train_loss=0.7791 train_acc=0.7698 test_loss=1.4555 test_acc=0.4638
Round 55 | selected=[6, 52, 30, 25, 70, 46, 16, 31, 7, 74]
Round 55 | train_loss=1.0087 train_acc=0.6734 test_loss=1.4862 test_acc=0.4471
Round 56 | selected=[94, 48, 13, 49, 62, 22, 55, 35, 11, 7]
Round 56 | train_loss=0.5808 train_acc=0.8242 test_loss=1.4247 test_acc=0.4673
Round 57 | selected=[68, 65, 20, 60, 52, 86, 74, 1, 35, 31]
Round 57 | train_loss=0.8619 train_acc=0.7134 test_loss=1.4247 test_acc=0.4745
Round 58 | selected=[44, 13, 84, 18, 49, 94, 62, 50, 78, 75]
Round 58 | train_loss=0.7153 train_acc=0.7950 test_loss=1.4108 test_acc=0.4890
Round 59 | selected=[91, 83, 4, 23, 62, 87, 17, 99, 28, 13]
Round 59 | train_loss=0.8422 train_acc=0.7440 test_loss=1.4406 test_acc=0.4731
Round 60 | selected=[81, 64, 22, 24, 79, 7, 80, 40, 54, 61]
Round 60 | train_loss=0.9082 train_acc=0.7312 test_loss=1.4436 test_acc=0.4653
Round 61 | selected=[46, 75, 68, 80, 86, 31, 51, 85, 94, 79]
Round 61 | train_loss=0.8844 train_acc=0.7416 test_loss=1.4354 test_acc=0.4739
Round 62 | selected=[79, 10, 50, 2, 30, 53, 46, 39, 49, 99]
Round 62 | train_loss=0.8572 train_acc=0.7428 test_loss=1.3851 test_acc=0.4972
Round 63 | selected=[14, 65, 59, 56, 30, 40, 2, 87, 23, 43]
Round 63 | train_loss=0.7814 train_acc=0.7702 test_loss=1.3768 test_acc=0.5014
Round 64 | selected=[73, 94, 89, 82, 98, 96, 45, 51, 57, 63]
Round 64 | train_loss=0.8616 train_acc=0.7404 test_loss=1.3818 test_acc=0.4900
Round 65 | selected=[46, 64, 93, 53, 41, 61, 75, 96, 98, 67]
Round 65 | train_loss=0.7769 train_acc=0.7512 test_loss=1.3452 test_acc=0.5019
Round 66 | selected=[75, 98, 31, 3, 0, 48, 11, 27, 94, 87]
Round 66 | train_loss=0.7742 train_acc=0.7652 test_loss=1.3412 test_acc=0.5096
Round 67 | selected=[25, 52, 51, 7, 90, 76, 82, 44, 59, 20]
Round 67 | train_loss=0.8229 train_acc=0.7596 test_loss=1.3291 test_acc=0.5183
Round 68 | selected=[39, 0, 73, 66, 72, 70, 83, 61, 93, 98]
Round 68 | train_loss=0.8321 train_acc=0.7542 test_loss=1.2455 test_acc=0.5453
Round 69 | selected=[40, 48, 88, 99, 65, 0, 2, 24, 75, 51]
Round 69 | train_loss=0.7107 train_acc=0.7920 test_loss=1.2419 test_acc=0.5513
Round 70 | selected=[68, 39, 11, 31, 84, 71, 57, 43, 28, 79]
Round 70 | train_loss=0.7337 train_acc=0.7878 test_loss=1.3025 test_acc=0.5386
Round 71 | selected=[29, 99, 39, 75, 61, 76, 50, 40, 66, 95]
Round 71 | train_loss=0.7471 train_acc=0.7812 test_loss=1.3422 test_acc=0.5336
Round 72 | selected=[21, 86, 10, 33, 48, 5, 36, 13, 54, 46]
Round 72 | train_loss=0.8477 train_acc=0.7206 test_loss=1.3260 test_acc=0.5393
Round 73 | selected=[75, 32, 87, 86, 95, 81, 58, 94, 42, 40]
Round 73 | train_loss=0.7471 train_acc=0.7712 test_loss=1.3028 test_acc=0.5375
Round 74 | selected=[28, 21, 58, 50, 61, 81, 94, 84, 29, 72]
Round 74 | train_loss=0.7336 train_acc=0.7878 test_loss=1.3490 test_acc=0.4937
Round 75 | selected=[80, 31, 77, 0, 5, 53, 57, 78, 26, 24]
Round 75 | train_loss=0.7594 train_acc=0.7654 test_loss=1.3701 test_acc=0.4867
Round 76 | selected=[31, 74, 94, 17, 55, 16, 83, 45, 25, 61]
Round 76 | train_loss=0.7896 train_acc=0.7514 test_loss=1.2918 test_acc=0.5110
Round 77 | selected=[24, 70, 5, 28, 87, 3, 90, 4, 12, 9]
Round 77 | train_loss=0.7442 train_acc=0.7632 test_loss=1.2449 test_acc=0.5425
Round 78 | selected=[5, 74, 4, 36, 78, 87, 59, 44, 69, 10]
Round 78 | train_loss=0.8256 train_acc=0.7480 test_loss=1.2846 test_acc=0.5513
Round 79 | selected=[48, 15, 27, 10, 0, 96, 49, 81, 38, 26]
Round 79 | train_loss=0.7985 train_acc=0.7474 test_loss=1.3279 test_acc=0.5231
Round 80 | selected=[94, 56, 67, 23, 84, 87, 21, 33, 46, 29]
Round 80 | train_loss=0.6775 train_acc=0.7990 test_loss=1.2832 test_acc=0.5263
Round 81 | selected=[17, 30, 14, 4, 2, 57, 65, 13, 91, 78]
Round 81 | train_loss=0.8333 train_acc=0.7502 test_loss=1.2440 test_acc=0.5440
Round 82 | selected=[95, 43, 54, 49, 84, 67, 8, 57, 22, 56]
Round 82 | train_loss=0.6273 train_acc=0.8138 test_loss=1.2657 test_acc=0.5410
Round 83 | selected=[54, 78, 23, 44, 88, 94, 27, 90, 95, 60]
Round 83 | train_loss=0.6709 train_acc=0.7972 test_loss=1.3870 test_acc=0.4957
Round 84 | selected=[20, 27, 40, 31, 10, 55, 49, 82, 62, 72]
Round 84 | train_loss=0.7632 train_acc=0.7586 test_loss=1.3916 test_acc=0.4940
Round 85 | selected=[31, 12, 93, 78, 80, 28, 59, 89, 70, 66]
Round 85 | train_loss=0.7343 train_acc=0.7804 test_loss=1.3151 test_acc=0.5232
Round 86 | selected=[90, 73, 1, 11, 0, 15, 47, 94, 25, 55]
Round 86 | train_loss=0.6644 train_acc=0.7996 test_loss=1.2411 test_acc=0.5556
Round 87 | selected=[59, 4, 58, 37, 69, 26, 17, 44, 15, 49]
Round 87 | train_loss=0.6690 train_acc=0.7864 test_loss=1.2217 test_acc=0.5633
Round 88 | selected=[54, 14, 60, 24, 21, 98, 18, 79, 83, 80]
Round 88 | train_loss=0.7868 train_acc=0.7788 test_loss=1.2349 test_acc=0.5493
Round 89 | selected=[14, 69, 1, 89, 40, 93, 92, 66, 50, 24]
Round 89 | train_loss=0.7757 train_acc=0.7690 test_loss=1.2561 test_acc=0.5308
Round 90 | selected=[35, 36, 80, 15, 64, 45, 95, 26, 14, 60]
Round 90 | train_loss=0.6522 train_acc=0.8146 test_loss=1.2808 test_acc=0.5218
Round 91 | selected=[81, 51, 43, 61, 40, 68, 37, 84, 62, 31]
Round 91 | train_loss=0.6307 train_acc=0.8044 test_loss=1.2916 test_acc=0.5261
Round 92 | selected=[82, 49, 0, 77, 71, 9, 98, 95, 65, 84]
Round 92 | train_loss=0.7058 train_acc=0.7926 test_loss=1.2904 test_acc=0.5407
Round 93 | selected=[34, 66, 59, 60, 31, 73, 86, 83, 99, 37]
Round 93 | train_loss=0.7612 train_acc=0.7638 test_loss=1.3243 test_acc=0.5269
Round 94 | selected=[33, 35, 75, 31, 38, 12, 42, 34, 18, 6]
Round 94 | train_loss=0.7392 train_acc=0.7892 test_loss=1.3445 test_acc=0.5046
Round 95 | selected=[33, 55, 84, 47, 43, 18, 27, 70, 9, 20]
Round 95 | train_loss=0.6814 train_acc=0.7862 test_loss=1.2912 test_acc=0.5213
Round 96 | selected=[66, 91, 63, 8, 23, 88, 4, 49, 44, 0]
Round 96 | train_loss=0.6897 train_acc=0.7734 test_loss=1.2203 test_acc=0.5573
Round 97 | selected=[7, 92, 70, 94, 34, 98, 9, 93, 82, 58]
Round 97 | train_loss=0.7037 train_acc=0.7832 test_loss=1.1696 test_acc=0.5869
Round 98 | selected=[45, 25, 50, 51, 8, 37, 57, 16, 76, 68]
Round 98 | train_loss=0.6597 train_acc=0.7992 test_loss=1.2180 test_acc=0.5639
Round 99 | selected=[72, 75, 20, 92, 10, 34, 77, 38, 4, 2]
Round 99 | train_loss=0.6663 train_acc=0.7882 test_loss=1.1797 test_acc=0.5748
Round 100 | selected=[16, 40, 17, 58, 18, 44, 24, 62, 6, 78]
Round 100 | train_loss=0.6764 train_acc=0.8106 test_loss=1.1605 test_acc=0.5736
Round 101 | selected=[31, 3, 23, 28, 66, 91, 95, 94, 15, 48]
Round 101 | train_loss=0.7052 train_acc=0.7660 test_loss=1.1648 test_acc=0.5796
Round 102 | selected=[35, 49, 36, 41, 98, 12, 34, 77, 48, 18]
Round 102 | train_loss=0.6616 train_acc=0.8014 test_loss=1.1548 test_acc=0.5867
Round 103 | selected=[2, 36, 19, 23, 98, 91, 83, 11, 15, 87]
Round 103 | train_loss=0.6221 train_acc=0.8162 test_loss=1.1567 test_acc=0.5848
Round 104 | selected=[17, 48, 37, 73, 78, 79, 13, 60, 80, 93]
Round 104 | train_loss=0.6399 train_acc=0.8012 test_loss=1.1289 test_acc=0.5977
Round 105 | selected=[84, 62, 59, 73, 5, 74, 96, 79, 31, 63]
Round 105 | train_loss=0.6838 train_acc=0.7704 test_loss=1.1564 test_acc=0.5766
Round 106 | selected=[94, 6, 0, 38, 92, 45, 84, 79, 26, 50]
Round 106 | train_loss=0.6846 train_acc=0.7942 test_loss=1.1827 test_acc=0.5633
Round 107 | selected=[64, 44, 59, 38, 29, 68, 96, 65, 94, 58]
Round 107 | train_loss=0.6880 train_acc=0.7906 test_loss=1.1887 test_acc=0.5630
Round 108 | selected=[90, 3, 61, 88, 94, 43, 54, 74, 78, 28]
Round 108 | train_loss=0.6741 train_acc=0.7892 test_loss=1.2554 test_acc=0.5481
Round 109 | selected=[66, 32, 88, 56, 70, 39, 34, 69, 38, 87]
Round 109 | train_loss=0.7509 train_acc=0.7692 test_loss=1.2202 test_acc=0.5685
Round 110 | selected=[37, 38, 42, 12, 25, 65, 82, 44, 31, 58]
Round 110 | train_loss=0.6691 train_acc=0.7998 test_loss=1.1695 test_acc=0.5896
Round 111 | selected=[15, 74, 98, 18, 84, 95, 80, 30, 91, 24]
Round 111 | train_loss=0.6980 train_acc=0.7802 test_loss=1.1933 test_acc=0.5830
Round 112 | selected=[62, 53, 25, 91, 71, 85, 86, 54, 19, 94]
Round 112 | train_loss=0.6463 train_acc=0.7988 test_loss=1.2657 test_acc=0.5430
Round 113 | selected=[66, 5, 49, 29, 53, 67, 42, 2, 91, 38]
Round 113 | train_loss=0.5630 train_acc=0.8182 test_loss=1.3825 test_acc=0.5057
Round 114 | selected=[85, 44, 94, 30, 48, 77, 82, 79, 69, 52]
Round 114 | train_loss=0.7592 train_acc=0.7784 test_loss=1.4242 test_acc=0.4900
Round 115 | selected=[28, 96, 74, 87, 76, 23, 91, 71, 1, 77]
Round 115 | train_loss=0.6823 train_acc=0.7644 test_loss=1.3078 test_acc=0.5194
Round 116 | selected=[55, 65, 97, 26, 34, 28, 43, 39, 23, 21]
Round 116 | train_loss=0.5830 train_acc=0.8262 test_loss=1.1708 test_acc=0.5926
Round 117 | selected=[13, 12, 22, 75, 41, 11, 67, 59, 78, 73]
Round 117 | train_loss=0.5372 train_acc=0.8166 test_loss=1.2527 test_acc=0.5577
Round 118 | selected=[88, 6, 38, 82, 57, 62, 93, 95, 27, 36]
Round 118 | train_loss=0.6855 train_acc=0.8038 test_loss=1.3226 test_acc=0.5141
Round 119 | selected=[10, 16, 97, 41, 78, 15, 50, 55, 54, 66]
Round 119 | train_loss=0.7598 train_acc=0.7424 test_loss=1.2566 test_acc=0.5367
Round 120 | selected=[11, 65, 94, 90, 70, 96, 2, 32, 48, 9]
Round 120 | train_loss=0.5633 train_acc=0.8266 test_loss=1.2989 test_acc=0.5355
Round 121 | selected=[92, 41, 80, 69, 87, 64, 79, 32, 30, 74]
Round 121 | train_loss=0.7169 train_acc=0.7638 test_loss=1.2514 test_acc=0.5438
Round 122 | selected=[83, 15, 9, 30, 24, 31, 53, 81, 13, 87]
Round 122 | train_loss=0.7034 train_acc=0.7760 test_loss=1.1622 test_acc=0.5809
Round 123 | selected=[3, 80, 62, 9, 32, 33, 72, 16, 71, 77]
Round 123 | train_loss=0.6129 train_acc=0.8028 test_loss=1.1057 test_acc=0.6140
Round 124 | selected=[52, 8, 74, 25, 71, 32, 39, 37, 3, 57]
Round 124 | train_loss=0.5662 train_acc=0.8314 test_loss=1.1510 test_acc=0.5869
Round 125 | selected=[8, 58, 93, 72, 61, 37, 11, 75, 20, 19]
Round 125 | train_loss=0.5383 train_acc=0.8310 test_loss=1.1669 test_acc=0.5729
Round 126 | selected=[62, 92, 78, 90, 12, 17, 43, 89, 18, 38]
Round 126 | train_loss=0.5739 train_acc=0.8416 test_loss=1.1475 test_acc=0.5742
Round 127 | selected=[99, 60, 0, 70, 43, 73, 23, 88, 55, 27]
Round 127 | train_loss=0.5274 train_acc=0.8308 test_loss=1.1552 test_acc=0.5768
Round 128 | selected=[27, 25, 54, 40, 10, 45, 34, 24, 58, 75]
Round 128 | train_loss=0.6596 train_acc=0.7988 test_loss=1.1054 test_acc=0.5968
Round 129 | selected=[41, 35, 0, 64, 53, 6, 81, 60, 28, 14]
Round 129 | train_loss=0.6684 train_acc=0.7934 test_loss=1.0556 test_acc=0.6193
Round 130 | selected=[46, 90, 81, 34, 80, 8, 78, 5, 45, 43]
Round 130 | train_loss=0.4975 train_acc=0.8442 test_loss=1.0690 test_acc=0.6219
Round 131 | selected=[40, 94, 19, 81, 7, 13, 38, 9, 17, 50]
Round 131 | train_loss=0.6615 train_acc=0.7974 test_loss=1.0832 test_acc=0.6180
Round 132 | selected=[87, 24, 31, 57, 98, 78, 40, 32, 19, 3]
Round 132 | train_loss=0.5533 train_acc=0.8362 test_loss=1.1380 test_acc=0.5959
Round 133 | selected=[72, 91, 97, 10, 18, 52, 37, 80, 68, 11]
Round 133 | train_loss=0.5308 train_acc=0.8466 test_loss=1.1805 test_acc=0.5788
Round 134 | selected=[78, 86, 16, 7, 96, 88, 53, 93, 32, 76]
Round 134 | train_loss=0.6646 train_acc=0.7826 test_loss=1.1222 test_acc=0.5961
Round 135 | selected=[30, 97, 21, 43, 53, 12, 62, 72, 10, 18]
Round 135 | train_loss=0.5439 train_acc=0.8346 test_loss=1.0752 test_acc=0.6185
Round 136 | selected=[38, 76, 39, 88, 73, 71, 90, 77, 58, 35]
Round 136 | train_loss=0.6506 train_acc=0.7936 test_loss=1.0815 test_acc=0.6091
Round 137 | selected=[34, 37, 31, 9, 52, 6, 33, 92, 51, 30]
Round 137 | train_loss=0.6367 train_acc=0.7992 test_loss=1.0807 test_acc=0.6057
Round 138 | selected=[69, 97, 70, 24, 50, 91, 80, 18, 51, 95]
Round 138 | train_loss=0.5672 train_acc=0.8224 test_loss=1.0436 test_acc=0.6095
Round 139 | selected=[84, 92, 98, 59, 54, 85, 3, 9, 0, 68]
Round 139 | train_loss=0.5340 train_acc=0.8322 test_loss=1.0380 test_acc=0.6255
Round 140 | selected=[76, 0, 91, 18, 45, 42, 54, 43, 88, 32]
Round 140 | train_loss=0.5249 train_acc=0.8346 test_loss=1.0861 test_acc=0.6302
Round 141 | selected=[39, 7, 20, 46, 13, 51, 71, 23, 96, 94]
Round 141 | train_loss=0.6151 train_acc=0.8014 test_loss=1.0728 test_acc=0.6245
Round 142 | selected=[36, 48, 34, 10, 23, 9, 55, 77, 46, 63]
Round 142 | train_loss=0.5856 train_acc=0.8186 test_loss=1.1251 test_acc=0.5931
Round 143 | selected=[74, 6, 10, 21, 81, 80, 69, 11, 30, 27]
Round 143 | train_loss=0.6018 train_acc=0.8016 test_loss=1.0683 test_acc=0.6082
Round 144 | selected=[15, 61, 53, 13, 63, 77, 36, 58, 10, 62]
Round 144 | train_loss=0.6114 train_acc=0.8008 test_loss=1.0101 test_acc=0.6452
Round 145 | selected=[94, 19, 9, 40, 52, 17, 49, 32, 92, 45]
Round 145 | train_loss=0.4622 train_acc=0.8654 test_loss=1.0042 test_acc=0.6512
Round 146 | selected=[58, 81, 40, 79, 41, 20, 3, 35, 33, 12]
Round 146 | train_loss=0.6351 train_acc=0.7946 test_loss=0.9933 test_acc=0.6592
Round 147 | selected=[91, 75, 4, 84, 36, 30, 49, 48, 27, 83]
Round 147 | train_loss=0.5319 train_acc=0.8312 test_loss=1.0179 test_acc=0.6452
Round 148 | selected=[38, 53, 67, 98, 81, 44, 85, 77, 6, 48]
Round 148 | train_loss=0.5622 train_acc=0.8344 test_loss=1.0531 test_acc=0.6365
Round 149 | selected=[8, 99, 18, 12, 69, 92, 83, 64, 53, 88]
Round 149 | train_loss=0.4476 train_acc=0.8656 test_loss=1.0624 test_acc=0.6306
Round 150 | selected=[96, 92, 72, 27, 51, 50, 43, 36, 87, 21]
Round 150 | train_loss=0.5157 train_acc=0.8398 test_loss=1.0228 test_acc=0.6381
Round 151 | selected=[10, 8, 76, 44, 7, 17, 68, 55, 71, 36]
Round 151 | train_loss=0.5159 train_acc=0.8514 test_loss=1.0365 test_acc=0.6370
Round 152 | selected=[20, 50, 90, 36, 65, 92, 76, 26, 18, 87]
Round 152 | train_loss=0.5091 train_acc=0.8546 test_loss=1.1245 test_acc=0.6023
Round 153 | selected=[13, 65, 62, 92, 53, 25, 87, 34, 17, 52]
Round 153 | train_loss=0.5005 train_acc=0.8516 test_loss=1.0675 test_acc=0.6149
Round 154 | selected=[43, 45, 11, 21, 86, 8, 32, 10, 39, 62]
Round 154 | train_loss=0.4731 train_acc=0.8442 test_loss=1.0227 test_acc=0.6336
Round 155 | selected=[17, 79, 56, 61, 64, 16, 29, 22, 15, 42]
Round 155 | train_loss=0.5840 train_acc=0.8218 test_loss=1.0799 test_acc=0.6159
Round 156 | selected=[96, 43, 3, 54, 94, 46, 91, 49, 9, 27]
Round 156 | train_loss=0.5162 train_acc=0.8308 test_loss=1.0954 test_acc=0.6096
Round 157 | selected=[4, 61, 99, 98, 22, 54, 59, 21, 68, 66]
Round 157 | train_loss=0.5374 train_acc=0.8414 test_loss=1.0433 test_acc=0.6455
Round 158 | selected=[74, 66, 70, 94, 44, 19, 60, 86, 41, 63]
Round 158 | train_loss=0.5916 train_acc=0.7914 test_loss=1.0354 test_acc=0.6403
Round 159 | selected=[56, 50, 40, 65, 88, 36, 79, 34, 61, 84]
Round 159 | train_loss=0.5889 train_acc=0.8290 test_loss=1.1468 test_acc=0.5938
Round 160 | selected=[35, 73, 93, 72, 59, 88, 22, 11, 10, 18]
Round 160 | train_loss=0.4504 train_acc=0.8572 test_loss=1.2026 test_acc=0.5716
Round 161 | selected=[99, 84, 35, 49, 74, 17, 30, 70, 26, 16]
Round 161 | train_loss=0.5068 train_acc=0.8314 test_loss=1.1526 test_acc=0.5900
Round 162 | selected=[81, 53, 14, 67, 28, 12, 22, 69, 35, 24]
Round 162 | train_loss=0.4426 train_acc=0.8672 test_loss=1.1880 test_acc=0.5883
Round 163 | selected=[23, 18, 32, 77, 41, 17, 35, 99, 26, 40]
Round 163 | train_loss=0.5677 train_acc=0.8208 test_loss=1.0539 test_acc=0.6282
Round 164 | selected=[25, 1, 68, 42, 28, 12, 86, 16, 29, 34]
Round 164 | train_loss=0.5071 train_acc=0.8346 test_loss=1.0528 test_acc=0.6355
Round 165 | selected=[60, 59, 57, 81, 45, 2, 95, 94, 88, 43]
Round 165 | train_loss=0.4500 train_acc=0.8602 test_loss=1.0644 test_acc=0.6249
Round 166 | selected=[44, 53, 46, 56, 93, 1, 97, 39, 76, 47]
Round 166 | train_loss=0.5375 train_acc=0.8342 test_loss=1.0235 test_acc=0.6411
Round 167 | selected=[11, 6, 87, 71, 15, 63, 31, 83, 93, 78]
Round 167 | train_loss=0.5735 train_acc=0.8204 test_loss=1.0327 test_acc=0.6315
Round 168 | selected=[16, 91, 28, 57, 74, 51, 19, 21, 20, 31]
Round 168 | train_loss=0.5650 train_acc=0.8138 test_loss=0.9547 test_acc=0.6560
Round 169 | selected=[99, 16, 61, 91, 94, 77, 21, 68, 17, 25]
Round 169 | train_loss=0.4735 train_acc=0.8538 test_loss=0.9258 test_acc=0.6637
Round 170 | selected=[25, 52, 0, 31, 69, 96, 94, 42, 41, 89]
Round 170 | train_loss=0.5420 train_acc=0.8116 test_loss=0.9945 test_acc=0.6242
Round 171 | selected=[87, 3, 76, 35, 95, 54, 0, 97, 19, 62]
Round 171 | train_loss=0.4394 train_acc=0.8586 test_loss=1.0122 test_acc=0.6252
Round 172 | selected=[35, 31, 16, 56, 69, 18, 22, 19, 14, 94]
Round 172 | train_loss=0.5469 train_acc=0.8280 test_loss=1.0180 test_acc=0.6228
Round 173 | selected=[15, 61, 38, 90, 97, 7, 95, 12, 23, 24]
Round 173 | train_loss=0.5182 train_acc=0.8414 test_loss=1.0450 test_acc=0.6171
Round 174 | selected=[97, 17, 18, 22, 37, 15, 78, 28, 44, 21]
Round 174 | train_loss=0.4128 train_acc=0.8766 test_loss=1.0728 test_acc=0.6055
Round 175 | selected=[22, 48, 12, 39, 38, 84, 25, 2, 88, 90]
Round 175 | train_loss=0.4129 train_acc=0.8752 test_loss=1.0485 test_acc=0.6230
Round 176 | selected=[83, 36, 24, 14, 7, 58, 82, 71, 87, 19]
Round 176 | train_loss=0.6004 train_acc=0.8236 test_loss=1.0290 test_acc=0.6353
Round 177 | selected=[74, 91, 11, 10, 56, 69, 15, 48, 12, 72]
Round 177 | train_loss=0.4585 train_acc=0.8486 test_loss=0.9795 test_acc=0.6531
Round 178 | selected=[74, 30, 69, 14, 96, 23, 58, 27, 11, 40]
Round 178 | train_loss=0.4855 train_acc=0.8414 test_loss=1.0434 test_acc=0.6302
Round 179 | selected=[23, 25, 28, 87, 73, 52, 70, 74, 84, 66]
Round 179 | train_loss=0.4681 train_acc=0.8492 test_loss=1.0110 test_acc=0.6538
Round 180 | selected=[46, 34, 64, 61, 36, 91, 33, 83, 14, 7]
Round 180 | train_loss=0.6411 train_acc=0.8072 test_loss=0.8999 test_acc=0.6893
Round 181 | selected=[47, 77, 57, 94, 35, 86, 30, 72, 46, 55]
Round 181 | train_loss=0.5209 train_acc=0.8432 test_loss=1.0056 test_acc=0.6542
Round 182 | selected=[87, 31, 88, 69, 55, 2, 42, 75, 60, 20]
Round 182 | train_loss=0.4391 train_acc=0.8590 test_loss=1.0247 test_acc=0.6438
Round 183 | selected=[38, 88, 76, 53, 34, 82, 25, 36, 73, 4]
Round 183 | train_loss=0.6146 train_acc=0.8210 test_loss=0.9220 test_acc=0.6708
Round 184 | selected=[22, 23, 39, 72, 37, 2, 48, 76, 75, 34]
Round 184 | train_loss=0.3695 train_acc=0.8928 test_loss=0.9337 test_acc=0.6681
Round 185 | selected=[43, 5, 42, 88, 30, 61, 11, 9, 19, 1]
Round 185 | train_loss=0.4178 train_acc=0.8698 test_loss=0.9738 test_acc=0.6555
Round 186 | selected=[29, 87, 63, 79, 32, 81, 16, 88, 15, 83]
Round 186 | train_loss=0.5654 train_acc=0.8192 test_loss=0.9916 test_acc=0.6410
Round 187 | selected=[77, 2, 50, 8, 56, 6, 71, 12, 79, 7]
Round 187 | train_loss=0.5707 train_acc=0.8308 test_loss=1.1270 test_acc=0.5975
Round 188 | selected=[32, 38, 45, 16, 66, 64, 98, 41, 42, 6]
Round 188 | train_loss=0.5713 train_acc=0.8110 test_loss=1.0571 test_acc=0.6103
Round 189 | selected=[7, 62, 61, 82, 64, 87, 30, 85, 76, 88]
Round 189 | train_loss=0.4953 train_acc=0.8520 test_loss=1.0655 test_acc=0.6087
Round 190 | selected=[32, 23, 97, 52, 61, 26, 44, 27, 90, 53]
Round 190 | train_loss=0.4548 train_acc=0.8590 test_loss=0.9805 test_acc=0.6311
Round 191 | selected=[40, 62, 50, 42, 4, 71, 6, 43, 56, 8]
Round 191 | train_loss=0.3364 train_acc=0.9030 test_loss=0.9300 test_acc=0.6670
Round 192 | selected=[75, 3, 42, 92, 72, 50, 49, 52, 8, 45]
Round 192 | train_loss=0.3087 train_acc=0.9092 test_loss=0.9378 test_acc=0.6690
Round 193 | selected=[90, 64, 67, 11, 47, 49, 92, 50, 38, 6]
Round 193 | train_loss=0.4408 train_acc=0.8718 test_loss=0.9508 test_acc=0.6585
Round 194 | selected=[0, 36, 13, 20, 39, 16, 42, 56, 9, 63]
Round 194 | train_loss=0.5120 train_acc=0.8316 test_loss=0.8989 test_acc=0.6757
Round 195 | selected=[39, 38, 31, 18, 86, 9, 60, 89, 64, 15]
Round 195 | train_loss=0.5598 train_acc=0.8234 test_loss=0.8725 test_acc=0.6832
Round 196 | selected=[45, 34, 96, 79, 22, 14, 80, 72, 46, 70]
Round 196 | train_loss=0.4576 train_acc=0.8566 test_loss=0.9719 test_acc=0.6430
Round 197 | selected=[10, 39, 70, 0, 61, 32, 84, 93, 91, 49]
Round 197 | train_loss=0.4326 train_acc=0.8598 test_loss=0.9486 test_acc=0.6541
Round 198 | selected=[88, 22, 87, 57, 79, 42, 93, 96, 40, 91]
Round 198 | train_loss=0.4788 train_acc=0.8558 test_loss=0.9399 test_acc=0.6706
Round 199 | selected=[38, 52, 78, 33, 64, 32, 41, 93, 58, 71]
Round 199 | train_loss=0.4768 train_acc=0.8476 test_loss=0.9366 test_acc=0.6724
Round 200 | selected=[95, 31, 52, 20, 92, 11, 2, 16, 70, 9]
Round 200 | train_loss=0.4559 train_acc=0.8466 test_loss=0.9051 test_acc=0.6780
Round 201 | selected=[51, 9, 15, 53, 84, 60, 2, 81, 94, 74]
Round 201 | train_loss=0.3784 train_acc=0.8744 test_loss=0.9087 test_acc=0.6810
Round 202 | selected=[87, 33, 16, 1, 81, 51, 57, 68, 54, 11]
Round 202 | train_loss=0.5063 train_acc=0.8372 test_loss=0.9060 test_acc=0.6869
Round 203 | selected=[46, 35, 76, 53, 91, 89, 87, 28, 81, 97]
Round 203 | train_loss=0.4270 train_acc=0.8622 test_loss=0.8997 test_acc=0.6984
Round 204 | selected=[97, 40, 51, 52, 61, 59, 1, 23, 29, 76]
Round 204 | train_loss=0.4155 train_acc=0.8714 test_loss=1.0440 test_acc=0.6278
Round 205 | selected=[16, 55, 41, 44, 82, 3, 21, 98, 22, 63]
Round 205 | train_loss=0.5012 train_acc=0.8310 test_loss=1.1771 test_acc=0.5824
Round 206 | selected=[1, 87, 84, 28, 98, 49, 48, 99, 92, 97]
Round 206 | train_loss=0.3308 train_acc=0.9042 test_loss=1.0600 test_acc=0.6100
Round 207 | selected=[60, 41, 71, 6, 47, 79, 7, 5, 58, 91]
Round 207 | train_loss=0.5998 train_acc=0.7962 test_loss=0.9266 test_acc=0.6660
Round 208 | selected=[53, 49, 30, 96, 44, 78, 66, 69, 16, 92]
Round 208 | train_loss=0.4641 train_acc=0.8488 test_loss=0.9601 test_acc=0.6640
Round 209 | selected=[93, 66, 85, 55, 21, 49, 70, 42, 88, 9]
Round 209 | train_loss=0.3671 train_acc=0.8836 test_loss=0.9349 test_acc=0.6776
Round 210 | selected=[53, 8, 65, 45, 11, 23, 14, 61, 95, 84]
Round 210 | train_loss=0.3498 train_acc=0.8950 test_loss=0.9481 test_acc=0.6669
Round 211 | selected=[13, 72, 2, 69, 32, 48, 52, 68, 82, 26]
Round 211 | train_loss=0.4304 train_acc=0.8708 test_loss=0.9795 test_acc=0.6457
Round 212 | selected=[27, 46, 18, 26, 82, 15, 64, 10, 32, 13]
Round 212 | train_loss=0.4956 train_acc=0.8528 test_loss=1.0662 test_acc=0.6096
Round 213 | selected=[67, 3, 26, 38, 62, 41, 25, 50, 61, 49]
Round 213 | train_loss=0.3928 train_acc=0.8672 test_loss=0.9887 test_acc=0.6436
Round 214 | selected=[78, 84, 0, 42, 93, 22, 98, 37, 30, 73]
Round 214 | train_loss=0.3024 train_acc=0.9058 test_loss=0.9727 test_acc=0.6618
Round 215 | selected=[77, 94, 68, 9, 92, 80, 32, 38, 75, 2]
Round 215 | train_loss=0.3613 train_acc=0.8892 test_loss=1.0304 test_acc=0.6527
Round 216 | selected=[35, 4, 44, 92, 57, 86, 95, 24, 93, 70]
Round 216 | train_loss=0.4248 train_acc=0.8678 test_loss=0.9403 test_acc=0.6753
Round 217 | selected=[14, 31, 79, 97, 0, 41, 47, 7, 48, 9]
Round 217 | train_loss=0.5553 train_acc=0.8260 test_loss=0.8796 test_acc=0.6889
Round 218 | selected=[24, 73, 4, 46, 8, 72, 41, 0, 92, 52]
Round 218 | train_loss=0.4021 train_acc=0.8692 test_loss=1.0062 test_acc=0.6431
Round 219 | selected=[82, 11, 26, 14, 83, 39, 38, 41, 32, 53]
Round 219 | train_loss=0.4554 train_acc=0.8590 test_loss=0.9956 test_acc=0.6425
Round 220 | selected=[67, 35, 66, 44, 51, 17, 49, 37, 64, 18]
Round 220 | train_loss=0.3624 train_acc=0.8902 test_loss=0.8583 test_acc=0.6984
Round 221 | selected=[20, 33, 25, 90, 9, 4, 59, 54, 80, 5]
Round 221 | train_loss=0.4073 train_acc=0.8708 test_loss=0.8202 test_acc=0.7209
Round 222 | selected=[22, 21, 92, 88, 32, 12, 69, 28, 62, 78]
Round 222 | train_loss=0.2760 train_acc=0.9166 test_loss=1.0539 test_acc=0.6440
Round 223 | selected=[10, 51, 17, 78, 14, 61, 75, 44, 47, 48]
Round 223 | train_loss=0.4180 train_acc=0.8652 test_loss=0.9851 test_acc=0.6528
Round 224 | selected=[79, 9, 34, 99, 26, 3, 22, 31, 27, 69]
Round 224 | train_loss=0.4014 train_acc=0.8782 test_loss=0.9391 test_acc=0.6656
Round 225 | selected=[8, 19, 74, 28, 56, 21, 99, 29, 59, 2]
Round 225 | train_loss=0.3774 train_acc=0.8786 test_loss=0.9335 test_acc=0.6587
Round 226 | selected=[71, 80, 12, 68, 70, 6, 45, 43, 86, 16]
Round 226 | train_loss=0.4198 train_acc=0.8640 test_loss=0.9899 test_acc=0.6537
Round 227 | selected=[91, 84, 13, 41, 72, 3, 64, 8, 99, 26]
Round 227 | train_loss=0.3661 train_acc=0.8804 test_loss=0.9337 test_acc=0.6776
Round 228 | selected=[69, 4, 39, 64, 8, 46, 81, 92, 44, 25]
Round 228 | train_loss=0.3454 train_acc=0.9082 test_loss=0.8329 test_acc=0.7124
Round 229 | selected=[41, 49, 82, 96, 31, 78, 40, 5, 85, 71]
Round 229 | train_loss=0.4714 train_acc=0.8482 test_loss=0.8015 test_acc=0.7147
Round 230 | selected=[45, 50, 38, 24, 51, 92, 96, 0, 78, 65]
Round 230 | train_loss=0.3658 train_acc=0.8846 test_loss=0.8548 test_acc=0.6917
Round 231 | selected=[28, 56, 50, 16, 30, 25, 76, 21, 15, 92]
Round 231 | train_loss=0.4214 train_acc=0.8714 test_loss=0.9312 test_acc=0.6576
Round 232 | selected=[6, 99, 28, 25, 16, 48, 75, 54, 1, 49]
Round 232 | train_loss=0.3766 train_acc=0.8776 test_loss=0.8909 test_acc=0.6802
Round 233 | selected=[55, 46, 15, 29, 11, 31, 47, 68, 23, 43]
Round 233 | train_loss=0.3335 train_acc=0.8906 test_loss=0.8625 test_acc=0.7015
Round 234 | selected=[8, 43, 95, 70, 92, 11, 57, 85, 86, 65]
Round 234 | train_loss=0.3741 train_acc=0.8830 test_loss=0.8865 test_acc=0.6844
Round 235 | selected=[84, 6, 46, 51, 17, 69, 81, 60, 28, 24]
Round 235 | train_loss=0.3510 train_acc=0.8940 test_loss=0.9477 test_acc=0.6665
Round 236 | selected=[38, 8, 71, 73, 47, 85, 84, 88, 13, 83]
Round 236 | train_loss=0.3869 train_acc=0.8846 test_loss=0.9393 test_acc=0.6724
Round 237 | selected=[42, 26, 63, 18, 68, 33, 19, 50, 37, 23]
Round 237 | train_loss=0.3544 train_acc=0.8844 test_loss=0.8981 test_acc=0.6902
Round 238 | selected=[25, 55, 29, 1, 27, 70, 35, 93, 51, 12]
Round 238 | train_loss=0.3065 train_acc=0.8984 test_loss=0.8917 test_acc=0.6922
Round 239 | selected=[8, 90, 74, 1, 2, 12, 43, 49, 96, 55]
Round 239 | train_loss=0.3337 train_acc=0.8896 test_loss=0.9696 test_acc=0.6532
Round 240 | selected=[81, 95, 56, 41, 86, 85, 51, 71, 4, 57]
Round 240 | train_loss=0.4937 train_acc=0.8340 test_loss=0.8265 test_acc=0.7116
Round 241 | selected=[38, 1, 32, 30, 97, 85, 20, 17, 44, 68]
Round 241 | train_loss=0.3404 train_acc=0.8980 test_loss=0.8118 test_acc=0.7192
Round 242 | selected=[17, 56, 60, 30, 15, 67, 21, 26, 59, 90]
Round 242 | train_loss=0.3974 train_acc=0.8806 test_loss=0.8413 test_acc=0.6949
Round 243 | selected=[48, 46, 67, 72, 20, 29, 91, 86, 89, 23]
Round 243 | train_loss=0.3443 train_acc=0.8882 test_loss=0.8910 test_acc=0.6694
Round 244 | selected=[38, 94, 93, 54, 79, 98, 0, 83, 7, 58]
Round 244 | train_loss=0.4749 train_acc=0.8608 test_loss=0.8969 test_acc=0.6788
Round 245 | selected=[86, 3, 2, 92, 80, 40, 45, 57, 75, 6]
Round 245 | train_loss=0.4523 train_acc=0.8610 test_loss=0.8454 test_acc=0.6974
Round 246 | selected=[39, 15, 47, 56, 18, 31, 79, 12, 53, 37]
Round 246 | train_loss=0.4388 train_acc=0.8716 test_loss=0.8588 test_acc=0.6923
Round 247 | selected=[69, 34, 62, 99, 53, 75, 51, 16, 31, 6]
Round 247 | train_loss=0.3751 train_acc=0.8804 test_loss=0.9152 test_acc=0.6760
Round 248 | selected=[77, 8, 78, 87, 28, 54, 7, 65, 2, 5]
Round 248 | train_loss=0.4305 train_acc=0.8680 test_loss=0.8346 test_acc=0.7133
Round 249 | selected=[38, 14, 44, 94, 84, 56, 47, 2, 80, 83]
Round 249 | train_loss=0.3794 train_acc=0.8846 test_loss=0.9338 test_acc=0.6672
Round 250 | selected=[35, 62, 34, 5, 51, 70, 26, 24, 77, 39]
Round 250 | train_loss=0.3699 train_acc=0.8914 test_loss=0.8901 test_acc=0.6800
Round 251 | selected=[55, 81, 20, 57, 44, 74, 13, 3, 97, 69]
Round 251 | train_loss=0.3481 train_acc=0.8840 test_loss=0.8331 test_acc=0.7055
Round 252 | selected=[96, 10, 16, 27, 25, 74, 70, 93, 32, 4]
Round 252 | train_loss=0.3679 train_acc=0.8774 test_loss=0.8556 test_acc=0.7072
Round 253 | selected=[24, 27, 38, 18, 12, 54, 97, 49, 92, 93]
Round 253 | train_loss=0.2981 train_acc=0.9142 test_loss=0.9318 test_acc=0.6706
Round 254 | selected=[74, 81, 35, 53, 50, 29, 87, 73, 23, 19]
Round 254 | train_loss=0.2672 train_acc=0.9176 test_loss=0.9156 test_acc=0.6815
Round 255 | selected=[85, 52, 45, 10, 96, 33, 23, 37, 17, 49]
Round 255 | train_loss=0.3637 train_acc=0.8786 test_loss=0.8098 test_acc=0.7302
Round 256 | selected=[6, 5, 9, 14, 69, 85, 77, 89, 10, 70]
Round 256 | train_loss=0.4280 train_acc=0.8672 test_loss=0.7688 test_acc=0.7344
Round 257 | selected=[5, 80, 43, 58, 18, 87, 93, 30, 66, 53]
Round 257 | train_loss=0.3255 train_acc=0.8976 test_loss=0.8148 test_acc=0.7197
Round 258 | selected=[5, 56, 0, 18, 46, 82, 32, 64, 51, 14]
Round 258 | train_loss=0.4045 train_acc=0.8710 test_loss=0.7487 test_acc=0.7425
Round 259 | selected=[93, 17, 27, 60, 66, 61, 53, 77, 75, 56]
Round 259 | train_loss=0.3657 train_acc=0.8868 test_loss=0.7300 test_acc=0.7480
Round 260 | selected=[51, 38, 79, 1, 8, 31, 63, 57, 21, 17]
Round 260 | train_loss=0.4371 train_acc=0.8722 test_loss=0.7976 test_acc=0.7240
Round 261 | selected=[36, 69, 50, 3, 26, 77, 41, 35, 66, 81]
Round 261 | train_loss=0.4664 train_acc=0.8512 test_loss=0.8974 test_acc=0.6840
Round 262 | selected=[46, 85, 35, 3, 10, 22, 90, 92, 97, 33]
Round 262 | train_loss=0.3568 train_acc=0.8852 test_loss=0.8280 test_acc=0.7144
Round 263 | selected=[18, 55, 84, 17, 83, 95, 90, 38, 4, 92]
Round 263 | train_loss=0.2910 train_acc=0.9174 test_loss=0.8438 test_acc=0.7125
Round 264 | selected=[49, 3, 62, 18, 75, 74, 60, 46, 66, 94]
Round 264 | train_loss=0.2895 train_acc=0.9142 test_loss=0.9574 test_acc=0.6777
Round 265 | selected=[60, 11, 86, 41, 83, 66, 48, 44, 5, 72]
Round 265 | train_loss=0.4428 train_acc=0.8518 test_loss=0.9066 test_acc=0.6712
Round 266 | selected=[80, 84, 94, 20, 55, 39, 51, 33, 15, 93]
Round 266 | train_loss=0.3003 train_acc=0.9102 test_loss=1.0834 test_acc=0.6157
Round 267 | selected=[88, 63, 83, 77, 97, 61, 4, 24, 52, 60]
Round 267 | train_loss=0.4567 train_acc=0.8546 test_loss=0.8930 test_acc=0.6763
Round 268 | selected=[49, 50, 31, 30, 71, 13, 77, 35, 0, 1]
Round 268 | train_loss=0.3752 train_acc=0.8870 test_loss=0.8678 test_acc=0.6923
Round 269 | selected=[99, 16, 28, 89, 30, 90, 54, 4, 58, 41]
Round 269 | train_loss=0.4388 train_acc=0.8532 test_loss=0.9241 test_acc=0.6799
Round 270 | selected=[81, 85, 22, 2, 91, 24, 63, 3, 95, 44]
Round 270 | train_loss=0.3438 train_acc=0.8930 test_loss=0.8387 test_acc=0.7124
Round 271 | selected=[68, 7, 44, 36, 64, 96, 99, 9, 29, 3]
Round 271 | train_loss=0.3949 train_acc=0.8840 test_loss=0.7563 test_acc=0.7361
Round 272 | selected=[66, 12, 83, 91, 14, 76, 57, 49, 24, 13]
Round 272 | train_loss=0.3820 train_acc=0.8748 test_loss=0.8421 test_acc=0.6987
Round 273 | selected=[45, 55, 0, 16, 82, 98, 95, 19, 41, 32]
Round 273 | train_loss=0.3367 train_acc=0.8946 test_loss=0.8902 test_acc=0.6854
Round 274 | selected=[8, 11, 75, 40, 86, 27, 68, 36, 47, 93]
Round 274 | train_loss=0.3723 train_acc=0.8898 test_loss=0.8158 test_acc=0.7157
Round 275 | selected=[23, 79, 44, 2, 9, 69, 45, 64, 13, 60]
Round 275 | train_loss=0.3117 train_acc=0.9088 test_loss=0.7693 test_acc=0.7367
Round 276 | selected=[44, 25, 71, 8, 28, 37, 29, 47, 12, 19]
Round 276 | train_loss=0.2221 train_acc=0.9394 test_loss=0.7918 test_acc=0.7305
Round 277 | selected=[14, 95, 41, 70, 21, 85, 54, 31, 56, 87]
Round 277 | train_loss=0.3696 train_acc=0.8838 test_loss=0.8397 test_acc=0.7028
Round 278 | selected=[51, 42, 82, 45, 50, 24, 18, 76, 67, 59]
Round 278 | train_loss=0.2761 train_acc=0.9214 test_loss=0.8679 test_acc=0.6881
Round 279 | selected=[69, 27, 92, 98, 88, 75, 82, 28, 25, 54]
Round 279 | train_loss=0.2920 train_acc=0.9106 test_loss=0.9174 test_acc=0.6633
Round 280 | selected=[44, 37, 77, 90, 72, 6, 39, 22, 16, 91]
Round 280 | train_loss=0.3571 train_acc=0.8948 test_loss=0.8181 test_acc=0.7087
Round 281 | selected=[49, 86, 77, 64, 28, 18, 54, 37, 24, 95]
Round 281 | train_loss=0.3245 train_acc=0.9038 test_loss=0.7221 test_acc=0.7557
Round 282 | selected=[38, 27, 30, 48, 53, 46, 42, 94, 57, 95]
Round 282 | train_loss=0.2646 train_acc=0.9242 test_loss=0.7741 test_acc=0.7315
Round 283 | selected=[55, 6, 75, 15, 31, 8, 81, 58, 60, 26]
Round 283 | train_loss=0.2787 train_acc=0.9160 test_loss=0.7914 test_acc=0.7176
Round 284 | selected=[47, 37, 5, 15, 86, 23, 44, 36, 90, 99]
Round 284 | train_loss=0.3415 train_acc=0.8978 test_loss=0.7701 test_acc=0.7302
Round 285 | selected=[36, 66, 81, 65, 87, 85, 2, 80, 38, 52]
Round 285 | train_loss=0.4177 train_acc=0.8784 test_loss=0.7821 test_acc=0.7182
Round 286 | selected=[30, 24, 52, 94, 61, 76, 20, 32, 7, 15]
Round 286 | train_loss=0.3478 train_acc=0.8912 test_loss=0.7670 test_acc=0.7189
Round 287 | selected=[40, 98, 97, 91, 47, 50, 80, 53, 1, 37]
Round 287 | train_loss=0.2834 train_acc=0.9136 test_loss=0.7952 test_acc=0.7117
Round 288 | selected=[88, 86, 15, 0, 49, 70, 71, 37, 28, 12]
Round 288 | train_loss=0.2394 train_acc=0.9286 test_loss=0.9055 test_acc=0.6813
Round 289 | selected=[5, 72, 67, 97, 99, 9, 16, 24, 56, 49]
Round 289 | train_loss=0.2802 train_acc=0.9138 test_loss=0.9450 test_acc=0.6817
Round 290 | selected=[48, 94, 16, 17, 3, 97, 72, 73, 71, 19]
Round 290 | train_loss=0.2379 train_acc=0.9268 test_loss=0.9031 test_acc=0.7023
Round 291 | selected=[73, 56, 52, 84, 36, 81, 66, 50, 67, 48]
Round 291 | train_loss=0.3237 train_acc=0.8974 test_loss=0.8946 test_acc=0.6936
Round 292 | selected=[8, 65, 6, 47, 5, 42, 83, 54, 87, 81]
Round 292 | train_loss=0.3407 train_acc=0.8958 test_loss=0.8085 test_acc=0.7179
Round 293 | selected=[56, 50, 10, 25, 53, 62, 19, 33, 69, 95]
Round 293 | train_loss=0.2693 train_acc=0.9146 test_loss=0.7648 test_acc=0.7345
Round 294 | selected=[53, 20, 28, 31, 66, 22, 69, 71, 65, 57]
Round 294 | train_loss=0.2622 train_acc=0.9214 test_loss=0.7368 test_acc=0.7546
Round 295 | selected=[79, 61, 90, 20, 7, 75, 35, 84, 51, 55]
Round 295 | train_loss=0.2823 train_acc=0.9172 test_loss=0.7733 test_acc=0.7400
Round 296 | selected=[55, 32, 57, 11, 26, 5, 23, 41, 99, 62]
Round 296 | train_loss=0.2617 train_acc=0.9118 test_loss=0.7524 test_acc=0.7585
Round 297 | selected=[28, 63, 51, 46, 42, 18, 3, 38, 2, 54]
Round 297 | train_loss=0.3153 train_acc=0.9026 test_loss=0.7708 test_acc=0.7519
Round 298 | selected=[91, 82, 61, 95, 73, 99, 93, 56, 5, 90]
Round 298 | train_loss=0.2620 train_acc=0.9248 test_loss=0.8214 test_acc=0.7139
Round 299 | selected=[19, 34, 78, 50, 73, 67, 41, 43, 79, 64]
Round 299 | train_loss=0.2826 train_acc=0.9118 test_loss=0.8234 test_acc=0.7047
Round 300 | selected=[20, 23, 40, 51, 37, 71, 41, 35, 74, 72]
Round 300 | train_loss=0.2698 train_acc=0.9168 test_loss=0.7568 test_acc=0.7361
Round 301 | selected=[34, 31, 39, 56, 75, 78, 29, 40, 53, 25]
Round 301 | train_loss=0.2449 train_acc=0.9280 test_loss=0.8109 test_acc=0.7169
Round 302 | selected=[99, 90, 10, 30, 64, 38, 20, 41, 51, 49]
Round 302 | train_loss=0.3169 train_acc=0.8982 test_loss=0.9318 test_acc=0.6773
Round 303 | selected=[69, 58, 84, 43, 1, 20, 42, 97, 3, 24]
Round 303 | train_loss=0.2452 train_acc=0.9214 test_loss=0.9562 test_acc=0.6809
Round 304 | selected=[99, 30, 18, 48, 9, 49, 0, 54, 15, 11]
Round 304 | train_loss=0.2937 train_acc=0.9134 test_loss=0.7757 test_acc=0.7300
Round 305 | selected=[11, 56, 65, 9, 36, 96, 61, 18, 14, 85]
Round 305 | train_loss=0.3366 train_acc=0.8956 test_loss=0.7389 test_acc=0.7321
Round 306 | selected=[39, 30, 18, 11, 37, 57, 92, 42, 52, 79]
Round 306 | train_loss=0.2557 train_acc=0.9252 test_loss=0.8598 test_acc=0.6827
Round 307 | selected=[59, 86, 14, 69, 37, 53, 98, 5, 94, 54]
Round 307 | train_loss=0.2800 train_acc=0.9070 test_loss=0.8910 test_acc=0.6694
Round 308 | selected=[79, 98, 26, 68, 82, 3, 55, 23, 76, 22]
Round 308 | train_loss=0.2662 train_acc=0.9194 test_loss=0.9058 test_acc=0.6912
Round 309 | selected=[23, 50, 38, 33, 59, 45, 55, 68, 62, 35]
Round 309 | train_loss=0.2132 train_acc=0.9328 test_loss=0.9310 test_acc=0.6973
Round 310 | selected=[29, 66, 1, 23, 87, 8, 42, 67, 64, 15]
Round 310 | train_loss=0.2881 train_acc=0.9134 test_loss=0.7715 test_acc=0.7457
Round 311 | selected=[51, 30, 11, 2, 93, 64, 76, 67, 38, 87]
Round 311 | train_loss=0.2531 train_acc=0.9204 test_loss=0.7444 test_acc=0.7451
Round 312 | selected=[64, 24, 31, 47, 97, 50, 14, 1, 18, 68]
Round 312 | train_loss=0.2584 train_acc=0.9242 test_loss=0.7928 test_acc=0.7262
Round 313 | selected=[32, 27, 10, 30, 81, 15, 51, 86, 23, 57]
Round 313 | train_loss=0.3577 train_acc=0.8762 test_loss=0.8400 test_acc=0.6777
Round 314 | selected=[70, 84, 47, 63, 77, 37, 86, 21, 18, 66]
Round 314 | train_loss=0.3611 train_acc=0.8810 test_loss=0.7848 test_acc=0.7028
Round 315 | selected=[5, 65, 17, 48, 23, 6, 70, 95, 55, 54]
Round 315 | train_loss=0.2561 train_acc=0.9258 test_loss=0.7350 test_acc=0.7309
Round 316 | selected=[45, 13, 84, 53, 81, 28, 4, 64, 80, 51]
Round 316 | train_loss=0.2582 train_acc=0.9154 test_loss=0.6941 test_acc=0.7575
Round 317 | selected=[58, 75, 38, 22, 70, 6, 65, 26, 42, 8]
Round 317 | train_loss=0.2412 train_acc=0.9292 test_loss=0.7668 test_acc=0.7303
Round 318 | selected=[27, 42, 50, 85, 98, 44, 66, 80, 70, 76]
Round 318 | train_loss=0.2391 train_acc=0.9304 test_loss=0.7726 test_acc=0.7236
Round 319 | selected=[10, 54, 68, 41, 14, 31, 30, 16, 55, 44]
Round 319 | train_loss=0.3290 train_acc=0.8894 test_loss=0.7748 test_acc=0.7294
Round 320 | selected=[35, 5, 12, 36, 34, 71, 97, 24, 22, 14]
Round 320 | train_loss=0.2404 train_acc=0.9338 test_loss=0.8102 test_acc=0.7042
Round 321 | selected=[81, 73, 63, 74, 43, 97, 86, 34, 38, 21]
Round 321 | train_loss=0.3530 train_acc=0.8786 test_loss=0.9190 test_acc=0.6715
Round 322 | selected=[19, 79, 82, 9, 22, 60, 77, 45, 2, 62]
Round 322 | train_loss=0.2607 train_acc=0.9206 test_loss=0.9376 test_acc=0.6666
Round 323 | selected=[24, 13, 23, 76, 21, 42, 16, 45, 88, 56]
Round 323 | train_loss=0.2761 train_acc=0.9140 test_loss=0.7971 test_acc=0.7212
Round 324 | selected=[41, 1, 53, 6, 29, 50, 80, 93, 66, 97]
Round 324 | train_loss=0.2688 train_acc=0.9140 test_loss=0.8023 test_acc=0.7060
Round 325 | selected=[22, 71, 7, 24, 56, 65, 21, 96, 11, 25]
Round 325 | train_loss=0.2905 train_acc=0.9068 test_loss=0.8595 test_acc=0.6810
Round 326 | selected=[68, 37, 17, 84, 87, 50, 41, 16, 75, 90]
Round 326 | train_loss=0.2636 train_acc=0.9074 test_loss=0.7923 test_acc=0.7259
Round 327 | selected=[15, 91, 57, 19, 24, 35, 93, 16, 21, 29]
Round 327 | train_loss=0.2519 train_acc=0.9206 test_loss=0.7801 test_acc=0.7287
Round 328 | selected=[90, 68, 27, 65, 30, 29, 17, 2, 41, 60]
Round 328 | train_loss=0.2478 train_acc=0.9208 test_loss=0.8885 test_acc=0.6874
Round 329 | selected=[25, 14, 63, 13, 26, 77, 64, 96, 70, 16]
Round 329 | train_loss=0.3274 train_acc=0.8880 test_loss=0.8806 test_acc=0.6891
Round 330 | selected=[93, 25, 99, 59, 66, 17, 23, 71, 50, 12]
Round 330 | train_loss=0.2132 train_acc=0.9320 test_loss=0.8076 test_acc=0.7154
Round 331 | selected=[6, 5, 79, 37, 76, 3, 70, 94, 53, 46]
Round 331 | train_loss=0.2630 train_acc=0.9224 test_loss=0.7395 test_acc=0.7382
Round 332 | selected=[6, 14, 59, 69, 96, 84, 29, 75, 3, 37]
Round 332 | train_loss=0.2204 train_acc=0.9288 test_loss=0.8141 test_acc=0.7269
Round 333 | selected=[17, 77, 6, 31, 91, 36, 5, 82, 44, 4]
Round 333 | train_loss=0.3215 train_acc=0.9028 test_loss=0.8854 test_acc=0.6918
Round 334 | selected=[18, 7, 54, 9, 6, 22, 55, 94, 97, 65]
Round 334 | train_loss=0.2195 train_acc=0.9350 test_loss=0.8970 test_acc=0.6910
Round 335 | selected=[44, 90, 84, 3, 32, 36, 63, 73, 50, 12]
Round 335 | train_loss=0.2378 train_acc=0.9292 test_loss=0.8348 test_acc=0.7199
Round 336 | selected=[16, 2, 7, 44, 95, 92, 5, 14, 75, 71]
Round 336 | train_loss=0.2588 train_acc=0.9134 test_loss=0.7249 test_acc=0.7497
Round 337 | selected=[73, 25, 55, 45, 38, 65, 50, 20, 22, 62]
Round 337 | train_loss=0.1604 train_acc=0.9532 test_loss=0.7899 test_acc=0.7123
Round 338 | selected=[41, 69, 90, 50, 61, 97, 74, 8, 85, 83]
Round 338 | train_loss=0.2821 train_acc=0.9200 test_loss=0.7499 test_acc=0.7243
Round 339 | selected=[99, 56, 84, 65, 64, 14, 15, 92, 74, 90]
Round 339 | train_loss=0.2083 train_acc=0.9384 test_loss=0.7354 test_acc=0.7303
Round 340 | selected=[67, 24, 72, 75, 18, 49, 3, 27, 78, 13]
Round 340 | train_loss=0.1596 train_acc=0.9528 test_loss=0.8544 test_acc=0.7011
Round 341 | selected=[9, 22, 12, 16, 49, 50, 35, 10, 40, 15]
Round 341 | train_loss=0.2234 train_acc=0.9294 test_loss=0.8075 test_acc=0.7181
Round 342 | selected=[29, 68, 98, 88, 13, 89, 83, 53, 77, 60]
Round 342 | train_loss=0.2591 train_acc=0.9210 test_loss=0.7141 test_acc=0.7424
Round 343 | selected=[43, 26, 48, 91, 99, 93, 53, 11, 27, 40]
Round 343 | train_loss=0.1532 train_acc=0.9564 test_loss=0.7548 test_acc=0.7263
Round 344 | selected=[0, 15, 1, 67, 98, 17, 51, 3, 29, 7]
Round 344 | train_loss=0.2533 train_acc=0.9272 test_loss=0.6956 test_acc=0.7549
Round 345 | selected=[30, 92, 87, 31, 17, 13, 58, 89, 64, 96]
Round 345 | train_loss=0.3012 train_acc=0.8994 test_loss=0.7163 test_acc=0.7421
Round 346 | selected=[89, 60, 46, 99, 9, 64, 13, 3, 48, 30]
Round 346 | train_loss=0.1842 train_acc=0.9474 test_loss=0.7751 test_acc=0.7320
Round 347 | selected=[61, 44, 72, 12, 3, 38, 8, 94, 41, 34]
Round 347 | train_loss=0.2466 train_acc=0.9224 test_loss=0.7359 test_acc=0.7414
Round 348 | selected=[47, 93, 88, 13, 68, 12, 2, 46, 45, 81]
Round 348 | train_loss=0.2451 train_acc=0.9138 test_loss=0.7595 test_acc=0.7371
Round 349 | selected=[57, 19, 83, 5, 31, 7, 2, 44, 93, 11]
Round 349 | train_loss=0.2931 train_acc=0.9122 test_loss=0.7048 test_acc=0.7492
Round 350 | selected=[8, 68, 17, 77, 32, 9, 95, 81, 30, 5]
Round 350 | train_loss=0.1954 train_acc=0.9426 test_loss=0.6883 test_acc=0.7604
Round 351 | selected=[96, 86, 49, 81, 22, 8, 77, 38, 57, 18]
Round 351 | train_loss=0.2820 train_acc=0.9046 test_loss=0.6916 test_acc=0.7677
Round 352 | selected=[85, 79, 31, 33, 28, 49, 90, 32, 17, 54]
Round 352 | train_loss=0.2401 train_acc=0.9218 test_loss=0.6815 test_acc=0.7705
Round 353 | selected=[46, 41, 78, 76, 13, 87, 63, 57, 77, 93]
Round 353 | train_loss=0.3050 train_acc=0.9024 test_loss=0.6901 test_acc=0.7636
Round 354 | selected=[46, 28, 33, 91, 29, 47, 56, 54, 18, 96]
Round 354 | train_loss=0.3021 train_acc=0.9056 test_loss=0.7057 test_acc=0.7552
Round 355 | selected=[56, 32, 31, 68, 65, 78, 64, 11, 54, 29]
Round 355 | train_loss=0.2139 train_acc=0.9322 test_loss=0.6737 test_acc=0.7652
Round 356 | selected=[41, 59, 98, 1, 77, 69, 15, 34, 48, 65]
Round 356 | train_loss=0.2889 train_acc=0.9050 test_loss=0.7167 test_acc=0.7429
Round 357 | selected=[67, 61, 19, 54, 84, 43, 52, 49, 95, 99]
Round 357 | train_loss=0.1393 train_acc=0.9572 test_loss=0.7951 test_acc=0.7198
Round 358 | selected=[22, 91, 61, 23, 90, 2, 84, 85, 71, 63]
Round 358 | train_loss=0.1818 train_acc=0.9440 test_loss=0.8219 test_acc=0.7114
Round 359 | selected=[49, 4, 48, 80, 86, 87, 76, 40, 81, 47]
Round 359 | train_loss=0.2633 train_acc=0.9168 test_loss=0.7364 test_acc=0.7490
Round 360 | selected=[61, 91, 51, 5, 29, 46, 59, 48, 50, 12]
Round 360 | train_loss=0.1628 train_acc=0.9510 test_loss=0.6871 test_acc=0.7711
Round 361 | selected=[79, 10, 15, 46, 34, 39, 25, 63, 94, 32]
Round 361 | train_loss=0.2203 train_acc=0.9332 test_loss=0.6820 test_acc=0.7724
Round 362 | selected=[43, 99, 16, 86, 52, 24, 95, 94, 66, 74]
Round 362 | train_loss=0.2202 train_acc=0.9270 test_loss=0.6628 test_acc=0.7802
Round 363 | selected=[87, 18, 72, 4, 24, 54, 29, 36, 3, 91]
Round 363 | train_loss=0.2141 train_acc=0.9390 test_loss=0.6489 test_acc=0.7825
Round 364 | selected=[76, 78, 99, 3, 0, 54, 65, 62, 86, 29]
Round 364 | train_loss=0.1807 train_acc=0.9470 test_loss=0.6469 test_acc=0.7834
Round 365 | selected=[34, 24, 1, 45, 0, 2, 77, 43, 7, 74]
Round 365 | train_loss=0.2129 train_acc=0.9348 test_loss=0.7716 test_acc=0.7341
Round 366 | selected=[27, 98, 42, 44, 79, 49, 28, 74, 91, 78]
Round 366 | train_loss=0.1756 train_acc=0.9484 test_loss=0.8330 test_acc=0.7019
Round 367 | selected=[83, 27, 16, 70, 54, 96, 87, 33, 43, 39]
Round 367 | train_loss=0.2795 train_acc=0.9134 test_loss=0.7057 test_acc=0.7440
Round 368 | selected=[59, 69, 19, 99, 28, 97, 74, 48, 58, 61]
Round 368 | train_loss=0.1798 train_acc=0.9384 test_loss=0.7839 test_acc=0.7027
Round 369 | selected=[65, 40, 69, 32, 89, 83, 21, 71, 37, 41]
Round 369 | train_loss=0.2255 train_acc=0.9286 test_loss=0.7409 test_acc=0.7324
Round 370 | selected=[66, 46, 76, 40, 68, 45, 51, 27, 58, 99]
Round 370 | train_loss=0.2121 train_acc=0.9310 test_loss=0.6685 test_acc=0.7642
Round 371 | selected=[53, 57, 69, 85, 81, 76, 6, 98, 80, 16]
Round 371 | train_loss=0.2019 train_acc=0.9362 test_loss=0.6618 test_acc=0.7692
Round 372 | selected=[63, 40, 82, 91, 89, 37, 14, 46, 96, 10]
Round 372 | train_loss=0.2483 train_acc=0.9198 test_loss=0.6190 test_acc=0.7866
Round 373 | selected=[64, 57, 74, 21, 58, 94, 69, 80, 15, 27]
Round 373 | train_loss=0.2048 train_acc=0.9302 test_loss=0.5870 test_acc=0.7937
Round 374 | selected=[16, 44, 20, 98, 95, 40, 61, 46, 30, 12]
Round 374 | train_loss=0.1802 train_acc=0.9438 test_loss=0.6261 test_acc=0.7715
Round 375 | selected=[3, 13, 47, 26, 53, 91, 48, 27, 92, 76]
Round 375 | train_loss=0.1795 train_acc=0.9402 test_loss=0.7112 test_acc=0.7419
Round 376 | selected=[85, 1, 17, 27, 82, 77, 81, 78, 30, 92]
Round 376 | train_loss=0.2147 train_acc=0.9316 test_loss=0.7586 test_acc=0.7323
Round 377 | selected=[41, 28, 13, 99, 58, 21, 37, 30, 82, 26]
Round 377 | train_loss=0.2281 train_acc=0.9204 test_loss=0.7479 test_acc=0.7399
Round 378 | selected=[72, 37, 97, 88, 79, 68, 38, 99, 57, 55]
Round 378 | train_loss=0.1622 train_acc=0.9522 test_loss=0.7161 test_acc=0.7547
Round 379 | selected=[75, 21, 47, 5, 44, 30, 25, 99, 4, 8]
Round 379 | train_loss=0.1896 train_acc=0.9414 test_loss=0.6672 test_acc=0.7681
Round 380 | selected=[94, 12, 92, 77, 0, 21, 43, 24, 47, 26]
Round 380 | train_loss=0.1520 train_acc=0.9554 test_loss=0.6674 test_acc=0.7650
Round 381 | selected=[60, 99, 49, 87, 32, 90, 37, 30, 1, 59]
Round 381 | train_loss=0.1497 train_acc=0.9554 test_loss=0.7613 test_acc=0.7089
Round 382 | selected=[87, 14, 82, 57, 46, 40, 69, 26, 23, 43]
Round 382 | train_loss=0.1723 train_acc=0.9490 test_loss=0.7017 test_acc=0.7507
Round 383 | selected=[17, 58, 76, 50, 41, 10, 13, 18, 92, 71]
Round 383 | train_loss=0.2349 train_acc=0.9220 test_loss=0.6371 test_acc=0.7791
Round 384 | selected=[80, 49, 11, 68, 65, 2, 26, 73, 60, 46]
Round 384 | train_loss=0.1481 train_acc=0.9568 test_loss=0.6715 test_acc=0.7588
Round 385 | selected=[80, 90, 72, 20, 24, 30, 40, 91, 22, 28]
Round 385 | train_loss=0.1504 train_acc=0.9564 test_loss=0.7304 test_acc=0.7350
Round 386 | selected=[20, 37, 50, 5, 89, 62, 47, 21, 81, 98]
Round 386 | train_loss=0.1665 train_acc=0.9480 test_loss=0.7012 test_acc=0.7492
Round 387 | selected=[11, 61, 85, 10, 35, 55, 83, 30, 90, 97]
Round 387 | train_loss=0.1494 train_acc=0.9598 test_loss=0.7205 test_acc=0.7458
Round 388 | selected=[0, 6, 5, 26, 29, 53, 84, 28, 73, 85]
Round 388 | train_loss=0.1415 train_acc=0.9570 test_loss=0.6830 test_acc=0.7613
Round 389 | selected=[89, 32, 67, 33, 3, 37, 54, 57, 59, 34]
Round 389 | train_loss=0.1922 train_acc=0.9354 test_loss=0.6331 test_acc=0.7801
Round 390 | selected=[46, 74, 3, 2, 4, 55, 27, 26, 38, 42]
Round 390 | train_loss=0.1339 train_acc=0.9606 test_loss=0.7727 test_acc=0.7356
Round 391 | selected=[7, 87, 31, 61, 22, 79, 64, 14, 73, 43]
Round 391 | train_loss=0.1958 train_acc=0.9382 test_loss=0.7964 test_acc=0.7295
Round 392 | selected=[98, 92, 77, 58, 79, 96, 35, 39, 82, 69]
Round 392 | train_loss=0.2181 train_acc=0.9258 test_loss=0.7214 test_acc=0.7563
Round 393 | selected=[65, 72, 93, 92, 24, 70, 55, 81, 58, 75]
Round 393 | train_loss=0.1272 train_acc=0.9590 test_loss=0.7524 test_acc=0.7322
Round 394 | selected=[24, 21, 71, 52, 15, 83, 92, 68, 95, 46]
Round 394 | train_loss=0.1518 train_acc=0.9590 test_loss=0.7238 test_acc=0.7337
Round 395 | selected=[87, 8, 19, 85, 73, 68, 46, 10, 1, 24]
Round 395 | train_loss=0.1798 train_acc=0.9462 test_loss=0.7805 test_acc=0.7190
Round 396 | selected=[28, 44, 33, 59, 35, 25, 14, 47, 41, 69]
Round 396 | train_loss=0.1932 train_acc=0.9318 test_loss=0.7702 test_acc=0.7255
Round 397 | selected=[5, 36, 41, 51, 82, 77, 76, 8, 23, 29]
Round 397 | train_loss=0.2372 train_acc=0.9286 test_loss=0.7344 test_acc=0.7407
Round 398 | selected=[63, 76, 36, 62, 49, 77, 48, 87, 45, 34]
Round 398 | train_loss=0.1891 train_acc=0.9464 test_loss=0.6757 test_acc=0.7599
Round 399 | selected=[51, 34, 87, 26, 92, 21, 44, 39, 68, 76]
Round 399 | train_loss=0.1284 train_acc=0.9646 test_loss=0.6764 test_acc=0.7637
Round 400 | selected=[9, 30, 20, 63, 11, 55, 0, 79, 2, 14]
Round 400 | train_loss=0.1757 train_acc=0.9466 test_loss=0.7118 test_acc=0.7460
Round 401 | selected=[27, 2, 29, 25, 17, 49, 7, 19, 1, 11]
Round 401 | train_loss=0.1707 train_acc=0.9452 test_loss=0.7099 test_acc=0.7497
Round 402 | selected=[84, 21, 71, 86, 72, 6, 54, 79, 52, 13]
Round 402 | train_loss=0.2222 train_acc=0.9342 test_loss=0.7031 test_acc=0.7490
Round 403 | selected=[52, 39, 55, 72, 3, 77, 93, 58, 10, 60]
Round 403 | train_loss=0.1747 train_acc=0.9402 test_loss=0.6396 test_acc=0.7796
Round 404 | selected=[58, 60, 56, 40, 57, 76, 85, 98, 92, 45]
Round 404 | train_loss=0.1596 train_acc=0.9484 test_loss=0.6781 test_acc=0.7619
Round 405 | selected=[62, 26, 33, 73, 40, 50, 83, 99, 65, 69]
Round 405 | train_loss=0.1727 train_acc=0.9512 test_loss=0.6048 test_acc=0.8006
Round 406 | selected=[50, 21, 26, 64, 47, 41, 27, 93, 49, 6]
Round 406 | train_loss=0.1662 train_acc=0.9480 test_loss=0.6011 test_acc=0.7999
Round 407 | selected=[7, 66, 46, 2, 41, 40, 62, 13, 1, 80]
Round 407 | train_loss=0.2158 train_acc=0.9308 test_loss=0.6026 test_acc=0.7877
Round 408 | selected=[58, 45, 36, 15, 84, 13, 64, 51, 0, 23]
Round 408 | train_loss=0.1604 train_acc=0.9488 test_loss=0.6190 test_acc=0.7813
Round 409 | selected=[41, 18, 79, 0, 14, 71, 13, 89, 35, 1]
Round 409 | train_loss=0.2302 train_acc=0.9228 test_loss=0.6083 test_acc=0.7929
Round 410 | selected=[3, 51, 80, 91, 25, 90, 8, 79, 41, 53]
Round 410 | train_loss=0.1520 train_acc=0.9528 test_loss=0.7097 test_acc=0.7552
Round 411 | selected=[69, 84, 54, 86, 29, 19, 13, 38, 57, 3]
Round 411 | train_loss=0.1920 train_acc=0.9332 test_loss=0.6425 test_acc=0.7821
Round 412 | selected=[69, 44, 85, 9, 51, 62, 34, 77, 46, 54]
Round 412 | train_loss=0.1353 train_acc=0.9618 test_loss=0.6493 test_acc=0.7805
Round 413 | selected=[16, 66, 89, 50, 38, 49, 36, 98, 28, 53]
Round 413 | train_loss=0.1895 train_acc=0.9450 test_loss=0.6754 test_acc=0.7652
Round 414 | selected=[52, 9, 82, 19, 23, 29, 53, 73, 83, 6]
Round 414 | train_loss=0.1634 train_acc=0.9504 test_loss=0.6647 test_acc=0.7749
Round 415 | selected=[25, 3, 28, 46, 33, 56, 63, 43, 64, 6]
Round 415 | train_loss=0.1849 train_acc=0.9414 test_loss=0.5996 test_acc=0.7978
Round 416 | selected=[16, 56, 78, 85, 74, 29, 20, 98, 31, 17]
Round 416 | train_loss=0.1702 train_acc=0.9422 test_loss=0.5933 test_acc=0.7903
Round 417 | selected=[69, 67, 58, 10, 98, 4, 57, 6, 19, 86]
Round 417 | train_loss=0.1865 train_acc=0.9346 test_loss=0.5707 test_acc=0.7983
Round 418 | selected=[93, 8, 33, 42, 11, 64, 32, 91, 89, 26]
Round 418 | train_loss=0.1176 train_acc=0.9652 test_loss=0.5841 test_acc=0.7909
Round 419 | selected=[7, 56, 13, 49, 92, 68, 61, 18, 52, 20]
Round 419 | train_loss=0.1737 train_acc=0.9488 test_loss=0.5711 test_acc=0.8007
Round 420 | selected=[55, 20, 0, 36, 22, 41, 21, 54, 4, 7]
Round 420 | train_loss=0.2144 train_acc=0.9332 test_loss=0.6243 test_acc=0.7805
Round 421 | selected=[39, 81, 90, 68, 23, 31, 0, 7, 80, 50]
Round 421 | train_loss=0.1510 train_acc=0.9526 test_loss=0.7098 test_acc=0.7498
Round 422 | selected=[23, 33, 40, 82, 25, 66, 16, 59, 30, 90]
Round 422 | train_loss=0.2094 train_acc=0.9288 test_loss=0.7104 test_acc=0.7495
Round 423 | selected=[22, 91, 4, 54, 56, 18, 24, 26, 16, 94]
Round 423 | train_loss=0.1611 train_acc=0.9524 test_loss=0.7061 test_acc=0.7511
Round 424 | selected=[7, 40, 84, 21, 67, 94, 29, 31, 18, 42]
Round 424 | train_loss=0.1296 train_acc=0.9664 test_loss=0.6139 test_acc=0.7885
Round 425 | selected=[85, 76, 49, 64, 44, 34, 54, 17, 37, 60]
Round 425 | train_loss=0.1187 train_acc=0.9706 test_loss=0.6199 test_acc=0.7811
Round 426 | selected=[78, 77, 3, 69, 74, 35, 85, 50, 42, 48]
Round 426 | train_loss=0.1057 train_acc=0.9712 test_loss=0.7234 test_acc=0.7496
Round 427 | selected=[68, 31, 92, 66, 17, 42, 93, 34, 7, 24]
Round 427 | train_loss=0.1345 train_acc=0.9604 test_loss=0.8014 test_acc=0.7236
Round 428 | selected=[88, 37, 40, 26, 74, 95, 11, 28, 77, 47]
Round 428 | train_loss=0.1415 train_acc=0.9538 test_loss=0.6554 test_acc=0.7656
Round 429 | selected=[85, 25, 65, 17, 59, 76, 68, 39, 87, 77]
Round 429 | train_loss=0.1002 train_acc=0.9726 test_loss=0.7353 test_acc=0.7406
Round 430 | selected=[5, 15, 44, 40, 37, 54, 91, 60, 16, 93]
Round 430 | train_loss=0.1487 train_acc=0.9544 test_loss=0.6452 test_acc=0.7743
Round 431 | selected=[14, 27, 66, 84, 17, 50, 7, 59, 80, 2]
Round 431 | train_loss=0.1527 train_acc=0.9534 test_loss=0.6892 test_acc=0.7561
Round 432 | selected=[14, 19, 18, 60, 32, 67, 56, 30, 20, 51]
Round 432 | train_loss=0.1359 train_acc=0.9584 test_loss=0.6883 test_acc=0.7628
Round 433 | selected=[28, 83, 4, 68, 58, 8, 71, 62, 99, 91]
Round 433 | train_loss=0.1686 train_acc=0.9508 test_loss=0.6818 test_acc=0.7598
Round 434 | selected=[45, 57, 31, 34, 71, 83, 85, 96, 25, 29]
Round 434 | train_loss=0.1699 train_acc=0.9496 test_loss=0.6369 test_acc=0.7742
Round 435 | selected=[39, 36, 35, 79, 47, 93, 3, 58, 50, 14]
Round 435 | train_loss=0.1472 train_acc=0.9516 test_loss=0.6974 test_acc=0.7480
Round 436 | selected=[47, 12, 38, 7, 93, 48, 13, 33, 1, 49]
Round 436 | train_loss=0.1637 train_acc=0.9508 test_loss=0.7775 test_acc=0.7255
Round 437 | selected=[3, 48, 45, 25, 4, 99, 36, 5, 41, 72]
Round 437 | train_loss=0.1377 train_acc=0.9558 test_loss=0.8378 test_acc=0.6997
Round 438 | selected=[44, 68, 56, 5, 30, 40, 45, 0, 48, 41]
Round 438 | train_loss=0.1636 train_acc=0.9434 test_loss=0.6432 test_acc=0.7796
Round 439 | selected=[3, 80, 25, 30, 38, 15, 48, 24, 58, 62]
Round 439 | train_loss=0.1092 train_acc=0.9664 test_loss=0.6881 test_acc=0.7622
Round 440 | selected=[87, 18, 96, 65, 69, 12, 78, 94, 28, 24]
Round 440 | train_loss=0.1424 train_acc=0.9522 test_loss=0.7065 test_acc=0.7518
Round 441 | selected=[71, 66, 11, 83, 33, 48, 16, 67, 47, 91]
Round 441 | train_loss=0.1682 train_acc=0.9462 test_loss=0.6045 test_acc=0.7840
Round 442 | selected=[21, 59, 90, 38, 95, 44, 53, 68, 82, 7]
Round 442 | train_loss=0.1360 train_acc=0.9588 test_loss=0.6500 test_acc=0.7746
Round 443 | selected=[19, 98, 6, 63, 61, 9, 77, 10, 82, 81]
Round 443 | train_loss=0.1640 train_acc=0.9518 test_loss=0.7355 test_acc=0.7495
Round 444 | selected=[71, 6, 44, 18, 34, 26, 40, 66, 22, 68]
Round 444 | train_loss=0.1497 train_acc=0.9568 test_loss=0.6442 test_acc=0.7752
Round 445 | selected=[17, 95, 1, 23, 33, 64, 73, 29, 89, 44]
Round 445 | train_loss=0.1530 train_acc=0.9504 test_loss=0.6137 test_acc=0.7778
Round 446 | selected=[46, 3, 88, 71, 51, 16, 24, 94, 38, 67]
Round 446 | train_loss=0.1301 train_acc=0.9634 test_loss=0.6776 test_acc=0.7547
Round 447 | selected=[97, 42, 73, 82, 62, 61, 76, 50, 59, 79]
Round 447 | train_loss=0.1654 train_acc=0.9436 test_loss=0.6551 test_acc=0.7642
Round 448 | selected=[26, 18, 1, 57, 77, 96, 91, 33, 99, 28]
Round 448 | train_loss=0.1765 train_acc=0.9438 test_loss=0.7217 test_acc=0.7455
Round 449 | selected=[76, 89, 52, 91, 47, 57, 2, 43, 95, 27]
Round 449 | train_loss=0.1730 train_acc=0.9408 test_loss=0.7425 test_acc=0.7482
Round 450 | selected=[29, 39, 76, 53, 2, 74, 46, 93, 77, 50]
Round 450 | train_loss=0.1135 train_acc=0.9660 test_loss=0.6669 test_acc=0.7725
Round 451 | selected=[3, 86, 82, 89, 38, 58, 47, 28, 79, 70]
Round 451 | train_loss=0.2003 train_acc=0.9268 test_loss=0.6688 test_acc=0.7700
Round 452 | selected=[84, 90, 14, 86, 95, 56, 98, 81, 85, 20]
Round 452 | train_loss=0.1844 train_acc=0.9390 test_loss=0.6288 test_acc=0.7831
Round 453 | selected=[42, 19, 53, 47, 57, 74, 37, 98, 16, 38]
Round 453 | train_loss=0.1136 train_acc=0.9652 test_loss=0.6085 test_acc=0.7882
Round 454 | selected=[66, 1, 53, 17, 11, 19, 34, 37, 31, 77]
Round 454 | train_loss=0.1502 train_acc=0.9530 test_loss=0.6728 test_acc=0.7626
Round 455 | selected=[80, 78, 75, 59, 42, 0, 26, 43, 91, 71]
Round 455 | train_loss=0.0958 train_acc=0.9732 test_loss=0.8903 test_acc=0.7014
Round 456 | selected=[98, 5, 1, 56, 19, 85, 62, 53, 76, 31]
Round 456 | train_loss=0.1350 train_acc=0.9558 test_loss=0.8360 test_acc=0.7272
Round 457 | selected=[6, 81, 25, 80, 2, 97, 44, 65, 29, 1]
Round 457 | train_loss=0.1656 train_acc=0.9458 test_loss=0.6980 test_acc=0.7642
Round 458 | selected=[94, 11, 62, 70, 52, 7, 51, 99, 22, 33]
Round 458 | train_loss=0.1071 train_acc=0.9684 test_loss=0.7424 test_acc=0.7389
Round 459 | selected=[90, 6, 61, 4, 47, 87, 64, 55, 69, 23]
Round 459 | train_loss=0.1115 train_acc=0.9648 test_loss=0.6344 test_acc=0.7781
Round 460 | selected=[59, 94, 62, 22, 50, 97, 85, 73, 87, 69]
Round 460 | train_loss=0.1000 train_acc=0.9726 test_loss=0.6012 test_acc=0.7911
Round 461 | selected=[93, 8, 16, 59, 3, 38, 49, 11, 26, 81]
Round 461 | train_loss=0.1194 train_acc=0.9650 test_loss=0.6236 test_acc=0.7876
Round 462 | selected=[21, 28, 10, 2, 48, 88, 72, 97, 30, 46]
Round 462 | train_loss=0.1439 train_acc=0.9578 test_loss=0.7013 test_acc=0.7563
Round 463 | selected=[72, 97, 50, 53, 65, 25, 24, 11, 18, 13]
Round 463 | train_loss=0.0948 train_acc=0.9734 test_loss=0.8369 test_acc=0.7091
Round 464 | selected=[75, 14, 77, 74, 59, 49, 1, 63, 96, 72]
Round 464 | train_loss=0.1785 train_acc=0.9408 test_loss=0.7828 test_acc=0.7383
Round 465 | selected=[33, 74, 62, 46, 15, 5, 98, 35, 80, 70]
Round 465 | train_loss=0.1340 train_acc=0.9582 test_loss=0.6834 test_acc=0.7731
Round 466 | selected=[51, 1, 27, 48, 97, 63, 17, 26, 0, 29]
Round 466 | train_loss=0.1217 train_acc=0.9600 test_loss=0.6696 test_acc=0.7689
Round 467 | selected=[22, 2, 12, 90, 93, 27, 13, 51, 30, 79]
Round 467 | train_loss=0.1025 train_acc=0.9684 test_loss=0.6912 test_acc=0.7584
Round 468 | selected=[4, 27, 96, 75, 21, 33, 28, 44, 35, 29]
Round 468 | train_loss=0.1334 train_acc=0.9538 test_loss=0.7106 test_acc=0.7442
Round 469 | selected=[45, 62, 71, 35, 93, 84, 1, 27, 12, 53]
Round 469 | train_loss=0.0549 train_acc=0.9858 test_loss=0.7962 test_acc=0.7146
Round 470 | selected=[4, 30, 73, 69, 81, 62, 13, 63, 29, 55]
Round 470 | train_loss=0.1317 train_acc=0.9598 test_loss=0.7861 test_acc=0.7275
Round 471 | selected=[55, 96, 34, 63, 15, 23, 13, 97, 88, 78]
Round 471 | train_loss=0.1634 train_acc=0.9448 test_loss=0.7285 test_acc=0.7419
Round 472 | selected=[10, 45, 60, 86, 82, 63, 23, 34, 50, 42]
Round 472 | train_loss=0.1723 train_acc=0.9498 test_loss=0.5921 test_acc=0.7890
Round 473 | selected=[17, 79, 57, 36, 75, 74, 26, 28, 31, 10]
Round 473 | train_loss=0.1664 train_acc=0.9464 test_loss=0.5644 test_acc=0.8029
Round 474 | selected=[95, 33, 25, 0, 2, 21, 1, 46, 9, 48]
Round 474 | train_loss=0.1008 train_acc=0.9666 test_loss=0.5565 test_acc=0.8084
Round 475 | selected=[40, 38, 42, 18, 85, 43, 0, 71, 77, 12]
Round 475 | train_loss=0.0841 train_acc=0.9728 test_loss=0.6059 test_acc=0.7931
Round 476 | selected=[86, 10, 42, 79, 55, 89, 63, 29, 21, 11]
Round 476 | train_loss=0.1595 train_acc=0.9466 test_loss=0.5423 test_acc=0.8124
Round 477 | selected=[87, 54, 79, 39, 86, 70, 71, 4, 2, 72]
Round 477 | train_loss=0.1459 train_acc=0.9516 test_loss=0.5974 test_acc=0.7937
Round 478 | selected=[8, 11, 60, 56, 48, 28, 45, 2, 80, 96]
Round 478 | train_loss=0.1243 train_acc=0.9606 test_loss=0.7230 test_acc=0.7414
Round 479 | selected=[64, 38, 47, 14, 93, 17, 27, 2, 51, 34]
Round 479 | train_loss=0.1118 train_acc=0.9654 test_loss=0.6544 test_acc=0.7717
Round 480 | selected=[24, 63, 45, 6, 43, 0, 22, 65, 15, 33]
Round 480 | train_loss=0.0999 train_acc=0.9698 test_loss=0.8123 test_acc=0.7171
Round 481 | selected=[0, 22, 84, 92, 58, 91, 9, 79, 16, 26]
Round 481 | train_loss=0.1349 train_acc=0.9578 test_loss=0.5758 test_acc=0.8003
Round 482 | selected=[43, 8, 15, 52, 79, 83, 28, 46, 68, 36]
Round 482 | train_loss=0.1391 train_acc=0.9620 test_loss=0.6611 test_acc=0.7619
Round 483 | selected=[93, 73, 83, 6, 63, 53, 75, 62, 98, 91]
Round 483 | train_loss=0.1147 train_acc=0.9646 test_loss=0.7038 test_acc=0.7540
Round 484 | selected=[72, 3, 48, 95, 22, 83, 58, 16, 80, 82]
Round 484 | train_loss=0.1311 train_acc=0.9600 test_loss=0.6868 test_acc=0.7563
Round 485 | selected=[83, 63, 90, 98, 30, 32, 43, 1, 59, 37]
Round 485 | train_loss=0.1177 train_acc=0.9612 test_loss=0.8171 test_acc=0.7023
Round 486 | selected=[92, 19, 42, 30, 9, 66, 14, 93, 7, 83]
Round 486 | train_loss=0.1931 train_acc=0.9426 test_loss=0.6899 test_acc=0.7572
Round 487 | selected=[64, 61, 50, 51, 43, 41, 27, 93, 49, 21]
Round 487 | train_loss=0.1129 train_acc=0.9622 test_loss=0.6227 test_acc=0.7917
Round 488 | selected=[27, 77, 15, 35, 25, 80, 44, 30, 17, 18]
Round 488 | train_loss=0.1059 train_acc=0.9692 test_loss=0.6083 test_acc=0.7915
Round 489 | selected=[95, 96, 16, 20, 21, 6, 64, 54, 77, 31]
Round 489 | train_loss=0.1725 train_acc=0.9370 test_loss=0.6189 test_acc=0.7857
Round 490 | selected=[85, 99, 63, 72, 83, 90, 18, 30, 20, 45]
Round 490 | train_loss=0.1057 train_acc=0.9678 test_loss=0.5612 test_acc=0.8066
Round 491 | selected=[80, 10, 82, 72, 95, 15, 56, 44, 96, 37]
Round 491 | train_loss=0.1192 train_acc=0.9596 test_loss=0.6655 test_acc=0.7672
Round 492 | selected=[90, 86, 69, 52, 77, 38, 60, 9, 33, 37]
Round 492 | train_loss=0.1567 train_acc=0.9482 test_loss=0.6293 test_acc=0.7810
Round 493 | selected=[13, 94, 63, 60, 3, 69, 39, 10, 7, 12]
Round 493 | train_loss=0.1507 train_acc=0.9514 test_loss=0.6204 test_acc=0.7821
Round 494 | selected=[33, 97, 71, 42, 31, 92, 67, 2, 27, 44]
Round 494 | train_loss=0.0833 train_acc=0.9738 test_loss=0.6573 test_acc=0.7767
Round 495 | selected=[72, 40, 78, 37, 16, 47, 64, 97, 36, 39]
Round 495 | train_loss=0.1509 train_acc=0.9528 test_loss=0.5875 test_acc=0.7916
Round 496 | selected=[50, 28, 79, 8, 95, 34, 31, 80, 24, 12]
Round 496 | train_loss=0.0952 train_acc=0.9712 test_loss=0.5617 test_acc=0.7988
Round 497 | selected=[98, 34, 6, 56, 18, 40, 84, 23, 54, 41]
Round 497 | train_loss=0.1256 train_acc=0.9622 test_loss=0.5783 test_acc=0.7942
Round 498 | selected=[58, 75, 6, 68, 74, 90, 49, 71, 24, 33]
Round 498 | train_loss=0.0952 train_acc=0.9676 test_loss=0.6147 test_acc=0.7878
Round 499 | selected=[60, 22, 32, 74, 37, 11, 36, 84, 85, 89]
Round 499 | train_loss=0.0964 train_acc=0.9704 test_loss=0.5811 test_acc=0.7978
Round 500 | selected=[27, 22, 20, 35, 1, 54, 7, 42, 74, 19]
Round 500 | train_loss=0.0894 train_acc=0.9750 test_loss=0.6882 test_acc=0.7553
Saved: track1/results/cifar10/final_seed42/fedadam_alpha01_seed42.csv
COMPLETED: fedadam alpha01 seed=42
