===== JOB INFO =====
Job ID: 10769226
Node: nova22-gpu-5
Start time: Thu May 28 12:15:32 AM CDT 2026
Working dir: /lustre/hdd/LAS/jannesar-lab/aadishah/flower_bench/baselines/splitfed
===== PYTHON/FLWR INFO =====
/lustre/hdd/LAS/jannesar-lab/aadishah/flower_bench/baselines/splitfed/.venv_splitfed/bin/python
Python 3.9.21
/lustre/hdd/LAS/jannesar-lab/aadishah/flower_bench/baselines/splitfed/.venv_splitfed/bin/flwr
Flower version: 1.23.0
===== GPU INFO =====
Thu May 28 00:15:37 2026       
+-----------------------------------------------------------------------------------------+
| NVIDIA-SMI 580.159.04             Driver Version: 580.159.04     CUDA Version: 13.0     |
+-----------------------------------------+------------------------+----------------------+
| GPU  Name                 Persistence-M | Bus-Id          Disp.A | Volatile Uncorr. ECC |
| Fan  Temp   Perf          Pwr:Usage/Cap |           Memory-Usage | GPU-Util  Compute M. |
|                                         |                        |               MIG M. |
|=========================================+========================+======================|
|   0  NVIDIA A100 80GB PCIe          On  |   00000000:05:00.0 Off |                    0 |
| N/A   37C    P0             54W /  300W |       0MiB /  81920MiB |      0%      Default |
|                                         |                        |             Disabled |
+-----------------------------------------+------------------------+----------------------+

+-----------------------------------------------------------------------------------------+
| Processes:                                                                              |
|  GPU   GI   CI              PID   Type   Process name                        GPU Memory |
|        ID   ID                                                               Usage      |
|=========================================================================================|
|  No running processes found                                                             |
+-----------------------------------------------------------------------------------------+
===== CLEAN OLD RAY =====
===== STARTING SPLITFED BENCHMARK =====
Loading project configuration... 
Success
