WARNING: All log messages before absl::InitializeLog() is called are written to STDERR
E0000 00:00:1780505070.261235  337207 cuda_dnn.cc:8579] Unable to register cuDNN factory: Attempting to register factory for plugin cuDNN when one has already been registered
E0000 00:00:1780505070.333361  337207 cuda_blas.cc:1407] Unable to register cuBLAS factory: Attempting to register factory for plugin cuBLAS when one has already been registered
W0000 00:00:1780505070.794280  337207 computation_placer.cc:177] computation placer already registered. Please check linkage and avoid linking the same target more than once.
W0000 00:00:1780505070.794342  337207 computation_placer.cc:177] computation placer already registered. Please check linkage and avoid linking the same target more than once.
W0000 00:00:1780505070.794348  337207 computation_placer.cc:177] computation placer already registered. Please check linkage and avoid linking the same target more than once.
W0000 00:00:1780505070.794355  337207 computation_placer.cc:177] computation placer already registered. Please check linkage and avoid linking the same target more than once.
<string>:1: DeprecationWarning: pkg_resources is deprecated as an API. See https://setuptools.pypa.io/en/latest/pkg_resources.html
WARNING: All log messages before absl::InitializeLog() is called are written to STDERR
E0000 00:00:1780505094.597803  337347 cuda_dnn.cc:8579] Unable to register cuDNN factory: Attempting to register factory for plugin cuDNN when one has already been registered
E0000 00:00:1780505094.604061  337347 cuda_blas.cc:1407] Unable to register cuBLAS factory: Attempting to register factory for plugin cuBLAS when one has already been registered
W0000 00:00:1780505094.618828  337347 computation_placer.cc:177] computation placer already registered. Please check linkage and avoid linking the same target more than once.
W0000 00:00:1780505094.618902  337347 computation_placer.cc:177] computation placer already registered. Please check linkage and avoid linking the same target more than once.
W0000 00:00:1780505094.618909  337347 computation_placer.cc:177] computation placer already registered. Please check linkage and avoid linking the same target more than once.
W0000 00:00:1780505094.618915  337347 computation_placer.cc:177] computation placer already registered. Please check linkage and avoid linking the same target more than once.
/usr/lib64/python3.9/tarfile.py:2288: RuntimeWarning: The default behavior of tarfile extraction has been changed to disallow common exploits (including CVE-2007-4559). By default, absolute/parent paths are disallowed and some mode bits are cleared. See https://access.redhat.com/articles/7004769 for more details.
  warnings.warn(
INFO flwr 2026-06-03 11:45:02,787 | app.py:175 | Starting Flower simulation, config: ServerConfig(num_rounds=50, round_timeout=None)
2026-06-03 11:45:06,625	INFO worker.py:1621 -- Started a local Ray instance.
INFO flwr 2026-06-03 11:45:09,337 | app.py:210 | Flower VCE: Ray initialized with resources: {'object_store_memory': 157427960217.0, 'memory': 357331907175.0, 'node:__internal_head__': 1.0, 'CPU': 128.0, 'node:172.16.4.114': 1.0}
INFO flwr 2026-06-03 11:45:09,337 | app.py:224 | Flower VCE: Resources for each Virtual Client: {'num_cpus': 24, 'num_gpus': 0}
INFO flwr 2026-06-03 11:45:09,349 | app.py:270 | Flower VCE: Creating VirtualClientEngineActorPool with 5 actors
INFO flwr 2026-06-03 11:45:09,350 | server.py:89 | Initializing global parameters
INFO flwr 2026-06-03 11:45:09,350 | server.py:272 | Using initial parameters provided by strategy
INFO flwr 2026-06-03 11:45:09,350 | server.py:91 | Evaluating initial parameters
INFO flwr 2026-06-03 11:45:09,357 | server.py:104 | FL starting
DEBUG flwr 2026-06-03 11:45:09,357 | server.py:222 | fit_round 1: strategy sampled 10 clients (out of 100)
[2m[36m(pid=340517)[0m WARNING: All log messages before absl::InitializeLog() is called are written to STDERR
[2m[36m(pid=340517)[0m E0000 00:00:1780505110.385206  340517 cuda_dnn.cc:8579] Unable to register cuDNN factory: Attempting to register factory for plugin cuDNN when one has already been registered
[2m[36m(pid=340517)[0m E0000 00:00:1780505110.391787  340517 cuda_blas.cc:1407] Unable to register cuBLAS factory: Attempting to register factory for plugin cuBLAS when one has already been registered
[2m[36m(pid=340507)[0m WARNING: All log messages before absl::InitializeLog() is called are written to STDERR
[2m[36m(pid=340507)[0m E0000 00:00:1780505110.396334  340507 cuda_dnn.cc:8579] Unable to register cuDNN factory: Attempting to register factory for plugin cuDNN when one has already been registered
[2m[36m(pid=340507)[0m E0000 00:00:1780505110.402913  340507 cuda_blas.cc:1407] Unable to register cuBLAS factory: Attempting to register factory for plugin cuBLAS when one has already been registered
[2m[36m(pid=340507)[0m W0000 00:00:1780505110.418371  340507 computation_placer.cc:177] computation placer already registered. Please check linkage and avoid linking the same target more than once.
[2m[36m(pid=340507)[0m W0000 00:00:1780505110.418408  340507 computation_placer.cc:177] computation placer already registered. Please check linkage and avoid linking the same target more than once.
[2m[36m(pid=340507)[0m W0000 00:00:1780505110.418410  340507 computation_placer.cc:177] computation placer already registered. Please check linkage and avoid linking the same target more than once.
[2m[36m(pid=340507)[0m W0000 00:00:1780505110.418412  340507 computation_placer.cc:177] computation placer already registered. Please check linkage and avoid linking the same target more than once.
[2m[36m(pid=340517)[0m W0000 00:00:1780505110.407158  340517 computation_placer.cc:177] computation placer already registered. Please check linkage and avoid linking the same target more than once.
[2m[36m(pid=340517)[0m W0000 00:00:1780505110.407190  340517 computation_placer.cc:177] computation placer already registered. Please check linkage and avoid linking the same target more than once.
[2m[36m(pid=340517)[0m W0000 00:00:1780505110.407193  340517 computation_placer.cc:177] computation placer already registered. Please check linkage and avoid linking the same target more than once.
[2m[36m(pid=340517)[0m W0000 00:00:1780505110.407195  340517 computation_placer.cc:177] computation placer already registered. Please check linkage and avoid linking the same target more than once.
[2m[36m(pid=340505)[0m WARNING: All log messages before absl::InitializeLog() is called are written to STDERR
[2m[36m(pid=340505)[0m E0000 00:00:1780505110.457474  340505 cuda_dnn.cc:8579] Unable to register cuDNN factory: Attempting to register factory for plugin cuDNN when one has already been registered
[2m[36m(pid=340505)[0m E0000 00:00:1780505110.466887  340505 cuda_blas.cc:1407] Unable to register cuBLAS factory: Attempting to register factory for plugin cuBLAS when one has already been registered
[2m[36m(pid=340505)[0m W0000 00:00:1780505110.487334  340505 computation_placer.cc:177] computation placer already registered. Please check linkage and avoid linking the same target more than once.
[2m[36m(pid=340505)[0m W0000 00:00:1780505110.487402  340505 computation_placer.cc:177] computation placer already registered. Please check linkage and avoid linking the same target more than once.
[2m[36m(pid=340505)[0m W0000 00:00:1780505110.487405  340505 computation_placer.cc:177] computation placer already registered. Please check linkage and avoid linking the same target more than once.
[2m[36m(pid=340505)[0m W0000 00:00:1780505110.487408  340505 computation_placer.cc:177] computation placer already registered. Please check linkage and avoid linking the same target more than once.
[2m[36m(pid=340503)[0m WARNING: All log messages before absl::InitializeLog() is called are written to STDERR
[2m[36m(pid=340503)[0m E0000 00:00:1780505110.415275  340503 cuda_dnn.cc:8579] Unable to register cuDNN factory: Attempting to register factory for plugin cuDNN when one has already been registered
[2m[36m(pid=340503)[0m E0000 00:00:1780505110.422387  340503 cuda_blas.cc:1407] Unable to register cuBLAS factory: Attempting to register factory for plugin cuBLAS when one has already been registered
[2m[36m(pid=340503)[0m W0000 00:00:1780505110.440324  340503 computation_placer.cc:177] computation placer already registered. Please check linkage and avoid linking the same target more than once.
[2m[36m(pid=340503)[0m W0000 00:00:1780505110.440362  340503 computation_placer.cc:177] computation placer already registered. Please check linkage and avoid linking the same target more than once.
[2m[36m(pid=340503)[0m W0000 00:00:1780505110.440365  340503 computation_placer.cc:177] computation placer already registered. Please check linkage and avoid linking the same target more than once.
[2m[36m(pid=340503)[0m W0000 00:00:1780505110.440367  340503 computation_placer.cc:177] computation placer already registered. Please check linkage and avoid linking the same target more than once.
[2m[36m(pid=340519)[0m WARNING: All log messages before absl::InitializeLog() is called are written to STDERR
[2m[36m(pid=340519)[0m E0000 00:00:1780505110.424250  340519 cuda_dnn.cc:8579] Unable to register cuDNN factory: Attempting to register factory for plugin cuDNN when one has already been registered
[2m[36m(pid=340519)[0m E0000 00:00:1780505110.432013  340519 cuda_blas.cc:1407] Unable to register cuBLAS factory: Attempting to register factory for plugin cuBLAS when one has already been registered
[2m[36m(pid=340519)[0m W0000 00:00:1780505110.454078  340519 computation_placer.cc:177] computation placer already registered. Please check linkage and avoid linking the same target more than once.
[2m[36m(pid=340519)[0m W0000 00:00:1780505110.454143  340519 computation_placer.cc:177] computation placer already registered. Please check linkage and avoid linking the same target more than once.
[2m[36m(pid=340519)[0m W0000 00:00:1780505110.454146  340519 computation_placer.cc:177] computation placer already registered. Please check linkage and avoid linking the same target more than once.
[2m[36m(pid=340519)[0m W0000 00:00:1780505110.454150  340519 computation_placer.cc:177] computation placer already registered. Please check linkage and avoid linking the same target more than once.
DEBUG flwr 2026-06-03 11:46:26,913 | server.py:236 | fit_round 1 received 10 results and 0 failures
INFO flwr 2026-06-03 11:46:39,002 | server.py:125 | fit progress: (1, 2.546504259109497, {'accuracy': 0.10000000149011612}, 89.6447516749613)
INFO flwr 2026-06-03 11:46:39,002 | server.py:171 | evaluate_round 1: no clients selected, cancel
DEBUG flwr 2026-06-03 11:46:39,003 | server.py:222 | fit_round 2: strategy sampled 10 clients (out of 100)
DEBUG flwr 2026-06-03 11:47:51,982 | server.py:236 | fit_round 2 received 10 results and 0 failures
INFO flwr 2026-06-03 11:48:03,838 | server.py:125 | fit progress: (2, nan, {'accuracy': 0.10000000149011612}, 174.48136626905762)
INFO flwr 2026-06-03 11:48:03,839 | server.py:171 | evaluate_round 2: no clients selected, cancel
DEBUG flwr 2026-06-03 11:48:03,839 | server.py:222 | fit_round 3: strategy sampled 10 clients (out of 100)
DEBUG flwr 2026-06-03 11:49:16,496 | server.py:236 | fit_round 3 received 10 results and 0 failures
INFO flwr 2026-06-03 11:49:28,304 | server.py:125 | fit progress: (3, nan, {'accuracy': 0.10000000149011612}, 258.94732139003463)
INFO flwr 2026-06-03 11:49:28,304 | server.py:171 | evaluate_round 3: no clients selected, cancel
DEBUG flwr 2026-06-03 11:49:28,305 | server.py:222 | fit_round 4: strategy sampled 10 clients (out of 100)
DEBUG flwr 2026-06-03 11:50:41,201 | server.py:236 | fit_round 4 received 10 results and 0 failures
INFO flwr 2026-06-03 11:50:53,147 | server.py:125 | fit progress: (4, nan, {'accuracy': 0.10000000149011612}, 343.78982255398296)
INFO flwr 2026-06-03 11:50:53,147 | server.py:171 | evaluate_round 4: no clients selected, cancel
DEBUG flwr 2026-06-03 11:50:53,147 | server.py:222 | fit_round 5: strategy sampled 10 clients (out of 100)
DEBUG flwr 2026-06-03 11:52:05,050 | server.py:236 | fit_round 5 received 10 results and 0 failures
INFO flwr 2026-06-03 11:52:17,137 | server.py:125 | fit progress: (5, nan, {'accuracy': 0.10000000149011612}, 427.7799192999955)
INFO flwr 2026-06-03 11:52:17,137 | server.py:171 | evaluate_round 5: no clients selected, cancel
DEBUG flwr 2026-06-03 11:52:17,137 | server.py:222 | fit_round 6: strategy sampled 10 clients (out of 100)
DEBUG flwr 2026-06-03 11:53:29,539 | server.py:236 | fit_round 6 received 10 results and 0 failures
INFO flwr 2026-06-03 11:53:41,583 | server.py:125 | fit progress: (6, nan, {'accuracy': 0.10000000149011612}, 512.226261044154)
INFO flwr 2026-06-03 11:53:41,583 | server.py:171 | evaluate_round 6: no clients selected, cancel
DEBUG flwr 2026-06-03 11:53:41,584 | server.py:222 | fit_round 7: strategy sampled 10 clients (out of 100)
DEBUG flwr 2026-06-03 11:54:54,343 | server.py:236 | fit_round 7 received 10 results and 0 failures
INFO flwr 2026-06-03 11:55:06,805 | server.py:125 | fit progress: (7, 3.006667137145996, {'accuracy': 0.2053000032901764}, 597.4476628859993)
INFO flwr 2026-06-03 11:55:06,805 | server.py:171 | evaluate_round 7: no clients selected, cancel
DEBUG flwr 2026-06-03 11:55:06,805 | server.py:222 | fit_round 8: strategy sampled 10 clients (out of 100)
DEBUG flwr 2026-06-03 11:56:20,036 | server.py:236 | fit_round 8 received 10 results and 0 failures
INFO flwr 2026-06-03 11:56:31,992 | server.py:125 | fit progress: (8, 4.357338905334473, {'accuracy': 0.10279999673366547}, 682.6348033710383)
INFO flwr 2026-06-03 11:56:31,992 | server.py:171 | evaluate_round 8: no clients selected, cancel
DEBUG flwr 2026-06-03 11:56:31,992 | server.py:222 | fit_round 9: strategy sampled 10 clients (out of 100)
DEBUG flwr 2026-06-03 11:57:44,106 | server.py:236 | fit_round 9 received 10 results and 0 failures
INFO flwr 2026-06-03 11:57:56,435 | server.py:125 | fit progress: (9, 3.678156614303589, {'accuracy': 0.10000000149011612}, 767.077994852094)
INFO flwr 2026-06-03 11:57:56,435 | server.py:171 | evaluate_round 9: no clients selected, cancel
DEBUG flwr 2026-06-03 11:57:56,435 | server.py:222 | fit_round 10: strategy sampled 10 clients (out of 100)
DEBUG flwr 2026-06-03 11:59:08,888 | server.py:236 | fit_round 10 received 10 results and 0 failures
INFO flwr 2026-06-03 11:59:21,188 | server.py:125 | fit progress: (10, 3.9616987705230713, {'accuracy': 0.10010000318288803}, 851.831448571058)
INFO flwr 2026-06-03 11:59:21,189 | server.py:171 | evaluate_round 10: no clients selected, cancel
DEBUG flwr 2026-06-03 11:59:21,189 | server.py:222 | fit_round 11: strategy sampled 10 clients (out of 100)
DEBUG flwr 2026-06-03 12:00:33,745 | server.py:236 | fit_round 11 received 10 results and 0 failures
INFO flwr 2026-06-03 12:00:46,314 | server.py:125 | fit progress: (11, 3.0696051120758057, {'accuracy': 0.15449999272823334}, 936.9575573829934)
INFO flwr 2026-06-03 12:00:46,315 | server.py:171 | evaluate_round 11: no clients selected, cancel
DEBUG flwr 2026-06-03 12:00:46,315 | server.py:222 | fit_round 12: strategy sampled 10 clients (out of 100)
DEBUG flwr 2026-06-03 12:01:58,230 | server.py:236 | fit_round 12 received 10 results and 0 failures
INFO flwr 2026-06-03 12:02:10,765 | server.py:125 | fit progress: (12, 2.668013572692871, {'accuracy': 0.22910000383853912}, 1021.4080461550038)
INFO flwr 2026-06-03 12:02:10,765 | server.py:171 | evaluate_round 12: no clients selected, cancel
DEBUG flwr 2026-06-03 12:02:10,765 | server.py:222 | fit_round 13: strategy sampled 10 clients (out of 100)
DEBUG flwr 2026-06-03 12:03:22,799 | server.py:236 | fit_round 13 received 10 results and 0 failures
INFO flwr 2026-06-03 12:03:35,184 | server.py:125 | fit progress: (13, nan, {'accuracy': 0.10000000149011612}, 1105.827312543057)
INFO flwr 2026-06-03 12:03:35,185 | server.py:171 | evaluate_round 13: no clients selected, cancel
DEBUG flwr 2026-06-03 12:03:35,185 | server.py:222 | fit_round 14: strategy sampled 10 clients (out of 100)
DEBUG flwr 2026-06-03 12:04:47,266 | server.py:236 | fit_round 14 received 10 results and 0 failures
INFO flwr 2026-06-03 12:04:59,670 | server.py:125 | fit progress: (14, nan, {'accuracy': 0.10000000149011612}, 1190.3128991499543)
INFO flwr 2026-06-03 12:04:59,670 | server.py:171 | evaluate_round 14: no clients selected, cancel
DEBUG flwr 2026-06-03 12:04:59,670 | server.py:222 | fit_round 15: strategy sampled 10 clients (out of 100)
DEBUG flwr 2026-06-03 12:06:11,597 | server.py:236 | fit_round 15 received 10 results and 0 failures
INFO flwr 2026-06-03 12:06:23,977 | server.py:125 | fit progress: (15, nan, {'accuracy': 0.10000000149011612}, 1274.6201779551338)
INFO flwr 2026-06-03 12:06:23,977 | server.py:171 | evaluate_round 15: no clients selected, cancel
DEBUG flwr 2026-06-03 12:06:23,978 | server.py:222 | fit_round 16: strategy sampled 10 clients (out of 100)
DEBUG flwr 2026-06-03 12:07:35,825 | server.py:236 | fit_round 16 received 10 results and 0 failures
INFO flwr 2026-06-03 12:07:48,069 | server.py:125 | fit progress: (16, nan, {'accuracy': 0.10000000149011612}, 1358.7125388961285)
INFO flwr 2026-06-03 12:07:48,070 | server.py:171 | evaluate_round 16: no clients selected, cancel
DEBUG flwr 2026-06-03 12:07:48,070 | server.py:222 | fit_round 17: strategy sampled 10 clients (out of 100)
DEBUG flwr 2026-06-03 12:08:59,782 | server.py:236 | fit_round 17 received 10 results and 0 failures
INFO flwr 2026-06-03 12:09:12,048 | server.py:125 | fit progress: (17, 2.175579786300659, {'accuracy': 0.365200012922287}, 1442.6915885889903)
INFO flwr 2026-06-03 12:09:12,049 | server.py:171 | evaluate_round 17: no clients selected, cancel
DEBUG flwr 2026-06-03 12:09:12,049 | server.py:222 | fit_round 18: strategy sampled 10 clients (out of 100)
DEBUG flwr 2026-06-03 12:10:23,365 | server.py:236 | fit_round 18 received 10 results and 0 failures
INFO flwr 2026-06-03 12:10:35,871 | server.py:125 | fit progress: (18, 2.4111409187316895, {'accuracy': 0.3237000107765198}, 1526.5136502210516)
INFO flwr 2026-06-03 12:10:35,871 | server.py:171 | evaluate_round 18: no clients selected, cancel
DEBUG flwr 2026-06-03 12:10:35,871 | server.py:222 | fit_round 19: strategy sampled 10 clients (out of 100)
DEBUG flwr 2026-06-03 12:11:48,005 | server.py:236 | fit_round 19 received 10 results and 0 failures
INFO flwr 2026-06-03 12:12:00,432 | server.py:125 | fit progress: (19, 2.5866851806640625, {'accuracy': 0.23170000314712524}, 1611.0751949970145)
INFO flwr 2026-06-03 12:12:00,432 | server.py:171 | evaluate_round 19: no clients selected, cancel
DEBUG flwr 2026-06-03 12:12:00,433 | server.py:222 | fit_round 20: strategy sampled 10 clients (out of 100)
DEBUG flwr 2026-06-03 12:13:13,453 | server.py:236 | fit_round 20 received 10 results and 0 failures
INFO flwr 2026-06-03 12:13:25,714 | server.py:125 | fit progress: (20, 2.2089173793792725, {'accuracy': 0.35089999437332153}, 1696.3571033519693)
INFO flwr 2026-06-03 12:13:25,714 | server.py:171 | evaluate_round 20: no clients selected, cancel
DEBUG flwr 2026-06-03 12:13:25,715 | server.py:222 | fit_round 21: strategy sampled 10 clients (out of 100)
DEBUG flwr 2026-06-03 12:14:38,026 | server.py:236 | fit_round 21 received 10 results and 0 failures
INFO flwr 2026-06-03 12:14:50,623 | server.py:125 | fit progress: (21, 2.0537562370300293, {'accuracy': 0.36090001463890076}, 1781.266214112984)
INFO flwr 2026-06-03 12:14:50,623 | server.py:171 | evaluate_round 21: no clients selected, cancel
DEBUG flwr 2026-06-03 12:14:50,624 | server.py:222 | fit_round 22: strategy sampled 10 clients (out of 100)
DEBUG flwr 2026-06-03 12:16:04,460 | server.py:236 | fit_round 22 received 10 results and 0 failures
INFO flwr 2026-06-03 12:16:17,196 | server.py:125 | fit progress: (22, 2.069474935531616, {'accuracy': 0.4002000093460083}, 1867.8389797080308)
INFO flwr 2026-06-03 12:16:17,196 | server.py:171 | evaluate_round 22: no clients selected, cancel
DEBUG flwr 2026-06-03 12:16:17,197 | server.py:222 | fit_round 23: strategy sampled 10 clients (out of 100)
DEBUG flwr 2026-06-03 12:17:29,665 | server.py:236 | fit_round 23 received 10 results and 0 failures
INFO flwr 2026-06-03 12:17:41,811 | server.py:125 | fit progress: (23, 2.2191390991210938, {'accuracy': 0.3424000144004822}, 1952.4540774270426)
INFO flwr 2026-06-03 12:17:41,811 | server.py:171 | evaluate_round 23: no clients selected, cancel
DEBUG flwr 2026-06-03 12:17:41,812 | server.py:222 | fit_round 24: strategy sampled 10 clients (out of 100)
DEBUG flwr 2026-06-03 12:18:53,987 | server.py:236 | fit_round 24 received 10 results and 0 failures
INFO flwr 2026-06-03 12:19:06,672 | server.py:125 | fit progress: (24, 2.988892078399658, {'accuracy': 0.3125}, 2037.3154393869918)
INFO flwr 2026-06-03 12:19:06,673 | server.py:171 | evaluate_round 24: no clients selected, cancel
DEBUG flwr 2026-06-03 12:19:06,673 | server.py:222 | fit_round 25: strategy sampled 10 clients (out of 100)
DEBUG flwr 2026-06-03 12:20:17,963 | server.py:236 | fit_round 25 received 10 results and 0 failures
INFO flwr 2026-06-03 12:20:30,235 | server.py:125 | fit progress: (25, 1.9526734352111816, {'accuracy': 0.4343999922275543}, 2120.878420413006)
INFO flwr 2026-06-03 12:20:30,236 | server.py:171 | evaluate_round 25: no clients selected, cancel
DEBUG flwr 2026-06-03 12:20:30,236 | server.py:222 | fit_round 26: strategy sampled 10 clients (out of 100)
DEBUG flwr 2026-06-03 12:21:41,599 | server.py:236 | fit_round 26 received 10 results and 0 failures
INFO flwr 2026-06-03 12:21:54,054 | server.py:125 | fit progress: (26, 2.2588133811950684, {'accuracy': 0.31200000643730164}, 2204.696869394975)
INFO flwr 2026-06-03 12:21:54,054 | server.py:171 | evaluate_round 26: no clients selected, cancel
DEBUG flwr 2026-06-03 12:21:54,054 | server.py:222 | fit_round 27: strategy sampled 10 clients (out of 100)
DEBUG flwr 2026-06-03 12:23:05,450 | server.py:236 | fit_round 27 received 10 results and 0 failures
INFO flwr 2026-06-03 12:23:17,900 | server.py:125 | fit progress: (27, 1.966382384300232, {'accuracy': 0.3939000070095062}, 2288.5435114849824)
INFO flwr 2026-06-03 12:23:17,901 | server.py:171 | evaluate_round 27: no clients selected, cancel
DEBUG flwr 2026-06-03 12:23:17,901 | server.py:222 | fit_round 28: strategy sampled 10 clients (out of 100)
DEBUG flwr 2026-06-03 12:24:30,866 | server.py:236 | fit_round 28 received 10 results and 0 failures
INFO flwr 2026-06-03 12:24:43,595 | server.py:125 | fit progress: (28, 2.2027320861816406, {'accuracy': 0.3328999876976013}, 2374.2377728421707)
INFO flwr 2026-06-03 12:24:43,595 | server.py:171 | evaluate_round 28: no clients selected, cancel
DEBUG flwr 2026-06-03 12:24:43,595 | server.py:222 | fit_round 29: strategy sampled 10 clients (out of 100)
DEBUG flwr 2026-06-03 12:25:57,205 | server.py:236 | fit_round 29 received 10 results and 0 failures
INFO flwr 2026-06-03 12:26:09,744 | server.py:125 | fit progress: (29, 1.8446831703186035, {'accuracy': 0.4496999979019165}, 2460.3868666680064)
INFO flwr 2026-06-03 12:26:09,744 | server.py:171 | evaluate_round 29: no clients selected, cancel
DEBUG flwr 2026-06-03 12:26:09,744 | server.py:222 | fit_round 30: strategy sampled 10 clients (out of 100)
DEBUG flwr 2026-06-03 12:27:21,570 | server.py:236 | fit_round 30 received 10 results and 0 failures
INFO flwr 2026-06-03 12:27:33,976 | server.py:125 | fit progress: (30, 2.4235453605651855, {'accuracy': 0.32739999890327454}, 2544.618733385112)
INFO flwr 2026-06-03 12:27:33,976 | server.py:171 | evaluate_round 30: no clients selected, cancel
DEBUG flwr 2026-06-03 12:27:33,976 | server.py:222 | fit_round 31: strategy sampled 10 clients (out of 100)
DEBUG flwr 2026-06-03 12:28:45,545 | server.py:236 | fit_round 31 received 10 results and 0 failures
INFO flwr 2026-06-03 12:28:57,747 | server.py:125 | fit progress: (31, 2.352144479751587, {'accuracy': 0.3255000114440918}, 2628.3898929101415)
INFO flwr 2026-06-03 12:28:57,747 | server.py:171 | evaluate_round 31: no clients selected, cancel
DEBUG flwr 2026-06-03 12:28:57,747 | server.py:222 | fit_round 32: strategy sampled 10 clients (out of 100)
DEBUG flwr 2026-06-03 12:30:09,705 | server.py:236 | fit_round 32 received 10 results and 0 failures
INFO flwr 2026-06-03 12:30:22,414 | server.py:125 | fit progress: (32, 2.2967588901519775, {'accuracy': 0.3449000120162964}, 2713.056856523035)
INFO flwr 2026-06-03 12:30:22,414 | server.py:171 | evaluate_round 32: no clients selected, cancel
DEBUG flwr 2026-06-03 12:30:22,414 | server.py:222 | fit_round 33: strategy sampled 10 clients (out of 100)
DEBUG flwr 2026-06-03 12:31:34,616 | server.py:236 | fit_round 33 received 10 results and 0 failures
INFO flwr 2026-06-03 12:31:47,317 | server.py:125 | fit progress: (33, 1.8204230070114136, {'accuracy': 0.44449999928474426}, 2797.9596627419814)
INFO flwr 2026-06-03 12:31:47,317 | server.py:171 | evaluate_round 33: no clients selected, cancel
DEBUG flwr 2026-06-03 12:31:47,317 | server.py:222 | fit_round 34: strategy sampled 10 clients (out of 100)
DEBUG flwr 2026-06-03 12:32:59,509 | server.py:236 | fit_round 34 received 10 results and 0 failures
INFO flwr 2026-06-03 12:33:12,214 | server.py:125 | fit progress: (34, 2.3701391220092773, {'accuracy': 0.37059998512268066}, 2882.8574200691655)
INFO flwr 2026-06-03 12:33:12,215 | server.py:171 | evaluate_round 34: no clients selected, cancel
DEBUG flwr 2026-06-03 12:33:12,215 | server.py:222 | fit_round 35: strategy sampled 10 clients (out of 100)
DEBUG flwr 2026-06-03 12:34:24,503 | server.py:236 | fit_round 35 received 10 results and 0 failures
INFO flwr 2026-06-03 12:34:37,401 | server.py:125 | fit progress: (35, 2.8677308559417725, {'accuracy': 0.3481999933719635}, 2968.0437454660423)
INFO flwr 2026-06-03 12:34:37,401 | server.py:171 | evaluate_round 35: no clients selected, cancel
DEBUG flwr 2026-06-03 12:34:37,401 | server.py:222 | fit_round 36: strategy sampled 10 clients (out of 100)
DEBUG flwr 2026-06-03 12:35:52,871 | server.py:236 | fit_round 36 received 10 results and 0 failures
INFO flwr 2026-06-03 12:36:05,765 | server.py:125 | fit progress: (36, 2.328472137451172, {'accuracy': 0.35249999165534973}, 3056.40765316505)
INFO flwr 2026-06-03 12:36:05,765 | server.py:171 | evaluate_round 36: no clients selected, cancel
DEBUG flwr 2026-06-03 12:36:05,765 | server.py:222 | fit_round 37: strategy sampled 10 clients (out of 100)
DEBUG flwr 2026-06-03 12:37:17,787 | server.py:236 | fit_round 37 received 10 results and 0 failures
INFO flwr 2026-06-03 12:37:30,605 | server.py:125 | fit progress: (37, 1.9315680265426636, {'accuracy': 0.43130001425743103}, 3141.2482049581595)
INFO flwr 2026-06-03 12:37:30,606 | server.py:171 | evaluate_round 37: no clients selected, cancel
DEBUG flwr 2026-06-03 12:37:30,606 | server.py:222 | fit_round 38: strategy sampled 10 clients (out of 100)
DEBUG flwr 2026-06-03 12:38:43,535 | server.py:236 | fit_round 38 received 10 results and 0 failures
INFO flwr 2026-06-03 12:38:56,272 | server.py:125 | fit progress: (38, 2.2792515754699707, {'accuracy': 0.39320001006126404}, 3226.914739289088)
INFO flwr 2026-06-03 12:38:56,272 | server.py:171 | evaluate_round 38: no clients selected, cancel
DEBUG flwr 2026-06-03 12:38:56,272 | server.py:222 | fit_round 39: strategy sampled 10 clients (out of 100)
DEBUG flwr 2026-06-03 12:40:08,671 | server.py:236 | fit_round 39 received 10 results and 0 failures
INFO flwr 2026-06-03 12:40:21,433 | server.py:125 | fit progress: (39, 2.2566568851470947, {'accuracy': 0.3474000096321106}, 3312.0764786379877)
INFO flwr 2026-06-03 12:40:21,434 | server.py:171 | evaluate_round 39: no clients selected, cancel
DEBUG flwr 2026-06-03 12:40:21,434 | server.py:222 | fit_round 40: strategy sampled 10 clients (out of 100)
DEBUG flwr 2026-06-03 12:41:34,093 | server.py:236 | fit_round 40 received 10 results and 0 failures
INFO flwr 2026-06-03 12:41:46,647 | server.py:125 | fit progress: (40, 2.101484775543213, {'accuracy': 0.3919000029563904}, 3397.289851465961)
INFO flwr 2026-06-03 12:41:46,647 | server.py:171 | evaluate_round 40: no clients selected, cancel
DEBUG flwr 2026-06-03 12:41:46,647 | server.py:222 | fit_round 41: strategy sampled 10 clients (out of 100)
DEBUG flwr 2026-06-03 12:42:58,782 | server.py:236 | fit_round 41 received 10 results and 0 failures
INFO flwr 2026-06-03 12:43:11,358 | server.py:125 | fit progress: (41, 2.0806026458740234, {'accuracy': 0.3991999924182892}, 3482.0008779009804)
INFO flwr 2026-06-03 12:43:11,358 | server.py:171 | evaluate_round 41: no clients selected, cancel
DEBUG flwr 2026-06-03 12:43:11,358 | server.py:222 | fit_round 42: strategy sampled 10 clients (out of 100)
DEBUG flwr 2026-06-03 12:44:23,349 | server.py:236 | fit_round 42 received 10 results and 0 failures
INFO flwr 2026-06-03 12:44:35,941 | server.py:125 | fit progress: (42, 2.0241196155548096, {'accuracy': 0.4397999942302704}, 3566.5841057430953)
INFO flwr 2026-06-03 12:44:35,941 | server.py:171 | evaluate_round 42: no clients selected, cancel
DEBUG flwr 2026-06-03 12:44:35,942 | server.py:222 | fit_round 43: strategy sampled 10 clients (out of 100)
DEBUG flwr 2026-06-03 12:45:49,646 | server.py:236 | fit_round 43 received 10 results and 0 failures
INFO flwr 2026-06-03 12:46:01,921 | server.py:125 | fit progress: (43, 2.452299118041992, {'accuracy': 0.37380000948905945}, 3652.5645719689783)
INFO flwr 2026-06-03 12:46:01,922 | server.py:171 | evaluate_round 43: no clients selected, cancel
DEBUG flwr 2026-06-03 12:46:01,922 | server.py:222 | fit_round 44: strategy sampled 10 clients (out of 100)
DEBUG flwr 2026-06-03 12:47:14,812 | server.py:236 | fit_round 44 received 10 results and 0 failures
INFO flwr 2026-06-03 12:47:27,390 | server.py:125 | fit progress: (44, 2.127856731414795, {'accuracy': 0.4268999993801117}, 3738.0330772229936)
INFO flwr 2026-06-03 12:47:27,390 | server.py:171 | evaluate_round 44: no clients selected, cancel
DEBUG flwr 2026-06-03 12:47:27,390 | server.py:222 | fit_round 45: strategy sampled 10 clients (out of 100)
DEBUG flwr 2026-06-03 12:48:39,085 | server.py:236 | fit_round 45 received 10 results and 0 failures
INFO flwr 2026-06-03 12:48:51,599 | server.py:125 | fit progress: (45, 2.615927219390869, {'accuracy': 0.3540000021457672}, 3822.2420560689643)
INFO flwr 2026-06-03 12:48:51,599 | server.py:171 | evaluate_round 45: no clients selected, cancel
DEBUG flwr 2026-06-03 12:48:51,599 | server.py:222 | fit_round 46: strategy sampled 10 clients (out of 100)
DEBUG flwr 2026-06-03 12:50:03,927 | server.py:236 | fit_round 46 received 10 results and 0 failures
INFO flwr 2026-06-03 12:50:18,433 | server.py:125 | fit progress: (46, 1.870190978050232, {'accuracy': 0.43470001220703125}, 3909.0758204939775)
INFO flwr 2026-06-03 12:50:18,433 | server.py:171 | evaluate_round 46: no clients selected, cancel
DEBUG flwr 2026-06-03 12:50:18,434 | server.py:222 | fit_round 47: strategy sampled 10 clients (out of 100)
DEBUG flwr 2026-06-03 12:51:31,210 | server.py:236 | fit_round 47 received 10 results and 0 failures
INFO flwr 2026-06-03 12:51:43,859 | server.py:125 | fit progress: (47, 1.7757041454315186, {'accuracy': 0.47760000824928284}, 3994.5019576339982)
INFO flwr 2026-06-03 12:51:43,859 | server.py:171 | evaluate_round 47: no clients selected, cancel
DEBUG flwr 2026-06-03 12:51:43,859 | server.py:222 | fit_round 48: strategy sampled 10 clients (out of 100)
DEBUG flwr 2026-06-03 12:52:56,009 | server.py:236 | fit_round 48 received 10 results and 0 failures
INFO flwr 2026-06-03 12:53:08,545 | server.py:125 | fit progress: (48, 2.358743190765381, {'accuracy': 0.3617999851703644}, 4079.1884395440575)
INFO flwr 2026-06-03 12:53:08,546 | server.py:171 | evaluate_round 48: no clients selected, cancel
DEBUG flwr 2026-06-03 12:53:08,546 | server.py:222 | fit_round 49: strategy sampled 10 clients (out of 100)
DEBUG flwr 2026-06-03 12:54:20,943 | server.py:236 | fit_round 49 received 10 results and 0 failures
INFO flwr 2026-06-03 12:54:33,543 | server.py:125 | fit progress: (49, 1.9172425270080566, {'accuracy': 0.4187999963760376}, 4164.18588077696)
INFO flwr 2026-06-03 12:54:33,543 | server.py:171 | evaluate_round 49: no clients selected, cancel
DEBUG flwr 2026-06-03 12:54:33,543 | server.py:222 | fit_round 50: strategy sampled 10 clients (out of 100)
DEBUG flwr 2026-06-03 12:55:48,765 | server.py:236 | fit_round 50 received 10 results and 0 failures
INFO flwr 2026-06-03 12:56:01,369 | server.py:125 | fit progress: (50, 1.8982208967208862, {'accuracy': 0.45579999685287476}, 4252.011950389948)
INFO flwr 2026-06-03 12:56:01,369 | server.py:171 | evaluate_round 50: no clients selected, cancel
INFO flwr 2026-06-03 12:56:01,369 | server.py:153 | FL finished in 4252.012435663026
INFO flwr 2026-06-03 12:56:01,369 | app.py:225 | app_fit: losses_distributed []
INFO flwr 2026-06-03 12:56:01,370 | app.py:226 | app_fit: metrics_distributed_fit {'train_loss': [(1, 0.6527831882238389), (2, 0.5790426582098007), (3, 0.6715845853090286), (4, 0.5742278784513474), (5, 0.5026284009218216), (6, 0.5193037033081055), (7, 0.6080509513616562), (8, 0.5628861904144287), (9, 0.4645854771137238), (10, 0.47590396702289584), (11, 0.4669617205858231), (12, 0.47010263353586196), (13, 0.5331934332847595), (14, 0.43173357248306277), (15, 0.40422817021608354), (16, 0.49017980694770813), (17, 0.4094222068786621), (18, 0.3978433758020401), (19, 0.4303250521421432), (20, 0.3492236644029617), (21, 0.3927566945552826), (22, 0.34964067935943605), (23, 0.3703369855880737), (24, 0.391510534286499), (25, 0.3760800451040268), (26, 0.3307763338088989), (27, 0.36047420352697374), (28, 0.4165824562311172), (29, 0.33970965147018434), (30, 0.3414783596992493), (31, 0.35883683562278745), (32, 0.29634793698787687), (33, 0.301307675242424), (34, 0.33595013320446016), (35, 0.3078376814723015), (36, 0.3231393739581108), (37, 0.35045082718133924), (38, 0.31179969310760497), (39, 0.277089948952198), (40, 0.34999482333660126), (41, 0.30619112849235536), (42, 0.3558355525135994), (43, 0.3229794457554817), (44, 0.3240910261869431), (45, 0.3047985970973969), (46, 0.28340467214584353), (47, 0.2812072351574898), (48, 0.31387051194906235), (49, 0.30465868264436724), (50, 0.32090718001127244)], 'train_accuracy': [(1, 0.8533333301544189), (2, 0.8786666691303253), (3, 0.8482222199440003), (4, 0.8760000050067902), (5, 0.9053333401679993), (6, 0.9091111183166504), (7, 0.8751111090183258), (8, 0.8924444317817688), (9, 0.9177777826786041), (10, 0.9182222306728363), (11, 0.9275555551052094), (12, 0.9240000009536743), (13, 0.902222216129303), (14, 0.9435555577278137), (15, 0.9446666657924652), (16, 0.9219999969005584), (17, 0.9491111159324646), (18, 0.95799999833107), (19, 0.9404444396495819), (20, 0.9666666626930237), (21, 0.9548888862133026), (22, 0.9702222168445587), (23, 0.962888878583908), (24, 0.9493333339691162), (25, 0.9611111104488372), (26, 0.9762222111225128), (27, 0.9646666586399079), (28, 0.947777783870697), (29, 0.974444442987442), (30, 0.969777774810791), (31, 0.9708888828754425), (32, 0.9851111054420472), (33, 0.9837777733802795), (34, 0.9764444410800934), (35, 0.9808888792991638), (36, 0.9786666631698608), (37, 0.9686666667461395), (38, 0.9808888912200928), (39, 0.9933333396911621), (40, 0.9671111047267914), (41, 0.9811111092567444), (42, 0.9653333306312561), (43, 0.9731111049652099), (44, 0.9775555610656739), (45, 0.9837777793407441), (46, 0.9900000035762787), (47, 0.9911110997200012), (48, 0.9797777831554413), (49, 0.9788888812065124), (50, 0.9757777750492096)]}
INFO flwr 2026-06-03 12:56:01,370 | app.py:227 | app_fit: metrics_distributed {}
INFO flwr 2026-06-03 12:56:01,370 | app.py:228 | app_fit: losses_centralized [(1, 2.546504259109497), (2, nan), (3, nan), (4, nan), (5, nan), (6, nan), (7, 3.006667137145996), (8, 4.357338905334473), (9, 3.678156614303589), (10, 3.9616987705230713), (11, 3.0696051120758057), (12, 2.668013572692871), (13, nan), (14, nan), (15, nan), (16, nan), (17, 2.175579786300659), (18, 2.4111409187316895), (19, 2.5866851806640625), (20, 2.2089173793792725), (21, 2.0537562370300293), (22, 2.069474935531616), (23, 2.2191390991210938), (24, 2.988892078399658), (25, 1.9526734352111816), (26, 2.2588133811950684), (27, 1.966382384300232), (28, 2.2027320861816406), (29, 1.8446831703186035), (30, 2.4235453605651855), (31, 2.352144479751587), (32, 2.2967588901519775), (33, 1.8204230070114136), (34, 2.3701391220092773), (35, 2.8677308559417725), (36, 2.328472137451172), (37, 1.9315680265426636), (38, 2.2792515754699707), (39, 2.2566568851470947), (40, 2.101484775543213), (41, 2.0806026458740234), (42, 2.0241196155548096), (43, 2.452299118041992), (44, 2.127856731414795), (45, 2.615927219390869), (46, 1.870190978050232), (47, 1.7757041454315186), (48, 2.358743190765381), (49, 1.9172425270080566), (50, 1.8982208967208862)]
INFO flwr 2026-06-03 12:56:01,370 | app.py:229 | app_fit: metrics_centralized {'accuracy': [(1, 0.10000000149011612), (2, 0.10000000149011612), (3, 0.10000000149011612), (4, 0.10000000149011612), (5, 0.10000000149011612), (6, 0.10000000149011612), (7, 0.2053000032901764), (8, 0.10279999673366547), (9, 0.10000000149011612), (10, 0.10010000318288803), (11, 0.15449999272823334), (12, 0.22910000383853912), (13, 0.10000000149011612), (14, 0.10000000149011612), (15, 0.10000000149011612), (16, 0.10000000149011612), (17, 0.365200012922287), (18, 0.3237000107765198), (19, 0.23170000314712524), (20, 0.35089999437332153), (21, 0.36090001463890076), (22, 0.4002000093460083), (23, 0.3424000144004822), (24, 0.3125), (25, 0.4343999922275543), (26, 0.31200000643730164), (27, 0.3939000070095062), (28, 0.3328999876976013), (29, 0.4496999979019165), (30, 0.32739999890327454), (31, 0.3255000114440918), (32, 0.3449000120162964), (33, 0.44449999928474426), (34, 0.37059998512268066), (35, 0.3481999933719635), (36, 0.35249999165534973), (37, 0.43130001425743103), (38, 0.39320001006126404), (39, 0.3474000096321106), (40, 0.3919000029563904), (41, 0.3991999924182892), (42, 0.4397999942302704), (43, 0.37380000948905945), (44, 0.4268999993801117), (45, 0.3540000021457672), (46, 0.43470001220703125), (47, 0.47760000824928284), (48, 0.3617999851703644), (49, 0.4187999963760376), (50, 0.45579999685287476)]}
